000 (10610889.051.000) 12/16 07:15:00 Job submitted from host: <188.185.71.83:9618?addrs=188.185.71.83-9618+[2001-1458-d00-7--100-34d]-9618&alias=bigbird18.cern.ch&noUDP&sock=schedd_5052_d48c>
...
040 (10610889.051.000) 12/16 10:29:33 Started transferring input files
	Transferring to host: <188.185.215.150:9618?addrs=188.185.215.150-9618+[2001-1458-303-26--100-12]-9618&alias=b9p18p6006.cern.ch&noUDP&sock=slot1_2_5169_c72b_83425>
...
001 (10610889.051.000) 12/16 10:29:33 Job executing on host: <188.185.215.150:9618?addrs=188.185.215.150-9618+[2001-1458-303-26--100-12]-9618&alias=b9p18p6006.cern.ch&noUDP&sock=startd_4031_825a>
	SlotName: slot1_2@b9p18p6006.cern.ch
	CondorScratchDir = "/pool/condor/dir_3915732"
	Cpus = 4
	Disk = 11232
	GPUs = 0
	Memory = 12000
...
040 (10610889.051.000) 12/16 10:29:33 Finished transferring input files
...
006 (10610889.051.000) 12/16 10:29:47 Image size of job updated: 40028
	40  -  MemoryUsage of job (MB)
	40028  -  ResidentSetSize of job (KB)
...
006 (10610889.051.000) 12/16 10:34:48 Image size of job updated: 40448
	40  -  MemoryUsage of job (MB)
	40028  -  ResidentSetSize of job (KB)
...
006 (10610889.051.000) 12/16 13:04:30 Image size of job updated: 120984
	40  -  MemoryUsage of job (MB)
	40028  -  ResidentSetSize of job (KB)
...
040 (10610889.051.000) 12/16 13:04:31 Started transferring output files
...
040 (10610889.051.000) 12/16 13:04:31 Finished transferring output files
...
005 (10610889.051.000) 12/16 13:04:31 Job terminated.
	(1) Normal termination (return value 0)
		Usr 0 02:33:30, Sys 0 00:00:08  -  Run Remote Usage
		Usr 0 00:00:00, Sys 0 00:00:00  -  Run Local Usage
		Usr 0 02:33:30, Sys 0 00:00:08  -  Total Remote Usage
		Usr 0 00:00:00, Sys 0 00:00:00  -  Total Local Usage
	0  -  Run Bytes Sent By Job
	7584148  -  Run Bytes Received By Job
	0  -  Total Bytes Sent By Job
	7584148  -  Total Bytes Received By Job
	Partitionable Resources :    Usage  Request Allocated 
	   Cpus                 :     0.99        4         4 
	   Disk (KB)            : 33289        7500     11232 
	   GPUs                 :                           0 
	   Memory (MB)          :    40       12000     12000 
	   TimeExecute (s)      :  9297                       
	   TimeSlotBusy (s)     :  9298                       

	Job terminated of its own accord at 2025-12-16T12:04:30Z with exit-code 0.
...
