000 (10613549.341.000) 12/16 14:40:44 Job submitted from host: <188.185.71.83:9618?addrs=188.185.71.83-9618+[2001-1458-d00-7--100-34d]-9618&alias=bigbird18.cern.ch&noUDP&sock=schedd_5052_d48c>
...
040 (10613549.341.000) 12/16 15:29:28 Started transferring input files
	Transferring to host: <188.185.213.162:9618?addrs=188.185.213.162-9618+[2001-1458-303-1b--100-1e]-9618&alias=b9p28p1127.cern.ch&noUDP&sock=slot1_18_6741_64eb_94218>
...
040 (10613549.341.000) 12/16 15:29:28 Finished transferring input files
...
001 (10613549.341.000) 12/16 15:29:28 Job executing on host: <188.185.213.162:9618?addrs=188.185.213.162-9618+[2001-1458-303-1b--100-1e]-9618&alias=b9p28p1127.cern.ch&noUDP&sock=startd_5838_f5fd>
	SlotName: slot1_18@b9p28p1127.cern.ch
	CondorScratchDir = "/pool/condor/dir_2245659"
	Cpus = 4
	Disk = 10956
	GPUs = 0
	Memory = 12000
...
006 (10613549.341.000) 12/16 15:29:42 Image size of job updated: 39580
	39  -  MemoryUsage of job (MB)
	39580  -  ResidentSetSize of job (KB)
...
006 (10613549.341.000) 12/16 15:34:43 Image size of job updated: 40000
	39  -  MemoryUsage of job (MB)
	39580  -  ResidentSetSize of job (KB)
...
006 (10613549.341.000) 12/16 16:59:40 Image size of job updated: 120524
	39  -  MemoryUsage of job (MB)
	39580  -  ResidentSetSize of job (KB)
...
040 (10613549.341.000) 12/16 16:59:40 Started transferring output files
...
040 (10613549.341.000) 12/16 16:59:40 Finished transferring output files
...
005 (10613549.341.000) 12/16 16:59:40 Job terminated.
	(1) Normal termination (return value 0)
		Usr 0 01:28:46, Sys 0 00:00:12  -  Run Remote Usage
		Usr 0 00:00:00, Sys 0 00:00:00  -  Run Local Usage
		Usr 0 01:28:46, Sys 0 00:00:12  -  Total Remote Usage
		Usr 0 00:00:00, Sys 0 00:00:00  -  Total Local Usage
	0  -  Run Bytes Sent By Job
	7584148  -  Run Bytes Received By Job
	0  -  Total Bytes Sent By Job
	7584148  -  Total Bytes Received By Job
	Partitionable Resources :    Usage  Request Allocated 
	   Cpus                 :     0.99        4         4 
	   Disk (KB)            : 32737        7500     10956 
	   GPUs                 :                           0 
	   Memory (MB)          :    39       12000     12000 
	   TimeExecute (s)      :  5412                       
	   TimeSlotBusy (s)     :  5413                       

	Job terminated of its own accord at 2025-12-16T15:59:40Z with exit-code 0.
...
