000 (10610888.925.000) 12/16 07:14:45 Job submitted from host: <188.185.71.83:9618?addrs=188.185.71.83-9618+[2001-1458-d00-7--100-34d]-9618&alias=bigbird18.cern.ch&noUDP&sock=schedd_5052_d48c>
...
040 (10610888.925.000) 12/16 09:56:49 Started transferring input files
	Transferring to host: <188.185.192.124:9618?addrs=188.185.192.124-9618+[2001-1458-303-1f--100-78]-9618&alias=b9p13p1594.cern.ch&noUDP&sock=slot1_18_8650_7519_88912>
...
001 (10610888.925.000) 12/16 09:56:49 Job executing on host: <188.185.192.124:9618?addrs=188.185.192.124-9618+[2001-1458-303-1f--100-78]-9618&alias=b9p13p1594.cern.ch&noUDP&sock=startd_7506_11f5>
	SlotName: slot1_18@b9p13p1594.cern.ch
	CondorScratchDir = "/pool/condor/dir_1625328"
	Cpus = 4
	Disk = 11288
	GPUs = 0
	Memory = 12000
...
040 (10610888.925.000) 12/16 09:56:49 Finished transferring input files
...
006 (10610888.925.000) 12/16 09:57:02 Image size of job updated: 26984
	27  -  MemoryUsage of job (MB)
	26984  -  ResidentSetSize of job (KB)
...
006 (10610888.925.000) 12/16 10:02:02 Image size of job updated: 27404
	27  -  MemoryUsage of job (MB)
	26984  -  ResidentSetSize of job (KB)
...
040 (10610888.925.000) 12/16 12:00:31 Started transferring output files
...
040 (10610888.925.000) 12/16 12:00:32 Finished transferring output files
...
005 (10610888.925.000) 12/16 12:00:32 Job terminated.
	(1) Normal termination (return value 0)
		Usr 0 02:02:48, Sys 0 00:00:06  -  Run Remote Usage
		Usr 0 00:00:00, Sys 0 00:00:00  -  Run Local Usage
		Usr 0 02:02:48, Sys 0 00:00:06  -  Total Remote Usage
		Usr 0 00:00:00, Sys 0 00:00:00  -  Total Local Usage
	0  -  Run Bytes Sent By Job
	7584148  -  Run Bytes Received By Job
	0  -  Total Bytes Sent By Job
	7584148  -  Total Bytes Received By Job
	Partitionable Resources :    Usage  Request Allocated 
	   Cpus                 :     0.99        4         4 
	   Disk (KB)            : 33417        7500     11288 
	   GPUs                 :                           0 
	   Memory (MB)          :    27       12000     12000 
	   TimeExecute (s)      :  7422                       
	   TimeSlotBusy (s)     :  7424                       

	Job terminated of its own accord at 2025-12-16T11:00:31Z with exit-code 0.
...
