000 (10613549.337.000) 12/16 14:40:44 Job submitted from host: <188.185.71.83:9618?addrs=188.185.71.83-9618+[2001-1458-d00-7--100-34d]-9618&alias=bigbird18.cern.ch&noUDP&sock=schedd_5052_d48c>
...
040 (10613549.337.000) 12/16 15:29:26 Started transferring input files
	Transferring to host: <188.185.212.151:9618?addrs=188.185.212.151-9618+[2001-1458-303-19--100-13]-9618&alias=b9p26p7183.cern.ch&noUDP&sock=slot1_6_5325_b1b2_93530>
...
040 (10613549.337.000) 12/16 15:29:26 Finished transferring input files
...
001 (10613549.337.000) 12/16 15:29:26 Job executing on host: <188.185.212.151:9618?addrs=188.185.212.151-9618+[2001-1458-303-19--100-13]-9618&alias=b9p26p7183.cern.ch&noUDP&sock=startd_4364_eb63>
	SlotName: slot1_6@b9p26p7183.cern.ch
	CondorScratchDir = "/pool/condor/dir_3917513"
	Cpus = 4
	Disk = 10933
	GPUs = 0
	Memory = 12000
...
006 (10613549.337.000) 12/16 15:29:40 Image size of job updated: 39556
	39  -  MemoryUsage of job (MB)
	39556  -  ResidentSetSize of job (KB)
...
006 (10613549.337.000) 12/16 15:34:41 Image size of job updated: 39976
	39  -  MemoryUsage of job (MB)
	39556  -  ResidentSetSize of job (KB)
...
006 (10613549.337.000) 12/16 16:56:45 Image size of job updated: 120512
	39  -  MemoryUsage of job (MB)
	39556  -  ResidentSetSize of job (KB)
...
040 (10613549.337.000) 12/16 16:56:46 Started transferring output files
...
040 (10613549.337.000) 12/16 16:56:46 Finished transferring output files
...
005 (10613549.337.000) 12/16 16:56:46 Job terminated.
	(1) Normal termination (return value 0)
		Usr 0 01:26:13, Sys 0 00:00:10  -  Run Remote Usage
		Usr 0 00:00:00, Sys 0 00:00:00  -  Run Local Usage
		Usr 0 01:26:13, Sys 0 00:00:10  -  Total Remote Usage
		Usr 0 00:00:00, Sys 0 00:00:00  -  Total Local Usage
	0  -  Run Bytes Sent By Job
	7584148  -  Run Bytes Received By Job
	0  -  Total Bytes Sent By Job
	7584148  -  Total Bytes Received By Job
	Partitionable Resources :    Usage  Request Allocated 
	   Cpus                 :     0.99        4         4 
	   Disk (KB)            : 33546        7500     10933 
	   GPUs                 :                           0 
	   Memory (MB)          :    39       12000     12000 
	   TimeExecute (s)      :  5239                       
	   TimeSlotBusy (s)     :  5240                       

	Job terminated of its own accord at 2025-12-16T15:56:45Z with exit-code 0.
...
