000 (10610889.678.000) 12/16 07:15:01 Job submitted from host: <188.185.71.83:9618?addrs=188.185.71.83-9618+[2001-1458-d00-7--100-34d]-9618&alias=bigbird18.cern.ch&noUDP&sock=schedd_5052_d48c>
...
040 (10610889.678.000) 12/16 14:25:35 Started transferring input files
	Transferring to host: <128.142.192.215:9618?addrs=128.142.192.215-9618+[2001-1458-301-56--100-53]-9618&alias=b9g18p3246.cern.ch&noUDP&sock=slot1_1_644350_9d93_11795>
...
040 (10610889.678.000) 12/16 14:25:35 Finished transferring input files
...
001 (10610889.678.000) 12/16 14:25:35 Job executing on host: <128.142.192.215:9618?addrs=128.142.192.215-9618+[2001-1458-301-56--100-53]-9618&alias=b9g18p3246.cern.ch&noUDP&sock=startd_643944_99fc>
	SlotName: slot1_1@b9g18p3246.cern.ch
	CondorScratchDir = "/pool/condor/dir_2982131"
	Cpus = 4
	Disk = 10963
	GPUs = 0
	Memory = 12000
...
006 (10610889.678.000) 12/16 14:25:49 Image size of job updated: 39716
	39  -  MemoryUsage of job (MB)
	39716  -  ResidentSetSize of job (KB)
...
006 (10610889.678.000) 12/16 14:30:50 Image size of job updated: 39808
	39  -  MemoryUsage of job (MB)
	39716  -  ResidentSetSize of job (KB)
...
006 (10610889.678.000) 12/16 16:40:00 Image size of job updated: 120412
	39  -  MemoryUsage of job (MB)
	39716  -  ResidentSetSize of job (KB)
...
040 (10610889.678.000) 12/16 16:40:01 Started transferring output files
...
040 (10610889.678.000) 12/16 16:40:02 Finished transferring output files
...
005 (10610889.678.000) 12/16 16:40:02 Job terminated.
	(1) Normal termination (return value 0)
		Usr 0 02:12:56, Sys 0 00:00:08  -  Run Remote Usage
		Usr 0 00:00:00, Sys 0 00:00:00  -  Run Local Usage
		Usr 0 02:12:56, Sys 0 00:00:08  -  Total Remote Usage
		Usr 0 00:00:00, Sys 0 00:00:00  -  Total Local Usage
	0  -  Run Bytes Sent By Job
	7584148  -  Run Bytes Received By Job
	0  -  Total Bytes Sent By Job
	7584148  -  Total Bytes Received By Job
	Partitionable Resources :    Usage  Request Allocated 
	   Cpus                 :     0.99        4         4 
	   Disk (KB)            : 32758        7500     10963 
	   GPUs                 :                           0 
	   Memory (MB)          :    39       12000     12000 
	   TimeExecute (s)      :  8065                       
	   TimeSlotBusy (s)     :  8068                       

	Job terminated of its own accord at 2025-12-16T15:40:00Z with exit-code 0.
...
