000 (10613549.093.000) 12/16 14:40:44 Job submitted from host: <188.185.71.83:9618?addrs=188.185.71.83-9618+[2001-1458-d00-7--100-34d]-9618&alias=bigbird18.cern.ch&noUDP&sock=schedd_5052_d48c>
...
040 (10613549.093.000) 12/16 15:01:07 Started transferring input files
	Transferring to host: <188.185.210.214:9618?addrs=188.185.210.214-9618+[2001-1458-303-15--100-52]-9618&alias=b9p22p2908.cern.ch&noUDP&sock=slot1_3_5592_d1dc_93494>
...
040 (10613549.093.000) 12/16 15:01:07 Finished transferring input files
...
001 (10613549.093.000) 12/16 15:01:07 Job executing on host: <188.185.210.214:9618?addrs=188.185.210.214-9618+[2001-1458-303-15--100-52]-9618&alias=b9p22p2908.cern.ch&noUDP&sock=startd_4797_ebe6>
	SlotName: slot1_3@b9p22p2908.cern.ch
	CondorScratchDir = "/pool/condor/dir_2856269"
	Cpus = 4
	Disk = 10977
	GPUs = 0
	Memory = 12000
...
006 (10613549.093.000) 12/16 15:01:21 Image size of job updated: 38512
	38  -  MemoryUsage of job (MB)
	38512  -  ResidentSetSize of job (KB)
...
006 (10613549.093.000) 12/16 15:06:22 Image size of job updated: 38604
	38  -  MemoryUsage of job (MB)
	38512  -  ResidentSetSize of job (KB)
...
006 (10613549.093.000) 12/16 16:27:32 Image size of job updated: 119204
	38  -  MemoryUsage of job (MB)
	38512  -  ResidentSetSize of job (KB)
...
040 (10613549.093.000) 12/16 16:27:33 Started transferring output files
...
040 (10613549.093.000) 12/16 16:27:33 Finished transferring output files
...
005 (10613549.093.000) 12/16 16:27:33 Job terminated.
	(1) Normal termination (return value 0)
		Usr 0 01:25:29, Sys 0 00:00:07  -  Run Remote Usage
		Usr 0 00:00:00, Sys 0 00:00:00  -  Run Local Usage
		Usr 0 01:25:29, Sys 0 00:00:07  -  Total Remote Usage
		Usr 0 00:00:00, Sys 0 00:00:00  -  Total Local Usage
	0  -  Run Bytes Sent By Job
	7584148  -  Run Bytes Received By Job
	0  -  Total Bytes Sent By Job
	7584148  -  Total Bytes Received By Job
	Partitionable Resources :    Usage  Request Allocated 
	   Cpus                 :     0.99        4         4 
	   Disk (KB)            : 32490        7500     10977 
	   GPUs                 :                           0 
	   Memory (MB)          :    38       12000     12000 
	   TimeExecute (s)      :  5185                       
	   TimeSlotBusy (s)     :  5186                       

	Job terminated of its own accord at 2025-12-16T15:27:32Z with exit-code 0.
...
