000 (10610888.007.000) 12/16 07:14:44 Job submitted from host: <188.185.71.83:9618?addrs=188.185.71.83-9618+[2001-1458-d00-7--100-34d]-9618&alias=bigbird18.cern.ch&noUDP&sock=schedd_5052_d48c>
...
040 (10610888.007.000) 12/16 08:00:31 Started transferring input files
	Transferring to host: <188.185.213.100:9618?addrs=188.185.213.100-9618+[2001-1458-303-1a--100-60]-9618&alias=b9p27p7105.cern.ch&noUDP&sock=slot1_17_5249_252f_94442>
...
040 (10610888.007.000) 12/16 08:00:31 Finished transferring input files
...
001 (10610888.007.000) 12/16 08:00:31 Job executing on host: <188.185.213.100:9618?addrs=188.185.213.100-9618+[2001-1458-303-1a--100-60]-9618&alias=b9p27p7105.cern.ch&noUDP&sock=startd_4333_a7f4>
	SlotName: slot1_17@b9p27p7105.cern.ch
	CondorScratchDir = "/pool/condor/dir_4014926"
	Cpus = 4
	Disk = 10949
	GPUs = 0
	Memory = 12000
...
006 (10610888.007.000) 12/16 08:00:45 Image size of job updated: 41568
	41  -  MemoryUsage of job (MB)
	41568  -  ResidentSetSize of job (KB)
...
006 (10610888.007.000) 12/16 08:05:46 Image size of job updated: 41988
	41  -  MemoryUsage of job (MB)
	41568  -  ResidentSetSize of job (KB)
...
006 (10610888.007.000) 12/16 09:26:58 Image size of job updated: 122524
	41  -  MemoryUsage of job (MB)
	41568  -  ResidentSetSize of job (KB)
...
040 (10610888.007.000) 12/16 09:26:59 Started transferring output files
...
040 (10610888.007.000) 12/16 09:26:59 Finished transferring output files
...
005 (10610888.007.000) 12/16 09:26:59 Job terminated.
	(1) Normal termination (return value 0)
		Usr 0 01:25:15, Sys 0 00:00:09  -  Run Remote Usage
		Usr 0 00:00:00, Sys 0 00:00:00  -  Run Local Usage
		Usr 0 01:25:15, Sys 0 00:00:09  -  Total Remote Usage
		Usr 0 00:00:00, Sys 0 00:00:00  -  Total Local Usage
	0  -  Run Bytes Sent By Job
	7584148  -  Run Bytes Received By Job
	0  -  Total Bytes Sent By Job
	7584148  -  Total Bytes Received By Job
	Partitionable Resources :    Usage  Request Allocated 
	   Cpus                 :     0.99        4         4 
	   Disk (KB)            : 33076        7500     10949 
	   GPUs                 :                           0 
	   Memory (MB)          :    41       12000     12000 
	   TimeExecute (s)      :  5187                       
	   TimeSlotBusy (s)     :  5188                       

	Job terminated of its own accord at 2025-12-16T08:26:58Z with exit-code 0.
...
