000 (10613550.539.000) 12/16 14:40:59 Job submitted from host: <188.185.71.83:9618?addrs=188.185.71.83-9618+[2001-1458-d00-7--100-34d]-9618&alias=bigbird18.cern.ch&noUDP&sock=schedd_5052_d48c>
...
040 (10613550.539.000) 12/16 16:26:02 Started transferring input files
	Transferring to host: <128.142.161.73:9618?addrs=128.142.161.73-9618+[2001-1458-301-b8--100-7]-9618&alias=b9g03p4186.cern.ch&noUDP&sock=slot1_32_1990966_687b_114055>
...
040 (10613550.539.000) 12/16 16:26:02 Finished transferring input files
...
001 (10613550.539.000) 12/16 16:26:02 Job executing on host: <128.142.161.73:9618?addrs=128.142.161.73-9618+[2001-1458-301-b8--100-7]-9618&alias=b9g03p4186.cern.ch&noUDP&sock=startd_4371_b88d>
	SlotName: slot1_32@b9g03p4186.cern.ch
	CondorScratchDir = "/pool/condor/dir_1411207"
	Cpus = 4
	Disk = 11101
	GPUs = 0
	Memory = 12000
...
006 (10613550.539.000) 12/16 16:26:16 Image size of job updated: 36040
	36  -  MemoryUsage of job (MB)
	36040  -  ResidentSetSize of job (KB)
...
006 (10613550.539.000) 12/16 16:31:17 Image size of job updated: 36460
	36  -  MemoryUsage of job (MB)
	36040  -  ResidentSetSize of job (KB)
...
040 (10613550.539.000) 12/16 18:14:52 Started transferring output files
...
040 (10613550.539.000) 12/16 18:14:52 Finished transferring output files
...
005 (10613550.539.000) 12/16 18:14:52 Job terminated.
	(1) Normal termination (return value 0)
		Usr 0 01:47:33, Sys 0 00:00:05  -  Run Remote Usage
		Usr 0 00:00:00, Sys 0 00:00:00  -  Run Local Usage
		Usr 0 01:47:33, Sys 0 00:00:05  -  Total Remote Usage
		Usr 0 00:00:00, Sys 0 00:00:00  -  Total Local Usage
	0  -  Run Bytes Sent By Job
	7584148  -  Run Bytes Received By Job
	0  -  Total Bytes Sent By Job
	7584148  -  Total Bytes Received By Job
	Partitionable Resources :    Usage  Request Allocated 
	   Cpus                 :     0.99        4         4 
	   Disk (KB)            : 32317        7500     11101 
	   GPUs                 :                           0 
	   Memory (MB)          :    36       12000     12000 
	   TimeExecute (s)      :  6529                       
	   TimeSlotBusy (s)     :  6530                       

	Job terminated of its own accord at 2025-12-16T17:14:51Z with exit-code 0.
...
