000 (10613550.038.000) 12/16 14:40:58 Job submitted from host: <188.185.71.83:9618?addrs=188.185.71.83-9618+[2001-1458-d00-7--100-34d]-9618&alias=bigbird18.cern.ch&noUDP&sock=schedd_5052_d48c>
...
040 (10613550.038.000) 12/16 15:35:29 Started transferring input files
	Transferring to host: <188.185.212.188:9618?addrs=188.185.212.188-9618+[2001-1458-303-19--100-38]-9618&alias=b9p26p4851.cern.ch&noUDP&sock=slot1_13_8293_eb2a_111508>
...
040 (10613550.038.000) 12/16 15:35:29 Finished transferring input files
...
001 (10613550.038.000) 12/16 15:35:29 Job executing on host: <188.185.212.188:9618?addrs=188.185.212.188-9618+[2001-1458-303-19--100-38]-9618&alias=b9p26p4851.cern.ch&noUDP&sock=startd_7230_c1d2>
	SlotName: slot1_13@b9p26p4851.cern.ch
	CondorScratchDir = "/pool/condor/dir_2323447"
	Cpus = 4
	Disk = 10983
	GPUs = 0
	Memory = 12000
...
006 (10613550.038.000) 12/16 15:35:43 Image size of job updated: 40028
	40  -  MemoryUsage of job (MB)
	40028  -  ResidentSetSize of job (KB)
...
006 (10613550.038.000) 12/16 15:40:44 Image size of job updated: 40448
	40  -  MemoryUsage of job (MB)
	40028  -  ResidentSetSize of job (KB)
...
006 (10613550.038.000) 12/16 16:52:11 Image size of job updated: 120980
	40  -  MemoryUsage of job (MB)
	40028  -  ResidentSetSize of job (KB)
...
040 (10613550.038.000) 12/16 16:52:12 Started transferring output files
...
040 (10613550.038.000) 12/16 16:52:12 Finished transferring output files
...
005 (10613550.038.000) 12/16 16:52:12 Job terminated.
	(1) Normal termination (return value 0)
		Usr 0 01:15:59, Sys 0 00:00:04  -  Run Remote Usage
		Usr 0 00:00:00, Sys 0 00:00:00  -  Run Local Usage
		Usr 0 01:15:59, Sys 0 00:00:04  -  Total Remote Usage
		Usr 0 00:00:00, Sys 0 00:00:00  -  Total Local Usage
	0  -  Run Bytes Sent By Job
	7584148  -  Run Bytes Received By Job
	0  -  Total Bytes Sent By Job
	7584148  -  Total Bytes Received By Job
	Partitionable Resources :    Usage  Request Allocated 
	   Cpus                 :     0.99        4         4 
	   Disk (KB)            : 33888        7500     10983 
	   GPUs                 :                           0 
	   Memory (MB)          :    40       12000     12000 
	   TimeExecute (s)      :  4602                       
	   TimeSlotBusy (s)     :  4603                       

	Job terminated of its own accord at 2025-12-16T15:52:11Z with exit-code 0.
...
