000 (10610889.078.000) 12/16 07:15:00 Job submitted from host: <188.185.71.83:9618?addrs=188.185.71.83-9618+[2001-1458-d00-7--100-34d]-9618&alias=bigbird18.cern.ch&noUDP&sock=schedd_5052_d48c>
...
040 (10610889.078.000) 12/16 10:36:28 Started transferring input files
	Transferring to host: <128.142.132.57:9618?addrs=128.142.132.57-9618+[2001-1458-301-5a--100-2d]-9618&alias=b9g12p3072.cern.ch&noUDP&sock=slot1_9_5142_c10a_85646>
...
040 (10610889.078.000) 12/16 10:36:28 Finished transferring input files
...
001 (10610889.078.000) 12/16 10:36:28 Job executing on host: <128.142.132.57:9618?addrs=128.142.132.57-9618+[2001-1458-301-5a--100-2d]-9618&alias=b9g12p3072.cern.ch&noUDP&sock=startd_3907_749c>
	SlotName: slot1_9@b9g12p3072.cern.ch
	CondorScratchDir = "/pool/condor/dir_1833572"
	Cpus = 4
	Disk = 9822
	GPUs = 0
	Memory = 12000
...
006 (10610889.078.000) 12/16 10:36:42 Image size of job updated: 36700
	36  -  MemoryUsage of job (MB)
	36700  -  ResidentSetSize of job (KB)
...
006 (10610889.078.000) 12/16 10:41:43 Image size of job updated: 37056
	36  -  MemoryUsage of job (MB)
	36700  -  ResidentSetSize of job (KB)
...
006 (10610889.078.000) 12/16 12:46:55 Image size of job updated: 42496
	42  -  MemoryUsage of job (MB)
	42496  -  ResidentSetSize of job (KB)
...
006 (10610889.078.000) 12/16 12:56:11 Image size of job updated: 126400
	42  -  MemoryUsage of job (MB)
	42496  -  ResidentSetSize of job (KB)
...
040 (10610889.078.000) 12/16 12:56:12 Started transferring output files
...
040 (10610889.078.000) 12/16 12:56:12 Finished transferring output files
...
005 (10610889.078.000) 12/16 12:56:12 Job terminated.
	(1) Normal termination (return value 0)
		Usr 0 02:18:35, Sys 0 00:00:06  -  Run Remote Usage
		Usr 0 00:00:00, Sys 0 00:00:00  -  Run Local Usage
		Usr 0 02:18:35, Sys 0 00:00:06  -  Total Remote Usage
		Usr 0 00:00:00, Sys 0 00:00:00  -  Total Local Usage
	0  -  Run Bytes Sent By Job
	7584148  -  Run Bytes Received By Job
	0  -  Total Bytes Sent By Job
	7584148  -  Total Bytes Received By Job
	Partitionable Resources :    Usage  Request Allocated 
	   Cpus                 :     0.99        4         4 
	   Disk (KB)            : 33769        7500      9822 
	   GPUs                 :                           0 
	   Memory (MB)          :    42       12000     12000 
	   TimeExecute (s)      :  8383                       
	   TimeSlotBusy (s)     :  8384                       

	Job terminated of its own accord at 2025-12-16T11:56:11Z with exit-code 0.
...
