000 (10610887.330.000) 12/16 07:14:31 Job submitted from host: <188.185.71.83:9618?addrs=188.185.71.83-9618+[2001-1458-d00-7--100-34d]-9618&alias=bigbird18.cern.ch&noUDP&sock=schedd_5052_d48c>
...
040 (10610887.330.000) 12/16 07:49:36 Started transferring input files
	Transferring to host: <188.185.215.59:9618?addrs=188.185.215.59-9618+[2001-1458-303-1e--100-37]-9618&alias=b9p31p2959.cern.ch&noUDP&sock=slot1_18_4483_6dcf_91994>
...
040 (10610887.330.000) 12/16 07:49:36 Finished transferring input files
...
001 (10610887.330.000) 12/16 07:49:36 Job executing on host: <188.185.215.59:9618?addrs=188.185.215.59-9618+[2001-1458-303-1e--100-37]-9618&alias=b9p31p2959.cern.ch&noUDP&sock=startd_3753_d306>
	SlotName: slot1_18@b9p31p2959.cern.ch
	CondorScratchDir = "/pool/condor/dir_2054129"
	Cpus = 4
	Disk = 10933
	GPUs = 0
	Memory = 12000
...
006 (10610887.330.000) 12/16 07:49:50 Image size of job updated: 42672
	42  -  MemoryUsage of job (MB)
	42672  -  ResidentSetSize of job (KB)
...
006 (10610887.330.000) 12/16 07:54:51 Image size of job updated: 42764
	42  -  MemoryUsage of job (MB)
	42672  -  ResidentSetSize of job (KB)
...
040 (10610887.330.000) 12/16 09:15:11 Started transferring output files
...
040 (10610887.330.000) 12/16 09:15:11 Finished transferring output files
...
005 (10610887.330.000) 12/16 09:15:11 Job terminated.
	(1) Normal termination (return value 0)
		Usr 0 01:24:15, Sys 0 00:00:11  -  Run Remote Usage
		Usr 0 00:00:00, Sys 0 00:00:00  -  Run Local Usage
		Usr 0 01:24:15, Sys 0 00:00:11  -  Total Remote Usage
		Usr 0 00:00:00, Sys 0 00:00:00  -  Total Local Usage
	0  -  Run Bytes Sent By Job
	7584148  -  Run Bytes Received By Job
	0  -  Total Bytes Sent By Job
	7584148  -  Total Bytes Received By Job
	Partitionable Resources :    Usage  Request Allocated 
	   Cpus                 :     0.99        4         4 
	   Disk (KB)            : 33109        7500     10933 
	   GPUs                 :                           0 
	   Memory (MB)          :    42       12000     12000 
	   TimeExecute (s)      :  5135                       
	   TimeSlotBusy (s)     :  5135                       

	Job terminated of its own accord at 2025-12-16T08:15:11Z with exit-code 0.
...
