000 (10613550.316.000) 12/16 14:40:59 Job submitted from host: <188.185.71.83:9618?addrs=188.185.71.83-9618+[2001-1458-d00-7--100-34d]-9618&alias=bigbird18.cern.ch&noUDP&sock=schedd_5052_d48c>
...
040 (10613550.316.000) 12/16 15:53:24 Started transferring input files
	Transferring to host: <188.185.211.179:9618?addrs=188.185.211.179-9618+[2001-1458-303-17--100-2f]-9618&alias=b9p24p7870.cern.ch&noUDP&sock=slot1_8_3385380_373a_12142>
...
040 (10613550.316.000) 12/16 15:53:24 Finished transferring input files
...
001 (10613550.316.000) 12/16 15:53:24 Job executing on host: <188.185.211.179:9618?addrs=188.185.211.179-9618+[2001-1458-303-17--100-2f]-9618&alias=b9p24p7870.cern.ch&noUDP&sock=startd_7877_8b98>
	SlotName: slot1_8@b9p24p7870.cern.ch
	CondorScratchDir = "/pool/condor/dir_231130"
	Cpus = 4
	Disk = 11166
	GPUs = 0
	Memory = 12000
...
006 (10613550.316.000) 12/16 15:53:38 Image size of job updated: 42192
	42  -  MemoryUsage of job (MB)
	42192  -  ResidentSetSize of job (KB)
...
006 (10613550.316.000) 12/16 15:58:39 Image size of job updated: 42280
	42  -  MemoryUsage of job (MB)
	42192  -  ResidentSetSize of job (KB)
...
040 (10613550.316.000) 12/16 17:17:10 Started transferring output files
...
040 (10613550.316.000) 12/16 17:17:10 Finished transferring output files
...
005 (10613550.316.000) 12/16 17:17:10 Job terminated.
	(1) Normal termination (return value 0)
		Usr 0 01:22:43, Sys 0 00:00:08  -  Run Remote Usage
		Usr 0 00:00:00, Sys 0 00:00:00  -  Run Local Usage
		Usr 0 01:22:43, Sys 0 00:00:08  -  Total Remote Usage
		Usr 0 00:00:00, Sys 0 00:00:00  -  Total Local Usage
	0  -  Run Bytes Sent By Job
	7584148  -  Run Bytes Received By Job
	0  -  Total Bytes Sent By Job
	7584148  -  Total Bytes Received By Job
	Partitionable Resources :    Usage  Request Allocated 
	   Cpus                 :     0.99        4         4 
	   Disk (KB)            : 32462        7500     11166 
	   GPUs                 :                           0 
	   Memory (MB)          :    42       12000     12000 
	   TimeExecute (s)      :  5026                       
	   TimeSlotBusy (s)     :  5026                       

	Job terminated of its own accord at 2025-12-16T16:17:10Z with exit-code 0.
...
