000 (10610889.628.000) 12/16 07:15:01 Job submitted from host: <188.185.71.83:9618?addrs=188.185.71.83-9618+[2001-1458-d00-7--100-34d]-9618&alias=bigbird18.cern.ch&noUDP&sock=schedd_5052_d48c>
...
040 (10610889.628.000) 12/16 14:14:15 Started transferring input files
	Transferring to host: <188.185.195.155:9618?addrs=188.185.195.155-9618+[2001-1458-303-22--100-97]-9618&alias=b9p17p9400.cern.ch&noUDP&sock=slot1_5_5450_c497_81129>
...
040 (10610889.628.000) 12/16 14:14:15 Finished transferring input files
...
001 (10610889.628.000) 12/16 14:14:15 Job executing on host: <188.185.195.155:9618?addrs=188.185.195.155-9618+[2001-1458-303-22--100-97]-9618&alias=b9p17p9400.cern.ch&noUDP&sock=startd_4165_6c0b>
	SlotName: slot1_5@b9p17p9400.cern.ch
	CondorScratchDir = "/pool/condor/dir_3424477"
	Cpus = 4
	Disk = 11035
	GPUs = 0
	Memory = 12000
...
006 (10610889.628.000) 12/16 14:14:29 Image size of job updated: 37512
	37  -  MemoryUsage of job (MB)
	37512  -  ResidentSetSize of job (KB)
...
006 (10610889.628.000) 12/16 14:19:30 Image size of job updated: 37932
	37  -  MemoryUsage of job (MB)
	37512  -  ResidentSetSize of job (KB)
...
006 (10610889.628.000) 12/16 16:40:44 Image size of job updated: 118712
	37  -  MemoryUsage of job (MB)
	37512  -  ResidentSetSize of job (KB)
...
040 (10610889.628.000) 12/16 16:40:44 Started transferring output files
...
040 (10610889.628.000) 12/16 16:40:45 Finished transferring output files
...
005 (10610889.628.000) 12/16 16:40:45 Job terminated.
	(1) Normal termination (return value 0)
		Usr 0 02:24:34, Sys 0 00:00:11  -  Run Remote Usage
		Usr 0 00:00:00, Sys 0 00:00:00  -  Run Local Usage
		Usr 0 02:24:34, Sys 0 00:00:11  -  Total Remote Usage
		Usr 0 00:00:00, Sys 0 00:00:00  -  Total Local Usage
	0  -  Run Bytes Sent By Job
	7584148  -  Run Bytes Received By Job
	0  -  Total Bytes Sent By Job
	7584148  -  Total Bytes Received By Job
	Partitionable Resources :    Usage  Request Allocated 
	   Cpus                 :     0.99        4         4 
	   Disk (KB)            : 32438        7500     11035 
	   GPUs                 :                           0 
	   Memory (MB)          :    37       12000     12000 
	   TimeExecute (s)      :  8789                       
	   TimeSlotBusy (s)     :  8790                       

	Job terminated of its own accord at 2025-12-16T15:40:44Z with exit-code 0.
...
