000 (10613549.413.000) 12/16 14:40:44 Job submitted from host: <188.185.71.83:9618?addrs=188.185.71.83-9618+[2001-1458-d00-7--100-34d]-9618&alias=bigbird18.cern.ch&noUDP&sock=schedd_5052_d48c>
...
040 (10613549.413.000) 12/16 15:29:52 Started transferring input files
	Transferring to host: <188.185.213.188:9618?addrs=188.185.213.188-9618+[2001-1458-303-1b--100-38]-9618&alias=b9p28p4370.cern.ch&noUDP&sock=slot1_26_3047642_3dd4_14688>
...
040 (10613549.413.000) 12/16 15:29:52 Finished transferring input files
...
001 (10613549.413.000) 12/16 15:29:52 Job executing on host: <188.185.213.188:9618?addrs=188.185.213.188-9618+[2001-1458-303-1b--100-38]-9618&alias=b9p28p4370.cern.ch&noUDP&sock=startd_3046853_4f63>
	SlotName: slot1_26@b9p28p4370.cern.ch
	CondorScratchDir = "/pool/condor/dir_2148232"
	Cpus = 4
	Disk = 11035
	GPUs = 0
	Memory = 12000
...
006 (10613549.413.000) 12/16 15:30:05 Image size of job updated: 38044
	38  -  MemoryUsage of job (MB)
	38044  -  ResidentSetSize of job (KB)
...
006 (10613549.413.000) 12/16 15:35:05 Image size of job updated: 38132
	38  -  MemoryUsage of job (MB)
	38044  -  ResidentSetSize of job (KB)
...
006 (10613549.413.000) 12/16 16:40:10 Image size of job updated: 44592
	44  -  MemoryUsage of job (MB)
	44592  -  ResidentSetSize of job (KB)
...
006 (10613549.413.000) 12/16 16:45:11 Image size of job updated: 126372
	124  -  MemoryUsage of job (MB)
	126372  -  ResidentSetSize of job (KB)
...
040 (10613549.413.000) 12/16 16:45:15 Started transferring output files
...
040 (10613549.413.000) 12/16 16:45:15 Finished transferring output files
...
005 (10613549.413.000) 12/16 16:45:15 Job terminated.
	(1) Normal termination (return value 0)
		Usr 0 01:14:36, Sys 0 00:00:06  -  Run Remote Usage
		Usr 0 00:00:00, Sys 0 00:00:00  -  Run Local Usage
		Usr 0 01:14:36, Sys 0 00:00:06  -  Total Remote Usage
		Usr 0 00:00:00, Sys 0 00:00:00  -  Total Local Usage
	0  -  Run Bytes Sent By Job
	7584148  -  Run Bytes Received By Job
	0  -  Total Bytes Sent By Job
	7584148  -  Total Bytes Received By Job
	Partitionable Resources :    Usage  Request Allocated 
	   Cpus                 :     0.99        4         4 
	   Disk (KB)            : 33861        7500     11035 
	   GPUs                 :                           0 
	   Memory (MB)          :   124       12000     12000 
	   TimeExecute (s)      :  4523                       
	   TimeSlotBusy (s)     :  4523                       

	Job terminated of its own accord at 2025-12-16T15:45:15Z with exit-code 0.
...
