000 (10610888.566.000) 12/16 07:14:44 Job submitted from host: <188.185.71.83:9618?addrs=188.185.71.83-9618+[2001-1458-d00-7--100-34d]-9618&alias=bigbird18.cern.ch&noUDP&sock=schedd_5052_d48c>
...
040 (10610888.566.000) 12/16 09:29:51 Started transferring input files
	Transferring to host: <188.185.192.10:9618?addrs=188.185.192.10-9618+[2001-1458-303-1f--100-6]-9618&alias=b9p13p3697.cern.ch&noUDP&sock=slot1_13_7374_6665_91010>
...
040 (10610888.566.000) 12/16 09:29:51 Finished transferring input files
...
001 (10610888.566.000) 12/16 09:29:51 Job executing on host: <188.185.192.10:9618?addrs=188.185.192.10-9618+[2001-1458-303-1f--100-6]-9618&alias=b9p13p3697.cern.ch&noUDP&sock=startd_5913_6797>
	SlotName: slot1_13@b9p13p3697.cern.ch
	CondorScratchDir = "/pool/condor/dir_3253896"
	Cpus = 4
	Disk = 11144
	GPUs = 0
	Memory = 12000
...
006 (10610888.566.000) 12/16 09:30:05 Image size of job updated: 38004
	38  -  MemoryUsage of job (MB)
	38004  -  ResidentSetSize of job (KB)
...
006 (10610888.566.000) 12/16 09:35:06 Image size of job updated: 38096
	38  -  MemoryUsage of job (MB)
	38004  -  ResidentSetSize of job (KB)
...
040 (10610888.566.000) 12/16 11:13:01 Started transferring output files
...
040 (10610888.566.000) 12/16 11:13:01 Finished transferring output files
...
005 (10610888.566.000) 12/16 11:13:01 Job terminated.
	(1) Normal termination (return value 0)
		Usr 0 01:42:27, Sys 0 00:00:05  -  Run Remote Usage
		Usr 0 00:00:00, Sys 0 00:00:00  -  Run Local Usage
		Usr 0 01:42:27, Sys 0 00:00:05  -  Total Remote Usage
		Usr 0 00:00:00, Sys 0 00:00:00  -  Total Local Usage
	0  -  Run Bytes Sent By Job
	7584148  -  Run Bytes Received By Job
	0  -  Total Bytes Sent By Job
	7584148  -  Total Bytes Received By Job
	Partitionable Resources :    Usage  Request Allocated 
	   Cpus                 :     1.00        4         4 
	   Disk (KB)            : 32352        7500     11144 
	   GPUs                 :                           0 
	   Memory (MB)          :    38       12000     12000 
	   TimeExecute (s)      :  6189                       
	   TimeSlotBusy (s)     :  6190                       

	Job terminated of its own accord at 2025-12-16T10:13:00Z with exit-code 0.
...
