000 (10613550.158.000) 12/16 14:40:59 Job submitted from host: <188.185.71.83:9618?addrs=188.185.71.83-9618+[2001-1458-d00-7--100-34d]-9618&alias=bigbird18.cern.ch&noUDP&sock=schedd_5052_d48c>
...
040 (10613550.158.000) 12/16 15:41:57 Started transferring input files
	Transferring to host: <188.185.212.61:9618?addrs=188.185.212.61-9618+[2001-1458-303-18--100-39]-9618&alias=b9p25p4435.cern.ch&noUDP&sock=slot1_7_5561_fa3b_89144>
...
040 (10613550.158.000) 12/16 15:41:57 Finished transferring input files
...
001 (10613550.158.000) 12/16 15:41:57 Job executing on host: <188.185.212.61:9618?addrs=188.185.212.61-9618+[2001-1458-303-18--100-39]-9618&alias=b9p25p4435.cern.ch&noUDP&sock=startd_4622_e2d3>
	SlotName: slot1_7@b9p25p4435.cern.ch
	CondorScratchDir = "/pool/condor/dir_372338"
	Cpus = 4
	Disk = 10931
	GPUs = 0
	Memory = 12000
...
006 (10613550.158.000) 12/16 15:42:10 Image size of job updated: 37500
	37  -  MemoryUsage of job (MB)
	37500  -  ResidentSetSize of job (KB)
...
006 (10613550.158.000) 12/16 15:47:10 Image size of job updated: 37920
	37  -  MemoryUsage of job (MB)
	37500  -  ResidentSetSize of job (KB)
...
040 (10613550.158.000) 12/16 17:10:57 Started transferring output files
...
040 (10613550.158.000) 12/16 17:10:58 Finished transferring output files
...
005 (10613550.158.000) 12/16 17:10:58 Job terminated.
	(1) Normal termination (return value 0)
		Usr 0 01:27:27, Sys 0 00:00:10  -  Run Remote Usage
		Usr 0 00:00:00, Sys 0 00:00:00  -  Run Local Usage
		Usr 0 01:27:27, Sys 0 00:00:10  -  Total Remote Usage
		Usr 0 00:00:00, Sys 0 00:00:00  -  Total Local Usage
	0  -  Run Bytes Sent By Job
	7584148  -  Run Bytes Received By Job
	0  -  Total Bytes Sent By Job
	7584148  -  Total Bytes Received By Job
	Partitionable Resources :    Usage  Request Allocated 
	   Cpus                 :     0.99        4         4 
	   Disk (KB)            : 32565        7500     10931 
	   GPUs                 :                           0 
	   Memory (MB)          :    37       12000     12000 
	   TimeExecute (s)      :  5340                       
	   TimeSlotBusy (s)     :  5342                       

	Job terminated of its own accord at 2025-12-16T16:10:57Z with exit-code 0.
...
