000 (10610888.014.000) 12/16 07:14:44 Job submitted from host: <188.185.71.83:9618?addrs=188.185.71.83-9618+[2001-1458-d00-7--100-34d]-9618&alias=bigbird18.cern.ch&noUDP&sock=schedd_5052_d48c>
...
040 (10610888.014.000) 12/16 08:00:34 Started transferring input files
	Transferring to host: <188.185.204.173:9618?addrs=188.185.204.173-9618+[2001-1458-303-8--100-a1]-9618&alias=b9p02p8393.cern.ch&noUDP&sock=slot1_15_9087_5d0b_86327>
...
040 (10610888.014.000) 12/16 08:00:34 Finished transferring input files
...
001 (10610888.014.000) 12/16 08:00:34 Job executing on host: <188.185.204.173:9618?addrs=188.185.204.173-9618+[2001-1458-303-8--100-a1]-9618&alias=b9p02p8393.cern.ch&noUDP&sock=startd_7626_6153>
	SlotName: slot1_15@b9p02p8393.cern.ch
	CondorScratchDir = "/pool/condor/dir_3081189"
	Cpus = 4
	Disk = 10865
	GPUs = 0
	Memory = 12000
...
006 (10610888.014.000) 12/16 08:00:48 Image size of job updated: 41736
	41  -  MemoryUsage of job (MB)
	41736  -  ResidentSetSize of job (KB)
...
006 (10610888.014.000) 12/16 08:05:49 Image size of job updated: 42104
	41  -  MemoryUsage of job (MB)
	41736  -  ResidentSetSize of job (KB)
...
006 (10610888.014.000) 12/16 09:42:46 Image size of job updated: 122736
	41  -  MemoryUsage of job (MB)
	41736  -  ResidentSetSize of job (KB)
...
040 (10610888.014.000) 12/16 09:42:46 Started transferring output files
...
040 (10610888.014.000) 12/16 09:42:47 Finished transferring output files
...
005 (10610888.014.000) 12/16 09:42:47 Job terminated.
	(1) Normal termination (return value 0)
		Usr 0 01:40:33, Sys 0 00:00:11  -  Run Remote Usage
		Usr 0 00:00:00, Sys 0 00:00:00  -  Run Local Usage
		Usr 0 01:40:33, Sys 0 00:00:11  -  Total Remote Usage
		Usr 0 00:00:00, Sys 0 00:00:00  -  Total Local Usage
	0  -  Run Bytes Sent By Job
	7584148  -  Run Bytes Received By Job
	0  -  Total Bytes Sent By Job
	7584148  -  Total Bytes Received By Job
	Partitionable Resources :    Usage  Request Allocated 
	   Cpus                 :     0.99        4         4 
	   Disk (KB)            : 33009        7500     10865 
	   GPUs                 :                           0 
	   Memory (MB)          :    41       12000     12000 
	   TimeExecute (s)      :  6132                       
	   TimeSlotBusy (s)     :  6133                       

	Job terminated of its own accord at 2025-12-16T08:42:46Z with exit-code 0.
...
