000 (10613549.611.000) 12/16 14:40:45 Job submitted from host: <188.185.71.83:9618?addrs=188.185.71.83-9618+[2001-1458-d00-7--100-34d]-9618&alias=bigbird18.cern.ch&noUDP&sock=schedd_5052_d48c>
...
040 (10613549.611.000) 12/16 15:30:59 Started transferring input files
	Transferring to host: <188.185.209.27:9618?addrs=188.185.209.27-9618+[2001-1458-303-11--100-18]-9618&alias=b9p11p4236.cern.ch&noUDP&sock=slot1_20_8274_880a_42731>
...
040 (10613549.611.000) 12/16 15:30:59 Finished transferring input files
...
001 (10613549.611.000) 12/16 15:30:59 Job executing on host: <188.185.209.27:9618?addrs=188.185.209.27-9618+[2001-1458-303-11--100-18]-9618&alias=b9p11p4236.cern.ch&noUDP&sock=startd_7494_d6d2>
	SlotName: slot1_20@b9p11p4236.cern.ch
	CondorScratchDir = "/pool/condor/dir_963560"
	Cpus = 4
	Disk = 10968
	GPUs = 0
	Memory = 12000
...
006 (10613549.611.000) 12/16 15:31:13 Image size of job updated: 39652
	39  -  MemoryUsage of job (MB)
	39652  -  ResidentSetSize of job (KB)
...
006 (10613549.611.000) 12/16 15:36:14 Image size of job updated: 40056
	39  -  MemoryUsage of job (MB)
	39652  -  ResidentSetSize of job (KB)
...
040 (10613549.611.000) 12/16 16:52:49 Started transferring output files
...
040 (10613549.611.000) 12/16 16:52:49 Finished transferring output files
...
005 (10613549.611.000) 12/16 16:52:49 Job terminated.
	(1) Normal termination (return value 0)
		Usr 0 01:20:37, Sys 0 00:00:11  -  Run Remote Usage
		Usr 0 00:00:00, Sys 0 00:00:00  -  Run Local Usage
		Usr 0 01:20:37, Sys 0 00:00:11  -  Total Remote Usage
		Usr 0 00:00:00, Sys 0 00:00:00  -  Total Local Usage
	0  -  Run Bytes Sent By Job
	7584148  -  Run Bytes Received By Job
	0  -  Total Bytes Sent By Job
	7584148  -  Total Bytes Received By Job
	Partitionable Resources :    Usage  Request Allocated 
	   Cpus                 :     0.99        4         4 
	   Disk (KB)            : 32529        7500     10968 
	   GPUs                 :                           0 
	   Memory (MB)          :    39       12000     12000 
	   TimeExecute (s)      :  4909                       
	   TimeSlotBusy (s)     :  4910                       

	Job terminated of its own accord at 2025-12-16T15:52:48Z with exit-code 0.
...
