000 (10610887.719.000) 12/16 07:14:31 Job submitted from host: <188.185.71.83:9618?addrs=188.185.71.83-9618+[2001-1458-d00-7--100-34d]-9618&alias=bigbird18.cern.ch&noUDP&sock=schedd_5052_d48c>
...
040 (10610887.719.000) 12/16 07:55:18 Started transferring input files
	Transferring to host: <188.185.211.221:9618?addrs=188.185.211.221-9618+[2001-1458-303-17--100-59]-9618&alias=b9p24p8539.cern.ch&noUDP&sock=slot1_10_7023_16b7_95970>
...
040 (10610887.719.000) 12/16 07:55:18 Finished transferring input files
...
001 (10610887.719.000) 12/16 07:55:18 Job executing on host: <188.185.211.221:9618?addrs=188.185.211.221-9618+[2001-1458-303-17--100-59]-9618&alias=b9p24p8539.cern.ch&noUDP&sock=startd_6137_0cce>
	SlotName: slot1_10@b9p24p8539.cern.ch
	CondorScratchDir = "/pool/condor/dir_2106812"
	Cpus = 4
	Disk = 11041
	GPUs = 0
	Memory = 12000
...
006 (10610887.719.000) 12/16 07:55:32 Image size of job updated: 40048
	40  -  MemoryUsage of job (MB)
	40048  -  ResidentSetSize of job (KB)
...
006 (10610887.719.000) 12/16 08:00:33 Image size of job updated: 40468
	40  -  MemoryUsage of job (MB)
	40048  -  ResidentSetSize of job (KB)
...
006 (10610887.719.000) 12/16 09:36:23 Image size of job updated: 121000
	40  -  MemoryUsage of job (MB)
	40048  -  ResidentSetSize of job (KB)
...
040 (10610887.719.000) 12/16 09:36:23 Started transferring output files
...
040 (10610887.719.000) 12/16 09:36:24 Finished transferring output files
...
005 (10610887.719.000) 12/16 09:36:24 Job terminated.
	(1) Normal termination (return value 0)
		Usr 0 01:37:57, Sys 0 00:00:11  -  Run Remote Usage
		Usr 0 00:00:00, Sys 0 00:00:00  -  Run Local Usage
		Usr 0 01:37:57, Sys 0 00:00:11  -  Total Remote Usage
		Usr 0 00:00:00, Sys 0 00:00:00  -  Total Local Usage
	0  -  Run Bytes Sent By Job
	7584148  -  Run Bytes Received By Job
	0  -  Total Bytes Sent By Job
	7584148  -  Total Bytes Received By Job
	Partitionable Resources :    Usage  Request Allocated 
	   Cpus                 :     0.99        4         4 
	   Disk (KB)            : 34028        7500     11041 
	   GPUs                 :                           0 
	   Memory (MB)          :    40       12000     12000 
	   TimeExecute (s)      :  6065                       
	   TimeSlotBusy (s)     :  6067                       

	Job terminated of its own accord at 2025-12-16T08:36:23Z with exit-code 0.
...
