000 (10610889.405.000) 12/16 07:15:00 Job submitted from host: <188.185.71.83:9618?addrs=188.185.71.83-9618+[2001-1458-d00-7--100-34d]-9618&alias=bigbird18.cern.ch&noUDP&sock=schedd_5052_d48c>
...
040 (10610889.405.000) 12/16 14:08:57 Started transferring input files
	Transferring to host: <188.185.211.161:9618?addrs=188.185.211.161-9618+[2001-1458-303-17--100-1d]-9618&alias=b9p24p8130.cern.ch&noUDP&sock=slot1_6_4220_1f25_93041>
...
001 (10610889.405.000) 12/16 14:08:57 Job executing on host: <188.185.211.161:9618?addrs=188.185.211.161-9618+[2001-1458-303-17--100-1d]-9618&alias=b9p24p8130.cern.ch&noUDP&sock=startd_3511_d51b>
	SlotName: slot1_6@b9p24p8130.cern.ch
	CondorScratchDir = "/pool/condor/dir_1124945"
	Cpus = 4
	Disk = 11004
	GPUs = 0
	Memory = 12000
...
040 (10610889.405.000) 12/16 14:08:57 Finished transferring input files
...
006 (10610889.405.000) 12/16 14:09:11 Image size of job updated: 37464
	37  -  MemoryUsage of job (MB)
	37464  -  ResidentSetSize of job (KB)
...
006 (10610889.405.000) 12/16 14:14:12 Image size of job updated: 37884
	37  -  MemoryUsage of job (MB)
	37464  -  ResidentSetSize of job (KB)
...
006 (10610889.405.000) 12/16 15:25:19 Image size of job updated: 118420
	37  -  MemoryUsage of job (MB)
	37464  -  ResidentSetSize of job (KB)
...
040 (10610889.405.000) 12/16 15:25:20 Started transferring output files
...
040 (10610889.405.000) 12/16 15:25:20 Finished transferring output files
...
005 (10610889.405.000) 12/16 15:25:21 Job terminated.
	(1) Normal termination (return value 0)
		Usr 0 01:15:36, Sys 0 00:00:06  -  Run Remote Usage
		Usr 0 00:00:00, Sys 0 00:00:00  -  Run Local Usage
		Usr 0 01:15:36, Sys 0 00:00:06  -  Total Remote Usage
		Usr 0 00:00:00, Sys 0 00:00:00  -  Total Local Usage
	0  -  Run Bytes Sent By Job
	7584148  -  Run Bytes Received By Job
	0  -  Total Bytes Sent By Job
	7584148  -  Total Bytes Received By Job
	Partitionable Resources :    Usage  Request Allocated 
	   Cpus                 :     0.99        4         4 
	   Disk (KB)            : 32777        7500     11004 
	   GPUs                 :                           0 
	   Memory (MB)          :    37       12000     12000 
	   TimeExecute (s)      :  4582                       
	   TimeSlotBusy (s)     :  4585                       

	Job terminated of its own accord at 2025-12-16T14:25:19Z with exit-code 0.
...
