000 (10610889.282.000) 12/16 07:15:00 Job submitted from host: <188.185.71.83:9618?addrs=188.185.71.83-9618+[2001-1458-d00-7--100-34d]-9618&alias=bigbird18.cern.ch&noUDP&sock=schedd_5052_d48c>
...
040 (10610889.282.000) 12/16 13:31:43 Started transferring input files
	Transferring to host: <188.185.212.151:9618?addrs=188.185.212.151-9618+[2001-1458-303-19--100-13]-9618&alias=b9p26p7183.cern.ch&noUDP&sock=slot1_7_5325_b1b2_93457>
...
040 (10610889.282.000) 12/16 13:31:43 Finished transferring input files
...
001 (10610889.282.000) 12/16 13:31:43 Job executing on host: <188.185.212.151:9618?addrs=188.185.212.151-9618+[2001-1458-303-19--100-13]-9618&alias=b9p26p7183.cern.ch&noUDP&sock=startd_4364_eb63>
	SlotName: slot1_7@b9p26p7183.cern.ch
	CondorScratchDir = "/pool/condor/dir_3554608"
	Cpus = 4
	Disk = 10889
	GPUs = 0
	Memory = 12000
...
006 (10610889.282.000) 12/16 13:31:57 Image size of job updated: 36260
	36  -  MemoryUsage of job (MB)
	36260  -  ResidentSetSize of job (KB)
...
006 (10610889.282.000) 12/16 13:36:57 Image size of job updated: 36676
	36  -  MemoryUsage of job (MB)
	36260  -  ResidentSetSize of job (KB)
...
040 (10610889.282.000) 12/16 15:13:05 Started transferring output files
...
040 (10610889.282.000) 12/16 15:13:06 Finished transferring output files
...
005 (10610889.282.000) 12/16 15:13:06 Job terminated.
	(1) Normal termination (return value 0)
		Usr 0 01:39:32, Sys 0 00:00:15  -  Run Remote Usage
		Usr 0 00:00:00, Sys 0 00:00:00  -  Run Local Usage
		Usr 0 01:39:32, Sys 0 00:00:15  -  Total Remote Usage
		Usr 0 00:00:00, Sys 0 00:00:00  -  Total Local Usage
	0  -  Run Bytes Sent By Job
	7584148  -  Run Bytes Received By Job
	0  -  Total Bytes Sent By Job
	7584148  -  Total Bytes Received By Job
	Partitionable Resources :    Usage  Request Allocated 
	   Cpus                 :     0.99        4         4 
	   Disk (KB)            : 32488        7500     10889 
	   GPUs                 :                           0 
	   Memory (MB)          :    36       12000     12000 
	   TimeExecute (s)      :  6082                       
	   TimeSlotBusy (s)     :  6084                       

	Job terminated of its own accord at 2025-12-16T14:13:05Z with exit-code 0.
...
