000 (10610887.323.000) 12/16 07:14:31 Job submitted from host: <188.185.71.83:9618?addrs=188.185.71.83-9618+[2001-1458-d00-7--100-34d]-9618&alias=bigbird18.cern.ch&noUDP&sock=schedd_5052_d48c>
...
040 (10610887.323.000) 12/16 07:49:35 Started transferring input files
	Transferring to host: <188.185.212.88:9618?addrs=188.185.212.88-9618+[2001-1458-303-18--100-54]-9618&alias=b9p25p5734.cern.ch&noUDP&sock=slot1_15_3965_737a_90756>
...
040 (10610887.323.000) 12/16 07:49:35 Finished transferring input files
...
001 (10610887.323.000) 12/16 07:49:35 Job executing on host: <188.185.212.88:9618?addrs=188.185.212.88-9618+[2001-1458-303-18--100-54]-9618&alias=b9p25p5734.cern.ch&noUDP&sock=startd_3627_6617>
	SlotName: slot1_15@b9p25p5734.cern.ch
	CondorScratchDir = "/pool/condor/dir_1430160"
	Cpus = 4
	Disk = 10969
	GPUs = 0
	Memory = 12000
...
006 (10610887.323.000) 12/16 07:49:49 Image size of job updated: 38000
	38  -  MemoryUsage of job (MB)
	38000  -  ResidentSetSize of job (KB)
...
006 (10610887.323.000) 12/16 07:54:50 Image size of job updated: 38420
	38  -  MemoryUsage of job (MB)
	38000  -  ResidentSetSize of job (KB)
...
006 (10610887.323.000) 12/16 09:42:45 Image size of job updated: 118952
	38  -  MemoryUsage of job (MB)
	38000  -  ResidentSetSize of job (KB)
...
040 (10610887.323.000) 12/16 09:42:46 Started transferring output files
...
040 (10610887.323.000) 12/16 09:42:47 Finished transferring output files
...
005 (10610887.323.000) 12/16 09:42:47 Job terminated.
	(1) Normal termination (return value 0)
		Usr 0 01:49:05, Sys 0 00:00:13  -  Run Remote Usage
		Usr 0 00:00:00, Sys 0 00:00:00  -  Run Local Usage
		Usr 0 01:49:05, Sys 0 00:00:13  -  Total Remote Usage
		Usr 0 00:00:00, Sys 0 00:00:00  -  Total Local Usage
	0  -  Run Bytes Sent By Job
	7584148  -  Run Bytes Received By Job
	0  -  Total Bytes Sent By Job
	7584148  -  Total Bytes Received By Job
	Partitionable Resources :    Usage  Request Allocated 
	   Cpus                 :     0.93        4         4 
	   Disk (KB)            : 32909        7500     10969 
	   GPUs                 :                           0 
	   Memory (MB)          :    38       12000     12000 
	   TimeExecute (s)      :  6790                       
	   TimeSlotBusy (s)     :  6793                       

	Job terminated of its own accord at 2025-12-16T08:42:45Z with exit-code 0.
...
