000 (10610889.813.000) 12/16 07:15:01 Job submitted from host: <188.185.71.83:9618?addrs=188.185.71.83-9618+[2001-1458-d00-7--100-34d]-9618&alias=bigbird18.cern.ch&noUDP&sock=schedd_5052_d48c>
...
040 (10610889.813.000) 12/16 14:26:20 Started transferring input files
	Transferring to host: <188.185.196.84:9618?addrs=188.185.196.84-9618+[2001-1458-303-23--100-50]-9618&alias=b9p16p0283.cern.ch&noUDP&sock=slot1_4_4841_ac1e_83761>
...
040 (10610889.813.000) 12/16 14:26:20 Finished transferring input files
...
001 (10610889.813.000) 12/16 14:26:20 Job executing on host: <188.185.196.84:9618?addrs=188.185.196.84-9618+[2001-1458-303-23--100-50]-9618&alias=b9p16p0283.cern.ch&noUDP&sock=startd_3869_6402>
	SlotName: slot1_4@b9p16p0283.cern.ch
	CondorScratchDir = "/pool/condor/dir_1388232"
	Cpus = 4
	Disk = 11094
	GPUs = 0
	Memory = 12000
...
006 (10610889.813.000) 12/16 14:26:34 Image size of job updated: 37500
	37  -  MemoryUsage of job (MB)
	37500  -  ResidentSetSize of job (KB)
...
006 (10610889.813.000) 12/16 14:31:35 Image size of job updated: 37920
	37  -  MemoryUsage of job (MB)
	37500  -  ResidentSetSize of job (KB)
...
006 (10610889.813.000) 12/16 17:07:33 Image size of job updated: 118456
	37  -  MemoryUsage of job (MB)
	37500  -  ResidentSetSize of job (KB)
...
040 (10610889.813.000) 12/16 17:07:33 Started transferring output files
...
040 (10610889.813.000) 12/16 17:07:34 Finished transferring output files
...
005 (10610889.813.000) 12/16 17:07:34 Job terminated.
	(1) Normal termination (return value 0)
		Usr 0 02:39:23, Sys 0 00:00:09  -  Run Remote Usage
		Usr 0 00:00:00, Sys 0 00:00:00  -  Run Local Usage
		Usr 0 02:39:23, Sys 0 00:00:09  -  Total Remote Usage
		Usr 0 00:00:00, Sys 0 00:00:00  -  Total Local Usage
	0  -  Run Bytes Sent By Job
	7584148  -  Run Bytes Received By Job
	0  -  Total Bytes Sent By Job
	7584148  -  Total Bytes Received By Job
	Partitionable Resources :    Usage  Request Allocated 
	   Cpus                 :     0.99        4         4 
	   Disk (KB)            : 33669        7500     11094 
	   GPUs                 :                           0 
	   Memory (MB)          :    37       12000     12000 
	   TimeExecute (s)      :  9673                       
	   TimeSlotBusy (s)     :  9675                       

	Job terminated of its own accord at 2025-12-16T16:07:33Z with exit-code 0.
...
