000 (10610888.480.000) 12/16 07:14:44 Job submitted from host: <188.185.71.83:9618?addrs=188.185.71.83-9618+[2001-1458-d00-7--100-34d]-9618&alias=bigbird18.cern.ch&noUDP&sock=schedd_5052_d48c>
...
040 (10610888.480.000) 12/16 09:26:32 Started transferring input files
	Transferring to host: <188.185.215.66:9618?addrs=188.185.215.66-9618+[2001-1458-303-1e--100-3e]-9618&alias=b9p31p9078.cern.ch&noUDP&sock=slot1_25_6861_f1f0_93685>
...
040 (10610888.480.000) 12/16 09:26:32 Finished transferring input files
...
001 (10610888.480.000) 12/16 09:26:32 Job executing on host: <188.185.215.66:9618?addrs=188.185.215.66-9618+[2001-1458-303-1e--100-3e]-9618&alias=b9p31p9078.cern.ch&noUDP&sock=startd_5729_322a>
	SlotName: slot1_25@b9p31p9078.cern.ch
	CondorScratchDir = "/pool/condor/dir_891389"
	Cpus = 4
	Disk = 11191
	GPUs = 0
	Memory = 12000
...
006 (10610888.480.000) 12/16 09:26:46 Image size of job updated: 39572
	39  -  MemoryUsage of job (MB)
	39572  -  ResidentSetSize of job (KB)
...
006 (10610888.480.000) 12/16 09:31:47 Image size of job updated: 39992
	39  -  MemoryUsage of job (MB)
	39572  -  ResidentSetSize of job (KB)
...
006 (10610888.480.000) 12/16 10:41:58 Image size of job updated: 120516
	39  -  MemoryUsage of job (MB)
	39572  -  ResidentSetSize of job (KB)
...
040 (10610888.480.000) 12/16 10:41:58 Started transferring output files
...
040 (10610888.480.000) 12/16 10:41:58 Finished transferring output files
...
005 (10610888.480.000) 12/16 10:41:59 Job terminated.
	(1) Normal termination (return value 0)
		Usr 0 01:14:38, Sys 0 00:00:06  -  Run Remote Usage
		Usr 0 00:00:00, Sys 0 00:00:00  -  Run Local Usage
		Usr 0 01:14:38, Sys 0 00:00:06  -  Total Remote Usage
		Usr 0 00:00:00, Sys 0 00:00:00  -  Total Local Usage
	0  -  Run Bytes Sent By Job
	7584148  -  Run Bytes Received By Job
	0  -  Total Bytes Sent By Job
	7584148  -  Total Bytes Received By Job
	Partitionable Resources :    Usage  Request Allocated 
	   Cpus                 :     0.99        4         4 
	   Disk (KB)            : 33278        7500     11191 
	   GPUs                 :                           0 
	   Memory (MB)          :    39       12000     12000 
	   TimeExecute (s)      :  4526                       
	   TimeSlotBusy (s)     :  4526                       

	Job terminated of its own accord at 2025-12-16T09:41:58Z with exit-code 0.
...
