000 (10613550.156.000) 12/16 14:40:59 Job submitted from host: <188.185.71.83:9618?addrs=188.185.71.83-9618+[2001-1458-d00-7--100-34d]-9618&alias=bigbird18.cern.ch&noUDP&sock=schedd_5052_d48c>
...
040 (10613550.156.000) 12/16 15:41:34 Started transferring input files
	Transferring to host: <128.142.161.145:9618?addrs=128.142.161.145-9618+[2001-1458-301-b9--100-e]-9618&alias=b9g03p7833.cern.ch&noUDP&sock=slot1_17_2371613_a792_13580>
...
040 (10613550.156.000) 12/16 15:41:34 Finished transferring input files
...
001 (10613550.156.000) 12/16 15:41:34 Job executing on host: <128.142.161.145:9618?addrs=128.142.161.145-9618+[2001-1458-301-b9--100-e]-9618&alias=b9g03p7833.cern.ch&noUDP&sock=startd_2371511_dee3>
	SlotName: slot1_17@b9g03p7833.cern.ch
	CondorScratchDir = "/pool/condor/dir_1863526"
	Cpus = 4
	Disk = 11294
	GPUs = 0
	Memory = 12000
...
006 (10613550.156.000) 12/16 15:41:48 Image size of job updated: 42648
	42  -  MemoryUsage of job (MB)
	42648  -  ResidentSetSize of job (KB)
...
006 (10613550.156.000) 12/16 15:46:49 Image size of job updated: 42740
	42  -  MemoryUsage of job (MB)
	42648  -  ResidentSetSize of job (KB)
...
006 (10613550.156.000) 12/16 16:36:54 Image size of job updated: 50992
	50  -  MemoryUsage of job (MB)
	50992  -  ResidentSetSize of job (KB)
...
040 (10613550.156.000) 12/16 17:17:04 Started transferring output files
...
040 (10613550.156.000) 12/16 17:17:04 Finished transferring output files
...
005 (10613550.156.000) 12/16 17:17:04 Job terminated.
	(1) Normal termination (return value 0)
		Usr 0 01:34:31, Sys 0 00:00:05  -  Run Remote Usage
		Usr 0 00:00:00, Sys 0 00:00:00  -  Run Local Usage
		Usr 0 01:34:31, Sys 0 00:00:05  -  Total Remote Usage
		Usr 0 00:00:00, Sys 0 00:00:00  -  Total Local Usage
	0  -  Run Bytes Sent By Job
	7584148  -  Run Bytes Received By Job
	0  -  Total Bytes Sent By Job
	7584148  -  Total Bytes Received By Job
	Partitionable Resources :    Usage  Request Allocated 
	   Cpus                 :     0.99        4         4 
	   Disk (KB)            : 33005        7500     11294 
	   GPUs                 :                           0 
	   Memory (MB)          :    50       12000     12000 
	   TimeExecute (s)      :  5729                       
	   TimeSlotBusy (s)     :  5730                       

	Job terminated of its own accord at 2025-12-16T16:17:03Z with exit-code 0.
...
