000 (10610889.326.000) 12/16 07:15:00 Job submitted from host: <188.185.71.83:9618?addrs=188.185.71.83-9618+[2001-1458-d00-7--100-34d]-9618&alias=bigbird18.cern.ch&noUDP&sock=schedd_5052_d48c>
...
040 (10610889.326.000) 12/16 13:31:58 Started transferring input files
	Transferring to host: <188.185.204.195:9618?addrs=188.185.204.195-9618+[2001-1458-303-8--100-b7]-9618&alias=b9p02p7448.cern.ch&noUDP&sock=slot1_4_987428_1a53_76969>
...
040 (10610889.326.000) 12/16 13:31:58 Finished transferring input files
...
001 (10610889.326.000) 12/16 13:31:58 Job executing on host: <188.185.204.195:9618?addrs=188.185.204.195-9618+[2001-1458-303-8--100-b7]-9618&alias=b9p02p7448.cern.ch&noUDP&sock=startd_3904_65d3>
	SlotName: slot1_4@b9p02p7448.cern.ch
	CondorScratchDir = "/pool/condor/dir_3730008"
	Cpus = 4
	Disk = 10768
	GPUs = 0
	Memory = 12000
...
006 (10610889.326.000) 12/16 13:32:12 Image size of job updated: 39672
	39  -  MemoryUsage of job (MB)
	39672  -  ResidentSetSize of job (KB)
...
006 (10610889.326.000) 12/16 13:37:13 Image size of job updated: 40048
	39  -  MemoryUsage of job (MB)
	39672  -  ResidentSetSize of job (KB)
...
040 (10610889.326.000) 12/16 15:11:44 Started transferring output files
...
040 (10610889.326.000) 12/16 15:11:44 Finished transferring output files
...
005 (10610889.326.000) 12/16 15:11:44 Job terminated.
	(1) Normal termination (return value 0)
		Usr 0 01:38:15, Sys 0 00:00:08  -  Run Remote Usage
		Usr 0 00:00:00, Sys 0 00:00:00  -  Run Local Usage
		Usr 0 01:38:15, Sys 0 00:00:08  -  Total Remote Usage
		Usr 0 00:00:00, Sys 0 00:00:00  -  Total Local Usage
	0  -  Run Bytes Sent By Job
	7584148  -  Run Bytes Received By Job
	0  -  Total Bytes Sent By Job
	7584148  -  Total Bytes Received By Job
	Partitionable Resources :    Usage  Request Allocated 
	   Cpus                 :     0.99        4         4 
	   Disk (KB)            : 32587        7500     10768 
	   GPUs                 :                           0 
	   Memory (MB)          :    39       12000     12000 
	   TimeExecute (s)      :  5985                       
	   TimeSlotBusy (s)     :  5987                       

	Job terminated of its own accord at 2025-12-16T14:11:43Z with exit-code 0.
...
