000 (10613549.472.000) 12/16 14:40:45 Job submitted from host: <188.185.71.83:9618?addrs=188.185.71.83-9618+[2001-1458-d00-7--100-34d]-9618&alias=bigbird18.cern.ch&noUDP&sock=schedd_5052_d48c>
...
040 (10613549.472.000) 12/16 15:30:11 Started transferring input files
	Transferring to host: <188.185.213.162:9618?addrs=188.185.213.162-9618+[2001-1458-303-1b--100-1e]-9618&alias=b9p28p1127.cern.ch&noUDP&sock=slot1_19_6741_64eb_94219>
...
040 (10613549.472.000) 12/16 15:30:11 Finished transferring input files
...
001 (10613549.472.000) 12/16 15:30:11 Job executing on host: <188.185.213.162:9618?addrs=188.185.213.162-9618+[2001-1458-303-1b--100-1e]-9618&alias=b9p28p1127.cern.ch&noUDP&sock=startd_5838_f5fd>
	SlotName: slot1_19@b9p28p1127.cern.ch
	CondorScratchDir = "/pool/condor/dir_2246906"
	Cpus = 4
	Disk = 10956
	GPUs = 0
	Memory = 12000
...
006 (10613549.472.000) 12/16 15:30:25 Image size of job updated: 40072
	40  -  MemoryUsage of job (MB)
	40072  -  ResidentSetSize of job (KB)
...
006 (10613549.472.000) 12/16 15:35:26 Image size of job updated: 40492
	40  -  MemoryUsage of job (MB)
	40072  -  ResidentSetSize of job (KB)
...
006 (10613549.472.000) 12/16 16:58:58 Image size of job updated: 121016
	40  -  MemoryUsage of job (MB)
	40072  -  ResidentSetSize of job (KB)
...
040 (10613549.472.000) 12/16 16:58:58 Started transferring output files
...
040 (10613549.472.000) 12/16 16:58:58 Finished transferring output files
...
005 (10613549.472.000) 12/16 16:58:58 Job terminated.
	(1) Normal termination (return value 0)
		Usr 0 01:27:17, Sys 0 00:00:13  -  Run Remote Usage
		Usr 0 00:00:00, Sys 0 00:00:00  -  Run Local Usage
		Usr 0 01:27:17, Sys 0 00:00:13  -  Total Remote Usage
		Usr 0 00:00:00, Sys 0 00:00:00  -  Total Local Usage
	0  -  Run Bytes Sent By Job
	7584148  -  Run Bytes Received By Job
	0  -  Total Bytes Sent By Job
	7584148  -  Total Bytes Received By Job
	Partitionable Resources :    Usage  Request Allocated 
	   Cpus                 :     0.99        4         4 
	   Disk (KB)            : 32620        7500     10956 
	   GPUs                 :                           0 
	   Memory (MB)          :    40       12000     12000 
	   TimeExecute (s)      :  5327                       
	   TimeSlotBusy (s)     :  5327                       

	Job terminated of its own accord at 2025-12-16T15:58:58Z with exit-code 0.
...
