000 (10610887.364.000) 12/16 07:14:31 Job submitted from host: <188.185.71.83:9618?addrs=188.185.71.83-9618+[2001-1458-d00-7--100-34d]-9618&alias=bigbird18.cern.ch&noUDP&sock=schedd_5052_d48c>
...
040 (10610887.364.000) 12/16 07:49:49 Started transferring input files
	Transferring to host: <188.185.215.9:9618?addrs=188.185.215.9-9618+[2001-1458-303-1e--100-5]-9618&alias=b9p31p8710.cern.ch&noUDP&sock=slot1_19_7744_1934_91899>
...
040 (10610887.364.000) 12/16 07:49:49 Finished transferring input files
...
001 (10610887.364.000) 12/16 07:49:49 Job executing on host: <188.185.215.9:9618?addrs=188.185.215.9-9618+[2001-1458-303-1e--100-5]-9618&alias=b9p31p8710.cern.ch&noUDP&sock=startd_7160_be30>
	SlotName: slot1_19@b9p31p8710.cern.ch
	CondorScratchDir = "/pool/condor/dir_640704"
	Cpus = 4
	Disk = 10932
	GPUs = 0
	Memory = 12000
...
006 (10610887.364.000) 12/16 07:50:03 Image size of job updated: 40008
	40  -  MemoryUsage of job (MB)
	40008  -  ResidentSetSize of job (KB)
...
006 (10610887.364.000) 12/16 07:55:04 Image size of job updated: 40460
	40  -  MemoryUsage of job (MB)
	40008  -  ResidentSetSize of job (KB)
...
040 (10610887.364.000) 12/16 09:19:50 Started transferring output files
...
040 (10610887.364.000) 12/16 09:19:50 Finished transferring output files
...
005 (10610887.364.000) 12/16 09:19:50 Job terminated.
	(1) Normal termination (return value 0)
		Usr 0 01:28:47, Sys 0 00:00:09  -  Run Remote Usage
		Usr 0 00:00:00, Sys 0 00:00:00  -  Run Local Usage
		Usr 0 01:28:47, Sys 0 00:00:09  -  Total Remote Usage
		Usr 0 00:00:00, Sys 0 00:00:00  -  Total Local Usage
	0  -  Run Bytes Sent By Job
	7584148  -  Run Bytes Received By Job
	0  -  Total Bytes Sent By Job
	7584148  -  Total Bytes Received By Job
	Partitionable Resources :    Usage  Request Allocated 
	   Cpus                 :     0.99        4         4 
	   Disk (KB)            : 33445        7500     10932 
	   GPUs                 :                           0 
	   Memory (MB)          :    40       12000     12000 
	   TimeExecute (s)      :  5400                       
	   TimeSlotBusy (s)     :  5402                       

	Job terminated of its own accord at 2025-12-16T08:19:49Z with exit-code 0.
...
