000 (10613550.920.000) 12/16 14:41:00 Job submitted from host: <188.185.71.83:9618?addrs=188.185.71.83-9618+[2001-1458-d00-7--100-34d]-9618&alias=bigbird18.cern.ch&noUDP&sock=schedd_5052_d48c>
...
040 (10613550.920.000) 12/16 16:54:14 Started transferring input files
	Transferring to host: <188.185.206.176:9618?addrs=188.185.206.176-9618+[2001-1458-303-c--100-2d]-9618&alias=b9p06p2041.cern.ch&noUDP&sock=slot1_17_4350_b7ea_81217>
...
040 (10613550.920.000) 12/16 16:54:14 Finished transferring input files
...
001 (10613550.920.000) 12/16 16:54:14 Job executing on host: <188.185.206.176:9618?addrs=188.185.206.176-9618+[2001-1458-303-c--100-2d]-9618&alias=b9p06p2041.cern.ch&noUDP&sock=startd_3873_2263>
	SlotName: slot1_17@b9p06p2041.cern.ch
	CondorScratchDir = "/pool/condor/dir_7667"
	Cpus = 4
	Disk = 10461
	GPUs = 0
	Memory = 12000
...
006 (10613550.920.000) 12/16 16:54:28 Image size of job updated: 40204
	40  -  MemoryUsage of job (MB)
	40204  -  ResidentSetSize of job (KB)
...
006 (10613550.920.000) 12/16 16:59:29 Image size of job updated: 40560
	40  -  MemoryUsage of job (MB)
	40204  -  ResidentSetSize of job (KB)
...
040 (10613550.920.000) 12/16 18:25:47 Started transferring output files
...
040 (10613550.920.000) 12/16 18:25:47 Finished transferring output files
...
005 (10613550.920.000) 12/16 18:25:47 Job terminated.
	(1) Normal termination (return value 0)
		Usr 0 01:29:42, Sys 0 00:00:09  -  Run Remote Usage
		Usr 0 00:00:00, Sys 0 00:00:00  -  Run Local Usage
		Usr 0 01:29:42, Sys 0 00:00:09  -  Total Remote Usage
		Usr 0 00:00:00, Sys 0 00:00:00  -  Total Local Usage
	0  -  Run Bytes Sent By Job
	7584148  -  Run Bytes Received By Job
	0  -  Total Bytes Sent By Job
	7584148  -  Total Bytes Received By Job
	Partitionable Resources :    Usage  Request Allocated 
	   Cpus                 :     0.99        4         4 
	   Disk (KB)            : 33123        7500     10461 
	   GPUs                 :                           0 
	   Memory (MB)          :    40       12000     12000 
	   TimeExecute (s)      :  5492                       
	   TimeSlotBusy (s)     :  5493                       

	Job terminated of its own accord at 2025-12-16T17:25:46Z with exit-code 0.
...
