000 (10610888.377.000) 12/16 07:14:44 Job submitted from host: <188.185.71.83:9618?addrs=188.185.71.83-9618+[2001-1458-d00-7--100-34d]-9618&alias=bigbird18.cern.ch&noUDP&sock=schedd_5052_d48c>
...
040 (10610888.377.000) 12/16 09:20:44 Started transferring input files
	Transferring to host: <188.185.215.31:9618?addrs=188.185.215.31-9618+[2001-1458-303-1e--100-1b]-9618&alias=b9p31p7068.cern.ch&noUDP&sock=slot1_9_5966_562c_90919>
...
040 (10610888.377.000) 12/16 09:20:44 Finished transferring input files
...
001 (10610888.377.000) 12/16 09:20:44 Job executing on host: <188.185.215.31:9618?addrs=188.185.215.31-9618+[2001-1458-303-1e--100-1b]-9618&alias=b9p31p7068.cern.ch&noUDP&sock=startd_5253_b315>
	SlotName: slot1_9@b9p31p7068.cern.ch
	CondorScratchDir = "/pool/condor/dir_2806714"
	Cpus = 4
	Disk = 11065
	GPUs = 0
	Memory = 12000
...
006 (10610888.377.000) 12/16 09:20:58 Image size of job updated: 38024
	38  -  MemoryUsage of job (MB)
	38024  -  ResidentSetSize of job (KB)
...
006 (10610888.377.000) 12/16 09:25:59 Image size of job updated: 38116
	38  -  MemoryUsage of job (MB)
	38024  -  ResidentSetSize of job (KB)
...
006 (10610888.377.000) 12/16 10:32:28 Image size of job updated: 118688
	38  -  MemoryUsage of job (MB)
	38024  -  ResidentSetSize of job (KB)
...
040 (10610888.377.000) 12/16 10:32:29 Started transferring output files
...
040 (10610888.377.000) 12/16 10:32:29 Finished transferring output files
...
005 (10610888.377.000) 12/16 10:32:29 Job terminated.
	(1) Normal termination (return value 0)
		Usr 0 01:10:59, Sys 0 00:00:05  -  Run Remote Usage
		Usr 0 00:00:00, Sys 0 00:00:00  -  Run Local Usage
		Usr 0 01:10:59, Sys 0 00:00:05  -  Total Remote Usage
		Usr 0 00:00:00, Sys 0 00:00:00  -  Total Local Usage
	0  -  Run Bytes Sent By Job
	7584148  -  Run Bytes Received By Job
	0  -  Total Bytes Sent By Job
	7584148  -  Total Bytes Received By Job
	Partitionable Resources :    Usage  Request Allocated 
	   Cpus                 :     0.99        4         4 
	   Disk (KB)            : 32541        7500     11065 
	   GPUs                 :                           0 
	   Memory (MB)          :    38       12000     12000 
	   TimeExecute (s)      :  4304                       
	   TimeSlotBusy (s)     :  4305                       

	Job terminated of its own accord at 2025-12-16T09:32:28Z with exit-code 0.
...
