000 (10610889.702.000) 12/16 07:15:01 Job submitted from host: <188.185.71.83:9618?addrs=188.185.71.83-9618+[2001-1458-d00-7--100-34d]-9618&alias=bigbird18.cern.ch&noUDP&sock=schedd_5052_d48c>
...
040 (10610889.702.000) 12/16 14:25:42 Started transferring input files
	Transferring to host: <188.185.207.185:9618?addrs=188.185.207.185-9618+[2001-1458-303-e--100-36]-9618&alias=b9p08p1505.cern.ch&noUDP&sock=slot1_12_9211_bb90_77999>
...
040 (10610889.702.000) 12/16 14:25:42 Finished transferring input files
...
001 (10610889.702.000) 12/16 14:25:42 Job executing on host: <188.185.207.185:9618?addrs=188.185.207.185-9618+[2001-1458-303-e--100-36]-9618&alias=b9p08p1505.cern.ch&noUDP&sock=startd_7990_0dcc>
	SlotName: slot1_12@b9p08p1505.cern.ch
	CondorScratchDir = "/pool/condor/dir_3220849"
	Cpus = 4
	Disk = 10913
	GPUs = 0
	Memory = 12000
...
006 (10610889.702.000) 12/16 14:25:56 Image size of job updated: 43696
	43  -  MemoryUsage of job (MB)
	43696  -  ResidentSetSize of job (KB)
...
006 (10610889.702.000) 12/16 14:30:57 Image size of job updated: 44076
	43  -  MemoryUsage of job (MB)
	43696  -  ResidentSetSize of job (KB)
...
006 (10610889.702.000) 12/16 16:07:42 Image size of job updated: 73784
	43  -  MemoryUsage of job (MB)
	43696  -  ResidentSetSize of job (KB)
...
040 (10610889.702.000) 12/16 16:07:42 Started transferring output files
...
040 (10610889.702.000) 12/16 16:07:43 Finished transferring output files
...
005 (10610889.702.000) 12/16 16:07:43 Job terminated.
	(1) Normal termination (return value 0)
		Usr 0 01:40:28, Sys 0 00:00:10  -  Run Remote Usage
		Usr 0 00:00:00, Sys 0 00:00:00  -  Run Local Usage
		Usr 0 01:40:28, Sys 0 00:00:10  -  Total Remote Usage
		Usr 0 00:00:00, Sys 0 00:00:00  -  Total Local Usage
	0  -  Run Bytes Sent By Job
	7584148  -  Run Bytes Received By Job
	0  -  Total Bytes Sent By Job
	7584148  -  Total Bytes Received By Job
	Partitionable Resources :    Usage  Request Allocated 
	   Cpus                 :     0.99        4         4 
	   Disk (KB)            : 32740        7500     10913 
	   GPUs                 :                           0 
	   Memory (MB)          :    43       12000     12000 
	   TimeExecute (s)      :  6120                       
	   TimeSlotBusy (s)     :  6121                       

	Job terminated of its own accord at 2025-12-16T15:07:42Z with exit-code 0.
...
