000 (10613550.093.000) 12/16 14:40:58 Job submitted from host: <188.185.71.83:9618?addrs=188.185.71.83-9618+[2001-1458-d00-7--100-34d]-9618&alias=bigbird18.cern.ch&noUDP&sock=schedd_5052_d48c>
...
040 (10613550.093.000) 12/16 15:35:47 Started transferring input files
	Transferring to host: <188.185.204.234:9618?addrs=188.185.204.234-9618+[2001-1458-303-8--100-67]-9618&alias=b9p02p1699.cern.ch&noUDP&sock=slot1_21_4601_9214_87781>
...
040 (10613550.093.000) 12/16 15:35:47 Finished transferring input files
...
001 (10613550.093.000) 12/16 15:35:47 Job executing on host: <188.185.204.234:9618?addrs=188.185.204.234-9618+[2001-1458-303-8--100-67]-9618&alias=b9p02p1699.cern.ch&noUDP&sock=startd_3865_a5a1>
	SlotName: slot1_21@b9p02p1699.cern.ch
	CondorScratchDir = "/pool/condor/dir_2668271"
	Cpus = 4
	Disk = 10850
	GPUs = 0
	Memory = 12000
...
006 (10613550.093.000) 12/16 15:36:01 Image size of job updated: 40120
	40  -  MemoryUsage of job (MB)
	40120  -  ResidentSetSize of job (KB)
...
006 (10613550.093.000) 12/16 15:41:02 Image size of job updated: 40184
	40  -  MemoryUsage of job (MB)
	40120  -  ResidentSetSize of job (KB)
...
006 (10613550.093.000) 12/16 17:15:03 Image size of job updated: 120856
	40  -  MemoryUsage of job (MB)
	40120  -  ResidentSetSize of job (KB)
...
040 (10613550.093.000) 12/16 17:15:03 Started transferring output files
...
040 (10613550.093.000) 12/16 17:15:04 Finished transferring output files
...
005 (10613550.093.000) 12/16 17:15:04 Job terminated.
	(1) Normal termination (return value 0)
		Usr 0 01:36:28, Sys 0 00:00:10  -  Run Remote Usage
		Usr 0 00:00:00, Sys 0 00:00:00  -  Run Local Usage
		Usr 0 01:36:28, Sys 0 00:00:10  -  Total Remote Usage
		Usr 0 00:00:00, Sys 0 00:00:00  -  Total Local Usage
	0  -  Run Bytes Sent By Job
	7584148  -  Run Bytes Received By Job
	0  -  Total Bytes Sent By Job
	7584148  -  Total Bytes Received By Job
	Partitionable Resources :    Usage  Request Allocated 
	   Cpus                 :     0.99        4         4 
	   Disk (KB)            : 33542        7500     10850 
	   GPUs                 :                           0 
	   Memory (MB)          :    40       12000     12000 
	   TimeExecute (s)      :  5956                       
	   TimeSlotBusy (s)     :  5957                       

	Job terminated of its own accord at 2025-12-16T16:15:03Z with exit-code 0.
...
