000 (10613550.747.000) 12/16 14:41:00 Job submitted from host: <188.185.71.83:9618?addrs=188.185.71.83-9618+[2001-1458-d00-7--100-34d]-9618&alias=bigbird18.cern.ch&noUDP&sock=schedd_5052_d48c>
...
040 (10613550.747.000) 12/16 16:49:24 Started transferring input files
	Transferring to host: <188.185.210.101:9618?addrs=188.185.210.101-9618+[2001-1458-303-1--100-61]-9618&alias=b9p21p0502.cern.ch&noUDP&sock=slot1_9_5999_968d_115255>
...
040 (10613550.747.000) 12/16 16:49:24 Finished transferring input files
...
001 (10613550.747.000) 12/16 16:49:24 Job executing on host: <188.185.210.101:9618?addrs=188.185.210.101-9618+[2001-1458-303-1--100-61]-9618&alias=b9p21p0502.cern.ch&noUDP&sock=startd_5335_f1d9>
	SlotName: slot1_9@b9p21p0502.cern.ch
	CondorScratchDir = "/pool/condor/dir_1601676"
	Cpus = 4
	Disk = 10778
	GPUs = 0
	Memory = 12000
...
006 (10613550.747.000) 12/16 16:49:38 Image size of job updated: 37472
	37  -  MemoryUsage of job (MB)
	37472  -  ResidentSetSize of job (KB)
...
006 (10613550.747.000) 12/16 16:54:39 Image size of job updated: 37892
	37  -  MemoryUsage of job (MB)
	37472  -  ResidentSetSize of job (KB)
...
006 (10613550.747.000) 12/16 18:09:32 Image size of job updated: 118424
	37  -  MemoryUsage of job (MB)
	37472  -  ResidentSetSize of job (KB)
...
040 (10613550.747.000) 12/16 18:09:33 Started transferring output files
...
040 (10613550.747.000) 12/16 18:09:33 Finished transferring output files
...
005 (10613550.747.000) 12/16 18:09:33 Job terminated.
	(1) Normal termination (return value 0)
		Usr 0 01:18:56, Sys 0 00:00:13  -  Run Remote Usage
		Usr 0 00:00:00, Sys 0 00:00:00  -  Run Local Usage
		Usr 0 01:18:56, Sys 0 00:00:13  -  Total Remote Usage
		Usr 0 00:00:00, Sys 0 00:00:00  -  Total Local Usage
	0  -  Run Bytes Sent By Job
	7584148  -  Run Bytes Received By Job
	0  -  Total Bytes Sent By Job
	7584148  -  Total Bytes Received By Job
	Partitionable Resources :    Usage  Request Allocated 
	   Cpus                 :     0.99        4         4 
	   Disk (KB)            : 32610        7500     10778 
	   GPUs                 :                           0 
	   Memory (MB)          :    37       12000     12000 
	   TimeExecute (s)      :  4808                       
	   TimeSlotBusy (s)     :  4809                       

	Job terminated of its own accord at 2025-12-16T17:09:32Z with exit-code 0.
...
