000 (10610888.926.000) 12/16 07:14:45 Job submitted from host: <188.185.71.83:9618?addrs=188.185.71.83-9618+[2001-1458-d00-7--100-34d]-9618&alias=bigbird18.cern.ch&noUDP&sock=schedd_5052_d48c>
...
040 (10610888.926.000) 12/16 09:56:57 Started transferring input files
	Transferring to host: <128.142.161.144:9618?addrs=128.142.161.144-9618+[2001-1458-301-b9--100-d]-9618&alias=b9g03p4884.cern.ch&noUDP&sock=slot1_9_172134_b991_14299>
...
040 (10610888.926.000) 12/16 09:56:57 Finished transferring input files
...
001 (10610888.926.000) 12/16 09:56:57 Job executing on host: <128.142.161.144:9618?addrs=128.142.161.144-9618+[2001-1458-301-b9--100-d]-9618&alias=b9g03p4884.cern.ch&noUDP&sock=startd_170228_d3d8>
	SlotName: slot1_9@b9g03p4884.cern.ch
	CondorScratchDir = "/pool/condor/dir_2613020"
	Cpus = 4
	Disk = 11349
	GPUs = 0
	Memory = 12000
...
006 (10610888.926.000) 12/16 09:57:11 Image size of job updated: 31296
	31  -  MemoryUsage of job (MB)
	31296  -  ResidentSetSize of job (KB)
...
006 (10610888.926.000) 12/16 10:02:11 Image size of job updated: 31716
	31  -  MemoryUsage of job (MB)
	31296  -  ResidentSetSize of job (KB)
...
006 (10610888.926.000) 12/16 11:44:46 Image size of job updated: 123040
	31  -  MemoryUsage of job (MB)
	31296  -  ResidentSetSize of job (KB)
...
040 (10610888.926.000) 12/16 11:44:47 Started transferring output files
...
040 (10610888.926.000) 12/16 11:44:47 Finished transferring output files
...
005 (10610888.926.000) 12/16 11:44:47 Job terminated.
	(1) Normal termination (return value 0)
		Usr 0 01:46:13, Sys 0 00:00:07  -  Run Remote Usage
		Usr 0 00:00:00, Sys 0 00:00:00  -  Run Local Usage
		Usr 0 01:46:13, Sys 0 00:00:07  -  Total Remote Usage
		Usr 0 00:00:00, Sys 0 00:00:00  -  Total Local Usage
	0  -  Run Bytes Sent By Job
	7584148  -  Run Bytes Received By Job
	0  -  Total Bytes Sent By Job
	7584148  -  Total Bytes Received By Job
	Partitionable Resources :    Usage  Request Allocated 
	   Cpus                 :     0.99        4         4 
	   Disk (KB)            : 33585        7500     11349 
	   GPUs                 :                           0 
	   Memory (MB)          :    31       12000     12000 
	   TimeExecute (s)      :  6469                       
	   TimeSlotBusy (s)     :  6470                       

	Job terminated of its own accord at 2025-12-16T10:44:46Z with exit-code 0.
...
