000 (10610888.667.000) 12/16 07:14:44 Job submitted from host: <188.185.71.83:9618?addrs=188.185.71.83-9618+[2001-1458-d00-7--100-34d]-9618&alias=bigbird18.cern.ch&noUDP&sock=schedd_5052_d48c>
...
040 (10610888.667.000) 12/16 09:34:02 Started transferring input files
	Transferring to host: <188.185.192.95:9618?addrs=188.185.192.95-9618+[2001-1458-303-1f--100-5b]-9618&alias=b9p13p6479.cern.ch&noUDP&sock=slot1_24_9564_73fe_88520>
...
040 (10610888.667.000) 12/16 09:34:02 Finished transferring input files
...
001 (10610888.667.000) 12/16 09:34:02 Job executing on host: <188.185.192.95:9618?addrs=188.185.192.95-9618+[2001-1458-303-1f--100-5b]-9618&alias=b9p13p6479.cern.ch&noUDP&sock=startd_8526_b48f>
	SlotName: slot1_24@b9p13p6479.cern.ch
	CondorScratchDir = "/pool/condor/dir_2101465"
	Cpus = 4
	Disk = 11178
	GPUs = 0
	Memory = 12000
...
006 (10610888.667.000) 12/16 09:34:16 Image size of job updated: 40080
	40  -  MemoryUsage of job (MB)
	40080  -  ResidentSetSize of job (KB)
...
006 (10610888.667.000) 12/16 09:39:16 Image size of job updated: 40500
	40  -  MemoryUsage of job (MB)
	40080  -  ResidentSetSize of job (KB)
...
040 (10610888.667.000) 12/16 11:20:22 Started transferring output files
...
040 (10610888.667.000) 12/16 11:20:22 Finished transferring output files
...
005 (10610888.667.000) 12/16 11:20:22 Job terminated.
	(1) Normal termination (return value 0)
		Usr 0 01:45:35, Sys 0 00:00:05  -  Run Remote Usage
		Usr 0 00:00:00, Sys 0 00:00:00  -  Run Local Usage
		Usr 0 01:45:35, Sys 0 00:00:05  -  Total Remote Usage
		Usr 0 00:00:00, Sys 0 00:00:00  -  Total Local Usage
	0  -  Run Bytes Sent By Job
	7584148  -  Run Bytes Received By Job
	0  -  Total Bytes Sent By Job
	7584148  -  Total Bytes Received By Job
	Partitionable Resources :    Usage  Request Allocated 
	   Cpus                 :     1.00        4         4 
	   Disk (KB)            : 32677        7500     11178 
	   GPUs                 :                           0 
	   Memory (MB)          :    40       12000     12000 
	   TimeExecute (s)      :  6379                       
	   TimeSlotBusy (s)     :  6380                       

	Job terminated of its own accord at 2025-12-16T10:20:21Z with exit-code 0.
...
