000 (10610888.843.000) 12/16 07:14:45 Job submitted from host: <188.185.71.83:9618?addrs=188.185.71.83-9618+[2001-1458-d00-7--100-34d]-9618&alias=bigbird18.cern.ch&noUDP&sock=schedd_5052_d48c>
...
040 (10610888.843.000) 12/16 09:45:29 Started transferring input files
	Transferring to host: <188.185.209.77:9618?addrs=188.185.209.77-9618+[2001-1458-303-11--100-4a]-9618&alias=b9p11p6601.cern.ch&noUDP&sock=slot1_5_8087_c5e2_82417>
...
040 (10610888.843.000) 12/16 09:45:29 Finished transferring input files
...
001 (10610888.843.000) 12/16 09:45:29 Job executing on host: <188.185.209.77:9618?addrs=188.185.209.77-9618+[2001-1458-303-11--100-4a]-9618&alias=b9p11p6601.cern.ch&noUDP&sock=startd_7195_c001>
	SlotName: slot1_5@b9p11p6601.cern.ch
	CondorScratchDir = "/pool/condor/dir_703516"
	Cpus = 4
	Disk = 10870
	GPUs = 0
	Memory = 12000
...
006 (10610888.843.000) 12/16 09:45:43 Image size of job updated: 44240
	44  -  MemoryUsage of job (MB)
	44240  -  ResidentSetSize of job (KB)
...
006 (10610888.843.000) 12/16 09:50:43 Image size of job updated: 44620
	44  -  MemoryUsage of job (MB)
	44240  -  ResidentSetSize of job (KB)
...
006 (10610888.843.000) 12/16 11:35:54 Image size of job updated: 60176
	59  -  MemoryUsage of job (MB)
	60176  -  ResidentSetSize of job (KB)
...
006 (10610888.843.000) 12/16 11:35:58 Image size of job updated: 60488
	59  -  MemoryUsage of job (MB)
	60176  -  ResidentSetSize of job (KB)
...
040 (10610888.843.000) 12/16 11:35:59 Started transferring output files
...
040 (10610888.843.000) 12/16 11:35:59 Finished transferring output files
...
005 (10610888.843.000) 12/16 11:35:59 Job terminated.
	(1) Normal termination (return value 0)
		Usr 0 01:47:54, Sys 0 00:00:17  -  Run Remote Usage
		Usr 0 00:00:00, Sys 0 00:00:00  -  Run Local Usage
		Usr 0 01:47:54, Sys 0 00:00:17  -  Total Remote Usage
		Usr 0 00:00:00, Sys 0 00:00:00  -  Total Local Usage
	0  -  Run Bytes Sent By Job
	7584148  -  Run Bytes Received By Job
	0  -  Total Bytes Sent By Job
	7584148  -  Total Bytes Received By Job
	Partitionable Resources :    Usage  Request Allocated 
	   Cpus                 :     0.99        4         4 
	   Disk (KB)            : 33363        7500     10870 
	   GPUs                 :                           0 
	   Memory (MB)          :    59       12000     12000 
	   TimeExecute (s)      :  6629                       
	   TimeSlotBusy (s)     :  6630                       

	Job terminated of its own accord at 2025-12-16T10:35:58Z with exit-code 0.
...
