000 (10610889.261.000) 12/16 07:15:00 Job submitted from host: <188.185.71.83:9618?addrs=188.185.71.83-9618+[2001-1458-d00-7--100-34d]-9618&alias=bigbird18.cern.ch&noUDP&sock=schedd_5052_d48c>
...
040 (10610889.261.000) 12/16 13:31:36 Started transferring input files
	Transferring to host: <188.185.194.51:9618?addrs=188.185.194.51-9618+[2001-1458-303-21--100-2f]-9618&alias=b9p20p4709.cern.ch&noUDP&sock=slot1_7_4173405_1dc7_25862>
...
040 (10610889.261.000) 12/16 13:31:36 Finished transferring input files
...
001 (10610889.261.000) 12/16 13:31:36 Job executing on host: <188.185.194.51:9618?addrs=188.185.194.51-9618+[2001-1458-303-21--100-2f]-9618&alias=b9p20p4709.cern.ch&noUDP&sock=startd_4825_208c>
	SlotName: slot1_7@b9p20p4709.cern.ch
	CondorScratchDir = "/pool/condor/dir_806952"
	Cpus = 4
	Disk = 11011
	GPUs = 0
	Memory = 12000
...
006 (10610889.261.000) 12/16 13:31:49 Image size of job updated: 40044
	40  -  MemoryUsage of job (MB)
	40044  -  ResidentSetSize of job (KB)
...
006 (10610889.261.000) 12/16 13:36:49 Image size of job updated: 40464
	40  -  MemoryUsage of job (MB)
	40044  -  ResidentSetSize of job (KB)
...
040 (10610889.261.000) 12/16 15:12:57 Started transferring output files
...
040 (10610889.261.000) 12/16 15:12:57 Finished transferring output files
...
005 (10610889.261.000) 12/16 15:12:57 Job terminated.
	(1) Normal termination (return value 0)
		Usr 0 01:40:16, Sys 0 00:00:12  -  Run Remote Usage
		Usr 0 00:00:00, Sys 0 00:00:00  -  Run Local Usage
		Usr 0 01:40:16, Sys 0 00:00:12  -  Total Remote Usage
		Usr 0 00:00:00, Sys 0 00:00:00  -  Total Local Usage
	0  -  Run Bytes Sent By Job
	7584148  -  Run Bytes Received By Job
	0  -  Total Bytes Sent By Job
	7584148  -  Total Bytes Received By Job
	Partitionable Resources :    Usage  Request Allocated 
	   Cpus                 :     0.99        4         4 
	   Disk (KB)            : 33035        7500     11011 
	   GPUs                 :                           0 
	   Memory (MB)          :    40       12000     12000 
	   TimeExecute (s)      :  6080                       
	   TimeSlotBusy (s)     :  6081                       

	Job terminated of its own accord at 2025-12-16T14:12:56Z with exit-code 0.
...
