000 (10613549.732.000) 12/16 14:40:45 Job submitted from host: <188.185.71.83:9618?addrs=188.185.71.83-9618+[2001-1458-d00-7--100-34d]-9618&alias=bigbird18.cern.ch&noUDP&sock=schedd_5052_d48c>
...
040 (10613549.732.000) 12/16 15:31:39 Started transferring input files
	Transferring to host: <188.185.212.21:9618?addrs=188.185.212.21-9618+[2001-1458-303-18--100-11]-9618&alias=b9p25p8865.cern.ch&noUDP&sock=slot1_13_5252_424f_94971>
...
040 (10613549.732.000) 12/16 15:31:39 Finished transferring input files
...
001 (10613549.732.000) 12/16 15:31:39 Job executing on host: <188.185.212.21:9618?addrs=188.185.212.21-9618+[2001-1458-303-18--100-11]-9618&alias=b9p25p8865.cern.ch&noUDP&sock=startd_4221_d558>
	SlotName: slot1_13@b9p25p8865.cern.ch
	CondorScratchDir = "/pool/condor/dir_2255009"
	Cpus = 4
	Disk = 11001
	GPUs = 0
	Memory = 12000
...
006 (10613549.732.000) 12/16 15:31:53 Image size of job updated: 37536
	37  -  MemoryUsage of job (MB)
	37536  -  ResidentSetSize of job (KB)
...
006 (10613549.732.000) 12/16 15:36:54 Image size of job updated: 37956
	37  -  MemoryUsage of job (MB)
	37536  -  ResidentSetSize of job (KB)
...
040 (10613549.732.000) 12/16 16:55:04 Started transferring output files
...
040 (10613549.732.000) 12/16 16:55:04 Finished transferring output files
...
005 (10613549.732.000) 12/16 16:55:04 Job terminated.
	(1) Normal termination (return value 0)
		Usr 0 01:22:32, Sys 0 00:00:07  -  Run Remote Usage
		Usr 0 00:00:00, Sys 0 00:00:00  -  Run Local Usage
		Usr 0 01:22:32, Sys 0 00:00:07  -  Total Remote Usage
		Usr 0 00:00:00, Sys 0 00:00:00  -  Total Local Usage
	0  -  Run Bytes Sent By Job
	7584148  -  Run Bytes Received By Job
	0  -  Total Bytes Sent By Job
	7584148  -  Total Bytes Received By Job
	Partitionable Resources :    Usage  Request Allocated 
	   Cpus                 :     0.99        4         4 
	   Disk (KB)            : 32596        7500     11001 
	   GPUs                 :                           0 
	   Memory (MB)          :    37       12000     12000 
	   TimeExecute (s)      :  5004                       
	   TimeSlotBusy (s)     :  5005                       

	Job terminated of its own accord at 2025-12-16T15:55:03Z with exit-code 0.
...
