000 (10613550.348.000) 12/16 14:40:59 Job submitted from host: <188.185.71.83:9618?addrs=188.185.71.83-9618+[2001-1458-d00-7--100-34d]-9618&alias=bigbird18.cern.ch&noUDP&sock=schedd_5052_d48c>
...
040 (10613550.348.000) 12/16 15:56:35 Started transferring input files
	Transferring to host: <188.185.204.172:9618?addrs=188.185.204.172-9618+[2001-1458-303-8--100-a0]-9618&alias=b9p02p9818.cern.ch&noUDP&sock=slot1_16_7909_5b1b_87264>
...
040 (10613550.348.000) 12/16 15:56:35 Finished transferring input files
...
001 (10613550.348.000) 12/16 15:56:35 Job executing on host: <188.185.204.172:9618?addrs=188.185.204.172-9618+[2001-1458-303-8--100-a0]-9618&alias=b9p02p9818.cern.ch&noUDP&sock=startd_6791_a3be>
	SlotName: slot1_16@b9p02p9818.cern.ch
	CondorScratchDir = "/pool/condor/dir_2808534"
	Cpus = 4
	Disk = 10933
	GPUs = 0
	Memory = 12000
...
006 (10613550.348.000) 12/16 15:56:49 Image size of job updated: 39624
	39  -  MemoryUsage of job (MB)
	39624  -  ResidentSetSize of job (KB)
...
006 (10613550.348.000) 12/16 16:01:49 Image size of job updated: 39992
	39  -  MemoryUsage of job (MB)
	39624  -  ResidentSetSize of job (KB)
...
040 (10613550.348.000) 12/16 17:29:11 Started transferring output files
...
040 (10613550.348.000) 12/16 17:29:11 Finished transferring output files
...
005 (10613550.348.000) 12/16 17:29:11 Job terminated.
	(1) Normal termination (return value 0)
		Usr 0 01:31:01, Sys 0 00:00:10  -  Run Remote Usage
		Usr 0 00:00:00, Sys 0 00:00:00  -  Run Local Usage
		Usr 0 01:31:01, Sys 0 00:00:10  -  Total Remote Usage
		Usr 0 00:00:00, Sys 0 00:00:00  -  Total Local Usage
	0  -  Run Bytes Sent By Job
	7584148  -  Run Bytes Received By Job
	0  -  Total Bytes Sent By Job
	7584148  -  Total Bytes Received By Job
	Partitionable Resources :    Usage  Request Allocated 
	   Cpus                 :     0.99        4         4 
	   Disk (KB)            : 32245        7500     10933 
	   GPUs                 :                           0 
	   Memory (MB)          :    39       12000     12000 
	   TimeExecute (s)      :  5555                       
	   TimeSlotBusy (s)     :  5556                       

	Job terminated of its own accord at 2025-12-16T16:29:10Z with exit-code 0.
...
