000 (10613550.781.000) 12/16 14:41:00 Job submitted from host: <188.185.71.83:9618?addrs=188.185.71.83-9618+[2001-1458-d00-7--100-34d]-9618&alias=bigbird18.cern.ch&noUDP&sock=schedd_5052_d48c>
...
040 (10613550.781.000) 12/16 16:50:16 Started transferring input files
	Transferring to host: <188.185.210.213:9618?addrs=188.185.210.213-9618+[2001-1458-303-15--100-51]-9618&alias=b9p22p5430.cern.ch&noUDP&sock=slot1_4_4213_3084_115076>
...
040 (10613550.781.000) 12/16 16:50:16 Finished transferring input files
...
001 (10613550.781.000) 12/16 16:50:16 Job executing on host: <188.185.210.213:9618?addrs=188.185.210.213-9618+[2001-1458-303-15--100-51]-9618&alias=b9p22p5430.cern.ch&noUDP&sock=startd_3544_77bb>
	SlotName: slot1_4@b9p22p5430.cern.ch
	CondorScratchDir = "/pool/condor/dir_856078"
	Cpus = 4
	Disk = 10906
	GPUs = 0
	Memory = 12000
...
006 (10613550.781.000) 12/16 16:50:29 Image size of job updated: 37468
	37  -  MemoryUsage of job (MB)
	37468  -  ResidentSetSize of job (KB)
...
006 (10613550.781.000) 12/16 16:55:30 Image size of job updated: 37888
	37  -  MemoryUsage of job (MB)
	37468  -  ResidentSetSize of job (KB)
...
040 (10613550.781.000) 12/16 18:08:44 Started transferring output files
...
040 (10613550.781.000) 12/16 18:08:44 Finished transferring output files
...
005 (10613550.781.000) 12/16 18:08:44 Job terminated.
	(1) Normal termination (return value 0)
		Usr 0 01:17:28, Sys 0 00:00:10  -  Run Remote Usage
		Usr 0 00:00:00, Sys 0 00:00:00  -  Run Local Usage
		Usr 0 01:17:28, Sys 0 00:00:10  -  Total Remote Usage
		Usr 0 00:00:00, Sys 0 00:00:00  -  Total Local Usage
	0  -  Run Bytes Sent By Job
	7584148  -  Run Bytes Received By Job
	0  -  Total Bytes Sent By Job
	7584148  -  Total Bytes Received By Job
	Partitionable Resources :    Usage  Request Allocated 
	   Cpus                 :     0.99        4         4 
	   Disk (KB)            : 32657        7500     10906 
	   GPUs                 :                           0 
	   Memory (MB)          :    37       12000     12000 
	   TimeExecute (s)      :  4707                       
	   TimeSlotBusy (s)     :  4708                       

	Job terminated of its own accord at 2025-12-16T17:08:43Z with exit-code 0.
...
