000 (10613550.265.000) 12/16 14:40:59 Job submitted from host: <188.185.71.83:9618?addrs=188.185.71.83-9618+[2001-1458-d00-7--100-34d]-9618&alias=bigbird18.cern.ch&noUDP&sock=schedd_5052_d48c>
...
040 (10613550.265.000) 12/16 15:49:28 Started transferring input files
	Transferring to host: <188.185.212.81:9618?addrs=188.185.212.81-9618+[2001-1458-303-18--100-4d]-9618&alias=b9p25p9238.cern.ch&noUDP&sock=slot1_1_5371_1af3_89738>
...
040 (10613550.265.000) 12/16 15:49:28 Finished transferring input files
...
001 (10613550.265.000) 12/16 15:49:28 Job executing on host: <188.185.212.81:9618?addrs=188.185.212.81-9618+[2001-1458-303-18--100-4d]-9618&alias=b9p25p9238.cern.ch&noUDP&sock=startd_4436_4e35>
	SlotName: slot1_1@b9p25p9238.cern.ch
	CondorScratchDir = "/pool/condor/dir_706666"
	Cpus = 4
	Disk = 11063
	GPUs = 0
	Memory = 12000
...
006 (10613550.265.000) 12/16 15:49:43 Image size of job updated: 37412
	37  -  MemoryUsage of job (MB)
	37412  -  ResidentSetSize of job (KB)
...
006 (10613550.265.000) 12/16 15:54:44 Image size of job updated: 37832
	37  -  MemoryUsage of job (MB)
	37412  -  ResidentSetSize of job (KB)
...
040 (10613550.265.000) 12/16 17:15:03 Started transferring output files
...
040 (10613550.265.000) 12/16 17:15:04 Finished transferring output files
...
005 (10613550.265.000) 12/16 17:15:04 Job terminated.
	(1) Normal termination (return value 0)
		Usr 0 01:24:17, Sys 0 00:00:09  -  Run Remote Usage
		Usr 0 00:00:00, Sys 0 00:00:00  -  Run Local Usage
		Usr 0 01:24:17, Sys 0 00:00:09  -  Total Remote Usage
		Usr 0 00:00:00, Sys 0 00:00:00  -  Total Local Usage
	0  -  Run Bytes Sent By Job
	7584148  -  Run Bytes Received By Job
	0  -  Total Bytes Sent By Job
	7584148  -  Total Bytes Received By Job
	Partitionable Resources :    Usage  Request Allocated 
	   Cpus                 :     0.99        4         4 
	   Disk (KB)            : 32521        7500     11063 
	   GPUs                 :                           0 
	   Memory (MB)          :    37       12000     12000 
	   TimeExecute (s)      :  5135                       
	   TimeSlotBusy (s)     :  5136                       

	Job terminated of its own accord at 2025-12-16T16:15:03Z with exit-code 0.
...
