000 (10613550.799.000) 12/16 14:41:00 Job submitted from host: <188.185.71.83:9618?addrs=188.185.71.83-9618+[2001-1458-d00-7--100-34d]-9618&alias=bigbird18.cern.ch&noUDP&sock=schedd_5052_d48c>
...
040 (10613550.799.000) 12/16 16:50:35 Started transferring input files
	Transferring to host: <128.142.33.222:9618?addrs=128.142.33.222-9618+[2001-1458-301-39--100-1b]-9618&alias=b9g24p9189.cern.ch&noUDP&sock=slot1_13_3714980_3b96_13758>
...
040 (10613550.799.000) 12/16 16:50:35 Finished transferring input files
...
001 (10613550.799.000) 12/16 16:50:35 Job executing on host: <128.142.33.222:9618?addrs=128.142.33.222-9618+[2001-1458-301-39--100-1b]-9618&alias=b9g24p9189.cern.ch&noUDP&sock=startd_2888_819a>
	SlotName: slot1_13@b9g24p9189.cern.ch
	CondorScratchDir = "/pool/condor/dir_1179676"
	Cpus = 4
	Disk = 10888
	GPUs = 0
	Memory = 12000
...
006 (10613550.799.000) 12/16 16:50:49 Image size of job updated: 37464
	37  -  MemoryUsage of job (MB)
	37464  -  ResidentSetSize of job (KB)
...
006 (10613550.799.000) 12/16 16:55:50 Image size of job updated: 37884
	37  -  MemoryUsage of job (MB)
	37464  -  ResidentSetSize of job (KB)
...
006 (10613550.799.000) 12/16 18:01:21 Image size of job updated: 118412
	37  -  MemoryUsage of job (MB)
	37464  -  ResidentSetSize of job (KB)
...
040 (10613550.799.000) 12/16 18:01:21 Started transferring output files
...
040 (10613550.799.000) 12/16 18:01:21 Finished transferring output files
...
005 (10613550.799.000) 12/16 18:01:22 Job terminated.
	(1) Normal termination (return value 0)
		Usr 0 01:10:04, Sys 0 00:00:05  -  Run Remote Usage
		Usr 0 00:00:00, Sys 0 00:00:00  -  Run Local Usage
		Usr 0 01:10:04, Sys 0 00:00:05  -  Total Remote Usage
		Usr 0 00:00:00, Sys 0 00:00:00  -  Total Local Usage
	0  -  Run Bytes Sent By Job
	7584148  -  Run Bytes Received By Job
	0  -  Total Bytes Sent By Job
	7584148  -  Total Bytes Received By Job
	Partitionable Resources :    Usage  Request Allocated 
	   Cpus                 :     0.99        4         4 
	   Disk (KB)            : 33151        7500     10888 
	   GPUs                 :                           0 
	   Memory (MB)          :    37       12000     12000 
	   TimeExecute (s)      :  4246                       
	   TimeSlotBusy (s)     :  4246                       

	Job terminated of its own accord at 2025-12-16T17:01:21Z with exit-code 0.
...
