000 (10610888.606.000) 12/16 07:14:44 Job submitted from host: <188.185.71.83:9618?addrs=188.185.71.83-9618+[2001-1458-d00-7--100-34d]-9618&alias=bigbird18.cern.ch&noUDP&sock=schedd_5052_d48c>
...
040 (10610888.606.000) 12/16 09:31:17 Started transferring input files
	Transferring to host: <188.185.212.64:9618?addrs=188.185.212.64-9618+[2001-1458-303-18--100-3c]-9618&alias=b9p25p5562.cern.ch&noUDP&sock=slot1_21_5904_a6e9_92396>
...
040 (10610888.606.000) 12/16 09:31:17 Finished transferring input files
...
001 (10610888.606.000) 12/16 09:31:17 Job executing on host: <188.185.212.64:9618?addrs=188.185.212.64-9618+[2001-1458-303-18--100-3c]-9618&alias=b9p25p5562.cern.ch&noUDP&sock=startd_5128_f5bf>
	SlotName: slot1_21@b9p25p5562.cern.ch
	CondorScratchDir = "/pool/condor/dir_366488"
	Cpus = 4
	Disk = 11064
	GPUs = 0
	Memory = 12000
...
006 (10610888.606.000) 12/16 09:31:31 Image size of job updated: 37492
	37  -  MemoryUsage of job (MB)
	37492  -  ResidentSetSize of job (KB)
...
006 (10610888.606.000) 12/16 09:36:31 Image size of job updated: 37912
	37  -  MemoryUsage of job (MB)
	37492  -  ResidentSetSize of job (KB)
...
006 (10610888.606.000) 12/16 10:57:09 Image size of job updated: 118452
	37  -  MemoryUsage of job (MB)
	37492  -  ResidentSetSize of job (KB)
...
040 (10610888.606.000) 12/16 10:57:09 Started transferring output files
...
040 (10610888.606.000) 12/16 10:57:10 Finished transferring output files
...
005 (10610888.606.000) 12/16 10:57:10 Job terminated.
	(1) Normal termination (return value 0)
		Usr 0 01:24:33, Sys 0 00:00:07  -  Run Remote Usage
		Usr 0 00:00:00, Sys 0 00:00:00  -  Run Local Usage
		Usr 0 01:24:33, Sys 0 00:00:07  -  Total Remote Usage
		Usr 0 00:00:00, Sys 0 00:00:00  -  Total Local Usage
	0  -  Run Bytes Sent By Job
	7584148  -  Run Bytes Received By Job
	0  -  Total Bytes Sent By Job
	7584148  -  Total Bytes Received By Job
	Partitionable Resources :    Usage  Request Allocated 
	   Cpus                 :     0.99        4         4 
	   Disk (KB)            : 32661        7500     11064 
	   GPUs                 :                           0 
	   Memory (MB)          :    37       12000     12000 
	   TimeExecute (s)      :  5152                       
	   TimeSlotBusy (s)     :  5153                       

	Job terminated of its own accord at 2025-12-16T09:57:09Z with exit-code 0.
...
