000 (10613549.724.000) 12/16 14:40:45 Job submitted from host: <188.185.71.83:9618?addrs=188.185.71.83-9618+[2001-1458-d00-7--100-34d]-9618&alias=bigbird18.cern.ch&noUDP&sock=schedd_5052_d48c>
...
040 (10613549.724.000) 12/16 15:31:35 Started transferring input files
	Transferring to host: <188.185.195.111:9618?addrs=188.185.195.111-9618+[2001-1458-303-22--100-6b]-9618&alias=b9p17p0693.cern.ch&noUDP&sock=slot1_17_5778_dfa4_85604>
...
040 (10613549.724.000) 12/16 15:31:35 Finished transferring input files
...
001 (10613549.724.000) 12/16 15:31:35 Job executing on host: <188.185.195.111:9618?addrs=188.185.195.111-9618+[2001-1458-303-22--100-6b]-9618&alias=b9p17p0693.cern.ch&noUDP&sock=startd_4542_033f>
	SlotName: slot1_17@b9p17p0693.cern.ch
	CondorScratchDir = "/pool/condor/dir_1028610"
	Cpus = 4
	Disk = 11053
	GPUs = 0
	Memory = 12000
...
006 (10613549.724.000) 12/16 15:31:49 Image size of job updated: 40060
	40  -  MemoryUsage of job (MB)
	40060  -  ResidentSetSize of job (KB)
...
006 (10613549.724.000) 12/16 15:36:50 Image size of job updated: 40480
	40  -  MemoryUsage of job (MB)
	40060  -  ResidentSetSize of job (KB)
...
040 (10613549.724.000) 12/16 17:29:06 Started transferring output files
...
040 (10613549.724.000) 12/16 17:29:06 Finished transferring output files
...
005 (10613549.724.000) 12/16 17:29:06 Job terminated.
	(1) Normal termination (return value 0)
		Usr 0 01:56:23, Sys 0 00:00:05  -  Run Remote Usage
		Usr 0 00:00:00, Sys 0 00:00:00  -  Run Local Usage
		Usr 0 01:56:23, Sys 0 00:00:05  -  Total Remote Usage
		Usr 0 00:00:00, Sys 0 00:00:00  -  Total Local Usage
	0  -  Run Bytes Sent By Job
	7584148  -  Run Bytes Received By Job
	0  -  Total Bytes Sent By Job
	7584148  -  Total Bytes Received By Job
	Partitionable Resources :    Usage  Request Allocated 
	   Cpus                 :     1.00        4         4 
	   Disk (KB)            : 33816        7500     11053 
	   GPUs                 :                           0 
	   Memory (MB)          :    40       12000     12000 
	   TimeExecute (s)      :  7050                       
	   TimeSlotBusy (s)     :  7051                       

	Job terminated of its own accord at 2025-12-16T16:29:05Z with exit-code 0.
...
