000 (10610887.156.000) 12/16 07:14:31 Job submitted from host: <188.185.71.83:9618?addrs=188.185.71.83-9618+[2001-1458-d00-7--100-34d]-9618&alias=bigbird18.cern.ch&noUDP&sock=schedd_5052_d48c>
...
040 (10610887.156.000) 12/16 07:44:41 Started transferring input files
	Transferring to host: <188.185.215.64:9618?addrs=188.185.215.64-9618+[2001-1458-303-1e--100-3c]-9618&alias=b9p31p9925.cern.ch&noUDP&sock=slot1_1_4071_233f_92850>
...
040 (10610887.156.000) 12/16 07:44:41 Finished transferring input files
...
001 (10610887.156.000) 12/16 07:44:41 Job executing on host: <188.185.215.64:9618?addrs=188.185.215.64-9618+[2001-1458-303-1e--100-3c]-9618&alias=b9p31p9925.cern.ch&noUDP&sock=startd_3400_b217>
	SlotName: slot1_1@b9p31p9925.cern.ch
	CondorScratchDir = "/pool/condor/dir_2375698"
	Cpus = 4
	Disk = 10922
	GPUs = 0
	Memory = 12000
...
006 (10610887.156.000) 12/16 07:44:55 Image size of job updated: 26696
	27  -  MemoryUsage of job (MB)
	26696  -  ResidentSetSize of job (KB)
...
006 (10610887.156.000) 12/16 07:49:56 Image size of job updated: 27116
	27  -  MemoryUsage of job (MB)
	26696  -  ResidentSetSize of job (KB)
...
040 (10610887.156.000) 12/16 09:23:12 Started transferring output files
...
040 (10610887.156.000) 12/16 09:23:12 Finished transferring output files
...
005 (10610887.156.000) 12/16 09:23:13 Job terminated.
	(1) Normal termination (return value 0)
		Usr 0 01:36:35, Sys 0 00:00:14  -  Run Remote Usage
		Usr 0 00:00:00, Sys 0 00:00:00  -  Run Local Usage
		Usr 0 01:36:35, Sys 0 00:00:14  -  Total Remote Usage
		Usr 0 00:00:00, Sys 0 00:00:00  -  Total Local Usage
	0  -  Run Bytes Sent By Job
	7584148  -  Run Bytes Received By Job
	0  -  Total Bytes Sent By Job
	7584148  -  Total Bytes Received By Job
	Partitionable Resources :    Usage  Request Allocated 
	   Cpus                 :     0.99        4         4 
	   Disk (KB)            : 32941        7500     10922 
	   GPUs                 :                           0 
	   Memory (MB)          :    27       12000     12000 
	   TimeExecute (s)      :  5910                       
	   TimeSlotBusy (s)     :  5912                       

	Job terminated of its own accord at 2025-12-16T08:23:11Z with exit-code 0.
...
