000 (10610889.069.000) 12/16 07:15:00 Job submitted from host: <188.185.71.83:9618?addrs=188.185.71.83-9618+[2001-1458-d00-7--100-34d]-9618&alias=bigbird18.cern.ch&noUDP&sock=schedd_5052_d48c>
...
040 (10610889.069.000) 12/16 10:34:32 Started transferring input files
	Transferring to host: <188.185.195.168:9618?addrs=188.185.195.168-9618+[2001-1458-303-22--100-a4]-9618&alias=b9p17p5224.cern.ch&noUDP&sock=slot1_6_8648_0c59_85185>
...
040 (10610889.069.000) 12/16 10:34:32 Finished transferring input files
...
001 (10610889.069.000) 12/16 10:34:32 Job executing on host: <188.185.195.168:9618?addrs=188.185.195.168-9618+[2001-1458-303-22--100-a4]-9618&alias=b9p17p5224.cern.ch&noUDP&sock=startd_7714_bda8>
	SlotName: slot1_6@b9p17p5224.cern.ch
	CondorScratchDir = "/pool/condor/dir_3061665"
	Cpus = 4
	Disk = 11368
	GPUs = 0
	Memory = 12000
...
006 (10610889.069.000) 12/16 10:34:46 Image size of job updated: 40036
	40  -  MemoryUsage of job (MB)
	40036  -  ResidentSetSize of job (KB)
...
006 (10610889.069.000) 12/16 10:39:47 Image size of job updated: 40456
	40  -  MemoryUsage of job (MB)
	40036  -  ResidentSetSize of job (KB)
...
006 (10610889.069.000) 12/16 12:22:36 Image size of job updated: 120992
	40  -  MemoryUsage of job (MB)
	40036  -  ResidentSetSize of job (KB)
...
040 (10610889.069.000) 12/16 12:22:36 Started transferring output files
...
040 (10610889.069.000) 12/16 12:22:37 Finished transferring output files
...
005 (10610889.069.000) 12/16 12:22:37 Job terminated.
	(1) Normal termination (return value 0)
		Usr 0 01:47:07, Sys 0 00:00:06  -  Run Remote Usage
		Usr 0 00:00:00, Sys 0 00:00:00  -  Run Local Usage
		Usr 0 01:47:07, Sys 0 00:00:06  -  Total Remote Usage
		Usr 0 00:00:00, Sys 0 00:00:00  -  Total Local Usage
	0  -  Run Bytes Sent By Job
	7584148  -  Run Bytes Received By Job
	0  -  Total Bytes Sent By Job
	7584148  -  Total Bytes Received By Job
	Partitionable Resources :    Usage  Request Allocated 
	   Cpus                 :     1.00        4         4 
	   Disk (KB)            : 33361        7500     11368 
	   GPUs                 :                           0 
	   Memory (MB)          :    40       12000     12000 
	   TimeExecute (s)      :  6484                       
	   TimeSlotBusy (s)     :  6485                       

	Job terminated of its own accord at 2025-12-16T11:22:36Z with exit-code 0.
...
