000 (10610888.868.000) 12/16 07:14:45 Job submitted from host: <188.185.71.83:9618?addrs=188.185.71.83-9618+[2001-1458-d00-7--100-34d]-9618&alias=bigbird18.cern.ch&noUDP&sock=schedd_5052_d48c>
...
040 (10610888.868.000) 12/16 09:48:13 Started transferring input files
	Transferring to host: <188.185.204.147:9618?addrs=188.185.204.147-9618+[2001-1458-303-8--100-87]-9618&alias=b9p02p8294.cern.ch&noUDP&sock=slot1_11_10654_74ea_79276>
...
040 (10610888.868.000) 12/16 09:48:13 Finished transferring input files
...
001 (10610888.868.000) 12/16 09:48:13 Job executing on host: <188.185.204.147:9618?addrs=188.185.204.147-9618+[2001-1458-303-8--100-87]-9618&alias=b9p02p8294.cern.ch&noUDP&sock=startd_9123_3299>
	SlotName: slot1_11@b9p02p8294.cern.ch
	CondorScratchDir = "/pool/condor/dir_3682670"
	Cpus = 4
	Disk = 10796
	GPUs = 0
	Memory = 12000
...
006 (10610888.868.000) 12/16 09:48:27 Image size of job updated: 39648
	39  -  MemoryUsage of job (MB)
	39648  -  ResidentSetSize of job (KB)
...
006 (10610888.868.000) 12/16 09:53:28 Image size of job updated: 40028
	39  -  MemoryUsage of job (MB)
	39648  -  ResidentSetSize of job (KB)
...
006 (10610888.868.000) 12/16 11:34:42 Image size of job updated: 120672
	39  -  MemoryUsage of job (MB)
	39648  -  ResidentSetSize of job (KB)
...
040 (10610888.868.000) 12/16 11:34:43 Started transferring output files
...
040 (10610888.868.000) 12/16 11:34:43 Finished transferring output files
...
005 (10610888.868.000) 12/16 11:34:43 Job terminated.
	(1) Normal termination (return value 0)
		Usr 0 01:44:44, Sys 0 00:00:10  -  Run Remote Usage
		Usr 0 00:00:00, Sys 0 00:00:00  -  Run Local Usage
		Usr 0 01:44:44, Sys 0 00:00:10  -  Total Remote Usage
		Usr 0 00:00:00, Sys 0 00:00:00  -  Total Local Usage
	0  -  Run Bytes Sent By Job
	7584148  -  Run Bytes Received By Job
	0  -  Total Bytes Sent By Job
	7584148  -  Total Bytes Received By Job
	Partitionable Resources :    Usage  Request Allocated 
	   Cpus                 :     0.99        4         4 
	   Disk (KB)            : 33829        7500     10796 
	   GPUs                 :                           0 
	   Memory (MB)          :    39       12000     12000 
	   TimeExecute (s)      :  6389                       
	   TimeSlotBusy (s)     :  6391                       

	Job terminated of its own accord at 2025-12-16T10:34:42Z with exit-code 0.
...
