000 (10610888.717.000) 12/16 07:14:44 Job submitted from host: <188.185.71.83:9618?addrs=188.185.71.83-9618+[2001-1458-d00-7--100-34d]-9618&alias=bigbird18.cern.ch&noUDP&sock=schedd_5052_d48c>
...
040 (10610888.717.000) 12/16 09:36:51 Started transferring input files
	Transferring to host: <128.142.196.38:9618?addrs=128.142.196.38-9618+[2001-1458-301-3c--100-24]-9618&alias=b9g32p1957.cern.ch&noUDP&sock=slot1_2_3254_7cbd_96604>
...
040 (10610888.717.000) 12/16 09:36:51 Finished transferring input files
...
001 (10610888.717.000) 12/16 09:36:51 Job executing on host: <128.142.196.38:9618?addrs=128.142.196.38-9618+[2001-1458-301-3c--100-24]-9618&alias=b9g32p1957.cern.ch&noUDP&sock=startd_2815_6f30>
	SlotName: slot1_2@b9g32p1957.cern.ch
	CondorScratchDir = "/pool/condor/dir_1170144"
	Cpus = 4
	Disk = 11030
	GPUs = 0
	Memory = 12000
...
006 (10610888.717.000) 12/16 09:37:05 Image size of job updated: 40076
	40  -  MemoryUsage of job (MB)
	40076  -  ResidentSetSize of job (KB)
...
006 (10610888.717.000) 12/16 09:42:06 Image size of job updated: 40496
	40  -  MemoryUsage of job (MB)
	40076  -  ResidentSetSize of job (KB)
...
040 (10610888.717.000) 12/16 11:07:02 Started transferring output files
...
040 (10610888.717.000) 12/16 11:07:02 Finished transferring output files
...
005 (10610888.717.000) 12/16 11:07:02 Job terminated.
	(1) Normal termination (return value 0)
		Usr 0 01:28:15, Sys 0 00:00:09  -  Run Remote Usage
		Usr 0 00:00:00, Sys 0 00:00:00  -  Run Local Usage
		Usr 0 01:28:15, Sys 0 00:00:09  -  Total Remote Usage
		Usr 0 00:00:00, Sys 0 00:00:00  -  Total Local Usage
	0  -  Run Bytes Sent By Job
	7584148  -  Run Bytes Received By Job
	0  -  Total Bytes Sent By Job
	7584148  -  Total Bytes Received By Job
	Partitionable Resources :    Usage  Request Allocated 
	   Cpus                 :     0.98        4         4 
	   Disk (KB)            : 32659        7500     11030 
	   GPUs                 :                           0 
	   Memory (MB)          :    40       12000     12000 
	   TimeExecute (s)      :  5410                       
	   TimeSlotBusy (s)     :  5411                       

	Job terminated of its own accord at 2025-12-16T10:07:01Z with exit-code 0.
...
