000 (10613549.896.000) 12/16 14:40:45 Job submitted from host: <188.185.71.83:9618?addrs=188.185.71.83-9618+[2001-1458-d00-7--100-34d]-9618&alias=bigbird18.cern.ch&noUDP&sock=schedd_5052_d48c>
...
040 (10613549.896.000) 12/16 15:34:42 Started transferring input files
	Transferring to host: <188.185.212.38:9618?addrs=188.185.212.38-9618+[2001-1458-303-18--100-22]-9618&alias=b9p25p7899.cern.ch&noUDP&sock=slot1_16_4357_a68a_93367>
...
040 (10613549.896.000) 12/16 15:34:42 Finished transferring input files
...
001 (10613549.896.000) 12/16 15:34:42 Job executing on host: <188.185.212.38:9618?addrs=188.185.212.38-9618+[2001-1458-303-18--100-22]-9618&alias=b9p25p7899.cern.ch&noUDP&sock=startd_3675_52a3>
	SlotName: slot1_16@b9p25p7899.cern.ch
	CondorScratchDir = "/pool/condor/dir_3788716"
	Cpus = 4
	Disk = 10943
	GPUs = 0
	Memory = 12000
...
006 (10613549.896.000) 12/16 15:34:56 Image size of job updated: 37464
	37  -  MemoryUsage of job (MB)
	37464  -  ResidentSetSize of job (KB)
...
006 (10613549.896.000) 12/16 15:39:57 Image size of job updated: 37884
	37  -  MemoryUsage of job (MB)
	37464  -  ResidentSetSize of job (KB)
...
040 (10613549.896.000) 12/16 16:59:09 Started transferring output files
...
040 (10613549.896.000) 12/16 16:59:09 Finished transferring output files
...
005 (10613549.896.000) 12/16 16:59:09 Job terminated.
	(1) Normal termination (return value 0)
		Usr 0 01:23:20, Sys 0 00:00:07  -  Run Remote Usage
		Usr 0 00:00:00, Sys 0 00:00:00  -  Run Local Usage
		Usr 0 01:23:20, Sys 0 00:00:07  -  Total Remote Usage
		Usr 0 00:00:00, Sys 0 00:00:00  -  Total Local Usage
	0  -  Run Bytes Sent By Job
	7584148  -  Run Bytes Received By Job
	0  -  Total Bytes Sent By Job
	7584148  -  Total Bytes Received By Job
	Partitionable Resources :    Usage  Request Allocated 
	   Cpus                 :     0.99        4         4 
	   Disk (KB)            : 32574        7500     10943 
	   GPUs                 :                           0 
	   Memory (MB)          :    37       12000     12000 
	   TimeExecute (s)      :  5066                       
	   TimeSlotBusy (s)     :  5067                       

	Job terminated of its own accord at 2025-12-16T15:59:08Z with exit-code 0.
...
