000 (10610887.037.000) 12/16 07:14:31 Job submitted from host: <188.185.71.83:9618?addrs=188.185.71.83-9618+[2001-1458-d00-7--100-34d]-9618&alias=bigbird18.cern.ch&noUDP&sock=schedd_5052_d48c>
...
040 (10610887.037.000) 12/16 07:20:30 Started transferring input files
	Transferring to host: <188.185.205.216:9618?addrs=188.185.205.216-9618+[2001-1458-303-a--100-55]-9618&alias=b9p04p2069.cern.ch&noUDP&sock=slot1_23_6364_c37c_76929>
...
040 (10610887.037.000) 12/16 07:20:30 Finished transferring input files
...
001 (10610887.037.000) 12/16 07:20:30 Job executing on host: <188.185.205.216:9618?addrs=188.185.205.216-9618+[2001-1458-303-a--100-55]-9618&alias=b9p04p2069.cern.ch&noUDP&sock=startd_5470_8b22>
	SlotName: slot1_23@b9p04p2069.cern.ch
	CondorScratchDir = "/pool/condor/dir_2786387"
	Cpus = 4
	Disk = 10797
	GPUs = 0
	Memory = 12000
...
006 (10610887.037.000) 12/16 07:20:45 Image size of job updated: 40192
	40  -  MemoryUsage of job (MB)
	40192  -  ResidentSetSize of job (KB)
...
006 (10610887.037.000) 12/16 07:25:45 Image size of job updated: 40220
	40  -  MemoryUsage of job (MB)
	40192  -  ResidentSetSize of job (KB)
...
006 (10610887.037.000) 12/16 09:02:17 Image size of job updated: 120936
	40  -  MemoryUsage of job (MB)
	40192  -  ResidentSetSize of job (KB)
...
040 (10610887.037.000) 12/16 09:02:18 Started transferring output files
...
040 (10610887.037.000) 12/16 09:02:18 Finished transferring output files
...
005 (10610887.037.000) 12/16 09:02:18 Job terminated.
	(1) Normal termination (return value 0)
		Usr 0 01:40:02, Sys 0 00:00:11  -  Run Remote Usage
		Usr 0 00:00:00, Sys 0 00:00:00  -  Run Local Usage
		Usr 0 01:40:02, Sys 0 00:00:11  -  Total Remote Usage
		Usr 0 00:00:00, Sys 0 00:00:00  -  Total Local Usage
	0  -  Run Bytes Sent By Job
	7584148  -  Run Bytes Received By Job
	0  -  Total Bytes Sent By Job
	7584148  -  Total Bytes Received By Job
	Partitionable Resources :    Usage  Request Allocated 
	   Cpus                 :     0.98        4         4 
	   Disk (KB)            : 32993        7500     10797 
	   GPUs                 :                           0 
	   Memory (MB)          :    40       12000     12000 
	   TimeExecute (s)      :  6107                       
	   TimeSlotBusy (s)     :  6108                       

	Job terminated of its own accord at 2025-12-16T08:02:17Z with exit-code 0.
...
