000 (10613550.876.000) 12/16 14:41:00 Job submitted from host: <188.185.71.83:9618?addrs=188.185.71.83-9618+[2001-1458-d00-7--100-34d]-9618&alias=bigbird18.cern.ch&noUDP&sock=schedd_5052_d48c>
...
040 (10613550.876.000) 12/16 16:52:32 Started transferring input files
	Transferring to host: <188.185.210.143:9618?addrs=188.185.210.143-9618+[2001-1458-303-15--100-b]-9618&alias=b9p22p5953.cern.ch&noUDP&sock=slot1_3_7814_6b77_90545>
...
040 (10613550.876.000) 12/16 16:52:32 Finished transferring input files
...
001 (10613550.876.000) 12/16 16:52:32 Job executing on host: <188.185.210.143:9618?addrs=188.185.210.143-9618+[2001-1458-303-15--100-b]-9618&alias=b9p22p5953.cern.ch&noUDP&sock=startd_7166_dbc2>
	SlotName: slot1_3@b9p22p5953.cern.ch
	CondorScratchDir = "/pool/condor/dir_4130890"
	Cpus = 4
	Disk = 10809
	GPUs = 0
	Memory = 12000
...
006 (10613550.876.000) 12/16 16:52:46 Image size of job updated: 36416
	36  -  MemoryUsage of job (MB)
	36416  -  ResidentSetSize of job (KB)
...
006 (10613550.876.000) 12/16 16:57:47 Image size of job updated: 36836
	36  -  MemoryUsage of job (MB)
	36416  -  ResidentSetSize of job (KB)
...
006 (10613550.876.000) 12/16 18:08:33 Image size of job updated: 64484
	36  -  MemoryUsage of job (MB)
	36416  -  ResidentSetSize of job (KB)
...
040 (10613550.876.000) 12/16 18:08:33 Started transferring output files
...
040 (10613550.876.000) 12/16 18:08:34 Finished transferring output files
...
005 (10613550.876.000) 12/16 18:08:34 Job terminated.
	(1) Normal termination (return value 0)
		Usr 0 01:15:16, Sys 0 00:00:05  -  Run Remote Usage
		Usr 0 00:00:00, Sys 0 00:00:00  -  Run Local Usage
		Usr 0 01:15:16, Sys 0 00:00:05  -  Total Remote Usage
		Usr 0 00:00:00, Sys 0 00:00:00  -  Total Local Usage
	0  -  Run Bytes Sent By Job
	7584148  -  Run Bytes Received By Job
	0  -  Total Bytes Sent By Job
	7584148  -  Total Bytes Received By Job
	Partitionable Resources :    Usage  Request Allocated 
	   Cpus                 :     0.99        4         4 
	   Disk (KB)            : 33325        7500     10809 
	   GPUs                 :                           0 
	   Memory (MB)          :    36       12000     12000 
	   TimeExecute (s)      :  4561                       
	   TimeSlotBusy (s)     :  4562                       

	Job terminated of its own accord at 2025-12-16T17:08:33Z with exit-code 0.
...
