000 (10610888.466.000) 12/16 07:14:44 Job submitted from host: <188.185.71.83:9618?addrs=188.185.71.83-9618+[2001-1458-d00-7--100-34d]-9618&alias=bigbird18.cern.ch&noUDP&sock=schedd_5052_d48c>
...
040 (10610888.466.000) 12/16 09:25:49 Started transferring input files
	Transferring to host: <188.185.208.52:9618?addrs=188.185.208.52-9618+[2001-1458-303-f--100-31]-9618&alias=b9p09p4575.cern.ch&noUDP&sock=slot1_21_4493_7990_76283>
...
001 (10610888.466.000) 12/16 09:25:49 Job executing on host: <188.185.208.52:9618?addrs=188.185.208.52-9618+[2001-1458-303-f--100-31]-9618&alias=b9p09p4575.cern.ch&noUDP&sock=startd_3745_5644>
	SlotName: slot1_21@b9p09p4575.cern.ch
	CondorScratchDir = "/pool/condor/dir_3441841"
	Cpus = 4
	Disk = 10811
	GPUs = 0
	Memory = 12000
...
040 (10610888.466.000) 12/16 09:25:49 Finished transferring input files
...
006 (10610888.466.000) 12/16 09:26:03 Image size of job updated: 41840
	41  -  MemoryUsage of job (MB)
	41840  -  ResidentSetSize of job (KB)
...
006 (10610888.466.000) 12/16 09:31:04 Image size of job updated: 42220
	41  -  MemoryUsage of job (MB)
	41840  -  ResidentSetSize of job (KB)
...
040 (10610888.466.000) 12/16 10:51:08 Started transferring output files
...
040 (10610888.466.000) 12/16 10:51:09 Finished transferring output files
...
005 (10610888.466.000) 12/16 10:51:09 Job terminated.
	(1) Normal termination (return value 0)
		Usr 0 01:24:00, Sys 0 00:00:09  -  Run Remote Usage
		Usr 0 00:00:00, Sys 0 00:00:00  -  Run Local Usage
		Usr 0 01:24:00, Sys 0 00:00:09  -  Total Remote Usage
		Usr 0 00:00:00, Sys 0 00:00:00  -  Total Local Usage
	0  -  Run Bytes Sent By Job
	7584148  -  Run Bytes Received By Job
	0  -  Total Bytes Sent By Job
	7584148  -  Total Bytes Received By Job
	Partitionable Resources :    Usage  Request Allocated 
	   Cpus                 :     0.99        4         4 
	   Disk (KB)            : 32081        7500     10811 
	   GPUs                 :                           0 
	   Memory (MB)          :    41       12000     12000 
	   TimeExecute (s)      :  5119                       
	   TimeSlotBusy (s)     :  5121                       

	Job terminated of its own accord at 2025-12-16T09:51:08Z with exit-code 0.
...
