000 (10610887.441.000) 12/16 07:14:31 Job submitted from host: <188.185.71.83:9618?addrs=188.185.71.83-9618+[2001-1458-d00-7--100-34d]-9618&alias=bigbird18.cern.ch&noUDP&sock=schedd_5052_d48c>
...
040 (10610887.441.000) 12/16 07:50:08 Started transferring input files
	Transferring to host: <188.185.192.92:9618?addrs=188.185.192.92-9618+[2001-1458-303-1f--100-58]-9618&alias=b9p13p0561.cern.ch&noUDP&sock=slot1_8_5577_403c_85589>
...
040 (10610887.441.000) 12/16 07:50:08 Finished transferring input files
...
001 (10610887.441.000) 12/16 07:50:08 Job executing on host: <188.185.192.92:9618?addrs=188.185.192.92-9618+[2001-1458-303-1f--100-58]-9618&alias=b9p13p0561.cern.ch&noUDP&sock=startd_4037_9feb>
	SlotName: slot1_8@b9p13p0561.cern.ch
	CondorScratchDir = "/pool/condor/dir_145388"
	Cpus = 4
	Disk = 11081
	GPUs = 0
	Memory = 12000
...
006 (10610887.441.000) 12/16 07:50:22 Image size of job updated: 42608
	42  -  MemoryUsage of job (MB)
	42608  -  ResidentSetSize of job (KB)
...
006 (10610887.441.000) 12/16 07:55:23 Image size of job updated: 42700
	42  -  MemoryUsage of job (MB)
	42608  -  ResidentSetSize of job (KB)
...
006 (10610887.441.000) 12/16 10:08:44 Image size of job updated: 123280
	42  -  MemoryUsage of job (MB)
	42608  -  ResidentSetSize of job (KB)
...
040 (10610887.441.000) 12/16 10:08:45 Started transferring output files
...
040 (10610887.441.000) 12/16 10:08:45 Finished transferring output files
...
005 (10610887.441.000) 12/16 10:08:45 Job terminated.
	(1) Normal termination (return value 0)
		Usr 0 02:15:51, Sys 0 00:00:14  -  Run Remote Usage
		Usr 0 00:00:00, Sys 0 00:00:00  -  Run Local Usage
		Usr 0 02:15:51, Sys 0 00:00:14  -  Total Remote Usage
		Usr 0 00:00:00, Sys 0 00:00:00  -  Total Local Usage
	0  -  Run Bytes Sent By Job
	7584148  -  Run Bytes Received By Job
	0  -  Total Bytes Sent By Job
	7584148  -  Total Bytes Received By Job
	Partitionable Resources :    Usage  Request Allocated 
	   Cpus                 :     0.99        4         4 
	   Disk (KB)            : 33650        7500     11081 
	   GPUs                 :                           0 
	   Memory (MB)          :    42       12000     12000 
	   TimeExecute (s)      :  8316                       
	   TimeSlotBusy (s)     :  8317                       

	Job terminated of its own accord at 2025-12-16T09:08:44Z with exit-code 0.
...
