000 (10613550.405.000) 12/16 14:40:59 Job submitted from host: <188.185.71.83:9618?addrs=188.185.71.83-9618+[2001-1458-d00-7--100-34d]-9618&alias=bigbird18.cern.ch&noUDP&sock=schedd_5052_d48c>
...
040 (10613550.405.000) 12/16 16:02:07 Started transferring input files
	Transferring to host: <188.185.209.55:9618?addrs=188.185.209.55-9618+[2001-1458-303-11--100-34]-9618&alias=b9p11p5238.cern.ch&noUDP&sock=slot1_11_7178_4cdd_84669>
...
040 (10613550.405.000) 12/16 16:02:07 Finished transferring input files
...
001 (10613550.405.000) 12/16 16:02:07 Job executing on host: <188.185.209.55:9618?addrs=188.185.209.55-9618+[2001-1458-303-11--100-34]-9618&alias=b9p11p5238.cern.ch&noUDP&sock=startd_6238_53df>
	SlotName: slot1_11@b9p11p5238.cern.ch
	CondorScratchDir = "/pool/condor/dir_2292038"
	Cpus = 4
	Disk = 11047
	GPUs = 0
	Memory = 12000
...
006 (10613550.405.000) 12/16 16:02:21 Image size of job updated: 39220
	39  -  MemoryUsage of job (MB)
	39220  -  ResidentSetSize of job (KB)
...
006 (10613550.405.000) 12/16 16:07:21 Image size of job updated: 39648
	39  -  MemoryUsage of job (MB)
	39220  -  ResidentSetSize of job (KB)
...
006 (10613550.405.000) 12/16 17:53:19 Image size of job updated: 45064
	39  -  MemoryUsage of job (MB)
	39220  -  ResidentSetSize of job (KB)
...
040 (10613550.405.000) 12/16 17:53:19 Started transferring output files
...
040 (10613550.405.000) 12/16 17:53:20 Finished transferring output files
...
005 (10613550.405.000) 12/16 17:53:20 Job terminated.
	(1) Normal termination (return value 0)
		Usr 0 01:47:28, Sys 0 00:00:21  -  Run Remote Usage
		Usr 0 00:00:00, Sys 0 00:00:00  -  Run Local Usage
		Usr 0 01:47:28, Sys 0 00:00:21  -  Total Remote Usage
		Usr 0 00:00:00, Sys 0 00:00:00  -  Total Local Usage
	0  -  Run Bytes Sent By Job
	7584148  -  Run Bytes Received By Job
	0  -  Total Bytes Sent By Job
	7584148  -  Total Bytes Received By Job
	Partitionable Resources :    Usage  Request Allocated 
	   Cpus                 :     0.97        4         4 
	   Disk (KB)            : 32581        7500     11047 
	   GPUs                 :                           0 
	   Memory (MB)          :    39       12000     12000 
	   TimeExecute (s)      :  6672                       
	   TimeSlotBusy (s)     :  6673                       

	Job terminated of its own accord at 2025-12-16T16:53:19Z with exit-code 0.
...
