000 (10610887.381.000) 12/16 07:14:31 Job submitted from host: <188.185.71.83:9618?addrs=188.185.71.83-9618+[2001-1458-d00-7--100-34d]-9618&alias=bigbird18.cern.ch&noUDP&sock=schedd_5052_d48c>
...
040 (10610887.381.000) 12/16 07:49:52 Started transferring input files
	Transferring to host: <188.185.213.228:9618?addrs=188.185.213.228-9618+[2001-1458-303-1b--100-60]-9618&alias=b9p28p4003.cern.ch&noUDP&sock=slot1_9_9379_1a96_113509>
...
040 (10610887.381.000) 12/16 07:49:52 Finished transferring input files
...
001 (10610887.381.000) 12/16 07:49:52 Job executing on host: <188.185.213.228:9618?addrs=188.185.213.228-9618+[2001-1458-303-1b--100-60]-9618&alias=b9p28p4003.cern.ch&noUDP&sock=startd_8694_f078>
	SlotName: slot1_9@b9p28p4003.cern.ch
	CondorScratchDir = "/pool/condor/dir_692928"
	Cpus = 4
	Disk = 11064
	GPUs = 0
	Memory = 12000
...
006 (10610887.381.000) 12/16 07:50:06 Image size of job updated: 37456
	37  -  MemoryUsage of job (MB)
	37456  -  ResidentSetSize of job (KB)
...
006 (10610887.381.000) 12/16 07:55:07 Image size of job updated: 37876
	37  -  MemoryUsage of job (MB)
	37456  -  ResidentSetSize of job (KB)
...
040 (10610887.381.000) 12/16 09:08:10 Started transferring output files
...
040 (10610887.381.000) 12/16 09:08:10 Finished transferring output files
...
005 (10610887.381.000) 12/16 09:08:10 Job terminated.
	(1) Normal termination (return value 0)
		Usr 0 01:17:29, Sys 0 00:00:06  -  Run Remote Usage
		Usr 0 00:00:00, Sys 0 00:00:00  -  Run Local Usage
		Usr 0 01:17:29, Sys 0 00:00:06  -  Total Remote Usage
		Usr 0 00:00:00, Sys 0 00:00:00  -  Total Local Usage
	0  -  Run Bytes Sent By Job
	7584148  -  Run Bytes Received By Job
	0  -  Total Bytes Sent By Job
	7584148  -  Total Bytes Received By Job
	Partitionable Resources :    Usage  Request Allocated 
	   Cpus                 :     0.99        4         4 
	   Disk (KB)            : 33070        7500     11064 
	   GPUs                 :                           0 
	   Memory (MB)          :    37       12000     12000 
	   TimeExecute (s)      :  4697                       
	   TimeSlotBusy (s)     :  4698                       

	Job terminated of its own accord at 2025-12-16T08:08:09Z with exit-code 0.
...
