000 (10613549.765.000) 12/16 14:40:45 Job submitted from host: <188.185.71.83:9618?addrs=188.185.71.83-9618+[2001-1458-d00-7--100-34d]-9618&alias=bigbird18.cern.ch&noUDP&sock=schedd_5052_d48c>
...
040 (10613549.765.000) 12/16 15:33:40 Started transferring input files
	Transferring to host: <188.185.211.58:9618?addrs=188.185.211.58-9618+[2001-1458-303-16--100-36]-9618&alias=b9p23p3468.cern.ch&noUDP&sock=slot1_9_7233_0d7f_92485>
...
040 (10613549.765.000) 12/16 15:33:40 Finished transferring input files
...
001 (10613549.765.000) 12/16 15:33:40 Job executing on host: <188.185.211.58:9618?addrs=188.185.211.58-9618+[2001-1458-303-16--100-36]-9618&alias=b9p23p3468.cern.ch&noUDP&sock=startd_6622_b83d>
	SlotName: slot1_9@b9p23p3468.cern.ch
	CondorScratchDir = "/pool/condor/dir_3498633"
	Cpus = 4
	Disk = 11152
	GPUs = 0
	Memory = 12000
...
006 (10613549.765.000) 12/16 15:33:54 Image size of job updated: 37504
	37  -  MemoryUsage of job (MB)
	37504  -  ResidentSetSize of job (KB)
...
006 (10613549.765.000) 12/16 15:38:54 Image size of job updated: 37924
	37  -  MemoryUsage of job (MB)
	37504  -  ResidentSetSize of job (KB)
...
040 (10613549.765.000) 12/16 16:49:39 Started transferring output files
...
040 (10613549.765.000) 12/16 16:49:39 Finished transferring output files
...
005 (10613549.765.000) 12/16 16:49:39 Job terminated.
	(1) Normal termination (return value 0)
		Usr 0 01:15:06, Sys 0 00:00:06  -  Run Remote Usage
		Usr 0 00:00:00, Sys 0 00:00:00  -  Run Local Usage
		Usr 0 01:15:06, Sys 0 00:00:06  -  Total Remote Usage
		Usr 0 00:00:00, Sys 0 00:00:00  -  Total Local Usage
	0  -  Run Bytes Sent By Job
	7584148  -  Run Bytes Received By Job
	0  -  Total Bytes Sent By Job
	7584148  -  Total Bytes Received By Job
	Partitionable Resources :    Usage  Request Allocated 
	   Cpus                 :     0.99        4         4 
	   Disk (KB)            : 32578        7500     11152 
	   GPUs                 :                           0 
	   Memory (MB)          :    37       12000     12000 
	   TimeExecute (s)      :  4558                       
	   TimeSlotBusy (s)     :  4559                       

	Job terminated of its own accord at 2025-12-16T15:49:38Z with exit-code 0.
...
