000 (10610888.561.000) 12/16 07:14:44 Job submitted from host: <188.185.71.83:9618?addrs=188.185.71.83-9618+[2001-1458-d00-7--100-34d]-9618&alias=bigbird18.cern.ch&noUDP&sock=schedd_5052_d48c>
...
040 (10610888.561.000) 12/16 09:29:45 Started transferring input files
	Transferring to host: <188.185.206.207:9618?addrs=188.185.206.207-9618+[2001-1458-303-c--100-4c]-9618&alias=b9p06p6342.cern.ch&noUDP&sock=slot1_15_4320_94a9_86478>
...
040 (10610888.561.000) 12/16 09:29:45 Finished transferring input files
...
001 (10610888.561.000) 12/16 09:29:45 Job executing on host: <188.185.206.207:9618?addrs=188.185.206.207-9618+[2001-1458-303-c--100-4c]-9618&alias=b9p06p6342.cern.ch&noUDP&sock=startd_3898_4841>
	SlotName: slot1_15@b9p06p6342.cern.ch
	CondorScratchDir = "/pool/condor/dir_3945999"
	Cpus = 4
	Disk = 10963
	GPUs = 0
	Memory = 12000
...
006 (10610888.561.000) 12/16 09:29:59 Image size of job updated: 40120
	40  -  MemoryUsage of job (MB)
	40120  -  ResidentSetSize of job (KB)
...
006 (10610888.561.000) 12/16 09:35:00 Image size of job updated: 40148
	40  -  MemoryUsage of job (MB)
	40120  -  ResidentSetSize of job (KB)
...
006 (10610888.561.000) 12/16 11:07:44 Image size of job updated: 120848
	40  -  MemoryUsage of job (MB)
	40120  -  ResidentSetSize of job (KB)
...
040 (10610888.561.000) 12/16 11:07:45 Started transferring output files
...
040 (10610888.561.000) 12/16 11:07:45 Finished transferring output files
...
005 (10610888.561.000) 12/16 11:07:45 Job terminated.
	(1) Normal termination (return value 0)
		Usr 0 01:36:35, Sys 0 00:00:07  -  Run Remote Usage
		Usr 0 00:00:00, Sys 0 00:00:00  -  Run Local Usage
		Usr 0 01:36:35, Sys 0 00:00:07  -  Total Remote Usage
		Usr 0 00:00:00, Sys 0 00:00:00  -  Total Local Usage
	0  -  Run Bytes Sent By Job
	7584148  -  Run Bytes Received By Job
	0  -  Total Bytes Sent By Job
	7584148  -  Total Bytes Received By Job
	Partitionable Resources :    Usage  Request Allocated 
	   Cpus                 :     0.99        4         4 
	   Disk (KB)            : 33629        7500     10963 
	   GPUs                 :                           0 
	   Memory (MB)          :    40       12000     12000 
	   TimeExecute (s)      :  5879                       
	   TimeSlotBusy (s)     :  5880                       

	Job terminated of its own accord at 2025-12-16T10:07:44Z with exit-code 0.
...
