000 (10613550.801.000) 12/16 14:41:00 Job submitted from host: <188.185.71.83:9618?addrs=188.185.71.83-9618+[2001-1458-d00-7--100-34d]-9618&alias=bigbird18.cern.ch&noUDP&sock=schedd_5052_d48c>
...
040 (10613550.801.000) 12/16 16:50:38 Started transferring input files
	Transferring to host: <188.185.214.24:9618?addrs=188.185.214.24-9618+[2001-1458-303-1c--100-14]-9618&alias=b9p29p9589.cern.ch&noUDP&sock=slot1_3_4517_6291_109925>
...
040 (10613550.801.000) 12/16 16:50:38 Finished transferring input files
...
001 (10613550.801.000) 12/16 16:50:38 Job executing on host: <188.185.214.24:9618?addrs=188.185.214.24-9618+[2001-1458-303-1c--100-14]-9618&alias=b9p29p9589.cern.ch&noUDP&sock=startd_3842_def4>
	SlotName: slot1_3@b9p29p9589.cern.ch
	CondorScratchDir = "/pool/condor/dir_2023694"
	Cpus = 4
	Disk = 11120
	GPUs = 0
	Memory = 12000
...
006 (10613550.801.000) 12/16 16:50:51 Image size of job updated: 38028
	38  -  MemoryUsage of job (MB)
	38028  -  ResidentSetSize of job (KB)
...
006 (10613550.801.000) 12/16 16:55:52 Image size of job updated: 38448
	38  -  MemoryUsage of job (MB)
	38028  -  ResidentSetSize of job (KB)
...
006 (10613550.801.000) 12/16 18:05:55 Image size of job updated: 118976
	38  -  MemoryUsage of job (MB)
	38028  -  ResidentSetSize of job (KB)
...
040 (10613550.801.000) 12/16 18:05:56 Started transferring output files
...
040 (10613550.801.000) 12/16 18:05:56 Finished transferring output files
...
005 (10613550.801.000) 12/16 18:05:56 Job terminated.
	(1) Normal termination (return value 0)
		Usr 0 01:14:30, Sys 0 00:00:06  -  Run Remote Usage
		Usr 0 00:00:00, Sys 0 00:00:00  -  Run Local Usage
		Usr 0 01:14:30, Sys 0 00:00:06  -  Total Remote Usage
		Usr 0 00:00:00, Sys 0 00:00:00  -  Total Local Usage
	0  -  Run Bytes Sent By Job
	7584148  -  Run Bytes Received By Job
	0  -  Total Bytes Sent By Job
	7584148  -  Total Bytes Received By Job
	Partitionable Resources :    Usage  Request Allocated 
	   Cpus                 :     0.99        4         4 
	   Disk (KB)            : 33543        7500     11120 
	   GPUs                 :                           0 
	   Memory (MB)          :    38       12000     12000 
	   TimeExecute (s)      :  4517                       
	   TimeSlotBusy (s)     :  4518                       

	Job terminated of its own accord at 2025-12-16T17:05:55Z with exit-code 0.
...
