000 (10613550.522.000) 12/16 14:40:59 Job submitted from host: <188.185.71.83:9618?addrs=188.185.71.83-9618+[2001-1458-d00-7--100-34d]-9618&alias=bigbird18.cern.ch&noUDP&sock=schedd_5052_d48c>
...
040 (10613550.522.000) 12/16 16:19:53 Started transferring input files
	Transferring to host: <128.142.33.21:9618?addrs=128.142.33.21-9618+[2001-1458-301-53--100-12]-9618&alias=b9g34p3169.cern.ch&noUDP&sock=slot1_8_3576879_95c6_19468>
...
001 (10613550.522.000) 12/16 16:19:53 Job executing on host: <128.142.33.21:9618?addrs=128.142.33.21-9618+[2001-1458-301-53--100-12]-9618&alias=b9g34p3169.cern.ch&noUDP&sock=startd_3569_9d99>
	SlotName: slot1_8@b9g34p3169.cern.ch
	CondorScratchDir = "/pool/condor/dir_2119445"
	Cpus = 4
	Disk = 10912
	GPUs = 0
	Memory = 12000
...
040 (10613550.522.000) 12/16 16:19:53 Finished transferring input files
...
006 (10613550.522.000) 12/16 16:20:07 Image size of job updated: 40600
	40  -  MemoryUsage of job (MB)
	40600  -  ResidentSetSize of job (KB)
...
006 (10613550.522.000) 12/16 16:25:08 Image size of job updated: 40624
	40  -  MemoryUsage of job (MB)
	40600  -  ResidentSetSize of job (KB)
...
006 (10613550.522.000) 12/16 17:30:14 Image size of job updated: 48116
	47  -  MemoryUsage of job (MB)
	48116  -  ResidentSetSize of job (KB)
...
006 (10613550.522.000) 12/16 18:19:29 Image size of job updated: 129896
	47  -  MemoryUsage of job (MB)
	48116  -  ResidentSetSize of job (KB)
...
040 (10613550.522.000) 12/16 18:19:30 Started transferring output files
...
040 (10613550.522.000) 12/16 18:19:30 Finished transferring output files
...
005 (10613550.522.000) 12/16 18:19:30 Job terminated.
	(1) Normal termination (return value 0)
		Usr 0 01:58:47, Sys 0 00:00:06  -  Run Remote Usage
		Usr 0 00:00:00, Sys 0 00:00:00  -  Run Local Usage
		Usr 0 01:58:47, Sys 0 00:00:06  -  Total Remote Usage
		Usr 0 00:00:00, Sys 0 00:00:00  -  Total Local Usage
	0  -  Run Bytes Sent By Job
	7584148  -  Run Bytes Received By Job
	0  -  Total Bytes Sent By Job
	7584148  -  Total Bytes Received By Job
	Partitionable Resources :    Usage  Request Allocated 
	   Cpus                 :     1.00        4         4 
	   Disk (KB)            : 33056        7500     10912 
	   GPUs                 :                           0 
	   Memory (MB)          :    47       12000     12000 
	   TimeExecute (s)      :  7176                       
	   TimeSlotBusy (s)     :  7177                       

	Job terminated of its own accord at 2025-12-16T17:19:29Z with exit-code 0.
...
