000 (10610888.912.000) 12/16 07:14:45 Job submitted from host: <188.185.71.83:9618?addrs=188.185.71.83-9618+[2001-1458-d00-7--100-34d]-9618&alias=bigbird18.cern.ch&noUDP&sock=schedd_5052_d48c>
...
040 (10610888.912.000) 12/16 09:54:57 Started transferring input files
	Transferring to host: <188.185.211.176:9618?addrs=188.185.211.176-9618+[2001-1458-303-17--100-2c]-9618&alias=b9p24p9529.cern.ch&noUDP&sock=slot1_6_530865_2aad_12945>
...
040 (10610888.912.000) 12/16 09:54:57 Finished transferring input files
...
001 (10610888.912.000) 12/16 09:54:57 Job executing on host: <188.185.211.176:9618?addrs=188.185.211.176-9618+[2001-1458-303-17--100-2c]-9618&alias=b9p24p9529.cern.ch&noUDP&sock=startd_3746_05dc>
	SlotName: slot1_6@b9p24p9529.cern.ch
	CondorScratchDir = "/pool/condor/dir_607020"
	Cpus = 4
	Disk = 11595
	GPUs = 0
	Memory = 12000
...
006 (10610888.912.000) 12/16 09:55:11 Image size of job updated: 37512
	37  -  MemoryUsage of job (MB)
	37512  -  ResidentSetSize of job (KB)
...
006 (10610888.912.000) 12/16 10:00:12 Image size of job updated: 37932
	37  -  MemoryUsage of job (MB)
	37512  -  ResidentSetSize of job (KB)
...
040 (10610888.912.000) 12/16 11:48:41 Started transferring output files
...
040 (10610888.912.000) 12/16 11:48:41 Finished transferring output files
...
005 (10610888.912.000) 12/16 11:48:41 Job terminated.
	(1) Normal termination (return value 0)
		Usr 0 01:50:51, Sys 0 00:00:19  -  Run Remote Usage
		Usr 0 00:00:00, Sys 0 00:00:00  -  Run Local Usage
		Usr 0 01:50:51, Sys 0 00:00:19  -  Total Remote Usage
		Usr 0 00:00:00, Sys 0 00:00:00  -  Total Local Usage
	0  -  Run Bytes Sent By Job
	7584148  -  Run Bytes Received By Job
	0  -  Total Bytes Sent By Job
	7584148  -  Total Bytes Received By Job
	Partitionable Resources :    Usage  Request Allocated 
	   Cpus                 :     0.98        4         4 
	   Disk (KB)            : 32737        7500     11595 
	   GPUs                 :                           0 
	   Memory (MB)          :    37       12000     12000 
	   TimeExecute (s)      :  6823                       
	   TimeSlotBusy (s)     :  6824                       

	Job terminated of its own accord at 2025-12-16T10:48:40Z with exit-code 0.
...
