000 (10610888.447.000) 12/16 07:14:44 Job submitted from host: <188.185.71.83:9618?addrs=188.185.71.83-9618+[2001-1458-d00-7--100-34d]-9618&alias=bigbird18.cern.ch&noUDP&sock=schedd_5052_d48c>
...
040 (10610888.447.000) 12/16 09:25:23 Started transferring input files
	Transferring to host: <188.185.209.42:9618?addrs=188.185.209.42-9618+[2001-1458-303-11--100-27]-9618&alias=b9p11p1459.cern.ch&noUDP&sock=slot1_14_6010_56ad_87574>
...
040 (10610888.447.000) 12/16 09:25:23 Finished transferring input files
...
001 (10610888.447.000) 12/16 09:25:23 Job executing on host: <188.185.209.42:9618?addrs=188.185.209.42-9618+[2001-1458-303-11--100-27]-9618&alias=b9p11p1459.cern.ch&noUDP&sock=startd_4999_7a07>
	SlotName: slot1_14@b9p11p1459.cern.ch
	CondorScratchDir = "/pool/condor/dir_2751974"
	Cpus = 4
	Disk = 10386
	GPUs = 0
	Memory = 12000
...
006 (10610888.447.000) 12/16 09:25:36 Image size of job updated: 37424
	37  -  MemoryUsage of job (MB)
	37424  -  ResidentSetSize of job (KB)
...
006 (10610888.447.000) 12/16 09:30:36 Image size of job updated: 37836
	37  -  MemoryUsage of job (MB)
	37424  -  ResidentSetSize of job (KB)
...
006 (10610888.447.000) 12/16 11:00:39 Image size of job updated: 118492
	37  -  MemoryUsage of job (MB)
	37424  -  ResidentSetSize of job (KB)
...
040 (10610888.447.000) 12/16 11:00:40 Started transferring output files
...
040 (10610888.447.000) 12/16 11:00:40 Finished transferring output files
...
005 (10610888.447.000) 12/16 11:00:40 Job terminated.
	(1) Normal termination (return value 0)
		Usr 0 01:33:08, Sys 0 00:00:11  -  Run Remote Usage
		Usr 0 00:00:00, Sys 0 00:00:00  -  Run Local Usage
		Usr 0 01:33:08, Sys 0 00:00:11  -  Total Remote Usage
		Usr 0 00:00:00, Sys 0 00:00:00  -  Total Local Usage
	0  -  Run Bytes Sent By Job
	7584148  -  Run Bytes Received By Job
	0  -  Total Bytes Sent By Job
	7584148  -  Total Bytes Received By Job
	Partitionable Resources :    Usage  Request Allocated 
	   Cpus                 :     0.99        4         4 
	   Disk (KB)            : 32505        7500     10386 
	   GPUs                 :                           0 
	   Memory (MB)          :    37       12000     12000 
	   TimeExecute (s)      :  5716                       
	   TimeSlotBusy (s)     :  5718                       

	Job terminated of its own accord at 2025-12-16T10:00:39Z with exit-code 0.
...
