000 (10613549.923.000) 12/16 14:40:45 Job submitted from host: <188.185.71.83:9618?addrs=188.185.71.83-9618+[2001-1458-d00-7--100-34d]-9618&alias=bigbird18.cern.ch&noUDP&sock=schedd_5052_d48c>
...
040 (10613549.923.000) 12/16 15:34:51 Started transferring input files
	Transferring to host: <188.185.205.159:9618?addrs=188.185.205.159-9618+[2001-1458-303-a--100-1c]-9618&alias=b9p04p0179.cern.ch&noUDP&sock=slot1_17_4649_6416_85500>
...
040 (10613549.923.000) 12/16 15:34:51 Finished transferring input files
...
001 (10613549.923.000) 12/16 15:34:51 Job executing on host: <188.185.205.159:9618?addrs=188.185.205.159-9618+[2001-1458-303-a--100-1c]-9618&alias=b9p04p0179.cern.ch&noUDP&sock=startd_3959_1f88>
	SlotName: slot1_17@b9p04p0179.cern.ch
	CondorScratchDir = "/pool/condor/dir_646660"
	Cpus = 4
	Disk = 10866
	GPUs = 0
	Memory = 12000
...
006 (10613549.923.000) 12/16 15:35:05 Image size of job updated: 39632
	39  -  MemoryUsage of job (MB)
	39632  -  ResidentSetSize of job (KB)
...
006 (10613549.923.000) 12/16 15:40:06 Image size of job updated: 40012
	39  -  MemoryUsage of job (MB)
	39632  -  ResidentSetSize of job (KB)
...
006 (10613549.923.000) 12/16 16:57:30 Image size of job updated: 120652
	39  -  MemoryUsage of job (MB)
	39632  -  ResidentSetSize of job (KB)
...
040 (10613549.923.000) 12/16 16:57:31 Started transferring output files
...
040 (10613549.923.000) 12/16 16:57:31 Finished transferring output files
...
005 (10613549.923.000) 12/16 16:57:31 Job terminated.
	(1) Normal termination (return value 0)
		Usr 0 01:20:15, Sys 0 00:00:09  -  Run Remote Usage
		Usr 0 00:00:00, Sys 0 00:00:00  -  Run Local Usage
		Usr 0 01:20:15, Sys 0 00:00:09  -  Total Remote Usage
		Usr 0 00:00:00, Sys 0 00:00:00  -  Total Local Usage
	0  -  Run Bytes Sent By Job
	7584148  -  Run Bytes Received By Job
	0  -  Total Bytes Sent By Job
	7584148  -  Total Bytes Received By Job
	Partitionable Resources :    Usage  Request Allocated 
	   Cpus                 :     0.97        4         4 
	   Disk (KB)            : 33272        7500     10866 
	   GPUs                 :                           0 
	   Memory (MB)          :    39       12000     12000 
	   TimeExecute (s)      :  4959                       
	   TimeSlotBusy (s)     :  4960                       

	Job terminated of its own accord at 2025-12-16T15:57:30Z with exit-code 0.
...
