000 (10613550.487.000) 12/16 14:40:59 Job submitted from host: <188.185.71.83:9618?addrs=188.185.71.83-9618+[2001-1458-d00-7--100-34d]-9618&alias=bigbird18.cern.ch&noUDP&sock=schedd_5052_d48c>
...
040 (10613550.487.000) 12/16 16:12:36 Started transferring input files
	Transferring to host: <188.185.210.38:9618?addrs=188.185.210.38-9618+[2001-1458-303-1--100-22]-9618&alias=b9p21p1280.cern.ch&noUDP&sock=slot1_12_2739057_3170_12101>
...
040 (10613550.487.000) 12/16 16:12:36 Finished transferring input files
...
001 (10613550.487.000) 12/16 16:12:36 Job executing on host: <188.185.210.38:9618?addrs=188.185.210.38-9618+[2001-1458-303-1--100-22]-9618&alias=b9p21p1280.cern.ch&noUDP&sock=startd_2738482_740c>
	SlotName: slot1_12@b9p21p1280.cern.ch
	CondorScratchDir = "/pool/condor/dir_1774976"
	Cpus = 4
	Disk = 10974
	GPUs = 0
	Memory = 12000
...
006 (10613550.487.000) 12/16 16:12:50 Image size of job updated: 40032
	40  -  MemoryUsage of job (MB)
	40032  -  ResidentSetSize of job (KB)
...
006 (10613550.487.000) 12/16 16:17:51 Image size of job updated: 40452
	40  -  MemoryUsage of job (MB)
	40032  -  ResidentSetSize of job (KB)
...
040 (10613550.487.000) 12/16 17:38:58 Started transferring output files
...
040 (10613550.487.000) 12/16 17:38:58 Finished transferring output files
...
005 (10613550.487.000) 12/16 17:38:58 Job terminated.
	(1) Normal termination (return value 0)
		Usr 0 01:25:15, Sys 0 00:00:09  -  Run Remote Usage
		Usr 0 00:00:00, Sys 0 00:00:00  -  Run Local Usage
		Usr 0 01:25:15, Sys 0 00:00:09  -  Total Remote Usage
		Usr 0 00:00:00, Sys 0 00:00:00  -  Total Local Usage
	0  -  Run Bytes Sent By Job
	7584148  -  Run Bytes Received By Job
	0  -  Total Bytes Sent By Job
	7584148  -  Total Bytes Received By Job
	Partitionable Resources :    Usage  Request Allocated 
	   Cpus                 :     0.99        4         4 
	   Disk (KB)            : 32234        7500     10974 
	   GPUs                 :                           0 
	   Memory (MB)          :    40       12000     12000 
	   TimeExecute (s)      :  5181                       
	   TimeSlotBusy (s)     :  5182                       

	Job terminated of its own accord at 2025-12-16T16:38:57Z with exit-code 0.
...
