000 (10610887.907.000) 12/16 07:14:32 Job submitted from host: <188.185.71.83:9618?addrs=188.185.71.83-9618+[2001-1458-d00-7--100-34d]-9618&alias=bigbird18.cern.ch&noUDP&sock=schedd_5052_d48c>
...
040 (10610887.907.000) 12/16 07:59:57 Started transferring input files
	Transferring to host: <188.185.210.232:9618?addrs=188.185.210.232-9618+[2001-1458-303-15--100-64]-9618&alias=b9p22p3068.cern.ch&noUDP&sock=slot1_9_419666_6963_15077>
...
040 (10610887.907.000) 12/16 07:59:57 Finished transferring input files
...
001 (10610887.907.000) 12/16 07:59:57 Job executing on host: <188.185.210.232:9618?addrs=188.185.210.232-9618+[2001-1458-303-15--100-64]-9618&alias=b9p22p3068.cern.ch&noUDP&sock=startd_6653_fbac>
	SlotName: slot1_9@b9p22p3068.cern.ch
	CondorScratchDir = "/pool/condor/dir_1341710"
	Cpus = 4
	Disk = 10825
	GPUs = 0
	Memory = 12000
...
006 (10610887.907.000) 12/16 08:00:11 Image size of job updated: 25404
	25  -  MemoryUsage of job (MB)
	25404  -  ResidentSetSize of job (KB)
...
006 (10610887.907.000) 12/16 08:05:12 Image size of job updated: 25824
	25  -  MemoryUsage of job (MB)
	25404  -  ResidentSetSize of job (KB)
...
006 (10610887.907.000) 12/16 09:23:58 Image size of job updated: 117156
	25  -  MemoryUsage of job (MB)
	25404  -  ResidentSetSize of job (KB)
...
040 (10610887.907.000) 12/16 09:23:58 Started transferring output files
...
040 (10610887.907.000) 12/16 09:23:59 Finished transferring output files
...
005 (10610887.907.000) 12/16 09:23:59 Job terminated.
	(1) Normal termination (return value 0)
		Usr 0 01:22:48, Sys 0 00:00:11  -  Run Remote Usage
		Usr 0 00:00:00, Sys 0 00:00:00  -  Run Local Usage
		Usr 0 01:22:48, Sys 0 00:00:11  -  Total Remote Usage
		Usr 0 00:00:00, Sys 0 00:00:00  -  Total Local Usage
	0  -  Run Bytes Sent By Job
	7584148  -  Run Bytes Received By Job
	0  -  Total Bytes Sent By Job
	7584148  -  Total Bytes Received By Job
	Partitionable Resources :    Usage  Request Allocated 
	   Cpus                 :     0.99        4         4 
	   Disk (KB)            : 32824        7500     10825 
	   GPUs                 :                           0 
	   Memory (MB)          :    25       12000     12000 
	   TimeExecute (s)      :  5041                       
	   TimeSlotBusy (s)     :  5043                       

	Job terminated of its own accord at 2025-12-16T08:23:58Z with exit-code 0.
...
