000 (10613549.917.000) 12/16 14:40:45 Job submitted from host: <188.185.71.83:9618?addrs=188.185.71.83-9618+[2001-1458-d00-7--100-34d]-9618&alias=bigbird18.cern.ch&noUDP&sock=schedd_5052_d48c>
...
040 (10613549.917.000) 12/16 15:34:49 Started transferring input files
	Transferring to host: <188.185.194.67:9618?addrs=188.185.194.67-9618+[2001-1458-303-21--100-3f]-9618&alias=b9p20p6532.cern.ch&noUDP&sock=slot1_7_7913_2c9b_80694>
...
040 (10613549.917.000) 12/16 15:34:49 Finished transferring input files
...
001 (10613549.917.000) 12/16 15:34:49 Job executing on host: <188.185.194.67:9618?addrs=188.185.194.67-9618+[2001-1458-303-21--100-3f]-9618&alias=b9p20p6532.cern.ch&noUDP&sock=startd_6669_f530>
	SlotName: slot1_7@b9p20p6532.cern.ch
	CondorScratchDir = "/pool/condor/dir_3582679"
	Cpus = 4
	Disk = 11066
	GPUs = 0
	Memory = 12000
...
006 (10613549.917.000) 12/16 15:35:03 Image size of job updated: 25192
	25  -  MemoryUsage of job (MB)
	25192  -  ResidentSetSize of job (KB)
...
006 (10613549.917.000) 12/16 15:40:04 Image size of job updated: 25612
	25  -  MemoryUsage of job (MB)
	25192  -  ResidentSetSize of job (KB)
...
006 (10613549.917.000) 12/16 17:19:08 Image size of job updated: 117016
	25  -  MemoryUsage of job (MB)
	25192  -  ResidentSetSize of job (KB)
...
040 (10613549.917.000) 12/16 17:19:08 Started transferring output files
...
040 (10613549.917.000) 12/16 17:19:09 Finished transferring output files
...
005 (10613549.917.000) 12/16 17:19:09 Job terminated.
	(1) Normal termination (return value 0)
		Usr 0 01:43:22, Sys 0 00:00:06  -  Run Remote Usage
		Usr 0 00:00:00, Sys 0 00:00:00  -  Run Local Usage
		Usr 0 01:43:22, Sys 0 00:00:06  -  Total Remote Usage
		Usr 0 00:00:00, Sys 0 00:00:00  -  Total Local Usage
	0  -  Run Bytes Sent By Job
	7584148  -  Run Bytes Received By Job
	0  -  Total Bytes Sent By Job
	7584148  -  Total Bytes Received By Job
	Partitionable Resources :    Usage  Request Allocated 
	   Cpus                 :     1.00        4         4 
	   Disk (KB)            : 32231        7500     11066 
	   GPUs                 :                           0 
	   Memory (MB)          :    25       12000     12000 
	   TimeExecute (s)      :  6259                       
	   TimeSlotBusy (s)     :  6260                       

	Job terminated of its own accord at 2025-12-16T16:19:08Z with exit-code 0.
...
