000 (10613550.213.000) 12/16 14:40:59 Job submitted from host: <188.185.71.83:9618?addrs=188.185.71.83-9618+[2001-1458-d00-7--100-34d]-9618&alias=bigbird18.cern.ch&noUDP&sock=schedd_5052_d48c>
...
040 (10613550.213.000) 12/16 15:45:40 Started transferring input files
	Transferring to host: <188.185.207.8:9618?addrs=188.185.207.8-9618+[2001-1458-303-d--100-5]-9618&alias=b9p07p0229.cern.ch&noUDP&sock=slot1_7_89715_1559_74269>
...
040 (10613550.213.000) 12/16 15:45:40 Finished transferring input files
...
001 (10613550.213.000) 12/16 15:45:40 Job executing on host: <188.185.207.8:9618?addrs=188.185.207.8-9618+[2001-1458-303-d--100-5]-9618&alias=b9p07p0229.cern.ch&noUDP&sock=startd_6581_98db>
	SlotName: slot1_7@b9p07p0229.cern.ch
	CondorScratchDir = "/pool/condor/dir_4075766"
	Cpus = 4
	Disk = 11499
	GPUs = 0
	Memory = 12000
...
006 (10613550.213.000) 12/16 15:45:54 Image size of job updated: 39760
	39  -  MemoryUsage of job (MB)
	39760  -  ResidentSetSize of job (KB)
...
006 (10613550.213.000) 12/16 15:50:55 Image size of job updated: 40140
	39  -  MemoryUsage of job (MB)
	39760  -  ResidentSetSize of job (KB)
...
006 (10613550.213.000) 12/16 17:16:31 Image size of job updated: 120784
	39  -  MemoryUsage of job (MB)
	39760  -  ResidentSetSize of job (KB)
...
040 (10613550.213.000) 12/16 17:16:32 Started transferring output files
...
040 (10613550.213.000) 12/16 17:16:32 Finished transferring output files
...
005 (10613550.213.000) 12/16 17:16:32 Job terminated.
	(1) Normal termination (return value 0)
		Usr 0 01:29:44, Sys 0 00:00:09  -  Run Remote Usage
		Usr 0 00:00:00, Sys 0 00:00:00  -  Run Local Usage
		Usr 0 01:29:44, Sys 0 00:00:09  -  Total Remote Usage
		Usr 0 00:00:00, Sys 0 00:00:00  -  Total Local Usage
	0  -  Run Bytes Sent By Job
	7584148  -  Run Bytes Received By Job
	0  -  Total Bytes Sent By Job
	7584148  -  Total Bytes Received By Job
	Partitionable Resources :    Usage  Request Allocated 
	   Cpus                 :     0.99        4         4 
	   Disk (KB)            : 32819        7500     11499 
	   GPUs                 :                           0 
	   Memory (MB)          :    39       12000     12000 
	   TimeExecute (s)      :  5451                       
	   TimeSlotBusy (s)     :  5452                       

	Job terminated of its own accord at 2025-12-16T16:16:31Z with exit-code 0.
...
