000 (10610887.970.000) 12/16 07:14:32 Job submitted from host: <188.185.71.83:9618?addrs=188.185.71.83-9618+[2001-1458-d00-7--100-34d]-9618&alias=bigbird18.cern.ch&noUDP&sock=schedd_5052_d48c>
...
040 (10610887.970.000) 12/16 08:00:18 Started transferring input files
	Transferring to host: <188.185.211.158:9618?addrs=188.185.211.158-9618+[2001-1458-303-17--100-1a]-9618&alias=b9p24p7991.cern.ch&noUDP&sock=slot1_8_9229_6a50_91567>
...
040 (10610887.970.000) 12/16 08:00:18 Finished transferring input files
...
001 (10610887.970.000) 12/16 08:00:18 Job executing on host: <188.185.211.158:9618?addrs=188.185.211.158-9618+[2001-1458-303-17--100-1a]-9618&alias=b9p24p7991.cern.ch&noUDP&sock=startd_8426_1d16>
	SlotName: slot1_8@b9p24p7991.cern.ch
	CondorScratchDir = "/pool/condor/dir_2617367"
	Cpus = 4
	Disk = 11046
	GPUs = 0
	Memory = 12000
...
006 (10610887.970.000) 12/16 08:00:32 Image size of job updated: 26736
	27  -  MemoryUsage of job (MB)
	26736  -  ResidentSetSize of job (KB)
...
006 (10610887.970.000) 12/16 08:05:33 Image size of job updated: 27156
	27  -  MemoryUsage of job (MB)
	26736  -  ResidentSetSize of job (KB)
...
006 (10610887.970.000) 12/16 09:36:11 Image size of job updated: 118516
	27  -  MemoryUsage of job (MB)
	26736  -  ResidentSetSize of job (KB)
...
040 (10610887.970.000) 12/16 09:36:12 Started transferring output files
...
040 (10610887.970.000) 12/16 09:36:12 Finished transferring output files
...
005 (10610887.970.000) 12/16 09:36:12 Job terminated.
	(1) Normal termination (return value 0)
		Usr 0 01:33:51, Sys 0 00:00:13  -  Run Remote Usage
		Usr 0 00:00:00, Sys 0 00:00:00  -  Run Local Usage
		Usr 0 01:33:51, Sys 0 00:00:13  -  Total Remote Usage
		Usr 0 00:00:00, Sys 0 00:00:00  -  Total Local Usage
	0  -  Run Bytes Sent By Job
	7584148  -  Run Bytes Received By Job
	0  -  Total Bytes Sent By Job
	7584148  -  Total Bytes Received By Job
	Partitionable Resources :    Usage  Request Allocated 
	   Cpus                 :     0.99        4         4 
	   Disk (KB)            : 32633        7500     11046 
	   GPUs                 :                           0 
	   Memory (MB)          :    27       12000     12000 
	   TimeExecute (s)      :  5753                       
	   TimeSlotBusy (s)     :  5755                       

	Job terminated of its own accord at 2025-12-16T08:36:11Z with exit-code 0.
...
