000 (10613549.158.000) 12/16 14:40:44 Job submitted from host: <188.185.71.83:9618?addrs=188.185.71.83-9618+[2001-1458-d00-7--100-34d]-9618&alias=bigbird18.cern.ch&noUDP&sock=schedd_5052_d48c>
...
040 (10613549.158.000) 12/16 15:13:14 Started transferring input files
	Transferring to host: <188.185.215.183:9618?addrs=188.185.215.183-9618+[2001-1458-303-26--100-33]-9618&alias=b9p18p2721.cern.ch&noUDP&sock=slot1_12_5514_dc99_88221>
...
040 (10613549.158.000) 12/16 15:13:14 Finished transferring input files
...
001 (10613549.158.000) 12/16 15:13:14 Job executing on host: <188.185.215.183:9618?addrs=188.185.215.183-9618+[2001-1458-303-26--100-33]-9618&alias=b9p18p2721.cern.ch&noUDP&sock=startd_4577_0510>
	SlotName: slot1_12@b9p18p2721.cern.ch
	CondorScratchDir = "/pool/condor/dir_401474"
	Cpus = 4
	Disk = 10973
	GPUs = 0
	Memory = 12000
...
006 (10613549.158.000) 12/16 15:13:27 Image size of job updated: 37508
	37  -  MemoryUsage of job (MB)
	37508  -  ResidentSetSize of job (KB)
...
006 (10613549.158.000) 12/16 15:18:27 Image size of job updated: 37936
	37  -  MemoryUsage of job (MB)
	37508  -  ResidentSetSize of job (KB)
...
040 (10613549.158.000) 12/16 16:49:21 Started transferring output files
...
040 (10613549.158.000) 12/16 16:49:21 Finished transferring output files
...
005 (10613549.158.000) 12/16 16:49:21 Job terminated.
	(1) Normal termination (return value 0)
		Usr 0 01:34:25, Sys 0 00:00:15  -  Run Remote Usage
		Usr 0 00:00:00, Sys 0 00:00:00  -  Run Local Usage
		Usr 0 01:34:25, Sys 0 00:00:15  -  Total Remote Usage
		Usr 0 00:00:00, Sys 0 00:00:00  -  Total Local Usage
	0  -  Run Bytes Sent By Job
	7584148  -  Run Bytes Received By Job
	0  -  Total Bytes Sent By Job
	7584148  -  Total Bytes Received By Job
	Partitionable Resources :    Usage  Request Allocated 
	   Cpus                 :     0.99        4         4 
	   Disk (KB)            : 32766        7500     10973 
	   GPUs                 :                           0 
	   Memory (MB)          :    37       12000     12000 
	   TimeExecute (s)      :  5766                       
	   TimeSlotBusy (s)     :  5768                       

	Job terminated of its own accord at 2025-12-16T15:49:20Z with exit-code 0.
...
