000 (10610887.609.000) 12/16 07:14:31 Job submitted from host: <188.185.71.83:9618?addrs=188.185.71.83-9618+[2001-1458-d00-7--100-34d]-9618&alias=bigbird18.cern.ch&noUDP&sock=schedd_5052_d48c>
...
040 (10610887.609.000) 12/16 07:54:39 Started transferring input files
	Transferring to host: <188.185.211.28:9618?addrs=188.185.211.28-9618+[2001-1458-303-16--100-18]-9618&alias=b9p23p1756.cern.ch&noUDP&sock=slot1_3_241744_4460_12520>
...
040 (10610887.609.000) 12/16 07:54:39 Finished transferring input files
...
001 (10610887.609.000) 12/16 07:54:39 Job executing on host: <188.185.211.28:9618?addrs=188.185.211.28-9618+[2001-1458-303-16--100-18]-9618&alias=b9p23p1756.cern.ch&noUDP&sock=startd_241096_6187>
	SlotName: slot1_3@b9p23p1756.cern.ch
	CondorScratchDir = "/pool/condor/dir_3460272"
	Cpus = 4
	Disk = 10918
	GPUs = 0
	Memory = 12000
...
006 (10610887.609.000) 12/16 07:54:53 Image size of job updated: 28592
	28  -  MemoryUsage of job (MB)
	28592  -  ResidentSetSize of job (KB)
...
006 (10610887.609.000) 12/16 07:59:54 Image size of job updated: 29012
	28  -  MemoryUsage of job (MB)
	28592  -  ResidentSetSize of job (KB)
...
006 (10610887.609.000) 12/16 09:14:59 Image size of job updated: 120424
	28  -  MemoryUsage of job (MB)
	28592  -  ResidentSetSize of job (KB)
...
040 (10610887.609.000) 12/16 09:14:59 Started transferring output files
...
040 (10610887.609.000) 12/16 09:14:59 Finished transferring output files
...
005 (10610887.609.000) 12/16 09:14:59 Job terminated.
	(1) Normal termination (return value 0)
		Usr 0 01:19:15, Sys 0 00:00:12  -  Run Remote Usage
		Usr 0 00:00:00, Sys 0 00:00:00  -  Run Local Usage
		Usr 0 01:19:15, Sys 0 00:00:12  -  Total Remote Usage
		Usr 0 00:00:00, Sys 0 00:00:00  -  Total Local Usage
	0  -  Run Bytes Sent By Job
	7584148  -  Run Bytes Received By Job
	0  -  Total Bytes Sent By Job
	7584148  -  Total Bytes Received By Job
	Partitionable Resources :    Usage  Request Allocated 
	   Cpus                 :     0.99        4         4 
	   Disk (KB)            : 33145        7500     10918 
	   GPUs                 :                           0 
	   Memory (MB)          :    28       12000     12000 
	   TimeExecute (s)      :  4820                       
	   TimeSlotBusy (s)     :  4820                       

	Job terminated of its own accord at 2025-12-16T08:14:59Z with exit-code 0.
...
