000 (10610889.783.000) 12/16 07:15:01 Job submitted from host: <188.185.71.83:9618?addrs=188.185.71.83-9618+[2001-1458-d00-7--100-34d]-9618&alias=bigbird18.cern.ch&noUDP&sock=schedd_5052_d48c>
...
040 (10610889.783.000) 12/16 14:26:14 Started transferring input files
	Transferring to host: <128.142.33.219:9618?addrs=128.142.33.219-9618+[2001-1458-301-39--100-18]-9618&alias=b9g24p7463.cern.ch&noUDP&sock=slot1_9_8468_38d1_96271>
...
040 (10610889.783.000) 12/16 14:26:14 Finished transferring input files
...
001 (10610889.783.000) 12/16 14:26:15 Job executing on host: <128.142.33.219:9618?addrs=128.142.33.219-9618+[2001-1458-301-39--100-18]-9618&alias=b9g24p7463.cern.ch&noUDP&sock=startd_7275_9f95>
	SlotName: slot1_9@b9g24p7463.cern.ch
	CondorScratchDir = "/pool/condor/dir_3751430"
	Cpus = 4
	Disk = 10977
	GPUs = 0
	Memory = 12000
...
006 (10610889.783.000) 12/16 14:26:30 Image size of job updated: 24324
	21  -  MemoryUsage of job (MB)
	20696  -  ResidentSetSize of job (KB)
...
006 (10610889.783.000) 12/16 14:31:31 Image size of job updated: 36248
	35  -  MemoryUsage of job (MB)
	34868  -  ResidentSetSize of job (KB)
...
006 (10610889.783.000) 12/16 14:36:31 Image size of job updated: 36248
	35  -  MemoryUsage of job (MB)
	35012  -  ResidentSetSize of job (KB)
...
006 (10610889.783.000) 12/16 15:21:35 Image size of job updated: 36248
	35  -  MemoryUsage of job (MB)
	35120  -  ResidentSetSize of job (KB)
...
006 (10610889.783.000) 12/16 16:09:49 Image size of job updated: 116904
	35  -  MemoryUsage of job (MB)
	35120  -  ResidentSetSize of job (KB)
...
040 (10610889.783.000) 12/16 16:09:50 Started transferring output files
...
040 (10610889.783.000) 12/16 16:09:50 Finished transferring output files
...
005 (10610889.783.000) 12/16 16:09:50 Job terminated.
	(1) Normal termination (return value 0)
		Usr 0 01:41:14, Sys 0 00:00:14  -  Run Remote Usage
		Usr 0 00:00:00, Sys 0 00:00:00  -  Run Local Usage
		Usr 0 01:41:14, Sys 0 00:00:14  -  Total Remote Usage
		Usr 0 00:00:00, Sys 0 00:00:00  -  Total Local Usage
	0  -  Run Bytes Sent By Job
	7584148  -  Run Bytes Received By Job
	0  -  Total Bytes Sent By Job
	7584148  -  Total Bytes Received By Job
	Partitionable Resources :    Usage  Request Allocated 
	   Cpus                 :     0.99        4         4 
	   Disk (KB)            : 32919        7500     10977 
	   GPUs                 :                           0 
	   Memory (MB)          :    35       12000     12000 
	   TimeExecute (s)      :  6214                       
	   TimeSlotBusy (s)     :  6221                       

	Job terminated of its own accord at 2025-12-16T15:09:49Z with exit-code 0.
...
