000 (10610888.638.000) 12/16 07:14:44 Job submitted from host: <188.185.71.83:9618?addrs=188.185.71.83-9618+[2001-1458-d00-7--100-34d]-9618&alias=bigbird18.cern.ch&noUDP&sock=schedd_5052_d48c>
...
040 (10610888.638.000) 12/16 09:32:52 Started transferring input files
	Transferring to host: <188.185.214.12:9618?addrs=188.185.214.12-9618+[2001-1458-303-1c--100-8]-9618&alias=b9p29p5865.cern.ch&noUDP&sock=slot1_14_9822_3cc8_91824>
...
040 (10610888.638.000) 12/16 09:32:52 Finished transferring input files
...
001 (10610888.638.000) 12/16 09:32:52 Job executing on host: <188.185.214.12:9618?addrs=188.185.214.12-9618+[2001-1458-303-1c--100-8]-9618&alias=b9p29p5865.cern.ch&noUDP&sock=startd_9092_ef2a>
	SlotName: slot1_14@b9p29p5865.cern.ch
	CondorScratchDir = "/pool/condor/dir_387998"
	Cpus = 4
	Disk = 11101
	GPUs = 0
	Memory = 12000
...
006 (10610888.638.000) 12/16 09:33:06 Image size of job updated: 37500
	37  -  MemoryUsage of job (MB)
	37500  -  ResidentSetSize of job (KB)
...
006 (10610888.638.000) 12/16 09:38:07 Image size of job updated: 37920
	37  -  MemoryUsage of job (MB)
	37500  -  ResidentSetSize of job (KB)
...
040 (10610888.638.000) 12/16 11:03:53 Started transferring output files
...
040 (10610888.638.000) 12/16 11:03:53 Finished transferring output files
...
005 (10610888.638.000) 12/16 11:03:53 Job terminated.
	(1) Normal termination (return value 0)
		Usr 0 01:29:45, Sys 0 00:00:08  -  Run Remote Usage
		Usr 0 00:00:00, Sys 0 00:00:00  -  Run Local Usage
		Usr 0 01:29:45, Sys 0 00:00:08  -  Total Remote Usage
		Usr 0 00:00:00, Sys 0 00:00:00  -  Total Local Usage
	0  -  Run Bytes Sent By Job
	7584148  -  Run Bytes Received By Job
	0  -  Total Bytes Sent By Job
	7584148  -  Total Bytes Received By Job
	Partitionable Resources :    Usage  Request Allocated 
	   Cpus                 :     0.99        4         4 
	   Disk (KB)            : 32315        7500     11101 
	   GPUs                 :                           0 
	   Memory (MB)          :    37       12000     12000 
	   TimeExecute (s)      :  5460                       
	   TimeSlotBusy (s)     :  5461                       

	Job terminated of its own accord at 2025-12-16T10:03:52Z with exit-code 0.
...
