000 (10613549.974.000) 12/16 14:40:45 Job submitted from host: <188.185.71.83:9618?addrs=188.185.71.83-9618+[2001-1458-d00-7--100-34d]-9618&alias=bigbird18.cern.ch&noUDP&sock=schedd_5052_d48c>
...
040 (10613549.974.000) 12/16 15:35:13 Started transferring input files
	Transferring to host: <188.185.213.140:9618?addrs=188.185.213.140-9618+[2001-1458-303-1b--100-8]-9618&alias=b9p28p4880.cern.ch&noUDP&sock=slot1_7_9065_dcca_109588>
...
040 (10613549.974.000) 12/16 15:35:13 Finished transferring input files
...
001 (10613549.974.000) 12/16 15:35:13 Job executing on host: <188.185.213.140:9618?addrs=188.185.213.140-9618+[2001-1458-303-1b--100-8]-9618&alias=b9p28p4880.cern.ch&noUDP&sock=startd_7780_02e8>
	SlotName: slot1_7@b9p28p4880.cern.ch
	CondorScratchDir = "/pool/condor/dir_1723841"
	Cpus = 4
	Disk = 11038
	GPUs = 0
	Memory = 12000
...
006 (10613549.974.000) 12/16 15:35:27 Image size of job updated: 40076
	40  -  MemoryUsage of job (MB)
	40076  -  ResidentSetSize of job (KB)
...
006 (10613549.974.000) 12/16 15:40:27 Image size of job updated: 40500
	40  -  MemoryUsage of job (MB)
	40076  -  ResidentSetSize of job (KB)
...
040 (10613549.974.000) 12/16 16:50:51 Started transferring output files
...
040 (10613549.974.000) 12/16 16:50:52 Finished transferring output files
...
005 (10613549.974.000) 12/16 16:50:52 Job terminated.
	(1) Normal termination (return value 0)
		Usr 0 01:14:55, Sys 0 00:00:03  -  Run Remote Usage
		Usr 0 00:00:00, Sys 0 00:00:00  -  Run Local Usage
		Usr 0 01:14:55, Sys 0 00:00:03  -  Total Remote Usage
		Usr 0 00:00:00, Sys 0 00:00:00  -  Total Local Usage
	0  -  Run Bytes Sent By Job
	7584148  -  Run Bytes Received By Job
	0  -  Total Bytes Sent By Job
	7584148  -  Total Bytes Received By Job
	Partitionable Resources :    Usage  Request Allocated 
	   Cpus                 :     0.99        4         4 
	   Disk (KB)            : 33346        7500     11038 
	   GPUs                 :                           0 
	   Memory (MB)          :    40       12000     12000 
	   TimeExecute (s)      :  4538                       
	   TimeSlotBusy (s)     :  4539                       

	Job terminated of its own accord at 2025-12-16T15:50:51Z with exit-code 0.
...
