000 (10610888.990.000) 12/16 07:14:45 Job submitted from host: <188.185.71.83:9618?addrs=188.185.71.83-9618+[2001-1458-d00-7--100-34d]-9618&alias=bigbird18.cern.ch&noUDP&sock=schedd_5052_d48c>
...
040 (10610888.990.000) 12/16 10:14:30 Started transferring input files
	Transferring to host: <188.185.194.51:9618?addrs=188.185.194.51-9618+[2001-1458-303-21--100-2f]-9618&alias=b9p20p4709.cern.ch&noUDP&sock=slot1_27_4173405_1dc7_25673>
...
040 (10610888.990.000) 12/16 10:14:30 Finished transferring input files
...
001 (10610888.990.000) 12/16 10:14:30 Job executing on host: <188.185.194.51:9618?addrs=188.185.194.51-9618+[2001-1458-303-21--100-2f]-9618&alias=b9p20p4709.cern.ch&noUDP&sock=startd_4825_208c>
	SlotName: slot1_27@b9p20p4709.cern.ch
	CondorScratchDir = "/pool/condor/dir_3592021"
	Cpus = 4
	Disk = 11198
	GPUs = 0
	Memory = 12000
...
006 (10610888.990.000) 12/16 10:14:44 Image size of job updated: 42128
	42  -  MemoryUsage of job (MB)
	42128  -  ResidentSetSize of job (KB)
...
006 (10610888.990.000) 12/16 10:19:45 Image size of job updated: 42220
	42  -  MemoryUsage of job (MB)
	42128  -  ResidentSetSize of job (KB)
...
040 (10610888.990.000) 12/16 12:03:46 Started transferring output files
...
040 (10610888.990.000) 12/16 12:03:46 Finished transferring output files
...
005 (10610888.990.000) 12/16 12:03:46 Job terminated.
	(1) Normal termination (return value 0)
		Usr 0 01:48:09, Sys 0 00:00:10  -  Run Remote Usage
		Usr 0 00:00:00, Sys 0 00:00:00  -  Run Local Usage
		Usr 0 01:48:09, Sys 0 00:00:10  -  Total Remote Usage
		Usr 0 00:00:00, Sys 0 00:00:00  -  Total Local Usage
	0  -  Run Bytes Sent By Job
	7584148  -  Run Bytes Received By Job
	0  -  Total Bytes Sent By Job
	7584148  -  Total Bytes Received By Job
	Partitionable Resources :    Usage  Request Allocated 
	   Cpus                 :     0.99        4         4 
	   Disk (KB)            : 32871        7500     11198 
	   GPUs                 :                           0 
	   Memory (MB)          :    42       12000     12000 
	   TimeExecute (s)      :  6555                       
	   TimeSlotBusy (s)     :  6556                       

	Job terminated of its own accord at 2025-12-16T11:03:45Z with exit-code 0.
...
