000 (10610889.506.000) 12/16 07:15:00 Job submitted from host: <188.185.71.83:9618?addrs=188.185.71.83-9618+[2001-1458-d00-7--100-34d]-9618&alias=bigbird18.cern.ch&noUDP&sock=schedd_5052_d48c>
...
040 (10610889.506.000) 12/16 14:09:30 Started transferring input files
	Transferring to host: <188.185.195.39:9618?addrs=188.185.195.39-9618+[2001-1458-303-22--100-23]-9618&alias=b9p17p4903.cern.ch&noUDP&sock=slot1_1_5125_c6a9_84117>
...
040 (10610889.506.000) 12/16 14:09:30 Finished transferring input files
...
001 (10610889.506.000) 12/16 14:09:30 Job executing on host: <188.185.195.39:9618?addrs=188.185.195.39-9618+[2001-1458-303-22--100-23]-9618&alias=b9p17p4903.cern.ch&noUDP&sock=startd_4056_a838>
	SlotName: slot1_1@b9p17p4903.cern.ch
	CondorScratchDir = "/pool/condor/dir_3781240"
	Cpus = 4
	Disk = 11142
	GPUs = 0
	Memory = 12000
...
006 (10610889.506.000) 12/16 14:09:44 Image size of job updated: 25228
	25  -  MemoryUsage of job (MB)
	25228  -  ResidentSetSize of job (KB)
...
006 (10610889.506.000) 12/16 14:14:45 Image size of job updated: 25648
	25  -  MemoryUsage of job (MB)
	25228  -  ResidentSetSize of job (KB)
...
006 (10610889.506.000) 12/16 15:59:43 Image size of job updated: 117056
	25  -  MemoryUsage of job (MB)
	25228  -  ResidentSetSize of job (KB)
...
040 (10610889.506.000) 12/16 15:59:44 Started transferring output files
...
040 (10610889.506.000) 12/16 15:59:44 Finished transferring output files
...
005 (10610889.506.000) 12/16 15:59:44 Job terminated.
	(1) Normal termination (return value 0)
		Usr 0 01:49:12, Sys 0 00:00:09  -  Run Remote Usage
		Usr 0 00:00:00, Sys 0 00:00:00  -  Run Local Usage
		Usr 0 01:49:12, Sys 0 00:00:09  -  Total Remote Usage
		Usr 0 00:00:00, Sys 0 00:00:00  -  Total Local Usage
	0  -  Run Bytes Sent By Job
	7584148  -  Run Bytes Received By Job
	0  -  Total Bytes Sent By Job
	7584148  -  Total Bytes Received By Job
	Partitionable Resources :    Usage  Request Allocated 
	   Cpus                 :     0.99        4         4 
	   Disk (KB)            : 32609        7500     11142 
	   GPUs                 :                           0 
	   Memory (MB)          :    25       12000     12000 
	   TimeExecute (s)      :  6613                       
	   TimeSlotBusy (s)     :  6615                       

	Job terminated of its own accord at 2025-12-16T14:59:43Z with exit-code 0.
...
