000 (10610887.469.000) 12/16 07:14:31 Job submitted from host: <188.185.71.83:9618?addrs=188.185.71.83-9618+[2001-1458-d00-7--100-34d]-9618&alias=bigbird18.cern.ch&noUDP&sock=schedd_5052_d48c>
...
040 (10610887.469.000) 12/16 07:50:17 Started transferring input files
	Transferring to host: <188.185.210.142:9618?addrs=188.185.210.142-9618+[2001-1458-303-15--100-a]-9618&alias=b9p22p8216.cern.ch&noUDP&sock=slot1_2_2185073_5970_13039>
...
040 (10610887.469.000) 12/16 07:50:17 Finished transferring input files
...
001 (10610887.469.000) 12/16 07:50:17 Job executing on host: <188.185.210.142:9618?addrs=188.185.210.142-9618+[2001-1458-303-15--100-a]-9618&alias=b9p22p8216.cern.ch&noUDP&sock=startd_2180258_386b>
	SlotName: slot1_2@b9p22p8216.cern.ch
	CondorScratchDir = "/pool/condor/dir_1629831"
	Cpus = 4
	Disk = 10985
	GPUs = 0
	Memory = 12000
...
006 (10610887.469.000) 12/16 07:50:31 Image size of job updated: 40052
	40  -  MemoryUsage of job (MB)
	40052  -  ResidentSetSize of job (KB)
...
006 (10610887.469.000) 12/16 07:55:32 Image size of job updated: 40472
	40  -  MemoryUsage of job (MB)
	40052  -  ResidentSetSize of job (KB)
...
006 (10610887.469.000) 12/16 09:15:39 Image size of job updated: 121004
	119  -  MemoryUsage of job (MB)
	121004  -  ResidentSetSize of job (KB)
...
040 (10610887.469.000) 12/16 09:15:44 Started transferring output files
...
040 (10610887.469.000) 12/16 09:15:44 Finished transferring output files
...
005 (10610887.469.000) 12/16 09:15:44 Job terminated.
	(1) Normal termination (return value 0)
		Usr 0 01:24:24, Sys 0 00:00:09  -  Run Remote Usage
		Usr 0 00:00:00, Sys 0 00:00:00  -  Run Local Usage
		Usr 0 01:24:24, Sys 0 00:00:09  -  Total Remote Usage
		Usr 0 00:00:00, Sys 0 00:00:00  -  Total Local Usage
	0  -  Run Bytes Sent By Job
	7584148  -  Run Bytes Received By Job
	0  -  Total Bytes Sent By Job
	7584148  -  Total Bytes Received By Job
	Partitionable Resources :    Usage  Request Allocated 
	   Cpus                 :     0.99        4         4 
	   Disk (KB)            : 33146        7500     10985 
	   GPUs                 :                           0 
	   Memory (MB)          :   119       12000     12000 
	   TimeExecute (s)      :  5126                       
	   TimeSlotBusy (s)     :  5128                       

	Job terminated of its own accord at 2025-12-16T08:15:43Z with exit-code 0.
...
