000 (10610889.891.000) 12/16 07:15:01 Job submitted from host: <188.185.71.83:9618?addrs=188.185.71.83-9618+[2001-1458-d00-7--100-34d]-9618&alias=bigbird18.cern.ch&noUDP&sock=schedd_5052_d48c>
...
040 (10610889.891.000) 12/16 14:26:46 Started transferring input files
	Transferring to host: <188.185.215.63:9618?addrs=188.185.215.63-9618+[2001-1458-303-1e--100-3b]-9618&alias=b9p31p1310.cern.ch&noUDP&sock=slot1_1_4386_156b_93265>
...
001 (10610889.891.000) 12/16 14:26:46 Job executing on host: <188.185.215.63:9618?addrs=188.185.215.63-9618+[2001-1458-303-1e--100-3b]-9618&alias=b9p31p1310.cern.ch&noUDP&sock=startd_3742_477b>
	SlotName: slot1_1@b9p31p1310.cern.ch
	CondorScratchDir = "/pool/condor/dir_125004"
	Cpus = 4
	Disk = 10906
	GPUs = 0
	Memory = 12000
...
040 (10610889.891.000) 12/16 14:26:46 Finished transferring input files
...
006 (10610889.891.000) 12/16 14:27:00 Image size of job updated: 41300
	41  -  MemoryUsage of job (MB)
	41300  -  ResidentSetSize of job (KB)
...
040 (10610889.891.000) 12/16 15:57:19 Started transferring output files
...
040 (10610889.891.000) 12/16 15:57:19 Finished transferring output files
...
005 (10610889.891.000) 12/16 15:57:19 Job terminated.
	(1) Normal termination (return value 0)
		Usr 0 01:29:20, Sys 0 00:00:08  -  Run Remote Usage
		Usr 0 00:00:00, Sys 0 00:00:00  -  Run Local Usage
		Usr 0 01:29:20, Sys 0 00:00:08  -  Total Remote Usage
		Usr 0 00:00:00, Sys 0 00:00:00  -  Total Local Usage
	0  -  Run Bytes Sent By Job
	7584148  -  Run Bytes Received By Job
	0  -  Total Bytes Sent By Job
	7584148  -  Total Bytes Received By Job
	Partitionable Resources :    Usage  Request Allocated 
	   Cpus                 :     0.99        4         4 
	   Disk (KB)            : 32837        7500     10906 
	   GPUs                 :                           0 
	   Memory (MB)          :    41       12000     12000 
	   TimeExecute (s)      :  5432                       
	   TimeSlotBusy (s)     :  5434                       

	Job terminated of its own accord at 2025-12-16T14:57:18Z with exit-code 0.
...
