000 (10613549.282.000) 12/16 14:40:44 Job submitted from host: <188.185.71.83:9618?addrs=188.185.71.83-9618+[2001-1458-d00-7--100-34d]-9618&alias=bigbird18.cern.ch&noUDP&sock=schedd_5052_d48c>
...
040 (10613549.282.000) 12/16 15:29:09 Started transferring input files
	Transferring to host: <188.185.212.196:9618?addrs=188.185.212.196-9618+[2001-1458-303-19--100-40]-9618&alias=b9p26p0182.cern.ch&noUDP&sock=slot1_14_4072_d79f_91280>
...
040 (10613549.282.000) 12/16 15:29:09 Finished transferring input files
...
001 (10613549.282.000) 12/16 15:29:09 Job executing on host: <188.185.212.196:9618?addrs=188.185.212.196-9618+[2001-1458-303-19--100-40]-9618&alias=b9p26p0182.cern.ch&noUDP&sock=startd_3434_0450>
	SlotName: slot1_14@b9p26p0182.cern.ch
	CondorScratchDir = "/pool/condor/dir_4108532"
	Cpus = 4
	Disk = 10990
	GPUs = 0
	Memory = 12000
...
006 (10613549.282.000) 12/16 15:29:23 Image size of job updated: 37496
	37  -  MemoryUsage of job (MB)
	37496  -  ResidentSetSize of job (KB)
...
006 (10613549.282.000) 12/16 15:34:24 Image size of job updated: 37916
	37  -  MemoryUsage of job (MB)
	37496  -  ResidentSetSize of job (KB)
...
006 (10613549.282.000) 12/16 16:45:49 Image size of job updated: 118440
	37  -  MemoryUsage of job (MB)
	37496  -  ResidentSetSize of job (KB)
...
040 (10613549.282.000) 12/16 16:45:50 Started transferring output files
...
040 (10613549.282.000) 12/16 16:45:50 Finished transferring output files
...
005 (10613549.282.000) 12/16 16:45:50 Job terminated.
	(1) Normal termination (return value 0)
		Usr 0 01:15:51, Sys 0 00:00:07  -  Run Remote Usage
		Usr 0 00:00:00, Sys 0 00:00:00  -  Run Local Usage
		Usr 0 01:15:51, Sys 0 00:00:07  -  Total Remote Usage
		Usr 0 00:00:00, Sys 0 00:00:00  -  Total Local Usage
	0  -  Run Bytes Sent By Job
	7584148  -  Run Bytes Received By Job
	0  -  Total Bytes Sent By Job
	7584148  -  Total Bytes Received By Job
	Partitionable Resources :    Usage  Request Allocated 
	   Cpus                 :     0.99        4         4 
	   Disk (KB)            : 32503        7500     10990 
	   GPUs                 :                           0 
	   Memory (MB)          :    37       12000     12000 
	   TimeExecute (s)      :  4600                       
	   TimeSlotBusy (s)     :  4602                       

	Job terminated of its own accord at 2025-12-16T15:45:49Z with exit-code 0.
...
