000 (10610887.109.000) 12/16 07:14:31 Job submitted from host: <188.185.71.83:9618?addrs=188.185.71.83-9618+[2001-1458-d00-7--100-34d]-9618&alias=bigbird18.cern.ch&noUDP&sock=schedd_5052_d48c>
...
040 (10610887.109.000) 12/16 07:44:25 Started transferring input files
	Transferring to host: <188.185.212.19:9618?addrs=188.185.212.19-9618+[2001-1458-303-18--100-f]-9618&alias=b9p25p4675.cern.ch&noUDP&sock=slot1_4_710446_3a13_10884>
...
040 (10610887.109.000) 12/16 07:44:25 Finished transferring input files
...
001 (10610887.109.000) 12/16 07:44:25 Job executing on host: <188.185.212.19:9618?addrs=188.185.212.19-9618+[2001-1458-303-18--100-f]-9618&alias=b9p25p4675.cern.ch&noUDP&sock=startd_4926_679d>
	SlotName: slot1_4@b9p25p4675.cern.ch
	CondorScratchDir = "/pool/condor/dir_1546112"
	Cpus = 4
	Disk = 11048
	GPUs = 0
	Memory = 12000
...
006 (10610887.109.000) 12/16 07:44:39 Image size of job updated: 37512
	37  -  MemoryUsage of job (MB)
	37512  -  ResidentSetSize of job (KB)
...
006 (10610887.109.000) 12/16 07:49:40 Image size of job updated: 37932
	37  -  MemoryUsage of job (MB)
	37512  -  ResidentSetSize of job (KB)
...
006 (10610887.109.000) 12/16 09:27:00 Image size of job updated: 118456
	37  -  MemoryUsage of job (MB)
	37512  -  ResidentSetSize of job (KB)
...
040 (10610887.109.000) 12/16 09:27:01 Started transferring output files
...
040 (10610887.109.000) 12/16 09:27:01 Finished transferring output files
...
005 (10610887.109.000) 12/16 09:27:01 Job terminated.
	(1) Normal termination (return value 0)
		Usr 0 01:40:38, Sys 0 00:00:09  -  Run Remote Usage
		Usr 0 00:00:00, Sys 0 00:00:00  -  Run Local Usage
		Usr 0 01:40:38, Sys 0 00:00:09  -  Total Remote Usage
		Usr 0 00:00:00, Sys 0 00:00:00  -  Total Local Usage
	0  -  Run Bytes Sent By Job
	7584148  -  Run Bytes Received By Job
	0  -  Total Bytes Sent By Job
	7584148  -  Total Bytes Received By Job
	Partitionable Resources :    Usage  Request Allocated 
	   Cpus                 :     0.99        4         4 
	   Disk (KB)            : 33484        7500     11048 
	   GPUs                 :                           0 
	   Memory (MB)          :    37       12000     12000 
	   TimeExecute (s)      :  6155                       
	   TimeSlotBusy (s)     :  6157                       

	Job terminated of its own accord at 2025-12-16T08:27:00Z with exit-code 0.
...
