000 (10613550.591.000) 12/16 14:40:59 Job submitted from host: <188.185.71.83:9618?addrs=188.185.71.83-9618+[2001-1458-d00-7--100-34d]-9618&alias=bigbird18.cern.ch&noUDP&sock=schedd_5052_d48c>
...
040 (10613550.591.000) 12/16 16:42:16 Started transferring input files
	Transferring to host: <188.185.192.110:9618?addrs=188.185.192.110-9618+[2001-1458-303-1f--100-6a]-9618&alias=b9p13p9473.cern.ch&noUDP&sock=slot1_23_7644_a3b0_85671>
...
040 (10613550.591.000) 12/16 16:42:16 Finished transferring input files
...
001 (10613550.591.000) 12/16 16:42:16 Job executing on host: <188.185.192.110:9618?addrs=188.185.192.110-9618+[2001-1458-303-1f--100-6a]-9618&alias=b9p13p9473.cern.ch&noUDP&sock=startd_6583_f80b>
	SlotName: slot1_23@b9p13p9473.cern.ch
	CondorScratchDir = "/pool/condor/dir_1847917"
	Cpus = 4
	Disk = 11075
	GPUs = 0
	Memory = 12000
...
006 (10613550.591.000) 12/16 16:42:30 Image size of job updated: 37408
	37  -  MemoryUsage of job (MB)
	37408  -  ResidentSetSize of job (KB)
...
006 (10613550.591.000) 12/16 16:47:31 Image size of job updated: 37860
	37  -  MemoryUsage of job (MB)
	37408  -  ResidentSetSize of job (KB)
...
006 (10613550.591.000) 12/16 19:04:35 Image size of job updated: 118380
	37  -  MemoryUsage of job (MB)
	37408  -  ResidentSetSize of job (KB)
...
040 (10613550.591.000) 12/16 19:04:36 Started transferring output files
...
040 (10613550.591.000) 12/16 19:04:36 Finished transferring output files
...
005 (10613550.591.000) 12/16 19:04:36 Job terminated.
	(1) Normal termination (return value 0)
		Usr 0 02:20:28, Sys 0 00:00:21  -  Run Remote Usage
		Usr 0 00:00:00, Sys 0 00:00:00  -  Run Local Usage
		Usr 0 02:20:28, Sys 0 00:00:21  -  Total Remote Usage
		Usr 0 00:00:00, Sys 0 00:00:00  -  Total Local Usage
	0  -  Run Bytes Sent By Job
	7584148  -  Run Bytes Received By Job
	0  -  Total Bytes Sent By Job
	7584148  -  Total Bytes Received By Job
	Partitionable Resources :    Usage  Request Allocated 
	   Cpus                 :     0.99        4         4 
	   Disk (KB)            : 33760        7500     11075 
	   GPUs                 :                           0 
	   Memory (MB)          :    37       12000     12000 
	   TimeExecute (s)      :  8539                       
	   TimeSlotBusy (s)     :  8540                       

	Job terminated of its own accord at 2025-12-16T18:04:35Z with exit-code 0.
...
