000 (10610889.360.000) 12/16 07:15:00 Job submitted from host: <188.185.71.83:9618?addrs=188.185.71.83-9618+[2001-1458-d00-7--100-34d]-9618&alias=bigbird18.cern.ch&noUDP&sock=schedd_5052_d48c>
...
040 (10610889.360.000) 12/16 13:38:17 Started transferring input files
	Transferring to host: <128.142.161.147:9618?addrs=128.142.161.147-9618+[2001-1458-301-b9--100-10]-9618&alias=b9g03p3379.cern.ch&noUDP&sock=slot1_3_3638333_7cc9_85911>
...
040 (10610889.360.000) 12/16 13:38:17 Finished transferring input files
...
001 (10610889.360.000) 12/16 13:38:17 Job executing on host: <128.142.161.147:9618?addrs=128.142.161.147-9618+[2001-1458-301-b9--100-10]-9618&alias=b9g03p3379.cern.ch&noUDP&sock=startd_6648_8db3>
	SlotName: slot1_3@b9g03p3379.cern.ch
	CondorScratchDir = "/pool/condor/dir_3111874"
	Cpus = 4
	Disk = 11124
	GPUs = 0
	Memory = 12000
...
006 (10610889.360.000) 12/16 13:38:31 Image size of job updated: 40536
	40  -  MemoryUsage of job (MB)
	40536  -  ResidentSetSize of job (KB)
...
006 (10610889.360.000) 12/16 13:43:32 Image size of job updated: 40628
	40  -  MemoryUsage of job (MB)
	40536  -  ResidentSetSize of job (KB)
...
006 (10610889.360.000) 12/16 15:48:56 Image size of job updated: 121148
	40  -  MemoryUsage of job (MB)
	40536  -  ResidentSetSize of job (KB)
...
040 (10610889.360.000) 12/16 15:48:56 Started transferring output files
...
040 (10610889.360.000) 12/16 15:48:57 Finished transferring output files
...
005 (10610889.360.000) 12/16 15:48:57 Job terminated.
	(1) Normal termination (return value 0)
		Usr 0 02:09:24, Sys 0 00:00:09  -  Run Remote Usage
		Usr 0 00:00:00, Sys 0 00:00:00  -  Run Local Usage
		Usr 0 02:09:24, Sys 0 00:00:09  -  Total Remote Usage
		Usr 0 00:00:00, Sys 0 00:00:00  -  Total Local Usage
	0  -  Run Bytes Sent By Job
	7584148  -  Run Bytes Received By Job
	0  -  Total Bytes Sent By Job
	7584148  -  Total Bytes Received By Job
	Partitionable Resources :    Usage  Request Allocated 
	   Cpus                 :     0.99        4         4 
	   Disk (KB)            : 33101        7500     11124 
	   GPUs                 :                           0 
	   Memory (MB)          :    40       12000     12000 
	   TimeExecute (s)      :  7839                       
	   TimeSlotBusy (s)     :  7840                       

	Job terminated of its own accord at 2025-12-16T14:48:56Z with exit-code 0.
...
