000 (10613549.350.000) 12/16 14:40:44 Job submitted from host: <188.185.71.83:9618?addrs=188.185.71.83-9618+[2001-1458-d00-7--100-34d]-9618&alias=bigbird18.cern.ch&noUDP&sock=schedd_5052_d48c>
...
040 (10613549.350.000) 12/16 15:29:31 Started transferring input files
	Transferring to host: <188.185.215.24:9618?addrs=188.185.215.24-9618+[2001-1458-303-1e--100-14]-9618&alias=b9p31p4380.cern.ch&noUDP&sock=slot1_2_5910_e129_93236>
...
040 (10613549.350.000) 12/16 15:29:31 Finished transferring input files
...
001 (10613549.350.000) 12/16 15:29:31 Job executing on host: <188.185.215.24:9618?addrs=188.185.215.24-9618+[2001-1458-303-1e--100-14]-9618&alias=b9p31p4380.cern.ch&noUDP&sock=startd_5201_0828>
	SlotName: slot1_2@b9p31p4380.cern.ch
	CondorScratchDir = "/pool/condor/dir_2036948"
	Cpus = 4
	Disk = 11083
	GPUs = 0
	Memory = 12000
...
006 (10613549.350.000) 12/16 15:29:45 Image size of job updated: 37508
	37  -  MemoryUsage of job (MB)
	37508  -  ResidentSetSize of job (KB)
...
006 (10613549.350.000) 12/16 15:34:46 Image size of job updated: 37928
	37  -  MemoryUsage of job (MB)
	37508  -  ResidentSetSize of job (KB)
...
006 (10613549.350.000) 12/16 16:48:52 Image size of job updated: 118464
	37  -  MemoryUsage of job (MB)
	37508  -  ResidentSetSize of job (KB)
...
040 (10613549.350.000) 12/16 16:48:52 Started transferring output files
...
040 (10613549.350.000) 12/16 16:48:52 Finished transferring output files
...
005 (10613549.350.000) 12/16 16:48:53 Job terminated.
	(1) Normal termination (return value 0)
		Usr 0 01:18:05, Sys 0 00:00:12  -  Run Remote Usage
		Usr 0 00:00:00, Sys 0 00:00:00  -  Run Local Usage
		Usr 0 01:18:05, Sys 0 00:00:12  -  Total Remote Usage
		Usr 0 00:00:00, Sys 0 00:00:00  -  Total Local Usage
	0  -  Run Bytes Sent By Job
	7584148  -  Run Bytes Received By Job
	0  -  Total Bytes Sent By Job
	7584148  -  Total Bytes Received By Job
	Partitionable Resources :    Usage  Request Allocated 
	   Cpus                 :     0.99        4         4 
	   Disk (KB)            : 32422        7500     11083 
	   GPUs                 :                           0 
	   Memory (MB)          :    37       12000     12000 
	   TimeExecute (s)      :  4761                       
	   TimeSlotBusy (s)     :  4762                       

	Job terminated of its own accord at 2025-12-16T15:48:52Z with exit-code 0.
...
