000 (10610887.783.000) 12/16 07:14:31 Job submitted from host: <188.185.71.83:9618?addrs=188.185.71.83-9618+[2001-1458-d00-7--100-34d]-9618&alias=bigbird18.cern.ch&noUDP&sock=schedd_5052_d48c>
...
040 (10610887.783.000) 12/16 07:55:36 Started transferring input files
	Transferring to host: <188.185.195.57:9618?addrs=188.185.195.57-9618+[2001-1458-303-22--100-35]-9618&alias=b9p17p4699.cern.ch&noUDP&sock=slot1_18_5367_4973_83248>
...
040 (10610887.783.000) 12/16 07:55:36 Finished transferring input files
...
001 (10610887.783.000) 12/16 07:55:36 Job executing on host: <188.185.195.57:9618?addrs=188.185.195.57-9618+[2001-1458-303-22--100-35]-9618&alias=b9p17p4699.cern.ch&noUDP&sock=startd_4308_8216>
	SlotName: slot1_18@b9p17p4699.cern.ch
	CondorScratchDir = "/pool/condor/dir_1464982"
	Cpus = 4
	Disk = 11056
	GPUs = 0
	Memory = 12000
...
006 (10610887.783.000) 12/16 07:55:50 Image size of job updated: 37996
	38  -  MemoryUsage of job (MB)
	37996  -  ResidentSetSize of job (KB)
...
006 (10610887.783.000) 12/16 08:00:51 Image size of job updated: 38420
	38  -  MemoryUsage of job (MB)
	37996  -  ResidentSetSize of job (KB)
...
040 (10610887.783.000) 12/16 09:46:10 Started transferring output files
...
040 (10610887.783.000) 12/16 09:46:11 Finished transferring output files
...
005 (10610887.783.000) 12/16 09:46:11 Job terminated.
	(1) Normal termination (return value 0)
		Usr 0 01:49:30, Sys 0 00:00:08  -  Run Remote Usage
		Usr 0 00:00:00, Sys 0 00:00:00  -  Run Local Usage
		Usr 0 01:49:30, Sys 0 00:00:08  -  Total Remote Usage
		Usr 0 00:00:00, Sys 0 00:00:00  -  Total Local Usage
	0  -  Run Bytes Sent By Job
	7584148  -  Run Bytes Received By Job
	0  -  Total Bytes Sent By Job
	7584148  -  Total Bytes Received By Job
	Partitionable Resources :    Usage  Request Allocated 
	   Cpus                 :     0.99        4         4 
	   Disk (KB)            : 32411        7500     11056 
	   GPUs                 :                           0 
	   Memory (MB)          :    38       12000     12000 
	   TimeExecute (s)      :  6634                       
	   TimeSlotBusy (s)     :  6635                       

	Job terminated of its own accord at 2025-12-16T08:46:10Z with exit-code 0.
...
