000 (10613550.283.000) 12/16 14:40:59 Job submitted from host: <188.185.71.83:9618?addrs=188.185.71.83-9618+[2001-1458-d00-7--100-34d]-9618&alias=bigbird18.cern.ch&noUDP&sock=schedd_5052_d48c>
...
040 (10613550.283.000) 12/16 15:50:24 Started transferring input files
	Transferring to host: <188.185.211.227:9618?addrs=188.185.211.227-9618+[2001-1458-303-17--100-5f]-9618&alias=b9p24p9601.cern.ch&noUDP&sock=slot1_6_5783_6584_89605>
...
040 (10613550.283.000) 12/16 15:50:24 Finished transferring input files
...
001 (10613550.283.000) 12/16 15:50:24 Job executing on host: <188.185.211.227:9618?addrs=188.185.211.227-9618+[2001-1458-303-17--100-5f]-9618&alias=b9p24p9601.cern.ch&noUDP&sock=startd_4937_f328>
	SlotName: slot1_6@b9p24p9601.cern.ch
	CondorScratchDir = "/pool/condor/dir_3921525"
	Cpus = 4
	Disk = 11796
	GPUs = 0
	Memory = 12000
...
006 (10613550.283.000) 12/16 15:50:38 Image size of job updated: 37516
	37  -  MemoryUsage of job (MB)
	37516  -  ResidentSetSize of job (KB)
...
006 (10613550.283.000) 12/16 15:55:39 Image size of job updated: 37936
	37  -  MemoryUsage of job (MB)
	37516  -  ResidentSetSize of job (KB)
...
040 (10613550.283.000) 12/16 17:17:40 Started transferring output files
...
040 (10613550.283.000) 12/16 17:17:40 Finished transferring output files
...
005 (10613550.283.000) 12/16 17:17:40 Job terminated.
	(1) Normal termination (return value 0)
		Usr 0 01:26:05, Sys 0 00:00:11  -  Run Remote Usage
		Usr 0 00:00:00, Sys 0 00:00:00  -  Run Local Usage
		Usr 0 01:26:05, Sys 0 00:00:11  -  Total Remote Usage
		Usr 0 00:00:00, Sys 0 00:00:00  -  Total Local Usage
	0  -  Run Bytes Sent By Job
	7584148  -  Run Bytes Received By Job
	0  -  Total Bytes Sent By Job
	7584148  -  Total Bytes Received By Job
	Partitionable Resources :    Usage  Request Allocated 
	   Cpus                 :     0.99        4         4 
	   Disk (KB)            : 32303        7500     11796 
	   GPUs                 :                           0 
	   Memory (MB)          :    37       12000     12000 
	   TimeExecute (s)      :  5235                       
	   TimeSlotBusy (s)     :  5236                       

	Job terminated of its own accord at 2025-12-16T16:17:39Z with exit-code 0.
...
