000 (10610889.430.000) 12/16 07:15:00 Job submitted from host: <188.185.71.83:9618?addrs=188.185.71.83-9618+[2001-1458-d00-7--100-34d]-9618&alias=bigbird18.cern.ch&noUDP&sock=schedd_5052_d48c>
...
040 (10610889.430.000) 12/16 14:09:06 Started transferring input files
	Transferring to host: <188.185.211.171:9618?addrs=188.185.211.171-9618+[2001-1458-303-17--100-27]-9618&alias=b9p24p0247.cern.ch&noUDP&sock=slot1_31_9769_e4e6_93019>
...
040 (10610889.430.000) 12/16 14:09:06 Finished transferring input files
...
001 (10610889.430.000) 12/16 14:09:06 Job executing on host: <188.185.211.171:9618?addrs=188.185.211.171-9618+[2001-1458-303-17--100-27]-9618&alias=b9p24p0247.cern.ch&noUDP&sock=startd_8968_e16b>
	SlotName: slot1_31@b9p24p0247.cern.ch
	CondorScratchDir = "/pool/condor/dir_3354049"
	Cpus = 4
	Disk = 11072
	GPUs = 0
	Memory = 12000
...
006 (10610889.430.000) 12/16 14:09:20 Image size of job updated: 37496
	37  -  MemoryUsage of job (MB)
	37496  -  ResidentSetSize of job (KB)
...
006 (10610889.430.000) 12/16 14:14:21 Image size of job updated: 37916
	37  -  MemoryUsage of job (MB)
	37496  -  ResidentSetSize of job (KB)
...
040 (10610889.430.000) 12/16 15:32:51 Started transferring output files
...
040 (10610889.430.000) 12/16 15:32:51 Finished transferring output files
...
005 (10610889.430.000) 12/16 15:32:51 Job terminated.
	(1) Normal termination (return value 0)
		Usr 0 01:22:40, Sys 0 00:00:06  -  Run Remote Usage
		Usr 0 00:00:00, Sys 0 00:00:00  -  Run Local Usage
		Usr 0 01:22:40, Sys 0 00:00:06  -  Total Remote Usage
		Usr 0 00:00:00, Sys 0 00:00:00  -  Total Local Usage
	0  -  Run Bytes Sent By Job
	7584148  -  Run Bytes Received By Job
	0  -  Total Bytes Sent By Job
	7584148  -  Total Bytes Received By Job
	Partitionable Resources :    Usage  Request Allocated 
	   Cpus                 :     0.99        4         4 
	   Disk (KB)            : 32436        7500     11072 
	   GPUs                 :                           0 
	   Memory (MB)          :    37       12000     12000 
	   TimeExecute (s)      :  5024                       
	   TimeSlotBusy (s)     :  5026                       

	Job terminated of its own accord at 2025-12-16T14:32:50Z with exit-code 0.
...
