000 (10613550.472.000) 12/16 14:40:59 Job submitted from host: <188.185.71.83:9618?addrs=188.185.71.83-9618+[2001-1458-d00-7--100-34d]-9618&alias=bigbird18.cern.ch&noUDP&sock=schedd_5052_d48c>
...
040 (10613550.472.000) 12/16 16:10:40 Started transferring input files
	Transferring to host: <128.142.192.212:9618?addrs=128.142.192.212-9618+[2001-1458-301-56--100-50]-9618&alias=b9g18p9268.cern.ch&noUDP&sock=slot1_3_3439480_8f52_12284>
...
040 (10613550.472.000) 12/16 16:10:40 Finished transferring input files
...
001 (10613550.472.000) 12/16 16:10:40 Job executing on host: <128.142.192.212:9618?addrs=128.142.192.212-9618+[2001-1458-301-56--100-50]-9618&alias=b9g18p9268.cern.ch&noUDP&sock=startd_3438818_b2a7>
	SlotName: slot1_3@b9g18p9268.cern.ch
	CondorScratchDir = "/pool/condor/dir_1049645"
	Cpus = 4
	Disk = 11091
	GPUs = 0
	Memory = 12000
...
006 (10613550.472.000) 12/16 16:10:53 Image size of job updated: 39372
	39  -  MemoryUsage of job (MB)
	39372  -  ResidentSetSize of job (KB)
...
006 (10613550.472.000) 12/16 16:15:53 Image size of job updated: 39460
	39  -  MemoryUsage of job (MB)
	39372  -  ResidentSetSize of job (KB)
...
006 (10613550.472.000) 12/16 17:56:03 Image size of job updated: 46132
	46  -  MemoryUsage of job (MB)
	46132  -  ResidentSetSize of job (KB)
...
006 (10613550.472.000) 12/16 17:58:08 Image size of job updated: 127912
	46  -  MemoryUsage of job (MB)
	46132  -  ResidentSetSize of job (KB)
...
040 (10613550.472.000) 12/16 17:58:09 Started transferring output files
...
040 (10613550.472.000) 12/16 17:58:09 Finished transferring output files
...
005 (10613550.472.000) 12/16 17:58:09 Job terminated.
	(1) Normal termination (return value 0)
		Usr 0 01:46:26, Sys 0 00:00:06  -  Run Remote Usage
		Usr 0 00:00:00, Sys 0 00:00:00  -  Run Local Usage
		Usr 0 01:46:26, Sys 0 00:00:06  -  Total Remote Usage
		Usr 0 00:00:00, Sys 0 00:00:00  -  Total Local Usage
	0  -  Run Bytes Sent By Job
	7584148  -  Run Bytes Received By Job
	0  -  Total Bytes Sent By Job
	7584148  -  Total Bytes Received By Job
	Partitionable Resources :    Usage  Request Allocated 
	   Cpus                 :     0.99        4         4 
	   Disk (KB)            : 33526        7500     11091 
	   GPUs                 :                           0 
	   Memory (MB)          :    46       12000     12000 
	   TimeExecute (s)      :  6448                       
	   TimeSlotBusy (s)     :  6450                       

	Job terminated of its own accord at 2025-12-16T16:58:08Z with exit-code 0.
...
