000 (10613550.595.000) 12/16 14:40:59 Job submitted from host: <188.185.71.83:9618?addrs=188.185.71.83-9618+[2001-1458-d00-7--100-34d]-9618&alias=bigbird18.cern.ch&noUDP&sock=schedd_5052_d48c>
...
040 (10613550.595.000) 12/16 16:42:42 Started transferring input files
	Transferring to host: <128.142.192.210:9618?addrs=128.142.192.210-9618+[2001-1458-301-56--100-4e]-9618&alias=b9g18p0299.cern.ch&noUDP&sock=slot1_11_6554_a2c4_109505>
...
040 (10613550.595.000) 12/16 16:42:42 Finished transferring input files
...
001 (10613550.595.000) 12/16 16:42:42 Job executing on host: <128.142.192.210:9618?addrs=128.142.192.210-9618+[2001-1458-301-56--100-4e]-9618&alias=b9g18p0299.cern.ch&noUDP&sock=startd_5482_c645>
	SlotName: slot1_11@b9g18p0299.cern.ch
	CondorScratchDir = "/pool/condor/dir_1477733"
	Cpus = 4
	Disk = 10999
	GPUs = 0
	Memory = 12000
...
006 (10613550.595.000) 12/16 16:42:56 Image size of job updated: 35372
	35  -  MemoryUsage of job (MB)
	35372  -  ResidentSetSize of job (KB)
...
006 (10613550.595.000) 12/16 16:47:57 Image size of job updated: 35792
	35  -  MemoryUsage of job (MB)
	35372  -  ResidentSetSize of job (KB)
...
006 (10613550.595.000) 12/16 18:37:57 Image size of job updated: 116360
	35  -  MemoryUsage of job (MB)
	35372  -  ResidentSetSize of job (KB)
...
040 (10613550.595.000) 12/16 18:37:58 Started transferring output files
...
040 (10613550.595.000) 12/16 18:37:58 Finished transferring output files
...
005 (10613550.595.000) 12/16 18:37:58 Job terminated.
	(1) Normal termination (return value 0)
		Usr 0 01:53:55, Sys 0 00:00:07  -  Run Remote Usage
		Usr 0 00:00:00, Sys 0 00:00:00  -  Run Local Usage
		Usr 0 01:53:55, Sys 0 00:00:07  -  Total Remote Usage
		Usr 0 00:00:00, Sys 0 00:00:00  -  Total Local Usage
	0  -  Run Bytes Sent By Job
	7584148  -  Run Bytes Received By Job
	0  -  Total Bytes Sent By Job
	7584148  -  Total Bytes Received By Job
	Partitionable Resources :    Usage  Request Allocated 
	   Cpus                 :     0.99        4         4 
	   Disk (KB)            : 33253        7500     10999 
	   GPUs                 :                           0 
	   Memory (MB)          :    35       12000     12000 
	   TimeExecute (s)      :  6915                       
	   TimeSlotBusy (s)     :  6916                       

	Job terminated of its own accord at 2025-12-16T17:37:57Z with exit-code 0.
...
