000 (10613549.213.000) 12/16 14:40:44 Job submitted from host: <188.185.71.83:9618?addrs=188.185.71.83-9618+[2001-1458-d00-7--100-34d]-9618&alias=bigbird18.cern.ch&noUDP&sock=schedd_5052_d48c>
...
040 (10613549.213.000) 12/16 15:25:21 Started transferring input files
	Transferring to host: <188.185.211.161:9618?addrs=188.185.211.161-9618+[2001-1458-303-17--100-1d]-9618&alias=b9p24p8130.cern.ch&noUDP&sock=slot1_6_4220_1f25_93092>
...
040 (10613549.213.000) 12/16 15:25:21 Finished transferring input files
...
001 (10613549.213.000) 12/16 15:25:21 Job executing on host: <188.185.211.161:9618?addrs=188.185.211.161-9618+[2001-1458-303-17--100-1d]-9618&alias=b9p24p8130.cern.ch&noUDP&sock=startd_3511_d51b>
	SlotName: slot1_6@b9p24p8130.cern.ch
	CondorScratchDir = "/pool/condor/dir_2441774"
	Cpus = 4
	Disk = 11015
	GPUs = 0
	Memory = 12000
...
006 (10613549.213.000) 12/16 15:25:35 Image size of job updated: 37464
	37  -  MemoryUsage of job (MB)
	37464  -  ResidentSetSize of job (KB)
...
006 (10613549.213.000) 12/16 15:30:36 Image size of job updated: 37884
	37  -  MemoryUsage of job (MB)
	37464  -  ResidentSetSize of job (KB)
...
040 (10613549.213.000) 12/16 16:46:23 Started transferring output files
...
040 (10613549.213.000) 12/16 16:46:23 Finished transferring output files
...
005 (10613549.213.000) 12/16 16:46:23 Job terminated.
	(1) Normal termination (return value 0)
		Usr 0 01:20:04, Sys 0 00:00:09  -  Run Remote Usage
		Usr 0 00:00:00, Sys 0 00:00:00  -  Run Local Usage
		Usr 0 01:20:04, Sys 0 00:00:09  -  Total Remote Usage
		Usr 0 00:00:00, Sys 0 00:00:00  -  Total Local Usage
	0  -  Run Bytes Sent By Job
	7584148  -  Run Bytes Received By Job
	0  -  Total Bytes Sent By Job
	7584148  -  Total Bytes Received By Job
	Partitionable Resources :    Usage  Request Allocated 
	   Cpus                 :     0.99        4         4 
	   Disk (KB)            : 32465        7500     11015 
	   GPUs                 :                           0 
	   Memory (MB)          :    37       12000     12000 
	   TimeExecute (s)      :  4861                       
	   TimeSlotBusy (s)     :  4862                       

	Job terminated of its own accord at 2025-12-16T15:46:22Z with exit-code 0.
...
