000 (10610887.922.000) 12/16 07:14:32 Job submitted from host: <188.185.71.83:9618?addrs=188.185.71.83-9618+[2001-1458-d00-7--100-34d]-9618&alias=bigbird18.cern.ch&noUDP&sock=schedd_5052_d48c>
...
040 (10610887.922.000) 12/16 08:00:25 Started transferring input files
	Transferring to host: <188.185.210.96:9618?addrs=188.185.210.96-9618+[2001-1458-303-1--100-5c]-9618&alias=b9p21p4456.cern.ch&noUDP&sock=slot1_2_5937_e74b_91153>
...
040 (10610887.922.000) 12/16 08:00:25 Finished transferring input files
...
001 (10610887.922.000) 12/16 08:00:25 Job executing on host: <188.185.210.96:9618?addrs=188.185.210.96-9618+[2001-1458-303-1--100-5c]-9618&alias=b9p21p4456.cern.ch&noUDP&sock=startd_5095_531f>
	SlotName: slot1_2@b9p21p4456.cern.ch
	CondorScratchDir = "/pool/condor/dir_3503378"
	Cpus = 4
	Disk = 10956
	GPUs = 0
	Memory = 12000
...
006 (10610887.922.000) 12/16 08:00:39 Image size of job updated: 39488
	39  -  MemoryUsage of job (MB)
	39488  -  ResidentSetSize of job (KB)
...
006 (10610887.922.000) 12/16 08:05:39 Image size of job updated: 39908
	39  -  MemoryUsage of job (MB)
	39488  -  ResidentSetSize of job (KB)
...
006 (10610887.922.000) 12/16 09:44:09 Image size of job updated: 120448
	39  -  MemoryUsage of job (MB)
	39488  -  ResidentSetSize of job (KB)
...
040 (10610887.922.000) 12/16 09:44:10 Started transferring output files
...
040 (10610887.922.000) 12/16 09:44:10 Finished transferring output files
...
005 (10610887.922.000) 12/16 09:44:10 Job terminated.
	(1) Normal termination (return value 0)
		Usr 0 01:40:58, Sys 0 00:00:15  -  Run Remote Usage
		Usr 0 00:00:00, Sys 0 00:00:00  -  Run Local Usage
		Usr 0 01:40:58, Sys 0 00:00:15  -  Total Remote Usage
		Usr 0 00:00:00, Sys 0 00:00:00  -  Total Local Usage
	0  -  Run Bytes Sent By Job
	7584148  -  Run Bytes Received By Job
	0  -  Total Bytes Sent By Job
	7584148  -  Total Bytes Received By Job
	Partitionable Resources :    Usage  Request Allocated 
	   Cpus                 :     0.99        4         4 
	   Disk (KB)            : 33060        7500     10956 
	   GPUs                 :                           0 
	   Memory (MB)          :    39       12000     12000 
	   TimeExecute (s)      :  6224                       
	   TimeSlotBusy (s)     :  6226                       

	Job terminated of its own accord at 2025-12-16T08:44:09Z with exit-code 0.
...
