000 (10613550.244.000) 12/16 14:40:59 Job submitted from host: <188.185.71.83:9618?addrs=188.185.71.83-9618+[2001-1458-d00-7--100-34d]-9618&alias=bigbird18.cern.ch&noUDP&sock=schedd_5052_d48c>
...
040 (10613550.244.000) 12/16 15:47:36 Started transferring input files
	Transferring to host: <188.185.210.64:9618?addrs=188.185.210.64-9618+[2001-1458-303-1--100-3c]-9618&alias=b9p21p9133.cern.ch&noUDP&sock=slot1_10_4409_4a0c_93714>
...
040 (10613550.244.000) 12/16 15:47:36 Finished transferring input files
...
001 (10613550.244.000) 12/16 15:47:36 Job executing on host: <188.185.210.64:9618?addrs=188.185.210.64-9618+[2001-1458-303-1--100-3c]-9618&alias=b9p21p9133.cern.ch&noUDP&sock=startd_3763_aef8>
	SlotName: slot1_10@b9p21p9133.cern.ch
	CondorScratchDir = "/pool/condor/dir_3403566"
	Cpus = 4
	Disk = 11636
	GPUs = 0
	Memory = 12000
...
006 (10613550.244.000) 12/16 15:47:50 Image size of job updated: 42104
	42  -  MemoryUsage of job (MB)
	42104  -  ResidentSetSize of job (KB)
...
006 (10613550.244.000) 12/16 15:52:51 Image size of job updated: 42524
	42  -  MemoryUsage of job (MB)
	42104  -  ResidentSetSize of job (KB)
...
006 (10613550.244.000) 12/16 17:14:09 Image size of job updated: 123052
	42  -  MemoryUsage of job (MB)
	42104  -  ResidentSetSize of job (KB)
...
040 (10613550.244.000) 12/16 17:14:10 Started transferring output files
...
040 (10613550.244.000) 12/16 17:14:10 Finished transferring output files
...
005 (10613550.244.000) 12/16 17:14:10 Job terminated.
	(1) Normal termination (return value 0)
		Usr 0 01:25:01, Sys 0 00:00:08  -  Run Remote Usage
		Usr 0 00:00:00, Sys 0 00:00:00  -  Run Local Usage
		Usr 0 01:25:01, Sys 0 00:00:08  -  Total Remote Usage
		Usr 0 00:00:00, Sys 0 00:00:00  -  Total Local Usage
	0  -  Run Bytes Sent By Job
	7584148  -  Run Bytes Received By Job
	0  -  Total Bytes Sent By Job
	7584148  -  Total Bytes Received By Job
	Partitionable Resources :    Usage  Request Allocated 
	   Cpus                 :     0.99        4         4 
	   Disk (KB)            : 33673        7500     11636 
	   GPUs                 :                           0 
	   Memory (MB)          :    42       12000     12000 
	   TimeExecute (s)      :  5193                       
	   TimeSlotBusy (s)     :  5194                       

	Job terminated of its own accord at 2025-12-16T16:14:09Z with exit-code 0.
...
