000 (10610888.620.000) 12/16 07:14:44 Job submitted from host: <188.185.71.83:9618?addrs=188.185.71.83-9618+[2001-1458-d00-7--100-34d]-9618&alias=bigbird18.cern.ch&noUDP&sock=schedd_5052_d48c>
...
040 (10610888.620.000) 12/16 09:31:47 Started transferring input files
	Transferring to host: <188.185.211.141:9618?addrs=188.185.211.141-9618+[2001-1458-303-17--100-9]-9618&alias=b9p24p2350.cern.ch&noUDP&sock=slot1_5_4206_41e4_92407>
...
040 (10610888.620.000) 12/16 09:31:47 Finished transferring input files
...
001 (10610888.620.000) 12/16 09:31:47 Job executing on host: <188.185.211.141:9618?addrs=188.185.211.141-9618+[2001-1458-303-17--100-9]-9618&alias=b9p24p2350.cern.ch&noUDP&sock=startd_3579_798b>
	SlotName: slot1_5@b9p24p2350.cern.ch
	CondorScratchDir = "/pool/condor/dir_3062426"
	Cpus = 4
	Disk = 11017
	GPUs = 0
	Memory = 12000
...
006 (10610888.620.000) 12/16 09:32:01 Image size of job updated: 39432
	39  -  MemoryUsage of job (MB)
	39432  -  ResidentSetSize of job (KB)
...
006 (10610888.620.000) 12/16 09:37:02 Image size of job updated: 39852
	39  -  MemoryUsage of job (MB)
	39432  -  ResidentSetSize of job (KB)
...
006 (10610888.620.000) 12/16 11:02:07 Image size of job updated: 120376
	39  -  MemoryUsage of job (MB)
	39432  -  ResidentSetSize of job (KB)
...
040 (10610888.620.000) 12/16 11:02:08 Started transferring output files
...
040 (10610888.620.000) 12/16 11:02:08 Finished transferring output files
...
005 (10610888.620.000) 12/16 11:02:08 Job terminated.
	(1) Normal termination (return value 0)
		Usr 0 01:29:14, Sys 0 00:00:09  -  Run Remote Usage
		Usr 0 00:00:00, Sys 0 00:00:00  -  Run Local Usage
		Usr 0 01:29:14, Sys 0 00:00:09  -  Total Remote Usage
		Usr 0 00:00:00, Sys 0 00:00:00  -  Total Local Usage
	0  -  Run Bytes Sent By Job
	7584148  -  Run Bytes Received By Job
	0  -  Total Bytes Sent By Job
	7584148  -  Total Bytes Received By Job
	Partitionable Resources :    Usage  Request Allocated 
	   Cpus                 :     0.99        4         4 
	   Disk (KB)            : 33381        7500     11017 
	   GPUs                 :                           0 
	   Memory (MB)          :    39       12000     12000 
	   TimeExecute (s)      :  5420                       
	   TimeSlotBusy (s)     :  5421                       

	Job terminated of its own accord at 2025-12-16T10:02:07Z with exit-code 0.
...
