000 (10610887.622.000) 12/16 07:14:31 Job submitted from host: <188.185.71.83:9618?addrs=188.185.71.83-9618+[2001-1458-d00-7--100-34d]-9618&alias=bigbird18.cern.ch&noUDP&sock=schedd_5052_d48c>
...
040 (10610887.622.000) 12/16 07:54:43 Started transferring input files
	Transferring to host: <188.185.196.162:9618?addrs=188.185.196.162-9618+[2001-1458-303-23--100-9e]-9618&alias=b9p16p1742.cern.ch&noUDP&sock=slot1_11_4996_e244_79866>
...
040 (10610887.622.000) 12/16 07:54:43 Finished transferring input files
...
001 (10610887.622.000) 12/16 07:54:43 Job executing on host: <188.185.196.162:9618?addrs=188.185.196.162-9618+[2001-1458-303-23--100-9e]-9618&alias=b9p16p1742.cern.ch&noUDP&sock=startd_4005_ace4>
	SlotName: slot1_11@b9p16p1742.cern.ch
	CondorScratchDir = "/pool/condor/dir_951218"
	Cpus = 4
	Disk = 10957
	GPUs = 0
	Memory = 12000
...
006 (10610887.622.000) 12/16 07:54:57 Image size of job updated: 25708
	26  -  MemoryUsage of job (MB)
	25708  -  ResidentSetSize of job (KB)
...
006 (10610887.622.000) 12/16 07:59:58 Image size of job updated: 25800
	26  -  MemoryUsage of job (MB)
	25708  -  ResidentSetSize of job (KB)
...
006 (10610887.622.000) 12/16 10:37:43 Image size of job updated: 117204
	26  -  MemoryUsage of job (MB)
	25708  -  ResidentSetSize of job (KB)
...
040 (10610887.622.000) 12/16 10:37:44 Started transferring output files
...
040 (10610887.622.000) 12/16 10:37:44 Finished transferring output files
...
005 (10610887.622.000) 12/16 10:37:44 Job terminated.
	(1) Normal termination (return value 0)
		Usr 0 02:39:58, Sys 0 00:00:11  -  Run Remote Usage
		Usr 0 00:00:00, Sys 0 00:00:00  -  Run Local Usage
		Usr 0 02:39:58, Sys 0 00:00:11  -  Total Remote Usage
		Usr 0 00:00:00, Sys 0 00:00:00  -  Total Local Usage
	0  -  Run Bytes Sent By Job
	7584148  -  Run Bytes Received By Job
	0  -  Total Bytes Sent By Job
	7584148  -  Total Bytes Received By Job
	Partitionable Resources :    Usage  Request Allocated 
	   Cpus                 :     1.00        4         4 
	   Disk (KB)            : 33242        7500     10957 
	   GPUs                 :                           0 
	   Memory (MB)          :    26       12000     12000 
	   TimeExecute (s)      :  9780                       
	   TimeSlotBusy (s)     :  9781                       

	Job terminated of its own accord at 2025-12-16T09:37:43Z with exit-code 0.
...
