000 (10610889.745.000) 12/16 07:15:01 Job submitted from host: <188.185.71.83:9618?addrs=188.185.71.83-9618+[2001-1458-d00-7--100-34d]-9618&alias=bigbird18.cern.ch&noUDP&sock=schedd_5052_d48c>
...
040 (10610889.745.000) 12/16 14:25:58 Started transferring input files
	Transferring to host: <188.185.210.199:9618?addrs=188.185.210.199-9618+[2001-1458-303-15--100-43]-9618&alias=b9p22p1594.cern.ch&noUDP&sock=slot1_7_5937_e74b_95169>
...
040 (10610889.745.000) 12/16 14:25:58 Finished transferring input files
...
001 (10610889.745.000) 12/16 14:25:58 Job executing on host: <188.185.210.199:9618?addrs=188.185.210.199-9618+[2001-1458-303-15--100-43]-9618&alias=b9p22p1594.cern.ch&noUDP&sock=startd_5260_803f>
	SlotName: slot1_7@b9p22p1594.cern.ch
	CondorScratchDir = "/pool/condor/dir_2531262"
	Cpus = 4
	Disk = 10919
	GPUs = 0
	Memory = 12000
...
006 (10610889.745.000) 12/16 14:26:12 Image size of job updated: 40084
	40  -  MemoryUsage of job (MB)
	40084  -  ResidentSetSize of job (KB)
...
006 (10610889.745.000) 12/16 14:31:13 Image size of job updated: 40504
	40  -  MemoryUsage of job (MB)
	40084  -  ResidentSetSize of job (KB)
...
006 (10610889.745.000) 12/16 15:44:00 Image size of job updated: 121024
	40  -  MemoryUsage of job (MB)
	40084  -  ResidentSetSize of job (KB)
...
040 (10610889.745.000) 12/16 15:44:01 Started transferring output files
...
040 (10610889.745.000) 12/16 15:44:01 Finished transferring output files
...
005 (10610889.745.000) 12/16 15:44:01 Job terminated.
	(1) Normal termination (return value 0)
		Usr 0 01:17:05, Sys 0 00:00:08  -  Run Remote Usage
		Usr 0 00:00:00, Sys 0 00:00:00  -  Run Local Usage
		Usr 0 01:17:05, Sys 0 00:00:08  -  Total Remote Usage
		Usr 0 00:00:00, Sys 0 00:00:00  -  Total Local Usage
	0  -  Run Bytes Sent By Job
	7584148  -  Run Bytes Received By Job
	0  -  Total Bytes Sent By Job
	7584148  -  Total Bytes Received By Job
	Partitionable Resources :    Usage  Request Allocated 
	   Cpus                 :     0.99        4         4 
	   Disk (KB)            : 33597        7500     10919 
	   GPUs                 :                           0 
	   Memory (MB)          :    40       12000     12000 
	   TimeExecute (s)      :  4682                       
	   TimeSlotBusy (s)     :  4684                       

	Job terminated of its own accord at 2025-12-16T14:44:00Z with exit-code 0.
...
