000 (10613550.712.000) 12/16 14:41:00 Job submitted from host: <188.185.71.83:9618?addrs=188.185.71.83-9618+[2001-1458-d00-7--100-34d]-9618&alias=bigbird18.cern.ch&noUDP&sock=schedd_5052_d48c>
...
040 (10613550.712.000) 12/16 16:48:17 Started transferring input files
	Transferring to host: <188.185.213.176:9618?addrs=188.185.213.176-9618+[2001-1458-303-1b--100-2c]-9618&alias=b9p28p9743.cern.ch&noUDP&sock=slot1_15_4217_0205_110302>
...
040 (10613550.712.000) 12/16 16:48:17 Finished transferring input files
...
001 (10613550.712.000) 12/16 16:48:17 Job executing on host: <188.185.213.176:9618?addrs=188.185.213.176-9618+[2001-1458-303-1b--100-2c]-9618&alias=b9p28p9743.cern.ch&noUDP&sock=startd_3520_0175>
	SlotName: slot1_15@b9p28p9743.cern.ch
	CondorScratchDir = "/pool/condor/dir_2947753"
	Cpus = 4
	Disk = 10855
	GPUs = 0
	Memory = 12000
...
006 (10613550.712.000) 12/16 16:48:30 Image size of job updated: 38000
	38  -  MemoryUsage of job (MB)
	38000  -  ResidentSetSize of job (KB)
...
006 (10613550.712.000) 12/16 16:53:30 Image size of job updated: 38092
	38  -  MemoryUsage of job (MB)
	38000  -  ResidentSetSize of job (KB)
...
006 (10613550.712.000) 12/16 18:03:36 Image size of job updated: 44840
	44  -  MemoryUsage of job (MB)
	44840  -  ResidentSetSize of job (KB)
...
040 (10613550.712.000) 12/16 18:08:11 Started transferring output files
...
040 (10613550.712.000) 12/16 18:08:12 Finished transferring output files
...
005 (10613550.712.000) 12/16 18:08:12 Job terminated.
	(1) Normal termination (return value 0)
		Usr 0 01:19:11, Sys 0 00:00:03  -  Run Remote Usage
		Usr 0 00:00:00, Sys 0 00:00:00  -  Run Local Usage
		Usr 0 01:19:11, Sys 0 00:00:03  -  Total Remote Usage
		Usr 0 00:00:00, Sys 0 00:00:00  -  Total Local Usage
	0  -  Run Bytes Sent By Job
	7584148  -  Run Bytes Received By Job
	0  -  Total Bytes Sent By Job
	7584148  -  Total Bytes Received By Job
	Partitionable Resources :    Usage  Request Allocated 
	   Cpus                 :     0.99        4         4 
	   Disk (KB)            : 32917        7500     10855 
	   GPUs                 :                           0 
	   Memory (MB)          :    44       12000     12000 
	   TimeExecute (s)      :  4794                       
	   TimeSlotBusy (s)     :  4795                       

	Job terminated of its own accord at 2025-12-16T17:08:11Z with exit-code 0.
...
