000 (10610887.793.000) 12/16 07:14:31 Job submitted from host: <188.185.71.83:9618?addrs=188.185.71.83-9618+[2001-1458-d00-7--100-34d]-9618&alias=bigbird18.cern.ch&noUDP&sock=schedd_5052_d48c>
...
040 (10610887.793.000) 12/16 07:55:38 Started transferring input files
	Transferring to host: <188.185.206.204:9618?addrs=188.185.206.204-9618+[2001-1458-303-c--100-49]-9618&alias=b9p06p8227.cern.ch&noUDP&sock=slot1_13_1631355_ed3c_9035>
...
040 (10610887.793.000) 12/16 07:55:38 Finished transferring input files
...
001 (10610887.793.000) 12/16 07:55:38 Job executing on host: <188.185.206.204:9618?addrs=188.185.206.204-9618+[2001-1458-303-c--100-49]-9618&alias=b9p06p8227.cern.ch&noUDP&sock=startd_1631244_480b>
	SlotName: slot1_13@b9p06p8227.cern.ch
	CondorScratchDir = "/pool/condor/dir_3529427"
	Cpus = 4
	Disk = 10868
	GPUs = 0
	Memory = 12000
...
006 (10610887.793.000) 12/16 07:55:52 Image size of job updated: 44200
	44  -  MemoryUsage of job (MB)
	44200  -  ResidentSetSize of job (KB)
...
006 (10610887.793.000) 12/16 08:00:53 Image size of job updated: 44620
	44  -  MemoryUsage of job (MB)
	44200  -  ResidentSetSize of job (KB)
...
006 (10610887.793.000) 12/16 09:29:44 Image size of job updated: 125244
	44  -  MemoryUsage of job (MB)
	44200  -  ResidentSetSize of job (KB)
...
040 (10610887.793.000) 12/16 09:29:45 Started transferring output files
...
040 (10610887.793.000) 12/16 09:29:45 Finished transferring output files
...
005 (10610887.793.000) 12/16 09:29:45 Job terminated.
	(1) Normal termination (return value 0)
		Usr 0 01:32:49, Sys 0 00:00:11  -  Run Remote Usage
		Usr 0 00:00:00, Sys 0 00:00:00  -  Run Local Usage
		Usr 0 01:32:49, Sys 0 00:00:11  -  Total Remote Usage
		Usr 0 00:00:00, Sys 0 00:00:00  -  Total Local Usage
	0  -  Run Bytes Sent By Job
	7584148  -  Run Bytes Received By Job
	0  -  Total Bytes Sent By Job
	7584148  -  Total Bytes Received By Job
	Partitionable Resources :    Usage  Request Allocated 
	   Cpus                 :     0.99        4         4 
	   Disk (KB)            : 33032        7500     10868 
	   GPUs                 :                           0 
	   Memory (MB)          :    44       12000     12000 
	   TimeExecute (s)      :  5646                       
	   TimeSlotBusy (s)     :  5647                       

	Job terminated of its own accord at 2025-12-16T08:29:44Z with exit-code 0.
...
