000 (10610889.899.000) 12/16 07:15:01 Job submitted from host: <188.185.71.83:9618?addrs=188.185.71.83-9618+[2001-1458-d00-7--100-34d]-9618&alias=bigbird18.cern.ch&noUDP&sock=schedd_5052_d48c>
...
040 (10610889.899.000) 12/16 14:26:48 Started transferring input files
	Transferring to host: <188.185.212.198:9618?addrs=188.185.212.198-9618+[2001-1458-303-19--100-42]-9618&alias=b9p26p8638.cern.ch&noUDP&sock=slot1_2_8285_482a_90157>
...
040 (10610889.899.000) 12/16 14:26:48 Finished transferring input files
...
001 (10610889.899.000) 12/16 14:26:48 Job executing on host: <188.185.212.198:9618?addrs=188.185.212.198-9618+[2001-1458-303-19--100-42]-9618&alias=b9p26p8638.cern.ch&noUDP&sock=startd_7423_2399>
	SlotName: slot1_2@b9p26p8638.cern.ch
	CondorScratchDir = "/pool/condor/dir_470627"
	Cpus = 4
	Disk = 10923
	GPUs = 0
	Memory = 12000
...
006 (10610889.899.000) 12/16 14:27:02 Image size of job updated: 40112
	40  -  MemoryUsage of job (MB)
	40112  -  ResidentSetSize of job (KB)
...
006 (10610889.899.000) 12/16 14:32:03 Image size of job updated: 40532
	40  -  MemoryUsage of job (MB)
	40112  -  ResidentSetSize of job (KB)
...
040 (10610889.899.000) 12/16 15:44:13 Started transferring output files
...
040 (10610889.899.000) 12/16 15:44:13 Finished transferring output files
...
005 (10610889.899.000) 12/16 15:44:13 Job terminated.
	(1) Normal termination (return value 0)
		Usr 0 01:16:27, Sys 0 00:00:09  -  Run Remote Usage
		Usr 0 00:00:00, Sys 0 00:00:00  -  Run Local Usage
		Usr 0 01:16:27, Sys 0 00:00:09  -  Total Remote Usage
		Usr 0 00:00:00, Sys 0 00:00:00  -  Total Local Usage
	0  -  Run Bytes Sent By Job
	7584148  -  Run Bytes Received By Job
	0  -  Total Bytes Sent By Job
	7584148  -  Total Bytes Received By Job
	Partitionable Resources :    Usage  Request Allocated 
	   Cpus                 :     0.99        4         4 
	   Disk (KB)            : 33166        7500     10923 
	   GPUs                 :                           0 
	   Memory (MB)          :    40       12000     12000 
	   TimeExecute (s)      :  4644                       
	   TimeSlotBusy (s)     :  4645                       

	Job terminated of its own accord at 2025-12-16T14:44:12Z with exit-code 0.
...
