000 (10613549.168.000) 12/16 14:40:44 Job submitted from host: <188.185.71.83:9618?addrs=188.185.71.83-9618+[2001-1458-d00-7--100-34d]-9618&alias=bigbird18.cern.ch&noUDP&sock=schedd_5052_d48c>
...
040 (10613549.168.000) 12/16 15:15:26 Started transferring input files
	Transferring to host: <188.185.212.137:9618?addrs=188.185.212.137-9618+[2001-1458-303-19--100-5]-9618&alias=b9p26p9950.cern.ch&noUDP&sock=slot1_4_4855_895f_94713>
...
040 (10613549.168.000) 12/16 15:15:26 Finished transferring input files
...
001 (10613549.168.000) 12/16 15:15:26 Job executing on host: <188.185.212.137:9618?addrs=188.185.212.137-9618+[2001-1458-303-19--100-5]-9618&alias=b9p26p9950.cern.ch&noUDP&sock=startd_4050_8aa7>
	SlotName: slot1_4@b9p26p9950.cern.ch
	CondorScratchDir = "/pool/condor/dir_2111369"
	Cpus = 4
	Disk = 11035
	GPUs = 0
	Memory = 12000
...
006 (10613549.168.000) 12/16 15:15:40 Image size of job updated: 26536
	26  -  MemoryUsage of job (MB)
	26536  -  ResidentSetSize of job (KB)
...
006 (10613549.168.000) 12/16 15:20:40 Image size of job updated: 26956
	26  -  MemoryUsage of job (MB)
	26536  -  ResidentSetSize of job (KB)
...
006 (10613549.168.000) 12/16 17:01:57 Image size of job updated: 118368
	26  -  MemoryUsage of job (MB)
	26536  -  ResidentSetSize of job (KB)
...
040 (10613549.168.000) 12/16 17:01:57 Started transferring output files
...
040 (10613549.168.000) 12/16 17:01:58 Finished transferring output files
...
005 (10613549.168.000) 12/16 17:01:58 Job terminated.
	(1) Normal termination (return value 0)
		Usr 0 01:44:01, Sys 0 00:00:11  -  Run Remote Usage
		Usr 0 00:00:00, Sys 0 00:00:00  -  Run Local Usage
		Usr 0 01:44:01, Sys 0 00:00:11  -  Total Remote Usage
		Usr 0 00:00:00, Sys 0 00:00:00  -  Total Local Usage
	0  -  Run Bytes Sent By Job
	7584148  -  Run Bytes Received By Job
	0  -  Total Bytes Sent By Job
	7584148  -  Total Bytes Received By Job
	Partitionable Resources :    Usage  Request Allocated 
	   Cpus                 :     0.97        4         4 
	   Disk (KB)            : 33239        7500     11035 
	   GPUs                 :                           0 
	   Memory (MB)          :    26       12000     12000 
	   TimeExecute (s)      :  6391                       
	   TimeSlotBusy (s)     :  6392                       

	Job terminated of its own accord at 2025-12-16T16:01:57Z with exit-code 0.
...
