000 (10610888.327.000) 12/16 07:14:44 Job submitted from host: <188.185.71.83:9618?addrs=188.185.71.83-9618+[2001-1458-d00-7--100-34d]-9618&alias=bigbird18.cern.ch&noUDP&sock=schedd_5052_d48c>
...
040 (10610888.327.000) 12/16 09:17:27 Started transferring input files
	Transferring to host: <188.185.212.145:9618?addrs=188.185.212.145-9618+[2001-1458-303-19--100-d]-9618&alias=b9p26p0891.cern.ch&noUDP&sock=slot1_9_4432_7ead_87459>
...
040 (10610888.327.000) 12/16 09:17:27 Finished transferring input files
...
001 (10610888.327.000) 12/16 09:17:27 Job executing on host: <188.185.212.145:9618?addrs=188.185.212.145-9618+[2001-1458-303-19--100-d]-9618&alias=b9p26p0891.cern.ch&noUDP&sock=startd_3775_ea1b>
	SlotName: slot1_9@b9p26p0891.cern.ch
	CondorScratchDir = "/pool/condor/dir_14516"
	Cpus = 4
	Disk = 11009
	GPUs = 0
	Memory = 12000
...
006 (10610888.327.000) 12/16 09:17:41 Image size of job updated: 39592
	39  -  MemoryUsage of job (MB)
	39592  -  ResidentSetSize of job (KB)
...
006 (10610888.327.000) 12/16 09:22:42 Image size of job updated: 40016
	39  -  MemoryUsage of job (MB)
	39592  -  ResidentSetSize of job (KB)
...
040 (10610888.327.000) 12/16 10:48:59 Started transferring output files
...
040 (10610888.327.000) 12/16 10:48:59 Finished transferring output files
...
005 (10610888.327.000) 12/16 10:48:59 Job terminated.
	(1) Normal termination (return value 0)
		Usr 0 01:30:15, Sys 0 00:00:08  -  Run Remote Usage
		Usr 0 00:00:00, Sys 0 00:00:00  -  Run Local Usage
		Usr 0 01:30:15, Sys 0 00:00:08  -  Total Remote Usage
		Usr 0 00:00:00, Sys 0 00:00:00  -  Total Local Usage
	0  -  Run Bytes Sent By Job
	7584148  -  Run Bytes Received By Job
	0  -  Total Bytes Sent By Job
	7584148  -  Total Bytes Received By Job
	Partitionable Resources :    Usage  Request Allocated 
	   Cpus                 :     0.99        4         4 
	   Disk (KB)            : 32981        7500     11009 
	   GPUs                 :                           0 
	   Memory (MB)          :    39       12000     12000 
	   TimeExecute (s)      :  5491                       
	   TimeSlotBusy (s)     :  5492                       

	Job terminated of its own accord at 2025-12-16T09:48:58Z with exit-code 0.
...
