000 (10610888.821.000) 12/16 07:14:45 Job submitted from host: <188.185.71.83:9618?addrs=188.185.71.83-9618+[2001-1458-d00-7--100-34d]-9618&alias=bigbird18.cern.ch&noUDP&sock=schedd_5052_d48c>
...
040 (10610888.821.000) 12/16 09:44:23 Started transferring input files
	Transferring to host: <188.185.205.200:9618?addrs=188.185.205.200-9618+[2001-1458-303-a--100-45]-9618&alias=b9p04p4114.cern.ch&noUDP&sock=slot1_13_4058_fa5e_81792>
...
040 (10610888.821.000) 12/16 09:44:23 Finished transferring input files
...
001 (10610888.821.000) 12/16 09:44:23 Job executing on host: <188.185.205.200:9618?addrs=188.185.205.200-9618+[2001-1458-303-a--100-45]-9618&alias=b9p04p4114.cern.ch&noUDP&sock=startd_3640_50d2>
	SlotName: slot1_13@b9p04p4114.cern.ch
	CondorScratchDir = "/pool/condor/dir_2667083"
	Cpus = 4
	Disk = 10913
	GPUs = 0
	Memory = 12000
...
006 (10610888.821.000) 12/16 09:44:37 Image size of job updated: 39656
	39  -  MemoryUsage of job (MB)
	39656  -  ResidentSetSize of job (KB)
...
006 (10610888.821.000) 12/16 09:49:38 Image size of job updated: 40060
	39  -  MemoryUsage of job (MB)
	39656  -  ResidentSetSize of job (KB)
...
006 (10610888.821.000) 12/16 11:24:15 Image size of job updated: 120664
	39  -  MemoryUsage of job (MB)
	39656  -  ResidentSetSize of job (KB)
...
040 (10610888.821.000) 12/16 11:24:16 Started transferring output files
...
040 (10610888.821.000) 12/16 11:24:16 Finished transferring output files
...
005 (10610888.821.000) 12/16 11:24:16 Job terminated.
	(1) Normal termination (return value 0)
		Usr 0 01:38:08, Sys 0 00:00:12  -  Run Remote Usage
		Usr 0 00:00:00, Sys 0 00:00:00  -  Run Local Usage
		Usr 0 01:38:08, Sys 0 00:00:12  -  Total Remote Usage
		Usr 0 00:00:00, Sys 0 00:00:00  -  Total Local Usage
	0  -  Run Bytes Sent By Job
	7584148  -  Run Bytes Received By Job
	0  -  Total Bytes Sent By Job
	7584148  -  Total Bytes Received By Job
	Partitionable Resources :    Usage  Request Allocated 
	   Cpus                 :     0.99        4         4 
	   Disk (KB)            : 33166        7500     10913 
	   GPUs                 :                           0 
	   Memory (MB)          :    39       12000     12000 
	   TimeExecute (s)      :  5992                       
	   TimeSlotBusy (s)     :  5993                       

	Job terminated of its own accord at 2025-12-16T10:24:15Z with exit-code 0.
...
