000 (10613549.150.000) 12/16 14:40:44 Job submitted from host: <188.185.71.83:9618?addrs=188.185.71.83-9618+[2001-1458-d00-7--100-34d]-9618&alias=bigbird18.cern.ch&noUDP&sock=schedd_5052_d48c>
...
040 (10613549.150.000) 12/16 15:12:31 Started transferring input files
	Transferring to host: <188.185.212.193:9618?addrs=188.185.212.193-9618+[2001-1458-303-19--100-3d]-9618&alias=b9p26p7832.cern.ch&noUDP&sock=slot1_20_7028_9c97_91266>
...
040 (10613549.150.000) 12/16 15:12:31 Finished transferring input files
...
001 (10613549.150.000) 12/16 15:12:31 Job executing on host: <188.185.212.193:9618?addrs=188.185.212.193-9618+[2001-1458-303-19--100-3d]-9618&alias=b9p26p7832.cern.ch&noUDP&sock=startd_6004_d2b5>
	SlotName: slot1_20@b9p26p7832.cern.ch
	CondorScratchDir = "/pool/condor/dir_815448"
	Cpus = 4
	Disk = 11075
	GPUs = 0
	Memory = 12000
...
006 (10613549.150.000) 12/16 15:12:45 Image size of job updated: 37496
	37  -  MemoryUsage of job (MB)
	37496  -  ResidentSetSize of job (KB)
...
006 (10613549.150.000) 12/16 16:38:18 Image size of job updated: 118428
	37  -  MemoryUsage of job (MB)
	37496  -  ResidentSetSize of job (KB)
...
040 (10613549.150.000) 12/16 16:38:18 Started transferring output files
...
040 (10613549.150.000) 12/16 16:38:18 Finished transferring output files
...
005 (10613549.150.000) 12/16 16:38:18 Job terminated.
	(1) Normal termination (return value 0)
		Usr 0 01:24:44, Sys 0 00:00:07  -  Run Remote Usage
		Usr 0 00:00:00, Sys 0 00:00:00  -  Run Local Usage
		Usr 0 01:24:44, Sys 0 00:00:07  -  Total Remote Usage
		Usr 0 00:00:00, Sys 0 00:00:00  -  Total Local Usage
	0  -  Run Bytes Sent By Job
	7584148  -  Run Bytes Received By Job
	0  -  Total Bytes Sent By Job
	7584148  -  Total Bytes Received By Job
	Partitionable Resources :    Usage  Request Allocated 
	   Cpus                 :     0.99        4         4 
	   Disk (KB)            : 33020        7500     11075 
	   GPUs                 :                           0 
	   Memory (MB)          :    37       12000     12000 
	   TimeExecute (s)      :  5147                       
	   TimeSlotBusy (s)     :  5147                       

	Job terminated of its own accord at 2025-12-16T15:38:18Z with exit-code 0.
...
