000 (10613550.686.000) 12/16 14:41:00 Job submitted from host: <188.185.71.83:9618?addrs=188.185.71.83-9618+[2001-1458-d00-7--100-34d]-9618&alias=bigbird18.cern.ch&noUDP&sock=schedd_5052_d48c>
...
040 (10613550.686.000) 12/16 16:47:22 Started transferring input files
	Transferring to host: <188.185.213.29:9618?addrs=188.185.213.29-9618+[2001-1458-303-1a--100-19]-9618&alias=b9p27p4542.cern.ch&noUDP&sock=slot1_3_3736658_5847_12398>
...
040 (10613550.686.000) 12/16 16:47:22 Finished transferring input files
...
001 (10613550.686.000) 12/16 16:47:22 Job executing on host: <188.185.213.29:9618?addrs=188.185.213.29-9618+[2001-1458-303-1a--100-19]-9618&alias=b9p27p4542.cern.ch&noUDP&sock=startd_6931_ab00>
	SlotName: slot1_3@b9p27p4542.cern.ch
	CondorScratchDir = "/pool/condor/dir_1824786"
	Cpus = 4
	Disk = 11085
	GPUs = 0
	Memory = 12000
...
006 (10613550.686.000) 12/16 16:47:36 Image size of job updated: 40084
	40  -  MemoryUsage of job (MB)
	40084  -  ResidentSetSize of job (KB)
...
006 (10613550.686.000) 12/16 16:52:37 Image size of job updated: 40504
	40  -  MemoryUsage of job (MB)
	40084  -  ResidentSetSize of job (KB)
...
040 (10613550.686.000) 12/16 18:04:33 Started transferring output files
...
040 (10613550.686.000) 12/16 18:04:33 Finished transferring output files
...
005 (10613550.686.000) 12/16 18:04:33 Job terminated.
	(1) Normal termination (return value 0)
		Usr 0 01:16:22, Sys 0 00:00:05  -  Run Remote Usage
		Usr 0 00:00:00, Sys 0 00:00:00  -  Run Local Usage
		Usr 0 01:16:22, Sys 0 00:00:05  -  Total Remote Usage
		Usr 0 00:00:00, Sys 0 00:00:00  -  Total Local Usage
	0  -  Run Bytes Sent By Job
	7584148  -  Run Bytes Received By Job
	0  -  Total Bytes Sent By Job
	7584148  -  Total Bytes Received By Job
	Partitionable Resources :    Usage  Request Allocated 
	   Cpus                 :     0.99        4         4 
	   Disk (KB)            : 32469        7500     11085 
	   GPUs                 :                           0 
	   Memory (MB)          :    40       12000     12000 
	   TimeExecute (s)      :  4630                       
	   TimeSlotBusy (s)     :  4631                       

	Job terminated of its own accord at 2025-12-16T17:04:32Z with exit-code 0.
...
