000 (10613550.644.000) 12/16 14:41:00 Job submitted from host: <188.185.71.83:9618?addrs=188.185.71.83-9618+[2001-1458-d00-7--100-34d]-9618&alias=bigbird18.cern.ch&noUDP&sock=schedd_5052_d48c>
...
040 (10613550.644.000) 12/16 16:45:40 Started transferring input files
	Transferring to host: <188.185.210.184:9618?addrs=188.185.210.184-9618+[2001-1458-303-15--100-34]-9618&alias=b9p22p5620.cern.ch&noUDP&sock=slot1_4_6560_dd04_117730>
...
040 (10613550.644.000) 12/16 16:45:40 Finished transferring input files
...
001 (10613550.644.000) 12/16 16:45:40 Job executing on host: <188.185.210.184:9618?addrs=188.185.210.184-9618+[2001-1458-303-15--100-34]-9618&alias=b9p22p5620.cern.ch&noUDP&sock=startd_5807_b28d>
	SlotName: slot1_4@b9p22p5620.cern.ch
	CondorScratchDir = "/pool/condor/dir_2185086"
	Cpus = 4
	Disk = 10897
	GPUs = 0
	Memory = 12000
...
006 (10613550.644.000) 12/16 16:45:54 Image size of job updated: 40068
	40  -  MemoryUsage of job (MB)
	40068  -  ResidentSetSize of job (KB)
...
006 (10613550.644.000) 12/16 16:50:55 Image size of job updated: 40488
	40  -  MemoryUsage of job (MB)
	40068  -  ResidentSetSize of job (KB)
...
006 (10613550.644.000) 12/16 18:02:57 Image size of job updated: 121024
	40  -  MemoryUsage of job (MB)
	40068  -  ResidentSetSize of job (KB)
...
040 (10613550.644.000) 12/16 18:02:57 Started transferring output files
...
040 (10613550.644.000) 12/16 18:02:58 Finished transferring output files
...
005 (10613550.644.000) 12/16 18:02:58 Job terminated.
	(1) Normal termination (return value 0)
		Usr 0 01:16:25, Sys 0 00:00:07  -  Run Remote Usage
		Usr 0 00:00:00, Sys 0 00:00:00  -  Run Local Usage
		Usr 0 01:16:25, Sys 0 00:00:07  -  Total Remote Usage
		Usr 0 00:00:00, Sys 0 00:00:00  -  Total Local Usage
	0  -  Run Bytes Sent By Job
	7584148  -  Run Bytes Received By Job
	0  -  Total Bytes Sent By Job
	7584148  -  Total Bytes Received By Job
	Partitionable Resources :    Usage  Request Allocated 
	   Cpus                 :     0.99        4         4 
	   Disk (KB)            : 33883        7500     10897 
	   GPUs                 :                           0 
	   Memory (MB)          :    40       12000     12000 
	   TimeExecute (s)      :  4637                       
	   TimeSlotBusy (s)     :  4638                       

	Job terminated of its own accord at 2025-12-16T17:02:57Z with exit-code 0.
...
