000 (10610887.279.000) 12/16 07:14:31 Job submitted from host: <188.185.71.83:9618?addrs=188.185.71.83-9618+[2001-1458-d00-7--100-34d]-9618&alias=bigbird18.cern.ch&noUDP&sock=schedd_5052_d48c>
...
040 (10610887.279.000) 12/16 07:49:19 Started transferring input files
	Transferring to host: <188.185.196.91:9618?addrs=188.185.196.91-9618+[2001-1458-303-23--100-57]-9618&alias=b9p16p1050.cern.ch&noUDP&sock=slot1_31_4109_e980_82725>
...
040 (10610887.279.000) 12/16 07:49:19 Finished transferring input files
...
001 (10610887.279.000) 12/16 07:49:19 Job executing on host: <188.185.196.91:9618?addrs=188.185.196.91-9618+[2001-1458-303-23--100-57]-9618&alias=b9p16p1050.cern.ch&noUDP&sock=startd_3030_e80d>
	SlotName: slot1_31@b9p16p1050.cern.ch
	CondorScratchDir = "/pool/condor/dir_9813"
	Cpus = 4
	Disk = 10876
	GPUs = 0
	Memory = 12000
...
006 (10610887.279.000) 12/16 07:49:33 Image size of job updated: 29568
	29  -  MemoryUsage of job (MB)
	29568  -  ResidentSetSize of job (KB)
...
006 (10610887.279.000) 12/16 07:54:35 Image size of job updated: 29988
	29  -  MemoryUsage of job (MB)
	29568  -  ResidentSetSize of job (KB)
...
006 (10610887.279.000) 12/16 10:17:19 Image size of job updated: 118460
	29  -  MemoryUsage of job (MB)
	29568  -  ResidentSetSize of job (KB)
...
040 (10610887.279.000) 12/16 10:17:20 Started transferring output files
...
040 (10610887.279.000) 12/16 10:17:20 Finished transferring output files
...
005 (10610887.279.000) 12/16 10:17:20 Job terminated.
	(1) Normal termination (return value 0)
		Usr 0 02:25:27, Sys 0 00:00:12  -  Run Remote Usage
		Usr 0 00:00:00, Sys 0 00:00:00  -  Run Local Usage
		Usr 0 02:25:27, Sys 0 00:00:12  -  Total Remote Usage
		Usr 0 00:00:00, Sys 0 00:00:00  -  Total Local Usage
	0  -  Run Bytes Sent By Job
	7584148  -  Run Bytes Received By Job
	0  -  Total Bytes Sent By Job
	7584148  -  Total Bytes Received By Job
	Partitionable Resources :    Usage  Request Allocated 
	   Cpus                 :     0.99        4         4 
	   Disk (KB)            : 32776        7500     10876 
	   GPUs                 :                           0 
	   Memory (MB)          :    29       12000     12000 
	   TimeExecute (s)      :  8880                       
	   TimeSlotBusy (s)     :  8881                       

	Job terminated of its own accord at 2025-12-16T09:17:19Z with exit-code 0.
...
