000 (10610888.875.000) 12/16 07:14:45 Job submitted from host: <188.185.71.83:9618?addrs=188.185.71.83-9618+[2001-1458-d00-7--100-34d]-9618&alias=bigbird18.cern.ch&noUDP&sock=schedd_5052_d48c>
...
040 (10610888.875.000) 12/16 09:49:54 Started transferring input files
	Transferring to host: <188.185.212.58:9618?addrs=188.185.212.58-9618+[2001-1458-303-18--100-36]-9618&alias=b9p25p3483.cern.ch&noUDP&sock=slot1_10_657651_5f90_12668>
...
040 (10610888.875.000) 12/16 09:49:54 Finished transferring input files
...
001 (10610888.875.000) 12/16 09:49:54 Job executing on host: <188.185.212.58:9618?addrs=188.185.212.58-9618+[2001-1458-303-18--100-36]-9618&alias=b9p25p3483.cern.ch&noUDP&sock=startd_6990_2317>
	SlotName: slot1_10@b9p25p3483.cern.ch
	CondorScratchDir = "/pool/condor/dir_2612770"
	Cpus = 4
	Disk = 11125
	GPUs = 0
	Memory = 12000
...
006 (10610888.875.000) 12/16 09:50:09 Image size of job updated: 38060
	38  -  MemoryUsage of job (MB)
	38060  -  ResidentSetSize of job (KB)
...
006 (10610888.875.000) 12/16 09:55:10 Image size of job updated: 38480
	38  -  MemoryUsage of job (MB)
	38060  -  ResidentSetSize of job (KB)
...
006 (10610888.875.000) 12/16 11:36:48 Image size of job updated: 119012
	38  -  MemoryUsage of job (MB)
	38060  -  ResidentSetSize of job (KB)
...
040 (10610888.875.000) 12/16 11:36:49 Started transferring output files
...
040 (10610888.875.000) 12/16 11:36:49 Finished transferring output files
...
005 (10610888.875.000) 12/16 11:36:49 Job terminated.
	(1) Normal termination (return value 0)
		Usr 0 01:43:37, Sys 0 00:00:13  -  Run Remote Usage
		Usr 0 00:00:00, Sys 0 00:00:00  -  Run Local Usage
		Usr 0 01:43:37, Sys 0 00:00:13  -  Total Remote Usage
		Usr 0 00:00:00, Sys 0 00:00:00  -  Total Local Usage
	0  -  Run Bytes Sent By Job
	7584148  -  Run Bytes Received By Job
	0  -  Total Bytes Sent By Job
	7584148  -  Total Bytes Received By Job
	Partitionable Resources :    Usage  Request Allocated 
	   Cpus                 :     0.99        4         4 
	   Disk (KB)            : 33487        7500     11125 
	   GPUs                 :                           0 
	   Memory (MB)          :    38       12000     12000 
	   TimeExecute (s)      :  6414                       
	   TimeSlotBusy (s)     :  6415                       

	Job terminated of its own accord at 2025-12-16T10:36:48Z with exit-code 0.
...
