000 (10613549.823.000) 12/16 14:40:45 Job submitted from host: <188.185.71.83:9618?addrs=188.185.71.83-9618+[2001-1458-d00-7--100-34d]-9618&alias=bigbird18.cern.ch&noUDP&sock=schedd_5052_d48c>
...
040 (10613549.823.000) 12/16 15:34:17 Started transferring input files
	Transferring to host: <188.185.211.99:9618?addrs=188.185.211.99-9618+[2001-1458-303-16--100-5f]-9618&alias=b9p23p6264.cern.ch&noUDP&sock=slot1_1_10050_e252_93258>
...
040 (10613549.823.000) 12/16 15:34:17 Finished transferring input files
...
001 (10613549.823.000) 12/16 15:34:17 Job executing on host: <188.185.211.99:9618?addrs=188.185.211.99-9618+[2001-1458-303-16--100-5f]-9618&alias=b9p23p6264.cern.ch&noUDP&sock=startd_9322_b1f2>
	SlotName: slot1_1@b9p23p6264.cern.ch
	CondorScratchDir = "/pool/condor/dir_2964797"
	Cpus = 4
	Disk = 11078
	GPUs = 0
	Memory = 12000
...
006 (10613549.823.000) 12/16 15:34:31 Image size of job updated: 37472
	37  -  MemoryUsage of job (MB)
	37472  -  ResidentSetSize of job (KB)
...
006 (10613549.823.000) 12/16 15:39:32 Image size of job updated: 37892
	37  -  MemoryUsage of job (MB)
	37472  -  ResidentSetSize of job (KB)
...
006 (10613549.823.000) 12/16 16:55:26 Image size of job updated: 118424
	37  -  MemoryUsage of job (MB)
	37472  -  ResidentSetSize of job (KB)
...
040 (10613549.823.000) 12/16 16:55:26 Started transferring output files
...
040 (10613549.823.000) 12/16 16:55:26 Finished transferring output files
...
005 (10613549.823.000) 12/16 16:55:26 Job terminated.
	(1) Normal termination (return value 0)
		Usr 0 01:20:06, Sys 0 00:00:10  -  Run Remote Usage
		Usr 0 00:00:00, Sys 0 00:00:00  -  Run Local Usage
		Usr 0 01:20:06, Sys 0 00:00:10  -  Total Remote Usage
		Usr 0 00:00:00, Sys 0 00:00:00  -  Total Local Usage
	0  -  Run Bytes Sent By Job
	7584148  -  Run Bytes Received By Job
	0  -  Total Bytes Sent By Job
	7584148  -  Total Bytes Received By Job
	Partitionable Resources :    Usage  Request Allocated 
	   Cpus                 :     0.99        4         4 
	   Disk (KB)            : 32914        7500     11078 
	   GPUs                 :                           0 
	   Memory (MB)          :    37       12000     12000 
	   TimeExecute (s)      :  4869                       
	   TimeSlotBusy (s)     :  4869                       

	Job terminated of its own accord at 2025-12-16T15:55:26Z with exit-code 0.
...
