000 (10610889.107.000) 12/16 07:15:00 Job submitted from host: <188.185.71.83:9618?addrs=188.185.71.83-9618+[2001-1458-d00-7--100-34d]-9618&alias=bigbird18.cern.ch&noUDP&sock=schedd_5052_d48c>
...
040 (10610889.107.000) 12/16 10:46:53 Started transferring input files
	Transferring to host: <188.185.192.19:9618?addrs=188.185.192.19-9618+[2001-1458-303-1f--100-f]-9618&alias=b9p13p2488.cern.ch&noUDP&sock=slot1_11_7543_79cc_88647>
...
040 (10610889.107.000) 12/16 10:46:53 Finished transferring input files
...
001 (10610889.107.000) 12/16 10:46:53 Job executing on host: <188.185.192.19:9618?addrs=188.185.192.19-9618+[2001-1458-303-1f--100-f]-9618&alias=b9p13p2488.cern.ch&noUDP&sock=startd_6431_b5a6>
	SlotName: slot1_11@b9p13p2488.cern.ch
	CondorScratchDir = "/pool/condor/dir_2024625"
	Cpus = 4
	Disk = 11128
	GPUs = 0
	Memory = 12000
...
006 (10610889.107.000) 12/16 10:47:07 Image size of job updated: 40068
	40  -  MemoryUsage of job (MB)
	40068  -  ResidentSetSize of job (KB)
...
006 (10610889.107.000) 12/16 10:52:08 Image size of job updated: 40488
	40  -  MemoryUsage of job (MB)
	40068  -  ResidentSetSize of job (KB)
...
006 (10610889.107.000) 12/16 13:18:38 Image size of job updated: 121020
	40  -  MemoryUsage of job (MB)
	40068  -  ResidentSetSize of job (KB)
...
040 (10610889.107.000) 12/16 13:18:39 Started transferring output files
...
040 (10610889.107.000) 12/16 13:18:39 Finished transferring output files
...
005 (10610889.107.000) 12/16 13:18:39 Job terminated.
	(1) Normal termination (return value 0)
		Usr 0 02:30:22, Sys 0 00:00:11  -  Run Remote Usage
		Usr 0 00:00:00, Sys 0 00:00:00  -  Run Local Usage
		Usr 0 02:30:22, Sys 0 00:00:11  -  Total Remote Usage
		Usr 0 00:00:00, Sys 0 00:00:00  -  Total Local Usage
	0  -  Run Bytes Sent By Job
	7584148  -  Run Bytes Received By Job
	0  -  Total Bytes Sent By Job
	7584148  -  Total Bytes Received By Job
	Partitionable Resources :    Usage  Request Allocated 
	   Cpus                 :     0.99        4         4 
	   Disk (KB)            : 33297        7500     11128 
	   GPUs                 :                           0 
	   Memory (MB)          :    40       12000     12000 
	   TimeExecute (s)      :  9105                       
	   TimeSlotBusy (s)     :  9106                       

	Job terminated of its own accord at 2025-12-16T12:18:38Z with exit-code 0.
...
