000 (10613550.859.000) 12/16 14:41:00 Job submitted from host: <188.185.71.83:9618?addrs=188.185.71.83-9618+[2001-1458-d00-7--100-34d]-9618&alias=bigbird18.cern.ch&noUDP&sock=schedd_5052_d48c>
...
040 (10613550.859.000) 12/16 16:52:00 Started transferring input files
	Transferring to host: <188.185.207.230:9618?addrs=188.185.207.230-9618+[2001-1458-303-e--100-63]-9618&alias=b9p08p8866.cern.ch&noUDP&sock=slot1_10_4758_30fb_86315>
...
040 (10613550.859.000) 12/16 16:52:00 Finished transferring input files
...
001 (10613550.859.000) 12/16 16:52:00 Job executing on host: <188.185.207.230:9618?addrs=188.185.207.230-9618+[2001-1458-303-e--100-63]-9618&alias=b9p08p8866.cern.ch&noUDP&sock=startd_4025_64c8>
	SlotName: slot1_10@b9p08p8866.cern.ch
	CondorScratchDir = "/pool/condor/dir_3510575"
	Cpus = 4
	Disk = 10740
	GPUs = 0
	Memory = 12000
...
006 (10613550.859.000) 12/16 16:52:14 Image size of job updated: 39672
	39  -  MemoryUsage of job (MB)
	39672  -  ResidentSetSize of job (KB)
...
006 (10613550.859.000) 12/16 16:57:15 Image size of job updated: 40080
	39  -  MemoryUsage of job (MB)
	39672  -  ResidentSetSize of job (KB)
...
006 (10613550.859.000) 12/16 18:14:16 Image size of job updated: 120688
	39  -  MemoryUsage of job (MB)
	39672  -  ResidentSetSize of job (KB)
...
040 (10613550.859.000) 12/16 18:14:16 Started transferring output files
...
040 (10613550.859.000) 12/16 18:14:17 Finished transferring output files
...
005 (10613550.859.000) 12/16 18:14:17 Job terminated.
	(1) Normal termination (return value 0)
		Usr 0 01:21:14, Sys 0 00:00:07  -  Run Remote Usage
		Usr 0 00:00:00, Sys 0 00:00:00  -  Run Local Usage
		Usr 0 01:21:14, Sys 0 00:00:07  -  Total Remote Usage
		Usr 0 00:00:00, Sys 0 00:00:00  -  Total Local Usage
	0  -  Run Bytes Sent By Job
	7584148  -  Run Bytes Received By Job
	0  -  Total Bytes Sent By Job
	7584148  -  Total Bytes Received By Job
	Partitionable Resources :    Usage  Request Allocated 
	   Cpus                 :     0.99        4         4 
	   Disk (KB)            : 32643        7500     10740 
	   GPUs                 :                           0 
	   Memory (MB)          :    39       12000     12000 
	   TimeExecute (s)      :  4936                       
	   TimeSlotBusy (s)     :  4937                       

	Job terminated of its own accord at 2025-12-16T17:14:16Z with exit-code 0.
...
