000 (10610888.464.000) 12/16 07:14:44 Job submitted from host: <188.185.71.83:9618?addrs=188.185.71.83-9618+[2001-1458-d00-7--100-34d]-9618&alias=bigbird18.cern.ch&noUDP&sock=schedd_5052_d48c>
...
040 (10610888.464.000) 12/16 09:25:44 Started transferring input files
	Transferring to host: <188.185.213.105:9618?addrs=188.185.213.105-9618+[2001-1458-303-1a--100-65]-9618&alias=b9p27p6580.cern.ch&noUDP&sock=slot1_6_3103_1817_91892>
...
040 (10610888.464.000) 12/16 09:25:44 Finished transferring input files
...
001 (10610888.464.000) 12/16 09:25:44 Job executing on host: <188.185.213.105:9618?addrs=188.185.213.105-9618+[2001-1458-303-1a--100-65]-9618&alias=b9p27p6580.cern.ch&noUDP&sock=startd_2628_2afa>
	SlotName: slot1_6@b9p27p6580.cern.ch
	CondorScratchDir = "/pool/condor/dir_3277057"
	Cpus = 4
	Disk = 11023
	GPUs = 0
	Memory = 12000
...
006 (10610888.464.000) 12/16 09:25:57 Image size of job updated: 40076
	40  -  MemoryUsage of job (MB)
	40076  -  ResidentSetSize of job (KB)
...
006 (10610888.464.000) 12/16 09:30:57 Image size of job updated: 40496
	40  -  MemoryUsage of job (MB)
	40076  -  ResidentSetSize of job (KB)
...
040 (10610888.464.000) 12/16 10:43:53 Started transferring output files
...
040 (10610888.464.000) 12/16 10:43:53 Finished transferring output files
...
005 (10610888.464.000) 12/16 10:43:53 Job terminated.
	(1) Normal termination (return value 0)
		Usr 0 01:17:20, Sys 0 00:00:04  -  Run Remote Usage
		Usr 0 00:00:00, Sys 0 00:00:00  -  Run Local Usage
		Usr 0 01:17:20, Sys 0 00:00:04  -  Total Remote Usage
		Usr 0 00:00:00, Sys 0 00:00:00  -  Total Local Usage
	0  -  Run Bytes Sent By Job
	7584148  -  Run Bytes Received By Job
	0  -  Total Bytes Sent By Job
	7584148  -  Total Bytes Received By Job
	Partitionable Resources :    Usage  Request Allocated 
	   Cpus                 :     0.99        4         4 
	   Disk (KB)            : 32887        7500     11023 
	   GPUs                 :                           0 
	   Memory (MB)          :    40       12000     12000 
	   TimeExecute (s)      :  4688                       
	   TimeSlotBusy (s)     :  4690                       

	Job terminated of its own accord at 2025-12-16T09:43:52Z with exit-code 0.
...
