000 (10613549.932.000) 12/16 14:40:45 Job submitted from host: <188.185.71.83:9618?addrs=188.185.71.83-9618+[2001-1458-d00-7--100-34d]-9618&alias=bigbird18.cern.ch&noUDP&sock=schedd_5052_d48c>
...
040 (10613549.932.000) 12/16 15:34:54 Started transferring input files
	Transferring to host: <188.185.214.48:9618?addrs=188.185.214.48-9618+[2001-1458-303-1c--100-2c]-9618&alias=b9p29p4214.cern.ch&noUDP&sock=slot1_12_4483_6dcf_109158>
...
040 (10613549.932.000) 12/16 15:34:54 Finished transferring input files
...
001 (10613549.932.000) 12/16 15:34:54 Job executing on host: <188.185.214.48:9618?addrs=188.185.214.48-9618+[2001-1458-303-1c--100-2c]-9618&alias=b9p29p4214.cern.ch&noUDP&sock=startd_3713_633c>
	SlotName: slot1_12@b9p29p4214.cern.ch
	CondorScratchDir = "/pool/condor/dir_3687923"
	Cpus = 4
	Disk = 11043
	GPUs = 0
	Memory = 12000
...
006 (10613549.932.000) 12/16 15:35:08 Image size of job updated: 42088
	42  -  MemoryUsage of job (MB)
	42088  -  ResidentSetSize of job (KB)
...
006 (10613549.932.000) 12/16 15:40:09 Image size of job updated: 42508
	42  -  MemoryUsage of job (MB)
	42088  -  ResidentSetSize of job (KB)
...
006 (10613549.932.000) 12/16 16:51:57 Image size of job updated: 123040
	42  -  MemoryUsage of job (MB)
	42088  -  ResidentSetSize of job (KB)
...
040 (10613549.932.000) 12/16 16:51:57 Started transferring output files
...
040 (10613549.932.000) 12/16 16:51:58 Finished transferring output files
...
005 (10613549.932.000) 12/16 16:51:58 Job terminated.
	(1) Normal termination (return value 0)
		Usr 0 01:16:10, Sys 0 00:00:07  -  Run Remote Usage
		Usr 0 00:00:00, Sys 0 00:00:00  -  Run Local Usage
		Usr 0 01:16:10, Sys 0 00:00:07  -  Total Remote Usage
		Usr 0 00:00:00, Sys 0 00:00:00  -  Total Local Usage
	0  -  Run Bytes Sent By Job
	7584148  -  Run Bytes Received By Job
	0  -  Total Bytes Sent By Job
	7584148  -  Total Bytes Received By Job
	Partitionable Resources :    Usage  Request Allocated 
	   Cpus                 :     0.99        4         4 
	   Disk (KB)            : 32540        7500     11043 
	   GPUs                 :                           0 
	   Memory (MB)          :    42       12000     12000 
	   TimeExecute (s)      :  4623                       
	   TimeSlotBusy (s)     :  4624                       

	Job terminated of its own accord at 2025-12-16T15:51:57Z with exit-code 0.
...
