000 (10610889.733.000) 12/16 07:15:01 Job submitted from host: <188.185.71.83:9618?addrs=188.185.71.83-9618+[2001-1458-d00-7--100-34d]-9618&alias=bigbird18.cern.ch&noUDP&sock=schedd_5052_d48c>
...
040 (10610889.733.000) 12/16 14:25:53 Started transferring input files
	Transferring to host: <188.185.210.175:9618?addrs=188.185.210.175-9618+[2001-1458-303-15--100-2b]-9618&alias=b9p22p5637.cern.ch&noUDP&sock=slot1_7_3832953_e233_13901>
...
040 (10610889.733.000) 12/16 14:25:53 Finished transferring input files
...
001 (10610889.733.000) 12/16 14:25:53 Job executing on host: <188.185.210.175:9618?addrs=188.185.210.175-9618+[2001-1458-303-15--100-2b]-9618&alias=b9p22p5637.cern.ch&noUDP&sock=startd_3896_e911>
	SlotName: slot1_7@b9p22p5637.cern.ch
	CondorScratchDir = "/pool/condor/dir_1570491"
	Cpus = 4
	Disk = 10996
	GPUs = 0
	Memory = 12000
...
006 (10610889.733.000) 12/16 14:26:07 Image size of job updated: 40064
	40  -  MemoryUsage of job (MB)
	40064  -  ResidentSetSize of job (KB)
...
006 (10610889.733.000) 12/16 14:31:08 Image size of job updated: 40484
	40  -  MemoryUsage of job (MB)
	40064  -  ResidentSetSize of job (KB)
...
040 (10610889.733.000) 12/16 15:49:15 Started transferring output files
...
040 (10610889.733.000) 12/16 15:49:15 Finished transferring output files
...
005 (10610889.733.000) 12/16 15:49:15 Job terminated.
	(1) Normal termination (return value 0)
		Usr 0 01:22:17, Sys 0 00:00:07  -  Run Remote Usage
		Usr 0 00:00:00, Sys 0 00:00:00  -  Run Local Usage
		Usr 0 01:22:17, Sys 0 00:00:07  -  Total Remote Usage
		Usr 0 00:00:00, Sys 0 00:00:00  -  Total Local Usage
	0  -  Run Bytes Sent By Job
	7584148  -  Run Bytes Received By Job
	0  -  Total Bytes Sent By Job
	7584148  -  Total Bytes Received By Job
	Partitionable Resources :    Usage  Request Allocated 
	   Cpus                 :     0.99        4         4 
	   Disk (KB)            : 33057        7500     10996 
	   GPUs                 :                           0 
	   Memory (MB)          :    40       12000     12000 
	   TimeExecute (s)      :  5001                       
	   TimeSlotBusy (s)     :  5002                       

	Job terminated of its own accord at 2025-12-16T14:49:14Z with exit-code 0.
...
