000 (10613549.702.000) 12/16 14:40:45 Job submitted from host: <188.185.71.83:9618?addrs=188.185.71.83-9618+[2001-1458-d00-7--100-34d]-9618&alias=bigbird18.cern.ch&noUDP&sock=schedd_5052_d48c>
...
040 (10613549.702.000) 12/16 15:31:29 Started transferring input files
	Transferring to host: <188.185.195.100:9618?addrs=188.185.195.100-9618+[2001-1458-303-22--100-60]-9618&alias=b9p17p8991.cern.ch&noUDP&sock=slot1_5_11014_1bf9_84687>
...
040 (10613549.702.000) 12/16 15:31:29 Finished transferring input files
...
001 (10613549.702.000) 12/16 15:31:29 Job executing on host: <188.185.195.100:9618?addrs=188.185.195.100-9618+[2001-1458-303-22--100-60]-9618&alias=b9p17p8991.cern.ch&noUDP&sock=startd_10395_af11>
	SlotName: slot1_5@b9p17p8991.cern.ch
	CondorScratchDir = "/pool/condor/dir_47777"
	Cpus = 4
	Disk = 10986
	GPUs = 0
	Memory = 12000
...
006 (10613549.702.000) 12/16 15:31:43 Image size of job updated: 40064
	40  -  MemoryUsage of job (MB)
	40064  -  ResidentSetSize of job (KB)
...
006 (10613549.702.000) 12/16 15:36:44 Image size of job updated: 40484
	40  -  MemoryUsage of job (MB)
	40064  -  ResidentSetSize of job (KB)
...
040 (10613549.702.000) 12/16 17:41:50 Started transferring output files
...
040 (10613549.702.000) 12/16 17:41:51 Finished transferring output files
...
005 (10613549.702.000) 12/16 17:41:51 Job terminated.
	(1) Normal termination (return value 0)
		Usr 0 02:08:44, Sys 0 00:00:10  -  Run Remote Usage
		Usr 0 00:00:00, Sys 0 00:00:00  -  Run Local Usage
		Usr 0 02:08:44, Sys 0 00:00:10  -  Total Remote Usage
		Usr 0 00:00:00, Sys 0 00:00:00  -  Total Local Usage
	0  -  Run Bytes Sent By Job
	7584148  -  Run Bytes Received By Job
	0  -  Total Bytes Sent By Job
	7584148  -  Total Bytes Received By Job
	Partitionable Resources :    Usage  Request Allocated 
	   Cpus                 :     0.98        4         4 
	   Disk (KB)            : 32458        7500     10986 
	   GPUs                 :                           0 
	   Memory (MB)          :    40       12000     12000 
	   TimeExecute (s)      :  7820                       
	   TimeSlotBusy (s)     :  7823                       

	Job terminated of its own accord at 2025-12-16T16:41:49Z with exit-code 0.
...
