000 (10613549.419.000) 12/16 14:40:44 Job submitted from host: <188.185.71.83:9618?addrs=188.185.71.83-9618+[2001-1458-d00-7--100-34d]-9618&alias=bigbird18.cern.ch&noUDP&sock=schedd_5052_d48c>
...
040 (10613549.419.000) 12/16 15:29:54 Started transferring input files
	Transferring to host: <188.185.212.43:9618?addrs=188.185.212.43-9618+[2001-1458-303-18--100-27]-9618&alias=b9p25p1816.cern.ch&noUDP&sock=slot1_5_10169_baf7_93201>
...
040 (10613549.419.000) 12/16 15:29:54 Finished transferring input files
...
001 (10613549.419.000) 12/16 15:29:54 Job executing on host: <188.185.212.43:9618?addrs=188.185.212.43-9618+[2001-1458-303-18--100-27]-9618&alias=b9p25p1816.cern.ch&noUDP&sock=startd_9720_b0a3>
	SlotName: slot1_5@b9p25p1816.cern.ch
	CondorScratchDir = "/pool/condor/dir_3386472"
	Cpus = 4
	Disk = 11041
	GPUs = 0
	Memory = 12000
...
006 (10613549.419.000) 12/16 15:30:08 Image size of job updated: 32592
	32  -  MemoryUsage of job (MB)
	32592  -  ResidentSetSize of job (KB)
...
006 (10613549.419.000) 12/16 15:35:09 Image size of job updated: 33012
	32  -  MemoryUsage of job (MB)
	32592  -  ResidentSetSize of job (KB)
...
006 (10613549.419.000) 12/16 16:50:11 Image size of job updated: 122548
	32  -  MemoryUsage of job (MB)
	32592  -  ResidentSetSize of job (KB)
...
040 (10613549.419.000) 12/16 16:50:11 Started transferring output files
...
040 (10613549.419.000) 12/16 16:50:12 Finished transferring output files
...
005 (10613549.419.000) 12/16 16:50:12 Job terminated.
	(1) Normal termination (return value 0)
		Usr 0 01:19:26, Sys 0 00:00:06  -  Run Remote Usage
		Usr 0 00:00:00, Sys 0 00:00:00  -  Run Local Usage
		Usr 0 01:19:26, Sys 0 00:00:06  -  Total Remote Usage
		Usr 0 00:00:00, Sys 0 00:00:00  -  Total Local Usage
	0  -  Run Bytes Sent By Job
	7584148  -  Run Bytes Received By Job
	0  -  Total Bytes Sent By Job
	7584148  -  Total Bytes Received By Job
	Partitionable Resources :    Usage  Request Allocated 
	   Cpus                 :     0.99        4         4 
	   Disk (KB)            : 32527        7500     11041 
	   GPUs                 :                           0 
	   Memory (MB)          :    32       12000     12000 
	   TimeExecute (s)      :  4817                       
	   TimeSlotBusy (s)     :  4818                       

	Job terminated of its own accord at 2025-12-16T15:50:11Z with exit-code 0.
...
