000 (10610887.295.000) 12/16 07:14:31 Job submitted from host: <188.185.71.83:9618?addrs=188.185.71.83-9618+[2001-1458-d00-7--100-34d]-9618&alias=bigbird18.cern.ch&noUDP&sock=schedd_5052_d48c>
...
040 (10610887.295.000) 12/16 07:49:26 Started transferring input files
	Transferring to host: <188.185.194.183:9618?addrs=188.185.194.183-9618+[2001-1458-303-21--100-b3]-9618&alias=b9p20p1785.cern.ch&noUDP&sock=slot1_1_5789_9fc4_83364>
...
040 (10610887.295.000) 12/16 07:49:26 Finished transferring input files
...
001 (10610887.295.000) 12/16 07:49:26 Job executing on host: <188.185.194.183:9618?addrs=188.185.194.183-9618+[2001-1458-303-21--100-b3]-9618&alias=b9p20p1785.cern.ch&noUDP&sock=startd_4591_9f63>
	SlotName: slot1_1@b9p20p1785.cern.ch
	CondorScratchDir = "/pool/condor/dir_1698890"
	Cpus = 4
	Disk = 11131
	GPUs = 0
	Memory = 12000
...
006 (10610887.295.000) 12/16 07:49:40 Image size of job updated: 38004
	38  -  MemoryUsage of job (MB)
	38004  -  ResidentSetSize of job (KB)
...
006 (10610887.295.000) 12/16 07:54:41 Image size of job updated: 38424
	38  -  MemoryUsage of job (MB)
	38004  -  ResidentSetSize of job (KB)
...
006 (10610887.295.000) 12/16 10:18:09 Image size of job updated: 88388
	38  -  MemoryUsage of job (MB)
	38004  -  ResidentSetSize of job (KB)
...
040 (10610887.295.000) 12/16 10:18:13 Started transferring output files
...
040 (10610887.295.000) 12/16 10:18:15 Finished transferring output files
...
005 (10610887.295.000) 12/16 10:18:15 Job terminated.
	(1) Normal termination (return value 0)
		Usr 0 02:25:17, Sys 0 00:00:09  -  Run Remote Usage
		Usr 0 00:00:00, Sys 0 00:00:00  -  Run Local Usage
		Usr 0 02:25:17, Sys 0 00:00:09  -  Total Remote Usage
		Usr 0 00:00:00, Sys 0 00:00:00  -  Total Local Usage
	0  -  Run Bytes Sent By Job
	7584148  -  Run Bytes Received By Job
	0  -  Total Bytes Sent By Job
	7584148  -  Total Bytes Received By Job
	Partitionable Resources :    Usage  Request Allocated 
	   Cpus                 :     0.91        4         4 
	   Disk (KB)            : 33265        7500     11131 
	   GPUs                 :                           0 
	   Memory (MB)          :    38       12000     12000 
	   TimeExecute (s)      :  8923                       
	   TimeSlotBusy (s)     :  8930                       

	Job terminated of its own accord at 2025-12-16T09:18:09Z with exit-code 0.
...
