000 (10613549.681.000) 12/16 14:40:45 Job submitted from host: <188.185.71.83:9618?addrs=188.185.71.83-9618+[2001-1458-d00-7--100-34d]-9618&alias=bigbird18.cern.ch&noUDP&sock=schedd_5052_d48c>
...
040 (10613549.681.000) 12/16 15:31:23 Started transferring input files
	Transferring to host: <188.185.210.227:9618?addrs=188.185.210.227-9618+[2001-1458-303-15--100-5f]-9618&alias=b9p22p5796.cern.ch&noUDP&sock=slot1_8_9009_67c7_93715>
...
040 (10613549.681.000) 12/16 15:31:23 Finished transferring input files
...
001 (10613549.681.000) 12/16 15:31:23 Job executing on host: <188.185.210.227:9618?addrs=188.185.210.227-9618+[2001-1458-303-15--100-5f]-9618&alias=b9p22p5796.cern.ch&noUDP&sock=startd_7718_7c09>
	SlotName: slot1_8@b9p22p5796.cern.ch
	CondorScratchDir = "/pool/condor/dir_4153874"
	Cpus = 4
	Disk = 10942
	GPUs = 0
	Memory = 12000
...
006 (10613549.681.000) 12/16 15:31:37 Image size of job updated: 40064
	40  -  MemoryUsage of job (MB)
	40064  -  ResidentSetSize of job (KB)
...
006 (10613549.681.000) 12/16 15:36:38 Image size of job updated: 40484
	40  -  MemoryUsage of job (MB)
	40064  -  ResidentSetSize of job (KB)
...
006 (10613549.681.000) 12/16 16:45:57 Image size of job updated: 121008
	40  -  MemoryUsage of job (MB)
	40064  -  ResidentSetSize of job (KB)
...
040 (10613549.681.000) 12/16 16:45:57 Started transferring output files
...
040 (10613549.681.000) 12/16 16:45:57 Finished transferring output files
...
005 (10613549.681.000) 12/16 16:45:57 Job terminated.
	(1) Normal termination (return value 0)
		Usr 0 01:13:31, Sys 0 00:00:09  -  Run Remote Usage
		Usr 0 00:00:00, Sys 0 00:00:00  -  Run Local Usage
		Usr 0 01:13:31, Sys 0 00:00:09  -  Total Remote Usage
		Usr 0 00:00:00, Sys 0 00:00:00  -  Total Local Usage
	0  -  Run Bytes Sent By Job
	7584148  -  Run Bytes Received By Job
	0  -  Total Bytes Sent By Job
	7584148  -  Total Bytes Received By Job
	Partitionable Resources :    Usage  Request Allocated 
	   Cpus                 :     0.99        4         4 
	   Disk (KB)            : 32880        7500     10942 
	   GPUs                 :                           0 
	   Memory (MB)          :    40       12000     12000 
	   TimeExecute (s)      :  4474                       
	   TimeSlotBusy (s)     :  4475                       

	Job terminated of its own accord at 2025-12-16T15:45:57Z with exit-code 0.
...
