000 (10613550.398.000) 12/16 14:40:59 Job submitted from host: <188.185.71.83:9618?addrs=188.185.71.83-9618+[2001-1458-d00-7--100-34d]-9618&alias=bigbird18.cern.ch&noUDP&sock=schedd_5052_d48c>
...
040 (10613550.398.000) 12/16 16:01:41 Started transferring input files
	Transferring to host: <188.185.210.150:9618?addrs=188.185.210.150-9618+[2001-1458-303-15--100-12]-9618&alias=b9p22p7910.cern.ch&noUDP&sock=slot1_3_992455_143f_12779>
...
040 (10613550.398.000) 12/16 16:01:41 Finished transferring input files
...
001 (10613550.398.000) 12/16 16:01:41 Job executing on host: <188.185.210.150:9618?addrs=188.185.210.150-9618+[2001-1458-303-15--100-12]-9618&alias=b9p22p7910.cern.ch&noUDP&sock=startd_991720_02c0>
	SlotName: slot1_3@b9p22p7910.cern.ch
	CondorScratchDir = "/pool/condor/dir_2387143"
	Cpus = 4
	Disk = 11078
	GPUs = 0
	Memory = 12000
...
006 (10613550.398.000) 12/16 16:01:55 Image size of job updated: 38020
	38  -  MemoryUsage of job (MB)
	38020  -  ResidentSetSize of job (KB)
...
006 (10613550.398.000) 12/16 16:06:56 Image size of job updated: 38440
	38  -  MemoryUsage of job (MB)
	38020  -  ResidentSetSize of job (KB)
...
006 (10613550.398.000) 12/16 17:30:50 Image size of job updated: 118968
	38  -  MemoryUsage of job (MB)
	38020  -  ResidentSetSize of job (KB)
...
040 (10613550.398.000) 12/16 17:30:51 Started transferring output files
...
040 (10613550.398.000) 12/16 17:30:51 Finished transferring output files
...
005 (10613550.398.000) 12/16 17:30:51 Job terminated.
	(1) Normal termination (return value 0)
		Usr 0 01:27:55, Sys 0 00:00:13  -  Run Remote Usage
		Usr 0 00:00:00, Sys 0 00:00:00  -  Run Local Usage
		Usr 0 01:27:55, Sys 0 00:00:13  -  Total Remote Usage
		Usr 0 00:00:00, Sys 0 00:00:00  -  Total Local Usage
	0  -  Run Bytes Sent By Job
	7584148  -  Run Bytes Received By Job
	0  -  Total Bytes Sent By Job
	7584148  -  Total Bytes Received By Job
	Partitionable Resources :    Usage  Request Allocated 
	   Cpus                 :     0.99        4         4 
	   Disk (KB)            : 33212        7500     11078 
	   GPUs                 :                           0 
	   Memory (MB)          :    38       12000     12000 
	   TimeExecute (s)      :  5349                       
	   TimeSlotBusy (s)     :  5350                       

	Job terminated of its own accord at 2025-12-16T16:30:50Z with exit-code 0.
...
