000 (10610889.883.000) 12/16 07:15:01 Job submitted from host: <188.185.71.83:9618?addrs=188.185.71.83-9618+[2001-1458-d00-7--100-34d]-9618&alias=bigbird18.cern.ch&noUDP&sock=schedd_5052_d48c>
...
040 (10610889.883.000) 12/16 14:26:43 Started transferring input files
	Transferring to host: <188.185.192.96:9618?addrs=188.185.192.96-9618+[2001-1458-303-1f--100-5c]-9618&alias=b9p13p7489.cern.ch&noUDP&sock=slot1_5_7955_c45d_86696>
...
040 (10610889.883.000) 12/16 14:26:43 Finished transferring input files
...
001 (10610889.883.000) 12/16 14:26:43 Job executing on host: <188.185.192.96:9618?addrs=188.185.192.96-9618+[2001-1458-303-1f--100-5c]-9618&alias=b9p13p7489.cern.ch&noUDP&sock=startd_6874_921a>
	SlotName: slot1_5@b9p13p7489.cern.ch
	CondorScratchDir = "/pool/condor/dir_2379442"
	Cpus = 4
	Disk = 11049
	GPUs = 0
	Memory = 12000
...
006 (10610889.883.000) 12/16 14:26:57 Image size of job updated: 37368
	37  -  MemoryUsage of job (MB)
	37368  -  ResidentSetSize of job (KB)
...
006 (10610889.883.000) 12/16 14:31:58 Image size of job updated: 37788
	37  -  MemoryUsage of job (MB)
	37368  -  ResidentSetSize of job (KB)
...
006 (10610889.883.000) 12/16 16:56:23 Image size of job updated: 118404
	37  -  MemoryUsage of job (MB)
	37368  -  ResidentSetSize of job (KB)
...
040 (10610889.883.000) 12/16 16:56:24 Started transferring output files
...
040 (10610889.883.000) 12/16 16:56:24 Finished transferring output files
...
005 (10610889.883.000) 12/16 16:56:24 Job terminated.
	(1) Normal termination (return value 0)
		Usr 0 02:27:58, Sys 0 00:00:07  -  Run Remote Usage
		Usr 0 00:00:00, Sys 0 00:00:00  -  Run Local Usage
		Usr 0 02:27:58, Sys 0 00:00:07  -  Total Remote Usage
		Usr 0 00:00:00, Sys 0 00:00:00  -  Total Local Usage
	0  -  Run Bytes Sent By Job
	7584148  -  Run Bytes Received By Job
	0  -  Total Bytes Sent By Job
	7584148  -  Total Bytes Received By Job
	Partitionable Resources :    Usage  Request Allocated 
	   Cpus                 :     0.97        4         4 
	   Disk (KB)            : 33201        7500     11049 
	   GPUs                 :                           0 
	   Memory (MB)          :    37       12000     12000 
	   TimeExecute (s)      :  8980                       
	   TimeSlotBusy (s)     :  8981                       

	Job terminated of its own accord at 2025-12-16T15:56:23Z with exit-code 0.
...
