000 (10613550.030.000) 12/16 14:40:58 Job submitted from host: <188.185.71.83:9618?addrs=188.185.71.83-9618+[2001-1458-d00-7--100-34d]-9618&alias=bigbird18.cern.ch&noUDP&sock=schedd_5052_d48c>
...
040 (10613550.030.000) 12/16 15:35:26 Started transferring input files
	Transferring to host: <188.185.212.159:9618?addrs=188.185.212.159-9618+[2001-1458-303-19--100-1b]-9618&alias=b9p26p7607.cern.ch&noUDP&sock=slot1_4_6992_3f15_94141>
...
040 (10613550.030.000) 12/16 15:35:26 Finished transferring input files
...
001 (10613550.030.000) 12/16 15:35:26 Job executing on host: <188.185.212.159:9618?addrs=188.185.212.159-9618+[2001-1458-303-19--100-1b]-9618&alias=b9p26p7607.cern.ch&noUDP&sock=startd_6098_4c9c>
	SlotName: slot1_4@b9p26p7607.cern.ch
	CondorScratchDir = "/pool/condor/dir_656523"
	Cpus = 4
	Disk = 11029
	GPUs = 0
	Memory = 12000
...
006 (10613550.030.000) 12/16 15:35:40 Image size of job updated: 40580
	40  -  MemoryUsage of job (MB)
	40580  -  ResidentSetSize of job (KB)
...
006 (10613550.030.000) 12/16 16:54:53 Image size of job updated: 121252
	40  -  MemoryUsage of job (MB)
	40580  -  ResidentSetSize of job (KB)
...
040 (10613550.030.000) 12/16 16:54:54 Started transferring output files
...
040 (10613550.030.000) 12/16 16:54:54 Finished transferring output files
...
005 (10613550.030.000) 12/16 16:54:54 Job terminated.
	(1) Normal termination (return value 0)
		Usr 0 01:18:15, Sys 0 00:00:11  -  Run Remote Usage
		Usr 0 00:00:00, Sys 0 00:00:00  -  Run Local Usage
		Usr 0 01:18:15, Sys 0 00:00:11  -  Total Remote Usage
		Usr 0 00:00:00, Sys 0 00:00:00  -  Total Local Usage
	0  -  Run Bytes Sent By Job
	7584148  -  Run Bytes Received By Job
	0  -  Total Bytes Sent By Job
	7584148  -  Total Bytes Received By Job
	Partitionable Resources :    Usage  Request Allocated 
	   Cpus                 :     0.99        4         4 
	   Disk (KB)            : 32721        7500     11029 
	   GPUs                 :                           0 
	   Memory (MB)          :    40       12000     12000 
	   TimeExecute (s)      :  4767                       
	   TimeSlotBusy (s)     :  4768                       

	Job terminated of its own accord at 2025-12-16T15:54:53Z with exit-code 0.
...
