000 (10610887.050.000) 12/16 07:14:31 Job submitted from host: <188.185.71.83:9618?addrs=188.185.71.83-9618+[2001-1458-d00-7--100-34d]-9618&alias=bigbird18.cern.ch&noUDP&sock=schedd_5052_d48c>
...
040 (10610887.050.000) 12/16 07:20:34 Started transferring input files
	Transferring to host: <188.185.205.216:9618?addrs=188.185.205.216-9618+[2001-1458-303-a--100-55]-9618&alias=b9p04p2069.cern.ch&noUDP&sock=slot1_24_6364_c37c_76930>
...
040 (10610887.050.000) 12/16 07:20:34 Finished transferring input files
...
001 (10610887.050.000) 12/16 07:20:34 Job executing on host: <188.185.205.216:9618?addrs=188.185.205.216-9618+[2001-1458-303-a--100-55]-9618&alias=b9p04p2069.cern.ch&noUDP&sock=startd_5470_8b22>
	SlotName: slot1_24@b9p04p2069.cern.ch
	CondorScratchDir = "/pool/condor/dir_2786863"
	Cpus = 4
	Disk = 10797
	GPUs = 0
	Memory = 12000
...
006 (10610887.050.000) 12/16 07:20:48 Image size of job updated: 39620
	39  -  MemoryUsage of job (MB)
	39620  -  ResidentSetSize of job (KB)
...
006 (10610887.050.000) 12/16 07:25:49 Image size of job updated: 40000
	39  -  MemoryUsage of job (MB)
	39620  -  ResidentSetSize of job (KB)
...
006 (10610887.050.000) 12/16 08:57:54 Image size of job updated: 120644
	39  -  MemoryUsage of job (MB)
	39620  -  ResidentSetSize of job (KB)
...
040 (10610887.050.000) 12/16 08:57:55 Started transferring output files
...
040 (10610887.050.000) 12/16 08:57:55 Finished transferring output files
...
005 (10610887.050.000) 12/16 08:57:55 Job terminated.
	(1) Normal termination (return value 0)
		Usr 0 01:35:45, Sys 0 00:00:08  -  Run Remote Usage
		Usr 0 00:00:00, Sys 0 00:00:00  -  Run Local Usage
		Usr 0 01:35:45, Sys 0 00:00:08  -  Total Remote Usage
		Usr 0 00:00:00, Sys 0 00:00:00  -  Total Local Usage
	0  -  Run Bytes Sent By Job
	7584148  -  Run Bytes Received By Job
	0  -  Total Bytes Sent By Job
	7584148  -  Total Bytes Received By Job
	Partitionable Resources :    Usage  Request Allocated 
	   Cpus                 :     0.98        4         4 
	   Disk (KB)            : 33703        7500     10797 
	   GPUs                 :                           0 
	   Memory (MB)          :    39       12000     12000 
	   TimeExecute (s)      :  5840                       
	   TimeSlotBusy (s)     :  5841                       

	Job terminated of its own accord at 2025-12-16T07:57:54Z with exit-code 0.
...
