000 (10610888.006.000) 12/16 07:14:43 Job submitted from host: <188.185.71.83:9618?addrs=188.185.71.83-9618+[2001-1458-d00-7--100-34d]-9618&alias=bigbird18.cern.ch&noUDP&sock=schedd_5052_d48c>
...
040 (10610888.006.000) 12/16 08:00:31 Started transferring input files
	Transferring to host: <188.185.211.158:9618?addrs=188.185.211.158-9618+[2001-1458-303-17--100-1a]-9618&alias=b9p24p7991.cern.ch&noUDP&sock=slot1_9_9229_6a50_91568>
...
040 (10610888.006.000) 12/16 08:00:31 Finished transferring input files
...
001 (10610888.006.000) 12/16 08:00:31 Job executing on host: <188.185.211.158:9618?addrs=188.185.211.158-9618+[2001-1458-303-17--100-1a]-9618&alias=b9p24p7991.cern.ch&noUDP&sock=startd_8426_1d16>
	SlotName: slot1_9@b9p24p7991.cern.ch
	CondorScratchDir = "/pool/condor/dir_2617920"
	Cpus = 4
	Disk = 11046
	GPUs = 0
	Memory = 12000
...
006 (10610888.006.000) 12/16 08:00:45 Image size of job updated: 36048
	36  -  MemoryUsage of job (MB)
	36048  -  ResidentSetSize of job (KB)
...
006 (10610888.006.000) 12/16 08:05:46 Image size of job updated: 36140
	36  -  MemoryUsage of job (MB)
	36048  -  ResidentSetSize of job (KB)
...
006 (10610888.006.000) 12/16 09:35:13 Image size of job updated: 116820
	36  -  MemoryUsage of job (MB)
	36048  -  ResidentSetSize of job (KB)
...
040 (10610888.006.000) 12/16 09:35:14 Started transferring output files
...
040 (10610888.006.000) 12/16 09:35:14 Finished transferring output files
...
005 (10610888.006.000) 12/16 09:35:15 Job terminated.
	(1) Normal termination (return value 0)
		Usr 0 01:32:40, Sys 0 00:00:14  -  Run Remote Usage
		Usr 0 00:00:00, Sys 0 00:00:00  -  Run Local Usage
		Usr 0 01:32:40, Sys 0 00:00:14  -  Total Remote Usage
		Usr 0 00:00:00, Sys 0 00:00:00  -  Total Local Usage
	0  -  Run Bytes Sent By Job
	7584148  -  Run Bytes Received By Job
	0  -  Total Bytes Sent By Job
	7584148  -  Total Bytes Received By Job
	Partitionable Resources :    Usage  Request Allocated 
	   Cpus                 :     0.99        4         4 
	   Disk (KB)            : 33337        7500     11046 
	   GPUs                 :                           0 
	   Memory (MB)          :    36       12000     12000 
	   TimeExecute (s)      :  5682                       
	   TimeSlotBusy (s)     :  5683                       

	Job terminated of its own accord at 2025-12-16T08:35:13Z with exit-code 0.
...
