000 (10613550.451.000) 12/16 14:40:59 Job submitted from host: <188.185.71.83:9618?addrs=188.185.71.83-9618+[2001-1458-d00-7--100-34d]-9618&alias=bigbird18.cern.ch&noUDP&sock=schedd_5052_d48c>
...
040 (10613550.451.000) 12/16 16:07:09 Started transferring input files
	Transferring to host: <188.185.211.137:9618?addrs=188.185.211.137-9618+[2001-1458-303-17--100-5]-9618&alias=b9p24p0933.cern.ch&noUDP&sock=slot1_7_8039_f3e0_89503>
...
040 (10613550.451.000) 12/16 16:07:09 Finished transferring input files
...
001 (10613550.451.000) 12/16 16:07:09 Job executing on host: <188.185.211.137:9618?addrs=188.185.211.137-9618+[2001-1458-303-17--100-5]-9618&alias=b9p24p0933.cern.ch&noUDP&sock=startd_7053_598e>
	SlotName: slot1_7@b9p24p0933.cern.ch
	CondorScratchDir = "/pool/condor/dir_1418542"
	Cpus = 4
	Disk = 11092
	GPUs = 0
	Memory = 12000
...
006 (10613550.451.000) 12/16 16:07:23 Image size of job updated: 39528
	39  -  MemoryUsage of job (MB)
	39528  -  ResidentSetSize of job (KB)
...
006 (10613550.451.000) 12/16 16:12:23 Image size of job updated: 39948
	39  -  MemoryUsage of job (MB)
	39528  -  ResidentSetSize of job (KB)
...
006 (10613550.451.000) 12/16 17:42:14 Image size of job updated: 120484
	39  -  MemoryUsage of job (MB)
	39528  -  ResidentSetSize of job (KB)
...
040 (10613550.451.000) 12/16 17:42:14 Started transferring output files
...
040 (10613550.451.000) 12/16 17:42:15 Finished transferring output files
...
005 (10613550.451.000) 12/16 17:42:15 Job terminated.
	(1) Normal termination (return value 0)
		Usr 0 01:33:43, Sys 0 00:00:11  -  Run Remote Usage
		Usr 0 00:00:00, Sys 0 00:00:00  -  Run Local Usage
		Usr 0 01:33:43, Sys 0 00:00:11  -  Total Remote Usage
		Usr 0 00:00:00, Sys 0 00:00:00  -  Total Local Usage
	0  -  Run Bytes Sent By Job
	7584148  -  Run Bytes Received By Job
	0  -  Total Bytes Sent By Job
	7584148  -  Total Bytes Received By Job
	Partitionable Resources :    Usage  Request Allocated 
	   Cpus                 :     0.99        4         4 
	   Disk (KB)            : 33335        7500     11092 
	   GPUs                 :                           0 
	   Memory (MB)          :    39       12000     12000 
	   TimeExecute (s)      :  5705                       
	   TimeSlotBusy (s)     :  5706                       

	Job terminated of its own accord at 2025-12-16T16:42:14Z with exit-code 0.
...
