000 (10610887.964.000) 12/16 07:14:32 Job submitted from host: <188.185.71.83:9618?addrs=188.185.71.83-9618+[2001-1458-d00-7--100-34d]-9618&alias=bigbird18.cern.ch&noUDP&sock=schedd_5052_d48c>
...
040 (10610887.964.000) 12/16 08:00:16 Started transferring input files
	Transferring to host: <188.185.204.253:9618?addrs=188.185.204.253-9618+[2001-1458-303-8--100-7a]-9618&alias=b9p02p8717.cern.ch&noUDP&sock=slot1_12_4619_40d5_80345>
...
040 (10610887.964.000) 12/16 08:00:16 Finished transferring input files
...
001 (10610887.964.000) 12/16 08:00:16 Job executing on host: <188.185.204.253:9618?addrs=188.185.204.253-9618+[2001-1458-303-8--100-7a]-9618&alias=b9p02p8717.cern.ch&noUDP&sock=startd_3870_139a>
	SlotName: slot1_12@b9p02p8717.cern.ch
	CondorScratchDir = "/pool/condor/dir_1734789"
	Cpus = 4
	Disk = 10852
	GPUs = 0
	Memory = 12000
...
006 (10610887.964.000) 12/16 08:00:30 Image size of job updated: 38984
	39  -  MemoryUsage of job (MB)
	38984  -  ResidentSetSize of job (KB)
...
006 (10610887.964.000) 12/16 08:05:31 Image size of job updated: 39012
	39  -  MemoryUsage of job (MB)
	38984  -  ResidentSetSize of job (KB)
...
006 (10610887.964.000) 12/16 09:45:29 Image size of job updated: 119580
	39  -  MemoryUsage of job (MB)
	38984  -  ResidentSetSize of job (KB)
...
040 (10610887.964.000) 12/16 09:45:30 Started transferring output files
...
040 (10610887.964.000) 12/16 09:45:30 Finished transferring output files
...
005 (10610887.964.000) 12/16 09:45:30 Job terminated.
	(1) Normal termination (return value 0)
		Usr 0 01:42:29, Sys 0 00:00:12  -  Run Remote Usage
		Usr 0 00:00:00, Sys 0 00:00:00  -  Run Local Usage
		Usr 0 01:42:29, Sys 0 00:00:12  -  Total Remote Usage
		Usr 0 00:00:00, Sys 0 00:00:00  -  Total Local Usage
	0  -  Run Bytes Sent By Job
	7584148  -  Run Bytes Received By Job
	0  -  Total Bytes Sent By Job
	7584148  -  Total Bytes Received By Job
	Partitionable Resources :    Usage  Request Allocated 
	   Cpus                 :     0.99        4         4 
	   Disk (KB)            : 33712        7500     10852 
	   GPUs                 :                           0 
	   Memory (MB)          :    39       12000     12000 
	   TimeExecute (s)      :  6313                       
	   TimeSlotBusy (s)     :  6315                       

	Job terminated of its own accord at 2025-12-16T08:45:29Z with exit-code 0.
...
