000 (10613550.047.000) 12/16 14:40:58 Job submitted from host: <188.185.71.83:9618?addrs=188.185.71.83-9618+[2001-1458-d00-7--100-34d]-9618&alias=bigbird18.cern.ch&noUDP&sock=schedd_5052_d48c>
...
040 (10613550.047.000) 12/16 15:35:31 Started transferring input files
	Transferring to host: <188.185.238.44:9618?addrs=188.185.238.44-9618+[2001-1458-303-2a--100-8]-9618&alias=b9p33p7389.cern.ch&noUDP&sock=slot1_12_550870_7fba_14355>
...
040 (10613550.047.000) 12/16 15:35:31 Finished transferring input files
...
001 (10613550.047.000) 12/16 15:35:31 Job executing on host: <188.185.238.44:9618?addrs=188.185.238.44-9618+[2001-1458-303-2a--100-8]-9618&alias=b9p33p7389.cern.ch&noUDP&sock=startd_2639_b685>
	SlotName: slot1_12@b9p33p7389.cern.ch
	CondorScratchDir = "/pool/condor/dir_701141"
	Cpus = 4
	Disk = 14057
	GPUs = 0
	Memory = 12000
...
006 (10613550.047.000) 12/16 15:35:44 Image size of job updated: 37456
	37  -  MemoryUsage of job (MB)
	37456  -  ResidentSetSize of job (KB)
...
006 (10613550.047.000) 12/16 15:40:44 Image size of job updated: 37880
	37  -  MemoryUsage of job (MB)
	37456  -  ResidentSetSize of job (KB)
...
040 (10613550.047.000) 12/16 16:47:54 Started transferring output files
...
040 (10613550.047.000) 12/16 16:47:54 Finished transferring output files
...
005 (10613550.047.000) 12/16 16:47:54 Job terminated.
	(1) Normal termination (return value 0)
		Usr 0 01:11:07, Sys 0 00:00:07  -  Run Remote Usage
		Usr 0 00:00:00, Sys 0 00:00:00  -  Run Local Usage
		Usr 0 01:11:07, Sys 0 00:00:07  -  Total Remote Usage
		Usr 0 00:00:00, Sys 0 00:00:00  -  Total Local Usage
	0  -  Run Bytes Sent By Job
	7584148  -  Run Bytes Received By Job
	0  -  Total Bytes Sent By Job
	7584148  -  Total Bytes Received By Job
	Partitionable Resources :    Usage  Request Allocated 
	   Cpus                 :     0.99        4         4 
	   Disk (KB)            : 32744        7500     14057 
	   GPUs                 :                           0 
	   Memory (MB)          :    37       12000     12000 
	   TimeExecute (s)      :  4343                       
	   TimeSlotBusy (s)     :  4343                       

	Job terminated of its own accord at 2025-12-16T15:47:54Z with exit-code 0.
...
