000 (10610887.024.000) 12/16 07:14:31 Job submitted from host: <188.185.71.83:9618?addrs=188.185.71.83-9618+[2001-1458-d00-7--100-34d]-9618&alias=bigbird18.cern.ch&noUDP&sock=schedd_5052_d48c>
...
040 (10610887.024.000) 12/16 07:20:26 Started transferring input files
	Transferring to host: <188.185.208.138:9618?addrs=188.185.208.138-9618+[2001-1458-303-10--100-7]-9618&alias=b9p10p6300.cern.ch&noUDP&sock=slot1_8_2957792_c9cf_10123>
...
040 (10610887.024.000) 12/16 07:20:26 Finished transferring input files
...
001 (10610887.024.000) 12/16 07:20:26 Job executing on host: <188.185.208.138:9618?addrs=188.185.208.138-9618+[2001-1458-303-10--100-7]-9618&alias=b9p10p6300.cern.ch&noUDP&sock=startd_4988_ee7c>
	SlotName: slot1_8@b9p10p6300.cern.ch
	CondorScratchDir = "/pool/condor/dir_1227521"
	Cpus = 4
	Disk = 10747
	GPUs = 0
	Memory = 12000
...
006 (10610887.024.000) 12/16 07:20:40 Image size of job updated: 39024
	39  -  MemoryUsage of job (MB)
	39024  -  ResidentSetSize of job (KB)
...
006 (10610887.024.000) 12/16 07:25:41 Image size of job updated: 39400
	39  -  MemoryUsage of job (MB)
	39024  -  ResidentSetSize of job (KB)
...
006 (10610887.024.000) 12/16 08:50:01 Image size of job updated: 120096
	39  -  MemoryUsage of job (MB)
	39024  -  ResidentSetSize of job (KB)
...
040 (10610887.024.000) 12/16 08:50:02 Started transferring output files
...
040 (10610887.024.000) 12/16 08:50:02 Finished transferring output files
...
005 (10610887.024.000) 12/16 08:50:02 Job terminated.
	(1) Normal termination (return value 0)
		Usr 0 01:28:05, Sys 0 00:00:11  -  Run Remote Usage
		Usr 0 00:00:00, Sys 0 00:00:00  -  Run Local Usage
		Usr 0 01:28:05, Sys 0 00:00:11  -  Total Remote Usage
		Usr 0 00:00:00, Sys 0 00:00:00  -  Total Local Usage
	0  -  Run Bytes Sent By Job
	7584148  -  Run Bytes Received By Job
	0  -  Total Bytes Sent By Job
	7584148  -  Total Bytes Received By Job
	Partitionable Resources :    Usage  Request Allocated 
	   Cpus                 :     0.99        4         4 
	   Disk (KB)            : 32449        7500     10747 
	   GPUs                 :                           0 
	   Memory (MB)          :    39       12000     12000 
	   TimeExecute (s)      :  5375                       
	   TimeSlotBusy (s)     :  5376                       

	Job terminated of its own accord at 2025-12-16T07:50:01Z with exit-code 0.
...
