000 (10610887.718.000) 12/16 07:14:31 Job submitted from host: <188.185.71.83:9618?addrs=188.185.71.83-9618+[2001-1458-d00-7--100-34d]-9618&alias=bigbird18.cern.ch&noUDP&sock=schedd_5052_d48c>
...
040 (10610887.718.000) 12/16 07:55:17 Started transferring input files
	Transferring to host: <188.185.214.179:9618?addrs=188.185.214.179-9618+[2001-1458-303-1d--100-2f]-9618&alias=b9p30p2749.cern.ch&noUDP&sock=slot1_28_5078_a908_89844>
...
040 (10610887.718.000) 12/16 07:55:17 Finished transferring input files
...
001 (10610887.718.000) 12/16 07:55:17 Job executing on host: <188.185.214.179:9618?addrs=188.185.214.179-9618+[2001-1458-303-1d--100-2f]-9618&alias=b9p30p2749.cern.ch&noUDP&sock=startd_4140_462d>
	SlotName: slot1_28@b9p30p2749.cern.ch
	CondorScratchDir = "/pool/condor/dir_3875259"
	Cpus = 4
	Disk = 10873
	GPUs = 0
	Memory = 12000
...
006 (10610887.718.000) 12/16 07:55:31 Image size of job updated: 40064
	40  -  MemoryUsage of job (MB)
	40064  -  ResidentSetSize of job (KB)
...
006 (10610887.718.000) 12/16 08:00:32 Image size of job updated: 40484
	40  -  MemoryUsage of job (MB)
	40064  -  ResidentSetSize of job (KB)
...
006 (10610887.718.000) 12/16 09:27:04 Image size of job updated: 121008
	40  -  MemoryUsage of job (MB)
	40064  -  ResidentSetSize of job (KB)
...
040 (10610887.718.000) 12/16 09:27:04 Started transferring output files
...
040 (10610887.718.000) 12/16 09:27:05 Finished transferring output files
...
005 (10610887.718.000) 12/16 09:27:05 Job terminated.
	(1) Normal termination (return value 0)
		Usr 0 01:30:25, Sys 0 00:00:13  -  Run Remote Usage
		Usr 0 00:00:00, Sys 0 00:00:00  -  Run Local Usage
		Usr 0 01:30:25, Sys 0 00:00:13  -  Total Remote Usage
		Usr 0 00:00:00, Sys 0 00:00:00  -  Total Local Usage
	0  -  Run Bytes Sent By Job
	7584148  -  Run Bytes Received By Job
	0  -  Total Bytes Sent By Job
	7584148  -  Total Bytes Received By Job
	Partitionable Resources :    Usage  Request Allocated 
	   Cpus                 :     0.99        4         4 
	   Disk (KB)            : 33290        7500     10873 
	   GPUs                 :                           0 
	   Memory (MB)          :    40       12000     12000 
	   TimeExecute (s)      :  5507                       
	   TimeSlotBusy (s)     :  5508                       

	Job terminated of its own accord at 2025-12-16T08:27:04Z with exit-code 0.
...
