000 (10610888.159.000) 12/16 07:14:44 Job submitted from host: <188.185.71.83:9618?addrs=188.185.71.83-9618+[2001-1458-d00-7--100-34d]-9618&alias=bigbird18.cern.ch&noUDP&sock=schedd_5052_d48c>
...
040 (10610888.159.000) 12/16 08:56:11 Started transferring input files
	Transferring to host: <188.185.206.180:9618?addrs=188.185.206.180-9618+[2001-1458-303-c--100-31]-9618&alias=b9p06p5479.cern.ch&noUDP&sock=slot1_15_4016_629c_79411>
...
040 (10610888.159.000) 12/16 08:56:11 Finished transferring input files
...
001 (10610888.159.000) 12/16 08:56:11 Job executing on host: <188.185.206.180:9618?addrs=188.185.206.180-9618+[2001-1458-303-c--100-31]-9618&alias=b9p06p5479.cern.ch&noUDP&sock=startd_3557_6276>
	SlotName: slot1_15@b9p06p5479.cern.ch
	CondorScratchDir = "/pool/condor/dir_2600160"
	Cpus = 4
	Disk = 10939
	GPUs = 0
	Memory = 12000
...
006 (10610888.159.000) 12/16 08:56:25 Image size of job updated: 42196
	42  -  MemoryUsage of job (MB)
	42196  -  ResidentSetSize of job (KB)
...
006 (10610888.159.000) 12/16 09:01:26 Image size of job updated: 42604
	42  -  MemoryUsage of job (MB)
	42196  -  ResidentSetSize of job (KB)
...
006 (10610888.159.000) 12/16 10:28:33 Image size of job updated: 123216
	42  -  MemoryUsage of job (MB)
	42196  -  ResidentSetSize of job (KB)
...
040 (10610888.159.000) 12/16 10:28:34 Started transferring output files
...
040 (10610888.159.000) 12/16 10:28:34 Finished transferring output files
...
005 (10610888.159.000) 12/16 10:28:34 Job terminated.
	(1) Normal termination (return value 0)
		Usr 0 01:31:01, Sys 0 00:00:07  -  Run Remote Usage
		Usr 0 00:00:00, Sys 0 00:00:00  -  Run Local Usage
		Usr 0 01:31:01, Sys 0 00:00:07  -  Total Remote Usage
		Usr 0 00:00:00, Sys 0 00:00:00  -  Total Local Usage
	0  -  Run Bytes Sent By Job
	7584148  -  Run Bytes Received By Job
	0  -  Total Bytes Sent By Job
	7584148  -  Total Bytes Received By Job
	Partitionable Resources :    Usage  Request Allocated 
	   Cpus                 :     0.99        4         4 
	   Disk (KB)            : 32680        7500     10939 
	   GPUs                 :                           0 
	   Memory (MB)          :    42       12000     12000 
	   TimeExecute (s)      :  5542                       
	   TimeSlotBusy (s)     :  5543                       

	Job terminated of its own accord at 2025-12-16T09:28:33Z with exit-code 0.
...
