000 (10610888.257.000) 12/16 07:14:44 Job submitted from host: <188.185.71.83:9618?addrs=188.185.71.83-9618+[2001-1458-d00-7--100-34d]-9618&alias=bigbird18.cern.ch&noUDP&sock=schedd_5052_d48c>
...
040 (10610888.257.000) 12/16 09:11:59 Started transferring input files
	Transferring to host: <188.185.208.68:9618?addrs=188.185.208.68-9618+[2001-1458-303-f--100-41]-9618&alias=b9p09p2759.cern.ch&noUDP&sock=slot1_10_1944875_2109_67885>
...
001 (10610888.257.000) 12/16 09:11:59 Job executing on host: <188.185.208.68:9618?addrs=188.185.208.68-9618+[2001-1458-303-f--100-41]-9618&alias=b9p09p2759.cern.ch&noUDP&sock=startd_10294_6800>
	SlotName: slot1_10@b9p09p2759.cern.ch
	CondorScratchDir = "/pool/condor/dir_1410346"
	Cpus = 4
	Disk = 10763
	GPUs = 0
	Memory = 12000
...
040 (10610888.257.000) 12/16 09:11:59 Finished transferring input files
...
006 (10610888.257.000) 12/16 09:12:13 Image size of job updated: 39596
	39  -  MemoryUsage of job (MB)
	39596  -  ResidentSetSize of job (KB)
...
006 (10610888.257.000) 12/16 09:17:13 Image size of job updated: 39976
	39  -  MemoryUsage of job (MB)
	39596  -  ResidentSetSize of job (KB)
...
040 (10610888.257.000) 12/16 10:34:25 Started transferring output files
...
040 (10610888.257.000) 12/16 10:34:25 Finished transferring output files
...
005 (10610888.257.000) 12/16 10:34:25 Job terminated.
	(1) Normal termination (return value 0)
		Usr 0 01:21:23, Sys 0 00:00:07  -  Run Remote Usage
		Usr 0 00:00:00, Sys 0 00:00:00  -  Run Local Usage
		Usr 0 01:21:23, Sys 0 00:00:07  -  Total Remote Usage
		Usr 0 00:00:00, Sys 0 00:00:00  -  Total Local Usage
	0  -  Run Bytes Sent By Job
	7584148  -  Run Bytes Received By Job
	0  -  Total Bytes Sent By Job
	7584148  -  Total Bytes Received By Job
	Partitionable Resources :    Usage  Request Allocated 
	   Cpus                 :     0.99        4         4 
	   Disk (KB)            : 33057        7500     10763 
	   GPUs                 :                           0 
	   Memory (MB)          :    39       12000     12000 
	   TimeExecute (s)      :  4945                       
	   TimeSlotBusy (s)     :  4946                       

	Job terminated of its own accord at 2025-12-16T09:34:24Z with exit-code 0.
...
