000 (10610888.249.000) 12/16 07:14:44 Job submitted from host: <188.185.71.83:9618?addrs=188.185.71.83-9618+[2001-1458-d00-7--100-34d]-9618&alias=bigbird18.cern.ch&noUDP&sock=schedd_5052_d48c>
...
040 (10610888.249.000) 12/16 09:10:40 Started transferring input files
	Transferring to host: <188.185.208.219:9618?addrs=188.185.208.219-9618+[2001-1458-303-10--100-58]-9618&alias=b9p10p7427.cern.ch&noUDP&sock=slot1_1_7540_5cac_77036>
...
040 (10610888.249.000) 12/16 09:10:40 Finished transferring input files
...
001 (10610888.249.000) 12/16 09:10:40 Job executing on host: <188.185.208.219:9618?addrs=188.185.208.219-9618+[2001-1458-303-10--100-58]-9618&alias=b9p10p7427.cern.ch&noUDP&sock=startd_6779_689b>
	SlotName: slot1_1@b9p10p7427.cern.ch
	CondorScratchDir = "/pool/condor/dir_1242809"
	Cpus = 4
	Disk = 10977
	GPUs = 0
	Memory = 12000
...
006 (10610888.249.000) 12/16 09:10:53 Image size of job updated: 42168
	42  -  MemoryUsage of job (MB)
	42168  -  ResidentSetSize of job (KB)
...
006 (10610888.249.000) 12/16 09:15:54 Image size of job updated: 42548
	42  -  MemoryUsage of job (MB)
	42168  -  ResidentSetSize of job (KB)
...
006 (10610888.249.000) 12/16 10:47:06 Image size of job updated: 123200
	42  -  MemoryUsage of job (MB)
	42168  -  ResidentSetSize of job (KB)
...
040 (10610888.249.000) 12/16 10:47:07 Started transferring output files
...
040 (10610888.249.000) 12/16 10:47:07 Finished transferring output files
...
005 (10610888.249.000) 12/16 10:47:07 Job terminated.
	(1) Normal termination (return value 0)
		Usr 0 01:35:06, Sys 0 00:00:08  -  Run Remote Usage
		Usr 0 00:00:00, Sys 0 00:00:00  -  Run Local Usage
		Usr 0 01:35:06, Sys 0 00:00:08  -  Total Remote Usage
		Usr 0 00:00:00, Sys 0 00:00:00  -  Total Local Usage
	0  -  Run Bytes Sent By Job
	7584148  -  Run Bytes Received By Job
	0  -  Total Bytes Sent By Job
	7584148  -  Total Bytes Received By Job
	Partitionable Resources :    Usage  Request Allocated 
	   Cpus                 :     0.99        4         4 
	   Disk (KB)            : 32737        7500     10977 
	   GPUs                 :                           0 
	   Memory (MB)          :    42       12000     12000 
	   TimeExecute (s)      :  5786                       
	   TimeSlotBusy (s)     :  5788                       

	Job terminated of its own accord at 2025-12-16T09:47:06Z with exit-code 0.
...
