000 (10610888.823.000) 12/16 07:14:45 Job submitted from host: <188.185.71.83:9618?addrs=188.185.71.83-9618+[2001-1458-d00-7--100-34d]-9618&alias=bigbird18.cern.ch&noUDP&sock=schedd_5052_d48c>
...
040 (10610888.823.000) 12/16 09:44:30 Started transferring input files
	Transferring to host: <188.185.209.187:9618?addrs=188.185.209.187-9618+[2001-1458-303-12--100-38]-9618&alias=b9p12p4999.cern.ch&noUDP&sock=slot1_10_5605_fabd_79352>
...
040 (10610888.823.000) 12/16 09:44:30 Finished transferring input files
...
001 (10610888.823.000) 12/16 09:44:30 Job executing on host: <188.185.209.187:9618?addrs=188.185.209.187-9618+[2001-1458-303-12--100-38]-9618&alias=b9p12p4999.cern.ch&noUDP&sock=startd_4676_ecf0>
	SlotName: slot1_10@b9p12p4999.cern.ch
	CondorScratchDir = "/pool/condor/dir_573986"
	Cpus = 4
	Disk = 10237
	GPUs = 0
	Memory = 12000
...
006 (10610888.823.000) 12/16 09:44:44 Image size of job updated: 39636
	39  -  MemoryUsage of job (MB)
	39636  -  ResidentSetSize of job (KB)
...
006 (10610888.823.000) 12/16 09:49:44 Image size of job updated: 40016
	39  -  MemoryUsage of job (MB)
	39636  -  ResidentSetSize of job (KB)
...
006 (10610888.823.000) 12/16 11:30:16 Image size of job updated: 120656
	39  -  MemoryUsage of job (MB)
	39636  -  ResidentSetSize of job (KB)
...
040 (10610888.823.000) 12/16 11:30:16 Started transferring output files
...
040 (10610888.823.000) 12/16 11:30:17 Finished transferring output files
...
005 (10610888.823.000) 12/16 11:30:17 Job terminated.
	(1) Normal termination (return value 0)
		Usr 0 01:43:31, Sys 0 00:00:16  -  Run Remote Usage
		Usr 0 00:00:00, Sys 0 00:00:00  -  Run Local Usage
		Usr 0 01:43:31, Sys 0 00:00:16  -  Total Remote Usage
		Usr 0 00:00:00, Sys 0 00:00:00  -  Total Local Usage
	0  -  Run Bytes Sent By Job
	7584148  -  Run Bytes Received By Job
	0  -  Total Bytes Sent By Job
	7584148  -  Total Bytes Received By Job
	Partitionable Resources :    Usage  Request Allocated 
	   Cpus                 :     0.98        4         4 
	   Disk (KB)            : 32462        7500     10237 
	   GPUs                 :                           0 
	   Memory (MB)          :    39       12000     12000 
	   TimeExecute (s)      :  6346                       
	   TimeSlotBusy (s)     :  6347                       

	Job terminated of its own accord at 2025-12-16T10:30:16Z with exit-code 0.
...
