000 (10613550.068.000) 12/16 14:40:58 Job submitted from host: <188.185.71.83:9618?addrs=188.185.71.83-9618+[2001-1458-d00-7--100-34d]-9618&alias=bigbird18.cern.ch&noUDP&sock=schedd_5052_d48c>
...
040 (10613550.068.000) 12/16 15:35:39 Started transferring input files
	Transferring to host: <188.185.213.140:9618?addrs=188.185.213.140-9618+[2001-1458-303-1b--100-8]-9618&alias=b9p28p4880.cern.ch&noUDP&sock=slot1_8_9065_dcca_109589>
...
040 (10613550.068.000) 12/16 15:35:39 Finished transferring input files
...
001 (10613550.068.000) 12/16 15:35:39 Job executing on host: <188.185.213.140:9618?addrs=188.185.213.140-9618+[2001-1458-303-1b--100-8]-9618&alias=b9p28p4880.cern.ch&noUDP&sock=startd_7780_02e8>
	SlotName: slot1_8@b9p28p4880.cern.ch
	CondorScratchDir = "/pool/condor/dir_1724816"
	Cpus = 4
	Disk = 11038
	GPUs = 0
	Memory = 12000
...
006 (10613550.068.000) 12/16 15:35:53 Image size of job updated: 42604
	42  -  MemoryUsage of job (MB)
	42604  -  ResidentSetSize of job (KB)
...
006 (10613550.068.000) 12/16 15:40:54 Image size of job updated: 42696
	42  -  MemoryUsage of job (MB)
	42604  -  ResidentSetSize of job (KB)
...
040 (10613550.068.000) 12/16 16:52:02 Started transferring output files
...
040 (10613550.068.000) 12/16 16:52:02 Finished transferring output files
...
005 (10613550.068.000) 12/16 16:52:02 Job terminated.
	(1) Normal termination (return value 0)
		Usr 0 01:15:39, Sys 0 00:00:05  -  Run Remote Usage
		Usr 0 00:00:00, Sys 0 00:00:00  -  Run Local Usage
		Usr 0 01:15:39, Sys 0 00:00:05  -  Total Remote Usage
		Usr 0 00:00:00, Sys 0 00:00:00  -  Total Local Usage
	0  -  Run Bytes Sent By Job
	7584148  -  Run Bytes Received By Job
	0  -  Total Bytes Sent By Job
	7584148  -  Total Bytes Received By Job
	Partitionable Resources :    Usage  Request Allocated 
	   Cpus                 :     0.99        4         4 
	   Disk (KB)            : 32599        7500     11038 
	   GPUs                 :                           0 
	   Memory (MB)          :    42       12000     12000 
	   TimeExecute (s)      :  4582                       
	   TimeSlotBusy (s)     :  4583                       

	Job terminated of its own accord at 2025-12-16T15:52:01Z with exit-code 0.
...
