000 (10613550.878.000) 12/16 14:41:00 Job submitted from host: <188.185.71.83:9618?addrs=188.185.71.83-9618+[2001-1458-d00-7--100-34d]-9618&alias=bigbird18.cern.ch&noUDP&sock=schedd_5052_d48c>
...
040 (10613550.878.000) 12/16 16:52:36 Started transferring input files
	Transferring to host: <188.185.212.215:9618?addrs=188.185.212.215-9618+[2001-1458-303-19--100-53]-9618&alias=b9p26p5558.cern.ch&noUDP&sock=slot1_14_3323702_7c2e_12528>
...
040 (10613550.878.000) 12/16 16:52:36 Finished transferring input files
...
001 (10613550.878.000) 12/16 16:52:36 Job executing on host: <188.185.212.215:9618?addrs=188.185.212.215-9618+[2001-1458-303-19--100-53]-9618&alias=b9p26p5558.cern.ch&noUDP&sock=startd_3323556_8d8d>
	SlotName: slot1_14@b9p26p5558.cern.ch
	CondorScratchDir = "/pool/condor/dir_2244319"
	Cpus = 4
	Disk = 10906
	GPUs = 0
	Memory = 12000
...
006 (10613550.878.000) 12/16 16:52:49 Image size of job updated: 39576
	39  -  MemoryUsage of job (MB)
	39576  -  ResidentSetSize of job (KB)
...
006 (10613550.878.000) 12/16 16:57:49 Image size of job updated: 39996
	39  -  MemoryUsage of job (MB)
	39576  -  ResidentSetSize of job (KB)
...
040 (10613550.878.000) 12/16 18:09:40 Started transferring output files
...
040 (10613550.878.000) 12/16 18:09:40 Finished transferring output files
...
005 (10613550.878.000) 12/16 18:09:40 Job terminated.
	(1) Normal termination (return value 0)
		Usr 0 01:16:06, Sys 0 00:00:09  -  Run Remote Usage
		Usr 0 00:00:00, Sys 0 00:00:00  -  Run Local Usage
		Usr 0 01:16:06, Sys 0 00:00:09  -  Total Remote Usage
		Usr 0 00:00:00, Sys 0 00:00:00  -  Total Local Usage
	0  -  Run Bytes Sent By Job
	7584148  -  Run Bytes Received By Job
	0  -  Total Bytes Sent By Job
	7584148  -  Total Bytes Received By Job
	Partitionable Resources :    Usage  Request Allocated 
	   Cpus                 :     0.99        4         4 
	   Disk (KB)            : 33295        7500     10906 
	   GPUs                 :                           0 
	   Memory (MB)          :    39       12000     12000 
	   TimeExecute (s)      :  4624                       
	   TimeSlotBusy (s)     :  4625                       

	Job terminated of its own accord at 2025-12-16T17:09:40Z with exit-code 0.
...
