000 (10613550.074.000) 12/16 14:40:58 Job submitted from host: <188.185.71.83:9618?addrs=188.185.71.83-9618+[2001-1458-d00-7--100-34d]-9618&alias=bigbird18.cern.ch&noUDP&sock=schedd_5052_d48c>
...
040 (10613550.074.000) 12/16 15:35:45 Started transferring input files
	Transferring to host: <188.185.193.52:9618?addrs=188.185.193.52-9618+[2001-1458-303-20--100-30]-9618&alias=b9p19p2108.cern.ch&noUDP&sock=slot1_16_5588_005c_83541>
...
040 (10613550.074.000) 12/16 15:35:45 Finished transferring input files
...
001 (10613550.074.000) 12/16 15:35:45 Job executing on host: <188.185.193.52:9618?addrs=188.185.193.52-9618+[2001-1458-303-20--100-30]-9618&alias=b9p19p2108.cern.ch&noUDP&sock=startd_4446_2a28>
	SlotName: slot1_16@b9p19p2108.cern.ch
	CondorScratchDir = "/pool/condor/dir_2833732"
	Cpus = 4
	Disk = 11100
	GPUs = 0
	Memory = 12000
...
006 (10613550.074.000) 12/16 15:35:59 Image size of job updated: 40584
	40  -  MemoryUsage of job (MB)
	40584  -  ResidentSetSize of job (KB)
...
006 (10613550.074.000) 12/16 15:41:01 Image size of job updated: 40672
	40  -  MemoryUsage of job (MB)
	40584  -  ResidentSetSize of job (KB)
...
006 (10613550.074.000) 12/16 17:34:11 Image size of job updated: 121296
	40  -  MemoryUsage of job (MB)
	40584  -  ResidentSetSize of job (KB)
...
040 (10613550.074.000) 12/16 17:34:12 Started transferring output files
...
040 (10613550.074.000) 12/16 17:34:12 Finished transferring output files
...
005 (10613550.074.000) 12/16 17:34:12 Job terminated.
	(1) Normal termination (return value 0)
		Usr 0 01:53:49, Sys 0 00:00:12  -  Run Remote Usage
		Usr 0 00:00:00, Sys 0 00:00:00  -  Run Local Usage
		Usr 0 01:53:49, Sys 0 00:00:12  -  Total Remote Usage
		Usr 0 00:00:00, Sys 0 00:00:00  -  Total Local Usage
	0  -  Run Bytes Sent By Job
	7584148  -  Run Bytes Received By Job
	0  -  Total Bytes Sent By Job
	7584148  -  Total Bytes Received By Job
	Partitionable Resources :    Usage  Request Allocated 
	   Cpus                 :     0.99        4         4 
	   Disk (KB)            : 33450        7500     11100 
	   GPUs                 :                           0 
	   Memory (MB)          :    40       12000     12000 
	   TimeExecute (s)      :  7106                       
	   TimeSlotBusy (s)     :  7107                       

	Job terminated of its own accord at 2025-12-16T16:34:11Z with exit-code 0.
...
