000 (10610888.376.000) 12/16 07:14:44 Job submitted from host: <188.185.71.83:9618?addrs=188.185.71.83-9618+[2001-1458-d00-7--100-34d]-9618&alias=bigbird18.cern.ch&noUDP&sock=schedd_5052_d48c>
...
040 (10610888.376.000) 12/16 09:20:43 Started transferring input files
	Transferring to host: <188.185.210.212:9618?addrs=188.185.210.212-9618+[2001-1458-303-15--100-50]-9618&alias=b9p22p6763.cern.ch&noUDP&sock=slot1_12_6204_0775_91968>
...
040 (10610888.376.000) 12/16 09:20:43 Finished transferring input files
...
001 (10610888.376.000) 12/16 09:20:43 Job executing on host: <188.185.210.212:9618?addrs=188.185.210.212-9618+[2001-1458-303-15--100-50]-9618&alias=b9p22p6763.cern.ch&noUDP&sock=startd_5434_d9ba>
	SlotName: slot1_12@b9p22p6763.cern.ch
	CondorScratchDir = "/pool/condor/dir_3626990"
	Cpus = 4
	Disk = 11059
	GPUs = 0
	Memory = 12000
...
006 (10610888.376.000) 12/16 09:20:57 Image size of job updated: 41588
	41  -  MemoryUsage of job (MB)
	41588  -  ResidentSetSize of job (KB)
...
006 (10610888.376.000) 12/16 09:25:57 Image size of job updated: 42008
	41  -  MemoryUsage of job (MB)
	41588  -  ResidentSetSize of job (KB)
...
006 (10610888.376.000) 12/16 10:55:27 Image size of job updated: 122536
	41  -  MemoryUsage of job (MB)
	41588  -  ResidentSetSize of job (KB)
...
040 (10610888.376.000) 12/16 10:55:28 Started transferring output files
...
040 (10610888.376.000) 12/16 10:55:28 Finished transferring output files
...
005 (10610888.376.000) 12/16 10:55:28 Job terminated.
	(1) Normal termination (return value 0)
		Usr 0 01:33:29, Sys 0 00:00:09  -  Run Remote Usage
		Usr 0 00:00:00, Sys 0 00:00:00  -  Run Local Usage
		Usr 0 01:33:29, Sys 0 00:00:09  -  Total Remote Usage
		Usr 0 00:00:00, Sys 0 00:00:00  -  Total Local Usage
	0  -  Run Bytes Sent By Job
	7584148  -  Run Bytes Received By Job
	0  -  Total Bytes Sent By Job
	7584148  -  Total Bytes Received By Job
	Partitionable Resources :    Usage  Request Allocated 
	   Cpus                 :     0.99        4         4 
	   Disk (KB)            : 32955        7500     11059 
	   GPUs                 :                           0 
	   Memory (MB)          :    41       12000     12000 
	   TimeExecute (s)      :  5684                       
	   TimeSlotBusy (s)     :  5685                       

	Job terminated of its own accord at 2025-12-16T09:55:27Z with exit-code 0.
...
