000 (10613550.834.000) 12/16 14:41:00 Job submitted from host: <188.185.71.83:9618?addrs=188.185.71.83-9618+[2001-1458-d00-7--100-34d]-9618&alias=bigbird18.cern.ch&noUDP&sock=schedd_5052_d48c>
...
040 (10613550.834.000) 12/16 16:51:22 Started transferring input files
	Transferring to host: <188.185.194.62:9618?addrs=188.185.194.62-9618+[2001-1458-303-21--100-3a]-9618&alias=b9p20p4971.cern.ch&noUDP&sock=slot1_11_3909_fe78_82339>
...
040 (10613550.834.000) 12/16 16:51:22 Finished transferring input files
...
001 (10613550.834.000) 12/16 16:51:22 Job executing on host: <188.185.194.62:9618?addrs=188.185.194.62-9618+[2001-1458-303-21--100-3a]-9618&alias=b9p20p4971.cern.ch&noUDP&sock=startd_2871_d87e>
	SlotName: slot1_11@b9p20p4971.cern.ch
	CondorScratchDir = "/pool/condor/dir_2018281"
	Cpus = 4
	Disk = 11074
	GPUs = 0
	Memory = 12000
...
006 (10613550.834.000) 12/16 16:51:36 Image size of job updated: 36820
	36  -  MemoryUsage of job (MB)
	36820  -  ResidentSetSize of job (KB)
...
006 (10613550.834.000) 12/16 16:56:37 Image size of job updated: 37240
	36  -  MemoryUsage of job (MB)
	36820  -  ResidentSetSize of job (KB)
...
040 (10613550.834.000) 12/16 19:36:06 Started transferring output files
...
040 (10613550.834.000) 12/16 19:36:07 Finished transferring output files
...
005 (10613550.834.000) 12/16 19:36:07 Job terminated.
	(1) Normal termination (return value 0)
		Usr 0 02:42:20, Sys 0 00:00:18  -  Run Remote Usage
		Usr 0 00:00:00, Sys 0 00:00:00  -  Run Local Usage
		Usr 0 02:42:20, Sys 0 00:00:18  -  Total Remote Usage
		Usr 0 00:00:00, Sys 0 00:00:00  -  Total Local Usage
	0  -  Run Bytes Sent By Job
	7584148  -  Run Bytes Received By Job
	0  -  Total Bytes Sent By Job
	7584148  -  Total Bytes Received By Job
	Partitionable Resources :    Usage  Request Allocated 
	   Cpus                 :     0.99        4         4 
	   Disk (KB)            : 32575        7500     11074 
	   GPUs                 :                           0 
	   Memory (MB)          :    36       12000     12000 
	   TimeExecute (s)      :  9884                       
	   TimeSlotBusy (s)     :  9885                       

	Job terminated of its own accord at 2025-12-16T18:36:06Z with exit-code 0.
...
