000 (10610889.581.000) 12/16 07:15:01 Job submitted from host: <188.185.71.83:9618?addrs=188.185.71.83-9618+[2001-1458-d00-7--100-34d]-9618&alias=bigbird18.cern.ch&noUDP&sock=schedd_5052_d48c>
...
040 (10610889.581.000) 12/16 14:13:59 Started transferring input files
	Transferring to host: <188.185.211.149:9618?addrs=188.185.211.149-9618+[2001-1458-303-17--100-11]-9618&alias=b9p24p8170.cern.ch&noUDP&sock=slot1_1_9188_86ef_85856>
...
040 (10610889.581.000) 12/16 14:13:59 Finished transferring input files
...
001 (10610889.581.000) 12/16 14:13:59 Job executing on host: <188.185.211.149:9618?addrs=188.185.211.149-9618+[2001-1458-303-17--100-11]-9618&alias=b9p24p8170.cern.ch&noUDP&sock=startd_8392_cade>
	SlotName: slot1_1@b9p24p8170.cern.ch
	CondorScratchDir = "/pool/condor/dir_2744004"
	Cpus = 4
	Disk = 10934
	GPUs = 0
	Memory = 12000
...
006 (10610889.581.000) 12/16 14:14:13 Image size of job updated: 37524
	37  -  MemoryUsage of job (MB)
	37524  -  ResidentSetSize of job (KB)
...
006 (10610889.581.000) 12/16 14:19:14 Image size of job updated: 37944
	37  -  MemoryUsage of job (MB)
	37524  -  ResidentSetSize of job (KB)
...
006 (10610889.581.000) 12/16 15:49:11 Image size of job updated: 118464
	37  -  MemoryUsage of job (MB)
	37524  -  ResidentSetSize of job (KB)
...
040 (10610889.581.000) 12/16 15:49:11 Started transferring output files
...
040 (10610889.581.000) 12/16 15:49:12 Finished transferring output files
...
005 (10610889.581.000) 12/16 15:49:12 Job terminated.
	(1) Normal termination (return value 0)
		Usr 0 01:33:53, Sys 0 00:00:10  -  Run Remote Usage
		Usr 0 00:00:00, Sys 0 00:00:00  -  Run Local Usage
		Usr 0 01:33:53, Sys 0 00:00:10  -  Total Remote Usage
		Usr 0 00:00:00, Sys 0 00:00:00  -  Total Local Usage
	0  -  Run Bytes Sent By Job
	7584148  -  Run Bytes Received By Job
	0  -  Total Bytes Sent By Job
	7584148  -  Total Bytes Received By Job
	Partitionable Resources :    Usage  Request Allocated 
	   Cpus                 :     0.99        4         4 
	   Disk (KB)            : 34149        7500     10934 
	   GPUs                 :                           0 
	   Memory (MB)          :    37       12000     12000 
	   TimeExecute (s)      :  5712                       
	   TimeSlotBusy (s)     :  5714                       

	Job terminated of its own accord at 2025-12-16T14:49:11Z with exit-code 0.
...
