000 (10610888.110.000) 12/16 07:14:44 Job submitted from host: <188.185.71.83:9618?addrs=188.185.71.83-9618+[2001-1458-d00-7--100-34d]-9618&alias=bigbird18.cern.ch&noUDP&sock=schedd_5052_d48c>
...
040 (10610888.110.000) 12/16 08:38:38 Started transferring input files
	Transferring to host: <188.185.209.99:9618?addrs=188.185.209.99-9618+[2001-1458-303-11--100-60]-9618&alias=b9p11p8251.cern.ch&noUDP&sock=slot1_10_9156_faed_86823>
...
040 (10610888.110.000) 12/16 08:38:38 Finished transferring input files
...
001 (10610888.110.000) 12/16 08:38:38 Job executing on host: <188.185.209.99:9618?addrs=188.185.209.99-9618+[2001-1458-303-11--100-60]-9618&alias=b9p11p8251.cern.ch&noUDP&sock=startd_7858_834b>
	SlotName: slot1_10@b9p11p8251.cern.ch
	CondorScratchDir = "/pool/condor/dir_2607566"
	Cpus = 4
	Disk = 11032
	GPUs = 0
	Memory = 12000
...
006 (10610888.110.000) 12/16 08:38:52 Image size of job updated: 39636
	39  -  MemoryUsage of job (MB)
	39636  -  ResidentSetSize of job (KB)
...
006 (10610888.110.000) 12/16 08:43:52 Image size of job updated: 40016
	39  -  MemoryUsage of job (MB)
	39636  -  ResidentSetSize of job (KB)
...
040 (10610888.110.000) 12/16 09:52:33 Started transferring output files
...
040 (10610888.110.000) 12/16 09:52:34 Finished transferring output files
...
005 (10610888.110.000) 12/16 09:52:34 Job terminated.
	(1) Normal termination (return value 0)
		Usr 0 01:13:05, Sys 0 00:00:05  -  Run Remote Usage
		Usr 0 00:00:00, Sys 0 00:00:00  -  Run Local Usage
		Usr 0 01:13:05, Sys 0 00:00:05  -  Total Remote Usage
		Usr 0 00:00:00, Sys 0 00:00:00  -  Total Local Usage
	0  -  Run Bytes Sent By Job
	7584148  -  Run Bytes Received By Job
	0  -  Total Bytes Sent By Job
	7584148  -  Total Bytes Received By Job
	Partitionable Resources :    Usage  Request Allocated 
	   Cpus                 :     0.99        4         4 
	   Disk (KB)            : 33011        7500     11032 
	   GPUs                 :                           0 
	   Memory (MB)          :    39       12000     12000 
	   TimeExecute (s)      :  4435                       
	   TimeSlotBusy (s)     :  4436                       

	Job terminated of its own accord at 2025-12-16T08:52:33Z with exit-code 0.
...
