000 (10613550.204.000) 12/16 14:40:59 Job submitted from host: <188.185.71.83:9618?addrs=188.185.71.83-9618+[2001-1458-d00-7--100-34d]-9618&alias=bigbird18.cern.ch&noUDP&sock=schedd_5052_d48c>
...
040 (10613550.204.000) 12/16 15:44:54 Started transferring input files
	Transferring to host: <188.185.196.178:9618?addrs=188.185.196.178-9618+[2001-1458-303-23--100-ae]-9618&alias=b9p16p1991.cern.ch&noUDP&sock=slot1_32_5805_e5c5_86696>
...
040 (10613550.204.000) 12/16 15:44:54 Finished transferring input files
...
001 (10613550.204.000) 12/16 15:44:54 Job executing on host: <188.185.196.178:9618?addrs=188.185.196.178-9618+[2001-1458-303-23--100-ae]-9618&alias=b9p16p1991.cern.ch&noUDP&sock=startd_4608_487f>
	SlotName: slot1_32@b9p16p1991.cern.ch
	CondorScratchDir = "/pool/condor/dir_4060653"
	Cpus = 4
	Disk = 11137
	GPUs = 0
	Memory = 12000
...
006 (10613550.204.000) 12/16 15:45:08 Image size of job updated: 37976
	38  -  MemoryUsage of job (MB)
	37976  -  ResidentSetSize of job (KB)
...
006 (10613550.204.000) 12/16 15:50:09 Image size of job updated: 38068
	38  -  MemoryUsage of job (MB)
	37976  -  ResidentSetSize of job (KB)
...
040 (10613550.204.000) 12/16 17:27:24 Started transferring output files
...
040 (10613550.204.000) 12/16 17:27:24 Finished transferring output files
...
005 (10613550.204.000) 12/16 17:27:24 Job terminated.
	(1) Normal termination (return value 0)
		Usr 0 01:41:32, Sys 0 00:00:05  -  Run Remote Usage
		Usr 0 00:00:00, Sys 0 00:00:00  -  Run Local Usage
		Usr 0 01:41:32, Sys 0 00:00:05  -  Total Remote Usage
		Usr 0 00:00:00, Sys 0 00:00:00  -  Total Local Usage
	0  -  Run Bytes Sent By Job
	7584148  -  Run Bytes Received By Job
	0  -  Total Bytes Sent By Job
	7584148  -  Total Bytes Received By Job
	Partitionable Resources :    Usage  Request Allocated 
	   Cpus                 :     0.99        4         4 
	   Disk (KB)            : 32927        7500     11137 
	   GPUs                 :                           0 
	   Memory (MB)          :    38       12000     12000 
	   TimeExecute (s)      :  6150                       
	   TimeSlotBusy (s)     :  6150                       

	Job terminated of its own accord at 2025-12-16T16:27:24Z with exit-code 0.
...
