000 (10610889.627.000) 12/16 07:15:01 Job submitted from host: <188.185.71.83:9618?addrs=188.185.71.83-9618+[2001-1458-d00-7--100-34d]-9618&alias=bigbird18.cern.ch&noUDP&sock=schedd_5052_d48c>
...
040 (10610889.627.000) 12/16 14:14:11 Started transferring input files
	Transferring to host: <188.185.212.224:9618?addrs=188.185.212.224-9618+[2001-1458-303-19--100-5c]-9618&alias=b9p26p5322.cern.ch&noUDP&sock=slot1_1_3350073_3d7f_13215>
...
040 (10610889.627.000) 12/16 14:14:11 Finished transferring input files
...
001 (10610889.627.000) 12/16 14:14:11 Job executing on host: <188.185.212.224:9618?addrs=188.185.212.224-9618+[2001-1458-303-19--100-5c]-9618&alias=b9p26p5322.cern.ch&noUDP&sock=startd_3349597_8350>
	SlotName: slot1_1@b9p26p5322.cern.ch
	CondorScratchDir = "/pool/condor/dir_2459319"
	Cpus = 4
	Disk = 10955
	GPUs = 0
	Memory = 12000
...
006 (10610889.627.000) 12/16 14:14:25 Image size of job updated: 40620
	40  -  MemoryUsage of job (MB)
	40620  -  ResidentSetSize of job (KB)
...
006 (10610889.627.000) 12/16 14:19:26 Image size of job updated: 40712
	40  -  MemoryUsage of job (MB)
	40620  -  ResidentSetSize of job (KB)
...
040 (10610889.627.000) 12/16 15:40:20 Started transferring output files
...
040 (10610889.627.000) 12/16 15:40:21 Finished transferring output files
...
005 (10610889.627.000) 12/16 15:40:21 Job terminated.
	(1) Normal termination (return value 0)
		Usr 0 01:25:02, Sys 0 00:00:07  -  Run Remote Usage
		Usr 0 00:00:00, Sys 0 00:00:00  -  Run Local Usage
		Usr 0 01:25:02, Sys 0 00:00:07  -  Total Remote Usage
		Usr 0 00:00:00, Sys 0 00:00:00  -  Total Local Usage
	0  -  Run Bytes Sent By Job
	7584148  -  Run Bytes Received By Job
	0  -  Total Bytes Sent By Job
	7584148  -  Total Bytes Received By Job
	Partitionable Resources :    Usage  Request Allocated 
	   Cpus                 :     0.99        4         4 
	   Disk (KB)            : 33197        7500     10955 
	   GPUs                 :                           0 
	   Memory (MB)          :    40       12000     12000 
	   TimeExecute (s)      :  5169                       
	   TimeSlotBusy (s)     :  5171                       

	Job terminated of its own accord at 2025-12-16T14:40:20Z with exit-code 0.
...
