000 (10613550.553.000) 12/16 14:40:59 Job submitted from host: <188.185.71.83:9618?addrs=188.185.71.83-9618+[2001-1458-d00-7--100-34d]-9618&alias=bigbird18.cern.ch&noUDP&sock=schedd_5052_d48c>
...
040 (10613550.553.000) 12/16 16:31:30 Started transferring input files
	Transferring to host: <188.185.193.21:9618?addrs=188.185.193.21-9618+[2001-1458-303-20--100-11]-9618&alias=b9p19p0571.cern.ch&noUDP&sock=slot1_6_7176_e41d_81388>
...
040 (10613550.553.000) 12/16 16:31:30 Finished transferring input files
...
001 (10613550.553.000) 12/16 16:31:30 Job executing on host: <188.185.193.21:9618?addrs=188.185.193.21-9618+[2001-1458-303-20--100-11]-9618&alias=b9p19p0571.cern.ch&noUDP&sock=startd_5999_64bc>
	SlotName: slot1_6@b9p19p0571.cern.ch
	CondorScratchDir = "/pool/condor/dir_674163"
	Cpus = 4
	Disk = 11127
	GPUs = 0
	Memory = 12000
...
006 (10613550.553.000) 12/16 16:31:44 Image size of job updated: 36108
	36  -  MemoryUsage of job (MB)
	36108  -  ResidentSetSize of job (KB)
...
006 (10613550.553.000) 12/16 16:36:45 Image size of job updated: 36528
	36  -  MemoryUsage of job (MB)
	36108  -  ResidentSetSize of job (KB)
...
006 (10613550.553.000) 12/16 18:45:22 Image size of job updated: 117136
	36  -  MemoryUsage of job (MB)
	36108  -  ResidentSetSize of job (KB)
...
040 (10613550.553.000) 12/16 18:45:22 Started transferring output files
...
040 (10613550.553.000) 12/16 18:45:23 Finished transferring output files
...
005 (10613550.553.000) 12/16 18:45:23 Job terminated.
	(1) Normal termination (return value 0)
		Usr 0 02:12:01, Sys 0 00:00:16  -  Run Remote Usage
		Usr 0 00:00:00, Sys 0 00:00:00  -  Run Local Usage
		Usr 0 02:12:01, Sys 0 00:00:16  -  Total Remote Usage
		Usr 0 00:00:00, Sys 0 00:00:00  -  Total Local Usage
	0  -  Run Bytes Sent By Job
	7584148  -  Run Bytes Received By Job
	0  -  Total Bytes Sent By Job
	7584148  -  Total Bytes Received By Job
	Partitionable Resources :    Usage  Request Allocated 
	   Cpus                 :     0.96        4         4 
	   Disk (KB)            : 32876        7500     11127 
	   GPUs                 :                           0 
	   Memory (MB)          :    36       12000     12000 
	   TimeExecute (s)      :  8032                       
	   TimeSlotBusy (s)     :  8033                       

	Job terminated of its own accord at 2025-12-16T17:45:22Z with exit-code 0.
...
