000 (10610887.366.000) 12/16 07:14:31 Job submitted from host: <188.185.71.83:9618?addrs=188.185.71.83-9618+[2001-1458-d00-7--100-34d]-9618&alias=bigbird18.cern.ch&noUDP&sock=schedd_5052_d48c>
...
040 (10610887.366.000) 12/16 07:49:49 Started transferring input files
	Transferring to host: <188.185.196.50:9618?addrs=188.185.196.50-9618+[2001-1458-303-23--100-2e]-9618&alias=b9p16p7356.cern.ch&noUDP&sock=slot1_3_7735_c1d4_82723>
...
040 (10610887.366.000) 12/16 07:49:49 Finished transferring input files
...
001 (10610887.366.000) 12/16 07:49:49 Job executing on host: <188.185.196.50:9618?addrs=188.185.196.50-9618+[2001-1458-303-23--100-2e]-9618&alias=b9p16p7356.cern.ch&noUDP&sock=startd_6415_bc22>
	SlotName: slot1_3@b9p16p7356.cern.ch
	CondorScratchDir = "/pool/condor/dir_3640469"
	Cpus = 4
	Disk = 11065
	GPUs = 0
	Memory = 12000
...
006 (10610887.366.000) 12/16 07:50:03 Image size of job updated: 40068
	40  -  MemoryUsage of job (MB)
	40068  -  ResidentSetSize of job (KB)
...
006 (10610887.366.000) 12/16 07:55:04 Image size of job updated: 40488
	40  -  MemoryUsage of job (MB)
	40068  -  ResidentSetSize of job (KB)
...
006 (10610887.366.000) 12/16 10:21:22 Image size of job updated: 80272
	40  -  MemoryUsage of job (MB)
	40068  -  ResidentSetSize of job (KB)
...
040 (10610887.366.000) 12/16 10:21:25 Started transferring output files
...
040 (10610887.366.000) 12/16 10:21:25 Finished transferring output files
...
005 (10610887.366.000) 12/16 10:21:32 Job terminated.
	(1) Normal termination (return value 0)
		Usr 0 02:29:37, Sys 0 00:00:11  -  Run Remote Usage
		Usr 0 00:00:00, Sys 0 00:00:00  -  Run Local Usage
		Usr 0 02:29:37, Sys 0 00:00:11  -  Total Remote Usage
		Usr 0 00:00:00, Sys 0 00:00:00  -  Total Local Usage
	0  -  Run Bytes Sent By Job
	7584148  -  Run Bytes Received By Job
	0  -  Total Bytes Sent By Job
	7584148  -  Total Bytes Received By Job
	Partitionable Resources :    Usage  Request Allocated 
	   Cpus                 :     0.99        4         4 
	   Disk (KB)            : 33631        7500     11065 
	   GPUs                 :                           0 
	   Memory (MB)          :    40       12000     12000 
	   TimeExecute (s)      :  9093                       
	   TimeSlotBusy (s)     :  9097                       

	Job terminated of its own accord at 2025-12-16T09:21:22Z with exit-code 0.
...
