000 (10610887.590.000) 12/16 07:14:31 Job submitted from host: <188.185.71.83:9618?addrs=188.185.71.83-9618+[2001-1458-d00-7--100-34d]-9618&alias=bigbird18.cern.ch&noUDP&sock=schedd_5052_d48c>
...
040 (10610887.590.000) 12/16 07:54:34 Started transferring input files
	Transferring to host: <188.185.196.110:9618?addrs=188.185.196.110-9618+[2001-1458-303-23--100-6a]-9618&alias=b9p16p8302.cern.ch&noUDP&sock=slot1_27_5104_fac9_83685>
...
040 (10610887.590.000) 12/16 07:54:34 Finished transferring input files
...
001 (10610887.590.000) 12/16 07:54:34 Job executing on host: <188.185.196.110:9618?addrs=188.185.196.110-9618+[2001-1458-303-23--100-6a]-9618&alias=b9p16p8302.cern.ch&noUDP&sock=startd_4013_29a5>
	SlotName: slot1_27@b9p16p8302.cern.ch
	CondorScratchDir = "/pool/condor/dir_2098950"
	Cpus = 4
	Disk = 11026
	GPUs = 0
	Memory = 12000
...
006 (10610887.590.000) 12/16 07:54:48 Image size of job updated: 26724
	27  -  MemoryUsage of job (MB)
	26724  -  ResidentSetSize of job (KB)
...
006 (10610887.590.000) 12/16 07:59:49 Image size of job updated: 27144
	27  -  MemoryUsage of job (MB)
	26724  -  ResidentSetSize of job (KB)
...
040 (10610887.590.000) 12/16 10:41:59 Started transferring output files
...
040 (10610887.590.000) 12/16 10:41:59 Finished transferring output files
...
005 (10610887.590.000) 12/16 10:41:59 Job terminated.
	(1) Normal termination (return value 0)
		Usr 0 02:45:47, Sys 0 00:00:09  -  Run Remote Usage
		Usr 0 00:00:00, Sys 0 00:00:00  -  Run Local Usage
		Usr 0 02:45:47, Sys 0 00:00:09  -  Total Remote Usage
		Usr 0 00:00:00, Sys 0 00:00:00  -  Total Local Usage
	0  -  Run Bytes Sent By Job
	7584148  -  Run Bytes Received By Job
	0  -  Total Bytes Sent By Job
	7584148  -  Total Bytes Received By Job
	Partitionable Resources :    Usage  Request Allocated 
	   Cpus                 :     0.99        4         4 
	   Disk (KB)            : 32977        7500     11026 
	   GPUs                 :                           0 
	   Memory (MB)          :    27       12000     12000 
	   TimeExecute (s)      : 10044                       
	   TimeSlotBusy (s)     : 10046                       

	Job terminated of its own accord at 2025-12-16T09:41:58Z with exit-code 0.
...
