000 (10613550.822.000) 12/16 14:41:00 Job submitted from host: <188.185.71.83:9618?addrs=188.185.71.83-9618+[2001-1458-d00-7--100-34d]-9618&alias=bigbird18.cern.ch&noUDP&sock=schedd_5052_d48c>
...
040 (10613550.822.000) 12/16 16:51:11 Started transferring input files
	Transferring to host: <188.185.194.116:9618?addrs=188.185.194.116-9618+[2001-1458-303-21--100-70]-9618&alias=b9p20p7873.cern.ch&noUDP&sock=slot1_11_5407_7875_82110>
...
040 (10613550.822.000) 12/16 16:51:11 Finished transferring input files
...
001 (10613550.822.000) 12/16 16:51:11 Job executing on host: <188.185.194.116:9618?addrs=188.185.194.116-9618+[2001-1458-303-21--100-70]-9618&alias=b9p20p7873.cern.ch&noUDP&sock=startd_4289_79c9>
	SlotName: slot1_11@b9p20p7873.cern.ch
	CondorScratchDir = "/pool/condor/dir_1666356"
	Cpus = 4
	Disk = 11024
	GPUs = 0
	Memory = 12000
...
006 (10613550.822.000) 12/16 16:51:25 Image size of job updated: 38492
	38  -  MemoryUsage of job (MB)
	38492  -  ResidentSetSize of job (KB)
...
006 (10613550.822.000) 12/16 16:56:26 Image size of job updated: 38584
	38  -  MemoryUsage of job (MB)
	38492  -  ResidentSetSize of job (KB)
...
006 (10613550.822.000) 12/16 19:31:42 Image size of job updated: 119172
	117  -  MemoryUsage of job (MB)
	119172  -  ResidentSetSize of job (KB)
...
040 (10613550.822.000) 12/16 19:31:48 Started transferring output files
...
040 (10613550.822.000) 12/16 19:31:49 Finished transferring output files
...
005 (10613550.822.000) 12/16 19:31:49 Job terminated.
	(1) Normal termination (return value 0)
		Usr 0 02:39:02, Sys 0 00:00:07  -  Run Remote Usage
		Usr 0 00:00:00, Sys 0 00:00:00  -  Run Local Usage
		Usr 0 02:39:02, Sys 0 00:00:07  -  Total Remote Usage
		Usr 0 00:00:00, Sys 0 00:00:00  -  Total Local Usage
	0  -  Run Bytes Sent By Job
	7584148  -  Run Bytes Received By Job
	0  -  Total Bytes Sent By Job
	7584148  -  Total Bytes Received By Job
	Partitionable Resources :    Usage  Request Allocated 
	   Cpus                 :     0.99        4         4 
	   Disk (KB)            : 34222        7500     11024 
	   GPUs                 :                           0 
	   Memory (MB)          :   117       12000     12000 
	   TimeExecute (s)      :  9636                       
	   TimeSlotBusy (s)     :  9638                       

	Job terminated of its own accord at 2025-12-16T18:31:47Z with exit-code 0.
...
