000 (10610887.009.000) 12/16 07:14:30 Job submitted from host: <188.185.71.83:9618?addrs=188.185.71.83-9618+[2001-1458-d00-7--100-34d]-9618&alias=bigbird18.cern.ch&noUDP&sock=schedd_5052_d48c>
...
040 (10610887.009.000) 12/16 07:20:22 Started transferring input files
	Transferring to host: <188.185.205.216:9618?addrs=188.185.205.216-9618+[2001-1458-303-a--100-55]-9618&alias=b9p04p2069.cern.ch&noUDP&sock=slot1_7_6364_c37c_76927>
...
040 (10610887.009.000) 12/16 07:20:22 Finished transferring input files
...
001 (10610887.009.000) 12/16 07:20:22 Job executing on host: <188.185.205.216:9618?addrs=188.185.205.216-9618+[2001-1458-303-a--100-55]-9618&alias=b9p04p2069.cern.ch&noUDP&sock=startd_5470_8b22>
	SlotName: slot1_7@b9p04p2069.cern.ch
	CondorScratchDir = "/pool/condor/dir_2785685"
	Cpus = 4
	Disk = 10797
	GPUs = 0
	Memory = 12000
...
006 (10610887.009.000) 12/16 07:20:36 Image size of job updated: 43732
	43  -  MemoryUsage of job (MB)
	43732  -  ResidentSetSize of job (KB)
...
006 (10610887.009.000) 12/16 07:25:37 Image size of job updated: 44096
	43  -  MemoryUsage of job (MB)
	43732  -  ResidentSetSize of job (KB)
...
006 (10610887.009.000) 12/16 09:04:46 Image size of job updated: 124716
	43  -  MemoryUsage of job (MB)
	43732  -  ResidentSetSize of job (KB)
...
040 (10610887.009.000) 12/16 09:04:47 Started transferring output files
...
040 (10610887.009.000) 12/16 09:04:48 Finished transferring output files
...
005 (10610887.009.000) 12/16 09:04:48 Job terminated.
	(1) Normal termination (return value 0)
		Usr 0 01:42:37, Sys 0 00:00:11  -  Run Remote Usage
		Usr 0 00:00:00, Sys 0 00:00:00  -  Run Local Usage
		Usr 0 01:42:37, Sys 0 00:00:11  -  Total Remote Usage
		Usr 0 00:00:00, Sys 0 00:00:00  -  Total Local Usage
	0  -  Run Bytes Sent By Job
	7584148  -  Run Bytes Received By Job
	0  -  Total Bytes Sent By Job
	7584148  -  Total Bytes Received By Job
	Partitionable Resources :    Usage  Request Allocated 
	   Cpus                 :     0.98        4         4 
	   Disk (KB)            : 33005        7500     10797 
	   GPUs                 :                           0 
	   Memory (MB)          :    43       12000     12000 
	   TimeExecute (s)      :  6264                       
	   TimeSlotBusy (s)     :  6267                       

	Job terminated of its own accord at 2025-12-16T08:04:46Z with exit-code 0.
...
