000 (10610889.072.000) 12/16 07:15:00 Job submitted from host: <188.185.71.83:9618?addrs=188.185.71.83-9618+[2001-1458-d00-7--100-34d]-9618&alias=bigbird18.cern.ch&noUDP&sock=schedd_5052_d48c>
...
040 (10610889.072.000) 12/16 10:34:52 Started transferring input files
	Transferring to host: <188.185.193.58:9618?addrs=188.185.193.58-9618+[2001-1458-303-20--100-36]-9618&alias=b9p19p9651.cern.ch&noUDP&sock=slot1_9_8430_7290_81862>
...
040 (10610889.072.000) 12/16 10:34:52 Finished transferring input files
...
001 (10610889.072.000) 12/16 10:34:52 Job executing on host: <188.185.193.58:9618?addrs=188.185.193.58-9618+[2001-1458-303-20--100-36]-9618&alias=b9p19p9651.cern.ch&noUDP&sock=startd_7377_963e>
	SlotName: slot1_9@b9p19p9651.cern.ch
	CondorScratchDir = "/pool/condor/dir_712532"
	Cpus = 4
	Disk = 11101
	GPUs = 0
	Memory = 12000
...
006 (10610889.072.000) 12/16 10:35:06 Image size of job updated: 39536
	39  -  MemoryUsage of job (MB)
	39536  -  ResidentSetSize of job (KB)
...
006 (10610889.072.000) 12/16 10:40:07 Image size of job updated: 39956
	39  -  MemoryUsage of job (MB)
	39536  -  ResidentSetSize of job (KB)
...
006 (10610889.072.000) 12/16 13:13:38 Image size of job updated: 120492
	39  -  MemoryUsage of job (MB)
	39536  -  ResidentSetSize of job (KB)
...
040 (10610889.072.000) 12/16 13:13:39 Started transferring output files
...
040 (10610889.072.000) 12/16 13:13:40 Finished transferring output files
...
005 (10610889.072.000) 12/16 13:13:40 Job terminated.
	(1) Normal termination (return value 0)
		Usr 0 02:37:33, Sys 0 00:00:06  -  Run Remote Usage
		Usr 0 00:00:00, Sys 0 00:00:00  -  Run Local Usage
		Usr 0 02:37:33, Sys 0 00:00:06  -  Total Remote Usage
		Usr 0 00:00:00, Sys 0 00:00:00  -  Total Local Usage
	0  -  Run Bytes Sent By Job
	7584148  -  Run Bytes Received By Job
	0  -  Total Bytes Sent By Job
	7584148  -  Total Bytes Received By Job
	Partitionable Resources :    Usage  Request Allocated 
	   Cpus                 :     0.99        4         4 
	   Disk (KB)            : 32640        7500     11101 
	   GPUs                 :                           0 
	   Memory (MB)          :    39       12000     12000 
	   TimeExecute (s)      :  9526                       
	   TimeSlotBusy (s)     :  9528                       

	Job terminated of its own accord at 2025-12-16T12:13:38Z with exit-code 0.
...
