000 (10610887.520.000) 12/16 07:14:31 Job submitted from host: <188.185.71.83:9618?addrs=188.185.71.83-9618+[2001-1458-d00-7--100-34d]-9618&alias=bigbird18.cern.ch&noUDP&sock=schedd_5052_d48c>
...
040 (10610887.520.000) 12/16 07:50:46 Started transferring input files
	Transferring to host: <188.185.212.234:9618?addrs=188.185.212.234-9618+[2001-1458-303-19--100-66]-9618&alias=b9p26p5047.cern.ch&noUDP&sock=slot1_1_7264_e520_90393>
...
040 (10610887.520.000) 12/16 07:50:46 Finished transferring input files
...
001 (10610887.520.000) 12/16 07:50:46 Job executing on host: <188.185.212.234:9618?addrs=188.185.212.234-9618+[2001-1458-303-19--100-66]-9618&alias=b9p26p5047.cern.ch&noUDP&sock=startd_6666_e667>
	SlotName: slot1_1@b9p26p5047.cern.ch
	CondorScratchDir = "/pool/condor/dir_196305"
	Cpus = 4
	Disk = 10848
	GPUs = 0
	Memory = 12000
...
006 (10610887.520.000) 12/16 07:51:01 Image size of job updated: 44900
	44  -  MemoryUsage of job (MB)
	44900  -  ResidentSetSize of job (KB)
...
006 (10610887.520.000) 12/16 07:56:01 Image size of job updated: 45504
	45  -  MemoryUsage of job (MB)
	45504  -  ResidentSetSize of job (KB)
...
040 (10610887.520.000) 12/16 11:51:24 Started transferring output files
...
040 (10610887.520.000) 12/16 11:51:25 Finished transferring output files
...
021 (10610887.520.000) 12/16 11:51:25 Error from starter on slot1_1@b9p26p5047.cern.ch:
	STARTER at 188.185.212.234 failed to send file(s) to <188.185.71.83:9618>: |Error: reading from file /pool/condor/dir_196305/chunk520.lhe: (errno 2) No such file or directory; SHADOW failed to receive file(s) from <188.185.212.234:38703>
	Code 13 Subcode 2
...
004 (10610887.520.000) 12/16 11:51:25 Job was evicted.
	(0) CPU times
		Usr 0 03:45:07, Sys 0 00:00:44  -  Run Remote Usage
		Usr 0 00:00:00, Sys 0 00:00:00  -  Run Local Usage
	1294206  -  Run Bytes Sent By Job
	7584148  -  Run Bytes Received By Job
	Transfer output files failure at execution point slot1_1@b9p26p5047.cern.ch while sending files to access point bigbird18. Details: reading from file /pool/condor/dir_196305/chunk520.lhe: (errno 2) No such file or directory
	Partitionable Resources :    Usage  Request Allocated 
	   Cpus                 :     0.95        4         4 
	   Disk (KB)            : 15602        7500     10848 
	   GPUs                 :                           0 
	   Memory (MB)          :    45       12000     12000 
	   TimeExecute (s)      : 14438                       
	   TimeSlotBusy (s)     : 14441                       
...
012 (10610887.520.000) 12/16 11:51:25 Job was held.
	Transfer output files failure at execution point slot1_1@b9p26p5047.cern.ch while sending files to access point bigbird18. Details: reading from file /pool/condor/dir_196305/chunk520.lhe: (errno 2) No such file or directory
	Code 12 Subcode 2
...
009 (10610887.520.000) 12/16 13:12:41 Job was aborted.
	via condor_rm (by user shuangyu)
...
