000 (10613550.687.000) 12/16 14:41:00 Job submitted from host: <188.185.71.83:9618?addrs=188.185.71.83-9618+[2001-1458-d00-7--100-34d]-9618&alias=bigbird18.cern.ch&noUDP&sock=schedd_5052_d48c>
...
040 (10613550.687.000) 12/16 16:47:22 Started transferring input files
	Transferring to host: <188.185.215.36:9618?addrs=188.185.215.36-9618+[2001-1458-303-1e--100-20]-9618&alias=b9p31p9360.cern.ch&noUDP&sock=slot1_19_1538403_d578_12255>
...
040 (10613550.687.000) 12/16 16:47:22 Finished transferring input files
...
001 (10613550.687.000) 12/16 16:47:22 Job executing on host: <188.185.215.36:9618?addrs=188.185.215.36-9618+[2001-1458-303-1e--100-20]-9618&alias=b9p31p9360.cern.ch&noUDP&sock=startd_4780_42c9>
	SlotName: slot1_19@b9p31p9360.cern.ch
	CondorScratchDir = "/pool/condor/dir_3548303"
	Cpus = 4
	Disk = 10926
	GPUs = 0
	Memory = 12000
...
006 (10613550.687.000) 12/16 16:47:36 Image size of job updated: 42092
	42  -  MemoryUsage of job (MB)
	42092  -  ResidentSetSize of job (KB)
...
006 (10613550.687.000) 12/16 16:52:36 Image size of job updated: 42492
	42  -  MemoryUsage of job (MB)
	42092  -  ResidentSetSize of job (KB)
...
040 (10613550.687.000) 12/16 17:57:07 Started transferring output files
...
040 (10613550.687.000) 12/16 17:57:07 Finished transferring output files
...
005 (10613550.687.000) 12/16 17:57:07 Job terminated.
	(1) Normal termination (return value 0)
		Usr 0 01:08:56, Sys 0 00:00:04  -  Run Remote Usage
		Usr 0 00:00:00, Sys 0 00:00:00  -  Run Local Usage
		Usr 0 01:08:56, Sys 0 00:00:04  -  Total Remote Usage
		Usr 0 00:00:00, Sys 0 00:00:00  -  Total Local Usage
	0  -  Run Bytes Sent By Job
	7584148  -  Run Bytes Received By Job
	0  -  Total Bytes Sent By Job
	7584148  -  Total Bytes Received By Job
	Partitionable Resources :    Usage  Request Allocated 
	   Cpus                 :     0.99        4         4 
	   Disk (KB)            : 32015        7500     10926 
	   GPUs                 :                           0 
	   Memory (MB)          :    42       12000     12000 
	   TimeExecute (s)      :  4184                       
	   TimeSlotBusy (s)     :  4185                       

	Job terminated of its own accord at 2025-12-16T16:57:06Z with exit-code 0.
...
