000 (10610889.190.000) 12/16 07:15:00 Job submitted from host: <188.185.71.83:9618?addrs=188.185.71.83-9618+[2001-1458-d00-7--100-34d]-9618&alias=bigbird18.cern.ch&noUDP&sock=schedd_5052_d48c>
...
040 (10610889.190.000) 12/16 13:31:26 Started transferring input files
	Transferring to host: <188.185.210.175:9618?addrs=188.185.210.175-9618+[2001-1458-303-15--100-2b]-9618&alias=b9p22p5637.cern.ch&noUDP&sock=slot1_18_3832953_e233_13852>
...
040 (10610889.190.000) 12/16 13:31:26 Finished transferring input files
...
001 (10610889.190.000) 12/16 13:31:26 Job executing on host: <188.185.210.175:9618?addrs=188.185.210.175-9618+[2001-1458-303-15--100-2b]-9618&alias=b9p22p5637.cern.ch&noUDP&sock=startd_3896_e911>
	SlotName: slot1_18@b9p22p5637.cern.ch
	CondorScratchDir = "/pool/condor/dir_3347954"
	Cpus = 4
	Disk = 10994
	GPUs = 0
	Memory = 12000
...
006 (10610889.190.000) 12/16 13:31:40 Image size of job updated: 38088
	38  -  MemoryUsage of job (MB)
	38088  -  ResidentSetSize of job (KB)
...
006 (10610889.190.000) 12/16 13:36:41 Image size of job updated: 38508
	38  -  MemoryUsage of job (MB)
	38088  -  ResidentSetSize of job (KB)
...
006 (10610889.190.000) 12/16 15:00:22 Image size of job updated: 123024
	38  -  MemoryUsage of job (MB)
	38088  -  ResidentSetSize of job (KB)
...
040 (10610889.190.000) 12/16 15:00:23 Started transferring output files
...
040 (10610889.190.000) 12/16 15:00:23 Finished transferring output files
...
005 (10610889.190.000) 12/16 15:00:23 Job terminated.
	(1) Normal termination (return value 0)
		Usr 0 01:27:33, Sys 0 00:00:11  -  Run Remote Usage
		Usr 0 00:00:00, Sys 0 00:00:00  -  Run Local Usage
		Usr 0 01:27:33, Sys 0 00:00:11  -  Total Remote Usage
		Usr 0 00:00:00, Sys 0 00:00:00  -  Total Local Usage
	0  -  Run Bytes Sent By Job
	7584148  -  Run Bytes Received By Job
	0  -  Total Bytes Sent By Job
	7584148  -  Total Bytes Received By Job
	Partitionable Resources :    Usage  Request Allocated 
	   Cpus                 :     0.99        4         4 
	   Disk (KB)            : 33770        7500     10994 
	   GPUs                 :                           0 
	   Memory (MB)          :    38       12000     12000 
	   TimeExecute (s)      :  5336                       
	   TimeSlotBusy (s)     :  5338                       

	Job terminated of its own accord at 2025-12-16T14:00:22Z with exit-code 0.
...
