000 (10613550.395.000) 12/16 14:40:59 Job submitted from host: <188.185.71.83:9618?addrs=188.185.71.83-9618+[2001-1458-d00-7--100-34d]-9618&alias=bigbird18.cern.ch&noUDP&sock=schedd_5052_d48c>
...
040 (10613550.395.000) 12/16 16:01:33 Started transferring input files
	Transferring to host: <188.185.212.203:9618?addrs=188.185.212.203-9618+[2001-1458-303-19--100-47]-9618&alias=b9p26p5206.cern.ch&noUDP&sock=slot1_5_4162_4162_91913>
...
040 (10613550.395.000) 12/16 16:01:33 Finished transferring input files
...
001 (10613550.395.000) 12/16 16:01:33 Job executing on host: <188.185.212.203:9618?addrs=188.185.212.203-9618+[2001-1458-303-19--100-47]-9618&alias=b9p26p5206.cern.ch&noUDP&sock=startd_3554_53ad>
	SlotName: slot1_5@b9p26p5206.cern.ch
	CondorScratchDir = "/pool/condor/dir_3305738"
	Cpus = 4
	Disk = 11069
	GPUs = 0
	Memory = 12000
...
006 (10613550.395.000) 12/16 16:01:47 Image size of job updated: 30104
	30  -  MemoryUsage of job (MB)
	30104  -  ResidentSetSize of job (KB)
...
006 (10613550.395.000) 12/16 16:06:48 Image size of job updated: 30196
	30  -  MemoryUsage of job (MB)
	30104  -  ResidentSetSize of job (KB)
...
006 (10613550.395.000) 12/16 17:31:50 Image size of job updated: 118744
	30  -  MemoryUsage of job (MB)
	30104  -  ResidentSetSize of job (KB)
...
040 (10613550.395.000) 12/16 17:31:50 Started transferring output files
...
040 (10613550.395.000) 12/16 17:31:51 Finished transferring output files
...
005 (10613550.395.000) 12/16 17:31:51 Job terminated.
	(1) Normal termination (return value 0)
		Usr 0 01:28:59, Sys 0 00:00:13  -  Run Remote Usage
		Usr 0 00:00:00, Sys 0 00:00:00  -  Run Local Usage
		Usr 0 01:28:59, Sys 0 00:00:13  -  Total Remote Usage
		Usr 0 00:00:00, Sys 0 00:00:00  -  Total Local Usage
	0  -  Run Bytes Sent By Job
	7584148  -  Run Bytes Received By Job
	0  -  Total Bytes Sent By Job
	7584148  -  Total Bytes Received By Job
	Partitionable Resources :    Usage  Request Allocated 
	   Cpus                 :     0.99        4         4 
	   Disk (KB)            : 33453        7500     11069 
	   GPUs                 :                           0 
	   Memory (MB)          :    30       12000     12000 
	   TimeExecute (s)      :  5417                       
	   TimeSlotBusy (s)     :  5418                       

	Job terminated of its own accord at 2025-12-16T16:31:50Z with exit-code 0.
...
