000 (10610888.949.000) 12/16 07:14:45 Job submitted from host: <188.185.71.83:9618?addrs=188.185.71.83-9618+[2001-1458-d00-7--100-34d]-9618&alias=bigbird18.cern.ch&noUDP&sock=schedd_5052_d48c>
...
040 (10610888.949.000) 12/16 10:03:42 Started transferring input files
	Transferring to host: <128.142.192.139:9618?addrs=128.142.192.139-9618+[2001-1458-301-56--100-7]-9618&alias=b9g18p5436.cern.ch&noUDP&sock=slot1_4_5373_83b4_89332>
...
040 (10610888.949.000) 12/16 10:03:42 Finished transferring input files
...
001 (10610888.949.000) 12/16 10:03:42 Job executing on host: <128.142.192.139:9618?addrs=128.142.192.139-9618+[2001-1458-301-56--100-7]-9618&alias=b9g18p5436.cern.ch&noUDP&sock=startd_4356_6ea2>
	SlotName: slot1_4@b9g18p5436.cern.ch
	CondorScratchDir = "/pool/condor/dir_1477728"
	Cpus = 4
	Disk = 10996
	GPUs = 0
	Memory = 12000
...
006 (10610888.949.000) 12/16 10:03:55 Image size of job updated: 38892
	38  -  MemoryUsage of job (MB)
	38892  -  ResidentSetSize of job (KB)
...
006 (10610888.949.000) 12/16 10:08:55 Image size of job updated: 39248
	38  -  MemoryUsage of job (MB)
	38892  -  ResidentSetSize of job (KB)
...
040 (10610888.949.000) 12/16 11:39:05 Started transferring output files
...
040 (10610888.949.000) 12/16 11:39:06 Finished transferring output files
...
005 (10610888.949.000) 12/16 11:39:06 Job terminated.
	(1) Normal termination (return value 0)
		Usr 0 01:34:41, Sys 0 00:00:06  -  Run Remote Usage
		Usr 0 00:00:00, Sys 0 00:00:00  -  Run Local Usage
		Usr 0 01:34:41, Sys 0 00:00:06  -  Total Remote Usage
		Usr 0 00:00:00, Sys 0 00:00:00  -  Total Local Usage
	0  -  Run Bytes Sent By Job
	7584148  -  Run Bytes Received By Job
	0  -  Total Bytes Sent By Job
	7584148  -  Total Bytes Received By Job
	Partitionable Resources :    Usage  Request Allocated 
	   Cpus                 :     1.00        4         4 
	   Disk (KB)            : 32637        7500     10996 
	   GPUs                 :                           0 
	   Memory (MB)          :    38       12000     12000 
	   TimeExecute (s)      :  5723                       
	   TimeSlotBusy (s)     :  5724                       

	Job terminated of its own accord at 2025-12-16T10:39:05Z with exit-code 0.
...
