000 (10613549.463.000) 12/16 14:40:45 Job submitted from host: <188.185.71.83:9618?addrs=188.185.71.83-9618+[2001-1458-d00-7--100-34d]-9618&alias=bigbird18.cern.ch&noUDP&sock=schedd_5052_d48c>
...
040 (10613549.463.000) 12/16 15:30:08 Started transferring input files
	Transferring to host: <188.185.213.46:9618?addrs=188.185.213.46-9618+[2001-1458-303-1a--100-2a]-9618&alias=b9p27p1148.cern.ch&noUDP&sock=slot1_11_6480_7f01_94845>
...
040 (10613549.463.000) 12/16 15:30:08 Finished transferring input files
...
001 (10613549.463.000) 12/16 15:30:08 Job executing on host: <188.185.213.46:9618?addrs=188.185.213.46-9618+[2001-1458-303-1a--100-2a]-9618&alias=b9p27p1148.cern.ch&noUDP&sock=startd_5659_2e89>
	SlotName: slot1_11@b9p27p1148.cern.ch
	CondorScratchDir = "/pool/condor/dir_2409813"
	Cpus = 4
	Disk = 10923
	GPUs = 0
	Memory = 12000
...
006 (10613549.463.000) 12/16 15:30:22 Image size of job updated: 26712
	27  -  MemoryUsage of job (MB)
	26712  -  ResidentSetSize of job (KB)
...
006 (10613549.463.000) 12/16 15:35:23 Image size of job updated: 27132
	27  -  MemoryUsage of job (MB)
	26712  -  ResidentSetSize of job (KB)
...
006 (10613549.463.000) 12/16 16:59:31 Image size of job updated: 118464
	27  -  MemoryUsage of job (MB)
	26712  -  ResidentSetSize of job (KB)
...
040 (10613549.463.000) 12/16 16:59:32 Started transferring output files
...
040 (10613549.463.000) 12/16 16:59:32 Finished transferring output files
...
005 (10613549.463.000) 12/16 16:59:32 Job terminated.
	(1) Normal termination (return value 0)
		Usr 0 01:28:21, Sys 0 00:00:08  -  Run Remote Usage
		Usr 0 00:00:00, Sys 0 00:00:00  -  Run Local Usage
		Usr 0 01:28:21, Sys 0 00:00:08  -  Total Remote Usage
		Usr 0 00:00:00, Sys 0 00:00:00  -  Total Local Usage
	0  -  Run Bytes Sent By Job
	7584148  -  Run Bytes Received By Job
	0  -  Total Bytes Sent By Job
	7584148  -  Total Bytes Received By Job
	Partitionable Resources :    Usage  Request Allocated 
	   Cpus                 :     0.99        4         4 
	   Disk (KB)            : 32690        7500     10923 
	   GPUs                 :                           0 
	   Memory (MB)          :    27       12000     12000 
	   TimeExecute (s)      :  5363                       
	   TimeSlotBusy (s)     :  5364                       

	Job terminated of its own accord at 2025-12-16T15:59:31Z with exit-code 0.
...
