000 (10610889.094.000) 12/16 07:15:00 Job submitted from host: <188.185.71.83:9618?addrs=188.185.71.83-9618+[2001-1458-d00-7--100-34d]-9618&alias=bigbird18.cern.ch&noUDP&sock=schedd_5052_d48c>
...
040 (10610889.094.000) 12/16 10:42:54 Started transferring input files
	Transferring to host: <188.185.194.163:9618?addrs=188.185.194.163-9618+[2001-1458-303-21--100-9f]-9618&alias=b9p20p3182.cern.ch&noUDP&sock=slot1_7_7650_ddf0_82795>
...
040 (10610889.094.000) 12/16 10:42:54 Finished transferring input files
...
001 (10610889.094.000) 12/16 10:42:54 Job executing on host: <188.185.194.163:9618?addrs=188.185.194.163-9618+[2001-1458-303-21--100-9f]-9618&alias=b9p20p3182.cern.ch&noUDP&sock=startd_6336_8c27>
	SlotName: slot1_7@b9p20p3182.cern.ch
	CondorScratchDir = "/pool/condor/dir_1523150"
	Cpus = 4
	Disk = 11039
	GPUs = 0
	Memory = 12000
...
006 (10610889.094.000) 12/16 10:43:08 Image size of job updated: 40052
	40  -  MemoryUsage of job (MB)
	40052  -  ResidentSetSize of job (KB)
...
006 (10610889.094.000) 12/16 10:48:09 Image size of job updated: 40472
	40  -  MemoryUsage of job (MB)
	40052  -  ResidentSetSize of job (KB)
...
006 (10610889.094.000) 12/16 13:28:49 Image size of job updated: 121000
	40  -  MemoryUsage of job (MB)
	40052  -  ResidentSetSize of job (KB)
...
040 (10610889.094.000) 12/16 13:28:50 Started transferring output files
...
040 (10610889.094.000) 12/16 13:28:50 Finished transferring output files
...
005 (10610889.094.000) 12/16 13:28:50 Job terminated.
	(1) Normal termination (return value 0)
		Usr 0 02:44:21, Sys 0 00:00:07  -  Run Remote Usage
		Usr 0 00:00:00, Sys 0 00:00:00  -  Run Local Usage
		Usr 0 02:44:21, Sys 0 00:00:07  -  Total Remote Usage
		Usr 0 00:00:00, Sys 0 00:00:00  -  Total Local Usage
	0  -  Run Bytes Sent By Job
	7584148  -  Run Bytes Received By Job
	0  -  Total Bytes Sent By Job
	7584148  -  Total Bytes Received By Job
	Partitionable Resources :    Usage  Request Allocated 
	   Cpus                 :     0.99        4         4 
	   Disk (KB)            : 33862        7500     11039 
	   GPUs                 :                           0 
	   Memory (MB)          :    40       12000     12000 
	   TimeExecute (s)      :  9955                       
	   TimeSlotBusy (s)     :  9956                       

	Job terminated of its own accord at 2025-12-16T12:28:49Z with exit-code 0.
...
