000 (10610887.029.000) 12/16 07:14:31 Job submitted from host: <188.185.71.83:9618?addrs=188.185.71.83-9618+[2001-1458-d00-7--100-34d]-9618&alias=bigbird18.cern.ch&noUDP&sock=schedd_5052_d48c>
...
040 (10610887.029.000) 12/16 07:20:27 Started transferring input files
	Transferring to host: <188.185.209.83:9618?addrs=188.185.209.83-9618+[2001-1458-303-11--100-50]-9618&alias=b9p11p6576.cern.ch&noUDP&sock=slot1_9_1110757_8a4a_10006>
...
040 (10610887.029.000) 12/16 07:20:27 Finished transferring input files
...
001 (10610887.029.000) 12/16 07:20:27 Job executing on host: <188.185.209.83:9618?addrs=188.185.209.83-9618+[2001-1458-303-11--100-50]-9618&alias=b9p11p6576.cern.ch&noUDP&sock=startd_3651_dc5d>
	SlotName: slot1_9@b9p11p6576.cern.ch
	CondorScratchDir = "/pool/condor/dir_3779137"
	Cpus = 4
	Disk = 10893
	GPUs = 0
	Memory = 12000
...
006 (10610887.029.000) 12/16 07:20:41 Image size of job updated: 41632
	41  -  MemoryUsage of job (MB)
	41632  -  ResidentSetSize of job (KB)
...
006 (10610887.029.000) 12/16 07:25:42 Image size of job updated: 42012
	41  -  MemoryUsage of job (MB)
	41632  -  ResidentSetSize of job (KB)
...
006 (10610887.029.000) 12/16 09:00:00 Image size of job updated: 122656
	41  -  MemoryUsage of job (MB)
	41632  -  ResidentSetSize of job (KB)
...
040 (10610887.029.000) 12/16 09:00:00 Started transferring output files
...
040 (10610887.029.000) 12/16 09:00:01 Finished transferring output files
...
005 (10610887.029.000) 12/16 09:00:01 Job terminated.
	(1) Normal termination (return value 0)
		Usr 0 01:36:35, Sys 0 00:00:11  -  Run Remote Usage
		Usr 0 00:00:00, Sys 0 00:00:00  -  Run Local Usage
		Usr 0 01:36:35, Sys 0 00:00:11  -  Total Remote Usage
		Usr 0 00:00:00, Sys 0 00:00:00  -  Total Local Usage
	0  -  Run Bytes Sent By Job
	7584148  -  Run Bytes Received By Job
	0  -  Total Bytes Sent By Job
	7584148  -  Total Bytes Received By Job
	Partitionable Resources :    Usage  Request Allocated 
	   Cpus                 :     0.97        4         4 
	   Disk (KB)            : 32857        7500     10893 
	   GPUs                 :                           0 
	   Memory (MB)          :    41       12000     12000 
	   TimeExecute (s)      :  5973                       
	   TimeSlotBusy (s)     :  5974                       

	Job terminated of its own accord at 2025-12-16T08:00:00Z with exit-code 0.
...
