000 (10610887.430.000) 12/16 07:14:31 Job submitted from host: <188.185.71.83:9618?addrs=188.185.71.83-9618+[2001-1458-d00-7--100-34d]-9618&alias=bigbird18.cern.ch&noUDP&sock=schedd_5052_d48c>
...
040 (10610887.430.000) 12/16 07:50:07 Started transferring input files
	Transferring to host: <188.185.208.141:9618?addrs=188.185.208.141-9618+[2001-1458-303-10--100-a]-9618&alias=b9p10p2306.cern.ch&noUDP&sock=slot1_22_4919_a161_86172>
...
040 (10610887.430.000) 12/16 07:50:07 Finished transferring input files
...
001 (10610887.430.000) 12/16 07:50:07 Job executing on host: <188.185.208.141:9618?addrs=188.185.208.141-9618+[2001-1458-303-10--100-a]-9618&alias=b9p10p2306.cern.ch&noUDP&sock=startd_4181_658f>
	SlotName: slot1_22@b9p10p2306.cern.ch
	CondorScratchDir = "/pool/condor/dir_1145767"
	Cpus = 4
	Disk = 10856
	GPUs = 0
	Memory = 12000
...
006 (10610887.430.000) 12/16 07:50:21 Image size of job updated: 43012
	43  -  MemoryUsage of job (MB)
	43012  -  ResidentSetSize of job (KB)
...
006 (10610887.430.000) 12/16 07:55:22 Image size of job updated: 43044
	43  -  MemoryUsage of job (MB)
	43012  -  ResidentSetSize of job (KB)
...
006 (10610887.430.000) 12/16 09:31:09 Image size of job updated: 123592
	43  -  MemoryUsage of job (MB)
	43012  -  ResidentSetSize of job (KB)
...
040 (10610887.430.000) 12/16 09:31:10 Started transferring output files
...
040 (10610887.430.000) 12/16 09:31:10 Finished transferring output files
...
005 (10610887.430.000) 12/16 09:31:10 Job terminated.
	(1) Normal termination (return value 0)
		Usr 0 01:39:34, Sys 0 00:00:08  -  Run Remote Usage
		Usr 0 00:00:00, Sys 0 00:00:00  -  Run Local Usage
		Usr 0 01:39:34, Sys 0 00:00:08  -  Total Remote Usage
		Usr 0 00:00:00, Sys 0 00:00:00  -  Total Local Usage
	0  -  Run Bytes Sent By Job
	7584148  -  Run Bytes Received By Job
	0  -  Total Bytes Sent By Job
	7584148  -  Total Bytes Received By Job
	Partitionable Resources :    Usage  Request Allocated 
	   Cpus                 :     0.99        4         4 
	   Disk (KB)            : 32909        7500     10856 
	   GPUs                 :                           0 
	   Memory (MB)          :    43       12000     12000 
	   TimeExecute (s)      :  6062                       
	   TimeSlotBusy (s)     :  6064                       

	Job terminated of its own accord at 2025-12-16T08:31:09Z with exit-code 0.
...
