000 (10610888.710.000) 12/16 07:14:44 Job submitted from host: <188.185.71.83:9618?addrs=188.185.71.83-9618+[2001-1458-d00-7--100-34d]-9618&alias=bigbird18.cern.ch&noUDP&sock=schedd_5052_d48c>
...
040 (10610888.710.000) 12/16 09:36:36 Started transferring input files
	Transferring to host: <188.185.211.235:9618?addrs=188.185.211.235-9618+[2001-1458-303-17--100-67]-9618&alias=b9p24p7837.cern.ch&noUDP&sock=slot1_7_6348_7d7b_94191>
...
040 (10610888.710.000) 12/16 09:36:36 Finished transferring input files
...
001 (10610888.710.000) 12/16 09:36:36 Job executing on host: <188.185.211.235:9618?addrs=188.185.211.235-9618+[2001-1458-303-17--100-67]-9618&alias=b9p24p7837.cern.ch&noUDP&sock=startd_5555_d8af>
	SlotName: slot1_7@b9p24p7837.cern.ch
	CondorScratchDir = "/pool/condor/dir_483023"
	Cpus = 4
	Disk = 10900
	GPUs = 0
	Memory = 12000
...
006 (10610888.710.000) 12/16 09:36:50 Image size of job updated: 40052
	40  -  MemoryUsage of job (MB)
	40052  -  ResidentSetSize of job (KB)
...
006 (10610888.710.000) 12/16 09:41:51 Image size of job updated: 40472
	40  -  MemoryUsage of job (MB)
	40052  -  ResidentSetSize of job (KB)
...
006 (10610888.710.000) 12/16 10:52:13 Image size of job updated: 120992
	40  -  MemoryUsage of job (MB)
	40052  -  ResidentSetSize of job (KB)
...
040 (10610888.710.000) 12/16 10:52:14 Started transferring output files
...
040 (10610888.710.000) 12/16 10:52:14 Finished transferring output files
...
005 (10610888.710.000) 12/16 10:52:14 Job terminated.
	(1) Normal termination (return value 0)
		Usr 0 01:14:50, Sys 0 00:00:06  -  Run Remote Usage
		Usr 0 00:00:00, Sys 0 00:00:00  -  Run Local Usage
		Usr 0 01:14:50, Sys 0 00:00:06  -  Total Remote Usage
		Usr 0 00:00:00, Sys 0 00:00:00  -  Total Local Usage
	0  -  Run Bytes Sent By Job
	7584148  -  Run Bytes Received By Job
	0  -  Total Bytes Sent By Job
	7584148  -  Total Bytes Received By Job
	Partitionable Resources :    Usage  Request Allocated 
	   Cpus                 :     0.99        4         4 
	   Disk (KB)            : 32811        7500     10900 
	   GPUs                 :                           0 
	   Memory (MB)          :    40       12000     12000 
	   TimeExecute (s)      :  4537                       
	   TimeSlotBusy (s)     :  4538                       

	Job terminated of its own accord at 2025-12-16T09:52:13Z with exit-code 0.
...
