000 (10610888.361.000) 12/16 07:14:44 Job submitted from host: <188.185.71.83:9618?addrs=188.185.71.83-9618+[2001-1458-d00-7--100-34d]-9618&alias=bigbird18.cern.ch&noUDP&sock=schedd_5052_d48c>
...
040 (10610888.361.000) 12/16 09:19:46 Started transferring input files
	Transferring to host: <188.185.210.143:9618?addrs=188.185.210.143-9618+[2001-1458-303-15--100-b]-9618&alias=b9p22p5953.cern.ch&noUDP&sock=slot1_11_7814_6b77_90042>
...
040 (10610888.361.000) 12/16 09:19:46 Finished transferring input files
...
001 (10610888.361.000) 12/16 09:19:46 Job executing on host: <188.185.210.143:9618?addrs=188.185.210.143-9618+[2001-1458-303-15--100-b]-9618&alias=b9p22p5953.cern.ch&noUDP&sock=startd_7166_dbc2>
	SlotName: slot1_11@b9p22p5953.cern.ch
	CondorScratchDir = "/pool/condor/dir_3310694"
	Cpus = 4
	Disk = 11123
	GPUs = 0
	Memory = 12000
...
006 (10610888.361.000) 12/16 09:20:00 Image size of job updated: 40016
	40  -  MemoryUsage of job (MB)
	40016  -  ResidentSetSize of job (KB)
...
006 (10610888.361.000) 12/16 09:25:01 Image size of job updated: 40436
	40  -  MemoryUsage of job (MB)
	40016  -  ResidentSetSize of job (KB)
...
006 (10610888.361.000) 12/16 10:42:13 Image size of job updated: 120968
	40  -  MemoryUsage of job (MB)
	40016  -  ResidentSetSize of job (KB)
...
040 (10610888.361.000) 12/16 10:42:13 Started transferring output files
...
040 (10610888.361.000) 12/16 10:42:14 Finished transferring output files
...
005 (10610888.361.000) 12/16 10:42:14 Job terminated.
	(1) Normal termination (return value 0)
		Usr 0 01:21:28, Sys 0 00:00:05  -  Run Remote Usage
		Usr 0 00:00:00, Sys 0 00:00:00  -  Run Local Usage
		Usr 0 01:21:28, Sys 0 00:00:05  -  Total Remote Usage
		Usr 0 00:00:00, Sys 0 00:00:00  -  Total Local Usage
	0  -  Run Bytes Sent By Job
	7584148  -  Run Bytes Received By Job
	0  -  Total Bytes Sent By Job
	7584148  -  Total Bytes Received By Job
	Partitionable Resources :    Usage  Request Allocated 
	   Cpus                 :     0.99        4         4 
	   Disk (KB)            : 33353        7500     11123 
	   GPUs                 :                           0 
	   Memory (MB)          :    40       12000     12000 
	   TimeExecute (s)      :  4947                       
	   TimeSlotBusy (s)     :  4948                       

	Job terminated of its own accord at 2025-12-16T09:42:13Z with exit-code 0.
...
