000 (10610888.291.000) 12/16 07:14:44 Job submitted from host: <188.185.71.83:9618?addrs=188.185.71.83-9618+[2001-1458-d00-7--100-34d]-9618&alias=bigbird18.cern.ch&noUDP&sock=schedd_5052_d48c>
...
040 (10610888.291.000) 12/16 09:14:48 Started transferring input files
	Transferring to host: <188.185.204.178:9618?addrs=188.185.204.178-9618+[2001-1458-303-8--100-a6]-9618&alias=b9p02p0616.cern.ch&noUDP&sock=slot1_12_5912_49e9_87298>
...
040 (10610888.291.000) 12/16 09:14:48 Finished transferring input files
...
001 (10610888.291.000) 12/16 09:14:48 Job executing on host: <188.185.204.178:9618?addrs=188.185.204.178-9618+[2001-1458-303-8--100-a6]-9618&alias=b9p02p0616.cern.ch&noUDP&sock=startd_4891_65cd>
	SlotName: slot1_12@b9p02p0616.cern.ch
	CondorScratchDir = "/pool/condor/dir_3461710"
	Cpus = 4
	Disk = 11099
	GPUs = 0
	Memory = 12000
...
006 (10610888.291.000) 12/16 09:15:02 Image size of job updated: 40064
	40  -  MemoryUsage of job (MB)
	40064  -  ResidentSetSize of job (KB)
...
006 (10610888.291.000) 12/16 09:20:02 Image size of job updated: 40472
	40  -  MemoryUsage of job (MB)
	40064  -  ResidentSetSize of job (KB)
...
006 (10610888.291.000) 12/16 10:37:55 Image size of job updated: 121088
	40  -  MemoryUsage of job (MB)
	40064  -  ResidentSetSize of job (KB)
...
040 (10610888.291.000) 12/16 10:37:56 Started transferring output files
...
040 (10610888.291.000) 12/16 10:37:56 Finished transferring output files
...
005 (10610888.291.000) 12/16 10:37:56 Job terminated.
	(1) Normal termination (return value 0)
		Usr 0 01:21:57, Sys 0 00:00:06  -  Run Remote Usage
		Usr 0 00:00:00, Sys 0 00:00:00  -  Run Local Usage
		Usr 0 01:21:57, Sys 0 00:00:06  -  Total Remote Usage
		Usr 0 00:00:00, Sys 0 00:00:00  -  Total Local Usage
	0  -  Run Bytes Sent By Job
	7584148  -  Run Bytes Received By Job
	0  -  Total Bytes Sent By Job
	7584148  -  Total Bytes Received By Job
	Partitionable Resources :    Usage  Request Allocated 
	   Cpus                 :     0.99        4         4 
	   Disk (KB)            : 33520        7500     11099 
	   GPUs                 :                           0 
	   Memory (MB)          :    40       12000     12000 
	   TimeExecute (s)      :  4987                       
	   TimeSlotBusy (s)     :  4988                       

	Job terminated of its own accord at 2025-12-16T09:37:55Z with exit-code 0.
...
