000 (10610889.302.000) 12/16 07:15:00 Job submitted from host: <188.185.71.83:9618?addrs=188.185.71.83-9618+[2001-1458-d00-7--100-34d]-9618&alias=bigbird18.cern.ch&noUDP&sock=schedd_5052_d48c>
...
040 (10610889.302.000) 12/16 13:31:51 Started transferring input files
	Transferring to host: <188.185.210.77:9618?addrs=188.185.210.77-9618+[2001-1458-303-1--100-49]-9618&alias=b9p21p5402.cern.ch&noUDP&sock=slot1_8_11009_9619_90752>
...
040 (10610889.302.000) 12/16 13:31:51 Finished transferring input files
...
001 (10610889.302.000) 12/16 13:31:51 Job executing on host: <188.185.210.77:9618?addrs=188.185.210.77-9618+[2001-1458-303-1--100-49]-9618&alias=b9p21p5402.cern.ch&noUDP&sock=startd_10652_f6e8>
	SlotName: slot1_8@b9p21p5402.cern.ch
	CondorScratchDir = "/pool/condor/dir_3762558"
	Cpus = 4
	Disk = 11044
	GPUs = 0
	Memory = 12000
...
006 (10610889.302.000) 12/16 13:32:05 Image size of job updated: 25276
	25  -  MemoryUsage of job (MB)
	25276  -  ResidentSetSize of job (KB)
...
006 (10610889.302.000) 12/16 13:37:06 Image size of job updated: 25368
	25  -  MemoryUsage of job (MB)
	25276  -  ResidentSetSize of job (KB)
...
040 (10610889.302.000) 12/16 15:14:06 Started transferring output files
...
040 (10610889.302.000) 12/16 15:14:06 Finished transferring output files
...
005 (10610889.302.000) 12/16 15:14:06 Job terminated.
	(1) Normal termination (return value 0)
		Usr 0 01:40:54, Sys 0 00:00:10  -  Run Remote Usage
		Usr 0 00:00:00, Sys 0 00:00:00  -  Run Local Usage
		Usr 0 01:40:54, Sys 0 00:00:10  -  Total Remote Usage
		Usr 0 00:00:00, Sys 0 00:00:00  -  Total Local Usage
	0  -  Run Bytes Sent By Job
	7584148  -  Run Bytes Received By Job
	0  -  Total Bytes Sent By Job
	7584148  -  Total Bytes Received By Job
	Partitionable Resources :    Usage  Request Allocated 
	   Cpus                 :     0.99        4         4 
	   Disk (KB)            : 33717        7500     11044 
	   GPUs                 :                           0 
	   Memory (MB)          :    25       12000     12000 
	   TimeExecute (s)      :  6134                       
	   TimeSlotBusy (s)     :  6136                       

	Job terminated of its own accord at 2025-12-16T14:14:05Z with exit-code 0.
...
