000 (10610888.152.000) 12/16 07:14:44 Job submitted from host: <188.185.71.83:9618?addrs=188.185.71.83-9618+[2001-1458-d00-7--100-34d]-9618&alias=bigbird18.cern.ch&noUDP&sock=schedd_5052_d48c>
...
040 (10610888.152.000) 12/16 08:55:07 Started transferring input files
	Transferring to host: <188.185.208.138:9618?addrs=188.185.208.138-9618+[2001-1458-303-10--100-7]-9618&alias=b9p10p6300.cern.ch&noUDP&sock=slot1_17_2957792_c9cf_10177>
...
040 (10610888.152.000) 12/16 08:55:07 Finished transferring input files
...
001 (10610888.152.000) 12/16 08:55:07 Job executing on host: <188.185.208.138:9618?addrs=188.185.208.138-9618+[2001-1458-303-10--100-7]-9618&alias=b9p10p6300.cern.ch&noUDP&sock=startd_4988_ee7c>
	SlotName: slot1_17@b9p10p6300.cern.ch
	CondorScratchDir = "/pool/condor/dir_1629989"
	Cpus = 4
	Disk = 10614
	GPUs = 0
	Memory = 12000
...
006 (10610888.152.000) 12/16 08:55:21 Image size of job updated: 28820
	29  -  MemoryUsage of job (MB)
	28820  -  ResidentSetSize of job (KB)
...
006 (10610888.152.000) 12/16 09:00:21 Image size of job updated: 29200
	29  -  MemoryUsage of job (MB)
	28820  -  ResidentSetSize of job (KB)
...
040 (10610888.152.000) 12/16 10:28:21 Started transferring output files
...
040 (10610888.152.000) 12/16 10:28:22 Finished transferring output files
...
005 (10610888.152.000) 12/16 10:28:22 Job terminated.
	(1) Normal termination (return value 0)
		Usr 0 01:31:47, Sys 0 00:00:10  -  Run Remote Usage
		Usr 0 00:00:00, Sys 0 00:00:00  -  Run Local Usage
		Usr 0 01:31:47, Sys 0 00:00:10  -  Total Remote Usage
		Usr 0 00:00:00, Sys 0 00:00:00  -  Total Local Usage
	0  -  Run Bytes Sent By Job
	7584148  -  Run Bytes Received By Job
	0  -  Total Bytes Sent By Job
	7584148  -  Total Bytes Received By Job
	Partitionable Resources :    Usage  Request Allocated 
	   Cpus                 :     0.99        4         4 
	   Disk (KB)            : 34027        7500     10614 
	   GPUs                 :                           0 
	   Memory (MB)          :    29       12000     12000 
	   TimeExecute (s)      :  5593                       
	   TimeSlotBusy (s)     :  5595                       

	Job terminated of its own accord at 2025-12-16T09:28:20Z with exit-code 0.
...
