000 (10610887.589.000) 12/16 07:14:31 Job submitted from host: <188.185.71.83:9618?addrs=188.185.71.83-9618+[2001-1458-d00-7--100-34d]-9618&alias=bigbird18.cern.ch&noUDP&sock=schedd_5052_d48c>
...
040 (10610887.589.000) 12/16 07:54:32 Started transferring input files
	Transferring to host: <188.185.195.104:9618?addrs=188.185.195.104-9618+[2001-1458-303-22--100-64]-9618&alias=b9p17p4322.cern.ch&noUDP&sock=slot1_16_2823217_86ce_26230>
...
040 (10610887.589.000) 12/16 07:54:32 Finished transferring input files
...
001 (10610887.589.000) 12/16 07:54:32 Job executing on host: <188.185.195.104:9618?addrs=188.185.195.104-9618+[2001-1458-303-22--100-64]-9618&alias=b9p17p4322.cern.ch&noUDP&sock=startd_4847_37a2>
	SlotName: slot1_16@b9p17p4322.cern.ch
	CondorScratchDir = "/pool/condor/dir_2036219"
	Cpus = 4
	Disk = 11035
	GPUs = 0
	Memory = 12000
...
006 (10610887.589.000) 12/16 07:54:46 Image size of job updated: 42596
	42  -  MemoryUsage of job (MB)
	42596  -  ResidentSetSize of job (KB)
...
006 (10610887.589.000) 12/16 07:59:47 Image size of job updated: 42688
	42  -  MemoryUsage of job (MB)
	42596  -  ResidentSetSize of job (KB)
...
006 (10610887.589.000) 12/16 10:17:41 Image size of job updated: 43936
	42  -  MemoryUsage of job (MB)
	42596  -  ResidentSetSize of job (KB)
...
040 (10610887.589.000) 12/16 10:17:42 Started transferring output files
...
040 (10610887.589.000) 12/16 10:17:42 Finished transferring output files
...
005 (10610887.589.000) 12/16 10:17:42 Job terminated.
	(1) Normal termination (return value 0)
		Usr 0 02:21:14, Sys 0 00:00:06  -  Run Remote Usage
		Usr 0 00:00:00, Sys 0 00:00:00  -  Run Local Usage
		Usr 0 02:21:14, Sys 0 00:00:06  -  Total Remote Usage
		Usr 0 00:00:00, Sys 0 00:00:00  -  Total Local Usage
	0  -  Run Bytes Sent By Job
	7584148  -  Run Bytes Received By Job
	0  -  Total Bytes Sent By Job
	7584148  -  Total Bytes Received By Job
	Partitionable Resources :    Usage  Request Allocated 
	   Cpus                 :     0.99        4         4 
	   Disk (KB)            : 32684        7500     11035 
	   GPUs                 :                           0 
	   Memory (MB)          :    42       12000     12000 
	   TimeExecute (s)      :  8589                       
	   TimeSlotBusy (s)     :  8590                       

	Job terminated of its own accord at 2025-12-16T09:17:41Z with exit-code 0.
...
