000 (10610888.339.000) 12/16 07:14:44 Job submitted from host: <188.185.71.83:9618?addrs=188.185.71.83-9618+[2001-1458-d00-7--100-34d]-9618&alias=bigbird18.cern.ch&noUDP&sock=schedd_5052_d48c>
...
040 (10610888.339.000) 12/16 09:17:59 Started transferring input files
	Transferring to host: <188.185.210.32:9618?addrs=188.185.210.32-9618+[2001-1458-303-1--100-1c]-9618&alias=b9p21p2110.cern.ch&noUDP&sock=slot1_11_4113_bb00_94646>
...
040 (10610888.339.000) 12/16 09:17:59 Finished transferring input files
...
001 (10610888.339.000) 12/16 09:17:59 Job executing on host: <188.185.210.32:9618?addrs=188.185.210.32-9618+[2001-1458-303-1--100-1c]-9618&alias=b9p21p2110.cern.ch&noUDP&sock=startd_3516_4314>
	SlotName: slot1_11@b9p21p2110.cern.ch
	CondorScratchDir = "/pool/condor/dir_2231212"
	Cpus = 4
	Disk = 10967
	GPUs = 0
	Memory = 12000
...
006 (10610888.339.000) 12/16 09:18:13 Image size of job updated: 40580
	40  -  MemoryUsage of job (MB)
	40580  -  ResidentSetSize of job (KB)
...
006 (10610888.339.000) 12/16 09:23:14 Image size of job updated: 40672
	40  -  MemoryUsage of job (MB)
	40580  -  ResidentSetSize of job (KB)
...
040 (10610888.339.000) 12/16 10:45:19 Started transferring output files
...
040 (10610888.339.000) 12/16 10:45:19 Finished transferring output files
...
005 (10610888.339.000) 12/16 10:45:19 Job terminated.
	(1) Normal termination (return value 0)
		Usr 0 01:26:10, Sys 0 00:00:11  -  Run Remote Usage
		Usr 0 00:00:00, Sys 0 00:00:00  -  Run Local Usage
		Usr 0 01:26:10, Sys 0 00:00:11  -  Total Remote Usage
		Usr 0 00:00:00, Sys 0 00:00:00  -  Total Local Usage
	0  -  Run Bytes Sent By Job
	7584148  -  Run Bytes Received By Job
	0  -  Total Bytes Sent By Job
	7584148  -  Total Bytes Received By Job
	Partitionable Resources :    Usage  Request Allocated 
	   Cpus                 :     0.99        4         4 
	   Disk (KB)            : 32612        7500     10967 
	   GPUs                 :                           0 
	   Memory (MB)          :    40       12000     12000 
	   TimeExecute (s)      :  5240                       
	   TimeSlotBusy (s)     :  5240                       

	Job terminated of its own accord at 2025-12-16T09:45:19Z with exit-code 0.
...
