000 (10610887.614.000) 12/16 07:14:31 Job submitted from host: <188.185.71.83:9618?addrs=188.185.71.83-9618+[2001-1458-d00-7--100-34d]-9618&alias=bigbird18.cern.ch&noUDP&sock=schedd_5052_d48c>
...
040 (10610887.614.000) 12/16 07:54:42 Started transferring input files
	Transferring to host: <188.185.212.58:9618?addrs=188.185.212.58-9618+[2001-1458-303-18--100-36]-9618&alias=b9p25p3483.cern.ch&noUDP&sock=slot1_10_657651_5f90_12569>
...
040 (10610887.614.000) 12/16 07:54:42 Finished transferring input files
...
001 (10610887.614.000) 12/16 07:54:42 Job executing on host: <188.185.212.58:9618?addrs=188.185.212.58-9618+[2001-1458-303-18--100-36]-9618&alias=b9p25p3483.cern.ch&noUDP&sock=startd_6990_2317>
	SlotName: slot1_10@b9p25p3483.cern.ch
	CondorScratchDir = "/pool/condor/dir_2459344"
	Cpus = 4
	Disk = 10986
	GPUs = 0
	Memory = 12000
...
006 (10610887.614.000) 12/16 07:54:56 Image size of job updated: 37504
	37  -  MemoryUsage of job (MB)
	37504  -  ResidentSetSize of job (KB)
...
006 (10610887.614.000) 12/16 07:59:57 Image size of job updated: 37924
	37  -  MemoryUsage of job (MB)
	37504  -  ResidentSetSize of job (KB)
...
006 (10610887.614.000) 12/16 09:49:41 Image size of job updated: 118444
	37  -  MemoryUsage of job (MB)
	37504  -  ResidentSetSize of job (KB)
...
040 (10610887.614.000) 12/16 09:49:42 Started transferring output files
...
040 (10610887.614.000) 12/16 09:49:43 Finished transferring output files
...
005 (10610887.614.000) 12/16 09:49:43 Job terminated.
	(1) Normal termination (return value 0)
		Usr 0 01:50:07, Sys 0 00:00:15  -  Run Remote Usage
		Usr 0 00:00:00, Sys 0 00:00:00  -  Run Local Usage
		Usr 0 01:50:07, Sys 0 00:00:15  -  Total Remote Usage
		Usr 0 00:00:00, Sys 0 00:00:00  -  Total Local Usage
	0  -  Run Bytes Sent By Job
	7584148  -  Run Bytes Received By Job
	0  -  Total Bytes Sent By Job
	7584148  -  Total Bytes Received By Job
	Partitionable Resources :    Usage  Request Allocated 
	   Cpus                 :     0.95        4         4 
	   Disk (KB)            : 33175        7500     10986 
	   GPUs                 :                           0 
	   Memory (MB)          :    37       12000     12000 
	   TimeExecute (s)      :  6899                       
	   TimeSlotBusy (s)     :  6902                       

	Job terminated of its own accord at 2025-12-16T08:49:41Z with exit-code 0.
...
