000 (10610888.587.000) 12/16 07:14:44 Job submitted from host: <188.185.71.83:9618?addrs=188.185.71.83-9618+[2001-1458-d00-7--100-34d]-9618&alias=bigbird18.cern.ch&noUDP&sock=schedd_5052_d48c>
...
040 (10610888.587.000) 12/16 09:30:32 Started transferring input files
	Transferring to host: <188.185.207.62:9618?addrs=188.185.207.62-9618+[2001-1458-303-d--100-3b]-9618&alias=b9p07p7998.cern.ch&noUDP&sock=slot1_11_4525_0591_77916>
...
040 (10610888.587.000) 12/16 09:30:32 Finished transferring input files
...
001 (10610888.587.000) 12/16 09:30:32 Job executing on host: <188.185.207.62:9618?addrs=188.185.207.62-9618+[2001-1458-303-d--100-3b]-9618&alias=b9p07p7998.cern.ch&noUDP&sock=startd_3748_650d>
	SlotName: slot1_11@b9p07p7998.cern.ch
	CondorScratchDir = "/pool/condor/dir_1129796"
	Cpus = 4
	Disk = 10813
	GPUs = 0
	Memory = 12000
...
006 (10610888.587.000) 12/16 09:30:46 Image size of job updated: 41624
	41  -  MemoryUsage of job (MB)
	41624  -  ResidentSetSize of job (KB)
...
006 (10610888.587.000) 12/16 09:35:46 Image size of job updated: 42004
	41  -  MemoryUsage of job (MB)
	41624  -  ResidentSetSize of job (KB)
...
006 (10610888.587.000) 12/16 11:13:14 Image size of job updated: 122652
	41  -  MemoryUsage of job (MB)
	41624  -  ResidentSetSize of job (KB)
...
040 (10610888.587.000) 12/16 11:13:15 Started transferring output files
...
040 (10610888.587.000) 12/16 11:13:15 Finished transferring output files
...
005 (10610888.587.000) 12/16 11:13:15 Job terminated.
	(1) Normal termination (return value 0)
		Usr 0 01:41:15, Sys 0 00:00:10  -  Run Remote Usage
		Usr 0 00:00:00, Sys 0 00:00:00  -  Run Local Usage
		Usr 0 01:41:15, Sys 0 00:00:10  -  Total Remote Usage
		Usr 0 00:00:00, Sys 0 00:00:00  -  Total Local Usage
	0  -  Run Bytes Sent By Job
	7584148  -  Run Bytes Received By Job
	0  -  Total Bytes Sent By Job
	7584148  -  Total Bytes Received By Job
	Partitionable Resources :    Usage  Request Allocated 
	   Cpus                 :     0.99        4         4 
	   Disk (KB)            : 33084        7500     10813 
	   GPUs                 :                           0 
	   Memory (MB)          :    41       12000     12000 
	   TimeExecute (s)      :  6162                       
	   TimeSlotBusy (s)     :  6163                       

	Job terminated of its own accord at 2025-12-16T10:13:14Z with exit-code 0.
...
