000 (10610888.814.000) 12/16 07:14:45 Job submitted from host: <188.185.71.83:9618?addrs=188.185.71.83-9618+[2001-1458-d00-7--100-34d]-9618&alias=bigbird18.cern.ch&noUDP&sock=schedd_5052_d48c>
...
040 (10610888.814.000) 12/16 09:43:38 Started transferring input files
	Transferring to host: <188.185.207.23:9618?addrs=188.185.207.23-9618+[2001-1458-303-d--100-14]-9618&alias=b9p07p4705.cern.ch&noUDP&sock=slot1_1_391989_761d_10763>
...
040 (10610888.814.000) 12/16 09:43:38 Finished transferring input files
...
001 (10610888.814.000) 12/16 09:43:38 Job executing on host: <188.185.207.23:9618?addrs=188.185.207.23-9618+[2001-1458-303-d--100-14]-9618&alias=b9p07p4705.cern.ch&noUDP&sock=startd_390285_a03f>
	SlotName: slot1_1@b9p07p4705.cern.ch
	CondorScratchDir = "/pool/condor/dir_3161099"
	Cpus = 4
	Disk = 10850
	GPUs = 0
	Memory = 12000
...
006 (10610888.814.000) 12/16 09:43:52 Image size of job updated: 42684
	42  -  MemoryUsage of job (MB)
	42684  -  ResidentSetSize of job (KB)
...
006 (10610888.814.000) 12/16 09:48:53 Image size of job updated: 42712
	42  -  MemoryUsage of job (MB)
	42684  -  ResidentSetSize of job (KB)
...
006 (10610888.814.000) 12/16 11:38:01 Image size of job updated: 123384
	42  -  MemoryUsage of job (MB)
	42684  -  ResidentSetSize of job (KB)
...
040 (10610888.814.000) 12/16 11:38:02 Started transferring output files
...
040 (10610888.814.000) 12/16 11:38:03 Finished transferring output files
...
005 (10610888.814.000) 12/16 11:38:03 Job terminated.
	(1) Normal termination (return value 0)
		Usr 0 01:52:22, Sys 0 00:00:14  -  Run Remote Usage
		Usr 0 00:00:00, Sys 0 00:00:00  -  Run Local Usage
		Usr 0 01:52:22, Sys 0 00:00:14  -  Total Remote Usage
		Usr 0 00:00:00, Sys 0 00:00:00  -  Total Local Usage
	0  -  Run Bytes Sent By Job
	7584148  -  Run Bytes Received By Job
	0  -  Total Bytes Sent By Job
	7584148  -  Total Bytes Received By Job
	Partitionable Resources :    Usage  Request Allocated 
	   Cpus                 :     0.99        4         4 
	   Disk (KB)            : 32440        7500     10850 
	   GPUs                 :                           0 
	   Memory (MB)          :    42       12000     12000 
	   TimeExecute (s)      :  6863                       
	   TimeSlotBusy (s)     :  6866                       

	Job terminated of its own accord at 2025-12-16T10:38:01Z with exit-code 0.
...
