000 (10613550.611.000) 12/16 14:40:59 Job submitted from host: <188.185.71.83:9618?addrs=188.185.71.83-9618+[2001-1458-d00-7--100-34d]-9618&alias=bigbird18.cern.ch&noUDP&sock=schedd_5052_d48c>
...
040 (10613550.611.000) 12/16 16:43:57 Started transferring input files
	Transferring to host: <188.185.205.138:9618?addrs=188.185.205.138-9618+[2001-1458-303-a--100-7]-9618&alias=b9p04p5793.cern.ch&noUDP&sock=slot1_7_4032_a89d_89447>
...
040 (10613550.611.000) 12/16 16:43:58 Finished transferring input files
...
001 (10613550.611.000) 12/16 16:43:58 Job executing on host: <188.185.205.138:9618?addrs=188.185.205.138-9618+[2001-1458-303-a--100-7]-9618&alias=b9p04p5793.cern.ch&noUDP&sock=startd_3589_557e>
	SlotName: slot1_7@b9p04p5793.cern.ch
	CondorScratchDir = "/pool/condor/dir_2692356"
	Cpus = 4
	Disk = 10738
	GPUs = 0
	Memory = 12000
...
006 (10613550.611.000) 12/16 16:44:11 Image size of job updated: 39608
	39  -  MemoryUsage of job (MB)
	39608  -  ResidentSetSize of job (KB)
...
006 (10613550.611.000) 12/16 17:56:04 Image size of job updated: 120684
	39  -  MemoryUsage of job (MB)
	39608  -  ResidentSetSize of job (KB)
...
040 (10613550.611.000) 12/16 17:56:04 Started transferring output files
...
040 (10613550.611.000) 12/16 17:56:05 Finished transferring output files
...
005 (10613550.611.000) 12/16 17:56:05 Job terminated.
	(1) Normal termination (return value 0)
		Usr 0 01:11:06, Sys 0 00:00:07  -  Run Remote Usage
		Usr 0 00:00:00, Sys 0 00:00:00  -  Run Local Usage
		Usr 0 01:11:06, Sys 0 00:00:07  -  Total Remote Usage
		Usr 0 00:00:00, Sys 0 00:00:00  -  Total Local Usage
	0  -  Run Bytes Sent By Job
	7584148  -  Run Bytes Received By Job
	0  -  Total Bytes Sent By Job
	7584148  -  Total Bytes Received By Job
	Partitionable Resources :    Usage  Request Allocated 
	   Cpus                 :     0.99        4         4 
	   Disk (KB)            : 32693        7500     10738 
	   GPUs                 :                           0 
	   Memory (MB)          :    39       12000     12000 
	   TimeExecute (s)      :  4326                       
	   TimeSlotBusy (s)     :  4328                       

	Job terminated of its own accord at 2025-12-16T16:56:04Z with exit-code 0.
...
