000 (10610888.674.000) 12/16 07:14:44 Job submitted from host: <188.185.71.83:9618?addrs=188.185.71.83-9618+[2001-1458-d00-7--100-34d]-9618&alias=bigbird18.cern.ch&noUDP&sock=schedd_5052_d48c>
...
040 (10610888.674.000) 12/16 09:34:39 Started transferring input files
	Transferring to host: <188.185.210.202:9618?addrs=188.185.210.202-9618+[2001-1458-303-15--100-46]-9618&alias=b9p22p0419.cern.ch&noUDP&sock=slot1_10_5323_48f2_87997>
...
040 (10610888.674.000) 12/16 09:34:39 Finished transferring input files
...
001 (10610888.674.000) 12/16 09:34:39 Job executing on host: <188.185.210.202:9618?addrs=188.185.210.202-9618+[2001-1458-303-15--100-46]-9618&alias=b9p22p0419.cern.ch&noUDP&sock=startd_4354_0f71>
	SlotName: slot1_10@b9p22p0419.cern.ch
	CondorScratchDir = "/pool/condor/dir_2018192"
	Cpus = 4
	Disk = 10929
	GPUs = 0
	Memory = 12000
...
006 (10610888.674.000) 12/16 09:34:52 Image size of job updated: 37452
	37  -  MemoryUsage of job (MB)
	37452  -  ResidentSetSize of job (KB)
...
006 (10610888.674.000) 12/16 09:39:52 Image size of job updated: 37872
	37  -  MemoryUsage of job (MB)
	37452  -  ResidentSetSize of job (KB)
...
006 (10610888.674.000) 12/16 10:51:45 Image size of job updated: 118392
	37  -  MemoryUsage of job (MB)
	37452  -  ResidentSetSize of job (KB)
...
040 (10610888.674.000) 12/16 10:51:46 Started transferring output files
...
040 (10610888.674.000) 12/16 10:51:46 Finished transferring output files
...
005 (10610888.674.000) 12/16 10:51:46 Job terminated.
	(1) Normal termination (return value 0)
		Usr 0 01:16:14, Sys 0 00:00:06  -  Run Remote Usage
		Usr 0 00:00:00, Sys 0 00:00:00  -  Run Local Usage
		Usr 0 01:16:14, Sys 0 00:00:06  -  Total Remote Usage
		Usr 0 00:00:00, Sys 0 00:00:00  -  Total Local Usage
	0  -  Run Bytes Sent By Job
	7584148  -  Run Bytes Received By Job
	0  -  Total Bytes Sent By Job
	7584148  -  Total Bytes Received By Job
	Partitionable Resources :    Usage  Request Allocated 
	   Cpus                 :     0.99        4         4 
	   Disk (KB)            : 33299        7500     10929 
	   GPUs                 :                           0 
	   Memory (MB)          :    37       12000     12000 
	   TimeExecute (s)      :  4626                       
	   TimeSlotBusy (s)     :  4628                       

	Job terminated of its own accord at 2025-12-16T09:51:45Z with exit-code 0.
...
