000 (10613549.520.000) 12/16 14:40:45 Job submitted from host: <188.185.71.83:9618?addrs=188.185.71.83-9618+[2001-1458-d00-7--100-34d]-9618&alias=bigbird18.cern.ch&noUDP&sock=schedd_5052_d48c>
...
040 (10613549.520.000) 12/16 15:30:27 Started transferring input files
	Transferring to host: <188.185.194.56:9618?addrs=188.185.194.56-9618+[2001-1458-303-21--100-34]-9618&alias=b9p20p9384.cern.ch&noUDP&sock=slot1_7_5755_ab03_82661>
...
040 (10613549.520.000) 12/16 15:30:27 Finished transferring input files
...
001 (10613549.520.000) 12/16 15:30:27 Job executing on host: <188.185.194.56:9618?addrs=188.185.194.56-9618+[2001-1458-303-21--100-34]-9618&alias=b9p20p9384.cern.ch&noUDP&sock=startd_4501_e3dd>
	SlotName: slot1_7@b9p20p9384.cern.ch
	CondorScratchDir = "/pool/condor/dir_3584791"
	Cpus = 4
	Disk = 11146
	GPUs = 0
	Memory = 12000
...
006 (10613549.520.000) 12/16 15:30:41 Image size of job updated: 37484
	37  -  MemoryUsage of job (MB)
	37484  -  ResidentSetSize of job (KB)
...
006 (10613549.520.000) 12/16 15:35:42 Image size of job updated: 37904
	37  -  MemoryUsage of job (MB)
	37484  -  ResidentSetSize of job (KB)
...
040 (10613549.520.000) 12/16 17:29:37 Started transferring output files
...
040 (10613549.520.000) 12/16 17:29:37 Finished transferring output files
...
005 (10613549.520.000) 12/16 17:29:37 Job terminated.
	(1) Normal termination (return value 0)
		Usr 0 01:58:14, Sys 0 00:00:05  -  Run Remote Usage
		Usr 0 00:00:00, Sys 0 00:00:00  -  Run Local Usage
		Usr 0 01:58:14, Sys 0 00:00:05  -  Total Remote Usage
		Usr 0 00:00:00, Sys 0 00:00:00  -  Total Local Usage
	0  -  Run Bytes Sent By Job
	7584148  -  Run Bytes Received By Job
	0  -  Total Bytes Sent By Job
	7584148  -  Total Bytes Received By Job
	Partitionable Resources :    Usage  Request Allocated 
	   Cpus                 :     0.99        4         4 
	   Disk (KB)            : 32500        7500     11146 
	   GPUs                 :                           0 
	   Memory (MB)          :    37       12000     12000 
	   TimeExecute (s)      :  7149                       
	   TimeSlotBusy (s)     :  7150                       

	Job terminated of its own accord at 2025-12-16T16:29:36Z with exit-code 0.
...
