000 (10613550.568.000) 12/16 14:40:59 Job submitted from host: <188.185.71.83:9618?addrs=188.185.71.83-9618+[2001-1458-d00-7--100-34d]-9618&alias=bigbird18.cern.ch&noUDP&sock=schedd_5052_d48c>
...
040 (10613550.568.000) 12/16 16:36:44 Started transferring input files
	Transferring to host: <128.142.161.88:9618?addrs=128.142.161.88-9618+[2001-1458-301-b8--100-16]-9618&alias=b9g03p5293.cern.ch&noUDP&sock=slot1_7_5900_d569_89416>
...
040 (10613550.568.000) 12/16 16:36:44 Finished transferring input files
...
001 (10613550.568.000) 12/16 16:36:44 Job executing on host: <128.142.161.88:9618?addrs=128.142.161.88-9618+[2001-1458-301-b8--100-16]-9618&alias=b9g03p5293.cern.ch&noUDP&sock=startd_4688_2813>
	SlotName: slot1_7@b9g03p5293.cern.ch
	CondorScratchDir = "/pool/condor/dir_3117863"
	Cpus = 4
	Disk = 11096
	GPUs = 0
	Memory = 12000
...
006 (10613550.568.000) 12/16 16:36:58 Image size of job updated: 40100
	40  -  MemoryUsage of job (MB)
	40100  -  ResidentSetSize of job (KB)
...
006 (10613550.568.000) 12/16 16:41:59 Image size of job updated: 40520
	40  -  MemoryUsage of job (MB)
	40100  -  ResidentSetSize of job (KB)
...
040 (10613550.568.000) 12/16 19:01:30 Started transferring output files
...
040 (10613550.568.000) 12/16 19:01:30 Finished transferring output files
...
005 (10613550.568.000) 12/16 19:01:30 Job terminated.
	(1) Normal termination (return value 0)
		Usr 0 02:22:49, Sys 0 00:00:07  -  Run Remote Usage
		Usr 0 00:00:00, Sys 0 00:00:00  -  Run Local Usage
		Usr 0 02:22:49, Sys 0 00:00:07  -  Total Remote Usage
		Usr 0 00:00:00, Sys 0 00:00:00  -  Total Local Usage
	0  -  Run Bytes Sent By Job
	7584148  -  Run Bytes Received By Job
	0  -  Total Bytes Sent By Job
	7584148  -  Total Bytes Received By Job
	Partitionable Resources :    Usage  Request Allocated 
	   Cpus                 :     0.99        4         4 
	   Disk (KB)            : 32555        7500     11096 
	   GPUs                 :                           0 
	   Memory (MB)          :    40       12000     12000 
	   TimeExecute (s)      :  8685                       
	   TimeSlotBusy (s)     :  8686                       

	Job terminated of its own accord at 2025-12-16T18:01:29Z with exit-code 0.
...
