000 (10610888.383.000) 12/16 07:14:44 Job submitted from host: <188.185.71.83:9618?addrs=188.185.71.83-9618+[2001-1458-d00-7--100-34d]-9618&alias=bigbird18.cern.ch&noUDP&sock=schedd_5052_d48c>
...
040 (10610888.383.000) 12/16 09:21:03 Started transferring input files
	Transferring to host: <188.185.215.14:9618?addrs=188.185.215.14-9618+[2001-1458-303-1e--100-a]-9618&alias=b9p31p0525.cern.ch&noUDP&sock=slot1_12_7068_cb98_90213>
...
040 (10610888.383.000) 12/16 09:21:03 Finished transferring input files
...
001 (10610888.383.000) 12/16 09:21:03 Job executing on host: <188.185.215.14:9618?addrs=188.185.215.14-9618+[2001-1458-303-1e--100-a]-9618&alias=b9p31p0525.cern.ch&noUDP&sock=startd_6231_86b5>
	SlotName: slot1_12@b9p31p0525.cern.ch
	CondorScratchDir = "/pool/condor/dir_455208"
	Cpus = 4
	Disk = 11074
	GPUs = 0
	Memory = 12000
...
006 (10610888.383.000) 12/16 09:21:17 Image size of job updated: 40096
	40  -  MemoryUsage of job (MB)
	40096  -  ResidentSetSize of job (KB)
...
006 (10610888.383.000) 12/16 09:26:17 Image size of job updated: 40516
	40  -  MemoryUsage of job (MB)
	40096  -  ResidentSetSize of job (KB)
...
040 (10610888.383.000) 12/16 10:41:34 Started transferring output files
...
040 (10610888.383.000) 12/16 10:41:35 Finished transferring output files
...
005 (10610888.383.000) 12/16 10:41:35 Job terminated.
	(1) Normal termination (return value 0)
		Usr 0 01:19:35, Sys 0 00:00:07  -  Run Remote Usage
		Usr 0 00:00:00, Sys 0 00:00:00  -  Run Local Usage
		Usr 0 01:19:35, Sys 0 00:00:07  -  Total Remote Usage
		Usr 0 00:00:00, Sys 0 00:00:00  -  Total Local Usage
	0  -  Run Bytes Sent By Job
	7584148  -  Run Bytes Received By Job
	0  -  Total Bytes Sent By Job
	7584148  -  Total Bytes Received By Job
	Partitionable Resources :    Usage  Request Allocated 
	   Cpus                 :     0.99        4         4 
	   Disk (KB)            : 33659        7500     11074 
	   GPUs                 :                           0 
	   Memory (MB)          :    40       12000     12000 
	   TimeExecute (s)      :  4831                       
	   TimeSlotBusy (s)     :  4832                       

	Job terminated of its own accord at 2025-12-16T09:41:34Z with exit-code 0.
...
