000 (10610887.944.000) 12/16 07:14:32 Job submitted from host: <188.185.71.83:9618?addrs=188.185.71.83-9618+[2001-1458-d00-7--100-34d]-9618&alias=bigbird18.cern.ch&noUDP&sock=schedd_5052_d48c>
...
040 (10610887.944.000) 12/16 08:00:08 Started transferring input files
	Transferring to host: <188.185.212.188:9618?addrs=188.185.212.188-9618+[2001-1458-303-19--100-38]-9618&alias=b9p26p4851.cern.ch&noUDP&sock=slot1_26_8293_eb2a_111047>
...
040 (10610887.944.000) 12/16 08:00:08 Finished transferring input files
...
001 (10610887.944.000) 12/16 08:00:08 Job executing on host: <188.185.212.188:9618?addrs=188.185.212.188-9618+[2001-1458-303-19--100-38]-9618&alias=b9p26p4851.cern.ch&noUDP&sock=startd_7230_c1d2>
	SlotName: slot1_26@b9p26p4851.cern.ch
	CondorScratchDir = "/pool/condor/dir_1958385"
	Cpus = 4
	Disk = 10931
	GPUs = 0
	Memory = 12000
...
006 (10610887.944.000) 12/16 08:00:22 Image size of job updated: 37492
	37  -  MemoryUsage of job (MB)
	37492  -  ResidentSetSize of job (KB)
...
006 (10610887.944.000) 12/16 08:05:23 Image size of job updated: 37912
	37  -  MemoryUsage of job (MB)
	37492  -  ResidentSetSize of job (KB)
...
006 (10610887.944.000) 12/16 09:18:47 Image size of job updated: 118436
	37  -  MemoryUsage of job (MB)
	37492  -  ResidentSetSize of job (KB)
...
040 (10610887.944.000) 12/16 09:18:47 Started transferring output files
...
040 (10610887.944.000) 12/16 09:18:47 Finished transferring output files
...
005 (10610887.944.000) 12/16 09:18:47 Job terminated.
	(1) Normal termination (return value 0)
		Usr 0 01:17:44, Sys 0 00:00:09  -  Run Remote Usage
		Usr 0 00:00:00, Sys 0 00:00:00  -  Run Local Usage
		Usr 0 01:17:44, Sys 0 00:00:09  -  Total Remote Usage
		Usr 0 00:00:00, Sys 0 00:00:00  -  Total Local Usage
	0  -  Run Bytes Sent By Job
	7584148  -  Run Bytes Received By Job
	0  -  Total Bytes Sent By Job
	7584148  -  Total Bytes Received By Job
	Partitionable Resources :    Usage  Request Allocated 
	   Cpus                 :     0.99        4         4 
	   Disk (KB)            : 33678        7500     10931 
	   GPUs                 :                           0 
	   Memory (MB)          :    37       12000     12000 
	   TimeExecute (s)      :  4719                       
	   TimeSlotBusy (s)     :  4720                       

	Job terminated of its own accord at 2025-12-16T08:18:47Z with exit-code 0.
...
