000 (10613549.976.000) 12/16 14:40:45 Job submitted from host: <188.185.71.83:9618?addrs=188.185.71.83-9618+[2001-1458-d00-7--100-34d]-9618&alias=bigbird18.cern.ch&noUDP&sock=schedd_5052_d48c>
...
040 (10613549.976.000) 12/16 15:35:08 Started transferring input files
	Transferring to host: <188.185.214.65:9618?addrs=188.185.214.65-9618+[2001-1458-303-1c--100-3d]-9618&alias=b9p29p0733.cern.ch&noUDP&sock=slot1_2_5117_23a9_110825>
...
040 (10613549.976.000) 12/16 15:35:08 Finished transferring input files
...
001 (10613549.976.000) 12/16 15:35:08 Job executing on host: <188.185.214.65:9618?addrs=188.185.214.65-9618+[2001-1458-303-1c--100-3d]-9618&alias=b9p29p0733.cern.ch&noUDP&sock=startd_4180_b5f6>
	SlotName: slot1_2@b9p29p0733.cern.ch
	CondorScratchDir = "/pool/condor/dir_1513545"
	Cpus = 4
	Disk = 10951
	GPUs = 0
	Memory = 12000
...
006 (10613549.976.000) 12/16 15:35:21 Image size of job updated: 40036
	40  -  MemoryUsage of job (MB)
	40036  -  ResidentSetSize of job (KB)
...
006 (10613549.976.000) 12/16 15:40:21 Image size of job updated: 40456
	40  -  MemoryUsage of job (MB)
	40036  -  ResidentSetSize of job (KB)
...
006 (10613549.976.000) 12/16 16:25:24 Image size of job updated: 48004
	47  -  MemoryUsage of job (MB)
	48004  -  ResidentSetSize of job (KB)
...
006 (10613549.976.000) 12/16 16:51:00 Image size of job updated: 129784
	47  -  MemoryUsage of job (MB)
	48004  -  ResidentSetSize of job (KB)
...
040 (10613549.976.000) 12/16 16:51:00 Started transferring output files
...
040 (10613549.976.000) 12/16 16:51:01 Finished transferring output files
...
005 (10613549.976.000) 12/16 16:51:01 Job terminated.
	(1) Normal termination (return value 0)
		Usr 0 01:15:09, Sys 0 00:00:05  -  Run Remote Usage
		Usr 0 00:00:00, Sys 0 00:00:00  -  Run Local Usage
		Usr 0 01:15:09, Sys 0 00:00:05  -  Total Remote Usage
		Usr 0 00:00:00, Sys 0 00:00:00  -  Total Local Usage
	0  -  Run Bytes Sent By Job
	7584148  -  Run Bytes Received By Job
	0  -  Total Bytes Sent By Job
	7584148  -  Total Bytes Received By Job
	Partitionable Resources :    Usage  Request Allocated 
	   Cpus                 :     0.99        4         4 
	   Disk (KB)            : 33570        7500     10951 
	   GPUs                 :                           0 
	   Memory (MB)          :    47       12000     12000 
	   TimeExecute (s)      :  4552                       
	   TimeSlotBusy (s)     :  4553                       

	Job terminated of its own accord at 2025-12-16T15:51:00Z with exit-code 0.
...
