000 (10613550.854.000) 12/16 14:41:00 Job submitted from host: <188.185.71.83:9618?addrs=188.185.71.83-9618+[2001-1458-d00-7--100-34d]-9618&alias=bigbird18.cern.ch&noUDP&sock=schedd_5052_d48c>
...
040 (10613550.854.000) 12/16 16:51:50 Started transferring input files
	Transferring to host: <188.185.192.100:9618?addrs=188.185.192.100-9618+[2001-1458-303-1f--100-60]-9618&alias=b9p13p1244.cern.ch&noUDP&sock=slot1_13_5923_0a0a_89772>
...
040 (10613550.854.000) 12/16 16:51:50 Finished transferring input files
...
001 (10613550.854.000) 12/16 16:51:50 Job executing on host: <188.185.192.100:9618?addrs=188.185.192.100-9618+[2001-1458-303-1f--100-60]-9618&alias=b9p13p1244.cern.ch&noUDP&sock=startd_4344_337f>
	SlotName: slot1_13@b9p13p1244.cern.ch
	CondorScratchDir = "/pool/condor/dir_51271"
	Cpus = 4
	Disk = 11008
	GPUs = 0
	Memory = 12000
...
006 (10613550.854.000) 12/16 16:52:04 Image size of job updated: 40020
	40  -  MemoryUsage of job (MB)
	40020  -  ResidentSetSize of job (KB)
...
006 (10613550.854.000) 12/16 16:57:05 Image size of job updated: 40440
	40  -  MemoryUsage of job (MB)
	40020  -  ResidentSetSize of job (KB)
...
040 (10613550.854.000) 12/16 19:13:59 Started transferring output files
...
040 (10613550.854.000) 12/16 19:13:59 Finished transferring output files
...
005 (10613550.854.000) 12/16 19:13:59 Job terminated.
	(1) Normal termination (return value 0)
		Usr 0 02:20:55, Sys 0 00:00:06  -  Run Remote Usage
		Usr 0 00:00:00, Sys 0 00:00:00  -  Run Local Usage
		Usr 0 02:20:55, Sys 0 00:00:06  -  Total Remote Usage
		Usr 0 00:00:00, Sys 0 00:00:00  -  Total Local Usage
	0  -  Run Bytes Sent By Job
	7584148  -  Run Bytes Received By Job
	0  -  Total Bytes Sent By Job
	7584148  -  Total Bytes Received By Job
	Partitionable Resources :    Usage  Request Allocated 
	   Cpus                 :     0.99        4         4 
	   Disk (KB)            : 32681        7500     11008 
	   GPUs                 :                           0 
	   Memory (MB)          :    40       12000     12000 
	   TimeExecute (s)      :  8528                       
	   TimeSlotBusy (s)     :  8529                       

	Job terminated of its own accord at 2025-12-16T18:13:58Z with exit-code 0.
...
