000 (10613550.968.000) 12/16 14:41:00 Job submitted from host: <188.185.71.83:9618?addrs=188.185.71.83-9618+[2001-1458-d00-7--100-34d]-9618&alias=bigbird18.cern.ch&noUDP&sock=schedd_5052_d48c>
...
040 (10613550.968.000) 12/16 16:56:23 Started transferring input files
	Transferring to host: <188.185.210.214:9618?addrs=188.185.210.214-9618+[2001-1458-303-15--100-52]-9618&alias=b9p22p2908.cern.ch&noUDP&sock=slot1_10_5592_d1dc_93581>
...
040 (10613550.968.000) 12/16 16:56:23 Finished transferring input files
...
001 (10613550.968.000) 12/16 16:56:23 Job executing on host: <188.185.210.214:9618?addrs=188.185.210.214-9618+[2001-1458-303-15--100-52]-9618&alias=b9p22p2908.cern.ch&noUDP&sock=startd_4797_ebe6>
	SlotName: slot1_10@b9p22p2908.cern.ch
	CondorScratchDir = "/pool/condor/dir_3042858"
	Cpus = 4
	Disk = 10970
	GPUs = 0
	Memory = 12000
...
006 (10613550.968.000) 12/16 16:56:37 Image size of job updated: 37512
	37  -  MemoryUsage of job (MB)
	37512  -  ResidentSetSize of job (KB)
...
006 (10613550.968.000) 12/16 17:01:38 Image size of job updated: 37932
	37  -  MemoryUsage of job (MB)
	37512  -  ResidentSetSize of job (KB)
...
006 (10613550.968.000) 12/16 18:23:30 Image size of job updated: 118456
	37  -  MemoryUsage of job (MB)
	37512  -  ResidentSetSize of job (KB)
...
040 (10613550.968.000) 12/16 18:23:30 Started transferring output files
...
040 (10613550.968.000) 12/16 18:23:31 Finished transferring output files
...
005 (10613550.968.000) 12/16 18:23:31 Job terminated.
	(1) Normal termination (return value 0)
		Usr 0 01:25:55, Sys 0 00:00:13  -  Run Remote Usage
		Usr 0 00:00:00, Sys 0 00:00:00  -  Run Local Usage
		Usr 0 01:25:55, Sys 0 00:00:13  -  Total Remote Usage
		Usr 0 00:00:00, Sys 0 00:00:00  -  Total Local Usage
	0  -  Run Bytes Sent By Job
	7584148  -  Run Bytes Received By Job
	0  -  Total Bytes Sent By Job
	7584148  -  Total Bytes Received By Job
	Partitionable Resources :    Usage  Request Allocated 
	   Cpus                 :     0.99        4         4 
	   Disk (KB)            : 33252        7500     10970 
	   GPUs                 :                           0 
	   Memory (MB)          :    37       12000     12000 
	   TimeExecute (s)      :  5227                       
	   TimeSlotBusy (s)     :  5228                       

	Job terminated of its own accord at 2025-12-16T17:23:30Z with exit-code 0.
...
