000 (10610888.795.000) 12/16 07:14:45 Job submitted from host: <188.185.71.83:9618?addrs=188.185.71.83-9618+[2001-1458-d00-7--100-34d]-9618&alias=bigbird18.cern.ch&noUDP&sock=schedd_5052_d48c>
...
040 (10610888.795.000) 12/16 09:42:42 Started transferring input files
	Transferring to host: <188.185.207.189:9618?addrs=188.185.207.189-9618+[2001-1458-303-e--100-3a]-9618&alias=b9p08p2358.cern.ch&noUDP&sock=slot1_13_6706_bbca_81086>
...
040 (10610888.795.000) 12/16 09:42:42 Finished transferring input files
...
001 (10610888.795.000) 12/16 09:42:42 Job executing on host: <188.185.207.189:9618?addrs=188.185.207.189-9618+[2001-1458-303-e--100-3a]-9618&alias=b9p08p2358.cern.ch&noUDP&sock=startd_5626_8be9>
	SlotName: slot1_13@b9p08p2358.cern.ch
	CondorScratchDir = "/pool/condor/dir_826204"
	Cpus = 4
	Disk = 10811
	GPUs = 0
	Memory = 12000
...
006 (10610888.795.000) 12/16 09:42:56 Image size of job updated: 38212
	38  -  MemoryUsage of job (MB)
	38212  -  ResidentSetSize of job (KB)
...
006 (10610888.795.000) 12/16 09:47:56 Image size of job updated: 38240
	38  -  MemoryUsage of job (MB)
	38212  -  ResidentSetSize of job (KB)
...
006 (10610888.795.000) 12/16 11:18:44 Image size of job updated: 118932
	38  -  MemoryUsage of job (MB)
	38212  -  ResidentSetSize of job (KB)
...
040 (10610888.795.000) 12/16 11:18:44 Started transferring output files
...
040 (10610888.795.000) 12/16 11:18:45 Finished transferring output files
...
005 (10610888.795.000) 12/16 11:18:45 Job terminated.
	(1) Normal termination (return value 0)
		Usr 0 01:34:32, Sys 0 00:00:08  -  Run Remote Usage
		Usr 0 00:00:00, Sys 0 00:00:00  -  Run Local Usage
		Usr 0 01:34:32, Sys 0 00:00:08  -  Total Remote Usage
		Usr 0 00:00:00, Sys 0 00:00:00  -  Total Local Usage
	0  -  Run Bytes Sent By Job
	7584148  -  Run Bytes Received By Job
	0  -  Total Bytes Sent By Job
	7584148  -  Total Bytes Received By Job
	Partitionable Resources :    Usage  Request Allocated 
	   Cpus                 :     0.99        4         4 
	   Disk (KB)            : 33007        7500     10811 
	   GPUs                 :                           0 
	   Memory (MB)          :    38       12000     12000 
	   TimeExecute (s)      :  5762                       
	   TimeSlotBusy (s)     :  5763                       

	Job terminated of its own accord at 2025-12-16T10:18:44Z with exit-code 0.
...
