000 (10610887.693.000) 12/16 07:14:31 Job submitted from host: <188.185.71.83:9618?addrs=188.185.71.83-9618+[2001-1458-d00-7--100-34d]-9618&alias=bigbird18.cern.ch&noUDP&sock=schedd_5052_d48c>
...
040 (10610887.693.000) 12/16 07:55:08 Started transferring input files
	Transferring to host: <188.185.213.175:9618?addrs=188.185.213.175-9618+[2001-1458-303-1b--100-2b]-9618&alias=b9p28p0795.cern.ch&noUDP&sock=slot1_6_5100_2948_108131>
...
040 (10610887.693.000) 12/16 07:55:08 Finished transferring input files
...
001 (10610887.693.000) 12/16 07:55:08 Job executing on host: <188.185.213.175:9618?addrs=188.185.213.175-9618+[2001-1458-303-1b--100-2b]-9618&alias=b9p28p0795.cern.ch&noUDP&sock=startd_4149_7287>
	SlotName: slot1_6@b9p28p0795.cern.ch
	CondorScratchDir = "/pool/condor/dir_753426"
	Cpus = 4
	Disk = 10976
	GPUs = 0
	Memory = 12000
...
006 (10610887.693.000) 12/16 07:55:22 Image size of job updated: 39552
	39  -  MemoryUsage of job (MB)
	39552  -  ResidentSetSize of job (KB)
...
006 (10610887.693.000) 12/16 08:00:23 Image size of job updated: 39972
	39  -  MemoryUsage of job (MB)
	39552  -  ResidentSetSize of job (KB)
...
006 (10610887.693.000) 12/16 09:16:41 Image size of job updated: 120524
	39  -  MemoryUsage of job (MB)
	39552  -  ResidentSetSize of job (KB)
...
040 (10610887.693.000) 12/16 09:16:42 Started transferring output files
...
040 (10610887.693.000) 12/16 09:16:42 Finished transferring output files
...
005 (10610887.693.000) 12/16 09:16:42 Job terminated.
	(1) Normal termination (return value 0)
		Usr 0 01:20:43, Sys 0 00:00:06  -  Run Remote Usage
		Usr 0 00:00:00, Sys 0 00:00:00  -  Run Local Usage
		Usr 0 01:20:43, Sys 0 00:00:06  -  Total Remote Usage
		Usr 0 00:00:00, Sys 0 00:00:00  -  Total Local Usage
	0  -  Run Bytes Sent By Job
	7584148  -  Run Bytes Received By Job
	0  -  Total Bytes Sent By Job
	7584148  -  Total Bytes Received By Job
	Partitionable Resources :    Usage  Request Allocated 
	   Cpus                 :     0.99        4         4 
	   Disk (KB)            : 33275        7500     10976 
	   GPUs                 :                           0 
	   Memory (MB)          :    39       12000     12000 
	   TimeExecute (s)      :  4893                       
	   TimeSlotBusy (s)     :  4895                       

	Job terminated of its own accord at 2025-12-16T08:16:41Z with exit-code 0.
...
