000 (10613549.165.000) 12/16 14:40:44 Job submitted from host: <188.185.71.83:9618?addrs=188.185.71.83-9618+[2001-1458-d00-7--100-34d]-9618&alias=bigbird18.cern.ch&noUDP&sock=schedd_5052_d48c>
...
040 (10613549.165.000) 12/16 15:14:55 Started transferring input files
	Transferring to host: <128.142.161.75:9618?addrs=128.142.161.75-9618+[2001-1458-301-b8--100-9]-9618&alias=b9g03p5635.cern.ch&noUDP&sock=slot1_21_1703778_7b5d_108677>
...
040 (10613549.165.000) 12/16 15:14:55 Finished transferring input files
...
001 (10613549.165.000) 12/16 15:14:55 Job executing on host: <128.142.161.75:9618?addrs=128.142.161.75-9618+[2001-1458-301-b8--100-9]-9618&alias=b9g03p5635.cern.ch&noUDP&sock=startd_3281_1252>
	SlotName: slot1_21@b9g03p5635.cern.ch
	CondorScratchDir = "/pool/condor/dir_2425738"
	Cpus = 4
	Disk = 38448
	GPUs = 0
	Memory = 12000
...
006 (10613549.165.000) 12/16 15:15:09 Image size of job updated: 40064
	40  -  MemoryUsage of job (MB)
	40064  -  ResidentSetSize of job (KB)
...
006 (10613549.165.000) 12/16 15:20:10 Image size of job updated: 40484
	40  -  MemoryUsage of job (MB)
	40064  -  ResidentSetSize of job (KB)
...
006 (10613549.165.000) 12/16 16:49:08 Image size of job updated: 121008
	40  -  MemoryUsage of job (MB)
	40064  -  ResidentSetSize of job (KB)
...
040 (10613549.165.000) 12/16 16:49:08 Started transferring output files
...
040 (10613549.165.000) 12/16 16:49:08 Finished transferring output files
...
005 (10613549.165.000) 12/16 16:49:08 Job terminated.
	(1) Normal termination (return value 0)
		Usr 0 01:33:29, Sys 0 00:00:06  -  Run Remote Usage
		Usr 0 00:00:00, Sys 0 00:00:00  -  Run Local Usage
		Usr 0 01:33:29, Sys 0 00:00:06  -  Total Remote Usage
		Usr 0 00:00:00, Sys 0 00:00:00  -  Total Local Usage
	0  -  Run Bytes Sent By Job
	7584148  -  Run Bytes Received By Job
	0  -  Total Bytes Sent By Job
	7584148  -  Total Bytes Received By Job
	Partitionable Resources :    Usage  Request Allocated 
	   Cpus                 :     0.99        4         4 
	   Disk (KB)            : 33721        7500     38448 
	   GPUs                 :                           0 
	   Memory (MB)          :    40       12000     12000 
	   TimeExecute (s)      :  5653                       
	   TimeSlotBusy (s)     :  5653                       

	Job terminated of its own accord at 2025-12-16T15:49:08Z with exit-code 0.
...
