000 (10610888.065.000) 12/16 07:14:44 Job submitted from host: <188.185.71.83:9618?addrs=188.185.71.83-9618+[2001-1458-d00-7--100-34d]-9618&alias=bigbird18.cern.ch&noUDP&sock=schedd_5052_d48c>
...
040 (10610888.065.000) 12/16 08:01:20 Started transferring input files
	Transferring to host: <188.185.209.225:9618?addrs=188.185.209.225-9618+[2001-1458-303-12--100-5e]-9618&alias=b9p12p3280.cern.ch&noUDP&sock=slot1_2_4003780_f575_78382>
...
040 (10610888.065.000) 12/16 08:01:20 Finished transferring input files
...
001 (10610888.065.000) 12/16 08:01:20 Job executing on host: <188.185.209.225:9618?addrs=188.185.209.225-9618+[2001-1458-303-12--100-5e]-9618&alias=b9p12p3280.cern.ch&noUDP&sock=startd_10442_ec04>
	SlotName: slot1_2@b9p12p3280.cern.ch
	CondorScratchDir = "/pool/condor/dir_2662988"
	Cpus = 4
	Disk = 10920
	GPUs = 0
	Memory = 12000
...
006 (10610888.065.000) 12/16 08:01:34 Image size of job updated: 42160
	42  -  MemoryUsage of job (MB)
	42160  -  ResidentSetSize of job (KB)
...
006 (10610888.065.000) 12/16 08:06:35 Image size of job updated: 42544
	42  -  MemoryUsage of job (MB)
	42160  -  ResidentSetSize of job (KB)
...
006 (10610888.065.000) 12/16 09:08:54 Image size of job updated: 123188
	42  -  MemoryUsage of job (MB)
	42160  -  ResidentSetSize of job (KB)
...
040 (10610888.065.000) 12/16 09:08:55 Started transferring output files
...
040 (10610888.065.000) 12/16 09:08:55 Finished transferring output files
...
005 (10610888.065.000) 12/16 09:08:55 Job terminated.
	(1) Normal termination (return value 0)
		Usr 0 01:06:36, Sys 0 00:00:06  -  Run Remote Usage
		Usr 0 00:00:00, Sys 0 00:00:00  -  Run Local Usage
		Usr 0 01:06:36, Sys 0 00:00:06  -  Total Remote Usage
		Usr 0 00:00:00, Sys 0 00:00:00  -  Total Local Usage
	0  -  Run Bytes Sent By Job
	7584148  -  Run Bytes Received By Job
	0  -  Total Bytes Sent By Job
	7584148  -  Total Bytes Received By Job
	Partitionable Resources :    Usage  Request Allocated 
	   Cpus                 :     0.99        4         4 
	   Disk (KB)            : 33566        7500     10920 
	   GPUs                 :                           0 
	   Memory (MB)          :    42       12000     12000 
	   TimeExecute (s)      :  4054                       
	   TimeSlotBusy (s)     :  4055                       

	Job terminated of its own accord at 2025-12-16T08:08:54Z with exit-code 0.
...
