000 (10610889.472.000) 12/16 07:15:00 Job submitted from host: <188.185.71.83:9618?addrs=188.185.71.83-9618+[2001-1458-d00-7--100-34d]-9618&alias=bigbird18.cern.ch&noUDP&sock=schedd_5052_d48c>
...
040 (10610889.472.000) 12/16 14:09:18 Started transferring input files
	Transferring to host: <128.142.33.201:9618?addrs=128.142.33.201-9618+[2001-1458-301-39--100-6]-9618&alias=b9g24p4713.cern.ch&noUDP&sock=slot1_5_4794_8e7c_96382>
...
040 (10610889.472.000) 12/16 14:09:18 Finished transferring input files
...
001 (10610889.472.000) 12/16 14:09:18 Job executing on host: <128.142.33.201:9618?addrs=128.142.33.201-9618+[2001-1458-301-39--100-6]-9618&alias=b9g24p4713.cern.ch&noUDP&sock=startd_4113_c11e>
	SlotName: slot1_5@b9g24p4713.cern.ch
	CondorScratchDir = "/pool/condor/dir_236239"
	Cpus = 4
	Disk = 10960
	GPUs = 0
	Memory = 12000
...
006 (10610889.472.000) 12/16 14:09:32 Image size of job updated: 38032
	38  -  MemoryUsage of job (MB)
	38032  -  ResidentSetSize of job (KB)
...
006 (10610889.472.000) 12/16 14:14:33 Image size of job updated: 38452
	38  -  MemoryUsage of job (MB)
	38032  -  ResidentSetSize of job (KB)
...
040 (10610889.472.000) 12/16 15:20:47 Started transferring output files
...
040 (10610889.472.000) 12/16 15:20:47 Finished transferring output files
...
005 (10610889.472.000) 12/16 15:20:47 Job terminated.
	(1) Normal termination (return value 0)
		Usr 0 01:10:38, Sys 0 00:00:06  -  Run Remote Usage
		Usr 0 00:00:00, Sys 0 00:00:00  -  Run Local Usage
		Usr 0 01:10:38, Sys 0 00:00:06  -  Total Remote Usage
		Usr 0 00:00:00, Sys 0 00:00:00  -  Total Local Usage
	0  -  Run Bytes Sent By Job
	7584148  -  Run Bytes Received By Job
	0  -  Total Bytes Sent By Job
	7584148  -  Total Bytes Received By Job
	Partitionable Resources :    Usage  Request Allocated 
	   Cpus                 :     0.99        4         4 
	   Disk (KB)            : 32631        7500     10960 
	   GPUs                 :                           0 
	   Memory (MB)          :    38       12000     12000 
	   TimeExecute (s)      :  4288                       
	   TimeSlotBusy (s)     :  4289                       

	Job terminated of its own accord at 2025-12-16T14:20:46Z with exit-code 0.
...
