000 (10613550.392.000) 12/16 14:40:59 Job submitted from host: <188.185.71.83:9618?addrs=188.185.71.83-9618+[2001-1458-d00-7--100-34d]-9618&alias=bigbird18.cern.ch&noUDP&sock=schedd_5052_d48c>
...
040 (10613550.392.000) 12/16 16:01:24 Started transferring input files
	Transferring to host: <188.185.213.51:9618?addrs=188.185.213.51-9618+[2001-1458-303-1a--100-2f]-9618&alias=b9p27p8609.cern.ch&noUDP&sock=slot1_2_4881_db20_93209>
...
040 (10613550.392.000) 12/16 16:01:24 Finished transferring input files
...
001 (10613550.392.000) 12/16 16:01:24 Job executing on host: <188.185.213.51:9618?addrs=188.185.213.51-9618+[2001-1458-303-1a--100-2f]-9618&alias=b9p27p8609.cern.ch&noUDP&sock=startd_3965_3d1a>
	SlotName: slot1_2@b9p27p8609.cern.ch
	CondorScratchDir = "/pool/condor/dir_733635"
	Cpus = 4
	Disk = 10972
	GPUs = 0
	Memory = 12000
...
006 (10613550.392.000) 12/16 16:01:38 Image size of job updated: 40632
	40  -  MemoryUsage of job (MB)
	40632  -  ResidentSetSize of job (KB)
...
006 (10613550.392.000) 12/16 16:06:39 Image size of job updated: 40724
	40  -  MemoryUsage of job (MB)
	40632  -  ResidentSetSize of job (KB)
...
006 (10613550.392.000) 12/16 17:35:01 Image size of job updated: 121304
	40  -  MemoryUsage of job (MB)
	40632  -  ResidentSetSize of job (KB)
...
040 (10613550.392.000) 12/16 17:35:02 Started transferring output files
...
040 (10613550.392.000) 12/16 17:35:02 Finished transferring output files
...
005 (10613550.392.000) 12/16 17:35:02 Job terminated.
	(1) Normal termination (return value 0)
		Usr 0 01:32:16, Sys 0 00:00:09  -  Run Remote Usage
		Usr 0 00:00:00, Sys 0 00:00:00  -  Run Local Usage
		Usr 0 01:32:16, Sys 0 00:00:09  -  Total Remote Usage
		Usr 0 00:00:00, Sys 0 00:00:00  -  Total Local Usage
	0  -  Run Bytes Sent By Job
	7584148  -  Run Bytes Received By Job
	0  -  Total Bytes Sent By Job
	7584148  -  Total Bytes Received By Job
	Partitionable Resources :    Usage  Request Allocated 
	   Cpus                 :     0.99        4         4 
	   Disk (KB)            : 32849        7500     10972 
	   GPUs                 :                           0 
	   Memory (MB)          :    40       12000     12000 
	   TimeExecute (s)      :  5617                       
	   TimeSlotBusy (s)     :  5618                       

	Job terminated of its own accord at 2025-12-16T16:35:01Z with exit-code 0.
...
