000 (10610887.924.000) 12/16 07:14:32 Job submitted from host: <188.185.71.83:9618?addrs=188.185.71.83-9618+[2001-1458-d00-7--100-34d]-9618&alias=bigbird18.cern.ch&noUDP&sock=schedd_5052_d48c>
...
040 (10610887.924.000) 12/16 08:00:02 Started transferring input files
	Transferring to host: <188.185.212.76:9618?addrs=188.185.212.76-9618+[2001-1458-303-18--100-48]-9618&alias=b9p25p9624.cern.ch&noUDP&sock=slot1_1_2675706_aec0_11954>
...
040 (10610887.924.000) 12/16 08:00:02 Finished transferring input files
...
001 (10610887.924.000) 12/16 08:00:02 Job executing on host: <188.185.212.76:9618?addrs=188.185.212.76-9618+[2001-1458-303-18--100-48]-9618&alias=b9p25p9624.cern.ch&noUDP&sock=startd_7565_8a0c>
	SlotName: slot1_1@b9p25p9624.cern.ch
	CondorScratchDir = "/pool/condor/dir_2193135"
	Cpus = 4
	Disk = 10937
	GPUs = 0
	Memory = 12000
...
006 (10610887.924.000) 12/16 08:00:16 Image size of job updated: 39592
	39  -  MemoryUsage of job (MB)
	39592  -  ResidentSetSize of job (KB)
...
006 (10610887.924.000) 12/16 08:05:18 Image size of job updated: 40012
	39  -  MemoryUsage of job (MB)
	39592  -  ResidentSetSize of job (KB)
...
040 (10610887.924.000) 12/16 09:30:36 Started transferring output files
...
040 (10610887.924.000) 12/16 09:30:36 Finished transferring output files
...
005 (10610887.924.000) 12/16 09:30:36 Job terminated.
	(1) Normal termination (return value 0)
		Usr 0 01:29:31, Sys 0 00:00:06  -  Run Remote Usage
		Usr 0 00:00:00, Sys 0 00:00:00  -  Run Local Usage
		Usr 0 01:29:31, Sys 0 00:00:06  -  Total Remote Usage
		Usr 0 00:00:00, Sys 0 00:00:00  -  Total Local Usage
	0  -  Run Bytes Sent By Job
	7584148  -  Run Bytes Received By Job
	0  -  Total Bytes Sent By Job
	7584148  -  Total Bytes Received By Job
	Partitionable Resources :    Usage  Request Allocated 
	   Cpus                 :     0.99        4         4 
	   Disk (KB)            : 32843        7500     10937 
	   GPUs                 :                           0 
	   Memory (MB)          :    39       12000     12000 
	   TimeExecute (s)      :  5434                       
	   TimeSlotBusy (s)     :  5435                       

	Job terminated of its own accord at 2025-12-16T08:30:36Z with exit-code 0.
...
