000 (10610888.501.000) 12/16 07:14:44 Job submitted from host: <188.185.71.83:9618?addrs=188.185.71.83-9618+[2001-1458-d00-7--100-34d]-9618&alias=bigbird18.cern.ch&noUDP&sock=schedd_5052_d48c>
...
040 (10610888.501.000) 12/16 09:27:22 Started transferring input files
	Transferring to host: <188.185.213.67:9618?addrs=188.185.213.67-9618+[2001-1458-303-1a--100-3f]-9618&alias=b9p27p8127.cern.ch&noUDP&sock=slot1_2_7159_e9bc_94399>
...
040 (10610888.501.000) 12/16 09:27:22 Finished transferring input files
...
001 (10610888.501.000) 12/16 09:27:22 Job executing on host: <188.185.213.67:9618?addrs=188.185.213.67-9618+[2001-1458-303-1a--100-3f]-9618&alias=b9p27p8127.cern.ch&noUDP&sock=startd_6597_925e>
	SlotName: slot1_2@b9p27p8127.cern.ch
	CondorScratchDir = "/pool/condor/dir_2192165"
	Cpus = 4
	Disk = 11091
	GPUs = 0
	Memory = 12000
...
006 (10610888.501.000) 12/16 09:27:36 Image size of job updated: 39420
	39  -  MemoryUsage of job (MB)
	39420  -  ResidentSetSize of job (KB)
...
006 (10610888.501.000) 12/16 09:32:37 Image size of job updated: 39448
	39  -  MemoryUsage of job (MB)
	39420  -  ResidentSetSize of job (KB)
...
006 (10610888.501.000) 12/16 11:05:51 Image size of job updated: 119776
	39  -  MemoryUsage of job (MB)
	39420  -  ResidentSetSize of job (KB)
...
040 (10610888.501.000) 12/16 11:05:52 Started transferring output files
...
040 (10610888.501.000) 12/16 11:05:52 Finished transferring output files
...
005 (10610888.501.000) 12/16 11:05:52 Job terminated.
	(1) Normal termination (return value 0)
		Usr 0 01:36:51, Sys 0 00:00:14  -  Run Remote Usage
		Usr 0 00:00:00, Sys 0 00:00:00  -  Run Local Usage
		Usr 0 01:36:51, Sys 0 00:00:14  -  Total Remote Usage
		Usr 0 00:00:00, Sys 0 00:00:00  -  Total Local Usage
	0  -  Run Bytes Sent By Job
	7584148  -  Run Bytes Received By Job
	0  -  Total Bytes Sent By Job
	7584148  -  Total Bytes Received By Job
	Partitionable Resources :    Usage  Request Allocated 
	   Cpus                 :     0.99        4         4 
	   Disk (KB)            : 33039        7500     11091 
	   GPUs                 :                           0 
	   Memory (MB)          :    39       12000     12000 
	   TimeExecute (s)      :  5909                       
	   TimeSlotBusy (s)     :  5910                       

	Job terminated of its own accord at 2025-12-16T10:05:51Z with exit-code 0.
...
