000 (10613550.375.000) 12/16 14:40:59 Job submitted from host: <188.185.71.83:9618?addrs=188.185.71.83-9618+[2001-1458-d00-7--100-34d]-9618&alias=bigbird18.cern.ch&noUDP&sock=schedd_5052_d48c>
...
040 (10613550.375.000) 12/16 15:59:08 Started transferring input files
	Transferring to host: <188.185.211.204:9618?addrs=188.185.211.204-9618+[2001-1458-303-17--100-48]-9618&alias=b9p24p9394.cern.ch&noUDP&sock=slot1_8_3601894_ea5f_12714>
...
040 (10613550.375.000) 12/16 15:59:08 Finished transferring input files
...
001 (10613550.375.000) 12/16 15:59:08 Job executing on host: <188.185.211.204:9618?addrs=188.185.211.204-9618+[2001-1458-303-17--100-48]-9618&alias=b9p24p9394.cern.ch&noUDP&sock=startd_7396_9e8a>
	SlotName: slot1_8@b9p24p9394.cern.ch
	CondorScratchDir = "/pool/condor/dir_3974525"
	Cpus = 4
	Disk = 11064
	GPUs = 0
	Memory = 12000
...
006 (10613550.375.000) 12/16 15:59:22 Image size of job updated: 37480
	37  -  MemoryUsage of job (MB)
	37480  -  ResidentSetSize of job (KB)
...
006 (10613550.375.000) 12/16 16:04:22 Image size of job updated: 37900
	37  -  MemoryUsage of job (MB)
	37480  -  ResidentSetSize of job (KB)
...
040 (10613550.375.000) 12/16 17:29:32 Started transferring output files
...
040 (10613550.375.000) 12/16 17:29:32 Finished transferring output files
...
005 (10613550.375.000) 12/16 17:29:32 Job terminated.
	(1) Normal termination (return value 0)
		Usr 0 01:29:18, Sys 0 00:00:07  -  Run Remote Usage
		Usr 0 00:00:00, Sys 0 00:00:00  -  Run Local Usage
		Usr 0 01:29:18, Sys 0 00:00:07  -  Total Remote Usage
		Usr 0 00:00:00, Sys 0 00:00:00  -  Total Local Usage
	0  -  Run Bytes Sent By Job
	7584148  -  Run Bytes Received By Job
	0  -  Total Bytes Sent By Job
	7584148  -  Total Bytes Received By Job
	Partitionable Resources :    Usage  Request Allocated 
	   Cpus                 :     0.99        4         4 
	   Disk (KB)            : 32886        7500     11064 
	   GPUs                 :                           0 
	   Memory (MB)          :    37       12000     12000 
	   TimeExecute (s)      :  5423                       
	   TimeSlotBusy (s)     :  5424                       

	Job terminated of its own accord at 2025-12-16T16:29:31Z with exit-code 0.
...
