000 (10613550.084.000) 12/16 14:40:58 Job submitted from host: <188.185.71.83:9618?addrs=188.185.71.83-9618+[2001-1458-d00-7--100-34d]-9618&alias=bigbird18.cern.ch&noUDP&sock=schedd_5052_d48c>
...
040 (10613550.084.000) 12/16 15:35:44 Started transferring input files
	Transferring to host: <188.185.213.171:9618?addrs=188.185.213.171-9618+[2001-1458-303-1b--100-27]-9618&alias=b9p28p8423.cern.ch&noUDP&sock=slot1_11_8912_0f63_93472>
...
040 (10613550.084.000) 12/16 15:35:44 Finished transferring input files
...
001 (10613550.084.000) 12/16 15:35:44 Job executing on host: <188.185.213.171:9618?addrs=188.185.213.171-9618+[2001-1458-303-1b--100-27]-9618&alias=b9p28p8423.cern.ch&noUDP&sock=startd_7563_2adb>
	SlotName: slot1_11@b9p28p8423.cern.ch
	CondorScratchDir = "/pool/condor/dir_869085"
	Cpus = 4
	Disk = 11102
	GPUs = 0
	Memory = 12000
...
006 (10613550.084.000) 12/16 15:35:58 Image size of job updated: 40020
	40  -  MemoryUsage of job (MB)
	40020  -  ResidentSetSize of job (KB)
...
006 (10613550.084.000) 12/16 15:40:59 Image size of job updated: 40440
	40  -  MemoryUsage of job (MB)
	40020  -  ResidentSetSize of job (KB)
...
040 (10613550.084.000) 12/16 16:48:51 Started transferring output files
...
040 (10613550.084.000) 12/16 16:48:52 Finished transferring output files
...
005 (10613550.084.000) 12/16 16:48:52 Job terminated.
	(1) Normal termination (return value 0)
		Usr 0 01:12:14, Sys 0 00:00:08  -  Run Remote Usage
		Usr 0 00:00:00, Sys 0 00:00:00  -  Run Local Usage
		Usr 0 01:12:14, Sys 0 00:00:08  -  Total Remote Usage
		Usr 0 00:00:00, Sys 0 00:00:00  -  Total Local Usage
	0  -  Run Bytes Sent By Job
	7584148  -  Run Bytes Received By Job
	0  -  Total Bytes Sent By Job
	7584148  -  Total Bytes Received By Job
	Partitionable Resources :    Usage  Request Allocated 
	   Cpus                 :     0.99        4         4 
	   Disk (KB)            : 32379        7500     11102 
	   GPUs                 :                           0 
	   Memory (MB)          :    40       12000     12000 
	   TimeExecute (s)      :  4387                       
	   TimeSlotBusy (s)     :  4388                       

	Job terminated of its own accord at 2025-12-16T15:48:51Z with exit-code 0.
...
