000 (10610889.945.000) 12/16 07:15:01 Job submitted from host: <188.185.71.83:9618?addrs=188.185.71.83-9618+[2001-1458-d00-7--100-34d]-9618&alias=bigbird18.cern.ch&noUDP&sock=schedd_5052_d48c>
...
040 (10610889.945.000) 12/16 14:27:05 Started transferring input files
	Transferring to host: <188.185.215.59:9618?addrs=188.185.215.59-9618+[2001-1458-303-1e--100-37]-9618&alias=b9p31p2959.cern.ch&noUDP&sock=slot1_7_4483_6dcf_92296>
...
040 (10610889.945.000) 12/16 14:27:05 Finished transferring input files
...
001 (10610889.945.000) 12/16 14:27:05 Job executing on host: <188.185.215.59:9618?addrs=188.185.215.59-9618+[2001-1458-303-1e--100-37]-9618&alias=b9p31p2959.cern.ch&noUDP&sock=startd_3753_d306>
	SlotName: slot1_7@b9p31p2959.cern.ch
	CondorScratchDir = "/pool/condor/dir_2578133"
	Cpus = 4
	Disk = 10938
	GPUs = 0
	Memory = 12000
...
006 (10610889.945.000) 12/16 14:27:18 Image size of job updated: 39560
	39  -  MemoryUsage of job (MB)
	39560  -  ResidentSetSize of job (KB)
...
006 (10610889.945.000) 12/16 14:32:18 Image size of job updated: 39980
	39  -  MemoryUsage of job (MB)
	39560  -  ResidentSetSize of job (KB)
...
006 (10610889.945.000) 12/16 15:52:11 Image size of job updated: 120512
	39  -  MemoryUsage of job (MB)
	39560  -  ResidentSetSize of job (KB)
...
040 (10610889.945.000) 12/16 15:52:12 Started transferring output files
...
040 (10610889.945.000) 12/16 15:52:12 Finished transferring output files
...
005 (10610889.945.000) 12/16 15:52:12 Job terminated.
	(1) Normal termination (return value 0)
		Usr 0 01:24:02, Sys 0 00:00:06  -  Run Remote Usage
		Usr 0 00:00:00, Sys 0 00:00:00  -  Run Local Usage
		Usr 0 01:24:02, Sys 0 00:00:06  -  Total Remote Usage
		Usr 0 00:00:00, Sys 0 00:00:00  -  Total Local Usage
	0  -  Run Bytes Sent By Job
	7584148  -  Run Bytes Received By Job
	0  -  Total Bytes Sent By Job
	7584148  -  Total Bytes Received By Job
	Partitionable Resources :    Usage  Request Allocated 
	   Cpus                 :     0.99        4         4 
	   Disk (KB)            : 32417        7500     10938 
	   GPUs                 :                           0 
	   Memory (MB)          :    39       12000     12000 
	   TimeExecute (s)      :  5106                       
	   TimeSlotBusy (s)     :  5108                       

	Job terminated of its own accord at 2025-12-16T14:52:11Z with exit-code 0.
...
