000 (10613549.721.000) 12/16 14:40:45 Job submitted from host: <188.185.71.83:9618?addrs=188.185.71.83-9618+[2001-1458-d00-7--100-34d]-9618&alias=bigbird18.cern.ch&noUDP&sock=schedd_5052_d48c>
...
040 (10613549.721.000) 12/16 15:31:37 Started transferring input files
	Transferring to host: <188.185.206.178:9618?addrs=188.185.206.178-9618+[2001-1458-303-c--100-2f]-9618&alias=b9p06p2822.cern.ch&noUDP&sock=slot1_36_3956032_2c60_17188>
...
040 (10613549.721.000) 12/16 15:31:37 Finished transferring input files
...
001 (10613549.721.000) 12/16 15:31:37 Job executing on host: <188.185.206.178:9618?addrs=188.185.206.178-9618+[2001-1458-303-c--100-2f]-9618&alias=b9p06p2822.cern.ch&noUDP&sock=startd_3881_9f25>
	SlotName: slot1_36@b9p06p2822.cern.ch
	CondorScratchDir = "/pool/condor/dir_959347"
	Cpus = 4
	Disk = 11023
	GPUs = 0
	Memory = 12000
...
006 (10613549.721.000) 12/16 15:31:51 Image size of job updated: 39620
	39  -  MemoryUsage of job (MB)
	39620  -  ResidentSetSize of job (KB)
...
006 (10613549.721.000) 12/16 15:36:52 Image size of job updated: 40000
	39  -  MemoryUsage of job (MB)
	39620  -  ResidentSetSize of job (KB)
...
006 (10613549.721.000) 12/16 17:07:54 Image size of job updated: 120648
	39  -  MemoryUsage of job (MB)
	39620  -  ResidentSetSize of job (KB)
...
040 (10613549.721.000) 12/16 17:07:55 Started transferring output files
...
040 (10613549.721.000) 12/16 17:07:55 Finished transferring output files
...
005 (10613549.721.000) 12/16 17:07:55 Job terminated.
	(1) Normal termination (return value 0)
		Usr 0 01:34:44, Sys 0 00:00:09  -  Run Remote Usage
		Usr 0 00:00:00, Sys 0 00:00:00  -  Run Local Usage
		Usr 0 01:34:44, Sys 0 00:00:09  -  Total Remote Usage
		Usr 0 00:00:00, Sys 0 00:00:00  -  Total Local Usage
	0  -  Run Bytes Sent By Job
	7584148  -  Run Bytes Received By Job
	0  -  Total Bytes Sent By Job
	7584148  -  Total Bytes Received By Job
	Partitionable Resources :    Usage  Request Allocated 
	   Cpus                 :     0.99        4         4 
	   Disk (KB)            : 32954        7500     11023 
	   GPUs                 :                           0 
	   Memory (MB)          :    39       12000     12000 
	   TimeExecute (s)      :  5777                       
	   TimeSlotBusy (s)     :  5778                       

	Job terminated of its own accord at 2025-12-16T16:07:54Z with exit-code 0.
...
