000 (10610887.489.000) 12/16 07:14:31 Job submitted from host: <188.185.71.83:9618?addrs=188.185.71.83-9618+[2001-1458-d00-7--100-34d]-9618&alias=bigbird18.cern.ch&noUDP&sock=schedd_5052_d48c>
...
040 (10610887.489.000) 12/16 07:50:27 Started transferring input files
	Transferring to host: <128.142.161.114:9618?addrs=128.142.161.114-9618+[2001-1458-301-b8--100-30]-9618&alias=b9g03p3124.cern.ch&noUDP&sock=slot1_19_505982_d799_78919>
...
040 (10610887.489.000) 12/16 07:50:27 Finished transferring input files
...
001 (10610887.489.000) 12/16 07:50:27 Job executing on host: <128.142.161.114:9618?addrs=128.142.161.114-9618+[2001-1458-301-b8--100-30]-9618&alias=b9g03p3124.cern.ch&noUDP&sock=startd_3171104_294e>
	SlotName: slot1_19@b9g03p3124.cern.ch
	CondorScratchDir = "/pool/condor/dir_649051"
	Cpus = 4
	Disk = 11303
	GPUs = 0
	Memory = 12000
...
006 (10610887.489.000) 12/16 07:50:41 Image size of job updated: 37468
	37  -  MemoryUsage of job (MB)
	37468  -  ResidentSetSize of job (KB)
...
006 (10610887.489.000) 12/16 07:55:42 Image size of job updated: 37888
	37  -  MemoryUsage of job (MB)
	37468  -  ResidentSetSize of job (KB)
...
006 (10610887.489.000) 12/16 09:35:40 Image size of job updated: 118420
	37  -  MemoryUsage of job (MB)
	37468  -  ResidentSetSize of job (KB)
...
040 (10610887.489.000) 12/16 09:35:41 Started transferring output files
...
040 (10610887.489.000) 12/16 09:35:41 Finished transferring output files
...
005 (10610887.489.000) 12/16 09:35:41 Job terminated.
	(1) Normal termination (return value 0)
		Usr 0 01:44:17, Sys 0 00:00:05  -  Run Remote Usage
		Usr 0 00:00:00, Sys 0 00:00:00  -  Run Local Usage
		Usr 0 01:44:17, Sys 0 00:00:05  -  Total Remote Usage
		Usr 0 00:00:00, Sys 0 00:00:00  -  Total Local Usage
	0  -  Run Bytes Sent By Job
	7584148  -  Run Bytes Received By Job
	0  -  Total Bytes Sent By Job
	7584148  -  Total Bytes Received By Job
	Partitionable Resources :    Usage  Request Allocated 
	   Cpus                 :     0.99        4         4 
	   Disk (KB)            : 33188        7500     11303 
	   GPUs                 :                           0 
	   Memory (MB)          :    37       12000     12000 
	   TimeExecute (s)      :  6313                       
	   TimeSlotBusy (s)     :  6314                       

	Job terminated of its own accord at 2025-12-16T08:35:40Z with exit-code 0.
...
