000 (10613549.048.000) 12/16 14:40:44 Job submitted from host: <188.185.71.83:9618?addrs=188.185.71.83-9618+[2001-1458-d00-7--100-34d]-9618&alias=bigbird18.cern.ch&noUDP&sock=schedd_5052_d48c>
...
040 (10613549.048.000) 12/16 14:51:06 Started transferring input files
	Transferring to host: <188.185.210.169:9618?addrs=188.185.210.169-9618+[2001-1458-303-15--100-25]-9618&alias=b9p22p6482.cern.ch&noUDP&sock=slot1_13_4159579_72d5_13291>
...
040 (10613549.048.000) 12/16 14:51:06 Finished transferring input files
...
001 (10613549.048.000) 12/16 14:51:06 Job executing on host: <188.185.210.169:9618?addrs=188.185.210.169-9618+[2001-1458-303-15--100-25]-9618&alias=b9p22p6482.cern.ch&noUDP&sock=startd_3009_8090>
	SlotName: slot1_13@b9p22p6482.cern.ch
	CondorScratchDir = "/pool/condor/dir_698425"
	Cpus = 4
	Disk = 11593
	GPUs = 0
	Memory = 12000
...
006 (10613549.048.000) 12/16 14:51:20 Image size of job updated: 36044
	36  -  MemoryUsage of job (MB)
	36044  -  ResidentSetSize of job (KB)
...
006 (10613549.048.000) 12/16 14:56:21 Image size of job updated: 36136
	36  -  MemoryUsage of job (MB)
	36044  -  ResidentSetSize of job (KB)
...
040 (10613549.048.000) 12/16 16:23:01 Started transferring output files
...
040 (10613549.048.000) 12/16 16:23:01 Finished transferring output files
...
005 (10613549.048.000) 12/16 16:23:01 Job terminated.
	(1) Normal termination (return value 0)
		Usr 0 01:30:30, Sys 0 00:00:09  -  Run Remote Usage
		Usr 0 00:00:00, Sys 0 00:00:00  -  Run Local Usage
		Usr 0 01:30:30, Sys 0 00:00:09  -  Total Remote Usage
		Usr 0 00:00:00, Sys 0 00:00:00  -  Total Local Usage
	0  -  Run Bytes Sent By Job
	7584148  -  Run Bytes Received By Job
	0  -  Total Bytes Sent By Job
	7584148  -  Total Bytes Received By Job
	Partitionable Resources :    Usage  Request Allocated 
	   Cpus                 :     0.99        4         4 
	   Disk (KB)            : 32388        7500     11593 
	   GPUs                 :                           0 
	   Memory (MB)          :    36       12000     12000 
	   TimeExecute (s)      :  5514                       
	   TimeSlotBusy (s)     :  5515                       

	Job terminated of its own accord at 2025-12-16T15:23:00Z with exit-code 0.
...
