000 (10610889.859.000) 12/16 07:15:01 Job submitted from host: <188.185.71.83:9618?addrs=188.185.71.83-9618+[2001-1458-d00-7--100-34d]-9618&alias=bigbird18.cern.ch&noUDP&sock=schedd_5052_d48c>
...
040 (10610889.859.000) 12/16 14:26:36 Started transferring input files
	Transferring to host: <188.185.211.208:9618?addrs=188.185.211.208-9618+[2001-1458-303-17--100-4c]-9618&alias=b9p24p5433.cern.ch&noUDP&sock=slot1_6_5472_44d8_94550>
...
040 (10610889.859.000) 12/16 14:26:36 Finished transferring input files
...
001 (10610889.859.000) 12/16 14:26:36 Job executing on host: <188.185.211.208:9618?addrs=188.185.211.208-9618+[2001-1458-303-17--100-4c]-9618&alias=b9p24p5433.cern.ch&noUDP&sock=startd_4486_99f1>
	SlotName: slot1_6@b9p24p5433.cern.ch
	CondorScratchDir = "/pool/condor/dir_3888573"
	Cpus = 4
	Disk = 10996
	GPUs = 0
	Memory = 12000
...
006 (10610889.859.000) 12/16 14:26:50 Image size of job updated: 24776
	25  -  MemoryUsage of job (MB)
	24776  -  ResidentSetSize of job (KB)
...
006 (10610889.859.000) 12/16 14:31:51 Image size of job updated: 25200
	25  -  MemoryUsage of job (MB)
	24776  -  ResidentSetSize of job (KB)
...
040 (10610889.859.000) 12/16 15:58:16 Started transferring output files
...
040 (10610889.859.000) 12/16 15:58:16 Finished transferring output files
...
005 (10610889.859.000) 12/16 15:58:16 Job terminated.
	(1) Normal termination (return value 0)
		Usr 0 01:30:17, Sys 0 00:00:10  -  Run Remote Usage
		Usr 0 00:00:00, Sys 0 00:00:00  -  Run Local Usage
		Usr 0 01:30:17, Sys 0 00:00:10  -  Total Remote Usage
		Usr 0 00:00:00, Sys 0 00:00:00  -  Total Local Usage
	0  -  Run Bytes Sent By Job
	7584148  -  Run Bytes Received By Job
	0  -  Total Bytes Sent By Job
	7584148  -  Total Bytes Received By Job
	Partitionable Resources :    Usage  Request Allocated 
	   Cpus                 :     0.99        4         4 
	   Disk (KB)            : 33318        7500     10996 
	   GPUs                 :                           0 
	   Memory (MB)          :    25       12000     12000 
	   TimeExecute (s)      :  5499                       
	   TimeSlotBusy (s)     :  5501                       

	Job terminated of its own accord at 2025-12-16T14:58:15Z with exit-code 0.
...
