000 (10613550.484.000) 12/16 14:40:59 Job submitted from host: <188.185.71.83:9618?addrs=188.185.71.83-9618+[2001-1458-d00-7--100-34d]-9618&alias=bigbird18.cern.ch&noUDP&sock=schedd_5052_d48c>
...
040 (10613550.484.000) 12/16 16:12:11 Started transferring input files
	Transferring to host: <188.185.196.8:9618?addrs=188.185.196.8-9618+[2001-1458-303-23--100-4]-9618&alias=b9p16p9750.cern.ch&noUDP&sock=slot1_7_7139_d23b_84622>
...
040 (10613550.484.000) 12/16 16:12:11 Finished transferring input files
...
001 (10613550.484.000) 12/16 16:12:11 Job executing on host: <188.185.196.8:9618?addrs=188.185.196.8-9618+[2001-1458-303-23--100-4]-9618&alias=b9p16p9750.cern.ch&noUDP&sock=startd_6067_092d>
	SlotName: slot1_7@b9p16p9750.cern.ch
	CondorScratchDir = "/pool/condor/dir_4075006"
	Cpus = 4
	Disk = 11073
	GPUs = 0
	Memory = 12000
...
006 (10613550.484.000) 12/16 16:12:25 Image size of job updated: 40048
	40  -  MemoryUsage of job (MB)
	40048  -  ResidentSetSize of job (KB)
...
006 (10613550.484.000) 12/16 16:17:26 Image size of job updated: 40468
	40  -  MemoryUsage of job (MB)
	40048  -  ResidentSetSize of job (KB)
...
040 (10613550.484.000) 12/16 18:51:00 Started transferring output files
...
040 (10613550.484.000) 12/16 18:51:00 Finished transferring output files
...
005 (10613550.484.000) 12/16 18:51:00 Job terminated.
	(1) Normal termination (return value 0)
		Usr 0 02:37:17, Sys 0 00:00:11  -  Run Remote Usage
		Usr 0 00:00:00, Sys 0 00:00:00  -  Run Local Usage
		Usr 0 02:37:17, Sys 0 00:00:11  -  Total Remote Usage
		Usr 0 00:00:00, Sys 0 00:00:00  -  Total Local Usage
	0  -  Run Bytes Sent By Job
	7584148  -  Run Bytes Received By Job
	0  -  Total Bytes Sent By Job
	7584148  -  Total Bytes Received By Job
	Partitionable Resources :    Usage  Request Allocated 
	   Cpus                 :     0.99        4         4 
	   Disk (KB)            : 32996        7500     11073 
	   GPUs                 :                           0 
	   Memory (MB)          :    40       12000     12000 
	   TimeExecute (s)      :  9528                       
	   TimeSlotBusy (s)     :  9529                       

	Job terminated of its own accord at 2025-12-16T17:50:59Z with exit-code 0.
...
