000 (10610887.096.000) 12/16 07:14:31 Job submitted from host: <188.185.71.83:9618?addrs=188.185.71.83-9618+[2001-1458-d00-7--100-34d]-9618&alias=bigbird18.cern.ch&noUDP&sock=schedd_5052_d48c>
...
040 (10610887.096.000) 12/16 07:44:21 Started transferring input files
	Transferring to host: <188.185.195.47:9618?addrs=188.185.195.47-9618+[2001-1458-303-22--100-2b]-9618&alias=b9p17p0662.cern.ch&noUDP&sock=slot1_14_3251_5f9d_82676>
...
040 (10610887.096.000) 12/16 07:44:21 Finished transferring input files
...
001 (10610887.096.000) 12/16 07:44:21 Job executing on host: <188.185.195.47:9618?addrs=188.185.195.47-9618+[2001-1458-303-22--100-2b]-9618&alias=b9p17p0662.cern.ch&noUDP&sock=startd_3199_d38e>
	SlotName: slot1_14@b9p17p0662.cern.ch
	CondorScratchDir = "/pool/condor/dir_3404706"
	Cpus = 4
	Disk = 11067
	GPUs = 0
	Memory = 12000
...
006 (10610887.096.000) 12/16 07:44:35 Image size of job updated: 37460
	37  -  MemoryUsage of job (MB)
	37460  -  ResidentSetSize of job (KB)
...
006 (10610887.096.000) 12/16 07:49:36 Image size of job updated: 37880
	37  -  MemoryUsage of job (MB)
	37460  -  ResidentSetSize of job (KB)
...
040 (10610887.096.000) 12/16 10:01:48 Started transferring output files
...
040 (10610887.096.000) 12/16 10:01:48 Finished transferring output files
...
005 (10610887.096.000) 12/16 10:01:48 Job terminated.
	(1) Normal termination (return value 0)
		Usr 0 02:14:50, Sys 0 00:00:16  -  Run Remote Usage
		Usr 0 00:00:00, Sys 0 00:00:00  -  Run Local Usage
		Usr 0 02:14:50, Sys 0 00:00:16  -  Total Remote Usage
		Usr 0 00:00:00, Sys 0 00:00:00  -  Total Local Usage
	0  -  Run Bytes Sent By Job
	7584148  -  Run Bytes Received By Job
	0  -  Total Bytes Sent By Job
	7584148  -  Total Bytes Received By Job
	Partitionable Resources :    Usage  Request Allocated 
	   Cpus                 :     0.99        4         4 
	   Disk (KB)            : 32323        7500     11067 
	   GPUs                 :                           0 
	   Memory (MB)          :    37       12000     12000 
	   TimeExecute (s)      :  8246                       
	   TimeSlotBusy (s)     :  8248                       

	Job terminated of its own accord at 2025-12-16T09:01:47Z with exit-code 0.
...
