000 (10613549.969.000) 12/16 14:40:45 Job submitted from host: <188.185.71.83:9618?addrs=188.185.71.83-9618+[2001-1458-d00-7--100-34d]-9618&alias=bigbird18.cern.ch&noUDP&sock=schedd_5052_d48c>
...
040 (10613549.969.000) 12/16 15:35:06 Started transferring input files
	Transferring to host: <188.185.204.148:9618?addrs=188.185.204.148-9618+[2001-1458-303-8--100-88]-9618&alias=b9p02p6404.cern.ch&noUDP&sock=slot1_16_4673_4d17_84914>
...
040 (10613549.969.000) 12/16 15:35:06 Finished transferring input files
...
001 (10613549.969.000) 12/16 15:35:06 Job executing on host: <188.185.204.148:9618?addrs=188.185.204.148-9618+[2001-1458-303-8--100-88]-9618&alias=b9p02p6404.cern.ch&noUDP&sock=startd_3927_2c80>
	SlotName: slot1_16@b9p02p6404.cern.ch
	CondorScratchDir = "/pool/condor/dir_397704"
	Cpus = 4
	Disk = 10760
	GPUs = 0
	Memory = 12000
...
006 (10613549.969.000) 12/16 15:35:20 Image size of job updated: 28672
	28  -  MemoryUsage of job (MB)
	28672  -  ResidentSetSize of job (KB)
...
040 (10613549.969.000) 12/16 17:08:14 Started transferring output files
...
040 (10613549.969.000) 12/16 17:08:14 Finished transferring output files
...
005 (10613549.969.000) 12/16 17:08:14 Job terminated.
	(1) Normal termination (return value 0)
		Usr 0 01:31:32, Sys 0 00:00:09  -  Run Remote Usage
		Usr 0 00:00:00, Sys 0 00:00:00  -  Run Local Usage
		Usr 0 01:31:32, Sys 0 00:00:09  -  Total Remote Usage
		Usr 0 00:00:00, Sys 0 00:00:00  -  Total Local Usage
	0  -  Run Bytes Sent By Job
	7584148  -  Run Bytes Received By Job
	0  -  Total Bytes Sent By Job
	7584148  -  Total Bytes Received By Job
	Partitionable Resources :    Usage  Request Allocated 
	   Cpus                 :     0.99        4         4 
	   Disk (KB)            : 32937        7500     10760 
	   GPUs                 :                           0 
	   Memory (MB)          :    28       12000     12000 
	   TimeExecute (s)      :  5587                       
	   TimeSlotBusy (s)     :  5588                       

	Job terminated of its own accord at 2025-12-16T16:08:13Z with exit-code 0.
...
