000 (10610889.298.000) 12/16 07:15:00 Job submitted from host: <188.185.71.83:9618?addrs=188.185.71.83-9618+[2001-1458-d00-7--100-34d]-9618&alias=bigbird18.cern.ch&noUDP&sock=schedd_5052_d48c>
...
040 (10610889.298.000) 12/16 13:31:48 Started transferring input files
	Transferring to host: <188.185.212.171:9618?addrs=188.185.212.171-9618+[2001-1458-303-19--100-27]-9618&alias=b9p26p4641.cern.ch&noUDP&sock=slot1_12_3959307_b505_12968>
...
040 (10610889.298.000) 12/16 13:31:48 Finished transferring input files
...
001 (10610889.298.000) 12/16 13:31:48 Job executing on host: <188.185.212.171:9618?addrs=188.185.212.171-9618+[2001-1458-303-19--100-27]-9618&alias=b9p26p4641.cern.ch&noUDP&sock=startd_3958732_750f>
	SlotName: slot1_12@b9p26p4641.cern.ch
	CondorScratchDir = "/pool/condor/dir_2638565"
	Cpus = 4
	Disk = 11032
	GPUs = 0
	Memory = 12000
...
006 (10610889.298.000) 12/16 13:32:02 Image size of job updated: 36068
	36  -  MemoryUsage of job (MB)
	36068  -  ResidentSetSize of job (KB)
...
006 (10610889.298.000) 12/16 13:37:02 Image size of job updated: 36160
	36  -  MemoryUsage of job (MB)
	36068  -  ResidentSetSize of job (KB)
...
006 (10610889.298.000) 12/16 14:57:30 Image size of job updated: 116816
	36  -  MemoryUsage of job (MB)
	36068  -  ResidentSetSize of job (KB)
...
040 (10610889.298.000) 12/16 14:57:30 Started transferring output files
...
040 (10610889.298.000) 12/16 14:57:30 Finished transferring output files
...
005 (10610889.298.000) 12/16 14:57:31 Job terminated.
	(1) Normal termination (return value 0)
		Usr 0 01:24:21, Sys 0 00:00:11  -  Run Remote Usage
		Usr 0 00:00:00, Sys 0 00:00:00  -  Run Local Usage
		Usr 0 01:24:21, Sys 0 00:00:11  -  Total Remote Usage
		Usr 0 00:00:00, Sys 0 00:00:00  -  Total Local Usage
	0  -  Run Bytes Sent By Job
	7584148  -  Run Bytes Received By Job
	0  -  Total Bytes Sent By Job
	7584148  -  Total Bytes Received By Job
	Partitionable Resources :    Usage  Request Allocated 
	   Cpus                 :     0.99        4         4 
	   Disk (KB)            : 33103        7500     11032 
	   GPUs                 :                           0 
	   Memory (MB)          :    36       12000     12000 
	   TimeExecute (s)      :  5142                       
	   TimeSlotBusy (s)     :  5143                       

	Job terminated of its own accord at 2025-12-16T13:57:30Z with exit-code 0.
...
