000 (10610888.090.000) 12/16 07:14:44 Job submitted from host: <188.185.71.83:9618?addrs=188.185.71.83-9618+[2001-1458-d00-7--100-34d]-9618&alias=bigbird18.cern.ch&noUDP&sock=schedd_5052_d48c>
...
040 (10610888.090.000) 12/16 08:01:29 Started transferring input files
	Transferring to host: <188.185.209.199:9618?addrs=188.185.209.199-9618+[2001-1458-303-12--100-44]-9618&alias=b9p12p6840.cern.ch&noUDP&sock=slot1_14_4600_ddb4_82446>
...
040 (10610888.090.000) 12/16 08:01:29 Finished transferring input files
...
001 (10610888.090.000) 12/16 08:01:29 Job executing on host: <188.185.209.199:9618?addrs=188.185.209.199-9618+[2001-1458-303-12--100-44]-9618&alias=b9p12p6840.cern.ch&noUDP&sock=startd_3879_3ff5>
	SlotName: slot1_14@b9p12p6840.cern.ch
	CondorScratchDir = "/pool/condor/dir_334548"
	Cpus = 4
	Disk = 10698
	GPUs = 0
	Memory = 12000
...
006 (10610888.090.000) 12/16 08:01:43 Image size of job updated: 42160
	42  -  MemoryUsage of job (MB)
	42160  -  ResidentSetSize of job (KB)
...
006 (10610888.090.000) 12/16 08:06:44 Image size of job updated: 42564
	42  -  MemoryUsage of job (MB)
	42160  -  ResidentSetSize of job (KB)
...
006 (10610888.090.000) 12/16 09:55:53 Image size of job updated: 123180
	42  -  MemoryUsage of job (MB)
	42160  -  ResidentSetSize of job (KB)
...
040 (10610888.090.000) 12/16 09:55:54 Started transferring output files
...
040 (10610888.090.000) 12/16 09:55:54 Finished transferring output files
...
005 (10610888.090.000) 12/16 09:55:54 Job terminated.
	(1) Normal termination (return value 0)
		Usr 0 01:50:43, Sys 0 00:00:14  -  Run Remote Usage
		Usr 0 00:00:00, Sys 0 00:00:00  -  Run Local Usage
		Usr 0 01:50:43, Sys 0 00:00:14  -  Total Remote Usage
		Usr 0 00:00:00, Sys 0 00:00:00  -  Total Local Usage
	0  -  Run Bytes Sent By Job
	7584148  -  Run Bytes Received By Job
	0  -  Total Bytes Sent By Job
	7584148  -  Total Bytes Received By Job
	Partitionable Resources :    Usage  Request Allocated 
	   Cpus                 :     0.99        4         4 
	   Disk (KB)            : 33021        7500     10698 
	   GPUs                 :                           0 
	   Memory (MB)          :    42       12000     12000 
	   TimeExecute (s)      :  6864                       
	   TimeSlotBusy (s)     :  6865                       

	Job terminated of its own accord at 2025-12-16T08:55:53Z with exit-code 0.
...
