000 (10613550.874.000) 12/16 14:41:00 Job submitted from host: <188.185.71.83:9618?addrs=188.185.71.83-9618+[2001-1458-d00-7--100-34d]-9618&alias=bigbird18.cern.ch&noUDP&sock=schedd_5052_d48c>
...
040 (10613550.874.000) 12/16 16:52:23 Started transferring input files
	Transferring to host: <188.185.209.209:9618?addrs=188.185.209.209-9618+[2001-1458-303-12--100-4e]-9618&alias=b9p12p4042.cern.ch&noUDP&sock=slot1_11_10603_85c8_82135>
...
040 (10613550.874.000) 12/16 16:52:23 Finished transferring input files
...
001 (10613550.874.000) 12/16 16:52:23 Job executing on host: <188.185.209.209:9618?addrs=188.185.209.209-9618+[2001-1458-303-12--100-4e]-9618&alias=b9p12p4042.cern.ch&noUDP&sock=startd_10069_1331>
	SlotName: slot1_11@b9p12p4042.cern.ch
	CondorScratchDir = "/pool/condor/dir_1687349"
	Cpus = 4
	Disk = 10908
	GPUs = 0
	Memory = 12000
...
006 (10613550.874.000) 12/16 16:52:37 Image size of job updated: 39632
	39  -  MemoryUsage of job (MB)
	39632  -  ResidentSetSize of job (KB)
...
006 (10613550.874.000) 12/16 16:57:38 Image size of job updated: 40012
	39  -  MemoryUsage of job (MB)
	39632  -  ResidentSetSize of job (KB)
...
040 (10613550.874.000) 12/16 18:18:59 Started transferring output files
...
040 (10613550.874.000) 12/16 18:18:59 Finished transferring output files
...
005 (10613550.874.000) 12/16 18:18:59 Job terminated.
	(1) Normal termination (return value 0)
		Usr 0 01:24:53, Sys 0 00:00:08  -  Run Remote Usage
		Usr 0 00:00:00, Sys 0 00:00:00  -  Run Local Usage
		Usr 0 01:24:53, Sys 0 00:00:08  -  Total Remote Usage
		Usr 0 00:00:00, Sys 0 00:00:00  -  Total Local Usage
	0  -  Run Bytes Sent By Job
	7584148  -  Run Bytes Received By Job
	0  -  Total Bytes Sent By Job
	7584148  -  Total Bytes Received By Job
	Partitionable Resources :    Usage  Request Allocated 
	   Cpus                 :     0.99        4         4 
	   Disk (KB)            : 32369        7500     10908 
	   GPUs                 :                           0 
	   Memory (MB)          :    39       12000     12000 
	   TimeExecute (s)      :  5195                       
	   TimeSlotBusy (s)     :  5196                       

	Job terminated of its own accord at 2025-12-16T17:18:58Z with exit-code 0.
...
