000 (10610889.925.000) 12/16 07:15:01 Job submitted from host: <188.185.71.83:9618?addrs=188.185.71.83-9618+[2001-1458-d00-7--100-34d]-9618&alias=bigbird18.cern.ch&noUDP&sock=schedd_5052_d48c>
...
040 (10610889.925.000) 12/16 14:26:58 Started transferring input files
	Transferring to host: <188.185.207.31:9618?addrs=188.185.207.31-9618+[2001-1458-303-d--100-1c]-9618&alias=b9p07p5284.cern.ch&noUDP&sock=slot1_4_5535_a87a_85563>
...
040 (10610889.925.000) 12/16 14:26:58 Finished transferring input files
...
001 (10610889.925.000) 12/16 14:26:58 Job executing on host: <188.185.207.31:9618?addrs=188.185.207.31-9618+[2001-1458-303-d--100-1c]-9618&alias=b9p07p5284.cern.ch&noUDP&sock=startd_4621_333a>
	SlotName: slot1_4@b9p07p5284.cern.ch
	CondorScratchDir = "/pool/condor/dir_1956480"
	Cpus = 4
	Disk = 10902
	GPUs = 0
	Memory = 12000
...
006 (10610889.925.000) 12/16 14:27:12 Image size of job updated: 42080
	42  -  MemoryUsage of job (MB)
	42080  -  ResidentSetSize of job (KB)
...
006 (10610889.925.000) 12/16 14:32:13 Image size of job updated: 42460
	42  -  MemoryUsage of job (MB)
	42080  -  ResidentSetSize of job (KB)
...
006 (10610889.925.000) 12/16 15:55:49 Image size of job updated: 123104
	42  -  MemoryUsage of job (MB)
	42080  -  ResidentSetSize of job (KB)
...
040 (10610889.925.000) 12/16 15:55:50 Started transferring output files
...
040 (10610889.925.000) 12/16 15:55:50 Finished transferring output files
...
005 (10610889.925.000) 12/16 15:55:50 Job terminated.
	(1) Normal termination (return value 0)
		Usr 0 01:27:29, Sys 0 00:00:13  -  Run Remote Usage
		Usr 0 00:00:00, Sys 0 00:00:00  -  Run Local Usage
		Usr 0 01:27:29, Sys 0 00:00:13  -  Total Remote Usage
		Usr 0 00:00:00, Sys 0 00:00:00  -  Total Local Usage
	0  -  Run Bytes Sent By Job
	7584148  -  Run Bytes Received By Job
	0  -  Total Bytes Sent By Job
	7584148  -  Total Bytes Received By Job
	Partitionable Resources :    Usage  Request Allocated 
	   Cpus                 :     0.99        4         4 
	   Disk (KB)            : 33253        7500     10902 
	   GPUs                 :                           0 
	   Memory (MB)          :    42       12000     12000 
	   TimeExecute (s)      :  5331                       
	   TimeSlotBusy (s)     :  5333                       

	Job terminated of its own accord at 2025-12-16T14:55:49Z with exit-code 0.
...
