000 (10610887.879.000) 12/16 07:14:32 Job submitted from host: <188.185.71.83:9618?addrs=188.185.71.83-9618+[2001-1458-d00-7--100-34d]-9618&alias=bigbird18.cern.ch&noUDP&sock=schedd_5052_d48c>
...
040 (10610887.879.000) 12/16 07:59:49 Started transferring input files
	Transferring to host: <188.185.193.22:9618?addrs=188.185.193.22-9618+[2001-1458-303-20--100-12]-9618&alias=b9p19p9968.cern.ch&noUDP&sock=slot1_4_958447_5dd8_82610>
...
040 (10610887.879.000) 12/16 07:59:49 Finished transferring input files
...
001 (10610887.879.000) 12/16 07:59:49 Job executing on host: <188.185.193.22:9618?addrs=188.185.193.22-9618+[2001-1458-303-20--100-12]-9618&alias=b9p19p9968.cern.ch&noUDP&sock=startd_8639_36c3>
	SlotName: slot1_4@b9p19p9968.cern.ch
	CondorScratchDir = "/pool/condor/dir_491064"
	Cpus = 4
	Disk = 11028
	GPUs = 0
	Memory = 12000
...
006 (10610887.879.000) 12/16 08:00:03 Image size of job updated: 40064
	40  -  MemoryUsage of job (MB)
	40064  -  ResidentSetSize of job (KB)
...
006 (10610887.879.000) 12/16 10:25:42 Image size of job updated: 121008
	40  -  MemoryUsage of job (MB)
	40064  -  ResidentSetSize of job (KB)
...
040 (10610887.879.000) 12/16 10:25:43 Started transferring output files
...
040 (10610887.879.000) 12/16 10:25:43 Finished transferring output files
...
005 (10610887.879.000) 12/16 10:25:43 Job terminated.
	(1) Normal termination (return value 0)
		Usr 0 02:24:15, Sys 0 00:00:07  -  Run Remote Usage
		Usr 0 00:00:00, Sys 0 00:00:00  -  Run Local Usage
		Usr 0 02:24:15, Sys 0 00:00:07  -  Total Remote Usage
		Usr 0 00:00:00, Sys 0 00:00:00  -  Total Local Usage
	0  -  Run Bytes Sent By Job
	7584148  -  Run Bytes Received By Job
	0  -  Total Bytes Sent By Job
	7584148  -  Total Bytes Received By Job
	Partitionable Resources :    Usage  Request Allocated 
	   Cpus                 :     0.98        4         4 
	   Disk (KB)            : 32622        7500     11028 
	   GPUs                 :                           0 
	   Memory (MB)          :    40       12000     12000 
	   TimeExecute (s)      :  8753                       
	   TimeSlotBusy (s)     :  8755                       

	Job terminated of its own accord at 2025-12-16T09:25:42Z with exit-code 0.
...
