000 (10610888.751.000) 12/16 07:14:44 Job submitted from host: <188.185.71.83:9618?addrs=188.185.71.83-9618+[2001-1458-d00-7--100-34d]-9618&alias=bigbird18.cern.ch&noUDP&sock=schedd_5052_d48c>
...
040 (10610888.751.000) 12/16 09:39:34 Started transferring input files
	Transferring to host: <188.185.209.77:9618?addrs=188.185.209.77-9618+[2001-1458-303-11--100-4a]-9618&alias=b9p11p6601.cern.ch&noUDP&sock=slot1_26_8087_c5e2_82411>
...
040 (10610888.751.000) 12/16 09:39:35 Finished transferring input files
...
001 (10610888.751.000) 12/16 09:39:35 Job executing on host: <188.185.209.77:9618?addrs=188.185.209.77-9618+[2001-1458-303-11--100-4a]-9618&alias=b9p11p6601.cern.ch&noUDP&sock=startd_7195_c001>
	SlotName: slot1_26@b9p11p6601.cern.ch
	CondorScratchDir = "/pool/condor/dir_676540"
	Cpus = 4
	Disk = 10876
	GPUs = 0
	Memory = 12000
...
006 (10610888.751.000) 12/16 09:39:48 Image size of job updated: 39640
	39  -  MemoryUsage of job (MB)
	39640  -  ResidentSetSize of job (KB)
...
006 (10610888.751.000) 12/16 09:44:48 Image size of job updated: 40044
	39  -  MemoryUsage of job (MB)
	39640  -  ResidentSetSize of job (KB)
...
006 (10610888.751.000) 12/16 11:27:57 Image size of job updated: 45264
	39  -  MemoryUsage of job (MB)
	39640  -  ResidentSetSize of job (KB)
...
040 (10610888.751.000) 12/16 11:27:58 Started transferring output files
...
040 (10610888.751.000) 12/16 11:27:58 Finished transferring output files
...
005 (10610888.751.000) 12/16 11:27:58 Job terminated.
	(1) Normal termination (return value 0)
		Usr 0 01:45:51, Sys 0 00:00:16  -  Run Remote Usage
		Usr 0 00:00:00, Sys 0 00:00:00  -  Run Local Usage
		Usr 0 01:45:51, Sys 0 00:00:16  -  Total Remote Usage
		Usr 0 00:00:00, Sys 0 00:00:00  -  Total Local Usage
	0  -  Run Bytes Sent By Job
	7584148  -  Run Bytes Received By Job
	0  -  Total Bytes Sent By Job
	7584148  -  Total Bytes Received By Job
	Partitionable Resources :    Usage  Request Allocated 
	   Cpus                 :     0.98        4         4 
	   Disk (KB)            : 33501        7500     10876 
	   GPUs                 :                           0 
	   Memory (MB)          :    39       12000     12000 
	   TimeExecute (s)      :  6502                       
	   TimeSlotBusy (s)     :  6504                       

	Job terminated of its own accord at 2025-12-16T10:27:57Z with exit-code 0.
...
