000 (10610887.356.000) 12/16 07:14:31 Job submitted from host: <188.185.71.83:9618?addrs=188.185.71.83-9618+[2001-1458-d00-7--100-34d]-9618&alias=bigbird18.cern.ch&noUDP&sock=schedd_5052_d48c>
...
040 (10610887.356.000) 12/16 07:49:45 Started transferring input files
	Transferring to host: <188.185.207.29:9618?addrs=188.185.207.29-9618+[2001-1458-303-d--100-1a]-9618&alias=b9p07p6109.cern.ch&noUDP&sock=slot1_23_8315_6b6b_79303>
...
040 (10610887.356.000) 12/16 07:49:45 Finished transferring input files
...
001 (10610887.356.000) 12/16 07:49:45 Job executing on host: <188.185.207.29:9618?addrs=188.185.207.29-9618+[2001-1458-303-d--100-1a]-9618&alias=b9p07p6109.cern.ch&noUDP&sock=startd_7039_bf3b>
	SlotName: slot1_23@b9p07p6109.cern.ch
	CondorScratchDir = "/pool/condor/dir_1878530"
	Cpus = 4
	Disk = 10754
	GPUs = 0
	Memory = 12000
...
006 (10610887.356.000) 12/16 07:49:59 Image size of job updated: 40140
	40  -  MemoryUsage of job (MB)
	40140  -  ResidentSetSize of job (KB)
...
006 (10610887.356.000) 12/16 07:55:00 Image size of job updated: 40172
	40  -  MemoryUsage of job (MB)
	40140  -  ResidentSetSize of job (KB)
...
006 (10610887.356.000) 12/16 09:25:31 Image size of job updated: 120868
	40  -  MemoryUsage of job (MB)
	40140  -  ResidentSetSize of job (KB)
...
040 (10610887.356.000) 12/16 09:25:32 Started transferring output files
...
040 (10610887.356.000) 12/16 09:25:32 Finished transferring output files
...
005 (10610887.356.000) 12/16 09:25:32 Job terminated.
	(1) Normal termination (return value 0)
		Usr 0 01:34:10, Sys 0 00:00:12  -  Run Remote Usage
		Usr 0 00:00:00, Sys 0 00:00:00  -  Run Local Usage
		Usr 0 01:34:10, Sys 0 00:00:12  -  Total Remote Usage
		Usr 0 00:00:00, Sys 0 00:00:00  -  Total Local Usage
	0  -  Run Bytes Sent By Job
	7584148  -  Run Bytes Received By Job
	0  -  Total Bytes Sent By Job
	7584148  -  Total Bytes Received By Job
	Partitionable Resources :    Usage  Request Allocated 
	   Cpus                 :     0.99        4         4 
	   Disk (KB)            : 32773        7500     10754 
	   GPUs                 :                           0 
	   Memory (MB)          :    40       12000     12000 
	   TimeExecute (s)      :  5746                       
	   TimeSlotBusy (s)     :  5747                       

	Job terminated of its own accord at 2025-12-16T08:25:31Z with exit-code 0.
...
