000 (10610887.412.000) 12/16 07:14:31 Job submitted from host: <188.185.71.83:9618?addrs=188.185.71.83-9618+[2001-1458-d00-7--100-34d]-9618&alias=bigbird18.cern.ch&noUDP&sock=schedd_5052_d48c>
...
040 (10610887.412.000) 12/16 07:50:02 Started transferring input files
	Transferring to host: <188.185.210.82:9618?addrs=188.185.210.82-9618+[2001-1458-303-1--100-4e]-9618&alias=b9p21p1567.cern.ch&noUDP&sock=slot1_12_5202_078d_114639>
...
040 (10610887.412.000) 12/16 07:50:02 Finished transferring input files
...
001 (10610887.412.000) 12/16 07:50:02 Job executing on host: <188.185.210.82:9618?addrs=188.185.210.82-9618+[2001-1458-303-1--100-4e]-9618&alias=b9p21p1567.cern.ch&noUDP&sock=startd_4237_cedc>
	SlotName: slot1_12@b9p21p1567.cern.ch
	CondorScratchDir = "/pool/condor/dir_818246"
	Cpus = 4
	Disk = 10962
	GPUs = 0
	Memory = 12000
...
006 (10610887.412.000) 12/16 07:50:16 Image size of job updated: 38020
	38  -  MemoryUsage of job (MB)
	38020  -  ResidentSetSize of job (KB)
...
006 (10610887.412.000) 12/16 07:55:17 Image size of job updated: 38440
	38  -  MemoryUsage of job (MB)
	38020  -  ResidentSetSize of job (KB)
...
006 (10610887.412.000) 12/16 09:19:08 Image size of job updated: 118968
	38  -  MemoryUsage of job (MB)
	38020  -  ResidentSetSize of job (KB)
...
040 (10610887.412.000) 12/16 09:19:09 Started transferring output files
...
040 (10610887.412.000) 12/16 09:19:09 Finished transferring output files
...
005 (10610887.412.000) 12/16 09:19:09 Job terminated.
	(1) Normal termination (return value 0)
		Usr 0 01:27:58, Sys 0 00:00:09  -  Run Remote Usage
		Usr 0 00:00:00, Sys 0 00:00:00  -  Run Local Usage
		Usr 0 01:27:58, Sys 0 00:00:09  -  Total Remote Usage
		Usr 0 00:00:00, Sys 0 00:00:00  -  Total Local Usage
	0  -  Run Bytes Sent By Job
	7584148  -  Run Bytes Received By Job
	0  -  Total Bytes Sent By Job
	7584148  -  Total Bytes Received By Job
	Partitionable Resources :    Usage  Request Allocated 
	   Cpus                 :     0.99        4         4 
	   Disk (KB)            : 33116        7500     10962 
	   GPUs                 :                           0 
	   Memory (MB)          :    38       12000     12000 
	   TimeExecute (s)      :  5346                       
	   TimeSlotBusy (s)     :  5348                       

	Job terminated of its own accord at 2025-12-16T08:19:08Z with exit-code 0.
...
