000 (10610887.426.000) 12/16 07:14:31 Job submitted from host: <188.185.71.83:9618?addrs=188.185.71.83-9618+[2001-1458-d00-7--100-34d]-9618&alias=bigbird18.cern.ch&noUDP&sock=schedd_5052_d48c>
...
040 (10610887.426.000) 12/16 07:50:06 Started transferring input files
	Transferring to host: <188.185.192.94:9618?addrs=188.185.192.94-9618+[2001-1458-303-1f--100-5a]-9618&alias=b9p13p0998.cern.ch&noUDP&sock=slot1_1_4040_4b9d_88579>
...
040 (10610887.426.000) 12/16 07:50:06 Finished transferring input files
...
001 (10610887.426.000) 12/16 07:50:06 Job executing on host: <188.185.192.94:9618?addrs=188.185.192.94-9618+[2001-1458-303-1f--100-5a]-9618&alias=b9p13p0998.cern.ch&noUDP&sock=startd_3002_b366>
	SlotName: slot1_1@b9p13p0998.cern.ch
	CondorScratchDir = "/pool/condor/dir_137781"
	Cpus = 4
	Disk = 11109
	GPUs = 0
	Memory = 12000
...
006 (10610887.426.000) 12/16 07:50:20 Image size of job updated: 24724
	25  -  MemoryUsage of job (MB)
	24724  -  ResidentSetSize of job (KB)
...
006 (10610887.426.000) 12/16 07:55:21 Image size of job updated: 25144
	25  -  MemoryUsage of job (MB)
	24724  -  ResidentSetSize of job (KB)
...
040 (10610887.426.000) 12/16 10:21:47 Started transferring output files
...
040 (10610887.426.000) 12/16 10:21:47 Finished transferring output files
...
005 (10610887.426.000) 12/16 10:21:47 Job terminated.
	(1) Normal termination (return value 0)
		Usr 0 02:28:54, Sys 0 00:00:11  -  Run Remote Usage
		Usr 0 00:00:00, Sys 0 00:00:00  -  Run Local Usage
		Usr 0 02:28:54, Sys 0 00:00:11  -  Total Remote Usage
		Usr 0 00:00:00, Sys 0 00:00:00  -  Total Local Usage
	0  -  Run Bytes Sent By Job
	7584148  -  Run Bytes Received By Job
	0  -  Total Bytes Sent By Job
	7584148  -  Total Bytes Received By Job
	Partitionable Resources :    Usage  Request Allocated 
	   Cpus                 :     0.99        4         4 
	   Disk (KB)            : 32749        7500     11109 
	   GPUs                 :                           0 
	   Memory (MB)          :    25       12000     12000 
	   TimeExecute (s)      :  9091                       
	   TimeSlotBusy (s)     :  9102                       

	Job terminated of its own accord at 2025-12-16T09:21:37Z with exit-code 0.
...
