000 (10610889.542.000) 12/16 07:15:00 Job submitted from host: <188.185.71.83:9618?addrs=188.185.71.83-9618+[2001-1458-d00-7--100-34d]-9618&alias=bigbird18.cern.ch&noUDP&sock=schedd_5052_d48c>
...
040 (10610889.542.000) 12/16 14:09:42 Started transferring input files
	Transferring to host: <128.142.33.221:9618?addrs=128.142.33.221-9618+[2001-1458-301-39--100-1a]-9618&alias=b9g24p2245.cern.ch&noUDP&sock=slot1_1_2592500_8748_12731>
...
040 (10610889.542.000) 12/16 14:09:42 Finished transferring input files
...
001 (10610889.542.000) 12/16 14:09:42 Job executing on host: <128.142.33.221:9618?addrs=128.142.33.221-9618+[2001-1458-301-39--100-1a]-9618&alias=b9g24p2245.cern.ch&noUDP&sock=startd_2592433_fcb5>
	SlotName: slot1_1@b9g24p2245.cern.ch
	CondorScratchDir = "/pool/condor/dir_3929314"
	Cpus = 4
	Disk = 11024
	GPUs = 0
	Memory = 12000
...
006 (10610889.542.000) 12/16 14:09:56 Image size of job updated: 42108
	42  -  MemoryUsage of job (MB)
	42108  -  ResidentSetSize of job (KB)
...
006 (10610889.542.000) 12/16 14:14:57 Image size of job updated: 42508
	42  -  MemoryUsage of job (MB)
	42108  -  ResidentSetSize of job (KB)
...
006 (10610889.542.000) 12/16 15:40:53 Image size of job updated: 123032
	42  -  MemoryUsage of job (MB)
	42108  -  ResidentSetSize of job (KB)
...
040 (10610889.542.000) 12/16 15:40:54 Started transferring output files
...
040 (10610889.542.000) 12/16 15:40:54 Finished transferring output files
...
005 (10610889.542.000) 12/16 15:40:54 Job terminated.
	(1) Normal termination (return value 0)
		Usr 0 01:29:47, Sys 0 00:00:10  -  Run Remote Usage
		Usr 0 00:00:00, Sys 0 00:00:00  -  Run Local Usage
		Usr 0 01:29:47, Sys 0 00:00:10  -  Total Remote Usage
		Usr 0 00:00:00, Sys 0 00:00:00  -  Total Local Usage
	0  -  Run Bytes Sent By Job
	7584148  -  Run Bytes Received By Job
	0  -  Total Bytes Sent By Job
	7584148  -  Total Bytes Received By Job
	Partitionable Resources :    Usage  Request Allocated 
	   Cpus                 :     0.99        4         4 
	   Disk (KB)            : 33243        7500     11024 
	   GPUs                 :                           0 
	   Memory (MB)          :    42       12000     12000 
	   TimeExecute (s)      :  5471                       
	   TimeSlotBusy (s)     :  5473                       

	Job terminated of its own accord at 2025-12-16T14:40:53Z with exit-code 0.
...
