000 (10610889.550.000) 12/16 07:15:00 Job submitted from host: <188.185.71.83:9618?addrs=188.185.71.83-9618+[2001-1458-d00-7--100-34d]-9618&alias=bigbird18.cern.ch&noUDP&sock=schedd_5052_d48c>
...
040 (10610889.550.000) 12/16 14:09:44 Started transferring input files
	Transferring to host: <188.185.195.121:9618?addrs=188.185.195.121-9618+[2001-1458-303-22--100-75]-9618&alias=b9p17p9704.cern.ch&noUDP&sock=slot1_17_5909_2cc9_85139>
...
040 (10610889.550.000) 12/16 14:09:44 Finished transferring input files
...
001 (10610889.550.000) 12/16 14:09:44 Job executing on host: <188.185.195.121:9618?addrs=188.185.195.121-9618+[2001-1458-303-22--100-75]-9618&alias=b9p17p9704.cern.ch&noUDP&sock=startd_4501_e3dd>
	SlotName: slot1_17@b9p17p9704.cern.ch
	CondorScratchDir = "/pool/condor/dir_4007930"
	Cpus = 4
	Disk = 11065
	GPUs = 0
	Memory = 12000
...
006 (10610889.550.000) 12/16 14:09:58 Image size of job updated: 40040
	40  -  MemoryUsage of job (MB)
	40040  -  ResidentSetSize of job (KB)
...
006 (10610889.550.000) 12/16 14:14:58 Image size of job updated: 40460
	40  -  MemoryUsage of job (MB)
	40040  -  ResidentSetSize of job (KB)
...
006 (10610889.550.000) 12/16 16:10:45 Image size of job updated: 44068
	40  -  MemoryUsage of job (MB)
	40040  -  ResidentSetSize of job (KB)
...
040 (10610889.550.000) 12/16 16:10:46 Started transferring output files
...
040 (10610889.550.000) 12/16 16:10:47 Finished transferring output files
...
005 (10610889.550.000) 12/16 16:10:47 Job terminated.
	(1) Normal termination (return value 0)
		Usr 0 01:59:04, Sys 0 00:00:08  -  Run Remote Usage
		Usr 0 00:00:00, Sys 0 00:00:00  -  Run Local Usage
		Usr 0 01:59:04, Sys 0 00:00:08  -  Total Remote Usage
		Usr 0 00:00:00, Sys 0 00:00:00  -  Total Local Usage
	0  -  Run Bytes Sent By Job
	7584148  -  Run Bytes Received By Job
	0  -  Total Bytes Sent By Job
	7584148  -  Total Bytes Received By Job
	Partitionable Resources :    Usage  Request Allocated 
	   Cpus                 :     0.99        4         4 
	   Disk (KB)            : 33022        7500     11065 
	   GPUs                 :                           0 
	   Memory (MB)          :    40       12000     12000 
	   TimeExecute (s)      :  7261                       
	   TimeSlotBusy (s)     :  7263                       

	Job terminated of its own accord at 2025-12-16T15:10:45Z with exit-code 0.
...
