000 (10610887.105.000) 12/16 07:14:31 Job submitted from host: <188.185.71.83:9618?addrs=188.185.71.83-9618+[2001-1458-d00-7--100-34d]-9618&alias=bigbird18.cern.ch&noUDP&sock=schedd_5052_d48c>
...
040 (10610887.105.000) 12/16 07:44:24 Started transferring input files
	Transferring to host: <188.185.215.45:9618?addrs=188.185.215.45-9618+[2001-1458-303-1e--100-29]-9618&alias=b9p31p9045.cern.ch&noUDP&sock=slot1_14_4687_2a58_92491>
...
040 (10610887.105.000) 12/16 07:44:24 Finished transferring input files
...
001 (10610887.105.000) 12/16 07:44:24 Job executing on host: <188.185.215.45:9618?addrs=188.185.215.45-9618+[2001-1458-303-1e--100-29]-9618&alias=b9p31p9045.cern.ch&noUDP&sock=startd_3872_72cb>
	SlotName: slot1_14@b9p31p9045.cern.ch
	CondorScratchDir = "/pool/condor/dir_2870498"
	Cpus = 4
	Disk = 10959
	GPUs = 0
	Memory = 12000
...
006 (10610887.105.000) 12/16 07:44:38 Image size of job updated: 24764
	25  -  MemoryUsage of job (MB)
	24764  -  ResidentSetSize of job (KB)
...
006 (10610887.105.000) 12/16 07:49:39 Image size of job updated: 25184
	25  -  MemoryUsage of job (MB)
	24764  -  ResidentSetSize of job (KB)
...
040 (10610887.105.000) 12/16 09:12:34 Started transferring output files
...
040 (10610887.105.000) 12/16 09:12:34 Finished transferring output files
...
005 (10610887.105.000) 12/16 09:12:34 Job terminated.
	(1) Normal termination (return value 0)
		Usr 0 01:26:53, Sys 0 00:00:10  -  Run Remote Usage
		Usr 0 00:00:00, Sys 0 00:00:00  -  Run Local Usage
		Usr 0 01:26:53, Sys 0 00:00:10  -  Total Remote Usage
		Usr 0 00:00:00, Sys 0 00:00:00  -  Total Local Usage
	0  -  Run Bytes Sent By Job
	7584148  -  Run Bytes Received By Job
	0  -  Total Bytes Sent By Job
	7584148  -  Total Bytes Received By Job
	Partitionable Resources :    Usage  Request Allocated 
	   Cpus                 :     0.99        4         4 
	   Disk (KB)            : 32351        7500     10959 
	   GPUs                 :                           0 
	   Memory (MB)          :    25       12000     12000 
	   TimeExecute (s)      :  5289                       
	   TimeSlotBusy (s)     :  5291                       

	Job terminated of its own accord at 2025-12-16T08:12:33Z with exit-code 0.
...
