000 (10613550.238.000) 12/16 14:40:59 Job submitted from host: <188.185.71.83:9618?addrs=188.185.71.83-9618+[2001-1458-d00-7--100-34d]-9618&alias=bigbird18.cern.ch&noUDP&sock=schedd_5052_d48c>
...
040 (10613550.238.000) 12/16 15:47:22 Started transferring input files
	Transferring to host: <188.185.214.191:9618?addrs=188.185.214.191-9618+[2001-1458-303-1d--100-3b]-9618&alias=b9p30p7448.cern.ch&noUDP&sock=slot1_11_6383_269d_90584>
...
040 (10613550.238.000) 12/16 15:47:22 Finished transferring input files
...
001 (10613550.238.000) 12/16 15:47:22 Job executing on host: <188.185.214.191:9618?addrs=188.185.214.191-9618+[2001-1458-303-1d--100-3b]-9618&alias=b9p30p7448.cern.ch&noUDP&sock=startd_5534_7132>
	SlotName: slot1_11@b9p30p7448.cern.ch
	CondorScratchDir = "/pool/condor/dir_3496578"
	Cpus = 4
	Disk = 11103
	GPUs = 0
	Memory = 12000
...
006 (10613550.238.000) 12/16 15:47:36 Image size of job updated: 37408
	37  -  MemoryUsage of job (MB)
	37408  -  ResidentSetSize of job (KB)
...
006 (10613550.238.000) 12/16 15:52:37 Image size of job updated: 37848
	37  -  MemoryUsage of job (MB)
	37408  -  ResidentSetSize of job (KB)
...
006 (10613550.238.000) 12/16 17:08:52 Image size of job updated: 118416
	37  -  MemoryUsage of job (MB)
	37408  -  ResidentSetSize of job (KB)
...
040 (10613550.238.000) 12/16 17:08:53 Started transferring output files
...
040 (10613550.238.000) 12/16 17:08:53 Finished transferring output files
...
005 (10613550.238.000) 12/16 17:08:54 Job terminated.
	(1) Normal termination (return value 0)
		Usr 0 01:19:47, Sys 0 00:00:08  -  Run Remote Usage
		Usr 0 00:00:00, Sys 0 00:00:00  -  Run Local Usage
		Usr 0 01:19:47, Sys 0 00:00:08  -  Total Remote Usage
		Usr 0 00:00:00, Sys 0 00:00:00  -  Total Local Usage
	0  -  Run Bytes Sent By Job
	7584148  -  Run Bytes Received By Job
	0  -  Total Bytes Sent By Job
	7584148  -  Total Bytes Received By Job
	Partitionable Resources :    Usage  Request Allocated 
	   Cpus                 :     0.99        4         4 
	   Disk (KB)            : 33558        7500     11103 
	   GPUs                 :                           0 
	   Memory (MB)          :    37       12000     12000 
	   TimeExecute (s)      :  4890                       
	   TimeSlotBusy (s)     :  4891                       

	Job terminated of its own accord at 2025-12-16T16:08:52Z with exit-code 0.
...
