000 (10610889.802.000) 12/16 07:15:01 Job submitted from host: <188.185.71.83:9618?addrs=188.185.71.83-9618+[2001-1458-d00-7--100-34d]-9618&alias=bigbird18.cern.ch&noUDP&sock=schedd_5052_d48c>
...
040 (10610889.802.000) 12/16 14:26:17 Started transferring input files
	Transferring to host: <128.142.192.210:9618?addrs=128.142.192.210-9618+[2001-1458-301-56--100-4e]-9618&alias=b9g18p0299.cern.ch&noUDP&sock=slot1_11_6554_a2c4_109377>
...
040 (10610889.802.000) 12/16 14:26:17 Finished transferring input files
...
001 (10610889.802.000) 12/16 14:26:17 Job executing on host: <128.142.192.210:9618?addrs=128.142.192.210-9618+[2001-1458-301-56--100-4e]-9618&alias=b9g18p0299.cern.ch&noUDP&sock=startd_5482_c645>
	SlotName: slot1_11@b9g18p0299.cern.ch
	CondorScratchDir = "/pool/condor/dir_1279566"
	Cpus = 4
	Disk = 11002
	GPUs = 0
	Memory = 12000
...
006 (10610889.802.000) 12/16 14:26:31 Image size of job updated: 40548
	40  -  MemoryUsage of job (MB)
	40548  -  ResidentSetSize of job (KB)
...
006 (10610889.802.000) 12/16 14:31:32 Image size of job updated: 40904
	40  -  MemoryUsage of job (MB)
	40548  -  ResidentSetSize of job (KB)
...
040 (10610889.802.000) 12/16 16:42:40 Started transferring output files
...
040 (10610889.802.000) 12/16 16:42:41 Finished transferring output files
...
005 (10610889.802.000) 12/16 16:42:41 Job terminated.
	(1) Normal termination (return value 0)
		Usr 0 02:14:32, Sys 0 00:00:09  -  Run Remote Usage
		Usr 0 00:00:00, Sys 0 00:00:00  -  Run Local Usage
		Usr 0 02:14:32, Sys 0 00:00:09  -  Total Remote Usage
		Usr 0 00:00:00, Sys 0 00:00:00  -  Total Local Usage
	0  -  Run Bytes Sent By Job
	7584148  -  Run Bytes Received By Job
	0  -  Total Bytes Sent By Job
	7584148  -  Total Bytes Received By Job
	Partitionable Resources :    Usage  Request Allocated 
	   Cpus                 :     0.99        4         4 
	   Disk (KB)            : 32372        7500     11002 
	   GPUs                 :                           0 
	   Memory (MB)          :    40       12000     12000 
	   TimeExecute (s)      :  8183                       
	   TimeSlotBusy (s)     :  8185                       

	Job terminated of its own accord at 2025-12-16T15:42:40Z with exit-code 0.
...
