000 (10613549.577.000) 12/16 14:40:45 Job submitted from host: <188.185.71.83:9618?addrs=188.185.71.83-9618+[2001-1458-d00-7--100-34d]-9618&alias=bigbird18.cern.ch&noUDP&sock=schedd_5052_d48c>
...
040 (10613549.577.000) 12/16 15:30:47 Started transferring input files
	Transferring to host: <188.185.210.47:9618?addrs=188.185.210.47-9618+[2001-1458-303-1--100-2b]-9618&alias=b9p21p1789.cern.ch&noUDP&sock=slot1_10_6699_cd29_94881>
...
040 (10613549.577.000) 12/16 15:30:47 Finished transferring input files
...
001 (10613549.577.000) 12/16 15:30:47 Job executing on host: <188.185.210.47:9618?addrs=188.185.210.47-9618+[2001-1458-303-1--100-2b]-9618&alias=b9p21p1789.cern.ch&noUDP&sock=startd_5805_535c>
	SlotName: slot1_10@b9p21p1789.cern.ch
	CondorScratchDir = "/pool/condor/dir_3050888"
	Cpus = 4
	Disk = 11060
	GPUs = 0
	Memory = 12000
...
006 (10613549.577.000) 12/16 15:31:00 Image size of job updated: 37472
	37  -  MemoryUsage of job (MB)
	37472  -  ResidentSetSize of job (KB)
...
006 (10613549.577.000) 12/16 15:36:00 Image size of job updated: 37892
	37  -  MemoryUsage of job (MB)
	37472  -  ResidentSetSize of job (KB)
...
040 (10613549.577.000) 12/16 16:47:36 Started transferring output files
...
040 (10613549.577.000) 12/16 16:47:37 Finished transferring output files
...
005 (10613549.577.000) 12/16 16:47:37 Job terminated.
	(1) Normal termination (return value 0)
		Usr 0 01:15:57, Sys 0 00:00:04  -  Run Remote Usage
		Usr 0 00:00:00, Sys 0 00:00:00  -  Run Local Usage
		Usr 0 01:15:57, Sys 0 00:00:04  -  Total Remote Usage
		Usr 0 00:00:00, Sys 0 00:00:00  -  Total Local Usage
	0  -  Run Bytes Sent By Job
	7584148  -  Run Bytes Received By Job
	0  -  Total Bytes Sent By Job
	7584148  -  Total Bytes Received By Job
	Partitionable Resources :    Usage  Request Allocated 
	   Cpus                 :     0.99        4         4 
	   Disk (KB)            : 32921        7500     11060 
	   GPUs                 :                           0 
	   Memory (MB)          :    37       12000     12000 
	   TimeExecute (s)      :  4609                       
	   TimeSlotBusy (s)     :  4610                       

	Job terminated of its own accord at 2025-12-16T15:47:36Z with exit-code 0.
...
