000 (10613550.182.000) 12/16 14:40:59 Job submitted from host: <188.185.71.83:9618?addrs=188.185.71.83-9618+[2001-1458-d00-7--100-34d]-9618&alias=bigbird18.cern.ch&noUDP&sock=schedd_5052_d48c>
...
040 (10613550.182.000) 12/16 15:43:22 Started transferring input files
	Transferring to host: <188.185.210.186:9618?addrs=188.185.210.186-9618+[2001-1458-303-15--100-36]-9618&alias=b9p22p7769.cern.ch&noUDP&sock=slot1_7_3147867_d220_12806>
...
040 (10613550.182.000) 12/16 15:43:22 Finished transferring input files
...
001 (10613550.182.000) 12/16 15:43:22 Job executing on host: <188.185.210.186:9618?addrs=188.185.210.186-9618+[2001-1458-303-15--100-36]-9618&alias=b9p22p7769.cern.ch&noUDP&sock=startd_3535_4b60>
	SlotName: slot1_7@b9p22p7769.cern.ch
	CondorScratchDir = "/pool/condor/dir_2206839"
	Cpus = 4
	Disk = 10961
	GPUs = 0
	Memory = 12000
...
006 (10613550.182.000) 12/16 15:43:36 Image size of job updated: 37516
	37  -  MemoryUsage of job (MB)
	37516  -  ResidentSetSize of job (KB)
...
006 (10613550.182.000) 12/16 15:48:37 Image size of job updated: 37940
	37  -  MemoryUsage of job (MB)
	37516  -  ResidentSetSize of job (KB)
...
040 (10613550.182.000) 12/16 17:04:22 Started transferring output files
...
040 (10613550.182.000) 12/16 17:04:22 Finished transferring output files
...
005 (10613550.182.000) 12/16 17:04:22 Job terminated.
	(1) Normal termination (return value 0)
		Usr 0 01:19:58, Sys 0 00:00:05  -  Run Remote Usage
		Usr 0 00:00:00, Sys 0 00:00:00  -  Run Local Usage
		Usr 0 01:19:58, Sys 0 00:00:05  -  Total Remote Usage
		Usr 0 00:00:00, Sys 0 00:00:00  -  Total Local Usage
	0  -  Run Bytes Sent By Job
	7584148  -  Run Bytes Received By Job
	0  -  Total Bytes Sent By Job
	7584148  -  Total Bytes Received By Job
	Partitionable Resources :    Usage  Request Allocated 
	   Cpus                 :     0.99        4         4 
	   Disk (KB)            : 32709        7500     10961 
	   GPUs                 :                           0 
	   Memory (MB)          :    37       12000     12000 
	   TimeExecute (s)      :  4859                       
	   TimeSlotBusy (s)     :  4860                       

	Job terminated of its own accord at 2025-12-16T16:04:21Z with exit-code 0.
...
