000 (10613550.861.000) 12/16 14:41:00 Job submitted from host: <188.185.71.83:9618?addrs=188.185.71.83-9618+[2001-1458-d00-7--100-34d]-9618&alias=bigbird18.cern.ch&noUDP&sock=schedd_5052_d48c>
...
040 (10613550.861.000) 12/16 16:52:00 Started transferring input files
	Transferring to host: <188.185.213.224:9618?addrs=188.185.213.224-9618+[2001-1458-303-1b--100-5c]-9618&alias=b9p28p2561.cern.ch&noUDP&sock=slot1_8_7177_987d_112097>
...
040 (10613550.861.000) 12/16 16:52:00 Finished transferring input files
...
001 (10613550.861.000) 12/16 16:52:00 Job executing on host: <188.185.213.224:9618?addrs=188.185.213.224-9618+[2001-1458-303-1b--100-5c]-9618&alias=b9p28p2561.cern.ch&noUDP&sock=startd_6543_8841>
	SlotName: slot1_8@b9p28p2561.cern.ch
	CondorScratchDir = "/pool/condor/dir_1148348"
	Cpus = 4
	Disk = 10827
	GPUs = 0
	Memory = 12000
...
006 (10613550.861.000) 12/16 16:52:13 Image size of job updated: 42092
	42  -  MemoryUsage of job (MB)
	42092  -  ResidentSetSize of job (KB)
...
006 (10613550.861.000) 12/16 16:57:13 Image size of job updated: 42184
	42  -  MemoryUsage of job (MB)
	42092  -  ResidentSetSize of job (KB)
...
040 (10613550.861.000) 12/16 18:08:57 Started transferring output files
...
040 (10613550.861.000) 12/16 18:08:58 Finished transferring output files
...
005 (10613550.861.000) 12/16 18:08:58 Job terminated.
	(1) Normal termination (return value 0)
		Usr 0 01:16:05, Sys 0 00:00:06  -  Run Remote Usage
		Usr 0 00:00:00, Sys 0 00:00:00  -  Run Local Usage
		Usr 0 01:16:05, Sys 0 00:00:06  -  Total Remote Usage
		Usr 0 00:00:00, Sys 0 00:00:00  -  Total Local Usage
	0  -  Run Bytes Sent By Job
	7584148  -  Run Bytes Received By Job
	0  -  Total Bytes Sent By Job
	7584148  -  Total Bytes Received By Job
	Partitionable Resources :    Usage  Request Allocated 
	   Cpus                 :     0.99        4         4 
	   Disk (KB)            : 33314        7500     10827 
	   GPUs                 :                           0 
	   Memory (MB)          :    42       12000     12000 
	   TimeExecute (s)      :  4617                       
	   TimeSlotBusy (s)     :  4618                       

	Job terminated of its own accord at 2025-12-16T17:08:57Z with exit-code 0.
...
