000 (10610887.955.000) 12/16 07:14:32 Job submitted from host: <188.185.71.83:9618?addrs=188.185.71.83-9618+[2001-1458-d00-7--100-34d]-9618&alias=bigbird18.cern.ch&noUDP&sock=schedd_5052_d48c>
...
040 (10610887.955.000) 12/16 08:00:09 Started transferring input files
	Transferring to host: <188.185.211.176:9618?addrs=188.185.211.176-9618+[2001-1458-303-17--100-2c]-9618&alias=b9p24p9529.cern.ch&noUDP&sock=slot1_6_530865_2aad_12844>
...
040 (10610887.955.000) 12/16 08:00:09 Finished transferring input files
...
001 (10610887.955.000) 12/16 08:00:09 Job executing on host: <188.185.211.176:9618?addrs=188.185.211.176-9618+[2001-1458-303-17--100-2c]-9618&alias=b9p24p9529.cern.ch&noUDP&sock=startd_3746_05dc>
	SlotName: slot1_6@b9p24p9529.cern.ch
	CondorScratchDir = "/pool/condor/dir_447622"
	Cpus = 4
	Disk = 10888
	GPUs = 0
	Memory = 12000
...
006 (10610887.955.000) 12/16 08:00:23 Image size of job updated: 38020
	38  -  MemoryUsage of job (MB)
	38020  -  ResidentSetSize of job (KB)
...
006 (10610887.955.000) 12/16 08:05:24 Image size of job updated: 38440
	38  -  MemoryUsage of job (MB)
	38020  -  ResidentSetSize of job (KB)
...
040 (10610887.955.000) 12/16 09:54:50 Started transferring output files
...
040 (10610887.955.000) 12/16 09:54:51 Finished transferring output files
...
005 (10610887.955.000) 12/16 09:54:51 Job terminated.
	(1) Normal termination (return value 0)
		Usr 0 01:50:31, Sys 0 00:00:22  -  Run Remote Usage
		Usr 0 00:00:00, Sys 0 00:00:00  -  Run Local Usage
		Usr 0 01:50:31, Sys 0 00:00:22  -  Total Remote Usage
		Usr 0 00:00:00, Sys 0 00:00:00  -  Total Local Usage
	0  -  Run Bytes Sent By Job
	7584148  -  Run Bytes Received By Job
	0  -  Total Bytes Sent By Job
	7584148  -  Total Bytes Received By Job
	Partitionable Resources :    Usage  Request Allocated 
	   Cpus                 :     0.96        4         4 
	   Disk (KB)            : 32577        7500     10888 
	   GPUs                 :                           0 
	   Memory (MB)          :    38       12000     12000 
	   TimeExecute (s)      :  6880                       
	   TimeSlotBusy (s)     :  6882                       

	Job terminated of its own accord at 2025-12-16T08:54:49Z with exit-code 0.
...
