000 (10613550.170.000) 12/16 14:40:59 Job submitted from host: <188.185.71.83:9618?addrs=188.185.71.83-9618+[2001-1458-d00-7--100-34d]-9618&alias=bigbird18.cern.ch&noUDP&sock=schedd_5052_d48c>
...
040 (10613550.170.000) 12/16 15:42:46 Started transferring input files
	Transferring to host: <188.185.205.182:9618?addrs=188.185.205.182-9618+[2001-1458-303-a--100-33]-9618&alias=b9p04p6187.cern.ch&noUDP&sock=slot1_7_4078_11df_76431>
...
040 (10613550.170.000) 12/16 15:42:46 Finished transferring input files
...
001 (10613550.170.000) 12/16 15:42:46 Job executing on host: <188.185.205.182:9618?addrs=188.185.205.182-9618+[2001-1458-303-a--100-33]-9618&alias=b9p04p6187.cern.ch&noUDP&sock=startd_3616_da8c>
	SlotName: slot1_7@b9p04p6187.cern.ch
	CondorScratchDir = "/pool/condor/dir_292726"
	Cpus = 4
	Disk = 10775
	GPUs = 0
	Memory = 12000
...
006 (10613550.170.000) 12/16 15:43:00 Image size of job updated: 39632
	39  -  MemoryUsage of job (MB)
	39632  -  ResidentSetSize of job (KB)
...
006 (10613550.170.000) 12/16 15:48:00 Image size of job updated: 40040
	39  -  MemoryUsage of job (MB)
	39632  -  ResidentSetSize of job (KB)
...
006 (10613550.170.000) 12/16 17:27:34 Image size of job updated: 120640
	39  -  MemoryUsage of job (MB)
	39632  -  ResidentSetSize of job (KB)
...
040 (10613550.170.000) 12/16 17:27:35 Started transferring output files
...
040 (10613550.170.000) 12/16 17:27:35 Finished transferring output files
...
005 (10613550.170.000) 12/16 17:27:35 Job terminated.
	(1) Normal termination (return value 0)
		Usr 0 01:42:36, Sys 0 00:00:13  -  Run Remote Usage
		Usr 0 00:00:00, Sys 0 00:00:00  -  Run Local Usage
		Usr 0 01:42:36, Sys 0 00:00:13  -  Total Remote Usage
		Usr 0 00:00:00, Sys 0 00:00:00  -  Total Local Usage
	0  -  Run Bytes Sent By Job
	7584148  -  Run Bytes Received By Job
	0  -  Total Bytes Sent By Job
	7584148  -  Total Bytes Received By Job
	Partitionable Resources :    Usage  Request Allocated 
	   Cpus                 :     0.98        4         4 
	   Disk (KB)            : 33936        7500     10775 
	   GPUs                 :                           0 
	   Memory (MB)          :    39       12000     12000 
	   TimeExecute (s)      :  6288                       
	   TimeSlotBusy (s)     :  6289                       

	Job terminated of its own accord at 2025-12-16T16:27:34Z with exit-code 0.
...
