000 (10610887.607.000) 12/16 07:14:31 Job submitted from host: <188.185.71.83:9618?addrs=188.185.71.83-9618+[2001-1458-d00-7--100-34d]-9618&alias=bigbird18.cern.ch&noUDP&sock=schedd_5052_d48c>
...
040 (10610887.607.000) 12/16 07:54:38 Started transferring input files
	Transferring to host: <188.185.212.69:9618?addrs=188.185.212.69-9618+[2001-1458-303-18--100-41]-9618&alias=b9p25p7966.cern.ch&noUDP&sock=slot1_6_5747_0803_92057>
...
040 (10610887.607.000) 12/16 07:54:38 Finished transferring input files
...
001 (10610887.607.000) 12/16 07:54:38 Job executing on host: <188.185.212.69:9618?addrs=188.185.212.69-9618+[2001-1458-303-18--100-41]-9618&alias=b9p25p7966.cern.ch&noUDP&sock=startd_5066_6edf>
	SlotName: slot1_6@b9p25p7966.cern.ch
	CondorScratchDir = "/pool/condor/dir_3575489"
	Cpus = 4
	Disk = 10906
	GPUs = 0
	Memory = 12000
...
006 (10610887.607.000) 12/16 07:54:52 Image size of job updated: 41616
	41  -  MemoryUsage of job (MB)
	41616  -  ResidentSetSize of job (KB)
...
006 (10610887.607.000) 12/16 07:59:53 Image size of job updated: 42036
	41  -  MemoryUsage of job (MB)
	41616  -  ResidentSetSize of job (KB)
...
040 (10610887.607.000) 12/16 09:03:45 Started transferring output files
...
040 (10610887.607.000) 12/16 09:03:46 Finished transferring output files
...
005 (10610887.607.000) 12/16 09:03:46 Job terminated.
	(1) Normal termination (return value 0)
		Usr 0 01:08:12, Sys 0 00:00:07  -  Run Remote Usage
		Usr 0 00:00:00, Sys 0 00:00:00  -  Run Local Usage
		Usr 0 01:08:12, Sys 0 00:00:07  -  Total Remote Usage
		Usr 0 00:00:00, Sys 0 00:00:00  -  Total Local Usage
	0  -  Run Bytes Sent By Job
	7584148  -  Run Bytes Received By Job
	0  -  Total Bytes Sent By Job
	7584148  -  Total Bytes Received By Job
	Partitionable Resources :    Usage  Request Allocated 
	   Cpus                 :     0.99        4         4 
	   Disk (KB)            : 32390        7500     10906 
	   GPUs                 :                           0 
	   Memory (MB)          :    41       12000     12000 
	   TimeExecute (s)      :  4147                       
	   TimeSlotBusy (s)     :  4148                       

	Job terminated of its own accord at 2025-12-16T08:03:45Z with exit-code 0.
...
