000 (10610887.196.000) 12/16 07:14:31 Job submitted from host: <188.185.71.83:9618?addrs=188.185.71.83-9618+[2001-1458-d00-7--100-34d]-9618&alias=bigbird18.cern.ch&noUDP&sock=schedd_5052_d48c>
...
040 (10610887.196.000) 12/16 07:44:55 Started transferring input files
	Transferring to host: <188.185.208.213:9618?addrs=188.185.208.213-9618+[2001-1458-303-10--100-52]-9618&alias=b9p10p8609.cern.ch&noUDP&sock=slot1_10_4364_952b_83281>
...
040 (10610887.196.000) 12/16 07:44:55 Finished transferring input files
...
001 (10610887.196.000) 12/16 07:44:55 Job executing on host: <188.185.208.213:9618?addrs=188.185.208.213-9618+[2001-1458-303-10--100-52]-9618&alias=b9p10p8609.cern.ch&noUDP&sock=startd_3652_8bf5>
	SlotName: slot1_10@b9p10p8609.cern.ch
	CondorScratchDir = "/pool/condor/dir_3440555"
	Cpus = 4
	Disk = 10867
	GPUs = 0
	Memory = 12000
...
006 (10610887.196.000) 12/16 07:45:09 Image size of job updated: 31320
	31  -  MemoryUsage of job (MB)
	31320  -  ResidentSetSize of job (KB)
...
006 (10610887.196.000) 12/16 07:50:10 Image size of job updated: 31724
	31  -  MemoryUsage of job (MB)
	31320  -  ResidentSetSize of job (KB)
...
040 (10610887.196.000) 12/16 09:04:52 Started transferring output files
...
040 (10610887.196.000) 12/16 09:04:53 Finished transferring output files
...
005 (10610887.196.000) 12/16 09:04:53 Job terminated.
	(1) Normal termination (return value 0)
		Usr 0 01:18:39, Sys 0 00:00:09  -  Run Remote Usage
		Usr 0 00:00:00, Sys 0 00:00:00  -  Run Local Usage
		Usr 0 01:18:39, Sys 0 00:00:09  -  Total Remote Usage
		Usr 0 00:00:00, Sys 0 00:00:00  -  Total Local Usage
	0  -  Run Bytes Sent By Job
	7584148  -  Run Bytes Received By Job
	0  -  Total Bytes Sent By Job
	7584148  -  Total Bytes Received By Job
	Partitionable Resources :    Usage  Request Allocated 
	   Cpus                 :     0.99        4         4 
	   Disk (KB)            : 32372        7500     10867 
	   GPUs                 :                           0 
	   Memory (MB)          :    31       12000     12000 
	   TimeExecute (s)      :  4797                       
	   TimeSlotBusy (s)     :  4799                       

	Job terminated of its own accord at 2025-12-16T08:04:52Z with exit-code 0.
...
