000 (10610889.915.000) 12/16 07:15:01 Job submitted from host: <188.185.71.83:9618?addrs=188.185.71.83-9618+[2001-1458-d00-7--100-34d]-9618&alias=bigbird18.cern.ch&noUDP&sock=schedd_5052_d48c>
...
040 (10610889.915.000) 12/16 14:26:56 Started transferring input files
	Transferring to host: <128.142.132.160:9618?addrs=128.142.132.160-9618+[2001-1458-301-5a--100-94]-9618&alias=b9g12p5248.cern.ch&noUDP&sock=slot1_2_2828_54ec_88401>
...
040 (10610889.915.000) 12/16 14:26:56 Finished transferring input files
...
001 (10610889.915.000) 12/16 14:26:56 Job executing on host: <128.142.132.160:9618?addrs=128.142.132.160-9618+[2001-1458-301-5a--100-94]-9618&alias=b9g12p5248.cern.ch&noUDP&sock=startd_2440_372c>
	SlotName: slot1_2@b9g12p5248.cern.ch
	CondorScratchDir = "/pool/condor/dir_1162512"
	Cpus = 4
	Disk = 9841
	GPUs = 0
	Memory = 12000
...
006 (10610889.915.000) 12/16 14:27:10 Image size of job updated: 38888
	38  -  MemoryUsage of job (MB)
	38888  -  ResidentSetSize of job (KB)
...
040 (10610889.915.000) 12/16 16:40:11 Started transferring output files
...
040 (10610889.915.000) 12/16 16:40:12 Finished transferring output files
...
005 (10610889.915.000) 12/16 16:40:12 Job terminated.
	(1) Normal termination (return value 0)
		Usr 0 02:12:09, Sys 0 00:00:07  -  Run Remote Usage
		Usr 0 00:00:00, Sys 0 00:00:00  -  Run Local Usage
		Usr 0 02:12:09, Sys 0 00:00:07  -  Total Remote Usage
		Usr 0 00:00:00, Sys 0 00:00:00  -  Total Local Usage
	0  -  Run Bytes Sent By Job
	7584148  -  Run Bytes Received By Job
	0  -  Total Bytes Sent By Job
	7584148  -  Total Bytes Received By Job
	Partitionable Resources :    Usage  Request Allocated 
	   Cpus                 :     0.99        4         4 
	   Disk (KB)            : 32256        7500      9841 
	   GPUs                 :                           0 
	   Memory (MB)          :    38       12000     12000 
	   TimeExecute (s)      :  7994                       
	   TimeSlotBusy (s)     :  7997                       

	Job terminated of its own accord at 2025-12-16T15:40:10Z with exit-code 0.
...
