000 (10610889.412.000) 12/16 07:15:00 Job submitted from host: <188.185.71.83:9618?addrs=188.185.71.83-9618+[2001-1458-d00-7--100-34d]-9618&alias=bigbird18.cern.ch&noUDP&sock=schedd_5052_d48c>
...
040 (10610889.412.000) 12/16 14:09:00 Started transferring input files
	Transferring to host: <188.185.212.235:9618?addrs=188.185.212.235-9618+[2001-1458-303-19--100-67]-9618&alias=b9p26p4134.cern.ch&noUDP&sock=slot1_7_4460_392e_93923>
...
040 (10610889.412.000) 12/16 14:09:00 Finished transferring input files
...
001 (10610889.412.000) 12/16 14:09:00 Job executing on host: <188.185.212.235:9618?addrs=188.185.212.235-9618+[2001-1458-303-19--100-67]-9618&alias=b9p26p4134.cern.ch&noUDP&sock=startd_3828_44a0>
	SlotName: slot1_7@b9p26p4134.cern.ch
	CondorScratchDir = "/pool/condor/dir_2909503"
	Cpus = 4
	Disk = 11019
	GPUs = 0
	Memory = 12000
...
006 (10610889.412.000) 12/16 14:09:14 Image size of job updated: 26012
	26  -  MemoryUsage of job (MB)
	26012  -  ResidentSetSize of job (KB)
...
006 (10610889.412.000) 12/16 14:14:15 Image size of job updated: 26432
	26  -  MemoryUsage of job (MB)
	26012  -  ResidentSetSize of job (KB)
...
006 (10610889.412.000) 12/16 15:34:09 Image size of job updated: 117840
	26  -  MemoryUsage of job (MB)
	26012  -  ResidentSetSize of job (KB)
...
040 (10610889.412.000) 12/16 15:34:09 Started transferring output files
...
040 (10610889.412.000) 12/16 15:34:10 Finished transferring output files
...
005 (10610889.412.000) 12/16 15:34:10 Job terminated.
	(1) Normal termination (return value 0)
		Usr 0 01:23:57, Sys 0 00:00:10  -  Run Remote Usage
		Usr 0 00:00:00, Sys 0 00:00:00  -  Run Local Usage
		Usr 0 01:23:57, Sys 0 00:00:10  -  Total Remote Usage
		Usr 0 00:00:00, Sys 0 00:00:00  -  Total Local Usage
	0  -  Run Bytes Sent By Job
	7584148  -  Run Bytes Received By Job
	0  -  Total Bytes Sent By Job
	7584148  -  Total Bytes Received By Job
	Partitionable Resources :    Usage  Request Allocated 
	   Cpus                 :     0.99        4         4 
	   Disk (KB)            : 33295        7500     11019 
	   GPUs                 :                           0 
	   Memory (MB)          :    26       12000     12000 
	   TimeExecute (s)      :  5109                       
	   TimeSlotBusy (s)     :  5111                       

	Job terminated of its own accord at 2025-12-16T14:34:09Z with exit-code 0.
...
