000 (10610887.347.000) 12/16 07:14:31 Job submitted from host: <188.185.71.83:9618?addrs=188.185.71.83-9618+[2001-1458-d00-7--100-34d]-9618&alias=bigbird18.cern.ch&noUDP&sock=schedd_5052_d48c>
...
040 (10610887.347.000) 12/16 07:49:42 Started transferring input files
	Transferring to host: <188.185.193.128:9618?addrs=188.185.193.128-9618+[2001-1458-303-20--100-7c]-9618&alias=b9p19p5066.cern.ch&noUDP&sock=slot1_35_9488_e77b_84751>
...
040 (10610887.347.000) 12/16 07:49:42 Finished transferring input files
...
001 (10610887.347.000) 12/16 07:49:42 Job executing on host: <188.185.193.128:9618?addrs=188.185.193.128-9618+[2001-1458-303-20--100-7c]-9618&alias=b9p19p5066.cern.ch&noUDP&sock=startd_7877_8b98>
	SlotName: slot1_35@b9p19p5066.cern.ch
	CondorScratchDir = "/pool/condor/dir_2834729"
	Cpus = 4
	Disk = 11031
	GPUs = 0
	Memory = 12000
...
006 (10610887.347.000) 12/16 07:49:56 Image size of job updated: 39548
	39  -  MemoryUsage of job (MB)
	39548  -  ResidentSetSize of job (KB)
...
006 (10610887.347.000) 12/16 07:54:57 Image size of job updated: 39968
	39  -  MemoryUsage of job (MB)
	39548  -  ResidentSetSize of job (KB)
...
006 (10610887.347.000) 12/16 10:32:51 Image size of job updated: 120500
	39  -  MemoryUsage of job (MB)
	39548  -  ResidentSetSize of job (KB)
...
040 (10610887.347.000) 12/16 10:32:52 Started transferring output files
...
040 (10610887.347.000) 12/16 10:32:52 Finished transferring output files
...
005 (10610887.347.000) 12/16 10:32:52 Job terminated.
	(1) Normal termination (return value 0)
		Usr 0 02:39:25, Sys 0 00:00:10  -  Run Remote Usage
		Usr 0 00:00:00, Sys 0 00:00:00  -  Run Local Usage
		Usr 0 02:39:25, Sys 0 00:00:10  -  Total Remote Usage
		Usr 0 00:00:00, Sys 0 00:00:00  -  Total Local Usage
	0  -  Run Bytes Sent By Job
	7584148  -  Run Bytes Received By Job
	0  -  Total Bytes Sent By Job
	7584148  -  Total Bytes Received By Job
	Partitionable Resources :    Usage  Request Allocated 
	   Cpus                 :     0.99        4         4 
	   Disk (KB)            : 33419        7500     11031 
	   GPUs                 :                           0 
	   Memory (MB)          :    39       12000     12000 
	   TimeExecute (s)      :  9789                       
	   TimeSlotBusy (s)     :  9790                       

	Job terminated of its own accord at 2025-12-16T09:32:51Z with exit-code 0.
...
