000 (10610887.917.000) 12/16 07:14:32 Job submitted from host: <188.185.71.83:9618?addrs=188.185.71.83-9618+[2001-1458-d00-7--100-34d]-9618&alias=bigbird18.cern.ch&noUDP&sock=schedd_5052_d48c>
...
040 (10610887.917.000) 12/16 07:59:59 Started transferring input files
	Transferring to host: <188.185.211.226:9618?addrs=188.185.211.226-9618+[2001-1458-303-17--100-5e]-9618&alias=b9p24p9899.cern.ch&noUDP&sock=slot1_13_5039_2e66_89393>
...
040 (10610887.917.000) 12/16 07:59:59 Finished transferring input files
...
001 (10610887.917.000) 12/16 07:59:59 Job executing on host: <188.185.211.226:9618?addrs=188.185.211.226-9618+[2001-1458-303-17--100-5e]-9618&alias=b9p24p9899.cern.ch&noUDP&sock=startd_4130_6a3a>
	SlotName: slot1_13@b9p24p9899.cern.ch
	CondorScratchDir = "/pool/condor/dir_3958202"
	Cpus = 4
	Disk = 10961
	GPUs = 0
	Memory = 12000
...
006 (10610887.917.000) 12/16 08:00:13 Image size of job updated: 40096
	40  -  MemoryUsage of job (MB)
	40096  -  ResidentSetSize of job (KB)
...
006 (10610887.917.000) 12/16 08:05:14 Image size of job updated: 40516
	40  -  MemoryUsage of job (MB)
	40096  -  ResidentSetSize of job (KB)
...
040 (10610887.917.000) 12/16 09:45:41 Started transferring output files
...
040 (10610887.917.000) 12/16 09:45:42 Finished transferring output files
...
005 (10610887.917.000) 12/16 09:45:42 Job terminated.
	(1) Normal termination (return value 0)
		Usr 0 01:41:29, Sys 0 00:00:27  -  Run Remote Usage
		Usr 0 00:00:00, Sys 0 00:00:00  -  Run Local Usage
		Usr 0 01:41:29, Sys 0 00:00:27  -  Total Remote Usage
		Usr 0 00:00:00, Sys 0 00:00:00  -  Total Local Usage
	0  -  Run Bytes Sent By Job
	7584148  -  Run Bytes Received By Job
	0  -  Total Bytes Sent By Job
	7584148  -  Total Bytes Received By Job
	Partitionable Resources :    Usage  Request Allocated 
	   Cpus                 :     0.99        4         4 
	   Disk (KB)            : 32449        7500     10961 
	   GPUs                 :                           0 
	   Memory (MB)          :    40       12000     12000 
	   TimeExecute (s)      :  6342                       
	   TimeSlotBusy (s)     :  6343                       

	Job terminated of its own accord at 2025-12-16T08:45:41Z with exit-code 0.
...
