000 (10613550.317.000) 12/16 14:40:59 Job submitted from host: <188.185.71.83:9618?addrs=188.185.71.83-9618+[2001-1458-d00-7--100-34d]-9618&alias=bigbird18.cern.ch&noUDP&sock=schedd_5052_d48c>
...
040 (10613550.317.000) 12/16 15:53:24 Started transferring input files
	Transferring to host: <188.185.212.35:9618?addrs=188.185.212.35-9618+[2001-1458-303-18--100-1f]-9618&alias=b9p25p9985.cern.ch&noUDP&sock=slot1_3_8304_ab4b_86279>
...
040 (10613550.317.000) 12/16 15:53:24 Finished transferring input files
...
001 (10613550.317.000) 12/16 15:53:24 Job executing on host: <188.185.212.35:9618?addrs=188.185.212.35-9618+[2001-1458-303-18--100-1f]-9618&alias=b9p25p9985.cern.ch&noUDP&sock=startd_7264_140a>
	SlotName: slot1_3@b9p25p9985.cern.ch
	CondorScratchDir = "/pool/condor/dir_678047"
	Cpus = 4
	Disk = 11058
	GPUs = 0
	Memory = 12000
...
006 (10613550.317.000) 12/16 15:53:38 Image size of job updated: 37508
	37  -  MemoryUsage of job (MB)
	37508  -  ResidentSetSize of job (KB)
...
006 (10613550.317.000) 12/16 15:58:39 Image size of job updated: 37928
	37  -  MemoryUsage of job (MB)
	37508  -  ResidentSetSize of job (KB)
...
006 (10613550.317.000) 12/16 17:21:46 Image size of job updated: 118456
	37  -  MemoryUsage of job (MB)
	37508  -  ResidentSetSize of job (KB)
...
040 (10613550.317.000) 12/16 17:21:47 Started transferring output files
...
040 (10613550.317.000) 12/16 17:21:47 Finished transferring output files
...
005 (10613550.317.000) 12/16 17:21:47 Job terminated.
	(1) Normal termination (return value 0)
		Usr 0 01:27:00, Sys 0 00:00:13  -  Run Remote Usage
		Usr 0 00:00:00, Sys 0 00:00:00  -  Run Local Usage
		Usr 0 01:27:00, Sys 0 00:00:13  -  Total Remote Usage
		Usr 0 00:00:00, Sys 0 00:00:00  -  Total Local Usage
	0  -  Run Bytes Sent By Job
	7584148  -  Run Bytes Received By Job
	0  -  Total Bytes Sent By Job
	7584148  -  Total Bytes Received By Job
	Partitionable Resources :    Usage  Request Allocated 
	   Cpus                 :     0.98        4         4 
	   Disk (KB)            : 33026        7500     11058 
	   GPUs                 :                           0 
	   Memory (MB)          :    37       12000     12000 
	   TimeExecute (s)      :  5302                       
	   TimeSlotBusy (s)     :  5303                       

	Job terminated of its own accord at 2025-12-16T16:21:46Z with exit-code 0.
...
