000 (10610889.232.000) 12/16 07:15:00 Job submitted from host: <188.185.71.83:9618?addrs=188.185.71.83-9618+[2001-1458-d00-7--100-34d]-9618&alias=bigbird18.cern.ch&noUDP&sock=schedd_5052_d48c>
...
040 (10610889.232.000) 12/16 13:31:28 Started transferring input files
	Transferring to host: <188.185.205.218:9618?addrs=188.185.205.218-9618+[2001-1458-303-a--100-57]-9618&alias=b9p04p8395.cern.ch&noUDP&sock=slot1_12_5547_1cfb_79201>
...
040 (10610889.232.000) 12/16 13:31:28 Finished transferring input files
...
001 (10610889.232.000) 12/16 13:31:28 Job executing on host: <188.185.205.218:9618?addrs=188.185.205.218-9618+[2001-1458-303-a--100-57]-9618&alias=b9p04p8395.cern.ch&noUDP&sock=startd_4704_2197>
	SlotName: slot1_12@b9p04p8395.cern.ch
	CondorScratchDir = "/pool/condor/dir_437589"
	Cpus = 4
	Disk = 10894
	GPUs = 0
	Memory = 12000
...
006 (10610889.232.000) 12/16 13:31:42 Image size of job updated: 39668
	39  -  MemoryUsage of job (MB)
	39668  -  ResidentSetSize of job (KB)
...
006 (10610889.232.000) 12/16 13:36:43 Image size of job updated: 40048
	39  -  MemoryUsage of job (MB)
	39668  -  ResidentSetSize of job (KB)
...
006 (10610889.232.000) 12/16 15:11:39 Image size of job updated: 120696
	39  -  MemoryUsage of job (MB)
	39668  -  ResidentSetSize of job (KB)
...
040 (10610889.232.000) 12/16 15:11:39 Started transferring output files
...
040 (10610889.232.000) 12/16 15:11:40 Finished transferring output files
...
005 (10610889.232.000) 12/16 15:11:40 Job terminated.
	(1) Normal termination (return value 0)
		Usr 0 01:38:11, Sys 0 00:00:13  -  Run Remote Usage
		Usr 0 00:00:00, Sys 0 00:00:00  -  Run Local Usage
		Usr 0 01:38:11, Sys 0 00:00:13  -  Total Remote Usage
		Usr 0 00:00:00, Sys 0 00:00:00  -  Total Local Usage
	0  -  Run Bytes Sent By Job
	7584148  -  Run Bytes Received By Job
	0  -  Total Bytes Sent By Job
	7584148  -  Total Bytes Received By Job
	Partitionable Resources :    Usage  Request Allocated 
	   Cpus                 :     0.99        4         4 
	   Disk (KB)            : 32794        7500     10894 
	   GPUs                 :                           0 
	   Memory (MB)          :    39       12000     12000 
	   TimeExecute (s)      :  6011                       
	   TimeSlotBusy (s)     :  6013                       

	Job terminated of its own accord at 2025-12-16T14:11:39Z with exit-code 0.
...
