000 (10610888.619.000) 12/16 07:14:44 Job submitted from host: <188.185.71.83:9618?addrs=188.185.71.83-9618+[2001-1458-d00-7--100-34d]-9618&alias=bigbird18.cern.ch&noUDP&sock=schedd_5052_d48c>
...
040 (10610888.619.000) 12/16 09:31:44 Started transferring input files
	Transferring to host: <188.185.212.180:9618?addrs=188.185.212.180-9618+[2001-1458-303-19--100-30]-9618&alias=b9p26p6509.cern.ch&noUDP&sock=slot1_16_2829136_ff5f_11802>
...
040 (10610888.619.000) 12/16 09:31:44 Finished transferring input files
...
001 (10610888.619.000) 12/16 09:31:44 Job executing on host: <188.185.212.180:9618?addrs=188.185.212.180-9618+[2001-1458-303-19--100-30]-9618&alias=b9p26p6509.cern.ch&noUDP&sock=startd_2828637_48d7>
	SlotName: slot1_16@b9p26p6509.cern.ch
	CondorScratchDir = "/pool/condor/dir_3148556"
	Cpus = 4
	Disk = 10968
	GPUs = 0
	Memory = 12000
...
006 (10610888.619.000) 12/16 09:31:58 Image size of job updated: 37520
	37  -  MemoryUsage of job (MB)
	37520  -  ResidentSetSize of job (KB)
...
006 (10610888.619.000) 12/16 09:36:58 Image size of job updated: 37940
	37  -  MemoryUsage of job (MB)
	37520  -  ResidentSetSize of job (KB)
...
040 (10610888.619.000) 12/16 11:04:46 Started transferring output files
...
040 (10610888.619.000) 12/16 11:04:47 Finished transferring output files
...
005 (10610888.619.000) 12/16 11:04:47 Job terminated.
	(1) Normal termination (return value 0)
		Usr 0 01:31:54, Sys 0 00:00:08  -  Run Remote Usage
		Usr 0 00:00:00, Sys 0 00:00:00  -  Run Local Usage
		Usr 0 01:31:54, Sys 0 00:00:08  -  Total Remote Usage
		Usr 0 00:00:00, Sys 0 00:00:00  -  Total Local Usage
	0  -  Run Bytes Sent By Job
	7584148  -  Run Bytes Received By Job
	0  -  Total Bytes Sent By Job
	7584148  -  Total Bytes Received By Job
	Partitionable Resources :    Usage  Request Allocated 
	   Cpus                 :     0.99        4         4 
	   Disk (KB)            : 33409        7500     10968 
	   GPUs                 :                           0 
	   Memory (MB)          :    37       12000     12000 
	   TimeExecute (s)      :  5582                       
	   TimeSlotBusy (s)     :  5583                       

	Job terminated of its own accord at 2025-12-16T10:04:46Z with exit-code 0.
...
