000 (10613549.362.000) 12/16 14:40:44 Job submitted from host: <188.185.71.83:9618?addrs=188.185.71.83-9618+[2001-1458-d00-7--100-34d]-9618&alias=bigbird18.cern.ch&noUDP&sock=schedd_5052_d48c>
...
040 (10613549.362.000) 12/16 15:29:33 Started transferring input files
	Transferring to host: <188.185.213.213:9618?addrs=188.185.213.213-9618+[2001-1458-303-1b--100-51]-9618&alias=b9p28p4077.cern.ch&noUDP&sock=slot1_4_4563_cbd3_86368>
...
040 (10613549.362.000) 12/16 15:29:33 Finished transferring input files
...
001 (10613549.362.000) 12/16 15:29:33 Job executing on host: <188.185.213.213:9618?addrs=188.185.213.213-9618+[2001-1458-303-1b--100-51]-9618&alias=b9p28p4077.cern.ch&noUDP&sock=startd_3872_72cb>
	SlotName: slot1_4@b9p28p4077.cern.ch
	CondorScratchDir = "/pool/condor/dir_2461123"
	Cpus = 4
	Disk = 11008
	GPUs = 0
	Memory = 12000
...
006 (10613549.362.000) 12/16 15:29:47 Image size of job updated: 41560
	41  -  MemoryUsage of job (MB)
	41560  -  ResidentSetSize of job (KB)
...
006 (10613549.362.000) 12/16 16:52:52 Image size of job updated: 122512
	41  -  MemoryUsage of job (MB)
	41560  -  ResidentSetSize of job (KB)
...
040 (10613549.362.000) 12/16 16:52:53 Started transferring output files
...
040 (10613549.362.000) 12/16 16:52:53 Finished transferring output files
...
005 (10613549.362.000) 12/16 16:52:53 Job terminated.
	(1) Normal termination (return value 0)
		Usr 0 01:22:20, Sys 0 00:00:06  -  Run Remote Usage
		Usr 0 00:00:00, Sys 0 00:00:00  -  Run Local Usage
		Usr 0 01:22:20, Sys 0 00:00:06  -  Total Remote Usage
		Usr 0 00:00:00, Sys 0 00:00:00  -  Total Local Usage
	0  -  Run Bytes Sent By Job
	7584148  -  Run Bytes Received By Job
	0  -  Total Bytes Sent By Job
	7584148  -  Total Bytes Received By Job
	Partitionable Resources :    Usage  Request Allocated 
	   Cpus                 :     0.99        4         4 
	   Disk (KB)            : 32901        7500     11008 
	   GPUs                 :                           0 
	   Memory (MB)          :    41       12000     12000 
	   TimeExecute (s)      :  4999                       
	   TimeSlotBusy (s)     :  5000                       

	Job terminated of its own accord at 2025-12-16T15:52:52Z with exit-code 0.
...
