000 (10613550.880.000) 12/16 14:41:00 Job submitted from host: <188.185.71.83:9618?addrs=188.185.71.83-9618+[2001-1458-d00-7--100-34d]-9618&alias=bigbird18.cern.ch&noUDP&sock=schedd_5052_d48c>
...
040 (10613550.880.000) 12/16 16:52:43 Started transferring input files
	Transferring to host: <188.185.214.101:9618?addrs=188.185.214.101-9618+[2001-1458-303-1c--100-61]-9618&alias=b9p29p8988.cern.ch&noUDP&sock=slot1_13_7365_0f05_108513>
...
040 (10613550.880.000) 12/16 16:52:43 Finished transferring input files
...
001 (10613550.880.000) 12/16 16:52:43 Job executing on host: <188.185.214.101:9618?addrs=188.185.214.101-9618+[2001-1458-303-1c--100-61]-9618&alias=b9p29p8988.cern.ch&noUDP&sock=startd_6360_026c>
	SlotName: slot1_13@b9p29p8988.cern.ch
	CondorScratchDir = "/pool/condor/dir_466670"
	Cpus = 4
	Disk = 10970
	GPUs = 0
	Memory = 12000
...
006 (10613550.880.000) 12/16 16:52:57 Image size of job updated: 37484
	37  -  MemoryUsage of job (MB)
	37484  -  ResidentSetSize of job (KB)
...
006 (10613550.880.000) 12/16 16:57:59 Image size of job updated: 37904
	37  -  MemoryUsage of job (MB)
	37484  -  ResidentSetSize of job (KB)
...
040 (10613550.880.000) 12/16 18:08:03 Started transferring output files
...
040 (10613550.880.000) 12/16 18:08:03 Finished transferring output files
...
005 (10613550.880.000) 12/16 18:08:03 Job terminated.
	(1) Normal termination (return value 0)
		Usr 0 01:14:21, Sys 0 00:00:10  -  Run Remote Usage
		Usr 0 00:00:00, Sys 0 00:00:00  -  Run Local Usage
		Usr 0 01:14:21, Sys 0 00:00:10  -  Total Remote Usage
		Usr 0 00:00:00, Sys 0 00:00:00  -  Total Local Usage
	0  -  Run Bytes Sent By Job
	7584148  -  Run Bytes Received By Job
	0  -  Total Bytes Sent By Job
	7584148  -  Total Bytes Received By Job
	Partitionable Resources :    Usage  Request Allocated 
	   Cpus                 :     0.99        4         4 
	   Disk (KB)            : 33450        7500     10970 
	   GPUs                 :                           0 
	   Memory (MB)          :    37       12000     12000 
	   TimeExecute (s)      :  4519                       
	   TimeSlotBusy (s)     :  4520                       

	Job terminated of its own accord at 2025-12-16T17:08:02Z with exit-code 0.
...
