000 (10613549.065.000) 12/16 14:40:44 Job submitted from host: <188.185.71.83:9618?addrs=188.185.71.83-9618+[2001-1458-d00-7--100-34d]-9618&alias=bigbird18.cern.ch&noUDP&sock=schedd_5052_d48c>
...
040 (10613549.065.000) 12/16 14:55:27 Started transferring input files
	Transferring to host: <188.185.211.187:9618?addrs=188.185.211.187-9618+[2001-1458-303-17--100-37]-9618&alias=b9p24p5995.cern.ch&noUDP&sock=slot1_15_5859_f207_92703>
...
040 (10613549.065.000) 12/16 14:55:27 Finished transferring input files
...
001 (10613549.065.000) 12/16 14:55:27 Job executing on host: <188.185.211.187:9618?addrs=188.185.211.187-9618+[2001-1458-303-17--100-37]-9618&alias=b9p24p5995.cern.ch&noUDP&sock=startd_4999_7a07>
	SlotName: slot1_15@b9p24p5995.cern.ch
	CondorScratchDir = "/pool/condor/dir_1342338"
	Cpus = 4
	Disk = 11023
	GPUs = 0
	Memory = 12000
...
006 (10613549.065.000) 12/16 14:55:42 Image size of job updated: 38016
	38  -  MemoryUsage of job (MB)
	38016  -  ResidentSetSize of job (KB)
...
006 (10613549.065.000) 12/16 15:00:42 Image size of job updated: 38108
	38  -  MemoryUsage of job (MB)
	38016  -  ResidentSetSize of job (KB)
...
006 (10613549.065.000) 12/16 16:21:56 Image size of job updated: 118696
	38  -  MemoryUsage of job (MB)
	38016  -  ResidentSetSize of job (KB)
...
040 (10613549.065.000) 12/16 16:21:57 Started transferring output files
...
040 (10613549.065.000) 12/16 16:21:57 Finished transferring output files
...
005 (10613549.065.000) 12/16 16:21:57 Job terminated.
	(1) Normal termination (return value 0)
		Usr 0 01:25:08, Sys 0 00:00:11  -  Run Remote Usage
		Usr 0 00:00:00, Sys 0 00:00:00  -  Run Local Usage
		Usr 0 01:25:08, Sys 0 00:00:11  -  Total Remote Usage
		Usr 0 00:00:00, Sys 0 00:00:00  -  Total Local Usage
	0  -  Run Bytes Sent By Job
	7584148  -  Run Bytes Received By Job
	0  -  Total Bytes Sent By Job
	7584148  -  Total Bytes Received By Job
	Partitionable Resources :    Usage  Request Allocated 
	   Cpus                 :     0.99        4         4 
	   Disk (KB)            : 33837        7500     11023 
	   GPUs                 :                           0 
	   Memory (MB)          :    38       12000     12000 
	   TimeExecute (s)      :  5189                       
	   TimeSlotBusy (s)     :  5190                       

	Job terminated of its own accord at 2025-12-16T15:21:56Z with exit-code 0.
...
