000 (10610888.439.000) 12/16 07:14:44 Job submitted from host: <188.185.71.83:9618?addrs=188.185.71.83-9618+[2001-1458-d00-7--100-34d]-9618&alias=bigbird18.cern.ch&noUDP&sock=schedd_5052_d48c>
...
040 (10610888.439.000) 12/16 09:24:49 Started transferring input files
	Transferring to host: <188.185.208.15:9618?addrs=188.185.208.15-9618+[2001-1458-303-f--100-c]-9618&alias=b9p09p9130.cern.ch&noUDP&sock=slot1_10_7192_2a1e_78294>
...
040 (10610888.439.000) 12/16 09:24:49 Finished transferring input files
...
001 (10610888.439.000) 12/16 09:24:50 Job executing on host: <188.185.208.15:9618?addrs=188.185.208.15-9618+[2001-1458-303-f--100-c]-9618&alias=b9p09p9130.cern.ch&noUDP&sock=startd_6350_267a>
	SlotName: slot1_10@b9p09p9130.cern.ch
	CondorScratchDir = "/pool/condor/dir_1514902"
	Cpus = 4
	Disk = 10614
	GPUs = 0
	Memory = 12000
...
006 (10610888.439.000) 12/16 09:25:03 Image size of job updated: 42188
	42  -  MemoryUsage of job (MB)
	42188  -  ResidentSetSize of job (KB)
...
006 (10610888.439.000) 12/16 09:30:03 Image size of job updated: 42592
	42  -  MemoryUsage of job (MB)
	42188  -  ResidentSetSize of job (KB)
...
006 (10610888.439.000) 12/16 10:54:03 Image size of job updated: 123196
	42  -  MemoryUsage of job (MB)
	42188  -  ResidentSetSize of job (KB)
...
040 (10610888.439.000) 12/16 10:54:03 Started transferring output files
...
040 (10610888.439.000) 12/16 10:54:04 Finished transferring output files
...
005 (10610888.439.000) 12/16 10:54:04 Job terminated.
	(1) Normal termination (return value 0)
		Usr 0 01:27:57, Sys 0 00:00:08  -  Run Remote Usage
		Usr 0 00:00:00, Sys 0 00:00:00  -  Run Local Usage
		Usr 0 01:27:57, Sys 0 00:00:08  -  Total Remote Usage
		Usr 0 00:00:00, Sys 0 00:00:00  -  Total Local Usage
	0  -  Run Bytes Sent By Job
	7584148  -  Run Bytes Received By Job
	0  -  Total Bytes Sent By Job
	7584148  -  Total Bytes Received By Job
	Partitionable Resources :    Usage  Request Allocated 
	   Cpus                 :     0.99        4         4 
	   Disk (KB)            : 32418        7500     10614 
	   GPUs                 :                           0 
	   Memory (MB)          :    42       12000     12000 
	   TimeExecute (s)      :  5354                       
	   TimeSlotBusy (s)     :  5355                       

	Job terminated of its own accord at 2025-12-16T09:54:03Z with exit-code 0.
...
