000 (10610888.855.000) 12/16 07:14:45 Job submitted from host: <188.185.71.83:9618?addrs=188.185.71.83-9618+[2001-1458-d00-7--100-34d]-9618&alias=bigbird18.cern.ch&noUDP&sock=schedd_5052_d48c>
...
040 (10610888.855.000) 12/16 09:47:11 Started transferring input files
	Transferring to host: <188.185.205.162:9618?addrs=188.185.205.162-9618+[2001-1458-303-a--100-1f]-9618&alias=b9p04p5294.cern.ch&noUDP&sock=slot1_13_49524_e357_10430>
...
001 (10610888.855.000) 12/16 09:47:11 Job executing on host: <188.185.205.162:9618?addrs=188.185.205.162-9618+[2001-1458-303-a--100-1f]-9618&alias=b9p04p5294.cern.ch&noUDP&sock=startd_6264_2955>
	SlotName: slot1_13@b9p04p5294.cern.ch
	CondorScratchDir = "/pool/condor/dir_2872825"
	Cpus = 4
	Disk = 10777
	GPUs = 0
	Memory = 12000
...
040 (10610888.855.000) 12/16 09:47:11 Finished transferring input files
...
006 (10610888.855.000) 12/16 09:47:25 Image size of job updated: 42044
	42  -  MemoryUsage of job (MB)
	42044  -  ResidentSetSize of job (KB)
...
006 (10610888.855.000) 12/16 09:52:26 Image size of job updated: 42476
	42  -  MemoryUsage of job (MB)
	42044  -  ResidentSetSize of job (KB)
...
040 (10610888.855.000) 12/16 11:30:10 Started transferring output files
...
040 (10610888.855.000) 12/16 11:30:10 Finished transferring output files
...
005 (10610888.855.000) 12/16 11:30:10 Job terminated.
	(1) Normal termination (return value 0)
		Usr 0 01:41:21, Sys 0 00:00:09  -  Run Remote Usage
		Usr 0 00:00:00, Sys 0 00:00:00  -  Run Local Usage
		Usr 0 01:41:21, Sys 0 00:00:09  -  Total Remote Usage
		Usr 0 00:00:00, Sys 0 00:00:00  -  Total Local Usage
	0  -  Run Bytes Sent By Job
	7584148  -  Run Bytes Received By Job
	0  -  Total Bytes Sent By Job
	7584148  -  Total Bytes Received By Job
	Partitionable Resources :    Usage  Request Allocated 
	   Cpus                 :     0.99        4         4 
	   Disk (KB)            : 32407        7500     10777 
	   GPUs                 :                           0 
	   Memory (MB)          :    42       12000     12000 
	   TimeExecute (s)      :  6178                       
	   TimeSlotBusy (s)     :  6179                       

	Job terminated of its own accord at 2025-12-16T10:30:09Z with exit-code 0.
...
