000 (10613550.306.000) 12/16 14:40:59 Job submitted from host: <188.185.71.83:9618?addrs=188.185.71.83-9618+[2001-1458-d00-7--100-34d]-9618&alias=bigbird18.cern.ch&noUDP&sock=schedd_5052_d48c>
...
040 (10613550.306.000) 12/16 15:52:31 Started transferring input files
	Transferring to host: <188.185.211.231:9618?addrs=188.185.211.231-9618+[2001-1458-303-17--100-63]-9618&alias=b9p24p1762.cern.ch&noUDP&sock=slot1_6_5932_616a_87406>
...
040 (10613550.306.000) 12/16 15:52:31 Finished transferring input files
...
001 (10613550.306.000) 12/16 15:52:31 Job executing on host: <188.185.211.231:9618?addrs=188.185.211.231-9618+[2001-1458-303-17--100-63]-9618&alias=b9p24p1762.cern.ch&noUDP&sock=startd_5232_4b98>
	SlotName: slot1_6@b9p24p1762.cern.ch
	CondorScratchDir = "/pool/condor/dir_3821822"
	Cpus = 4
	Disk = 11094
	GPUs = 0
	Memory = 12000
...
006 (10613550.306.000) 12/16 15:52:44 Image size of job updated: 38060
	38  -  MemoryUsage of job (MB)
	38060  -  ResidentSetSize of job (KB)
...
006 (10613550.306.000) 12/16 15:57:44 Image size of job updated: 38152
	38  -  MemoryUsage of job (MB)
	38060  -  ResidentSetSize of job (KB)
...
006 (10613550.306.000) 12/16 17:13:48 Image size of job updated: 118732
	38  -  MemoryUsage of job (MB)
	38060  -  ResidentSetSize of job (KB)
...
040 (10613550.306.000) 12/16 17:13:49 Started transferring output files
...
040 (10613550.306.000) 12/16 17:13:49 Finished transferring output files
...
005 (10613550.306.000) 12/16 17:13:49 Job terminated.
	(1) Normal termination (return value 0)
		Usr 0 01:20:19, Sys 0 00:00:05  -  Run Remote Usage
		Usr 0 00:00:00, Sys 0 00:00:00  -  Run Local Usage
		Usr 0 01:20:19, Sys 0 00:00:05  -  Total Remote Usage
		Usr 0 00:00:00, Sys 0 00:00:00  -  Total Local Usage
	0  -  Run Bytes Sent By Job
	7584148  -  Run Bytes Received By Job
	0  -  Total Bytes Sent By Job
	7584148  -  Total Bytes Received By Job
	Partitionable Resources :    Usage  Request Allocated 
	   Cpus                 :     0.99        4         4 
	   Disk (KB)            : 33464        7500     11094 
	   GPUs                 :                           0 
	   Memory (MB)          :    38       12000     12000 
	   TimeExecute (s)      :  4877                       
	   TimeSlotBusy (s)     :  4879                       

	Job terminated of its own accord at 2025-12-16T16:13:48Z with exit-code 0.
...
