000 (10613550.314.000) 12/16 14:40:59 Job submitted from host: <188.185.71.83:9618?addrs=188.185.71.83-9618+[2001-1458-d00-7--100-34d]-9618&alias=bigbird18.cern.ch&noUDP&sock=schedd_5052_d48c>
...
040 (10613550.314.000) 12/16 15:53:19 Started transferring input files
	Transferring to host: <188.185.205.157:9618?addrs=188.185.205.157-9618+[2001-1458-303-a--100-1a]-9618&alias=b9p04p7188.cern.ch&noUDP&sock=slot1_16_4028_d71d_76304>
...
040 (10613550.314.000) 12/16 15:53:19 Finished transferring input files
...
001 (10613550.314.000) 12/16 15:53:19 Job executing on host: <188.185.205.157:9618?addrs=188.185.205.157-9618+[2001-1458-303-a--100-1a]-9618&alias=b9p04p7188.cern.ch&noUDP&sock=startd_3594_c377>
	SlotName: slot1_16@b9p04p7188.cern.ch
	CondorScratchDir = "/pool/condor/dir_1878237"
	Cpus = 4
	Disk = 10703
	GPUs = 0
	Memory = 12000
...
006 (10613550.314.000) 12/16 15:53:33 Image size of job updated: 40804
	40  -  MemoryUsage of job (MB)
	40804  -  ResidentSetSize of job (KB)
...
006 (10613550.314.000) 12/16 15:58:35 Image size of job updated: 40836
	40  -  MemoryUsage of job (MB)
	40804  -  ResidentSetSize of job (KB)
...
040 (10613550.314.000) 12/16 17:11:44 Started transferring output files
...
040 (10613550.314.000) 12/16 17:11:45 Finished transferring output files
...
005 (10613550.314.000) 12/16 17:11:45 Job terminated.
	(1) Normal termination (return value 0)
		Usr 0 01:17:21, Sys 0 00:00:07  -  Run Remote Usage
		Usr 0 00:00:00, Sys 0 00:00:00  -  Run Local Usage
		Usr 0 01:17:21, Sys 0 00:00:07  -  Total Remote Usage
		Usr 0 00:00:00, Sys 0 00:00:00  -  Total Local Usage
	0  -  Run Bytes Sent By Job
	7584148  -  Run Bytes Received By Job
	0  -  Total Bytes Sent By Job
	7584148  -  Total Bytes Received By Job
	Partitionable Resources :    Usage  Request Allocated 
	   Cpus                 :     0.99        4         4 
	   Disk (KB)            : 32759        7500     10703 
	   GPUs                 :                           0 
	   Memory (MB)          :    40       12000     12000 
	   TimeExecute (s)      :  4705                       
	   TimeSlotBusy (s)     :  4706                       

	Job terminated of its own accord at 2025-12-16T16:11:44Z with exit-code 0.
...
