000 (10610889.451.000) 12/16 07:15:00 Job submitted from host: <188.185.71.83:9618?addrs=188.185.71.83-9618+[2001-1458-d00-7--100-34d]-9618&alias=bigbird18.cern.ch&noUDP&sock=schedd_5052_d48c>
...
040 (10610889.451.000) 12/16 14:09:13 Started transferring input files
	Transferring to host: <188.185.207.137:9618?addrs=188.185.207.137-9618+[2001-1458-303-e--100-6]-9618&alias=b9p08p6527.cern.ch&noUDP&sock=slot1_10_7242_64e0_79266>
...
040 (10610889.451.000) 12/16 14:09:13 Finished transferring input files
...
001 (10610889.451.000) 12/16 14:09:13 Job executing on host: <188.185.207.137:9618?addrs=188.185.207.137-9618+[2001-1458-303-e--100-6]-9618&alias=b9p08p6527.cern.ch&noUDP&sock=startd_6408_eef8>
	SlotName: slot1_10@b9p08p6527.cern.ch
	CondorScratchDir = "/pool/condor/dir_2467506"
	Cpus = 4
	Disk = 10944
	GPUs = 0
	Memory = 12000
...
006 (10610889.451.000) 12/16 14:09:27 Image size of job updated: 40284
	40  -  MemoryUsage of job (MB)
	40284  -  ResidentSetSize of job (KB)
...
006 (10610889.451.000) 12/16 14:14:28 Image size of job updated: 40664
	40  -  MemoryUsage of job (MB)
	40284  -  ResidentSetSize of job (KB)
...
006 (10610889.451.000) 12/16 15:47:46 Image size of job updated: 121312
	40  -  MemoryUsage of job (MB)
	40284  -  ResidentSetSize of job (KB)
...
040 (10610889.451.000) 12/16 15:47:47 Started transferring output files
...
040 (10610889.451.000) 12/16 15:47:47 Finished transferring output files
...
005 (10610889.451.000) 12/16 15:47:47 Job terminated.
	(1) Normal termination (return value 0)
		Usr 0 01:37:14, Sys 0 00:00:08  -  Run Remote Usage
		Usr 0 00:00:00, Sys 0 00:00:00  -  Run Local Usage
		Usr 0 01:37:14, Sys 0 00:00:08  -  Total Remote Usage
		Usr 0 00:00:00, Sys 0 00:00:00  -  Total Local Usage
	0  -  Run Bytes Sent By Job
	7584148  -  Run Bytes Received By Job
	0  -  Total Bytes Sent By Job
	7584148  -  Total Bytes Received By Job
	Partitionable Resources :    Usage  Request Allocated 
	   Cpus                 :     0.99        4         4 
	   Disk (KB)            : 33622        7500     10944 
	   GPUs                 :                           0 
	   Memory (MB)          :    40       12000     12000 
	   TimeExecute (s)      :  5913                       
	   TimeSlotBusy (s)     :  5915                       

	Job terminated of its own accord at 2025-12-16T14:47:46Z with exit-code 0.
...
