000 (10613550.351.000) 12/16 14:40:59 Job submitted from host: <188.185.71.83:9618?addrs=188.185.71.83-9618+[2001-1458-d00-7--100-34d]-9618&alias=bigbird18.cern.ch&noUDP&sock=schedd_5052_d48c>
...
040 (10613550.351.000) 12/16 15:56:59 Started transferring input files
	Transferring to host: <188.185.206.178:9618?addrs=188.185.206.178-9618+[2001-1458-303-c--100-2f]-9618&alias=b9p06p2822.cern.ch&noUDP&sock=slot1_10_3956032_2c60_17206>
...
040 (10613550.351.000) 12/16 15:56:59 Finished transferring input files
...
001 (10613550.351.000) 12/16 15:56:59 Job executing on host: <188.185.206.178:9618?addrs=188.185.206.178-9618+[2001-1458-303-c--100-2f]-9618&alias=b9p06p2822.cern.ch&noUDP&sock=startd_3881_9f25>
	SlotName: slot1_10@b9p06p2822.cern.ch
	CondorScratchDir = "/pool/condor/dir_990930"
	Cpus = 4
	Disk = 11013
	GPUs = 0
	Memory = 12000
...
006 (10613550.351.000) 12/16 15:57:13 Image size of job updated: 42180
	42  -  MemoryUsage of job (MB)
	42180  -  ResidentSetSize of job (KB)
...
040 (10613550.351.000) 12/16 17:26:35 Started transferring output files
...
040 (10613550.351.000) 12/16 17:26:36 Finished transferring output files
...
005 (10613550.351.000) 12/16 17:26:36 Job terminated.
	(1) Normal termination (return value 0)
		Usr 0 01:28:12, Sys 0 00:00:06  -  Run Remote Usage
		Usr 0 00:00:00, Sys 0 00:00:00  -  Run Local Usage
		Usr 0 01:28:12, Sys 0 00:00:06  -  Total Remote Usage
		Usr 0 00:00:00, Sys 0 00:00:00  -  Total Local Usage
	0  -  Run Bytes Sent By Job
	7584148  -  Run Bytes Received By Job
	0  -  Total Bytes Sent By Job
	7584148  -  Total Bytes Received By Job
	Partitionable Resources :    Usage  Request Allocated 
	   Cpus                 :     0.99        4         4 
	   Disk (KB)            : 33038        7500     11013 
	   GPUs                 :                           0 
	   Memory (MB)          :    42       12000     12000 
	   TimeExecute (s)      :  5376                       
	   TimeSlotBusy (s)     :  5377                       

	Job terminated of its own accord at 2025-12-16T16:26:35Z with exit-code 0.
...
