000 (10610889.933.000) 12/16 07:15:01 Job submitted from host: <188.185.71.83:9618?addrs=188.185.71.83-9618+[2001-1458-d00-7--100-34d]-9618&alias=bigbird18.cern.ch&noUDP&sock=schedd_5052_d48c>
...
040 (10610889.933.000) 12/16 14:27:01 Started transferring input files
	Transferring to host: <188.185.214.75:9618?addrs=188.185.214.75-9618+[2001-1458-303-1c--100-47]-9618&alias=b9p29p5305.cern.ch&noUDP&sock=slot1_9_4073_8bff_112256>
...
040 (10610889.933.000) 12/16 14:27:01 Finished transferring input files
...
001 (10610889.933.000) 12/16 14:27:01 Job executing on host: <188.185.214.75:9618?addrs=188.185.214.75-9618+[2001-1458-303-1c--100-47]-9618&alias=b9p29p5305.cern.ch&noUDP&sock=startd_3460_d9c6>
	SlotName: slot1_9@b9p29p5305.cern.ch
	CondorScratchDir = "/pool/condor/dir_55174"
	Cpus = 4
	Disk = 10960
	GPUs = 0
	Memory = 12000
...
006 (10610889.933.000) 12/16 14:27:15 Image size of job updated: 37996
	38  -  MemoryUsage of job (MB)
	37996  -  ResidentSetSize of job (KB)
...
006 (10610889.933.000) 12/16 14:32:16 Image size of job updated: 44552
	42  -  MemoryUsage of job (MB)
	42880  -  ResidentSetSize of job (KB)
...
006 (10610889.933.000) 12/16 15:07:21 Image size of job updated: 44552
	43  -  MemoryUsage of job (MB)
	43036  -  ResidentSetSize of job (KB)
...
040 (10610889.933.000) 12/16 15:43:50 Started transferring output files
...
040 (10610889.933.000) 12/16 15:43:50 Finished transferring output files
...
005 (10610889.933.000) 12/16 15:43:50 Job terminated.
	(1) Normal termination (return value 0)
		Usr 0 01:16:04, Sys 0 00:00:05  -  Run Remote Usage
		Usr 0 00:00:00, Sys 0 00:00:00  -  Run Local Usage
		Usr 0 01:16:04, Sys 0 00:00:05  -  Total Remote Usage
		Usr 0 00:00:00, Sys 0 00:00:00  -  Total Local Usage
	0  -  Run Bytes Sent By Job
	7584148  -  Run Bytes Received By Job
	0  -  Total Bytes Sent By Job
	7584148  -  Total Bytes Received By Job
	Partitionable Resources :    Usage  Request Allocated 
	   Cpus                 :     0.99        4         4 
	   Disk (KB)            : 32402        7500     10960 
	   GPUs                 :                           0 
	   Memory (MB)          :    43       12000     12000 
	   TimeExecute (s)      :  4608                       
	   TimeSlotBusy (s)     :  4610                       

	Job terminated of its own accord at 2025-12-16T14:43:49Z with exit-code 0.
...
