000 (10610887.327.000) 12/16 07:14:31 Job submitted from host: <188.185.71.83:9618?addrs=188.185.71.83-9618+[2001-1458-d00-7--100-34d]-9618&alias=bigbird18.cern.ch&noUDP&sock=schedd_5052_d48c>
...
040 (10610887.327.000) 12/16 07:49:36 Started transferring input files
	Transferring to host: <128.142.161.125:9618?addrs=128.142.161.125-9618+[2001-1458-301-b8--100-3d]-9618&alias=b9g03p2632.cern.ch&noUDP&sock=slot1_28_5860_a667_88565>
...
040 (10610887.327.000) 12/16 07:49:36 Finished transferring input files
...
001 (10610887.327.000) 12/16 07:49:36 Job executing on host: <128.142.161.125:9618?addrs=128.142.161.125-9618+[2001-1458-301-b8--100-3d]-9618&alias=b9g03p2632.cern.ch&noUDP&sock=startd_4408_198e>
	SlotName: slot1_28@b9g03p2632.cern.ch
	CondorScratchDir = "/pool/condor/dir_1059430"
	Cpus = 4
	Disk = 10994
	GPUs = 0
	Memory = 12000
...
006 (10610887.327.000) 12/16 07:49:50 Image size of job updated: 37512
	37  -  MemoryUsage of job (MB)
	37512  -  ResidentSetSize of job (KB)
...
006 (10610887.327.000) 12/16 07:54:50 Image size of job updated: 37932
	37  -  MemoryUsage of job (MB)
	37512  -  ResidentSetSize of job (KB)
...
006 (10610887.327.000) 12/16 10:39:23 Image size of job updated: 118460
	37  -  MemoryUsage of job (MB)
	37512  -  ResidentSetSize of job (KB)
...
040 (10610887.327.000) 12/16 10:39:24 Started transferring output files
...
040 (10610887.327.000) 12/16 10:39:25 Finished transferring output files
...
005 (10610887.327.000) 12/16 10:39:25 Job terminated.
	(1) Normal termination (return value 0)
		Usr 0 02:47:57, Sys 0 00:00:07  -  Run Remote Usage
		Usr 0 00:00:00, Sys 0 00:00:00  -  Run Local Usage
		Usr 0 02:47:57, Sys 0 00:00:07  -  Total Remote Usage
		Usr 0 00:00:00, Sys 0 00:00:00  -  Total Local Usage
	0  -  Run Bytes Sent By Job
	7584148  -  Run Bytes Received By Job
	0  -  Total Bytes Sent By Job
	7584148  -  Total Bytes Received By Job
	Partitionable Resources :    Usage  Request Allocated 
	   Cpus                 :     0.99        4         4 
	   Disk (KB)            : 33210        7500     10994 
	   GPUs                 :                           0 
	   Memory (MB)          :    37       12000     12000 
	   TimeExecute (s)      : 10187                       
	   TimeSlotBusy (s)     : 10190                       

	Job terminated of its own accord at 2025-12-16T09:39:23Z with exit-code 0.
...
