000 (10610887.170.000) 12/16 07:14:31 Job submitted from host: <188.185.71.83:9618?addrs=188.185.71.83-9618+[2001-1458-d00-7--100-34d]-9618&alias=bigbird18.cern.ch&noUDP&sock=schedd_5052_d48c>
...
040 (10610887.170.000) 12/16 07:44:46 Started transferring input files
	Transferring to host: <188.185.206.176:9618?addrs=188.185.206.176-9618+[2001-1458-303-c--100-2d]-9618&alias=b9p06p2041.cern.ch&noUDP&sock=slot1_26_4350_b7ea_80721>
...
040 (10610887.170.000) 12/16 07:44:46 Finished transferring input files
...
001 (10610887.170.000) 12/16 07:44:46 Job executing on host: <188.185.206.176:9618?addrs=188.185.206.176-9618+[2001-1458-303-c--100-2d]-9618&alias=b9p06p2041.cern.ch&noUDP&sock=startd_3873_2263>
	SlotName: slot1_26@b9p06p2041.cern.ch
	CondorScratchDir = "/pool/condor/dir_1687343"
	Cpus = 4
	Disk = 10762
	GPUs = 0
	Memory = 12000
...
006 (10610887.170.000) 12/16 07:45:00 Image size of job updated: 40516
	40  -  MemoryUsage of job (MB)
	40516  -  ResidentSetSize of job (KB)
...
006 (10610887.170.000) 12/16 07:50:01 Image size of job updated: 40580
	40  -  MemoryUsage of job (MB)
	40516  -  ResidentSetSize of job (KB)
...
040 (10610887.170.000) 12/16 09:05:03 Started transferring output files
...
040 (10610887.170.000) 12/16 09:05:03 Finished transferring output files
...
005 (10610887.170.000) 12/16 09:05:03 Job terminated.
	(1) Normal termination (return value 0)
		Usr 0 01:18:44, Sys 0 00:00:07  -  Run Remote Usage
		Usr 0 00:00:00, Sys 0 00:00:00  -  Run Local Usage
		Usr 0 01:18:44, Sys 0 00:00:07  -  Total Remote Usage
		Usr 0 00:00:00, Sys 0 00:00:00  -  Total Local Usage
	0  -  Run Bytes Sent By Job
	7584148  -  Run Bytes Received By Job
	0  -  Total Bytes Sent By Job
	7584148  -  Total Bytes Received By Job
	Partitionable Resources :    Usage  Request Allocated 
	   Cpus                 :     0.99        4         4 
	   Disk (KB)            : 33104        7500     10762 
	   GPUs                 :                           0 
	   Memory (MB)          :    40       12000     12000 
	   TimeExecute (s)      :  4816                       
	   TimeSlotBusy (s)     :  4818                       

	Job terminated of its own accord at 2025-12-16T08:05:02Z with exit-code 0.
...
