000 (10610887.061.000) 12/16 07:14:31 Job submitted from host: <188.185.71.83:9618?addrs=188.185.71.83-9618+[2001-1458-d00-7--100-34d]-9618&alias=bigbird18.cern.ch&noUDP&sock=schedd_5052_d48c>
...
040 (10610887.061.000) 12/16 07:20:38 Started transferring input files
	Transferring to host: <188.185.209.229:9618?addrs=188.185.209.229-9618+[2001-1458-303-12--100-62]-9618&alias=b9p12p8471.cern.ch&noUDP&sock=slot1_26_10714_bb6d_76101>
...
040 (10610887.061.000) 12/16 07:20:38 Finished transferring input files
...
001 (10610887.061.000) 12/16 07:20:38 Job executing on host: <188.185.209.229:9618?addrs=188.185.209.229-9618+[2001-1458-303-12--100-62]-9618&alias=b9p12p8471.cern.ch&noUDP&sock=startd_9495_5bd4>
	SlotName: slot1_26@b9p12p8471.cern.ch
	CondorScratchDir = "/pool/condor/dir_4108160"
	Cpus = 4
	Disk = 10896
	GPUs = 0
	Memory = 12000
...
006 (10610887.061.000) 12/16 07:20:52 Image size of job updated: 39612
	39  -  MemoryUsage of job (MB)
	39612  -  ResidentSetSize of job (KB)
...
006 (10610887.061.000) 12/16 07:25:53 Image size of job updated: 39992
	39  -  MemoryUsage of job (MB)
	39612  -  ResidentSetSize of job (KB)
...
006 (10610887.061.000) 12/16 08:50:52 Image size of job updated: 120648
	39  -  MemoryUsage of job (MB)
	39612  -  ResidentSetSize of job (KB)
...
040 (10610887.061.000) 12/16 08:50:53 Started transferring output files
...
040 (10610887.061.000) 12/16 08:50:53 Finished transferring output files
...
005 (10610887.061.000) 12/16 08:50:53 Job terminated.
	(1) Normal termination (return value 0)
		Usr 0 01:28:42, Sys 0 00:00:06  -  Run Remote Usage
		Usr 0 00:00:00, Sys 0 00:00:00  -  Run Local Usage
		Usr 0 01:28:42, Sys 0 00:00:06  -  Total Remote Usage
		Usr 0 00:00:00, Sys 0 00:00:00  -  Total Local Usage
	0  -  Run Bytes Sent By Job
	7584148  -  Run Bytes Received By Job
	0  -  Total Bytes Sent By Job
	7584148  -  Total Bytes Received By Job
	Partitionable Resources :    Usage  Request Allocated 
	   Cpus                 :     0.99        4         4 
	   Disk (KB)            : 32763        7500     10896 
	   GPUs                 :                           0 
	   Memory (MB)          :    39       12000     12000 
	   TimeExecute (s)      :  5414                       
	   TimeSlotBusy (s)     :  5415                       

	Job terminated of its own accord at 2025-12-16T07:50:52Z with exit-code 0.
...
