000 (10613550.926.000) 12/16 14:41:00 Job submitted from host: <188.185.71.83:9618?addrs=188.185.71.83-9618+[2001-1458-d00-7--100-34d]-9618&alias=bigbird18.cern.ch&noUDP&sock=schedd_5052_d48c>
...
040 (10613550.926.000) 12/16 16:54:36 Started transferring input files
	Transferring to host: <188.185.206.157:9618?addrs=188.185.206.157-9618+[2001-1458-303-c--100-1a]-9618&alias=b9p06p7146.cern.ch&noUDP&sock=slot1_15_5138_ef8a_82058>
...
040 (10613550.926.000) 12/16 16:54:36 Finished transferring input files
...
001 (10613550.926.000) 12/16 16:54:36 Job executing on host: <188.185.206.157:9618?addrs=188.185.206.157-9618+[2001-1458-303-c--100-1a]-9618&alias=b9p06p7146.cern.ch&noUDP&sock=startd_4388_61a9>
	SlotName: slot1_15@b9p06p7146.cern.ch
	CondorScratchDir = "/pool/condor/dir_1826726"
	Cpus = 4
	Disk = 11037
	GPUs = 0
	Memory = 12000
...
006 (10613550.926.000) 12/16 16:54:50 Image size of job updated: 46644
	46  -  MemoryUsage of job (MB)
	46644  -  ResidentSetSize of job (KB)
...
006 (10613550.926.000) 12/16 16:59:50 Image size of job updated: 46676
	46  -  MemoryUsage of job (MB)
	46644  -  ResidentSetSize of job (KB)
...
006 (10613550.926.000) 12/16 18:22:20 Image size of job updated: 127360
	46  -  MemoryUsage of job (MB)
	46644  -  ResidentSetSize of job (KB)
...
040 (10613550.926.000) 12/16 18:22:21 Started transferring output files
...
040 (10613550.926.000) 12/16 18:22:21 Finished transferring output files
...
005 (10613550.926.000) 12/16 18:22:21 Job terminated.
	(1) Normal termination (return value 0)
		Usr 0 01:26:15, Sys 0 00:00:09  -  Run Remote Usage
		Usr 0 00:00:00, Sys 0 00:00:00  -  Run Local Usage
		Usr 0 01:26:15, Sys 0 00:00:09  -  Total Remote Usage
		Usr 0 00:00:00, Sys 0 00:00:00  -  Total Local Usage
	0  -  Run Bytes Sent By Job
	7584148  -  Run Bytes Received By Job
	0  -  Total Bytes Sent By Job
	7584148  -  Total Bytes Received By Job
	Partitionable Resources :    Usage  Request Allocated 
	   Cpus                 :     0.98        4         4 
	   Disk (KB)            : 33528        7500     11037 
	   GPUs                 :                           0 
	   Memory (MB)          :    46       12000     12000 
	   TimeExecute (s)      :  5264                       
	   TimeSlotBusy (s)     :  5265                       

	Job terminated of its own accord at 2025-12-16T17:22:20Z with exit-code 0.
...
