000 (10610888.935.000) 12/16 07:14:45 Job submitted from host: <188.185.71.83:9618?addrs=188.185.71.83-9618+[2001-1458-d00-7--100-34d]-9618&alias=bigbird18.cern.ch&noUDP&sock=schedd_5052_d48c>
...
040 (10610888.935.000) 12/16 09:59:43 Started transferring input files
	Transferring to host: <128.142.192.210:9618?addrs=128.142.192.210-9618+[2001-1458-301-56--100-4e]-9618&alias=b9g18p0299.cern.ch&noUDP&sock=slot1_3_6554_a2c4_109154>
...
040 (10610888.935.000) 12/16 09:59:43 Finished transferring input files
...
001 (10610888.935.000) 12/16 09:59:43 Job executing on host: <128.142.192.210:9618?addrs=128.142.192.210-9618+[2001-1458-301-56--100-4e]-9618&alias=b9g18p0299.cern.ch&noUDP&sock=startd_5482_c645>
	SlotName: slot1_3@b9g18p0299.cern.ch
	CondorScratchDir = "/pool/condor/dir_824846"
	Cpus = 4
	Disk = 11196
	GPUs = 0
	Memory = 12000
...
006 (10610888.935.000) 12/16 09:59:57 Image size of job updated: 40908
	40  -  MemoryUsage of job (MB)
	40908  -  ResidentSetSize of job (KB)
...
006 (10610888.935.000) 12/16 11:54:42 Image size of job updated: 121484
	40  -  MemoryUsage of job (MB)
	40908  -  ResidentSetSize of job (KB)
...
040 (10610888.935.000) 12/16 11:54:42 Started transferring output files
...
040 (10610888.935.000) 12/16 11:54:43 Finished transferring output files
...
005 (10610888.935.000) 12/16 11:54:43 Job terminated.
	(1) Normal termination (return value 0)
		Usr 0 01:53:54, Sys 0 00:00:07  -  Run Remote Usage
		Usr 0 00:00:00, Sys 0 00:00:00  -  Run Local Usage
		Usr 0 01:53:54, Sys 0 00:00:07  -  Total Remote Usage
		Usr 0 00:00:00, Sys 0 00:00:00  -  Total Local Usage
	0  -  Run Bytes Sent By Job
	7584148  -  Run Bytes Received By Job
	0  -  Total Bytes Sent By Job
	7584148  -  Total Bytes Received By Job
	Partitionable Resources :    Usage  Request Allocated 
	   Cpus                 :     0.99        4         4 
	   Disk (KB)            : 33419        7500     11196 
	   GPUs                 :                           0 
	   Memory (MB)          :    40       12000     12000 
	   TimeExecute (s)      :  6899                       
	   TimeSlotBusy (s)     :  6900                       

	Job terminated of its own accord at 2025-12-16T10:54:42Z with exit-code 0.
...
