000 (10613550.277.000) 12/16 14:40:59 Job submitted from host: <188.185.71.83:9618?addrs=188.185.71.83-9618+[2001-1458-d00-7--100-34d]-9618&alias=bigbird18.cern.ch&noUDP&sock=schedd_5052_d48c>
...
040 (10613550.277.000) 12/16 15:50:02 Started transferring input files
	Transferring to host: <188.185.213.100:9618?addrs=188.185.213.100-9618+[2001-1458-303-1a--100-60]-9618&alias=b9p27p7105.cern.ch&noUDP&sock=slot1_10_5249_252f_94885>
...
040 (10613550.277.000) 12/16 15:50:02 Finished transferring input files
...
001 (10613550.277.000) 12/16 15:50:02 Job executing on host: <188.185.213.100:9618?addrs=188.185.213.100-9618+[2001-1458-303-1a--100-60]-9618&alias=b9p27p7105.cern.ch&noUDP&sock=startd_4333_a7f4>
	SlotName: slot1_10@b9p27p7105.cern.ch
	CondorScratchDir = "/pool/condor/dir_817124"
	Cpus = 4
	Disk = 10929
	GPUs = 0
	Memory = 12000
...
006 (10613550.277.000) 12/16 15:50:16 Image size of job updated: 40052
	40  -  MemoryUsage of job (MB)
	40052  -  ResidentSetSize of job (KB)
...
006 (10613550.277.000) 12/16 15:55:17 Image size of job updated: 40472
	40  -  MemoryUsage of job (MB)
	40052  -  ResidentSetSize of job (KB)
...
040 (10613550.277.000) 12/16 17:29:54 Started transferring output files
...
040 (10613550.277.000) 12/16 17:29:54 Finished transferring output files
...
005 (10613550.277.000) 12/16 17:29:55 Job terminated.
	(1) Normal termination (return value 0)
		Usr 0 01:38:32, Sys 0 00:00:09  -  Run Remote Usage
		Usr 0 00:00:00, Sys 0 00:00:00  -  Run Local Usage
		Usr 0 01:38:32, Sys 0 00:00:09  -  Total Remote Usage
		Usr 0 00:00:00, Sys 0 00:00:00  -  Total Local Usage
	0  -  Run Bytes Sent By Job
	7584148  -  Run Bytes Received By Job
	0  -  Total Bytes Sent By Job
	7584148  -  Total Bytes Received By Job
	Partitionable Resources :    Usage  Request Allocated 
	   Cpus                 :     0.99        4         4 
	   Disk (KB)            : 32543        7500     10929 
	   GPUs                 :                           0 
	   Memory (MB)          :    40       12000     12000 
	   TimeExecute (s)      :  5992                       
	   TimeSlotBusy (s)     :  5993                       

	Job terminated of its own accord at 2025-12-16T16:29:54Z with exit-code 0.
...
