000 (10613549.397.000) 12/16 14:40:44 Job submitted from host: <188.185.71.83:9618?addrs=188.185.71.83-9618+[2001-1458-d00-7--100-34d]-9618&alias=bigbird18.cern.ch&noUDP&sock=schedd_5052_d48c>
...
040 (10613549.397.000) 12/16 15:29:48 Started transferring input files
	Transferring to host: <188.185.211.8:9618?addrs=188.185.211.8-9618+[2001-1458-303-16--100-4]-9618&alias=b9p23p4337.cern.ch&noUDP&sock=slot1_3_9725_e465_92809>
...
040 (10613549.397.000) 12/16 15:29:48 Finished transferring input files
...
001 (10613549.397.000) 12/16 15:29:48 Job executing on host: <188.185.211.8:9618?addrs=188.185.211.8-9618+[2001-1458-303-16--100-4]-9618&alias=b9p23p4337.cern.ch&noUDP&sock=startd_8753_688f>
	SlotName: slot1_3@b9p23p4337.cern.ch
	CondorScratchDir = "/pool/condor/dir_2986640"
	Cpus = 4
	Disk = 11011
	GPUs = 0
	Memory = 12000
...
006 (10613549.397.000) 12/16 15:30:02 Image size of job updated: 40400
	40  -  MemoryUsage of job (MB)
	40400  -  ResidentSetSize of job (KB)
...
006 (10613549.397.000) 12/16 15:35:03 Image size of job updated: 40468
	40  -  MemoryUsage of job (MB)
	40400  -  ResidentSetSize of job (KB)
...
006 (10613549.397.000) 12/16 16:55:09 Image size of job updated: 121172
	119  -  MemoryUsage of job (MB)
	121172  -  ResidentSetSize of job (KB)
...
040 (10613549.397.000) 12/16 16:55:11 Started transferring output files
...
040 (10613549.397.000) 12/16 16:55:11 Finished transferring output files
...
005 (10613549.397.000) 12/16 16:55:11 Job terminated.
	(1) Normal termination (return value 0)
		Usr 0 01:24:15, Sys 0 00:00:07  -  Run Remote Usage
		Usr 0 00:00:00, Sys 0 00:00:00  -  Run Local Usage
		Usr 0 01:24:15, Sys 0 00:00:07  -  Total Remote Usage
		Usr 0 00:00:00, Sys 0 00:00:00  -  Total Local Usage
	0  -  Run Bytes Sent By Job
	7584148  -  Run Bytes Received By Job
	0  -  Total Bytes Sent By Job
	7584148  -  Total Bytes Received By Job
	Partitionable Resources :    Usage  Request Allocated 
	   Cpus                 :     0.99        4         4 
	   Disk (KB)            : 32548        7500     11011 
	   GPUs                 :                           0 
	   Memory (MB)          :   119       12000     12000 
	   TimeExecute (s)      :  5122                       
	   TimeSlotBusy (s)     :  5124                       

	Job terminated of its own accord at 2025-12-16T15:55:10Z with exit-code 0.
...
