000 (10610889.828.000) 12/16 07:15:01 Job submitted from host: <188.185.71.83:9618?addrs=188.185.71.83-9618+[2001-1458-d00-7--100-34d]-9618&alias=bigbird18.cern.ch&noUDP&sock=schedd_5052_d48c>
...
040 (10610889.828.000) 12/16 14:26:24 Started transferring input files
	Transferring to host: <188.185.212.142:9618?addrs=188.185.212.142-9618+[2001-1458-303-19--100-a]-9618&alias=b9p26p6648.cern.ch&noUDP&sock=slot1_9_4637_ef96_93183>
...
040 (10610889.828.000) 12/16 14:26:24 Finished transferring input files
...
001 (10610889.828.000) 12/16 14:26:24 Job executing on host: <188.185.212.142:9618?addrs=188.185.212.142-9618+[2001-1458-303-19--100-a]-9618&alias=b9p26p6648.cern.ch&noUDP&sock=startd_3879_3ff5>
	SlotName: slot1_9@b9p26p6648.cern.ch
	CondorScratchDir = "/pool/condor/dir_212009"
	Cpus = 4
	Disk = 11042
	GPUs = 0
	Memory = 12000
...
006 (10610889.828.000) 12/16 14:26:38 Image size of job updated: 37508
	37  -  MemoryUsage of job (MB)
	37508  -  ResidentSetSize of job (KB)
...
006 (10610889.828.000) 12/16 14:31:39 Image size of job updated: 37928
	37  -  MemoryUsage of job (MB)
	37508  -  ResidentSetSize of job (KB)
...
006 (10610889.828.000) 12/16 16:03:24 Image size of job updated: 118460
	37  -  MemoryUsage of job (MB)
	37508  -  ResidentSetSize of job (KB)
...
040 (10610889.828.000) 12/16 16:03:25 Started transferring output files
...
040 (10610889.828.000) 12/16 16:03:25 Finished transferring output files
...
005 (10610889.828.000) 12/16 16:03:25 Job terminated.
	(1) Normal termination (return value 0)
		Usr 0 01:35:36, Sys 0 00:00:09  -  Run Remote Usage
		Usr 0 00:00:00, Sys 0 00:00:00  -  Run Local Usage
		Usr 0 01:35:36, Sys 0 00:00:09  -  Total Remote Usage
		Usr 0 00:00:00, Sys 0 00:00:00  -  Total Local Usage
	0  -  Run Bytes Sent By Job
	7584148  -  Run Bytes Received By Job
	0  -  Total Bytes Sent By Job
	7584148  -  Total Bytes Received By Job
	Partitionable Resources :    Usage  Request Allocated 
	   Cpus                 :     0.99        4         4 
	   Disk (KB)            : 33075        7500     11042 
	   GPUs                 :                           0 
	   Memory (MB)          :    37       12000     12000 
	   TimeExecute (s)      :  5820                       
	   TimeSlotBusy (s)     :  5821                       

	Job terminated of its own accord at 2025-12-16T15:03:24Z with exit-code 0.
...
