000 (10613549.078.000) 12/16 14:40:44 Job submitted from host: <188.185.71.83:9618?addrs=188.185.71.83-9618+[2001-1458-d00-7--100-34d]-9618&alias=bigbird18.cern.ch&noUDP&sock=schedd_5052_d48c>
...
040 (10613549.078.000) 12/16 14:58:02 Started transferring input files
	Transferring to host: <188.185.212.73:9618?addrs=188.185.212.73-9618+[2001-1458-303-18--100-45]-9618&alias=b9p25p9937.cern.ch&noUDP&sock=slot1_29_7211_8d3e_91863>
...
040 (10613549.078.000) 12/16 14:58:02 Finished transferring input files
...
001 (10613549.078.000) 12/16 14:58:02 Job executing on host: <188.185.212.73:9618?addrs=188.185.212.73-9618+[2001-1458-303-18--100-45]-9618&alias=b9p25p9937.cern.ch&noUDP&sock=startd_6154_b5ea>
	SlotName: slot1_29@b9p25p9937.cern.ch
	CondorScratchDir = "/pool/condor/dir_2761233"
	Cpus = 4
	Disk = 11047
	GPUs = 0
	Memory = 12000
...
006 (10613549.078.000) 12/16 14:58:16 Image size of job updated: 38000
	38  -  MemoryUsage of job (MB)
	38000  -  ResidentSetSize of job (KB)
...
006 (10613549.078.000) 12/16 15:03:17 Image size of job updated: 38420
	38  -  MemoryUsage of job (MB)
	38000  -  ResidentSetSize of job (KB)
...
006 (10613549.078.000) 12/16 16:13:42 Image size of job updated: 118948
	38  -  MemoryUsage of job (MB)
	38000  -  ResidentSetSize of job (KB)
...
040 (10613549.078.000) 12/16 16:13:43 Started transferring output files
...
040 (10613549.078.000) 12/16 16:13:43 Finished transferring output files
...
005 (10613549.078.000) 12/16 16:13:43 Job terminated.
	(1) Normal termination (return value 0)
		Usr 0 01:14:46, Sys 0 00:00:09  -  Run Remote Usage
		Usr 0 00:00:00, Sys 0 00:00:00  -  Run Local Usage
		Usr 0 01:14:46, Sys 0 00:00:09  -  Total Remote Usage
		Usr 0 00:00:00, Sys 0 00:00:00  -  Total Local Usage
	0  -  Run Bytes Sent By Job
	7584148  -  Run Bytes Received By Job
	0  -  Total Bytes Sent By Job
	7584148  -  Total Bytes Received By Job
	Partitionable Resources :    Usage  Request Allocated 
	   Cpus                 :     0.99        4         4 
	   Disk (KB)            : 32526        7500     11047 
	   GPUs                 :                           0 
	   Memory (MB)          :    38       12000     12000 
	   TimeExecute (s)      :  4540                       
	   TimeSlotBusy (s)     :  4541                       

	Job terminated of its own accord at 2025-12-16T15:13:42Z with exit-code 0.
...
