000 (10613549.750.000) 12/16 14:40:45 Job submitted from host: <188.185.71.83:9618?addrs=188.185.71.83-9618+[2001-1458-d00-7--100-34d]-9618&alias=bigbird18.cern.ch&noUDP&sock=schedd_5052_d48c>
...
040 (10613549.750.000) 12/16 15:31:45 Started transferring input files
	Transferring to host: <188.185.213.38:9618?addrs=188.185.213.38-9618+[2001-1458-303-1a--100-22]-9618&alias=b9p27p1887.cern.ch&noUDP&sock=slot1_9_9101_3a4b_93758>
...
040 (10613549.750.000) 12/16 15:31:45 Finished transferring input files
...
001 (10613549.750.000) 12/16 15:31:45 Job executing on host: <188.185.213.38:9618?addrs=188.185.213.38-9618+[2001-1458-303-1a--100-22]-9618&alias=b9p27p1887.cern.ch&noUDP&sock=startd_7965_e7ee>
	SlotName: slot1_9@b9p27p1887.cern.ch
	CondorScratchDir = "/pool/condor/dir_1894308"
	Cpus = 4
	Disk = 10919
	GPUs = 0
	Memory = 12000
...
006 (10613549.750.000) 12/16 15:31:59 Image size of job updated: 40044
	40  -  MemoryUsage of job (MB)
	40044  -  ResidentSetSize of job (KB)
...
006 (10613549.750.000) 12/16 15:37:00 Image size of job updated: 40464
	40  -  MemoryUsage of job (MB)
	40044  -  ResidentSetSize of job (KB)
...
040 (10613549.750.000) 12/16 16:47:18 Started transferring output files
...
040 (10613549.750.000) 12/16 16:47:18 Finished transferring output files
...
005 (10613549.750.000) 12/16 16:47:18 Job terminated.
	(1) Normal termination (return value 0)
		Usr 0 01:14:22, Sys 0 00:00:13  -  Run Remote Usage
		Usr 0 00:00:00, Sys 0 00:00:00  -  Run Local Usage
		Usr 0 01:14:22, Sys 0 00:00:13  -  Total Remote Usage
		Usr 0 00:00:00, Sys 0 00:00:00  -  Total Local Usage
	0  -  Run Bytes Sent By Job
	7584148  -  Run Bytes Received By Job
	0  -  Total Bytes Sent By Job
	7584148  -  Total Bytes Received By Job
	Partitionable Resources :    Usage  Request Allocated 
	   Cpus                 :     0.99        4         4 
	   Disk (KB)            : 33047        7500     10919 
	   GPUs                 :                           0 
	   Memory (MB)          :    40       12000     12000 
	   TimeExecute (s)      :  4532                       
	   TimeSlotBusy (s)     :  4533                       

	Job terminated of its own accord at 2025-12-16T15:47:17Z with exit-code 0.
...
