000 (10613550.287.000) 12/16 14:40:59 Job submitted from host: <188.185.71.83:9618?addrs=188.185.71.83-9618+[2001-1458-d00-7--100-34d]-9618&alias=bigbird18.cern.ch&noUDP&sock=schedd_5052_d48c>
...
040 (10613550.287.000) 12/16 15:50:40 Started transferring input files
	Transferring to host: <188.185.212.71:9618?addrs=188.185.212.71-9618+[2001-1458-303-18--100-43]-9618&alias=b9p25p6396.cern.ch&noUDP&sock=slot1_7_5705_7041_93538>
...
040 (10613550.287.000) 12/16 15:50:40 Finished transferring input files
...
001 (10613550.287.000) 12/16 15:50:40 Job executing on host: <188.185.212.71:9618?addrs=188.185.212.71-9618+[2001-1458-303-18--100-43]-9618&alias=b9p25p6396.cern.ch&noUDP&sock=startd_4826_d025>
	SlotName: slot1_7@b9p25p6396.cern.ch
	CondorScratchDir = "/pool/condor/dir_2437094"
	Cpus = 4
	Disk = 11022
	GPUs = 0
	Memory = 12000
...
006 (10613550.287.000) 12/16 15:50:55 Image size of job updated: 37508
	37  -  MemoryUsage of job (MB)
	37508  -  ResidentSetSize of job (KB)
...
006 (10613550.287.000) 12/16 15:55:55 Image size of job updated: 37928
	37  -  MemoryUsage of job (MB)
	37508  -  ResidentSetSize of job (KB)
...
040 (10613550.287.000) 12/16 17:10:05 Started transferring output files
...
040 (10613550.287.000) 12/16 17:10:06 Finished transferring output files
...
005 (10613550.287.000) 12/16 17:10:06 Job terminated.
	(1) Normal termination (return value 0)
		Usr 0 01:17:54, Sys 0 00:00:15  -  Run Remote Usage
		Usr 0 00:00:00, Sys 0 00:00:00  -  Run Local Usage
		Usr 0 01:17:54, Sys 0 00:00:15  -  Total Remote Usage
		Usr 0 00:00:00, Sys 0 00:00:00  -  Total Local Usage
	0  -  Run Bytes Sent By Job
	7584148  -  Run Bytes Received By Job
	0  -  Total Bytes Sent By Job
	7584148  -  Total Bytes Received By Job
	Partitionable Resources :    Usage  Request Allocated 
	   Cpus                 :     0.99        4         4 
	   Disk (KB)            : 31953        7500     11022 
	   GPUs                 :                           0 
	   Memory (MB)          :    37       12000     12000 
	   TimeExecute (s)      :  4764                       
	   TimeSlotBusy (s)     :  4766                       

	Job terminated of its own accord at 2025-12-16T16:10:04Z with exit-code 0.
...
