000 (10610889.297.000) 12/16 07:15:00 Job submitted from host: <188.185.71.83:9618?addrs=188.185.71.83-9618+[2001-1458-d00-7--100-34d]-9618&alias=bigbird18.cern.ch&noUDP&sock=schedd_5052_d48c>
...
040 (10610889.297.000) 12/16 13:31:48 Started transferring input files
	Transferring to host: <188.185.196.59:9618?addrs=188.185.196.59-9618+[2001-1458-303-23--100-37]-9618&alias=b9p16p9457.cern.ch&noUDP&sock=slot1_7_8779_597e_82456>
...
040 (10610889.297.000) 12/16 13:31:48 Finished transferring input files
...
001 (10610889.297.000) 12/16 13:31:48 Job executing on host: <188.185.196.59:9618?addrs=188.185.196.59-9618+[2001-1458-303-23--100-37]-9618&alias=b9p16p9457.cern.ch&noUDP&sock=startd_7673_9e46>
	SlotName: slot1_7@b9p16p9457.cern.ch
	CondorScratchDir = "/pool/condor/dir_3875572"
	Cpus = 4
	Disk = 11085
	GPUs = 0
	Memory = 12000
...
006 (10610889.297.000) 12/16 13:32:02 Image size of job updated: 37488
	37  -  MemoryUsage of job (MB)
	37488  -  ResidentSetSize of job (KB)
...
006 (10610889.297.000) 12/16 13:37:03 Image size of job updated: 37912
	37  -  MemoryUsage of job (MB)
	37488  -  ResidentSetSize of job (KB)
...
006 (10610889.297.000) 12/16 16:11:20 Image size of job updated: 40772
	37  -  MemoryUsage of job (MB)
	37488  -  ResidentSetSize of job (KB)
...
040 (10610889.297.000) 12/16 16:11:21 Started transferring output files
...
040 (10610889.297.000) 12/16 16:11:21 Finished transferring output files
...
005 (10610889.297.000) 12/16 16:11:21 Job terminated.
	(1) Normal termination (return value 0)
		Usr 0 02:38:00, Sys 0 00:00:11  -  Run Remote Usage
		Usr 0 00:00:00, Sys 0 00:00:00  -  Run Local Usage
		Usr 0 02:38:00, Sys 0 00:00:11  -  Total Remote Usage
		Usr 0 00:00:00, Sys 0 00:00:00  -  Total Local Usage
	0  -  Run Bytes Sent By Job
	7584148  -  Run Bytes Received By Job
	0  -  Total Bytes Sent By Job
	7584148  -  Total Bytes Received By Job
	Partitionable Resources :    Usage  Request Allocated 
	   Cpus                 :     0.99        4         4 
	   Disk (KB)            : 32902        7500     11085 
	   GPUs                 :                           0 
	   Memory (MB)          :    37       12000     12000 
	   TimeExecute (s)      :  9572                       
	   TimeSlotBusy (s)     :  9574                       

	Job terminated of its own accord at 2025-12-16T15:11:20Z with exit-code 0.
...
