000 (10610887.851.000) 12/16 07:14:32 Job submitted from host: <188.185.71.83:9618?addrs=188.185.71.83-9618+[2001-1458-d00-7--100-34d]-9618&alias=bigbird18.cern.ch&noUDP&sock=schedd_5052_d48c>
...
040 (10610887.851.000) 12/16 07:59:40 Started transferring input files
	Transferring to host: <188.185.214.186:9618?addrs=188.185.214.186-9618+[2001-1458-303-1d--100-36]-9618&alias=b9p30p5040.cern.ch&noUDP&sock=slot1_4_1645178_7b0e_11980>
...
040 (10610887.851.000) 12/16 07:59:40 Finished transferring input files
...
001 (10610887.851.000) 12/16 07:59:40 Job executing on host: <188.185.214.186:9618?addrs=188.185.214.186-9618+[2001-1458-303-1d--100-36]-9618&alias=b9p30p5040.cern.ch&noUDP&sock=startd_1645084_5ec9>
	SlotName: slot1_4@b9p30p5040.cern.ch
	CondorScratchDir = "/pool/condor/dir_3963333"
	Cpus = 4
	Disk = 10989
	GPUs = 0
	Memory = 12000
...
006 (10610887.851.000) 12/16 07:59:54 Image size of job updated: 29268
	29  -  MemoryUsage of job (MB)
	29268  -  ResidentSetSize of job (KB)
...
006 (10610887.851.000) 12/16 08:04:55 Image size of job updated: 29688
	29  -  MemoryUsage of job (MB)
	29268  -  ResidentSetSize of job (KB)
...
006 (10610887.851.000) 12/16 09:23:47 Image size of job updated: 118196
	29  -  MemoryUsage of job (MB)
	29268  -  ResidentSetSize of job (KB)
...
040 (10610887.851.000) 12/16 09:23:47 Started transferring output files
...
040 (10610887.851.000) 12/16 09:23:48 Finished transferring output files
...
005 (10610887.851.000) 12/16 09:23:48 Job terminated.
	(1) Normal termination (return value 0)
		Usr 0 01:23:10, Sys 0 00:00:08  -  Run Remote Usage
		Usr 0 00:00:00, Sys 0 00:00:00  -  Run Local Usage
		Usr 0 01:23:10, Sys 0 00:00:08  -  Total Remote Usage
		Usr 0 00:00:00, Sys 0 00:00:00  -  Total Local Usage
	0  -  Run Bytes Sent By Job
	7584148  -  Run Bytes Received By Job
	0  -  Total Bytes Sent By Job
	7584148  -  Total Bytes Received By Job
	Partitionable Resources :    Usage  Request Allocated 
	   Cpus                 :     0.99        4         4 
	   Disk (KB)            : 33301        7500     10989 
	   GPUs                 :                           0 
	   Memory (MB)          :    29       12000     12000 
	   TimeExecute (s)      :  5047                       
	   TimeSlotBusy (s)     :  5049                       

	Job terminated of its own accord at 2025-12-16T08:23:47Z with exit-code 0.
...
