000 (10613549.423.000) 12/16 14:40:44 Job submitted from host: <188.185.71.83:9618?addrs=188.185.71.83-9618+[2001-1458-d00-7--100-34d]-9618&alias=bigbird18.cern.ch&noUDP&sock=schedd_5052_d48c>
...
040 (10613549.423.000) 12/16 15:29:55 Started transferring input files
	Transferring to host: <188.185.210.139:9618?addrs=188.185.210.139-9618+[2001-1458-303-15--100-7]-9618&alias=b9p22p0180.cern.ch&noUDP&sock=slot1_18_4602_4674_91390>
...
040 (10613549.423.000) 12/16 15:29:55 Finished transferring input files
...
001 (10613549.423.000) 12/16 15:29:55 Job executing on host: <188.185.210.139:9618?addrs=188.185.210.139-9618+[2001-1458-303-15--100-7]-9618&alias=b9p22p0180.cern.ch&noUDP&sock=startd_3877_e0c4>
	SlotName: slot1_18@b9p22p0180.cern.ch
	CondorScratchDir = "/pool/condor/dir_1492075"
	Cpus = 4
	Disk = 10840
	GPUs = 0
	Memory = 12000
...
006 (10613549.423.000) 12/16 15:30:09 Image size of job updated: 26588
	26  -  MemoryUsage of job (MB)
	26588  -  ResidentSetSize of job (KB)
...
006 (10613549.423.000) 12/16 15:35:11 Image size of job updated: 26988
	26  -  MemoryUsage of job (MB)
	26588  -  ResidentSetSize of job (KB)
...
040 (10613549.423.000) 12/16 16:48:39 Started transferring output files
...
040 (10613549.423.000) 12/16 16:48:39 Finished transferring output files
...
005 (10613549.423.000) 12/16 16:48:39 Job terminated.
	(1) Normal termination (return value 0)
		Usr 0 01:17:53, Sys 0 00:00:07  -  Run Remote Usage
		Usr 0 00:00:00, Sys 0 00:00:00  -  Run Local Usage
		Usr 0 01:17:53, Sys 0 00:00:07  -  Total Remote Usage
		Usr 0 00:00:00, Sys 0 00:00:00  -  Total Local Usage
	0  -  Run Bytes Sent By Job
	7584148  -  Run Bytes Received By Job
	0  -  Total Bytes Sent By Job
	7584148  -  Total Bytes Received By Job
	Partitionable Resources :    Usage  Request Allocated 
	   Cpus                 :     0.99        4         4 
	   Disk (KB)            : 33632        7500     10840 
	   GPUs                 :                           0 
	   Memory (MB)          :    26       12000     12000 
	   TimeExecute (s)      :  4723                       
	   TimeSlotBusy (s)     :  4724                       

	Job terminated of its own accord at 2025-12-16T15:48:38Z with exit-code 0.
...
