000 (10610887.155.000) 12/16 07:14:31 Job submitted from host: <188.185.71.83:9618?addrs=188.185.71.83-9618+[2001-1458-d00-7--100-34d]-9618&alias=bigbird18.cern.ch&noUDP&sock=schedd_5052_d48c>
...
040 (10610887.155.000) 12/16 07:44:41 Started transferring input files
	Transferring to host: <188.185.192.92:9618?addrs=188.185.192.92-9618+[2001-1458-303-1f--100-58]-9618&alias=b9p13p0561.cern.ch&noUDP&sock=slot1_5_5577_403c_85584>
...
040 (10610887.155.000) 12/16 07:44:41 Finished transferring input files
...
001 (10610887.155.000) 12/16 07:44:41 Job executing on host: <188.185.192.92:9618?addrs=188.185.192.92-9618+[2001-1458-303-1f--100-58]-9618&alias=b9p13p0561.cern.ch&noUDP&sock=startd_4037_9feb>
	SlotName: slot1_5@b9p13p0561.cern.ch
	CondorScratchDir = "/pool/condor/dir_140439"
	Cpus = 4
	Disk = 11078
	GPUs = 0
	Memory = 12000
...
006 (10610887.155.000) 12/16 07:44:55 Image size of job updated: 37524
	37  -  MemoryUsage of job (MB)
	37524  -  ResidentSetSize of job (KB)
...
006 (10610887.155.000) 12/16 07:49:56 Image size of job updated: 37944
	37  -  MemoryUsage of job (MB)
	37524  -  ResidentSetSize of job (KB)
...
006 (10610887.155.000) 12/16 10:02:46 Image size of job updated: 118476
	37  -  MemoryUsage of job (MB)
	37524  -  ResidentSetSize of job (KB)
...
040 (10610887.155.000) 12/16 10:02:47 Started transferring output files
...
040 (10610887.155.000) 12/16 10:02:47 Finished transferring output files
...
005 (10610887.155.000) 12/16 10:02:47 Job terminated.
	(1) Normal termination (return value 0)
		Usr 0 02:15:44, Sys 0 00:00:09  -  Run Remote Usage
		Usr 0 00:00:00, Sys 0 00:00:00  -  Run Local Usage
		Usr 0 02:15:44, Sys 0 00:00:09  -  Total Remote Usage
		Usr 0 00:00:00, Sys 0 00:00:00  -  Total Local Usage
	0  -  Run Bytes Sent By Job
	7584148  -  Run Bytes Received By Job
	0  -  Total Bytes Sent By Job
	7584148  -  Total Bytes Received By Job
	Partitionable Resources :    Usage  Request Allocated 
	   Cpus                 :     0.98        4         4 
	   Disk (KB)            : 32739        7500     11078 
	   GPUs                 :                           0 
	   Memory (MB)          :    37       12000     12000 
	   TimeExecute (s)      :  8285                       
	   TimeSlotBusy (s)     :  8287                       

	Job terminated of its own accord at 2025-12-16T09:02:46Z with exit-code 0.
...
