000 (10613549.977.000) 12/16 14:40:45 Job submitted from host: <188.185.71.83:9618?addrs=188.185.71.83-9618+[2001-1458-d00-7--100-34d]-9618&alias=bigbird18.cern.ch&noUDP&sock=schedd_5052_d48c>
...
040 (10613549.977.000) 12/16 15:35:08 Started transferring input files
	Transferring to host: <188.185.212.147:9618?addrs=188.185.212.147-9618+[2001-1458-303-19--100-f]-9618&alias=b9p26p9843.cern.ch&noUDP&sock=slot1_4_3107_e997_93639>
...
040 (10613549.977.000) 12/16 15:35:08 Finished transferring input files
...
001 (10613549.977.000) 12/16 15:35:08 Job executing on host: <188.185.212.147:9618?addrs=188.185.212.147-9618+[2001-1458-303-19--100-f]-9618&alias=b9p26p9843.cern.ch&noUDP&sock=startd_2670_f9f5>
	SlotName: slot1_4@b9p26p9843.cern.ch
	CondorScratchDir = "/pool/condor/dir_1646688"
	Cpus = 4
	Disk = 10969
	GPUs = 0
	Memory = 12000
...
006 (10613549.977.000) 12/16 15:35:21 Image size of job updated: 40048
	40  -  MemoryUsage of job (MB)
	40048  -  ResidentSetSize of job (KB)
...
006 (10613549.977.000) 12/16 15:40:21 Image size of job updated: 40468
	40  -  MemoryUsage of job (MB)
	40048  -  ResidentSetSize of job (KB)
...
006 (10613549.977.000) 12/16 16:50:27 Image size of job updated: 46028
	45  -  MemoryUsage of job (MB)
	46028  -  ResidentSetSize of job (KB)
...
040 (10613549.977.000) 12/16 16:51:35 Started transferring output files
...
040 (10613549.977.000) 12/16 16:51:35 Finished transferring output files
...
005 (10613549.977.000) 12/16 16:51:35 Job terminated.
	(1) Normal termination (return value 0)
		Usr 0 01:15:36, Sys 0 00:00:08  -  Run Remote Usage
		Usr 0 00:00:00, Sys 0 00:00:00  -  Run Local Usage
		Usr 0 01:15:36, Sys 0 00:00:08  -  Total Remote Usage
		Usr 0 00:00:00, Sys 0 00:00:00  -  Total Local Usage
	0  -  Run Bytes Sent By Job
	7584148  -  Run Bytes Received By Job
	0  -  Total Bytes Sent By Job
	7584148  -  Total Bytes Received By Job
	Partitionable Resources :    Usage  Request Allocated 
	   Cpus                 :     0.99        4         4 
	   Disk (KB)            : 32762        7500     10969 
	   GPUs                 :                           0 
	   Memory (MB)          :    45       12000     12000 
	   TimeExecute (s)      :  4586                       
	   TimeSlotBusy (s)     :  4587                       

	Job terminated of its own accord at 2025-12-16T15:51:34Z with exit-code 0.
...
