000 (10613549.550.000) 12/16 14:40:45 Job submitted from host: <188.185.71.83:9618?addrs=188.185.71.83-9618+[2001-1458-d00-7--100-34d]-9618&alias=bigbird18.cern.ch&noUDP&sock=schedd_5052_d48c>
...
040 (10613549.550.000) 12/16 15:30:38 Started transferring input files
	Transferring to host: <188.185.193.54:9618?addrs=188.185.193.54-9618+[2001-1458-303-20--100-32]-9618&alias=b9p19p9927.cern.ch&noUDP&sock=slot1_8_10393_8f00_83116>
...
040 (10613549.550.000) 12/16 15:30:38 Finished transferring input files
...
001 (10613549.550.000) 12/16 15:30:38 Job executing on host: <188.185.193.54:9618?addrs=188.185.193.54-9618+[2001-1458-303-20--100-32]-9618&alias=b9p19p9927.cern.ch&noUDP&sock=startd_8509_0b73>
	SlotName: slot1_8@b9p19p9927.cern.ch
	CondorScratchDir = "/pool/condor/dir_1954242"
	Cpus = 4
	Disk = 10938
	GPUs = 0
	Memory = 12000
...
006 (10613549.550.000) 12/16 15:30:52 Image size of job updated: 28140
	28  -  MemoryUsage of job (MB)
	28140  -  ResidentSetSize of job (KB)
...
006 (10613549.550.000) 12/16 15:35:53 Image size of job updated: 28560
	28  -  MemoryUsage of job (MB)
	28140  -  ResidentSetSize of job (KB)
...
040 (10613549.550.000) 12/16 17:51:52 Started transferring output files
...
040 (10613549.550.000) 12/16 17:51:53 Finished transferring output files
...
005 (10613549.550.000) 12/16 17:51:53 Job terminated.
	(1) Normal termination (return value 0)
		Usr 0 02:17:59, Sys 0 00:00:07  -  Run Remote Usage
		Usr 0 00:00:00, Sys 0 00:00:00  -  Run Local Usage
		Usr 0 02:17:59, Sys 0 00:00:07  -  Total Remote Usage
		Usr 0 00:00:00, Sys 0 00:00:00  -  Total Local Usage
	0  -  Run Bytes Sent By Job
	7584148  -  Run Bytes Received By Job
	0  -  Total Bytes Sent By Job
	7584148  -  Total Bytes Received By Job
	Partitionable Resources :    Usage  Request Allocated 
	   Cpus                 :     0.99        4         4 
	   Disk (KB)            : 33742        7500     10938 
	   GPUs                 :                           0 
	   Memory (MB)          :    28       12000     12000 
	   TimeExecute (s)      :  8473                       
	   TimeSlotBusy (s)     :  8475                       

	Job terminated of its own accord at 2025-12-16T16:51:51Z with exit-code 0.
...
