000 (10613549.941.000) 12/16 14:40:45 Job submitted from host: <188.185.71.83:9618?addrs=188.185.71.83-9618+[2001-1458-d00-7--100-34d]-9618&alias=bigbird18.cern.ch&noUDP&sock=schedd_5052_d48c>
...
040 (10613549.941.000) 12/16 15:34:57 Started transferring input files
	Transferring to host: <188.185.208.208:9618?addrs=188.185.208.208-9618+[2001-1458-303-10--100-4d]-9618&alias=b9p10p8955.cern.ch&noUDP&sock=slot1_15_4063953_47e4_68546>
...
040 (10613549.941.000) 12/16 15:34:57 Finished transferring input files
...
001 (10613549.941.000) 12/16 15:34:57 Job executing on host: <188.185.208.208:9618?addrs=188.185.208.208-9618+[2001-1458-303-10--100-4d]-9618&alias=b9p10p8955.cern.ch&noUDP&sock=startd_7346_52ce>
	SlotName: slot1_15@b9p10p8955.cern.ch
	CondorScratchDir = "/pool/condor/dir_4138618"
	Cpus = 4
	Disk = 10872
	GPUs = 0
	Memory = 12000
...
006 (10613549.941.000) 12/16 15:35:11 Image size of job updated: 41548
	41  -  MemoryUsage of job (MB)
	41548  -  ResidentSetSize of job (KB)
...
006 (10613549.941.000) 12/16 15:40:12 Image size of job updated: 41980
	41  -  MemoryUsage of job (MB)
	41548  -  ResidentSetSize of job (KB)
...
006 (10613549.941.000) 12/16 17:19:11 Image size of job updated: 122684
	41  -  MemoryUsage of job (MB)
	41548  -  ResidentSetSize of job (KB)
...
040 (10613549.941.000) 12/16 17:19:12 Started transferring output files
...
040 (10613549.941.000) 12/16 17:19:12 Finished transferring output files
...
005 (10613549.941.000) 12/16 17:19:12 Job terminated.
	(1) Normal termination (return value 0)
		Usr 0 01:42:12, Sys 0 00:00:13  -  Run Remote Usage
		Usr 0 00:00:00, Sys 0 00:00:00  -  Run Local Usage
		Usr 0 01:42:12, Sys 0 00:00:13  -  Total Remote Usage
		Usr 0 00:00:00, Sys 0 00:00:00  -  Total Local Usage
	0  -  Run Bytes Sent By Job
	7584148  -  Run Bytes Received By Job
	0  -  Total Bytes Sent By Job
	7584148  -  Total Bytes Received By Job
	Partitionable Resources :    Usage  Request Allocated 
	   Cpus                 :     0.99        4         4 
	   Disk (KB)            : 32893        7500     10872 
	   GPUs                 :                           0 
	   Memory (MB)          :    41       12000     12000 
	   TimeExecute (s)      :  6254                       
	   TimeSlotBusy (s)     :  6255                       

	Job terminated of its own accord at 2025-12-16T16:19:11Z with exit-code 0.
...
