000 (10610887.365.000) 12/16 07:14:31 Job submitted from host: <188.185.71.83:9618?addrs=188.185.71.83-9618+[2001-1458-d00-7--100-34d]-9618&alias=bigbird18.cern.ch&noUDP&sock=schedd_5052_d48c>
...
040 (10610887.365.000) 12/16 07:49:49 Started transferring input files
	Transferring to host: <188.185.213.100:9618?addrs=188.185.213.100-9618+[2001-1458-303-1a--100-60]-9618&alias=b9p27p7105.cern.ch&noUDP&sock=slot1_9_5249_252f_94435>
...
040 (10610887.365.000) 12/16 07:49:49 Finished transferring input files
...
001 (10610887.365.000) 12/16 07:49:49 Job executing on host: <188.185.213.100:9618?addrs=188.185.213.100-9618+[2001-1458-303-1a--100-60]-9618&alias=b9p27p7105.cern.ch&noUDP&sock=startd_4333_a7f4>
	SlotName: slot1_9@b9p27p7105.cern.ch
	CondorScratchDir = "/pool/condor/dir_4005210"
	Cpus = 4
	Disk = 10951
	GPUs = 0
	Memory = 12000
...
006 (10610887.365.000) 12/16 07:50:03 Image size of job updated: 35560
	35  -  MemoryUsage of job (MB)
	35560  -  ResidentSetSize of job (KB)
...
006 (10610887.365.000) 12/16 07:55:04 Image size of job updated: 35980
	35  -  MemoryUsage of job (MB)
	35560  -  ResidentSetSize of job (KB)
...
006 (10610887.365.000) 12/16 09:15:03 Image size of job updated: 116580
	35  -  MemoryUsage of job (MB)
	35560  -  ResidentSetSize of job (KB)
...
040 (10610887.365.000) 12/16 09:15:04 Started transferring output files
...
040 (10610887.365.000) 12/16 09:15:04 Finished transferring output files
...
005 (10610887.365.000) 12/16 09:15:04 Job terminated.
	(1) Normal termination (return value 0)
		Usr 0 01:24:09, Sys 0 00:00:06  -  Run Remote Usage
		Usr 0 00:00:00, Sys 0 00:00:00  -  Run Local Usage
		Usr 0 01:24:09, Sys 0 00:00:06  -  Total Remote Usage
		Usr 0 00:00:00, Sys 0 00:00:00  -  Total Local Usage
	0  -  Run Bytes Sent By Job
	7584148  -  Run Bytes Received By Job
	0  -  Total Bytes Sent By Job
	7584148  -  Total Bytes Received By Job
	Partitionable Resources :    Usage  Request Allocated 
	   Cpus                 :     0.99        4         4 
	   Disk (KB)            : 33141        7500     10951 
	   GPUs                 :                           0 
	   Memory (MB)          :    35       12000     12000 
	   TimeExecute (s)      :  5114                       
	   TimeSlotBusy (s)     :  5116                       

	Job terminated of its own accord at 2025-12-16T08:15:03Z with exit-code 0.
...
