000 (10613550.154.000) 12/16 14:40:59 Job submitted from host: <188.185.71.83:9618?addrs=188.185.71.83-9618+[2001-1458-d00-7--100-34d]-9618&alias=bigbird18.cern.ch&noUDP&sock=schedd_5052_d48c>
...
040 (10613550.154.000) 12/16 15:41:33 Started transferring input files
	Transferring to host: <188.185.210.191:9618?addrs=188.185.210.191-9618+[2001-1458-303-15--100-3b]-9618&alias=b9p22p9807.cern.ch&noUDP&sock=slot1_9_4466_736f_109679>
...
040 (10613550.154.000) 12/16 15:41:33 Finished transferring input files
...
001 (10613550.154.000) 12/16 15:41:33 Job executing on host: <188.185.210.191:9618?addrs=188.185.210.191-9618+[2001-1458-303-15--100-3b]-9618&alias=b9p22p9807.cern.ch&noUDP&sock=startd_3786_75a6>
	SlotName: slot1_9@b9p22p9807.cern.ch
	CondorScratchDir = "/pool/condor/dir_2483525"
	Cpus = 4
	Disk = 11056
	GPUs = 0
	Memory = 12000
...
006 (10613550.154.000) 12/16 15:41:47 Image size of job updated: 40056
	40  -  MemoryUsage of job (MB)
	40056  -  ResidentSetSize of job (KB)
...
006 (10613550.154.000) 12/16 15:46:47 Image size of job updated: 40476
	40  -  MemoryUsage of job (MB)
	40056  -  ResidentSetSize of job (KB)
...
006 (10613550.154.000) 12/16 16:56:52 Image size of job updated: 47300
	47  -  MemoryUsage of job (MB)
	47300  -  ResidentSetSize of job (KB)
...
040 (10613550.154.000) 12/16 16:57:50 Started transferring output files
...
040 (10613550.154.000) 12/16 16:57:50 Finished transferring output files
...
005 (10613550.154.000) 12/16 16:57:50 Job terminated.
	(1) Normal termination (return value 0)
		Usr 0 01:15:35, Sys 0 00:00:03  -  Run Remote Usage
		Usr 0 00:00:00, Sys 0 00:00:00  -  Run Local Usage
		Usr 0 01:15:35, Sys 0 00:00:03  -  Total Remote Usage
		Usr 0 00:00:00, Sys 0 00:00:00  -  Total Local Usage
	0  -  Run Bytes Sent By Job
	7584148  -  Run Bytes Received By Job
	0  -  Total Bytes Sent By Job
	7584148  -  Total Bytes Received By Job
	Partitionable Resources :    Usage  Request Allocated 
	   Cpus                 :     0.99        4         4 
	   Disk (KB)            : 33041        7500     11056 
	   GPUs                 :                           0 
	   Memory (MB)          :    47       12000     12000 
	   TimeExecute (s)      :  4577                       
	   TimeSlotBusy (s)     :  4577                       

	Job terminated of its own accord at 2025-12-16T15:57:50Z with exit-code 0.
...
