000 (10610887.846.000) 12/16 07:14:32 Job submitted from host: <188.185.71.83:9618?addrs=188.185.71.83-9618+[2001-1458-d00-7--100-34d]-9618&alias=bigbird18.cern.ch&noUDP&sock=schedd_5052_d48c>
...
040 (10610887.846.000) 12/16 07:59:38 Started transferring input files
	Transferring to host: <188.185.214.14:9618?addrs=188.185.214.14-9618+[2001-1458-303-1c--100-a]-9618&alias=b9p29p1220.cern.ch&noUDP&sock=slot1_11_4531_3fd1_87298>
...
040 (10610887.846.000) 12/16 07:59:38 Finished transferring input files
...
001 (10610887.846.000) 12/16 07:59:38 Job executing on host: <188.185.214.14:9618?addrs=188.185.214.14-9618+[2001-1458-303-1c--100-a]-9618&alias=b9p29p1220.cern.ch&noUDP&sock=startd_3848_fc85>
	SlotName: slot1_11@b9p29p1220.cern.ch
	CondorScratchDir = "/pool/condor/dir_3819286"
	Cpus = 4
	Disk = 10978
	GPUs = 0
	Memory = 12000
...
006 (10610887.846.000) 12/16 07:59:52 Image size of job updated: 37540
	37  -  MemoryUsage of job (MB)
	37540  -  ResidentSetSize of job (KB)
...
006 (10610887.846.000) 12/16 08:04:53 Image size of job updated: 37960
	37  -  MemoryUsage of job (MB)
	37540  -  ResidentSetSize of job (KB)
...
006 (10610887.846.000) 12/16 09:33:56 Image size of job updated: 118484
	37  -  MemoryUsage of job (MB)
	37540  -  ResidentSetSize of job (KB)
...
040 (10610887.846.000) 12/16 09:33:57 Started transferring output files
...
040 (10610887.846.000) 12/16 09:33:57 Finished transferring output files
...
005 (10610887.846.000) 12/16 09:33:57 Job terminated.
	(1) Normal termination (return value 0)
		Usr 0 01:32:53, Sys 0 00:00:10  -  Run Remote Usage
		Usr 0 00:00:00, Sys 0 00:00:00  -  Run Local Usage
		Usr 0 01:32:53, Sys 0 00:00:10  -  Total Remote Usage
		Usr 0 00:00:00, Sys 0 00:00:00  -  Total Local Usage
	0  -  Run Bytes Sent By Job
	7584148  -  Run Bytes Received By Job
	0  -  Total Bytes Sent By Job
	7584148  -  Total Bytes Received By Job
	Partitionable Resources :    Usage  Request Allocated 
	   Cpus                 :     0.99        4         4 
	   Disk (KB)            : 32902        7500     10978 
	   GPUs                 :                           0 
	   Memory (MB)          :    37       12000     12000 
	   TimeExecute (s)      :  5658                       
	   TimeSlotBusy (s)     :  5660                       

	Job terminated of its own accord at 2025-12-16T08:33:56Z with exit-code 0.
...
