000 (10610888.983.000) 12/16 07:14:45 Job submitted from host: <188.185.71.83:9618?addrs=188.185.71.83-9618+[2001-1458-d00-7--100-34d]-9618&alias=bigbird18.cern.ch&noUDP&sock=schedd_5052_d48c>
...
040 (10610888.983.000) 12/16 10:12:39 Started transferring input files
	Transferring to host: <128.142.192.176:9618?addrs=128.142.192.176-9618+[2001-1458-301-56--100-2c]-9618&alias=b9g18p0460.cern.ch&noUDP&sock=slot1_22_4511_2851_110632>
...
040 (10610888.983.000) 12/16 10:12:39 Finished transferring input files
...
001 (10610888.983.000) 12/16 10:12:39 Job executing on host: <128.142.192.176:9618?addrs=128.142.192.176-9618+[2001-1458-301-56--100-2c]-9618&alias=b9g18p0460.cern.ch&noUDP&sock=startd_3859_8810>
	SlotName: slot1_22@b9g18p0460.cern.ch
	CondorScratchDir = "/pool/condor/dir_3757715"
	Cpus = 4
	Disk = 10969
	GPUs = 0
	Memory = 12000
...
006 (10610888.983.000) 12/16 10:12:53 Image size of job updated: 42552
	42  -  MemoryUsage of job (MB)
	42552  -  ResidentSetSize of job (KB)
...
006 (10610888.983.000) 12/16 10:17:54 Image size of job updated: 42640
	42  -  MemoryUsage of job (MB)
	42552  -  ResidentSetSize of job (KB)
...
006 (10610888.983.000) 12/16 12:29:37 Image size of job updated: 123136
	42  -  MemoryUsage of job (MB)
	42552  -  ResidentSetSize of job (KB)
...
040 (10610888.983.000) 12/16 12:29:38 Started transferring output files
...
040 (10610888.983.000) 12/16 12:29:38 Finished transferring output files
...
005 (10610888.983.000) 12/16 12:29:38 Job terminated.
	(1) Normal termination (return value 0)
		Usr 0 02:15:34, Sys 0 00:00:08  -  Run Remote Usage
		Usr 0 00:00:00, Sys 0 00:00:00  -  Run Local Usage
		Usr 0 02:15:34, Sys 0 00:00:08  -  Total Remote Usage
		Usr 0 00:00:00, Sys 0 00:00:00  -  Total Local Usage
	0  -  Run Bytes Sent By Job
	7584148  -  Run Bytes Received By Job
	0  -  Total Bytes Sent By Job
	7584148  -  Total Bytes Received By Job
	Partitionable Resources :    Usage  Request Allocated 
	   Cpus                 :     0.99        4         4 
	   Disk (KB)            : 32913        7500     10969 
	   GPUs                 :                           0 
	   Memory (MB)          :    42       12000     12000 
	   TimeExecute (s)      :  8218                       
	   TimeSlotBusy (s)     :  8219                       

	Job terminated of its own accord at 2025-12-16T11:29:37Z with exit-code 0.
...
