000 (10613549.693.000) 12/16 14:40:45 Job submitted from host: <188.185.71.83:9618?addrs=188.185.71.83-9618+[2001-1458-d00-7--100-34d]-9618&alias=bigbird18.cern.ch&noUDP&sock=schedd_5052_d48c>
...
040 (10613549.693.000) 12/16 15:31:26 Started transferring input files
	Transferring to host: <188.185.214.79:9618?addrs=188.185.214.79-9618+[2001-1458-303-1c--100-4b]-9618&alias=b9p29p2814.cern.ch&noUDP&sock=slot1_4_5410_9595_86728>
...
040 (10613549.693.000) 12/16 15:31:26 Finished transferring input files
...
001 (10613549.693.000) 12/16 15:31:26 Job executing on host: <188.185.214.79:9618?addrs=188.185.214.79-9618+[2001-1458-303-1c--100-4b]-9618&alias=b9p29p2814.cern.ch&noUDP&sock=startd_4438_ad66>
	SlotName: slot1_4@b9p29p2814.cern.ch
	CondorScratchDir = "/pool/condor/dir_2291939"
	Cpus = 4
	Disk = 10958
	GPUs = 0
	Memory = 12000
...
006 (10613549.693.000) 12/16 15:31:39 Image size of job updated: 37460
	37  -  MemoryUsage of job (MB)
	37460  -  ResidentSetSize of job (KB)
...
006 (10613549.693.000) 12/16 15:36:39 Image size of job updated: 37880
	37  -  MemoryUsage of job (MB)
	37460  -  ResidentSetSize of job (KB)
...
040 (10613549.693.000) 12/16 16:48:13 Started transferring output files
...
040 (10613549.693.000) 12/16 16:48:13 Finished transferring output files
...
005 (10613549.693.000) 12/16 16:48:13 Job terminated.
	(1) Normal termination (return value 0)
		Usr 0 01:15:53, Sys 0 00:00:05  -  Run Remote Usage
		Usr 0 00:00:00, Sys 0 00:00:00  -  Run Local Usage
		Usr 0 01:15:53, Sys 0 00:00:05  -  Total Remote Usage
		Usr 0 00:00:00, Sys 0 00:00:00  -  Total Local Usage
	0  -  Run Bytes Sent By Job
	7584148  -  Run Bytes Received By Job
	0  -  Total Bytes Sent By Job
	7584148  -  Total Bytes Received By Job
	Partitionable Resources :    Usage  Request Allocated 
	   Cpus                 :     0.99        4         4 
	   Disk (KB)            : 32709        7500     10958 
	   GPUs                 :                           0 
	   Memory (MB)          :    37       12000     12000 
	   TimeExecute (s)      :  4606                       
	   TimeSlotBusy (s)     :  4607                       

	Job terminated of its own accord at 2025-12-16T15:48:12Z with exit-code 0.
...
