000 (10613550.330.000) 12/16 14:40:59 Job submitted from host: <188.185.71.83:9618?addrs=188.185.71.83-9618+[2001-1458-d00-7--100-34d]-9618&alias=bigbird18.cern.ch&noUDP&sock=schedd_5052_d48c>
...
040 (10613550.330.000) 12/16 15:54:46 Started transferring input files
	Transferring to host: <188.185.212.50:9618?addrs=188.185.212.50-9618+[2001-1458-303-18--100-2e]-9618&alias=b9p25p8560.cern.ch&noUDP&sock=slot1_3_6194_fbb5_96277>
...
040 (10613550.330.000) 12/16 15:54:46 Finished transferring input files
...
001 (10613550.330.000) 12/16 15:54:46 Job executing on host: <188.185.212.50:9618?addrs=188.185.212.50-9618+[2001-1458-303-18--100-2e]-9618&alias=b9p25p8560.cern.ch&noUDP&sock=startd_5319_f855>
	SlotName: slot1_3@b9p25p8560.cern.ch
	CondorScratchDir = "/pool/condor/dir_1869610"
	Cpus = 4
	Disk = 11029
	GPUs = 0
	Memory = 12000
...
006 (10613550.330.000) 12/16 15:55:00 Image size of job updated: 33208
	33  -  MemoryUsage of job (MB)
	33208  -  ResidentSetSize of job (KB)
...
006 (10613550.330.000) 12/16 16:00:00 Image size of job updated: 33628
	33  -  MemoryUsage of job (MB)
	33208  -  ResidentSetSize of job (KB)
...
040 (10613550.330.000) 12/16 17:35:49 Started transferring output files
...
040 (10613550.330.000) 12/16 17:35:49 Finished transferring output files
...
005 (10613550.330.000) 12/16 17:35:49 Job terminated.
	(1) Normal termination (return value 0)
		Usr 0 01:38:59, Sys 0 00:00:19  -  Run Remote Usage
		Usr 0 00:00:00, Sys 0 00:00:00  -  Run Local Usage
		Usr 0 01:38:59, Sys 0 00:00:19  -  Total Remote Usage
		Usr 0 00:00:00, Sys 0 00:00:00  -  Total Local Usage
	0  -  Run Bytes Sent By Job
	7584148  -  Run Bytes Received By Job
	0  -  Total Bytes Sent By Job
	7584148  -  Total Bytes Received By Job
	Partitionable Resources :    Usage  Request Allocated 
	   Cpus                 :     0.98        4         4 
	   Disk (KB)            : 32633        7500     11029 
	   GPUs                 :                           0 
	   Memory (MB)          :    33       12000     12000 
	   TimeExecute (s)      :  6062                       
	   TimeSlotBusy (s)     :  6063                       

	Job terminated of its own accord at 2025-12-16T16:35:48Z with exit-code 0.
...
