000 (10613550.979.000) 12/16 14:41:00 Job submitted from host: <188.185.71.83:9618?addrs=188.185.71.83-9618+[2001-1458-d00-7--100-34d]-9618&alias=bigbird18.cern.ch&noUDP&sock=schedd_5052_d48c>
...
040 (10613550.979.000) 12/16 16:56:56 Started transferring input files
	Transferring to host: <188.185.213.43:9618?addrs=188.185.213.43-9618+[2001-1458-303-1a--100-27]-9618&alias=b9p27p9939.cern.ch&noUDP&sock=slot1_18_9856_318a_91185>
...
040 (10613550.979.000) 12/16 16:56:56 Finished transferring input files
...
001 (10613550.979.000) 12/16 16:56:56 Job executing on host: <188.185.213.43:9618?addrs=188.185.213.43-9618+[2001-1458-303-1a--100-27]-9618&alias=b9p27p9939.cern.ch&noUDP&sock=startd_9111_f776>
	SlotName: slot1_18@b9p27p9939.cern.ch
	CondorScratchDir = "/pool/condor/dir_2779741"
	Cpus = 4
	Disk = 10861
	GPUs = 0
	Memory = 12000
...
006 (10613550.979.000) 12/16 16:57:10 Image size of job updated: 35552
	35  -  MemoryUsage of job (MB)
	35552  -  ResidentSetSize of job (KB)
...
006 (10613550.979.000) 12/16 17:02:10 Image size of job updated: 35972
	35  -  MemoryUsage of job (MB)
	35552  -  ResidentSetSize of job (KB)
...
040 (10613550.979.000) 12/16 18:24:03 Started transferring output files
...
040 (10613550.979.000) 12/16 18:24:04 Finished transferring output files
...
005 (10613550.979.000) 12/16 18:24:04 Job terminated.
	(1) Normal termination (return value 0)
		Usr 0 01:25:38, Sys 0 00:00:15  -  Run Remote Usage
		Usr 0 00:00:00, Sys 0 00:00:00  -  Run Local Usage
		Usr 0 01:25:38, Sys 0 00:00:15  -  Total Remote Usage
		Usr 0 00:00:00, Sys 0 00:00:00  -  Total Local Usage
	0  -  Run Bytes Sent By Job
	7584148  -  Run Bytes Received By Job
	0  -  Total Bytes Sent By Job
	7584148  -  Total Bytes Received By Job
	Partitionable Resources :    Usage  Request Allocated 
	   Cpus                 :     0.99        4         4 
	   Disk (KB)            : 34120        7500     10861 
	   GPUs                 :                           0 
	   Memory (MB)          :    35       12000     12000 
	   TimeExecute (s)      :  5227                       
	   TimeSlotBusy (s)     :  5228                       

	Job terminated of its own accord at 2025-12-16T17:24:03Z with exit-code 0.
...
