000 (10610889.647.000) 12/16 07:15:01 Job submitted from host: <188.185.71.83:9618?addrs=188.185.71.83-9618+[2001-1458-d00-7--100-34d]-9618&alias=bigbird18.cern.ch&noUDP&sock=schedd_5052_d48c>
...
040 (10610889.647.000) 12/16 14:14:21 Started transferring input files
	Transferring to host: <188.185.215.15:9618?addrs=188.185.215.15-9618+[2001-1458-303-1e--100-b]-9618&alias=b9p31p2361.cern.ch&noUDP&sock=slot1_12_8454_5b91_96334>
...
040 (10610889.647.000) 12/16 14:14:21 Finished transferring input files
...
001 (10610889.647.000) 12/16 14:14:21 Job executing on host: <188.185.215.15:9618?addrs=188.185.215.15-9618+[2001-1458-303-1e--100-b]-9618&alias=b9p31p2361.cern.ch&noUDP&sock=startd_7360_ed21>
	SlotName: slot1_12@b9p31p2361.cern.ch
	CondorScratchDir = "/pool/condor/dir_3026036"
	Cpus = 4
	Disk = 10889
	GPUs = 0
	Memory = 12000
...
006 (10610889.647.000) 12/16 14:14:35 Image size of job updated: 39520
	39  -  MemoryUsage of job (MB)
	39520  -  ResidentSetSize of job (KB)
...
006 (10610889.647.000) 12/16 14:19:36 Image size of job updated: 39940
	39  -  MemoryUsage of job (MB)
	39520  -  ResidentSetSize of job (KB)
...
006 (10610889.647.000) 12/16 15:30:23 Image size of job updated: 120480
	39  -  MemoryUsage of job (MB)
	39520  -  ResidentSetSize of job (KB)
...
040 (10610889.647.000) 12/16 15:30:23 Started transferring output files
...
040 (10610889.647.000) 12/16 15:30:24 Finished transferring output files
...
005 (10610889.647.000) 12/16 15:30:24 Job terminated.
	(1) Normal termination (return value 0)
		Usr 0 01:15:16, Sys 0 00:00:06  -  Run Remote Usage
		Usr 0 00:00:00, Sys 0 00:00:00  -  Run Local Usage
		Usr 0 01:15:16, Sys 0 00:00:06  -  Total Remote Usage
		Usr 0 00:00:00, Sys 0 00:00:00  -  Total Local Usage
	0  -  Run Bytes Sent By Job
	7584148  -  Run Bytes Received By Job
	0  -  Total Bytes Sent By Job
	7584148  -  Total Bytes Received By Job
	Partitionable Resources :    Usage  Request Allocated 
	   Cpus                 :     0.99        4         4 
	   Disk (KB)            : 32949        7500     10889 
	   GPUs                 :                           0 
	   Memory (MB)          :    39       12000     12000 
	   TimeExecute (s)      :  4562                       
	   TimeSlotBusy (s)     :  4564                       

	Job terminated of its own accord at 2025-12-16T14:30:23Z with exit-code 0.
...
