000 (10610888.900.000) 12/16 07:14:45 Job submitted from host: <188.185.71.83:9618?addrs=188.185.71.83-9618+[2001-1458-d00-7--100-34d]-9618&alias=bigbird18.cern.ch&noUDP&sock=schedd_5052_d48c>
...
040 (10610888.900.000) 12/16 09:52:22 Started transferring input files
	Transferring to host: <128.142.192.144:9618?addrs=128.142.192.144-9618+[2001-1458-301-56--100-c]-9618&alias=b9g18p2635.cern.ch&noUDP&sock=slot1_38_5142_c10a_90306>
...
040 (10610888.900.000) 12/16 09:52:22 Finished transferring input files
...
001 (10610888.900.000) 12/16 09:52:22 Job executing on host: <128.142.192.144:9618?addrs=128.142.192.144-9618+[2001-1458-301-56--100-c]-9618&alias=b9g18p2635.cern.ch&noUDP&sock=startd_4107_a38d>
	SlotName: slot1_38@b9g18p2635.cern.ch
	CondorScratchDir = "/pool/condor/dir_3473250"
	Cpus = 4
	Disk = 11072
	GPUs = 0
	Memory = 12000
...
006 (10610888.900.000) 12/16 09:52:35 Image size of job updated: 39432
	39  -  MemoryUsage of job (MB)
	39432  -  ResidentSetSize of job (KB)
...
006 (10610888.900.000) 12/16 11:45:16 Image size of job updated: 120284
	39  -  MemoryUsage of job (MB)
	39432  -  ResidentSetSize of job (KB)
...
040 (10610888.900.000) 12/16 11:45:17 Started transferring output files
...
040 (10610888.900.000) 12/16 11:45:17 Finished transferring output files
...
005 (10610888.900.000) 12/16 11:45:17 Job terminated.
	(1) Normal termination (return value 0)
		Usr 0 01:51:45, Sys 0 00:00:06  -  Run Remote Usage
		Usr 0 00:00:00, Sys 0 00:00:00  -  Run Local Usage
		Usr 0 01:51:45, Sys 0 00:00:06  -  Total Remote Usage
		Usr 0 00:00:00, Sys 0 00:00:00  -  Total Local Usage
	0  -  Run Bytes Sent By Job
	7584148  -  Run Bytes Received By Job
	0  -  Total Bytes Sent By Job
	7584148  -  Total Bytes Received By Job
	Partitionable Resources :    Usage  Request Allocated 
	   Cpus                 :     0.99        4         4 
	   Disk (KB)            : 32566        7500     11072 
	   GPUs                 :                           0 
	   Memory (MB)          :    39       12000     12000 
	   TimeExecute (s)      :  6774                       
	   TimeSlotBusy (s)     :  6776                       

	Job terminated of its own accord at 2025-12-16T10:45:16Z with exit-code 0.
...
