000 (10613550.543.000) 12/16 14:40:59 Job submitted from host: <188.185.71.83:9618?addrs=188.185.71.83-9618+[2001-1458-d00-7--100-34d]-9618&alias=bigbird18.cern.ch&noUDP&sock=schedd_5052_d48c>
...
040 (10613550.543.000) 12/16 16:27:25 Started transferring input files
	Transferring to host: <188.185.195.175:9618?addrs=188.185.195.175-9618+[2001-1458-303-22--100-ab]-9618&alias=b9p17p5622.cern.ch&noUDP&sock=slot1_34_53982_f3cc_11427>
...
040 (10613550.543.000) 12/16 16:27:25 Finished transferring input files
...
001 (10613550.543.000) 12/16 16:27:25 Job executing on host: <188.185.195.175:9618?addrs=188.185.195.175-9618+[2001-1458-303-22--100-ab]-9618&alias=b9p17p5622.cern.ch&noUDP&sock=startd_51999_9140>
	SlotName: slot1_34@b9p17p5622.cern.ch
	CondorScratchDir = "/pool/condor/dir_3647314"
	Cpus = 4
	Disk = 11092
	GPUs = 0
	Memory = 12000
...
006 (10613550.543.000) 12/16 16:27:39 Image size of job updated: 36836
	36  -  MemoryUsage of job (MB)
	36836  -  ResidentSetSize of job (KB)
...
006 (10613550.543.000) 12/16 16:32:39 Image size of job updated: 37260
	36  -  MemoryUsage of job (MB)
	36836  -  ResidentSetSize of job (KB)
...
006 (10613550.543.000) 12/16 18:50:45 Image size of job updated: 117812
	36  -  MemoryUsage of job (MB)
	36836  -  ResidentSetSize of job (KB)
...
040 (10613550.543.000) 12/16 18:50:45 Started transferring output files
...
040 (10613550.543.000) 12/16 18:50:46 Finished transferring output files
...
005 (10613550.543.000) 12/16 18:50:46 Job terminated.
	(1) Normal termination (return value 0)
		Usr 0 02:21:35, Sys 0 00:00:08  -  Run Remote Usage
		Usr 0 00:00:00, Sys 0 00:00:00  -  Run Local Usage
		Usr 0 02:21:35, Sys 0 00:00:08  -  Total Remote Usage
		Usr 0 00:00:00, Sys 0 00:00:00  -  Total Local Usage
	0  -  Run Bytes Sent By Job
	7584148  -  Run Bytes Received By Job
	0  -  Total Bytes Sent By Job
	7584148  -  Total Bytes Received By Job
	Partitionable Resources :    Usage  Request Allocated 
	   Cpus                 :     0.99        4         4 
	   Disk (KB)            : 33168        7500     11092 
	   GPUs                 :                           0 
	   Memory (MB)          :    36       12000     12000 
	   TimeExecute (s)      :  8600                       
	   TimeSlotBusy (s)     :  8601                       

	Job terminated of its own accord at 2025-12-16T17:50:45Z with exit-code 0.
...
