000 (10613549.860.000) 12/16 14:40:45 Job submitted from host: <188.185.71.83:9618?addrs=188.185.71.83-9618+[2001-1458-d00-7--100-34d]-9618&alias=bigbird18.cern.ch&noUDP&sock=schedd_5052_d48c>
...
040 (10613549.860.000) 12/16 15:34:33 Started transferring input files
	Transferring to host: <188.185.213.224:9618?addrs=188.185.213.224-9618+[2001-1458-303-1b--100-5c]-9618&alias=b9p28p2561.cern.ch&noUDP&sock=slot1_1_7177_987d_112007>
...
040 (10613549.860.000) 12/16 15:34:33 Finished transferring input files
...
001 (10613549.860.000) 12/16 15:34:33 Job executing on host: <188.185.213.224:9618?addrs=188.185.213.224-9618+[2001-1458-303-1b--100-5c]-9618&alias=b9p28p2561.cern.ch&noUDP&sock=startd_6543_8841>
	SlotName: slot1_1@b9p28p2561.cern.ch
	CondorScratchDir = "/pool/condor/dir_1044712"
	Cpus = 4
	Disk = 10973
	GPUs = 0
	Memory = 12000
...
006 (10613549.860.000) 12/16 15:34:46 Image size of job updated: 40060
	40  -  MemoryUsage of job (MB)
	40060  -  ResidentSetSize of job (KB)
...
006 (10613549.860.000) 12/16 15:39:46 Image size of job updated: 40480
	40  -  MemoryUsage of job (MB)
	40060  -  ResidentSetSize of job (KB)
...
006 (10613549.860.000) 12/16 16:51:16 Image size of job updated: 121000
	40  -  MemoryUsage of job (MB)
	40060  -  ResidentSetSize of job (KB)
...
040 (10613549.860.000) 12/16 16:51:17 Started transferring output files
...
040 (10613549.860.000) 12/16 16:51:17 Finished transferring output files
...
005 (10613549.860.000) 12/16 16:51:17 Job terminated.
	(1) Normal termination (return value 0)
		Usr 0 01:16:00, Sys 0 00:00:04  -  Run Remote Usage
		Usr 0 00:00:00, Sys 0 00:00:00  -  Run Local Usage
		Usr 0 01:16:00, Sys 0 00:00:04  -  Total Remote Usage
		Usr 0 00:00:00, Sys 0 00:00:00  -  Total Local Usage
	0  -  Run Bytes Sent By Job
	7584148  -  Run Bytes Received By Job
	0  -  Total Bytes Sent By Job
	7584148  -  Total Bytes Received By Job
	Partitionable Resources :    Usage  Request Allocated 
	   Cpus                 :     0.99        4         4 
	   Disk (KB)            : 33036        7500     10973 
	   GPUs                 :                           0 
	   Memory (MB)          :    40       12000     12000 
	   TimeExecute (s)      :  4603                       
	   TimeSlotBusy (s)     :  4604                       

	Job terminated of its own accord at 2025-12-16T15:51:16Z with exit-code 0.
...
