000 (10610888.174.000) 12/16 07:14:44 Job submitted from host: <188.185.71.83:9618?addrs=188.185.71.83-9618+[2001-1458-d00-7--100-34d]-9618&alias=bigbird18.cern.ch&noUDP&sock=schedd_5052_d48c>
...
040 (10610888.174.000) 12/16 09:01:22 Started transferring input files
	Transferring to host: <188.185.210.147:9618?addrs=188.185.210.147-9618+[2001-1458-303-15--100-f]-9618&alias=b9p22p5119.cern.ch&noUDP&sock=slot1_10_5526_511a_93232>
...
040 (10610888.174.000) 12/16 09:01:22 Finished transferring input files
...
001 (10610888.174.000) 12/16 09:01:22 Job executing on host: <188.185.210.147:9618?addrs=188.185.210.147-9618+[2001-1458-303-15--100-f]-9618&alias=b9p22p5119.cern.ch&noUDP&sock=startd_4593_fe94>
	SlotName: slot1_10@b9p22p5119.cern.ch
	CondorScratchDir = "/pool/condor/dir_3225057"
	Cpus = 4
	Disk = 11096
	GPUs = 0
	Memory = 12000
...
006 (10610888.174.000) 12/16 09:01:35 Image size of job updated: 40028
	40  -  MemoryUsage of job (MB)
	40028  -  ResidentSetSize of job (KB)
...
006 (10610888.174.000) 12/16 09:06:35 Image size of job updated: 40448
	40  -  MemoryUsage of job (MB)
	40028  -  ResidentSetSize of job (KB)
...
040 (10610888.174.000) 12/16 10:26:42 Started transferring output files
...
040 (10610888.174.000) 12/16 10:26:43 Finished transferring output files
...
005 (10610888.174.000) 12/16 10:26:43 Job terminated.
	(1) Normal termination (return value 0)
		Usr 0 01:24:00, Sys 0 00:00:11  -  Run Remote Usage
		Usr 0 00:00:00, Sys 0 00:00:00  -  Run Local Usage
		Usr 0 01:24:00, Sys 0 00:00:11  -  Total Remote Usage
		Usr 0 00:00:00, Sys 0 00:00:00  -  Total Local Usage
	0  -  Run Bytes Sent By Job
	7584148  -  Run Bytes Received By Job
	0  -  Total Bytes Sent By Job
	7584148  -  Total Bytes Received By Job
	Partitionable Resources :    Usage  Request Allocated 
	   Cpus                 :     0.99        4         4 
	   Disk (KB)            : 32076        7500     11096 
	   GPUs                 :                           0 
	   Memory (MB)          :    40       12000     12000 
	   TimeExecute (s)      :  5120                       
	   TimeSlotBusy (s)     :  5122                       

	Job terminated of its own accord at 2025-12-16T09:26:42Z with exit-code 0.
...
