000 (10610888.743.000) 12/16 07:14:44 Job submitted from host: <188.185.71.83:9618?addrs=188.185.71.83-9618+[2001-1458-d00-7--100-34d]-9618&alias=bigbird18.cern.ch&noUDP&sock=schedd_5052_d48c>
...
040 (10610888.743.000) 12/16 09:38:42 Started transferring input files
	Transferring to host: <188.185.212.147:9618?addrs=188.185.212.147-9618+[2001-1458-303-19--100-f]-9618&alias=b9p26p9843.cern.ch&noUDP&sock=slot1_5_3107_e997_93288>
...
040 (10610888.743.000) 12/16 09:38:42 Finished transferring input files
...
001 (10610888.743.000) 12/16 09:38:42 Job executing on host: <188.185.212.147:9618?addrs=188.185.212.147-9618+[2001-1458-303-19--100-f]-9618&alias=b9p26p9843.cern.ch&noUDP&sock=startd_2670_f9f5>
	SlotName: slot1_5@b9p26p9843.cern.ch
	CondorScratchDir = "/pool/condor/dir_1228740"
	Cpus = 4
	Disk = 10986
	GPUs = 0
	Memory = 12000
...
006 (10610888.743.000) 12/16 09:38:56 Image size of job updated: 37512
	37  -  MemoryUsage of job (MB)
	37512  -  ResidentSetSize of job (KB)
...
006 (10610888.743.000) 12/16 09:43:57 Image size of job updated: 37932
	37  -  MemoryUsage of job (MB)
	37512  -  ResidentSetSize of job (KB)
...
006 (10610888.743.000) 12/16 11:07:08 Image size of job updated: 118468
	37  -  MemoryUsage of job (MB)
	37512  -  ResidentSetSize of job (KB)
...
040 (10610888.743.000) 12/16 11:07:08 Started transferring output files
...
040 (10610888.743.000) 12/16 11:07:09 Finished transferring output files
...
005 (10610888.743.000) 12/16 11:07:09 Job terminated.
	(1) Normal termination (return value 0)
		Usr 0 01:27:18, Sys 0 00:00:07  -  Run Remote Usage
		Usr 0 00:00:00, Sys 0 00:00:00  -  Run Local Usage
		Usr 0 01:27:18, Sys 0 00:00:07  -  Total Remote Usage
		Usr 0 00:00:00, Sys 0 00:00:00  -  Total Local Usage
	0  -  Run Bytes Sent By Job
	7584148  -  Run Bytes Received By Job
	0  -  Total Bytes Sent By Job
	7584148  -  Total Bytes Received By Job
	Partitionable Resources :    Usage  Request Allocated 
	   Cpus                 :     0.99        4         4 
	   Disk (KB)            : 32893        7500     10986 
	   GPUs                 :                           0 
	   Memory (MB)          :    37       12000     12000 
	   TimeExecute (s)      :  5306                       
	   TimeSlotBusy (s)     :  5307                       

	Job terminated of its own accord at 2025-12-16T10:07:08Z with exit-code 0.
...
