000 (10613549.920.000) 12/16 14:40:45 Job submitted from host: <188.185.71.83:9618?addrs=188.185.71.83-9618+[2001-1458-d00-7--100-34d]-9618&alias=bigbird18.cern.ch&noUDP&sock=schedd_5052_d48c>
...
040 (10613549.920.000) 12/16 15:34:50 Started transferring input files
	Transferring to host: <188.185.193.11:9618?addrs=188.185.193.11-9618+[2001-1458-303-20--100-7]-9618&alias=b9p19p1478.cern.ch&noUDP&sock=slot1_13_2414142_2eb3_62483>
...
040 (10613549.920.000) 12/16 15:34:50 Finished transferring input files
...
001 (10613549.920.000) 12/16 15:34:50 Job executing on host: <188.185.193.11:9618?addrs=188.185.193.11-9618+[2001-1458-303-20--100-7]-9618&alias=b9p19p1478.cern.ch&noUDP&sock=startd_2712_c8ef>
	SlotName: slot1_13@b9p19p1478.cern.ch
	CondorScratchDir = "/pool/condor/dir_2916762"
	Cpus = 4
	Disk = 11053
	GPUs = 0
	Memory = 12000
...
006 (10613549.920.000) 12/16 15:35:04 Image size of job updated: 39560
	39  -  MemoryUsage of job (MB)
	39560  -  ResidentSetSize of job (KB)
...
006 (10613549.920.000) 12/16 15:40:05 Image size of job updated: 39980
	39  -  MemoryUsage of job (MB)
	39560  -  ResidentSetSize of job (KB)
...
006 (10613549.920.000) 12/16 17:40:37 Image size of job updated: 120516
	39  -  MemoryUsage of job (MB)
	39560  -  ResidentSetSize of job (KB)
...
040 (10613549.920.000) 12/16 17:40:38 Started transferring output files
...
040 (10613549.920.000) 12/16 17:40:38 Finished transferring output files
...
005 (10613549.920.000) 12/16 17:40:38 Job terminated.
	(1) Normal termination (return value 0)
		Usr 0 02:04:04, Sys 0 00:00:09  -  Run Remote Usage
		Usr 0 00:00:00, Sys 0 00:00:00  -  Run Local Usage
		Usr 0 02:04:04, Sys 0 00:00:09  -  Total Remote Usage
		Usr 0 00:00:00, Sys 0 00:00:00  -  Total Local Usage
	0  -  Run Bytes Sent By Job
	7584148  -  Run Bytes Received By Job
	0  -  Total Bytes Sent By Job
	7584148  -  Total Bytes Received By Job
	Partitionable Resources :    Usage  Request Allocated 
	   Cpus                 :     0.99        4         4 
	   Disk (KB)            : 32816        7500     11053 
	   GPUs                 :                           0 
	   Memory (MB)          :    39       12000     12000 
	   TimeExecute (s)      :  7547                       
	   TimeSlotBusy (s)     :  7548                       

	Job terminated of its own accord at 2025-12-16T16:40:37Z with exit-code 0.
...
