000 (10610887.627.000) 12/16 07:14:31 Job submitted from host: <188.185.71.83:9618?addrs=188.185.71.83-9618+[2001-1458-d00-7--100-34d]-9618&alias=bigbird18.cern.ch&noUDP&sock=schedd_5052_d48c>
...
040 (10610887.627.000) 12/16 07:54:46 Started transferring input files
	Transferring to host: <188.185.212.99:9618?addrs=188.185.212.99-9618+[2001-1458-303-18--100-5f]-9618&alias=b9p25p1129.cern.ch&noUDP&sock=slot1_11_7101_0bfa_91906>
...
040 (10610887.627.000) 12/16 07:54:46 Finished transferring input files
...
001 (10610887.627.000) 12/16 07:54:46 Job executing on host: <188.185.212.99:9618?addrs=188.185.212.99-9618+[2001-1458-303-18--100-5f]-9618&alias=b9p25p1129.cern.ch&noUDP&sock=startd_6149_47f1>
	SlotName: slot1_11@b9p25p1129.cern.ch
	CondorScratchDir = "/pool/condor/dir_2349355"
	Cpus = 4
	Disk = 10934
	GPUs = 0
	Memory = 12000
...
006 (10610887.627.000) 12/16 07:55:01 Image size of job updated: 39528
	39  -  MemoryUsage of job (MB)
	39528  -  ResidentSetSize of job (KB)
...
006 (10610887.627.000) 12/16 08:00:02 Image size of job updated: 39948
	39  -  MemoryUsage of job (MB)
	39528  -  ResidentSetSize of job (KB)
...
006 (10610887.627.000) 12/16 09:55:32 Image size of job updated: 120476
	39  -  MemoryUsage of job (MB)
	39528  -  ResidentSetSize of job (KB)
...
040 (10610887.627.000) 12/16 09:55:33 Started transferring output files
...
040 (10610887.627.000) 12/16 09:55:34 Finished transferring output files
...
005 (10610887.627.000) 12/16 09:55:34 Job terminated.
	(1) Normal termination (return value 0)
		Usr 0 01:56:08, Sys 0 00:00:14  -  Run Remote Usage
		Usr 0 00:00:00, Sys 0 00:00:00  -  Run Local Usage
		Usr 0 01:56:08, Sys 0 00:00:14  -  Total Remote Usage
		Usr 0 00:00:00, Sys 0 00:00:00  -  Total Local Usage
	0  -  Run Bytes Sent By Job
	7584148  -  Run Bytes Received By Job
	0  -  Total Bytes Sent By Job
	7584148  -  Total Bytes Received By Job
	Partitionable Resources :    Usage  Request Allocated 
	   Cpus                 :     0.96        4         4 
	   Disk (KB)            : 32568        7500     10934 
	   GPUs                 :                           0 
	   Memory (MB)          :    39       12000     12000 
	   TimeExecute (s)      :  7246                       
	   TimeSlotBusy (s)     :  7249                       

	Job terminated of its own accord at 2025-12-16T08:55:32Z with exit-code 0.
...
