000 (10610887.148.000) 12/16 07:14:31 Job submitted from host: <188.185.71.83:9618?addrs=188.185.71.83-9618+[2001-1458-d00-7--100-34d]-9618&alias=bigbird18.cern.ch&noUDP&sock=schedd_5052_d48c>
...
040 (10610887.148.000) 12/16 07:44:38 Started transferring input files
	Transferring to host: <188.185.215.189:9618?addrs=188.185.215.189-9618+[2001-1458-303-26--100-39]-9618&alias=b9p18p3462.cern.ch&noUDP&sock=slot1_6_7108_fa9a_91650>
...
040 (10610887.148.000) 12/16 07:44:38 Finished transferring input files
...
001 (10610887.148.000) 12/16 07:44:38 Job executing on host: <188.185.215.189:9618?addrs=188.185.215.189-9618+[2001-1458-303-26--100-39]-9618&alias=b9p18p3462.cern.ch&noUDP&sock=startd_6453_ccbb>
	SlotName: slot1_6@b9p18p3462.cern.ch
	CondorScratchDir = "/pool/condor/dir_3074974"
	Cpus = 4
	Disk = 10898
	GPUs = 0
	Memory = 12000
...
006 (10610887.148.000) 12/16 07:44:52 Image size of job updated: 24772
	25  -  MemoryUsage of job (MB)
	24772  -  ResidentSetSize of job (KB)
...
006 (10610887.148.000) 12/16 07:49:53 Image size of job updated: 25192
	25  -  MemoryUsage of job (MB)
	24772  -  ResidentSetSize of job (KB)
...
006 (10610887.148.000) 12/16 09:11:48 Image size of job updated: 116600
	25  -  MemoryUsage of job (MB)
	24772  -  ResidentSetSize of job (KB)
...
040 (10610887.148.000) 12/16 09:11:49 Started transferring output files
...
040 (10610887.148.000) 12/16 09:11:50 Finished transferring output files
...
005 (10610887.148.000) 12/16 09:11:50 Job terminated.
	(1) Normal termination (return value 0)
		Usr 0 01:26:03, Sys 0 00:00:08  -  Run Remote Usage
		Usr 0 00:00:00, Sys 0 00:00:00  -  Run Local Usage
		Usr 0 01:26:03, Sys 0 00:00:08  -  Total Remote Usage
		Usr 0 00:00:00, Sys 0 00:00:00  -  Total Local Usage
	0  -  Run Bytes Sent By Job
	7584148  -  Run Bytes Received By Job
	0  -  Total Bytes Sent By Job
	7584148  -  Total Bytes Received By Job
	Partitionable Resources :    Usage  Request Allocated 
	   Cpus                 :     0.99        4         4 
	   Disk (KB)            : 33276        7500     10898 
	   GPUs                 :                           0 
	   Memory (MB)          :    25       12000     12000 
	   TimeExecute (s)      :  5230                       
	   TimeSlotBusy (s)     :  5233                       

	Job terminated of its own accord at 2025-12-16T08:11:48Z with exit-code 0.
...
