000 (10613550.293.000) 12/16 14:40:59 Job submitted from host: <188.185.71.83:9618?addrs=188.185.71.83-9618+[2001-1458-d00-7--100-34d]-9618&alias=bigbird18.cern.ch&noUDP&sock=schedd_5052_d48c>
...
040 (10613550.293.000) 12/16 15:51:29 Started transferring input files
	Transferring to host: <188.185.204.141:9618?addrs=188.185.204.141-9618+[2001-1458-303-8--100-81]-9618&alias=b9p02p4906.cern.ch&noUDP&sock=slot1_15_10968_b2b7_79720>
...
040 (10613550.293.000) 12/16 15:51:29 Finished transferring input files
...
001 (10613550.293.000) 12/16 15:51:29 Job executing on host: <188.185.204.141:9618?addrs=188.185.204.141-9618+[2001-1458-303-8--100-81]-9618&alias=b9p02p4906.cern.ch&noUDP&sock=startd_10480_fc9e>
	SlotName: slot1_15@b9p02p4906.cern.ch
	CondorScratchDir = "/pool/condor/dir_80048"
	Cpus = 4
	Disk = 11036
	GPUs = 0
	Memory = 12000
...
006 (10613550.293.000) 12/16 15:51:42 Image size of job updated: 42220
	42  -  MemoryUsage of job (MB)
	42220  -  ResidentSetSize of job (KB)
...
006 (10613550.293.000) 12/16 15:56:42 Image size of job updated: 42600
	42  -  MemoryUsage of job (MB)
	42220  -  ResidentSetSize of job (KB)
...
006 (10613550.293.000) 12/16 17:29:44 Image size of job updated: 123244
	42  -  MemoryUsage of job (MB)
	42220  -  ResidentSetSize of job (KB)
...
040 (10613550.293.000) 12/16 17:29:45 Started transferring output files
...
040 (10613550.293.000) 12/16 17:29:45 Finished transferring output files
...
005 (10613550.293.000) 12/16 17:29:45 Job terminated.
	(1) Normal termination (return value 0)
		Usr 0 01:35:57, Sys 0 00:00:13  -  Run Remote Usage
		Usr 0 00:00:00, Sys 0 00:00:00  -  Run Local Usage
		Usr 0 01:35:57, Sys 0 00:00:13  -  Total Remote Usage
		Usr 0 00:00:00, Sys 0 00:00:00  -  Total Local Usage
	0  -  Run Bytes Sent By Job
	7584148  -  Run Bytes Received By Job
	0  -  Total Bytes Sent By Job
	7584148  -  Total Bytes Received By Job
	Partitionable Resources :    Usage  Request Allocated 
	   Cpus                 :     0.99        4         4 
	   Disk (KB)            : 33199        7500     11036 
	   GPUs                 :                           0 
	   Memory (MB)          :    42       12000     12000 
	   TimeExecute (s)      :  5895                       
	   TimeSlotBusy (s)     :  5897                       

	Job terminated of its own accord at 2025-12-16T16:29:44Z with exit-code 0.
...
