000 (10613550.164.000) 12/16 14:40:59 Job submitted from host: <188.185.71.83:9618?addrs=188.185.71.83-9618+[2001-1458-d00-7--100-34d]-9618&alias=bigbird18.cern.ch&noUDP&sock=schedd_5052_d48c>
...
040 (10613550.164.000) 12/16 15:42:13 Started transferring input files
	Transferring to host: <188.185.214.75:9618?addrs=188.185.214.75-9618+[2001-1458-303-1c--100-47]-9618&alias=b9p29p5305.cern.ch&noUDP&sock=slot1_11_4073_8bff_112333>
...
040 (10613550.164.000) 12/16 15:42:13 Finished transferring input files
...
001 (10613550.164.000) 12/16 15:42:13 Job executing on host: <188.185.214.75:9618?addrs=188.185.214.75-9618+[2001-1458-303-1c--100-47]-9618&alias=b9p29p5305.cern.ch&noUDP&sock=startd_3460_d9c6>
	SlotName: slot1_11@b9p29p5305.cern.ch
	CondorScratchDir = "/pool/condor/dir_315563"
	Cpus = 4
	Disk = 11052
	GPUs = 0
	Memory = 12000
...
006 (10613550.164.000) 12/16 15:42:27 Image size of job updated: 38020
	38  -  MemoryUsage of job (MB)
	38020  -  ResidentSetSize of job (KB)
...
006 (10613550.164.000) 12/16 15:47:28 Image size of job updated: 38440
	38  -  MemoryUsage of job (MB)
	38020  -  ResidentSetSize of job (KB)
...
006 (10613550.164.000) 12/16 16:37:31 Image size of job updated: 46880
	46  -  MemoryUsage of job (MB)
	46880  -  ResidentSetSize of job (KB)
...
006 (10613550.164.000) 12/16 16:58:19 Image size of job updated: 128656
	46  -  MemoryUsage of job (MB)
	46880  -  ResidentSetSize of job (KB)
...
040 (10613550.164.000) 12/16 16:58:19 Started transferring output files
...
040 (10613550.164.000) 12/16 16:58:20 Finished transferring output files
...
005 (10613550.164.000) 12/16 16:58:20 Job terminated.
	(1) Normal termination (return value 0)
		Usr 0 01:15:26, Sys 0 00:00:03  -  Run Remote Usage
		Usr 0 00:00:00, Sys 0 00:00:00  -  Run Local Usage
		Usr 0 01:15:26, Sys 0 00:00:03  -  Total Remote Usage
		Usr 0 00:00:00, Sys 0 00:00:00  -  Total Local Usage
	0  -  Run Bytes Sent By Job
	7584148  -  Run Bytes Received By Job
	0  -  Total Bytes Sent By Job
	7584148  -  Total Bytes Received By Job
	Partitionable Resources :    Usage  Request Allocated 
	   Cpus                 :     0.99        4         4 
	   Disk (KB)            : 34145        7500     11052 
	   GPUs                 :                           0 
	   Memory (MB)          :    46       12000     12000 
	   TimeExecute (s)      :  4566                       
	   TimeSlotBusy (s)     :  4567                       

	Job terminated of its own accord at 2025-12-16T15:58:19Z with exit-code 0.
...
