000 (10610888.419.000) 12/16 07:14:44 Job submitted from host: <188.185.71.83:9618?addrs=188.185.71.83-9618+[2001-1458-d00-7--100-34d]-9618&alias=bigbird18.cern.ch&noUDP&sock=schedd_5052_d48c>
...
040 (10610888.419.000) 12/16 09:23:31 Started transferring input files
	Transferring to host: <188.185.208.152:9618?addrs=188.185.208.152-9618+[2001-1458-303-10--100-15]-9618&alias=b9p10p6711.cern.ch&noUDP&sock=slot1_8_4051_0bbe_84136>
...
040 (10610888.419.000) 12/16 09:23:31 Finished transferring input files
...
001 (10610888.419.000) 12/16 09:23:31 Job executing on host: <188.185.208.152:9618?addrs=188.185.208.152-9618+[2001-1458-303-10--100-15]-9618&alias=b9p10p6711.cern.ch&noUDP&sock=startd_3609_0d63>
	SlotName: slot1_8@b9p10p6711.cern.ch
	CondorScratchDir = "/pool/condor/dir_2748722"
	Cpus = 4
	Disk = 10891
	GPUs = 0
	Memory = 12000
...
006 (10610888.419.000) 12/16 09:23:45 Image size of job updated: 39664
	39  -  MemoryUsage of job (MB)
	39664  -  ResidentSetSize of job (KB)
...
006 (10610888.419.000) 12/16 09:28:46 Image size of job updated: 40044
	39  -  MemoryUsage of job (MB)
	39664  -  ResidentSetSize of job (KB)
...
006 (10610888.419.000) 12/16 11:02:43 Image size of job updated: 120692
	39  -  MemoryUsage of job (MB)
	39664  -  ResidentSetSize of job (KB)
...
040 (10610888.419.000) 12/16 11:02:44 Started transferring output files
...
040 (10610888.419.000) 12/16 11:02:44 Finished transferring output files
...
005 (10610888.419.000) 12/16 11:02:44 Job terminated.
	(1) Normal termination (return value 0)
		Usr 0 01:37:43, Sys 0 00:00:09  -  Run Remote Usage
		Usr 0 00:00:00, Sys 0 00:00:00  -  Run Local Usage
		Usr 0 01:37:43, Sys 0 00:00:09  -  Total Remote Usage
		Usr 0 00:00:00, Sys 0 00:00:00  -  Total Local Usage
	0  -  Run Bytes Sent By Job
	7584148  -  Run Bytes Received By Job
	0  -  Total Bytes Sent By Job
	7584148  -  Total Bytes Received By Job
	Partitionable Resources :    Usage  Request Allocated 
	   Cpus                 :     0.99        4         4 
	   Disk (KB)            : 33267        7500     10891 
	   GPUs                 :                           0 
	   Memory (MB)          :    39       12000     12000 
	   TimeExecute (s)      :  5952                       
	   TimeSlotBusy (s)     :  5953                       

	Job terminated of its own accord at 2025-12-16T10:02:43Z with exit-code 0.
...
