000 (10610888.769.000) 12/16 07:14:44 Job submitted from host: <188.185.71.83:9618?addrs=188.185.71.83-9618+[2001-1458-d00-7--100-34d]-9618&alias=bigbird18.cern.ch&noUDP&sock=schedd_5052_d48c>
...
040 (10610888.769.000) 12/16 09:40:53 Started transferring input files
	Transferring to host: <188.185.207.174:9618?addrs=188.185.207.174-9618+[2001-1458-303-e--100-2b]-9618&alias=b9p08p4180.cern.ch&noUDP&sock=slot1_8_2063111_1651_8540>
...
040 (10610888.769.000) 12/16 09:40:53 Finished transferring input files
...
001 (10610888.769.000) 12/16 09:40:53 Job executing on host: <188.185.207.174:9618?addrs=188.185.207.174-9618+[2001-1458-303-e--100-2b]-9618&alias=b9p08p4180.cern.ch&noUDP&sock=startd_2061254_5fed>
	SlotName: slot1_8@b9p08p4180.cern.ch
	CondorScratchDir = "/pool/condor/dir_1240360"
	Cpus = 4
	Disk = 10929
	GPUs = 0
	Memory = 12000
...
006 (10610888.769.000) 12/16 09:41:06 Image size of job updated: 39628
	39  -  MemoryUsage of job (MB)
	39628  -  ResidentSetSize of job (KB)
...
006 (10610888.769.000) 12/16 09:46:06 Image size of job updated: 40008
	39  -  MemoryUsage of job (MB)
	39628  -  ResidentSetSize of job (KB)
...
006 (10610888.769.000) 12/16 11:17:27 Image size of job updated: 120652
	39  -  MemoryUsage of job (MB)
	39628  -  ResidentSetSize of job (KB)
...
040 (10610888.769.000) 12/16 11:17:28 Started transferring output files
...
040 (10610888.769.000) 12/16 11:17:28 Finished transferring output files
...
005 (10610888.769.000) 12/16 11:17:28 Job terminated.
	(1) Normal termination (return value 0)
		Usr 0 01:35:02, Sys 0 00:00:15  -  Run Remote Usage
		Usr 0 00:00:00, Sys 0 00:00:00  -  Run Local Usage
		Usr 0 01:35:02, Sys 0 00:00:15  -  Total Remote Usage
		Usr 0 00:00:00, Sys 0 00:00:00  -  Total Local Usage
	0  -  Run Bytes Sent By Job
	7584148  -  Run Bytes Received By Job
	0  -  Total Bytes Sent By Job
	7584148  -  Total Bytes Received By Job
	Partitionable Resources :    Usage  Request Allocated 
	   Cpus                 :     0.99        4         4 
	   Disk (KB)            : 33512        7500     10929 
	   GPUs                 :                           0 
	   Memory (MB)          :    39       12000     12000 
	   TimeExecute (s)      :  5794                       
	   TimeSlotBusy (s)     :  5796                       

	Job terminated of its own accord at 2025-12-16T10:17:27Z with exit-code 0.
...
