000 (10610887.010.000) 12/16 07:14:30 Job submitted from host: <188.185.71.83:9618?addrs=188.185.71.83-9618+[2001-1458-d00-7--100-34d]-9618&alias=bigbird18.cern.ch&noUDP&sock=schedd_5052_d48c>
...
040 (10610887.010.000) 12/16 07:20:22 Started transferring input files
	Transferring to host: <188.185.208.138:9618?addrs=188.185.208.138-9618+[2001-1458-303-10--100-7]-9618&alias=b9p10p6300.cern.ch&noUDP&sock=slot1_7_2957792_c9cf_10122>
...
040 (10610887.010.000) 12/16 07:20:22 Finished transferring input files
...
001 (10610887.010.000) 12/16 07:20:22 Job executing on host: <188.185.208.138:9618?addrs=188.185.208.138-9618+[2001-1458-303-10--100-7]-9618&alias=b9p10p6300.cern.ch&noUDP&sock=startd_4988_ee7c>
	SlotName: slot1_7@b9p10p6300.cern.ch
	CondorScratchDir = "/pool/condor/dir_1227063"
	Cpus = 4
	Disk = 10747
	GPUs = 0
	Memory = 12000
...
006 (10610887.010.000) 12/16 07:20:36 Image size of job updated: 30876
	31  -  MemoryUsage of job (MB)
	30876  -  ResidentSetSize of job (KB)
...
006 (10610887.010.000) 12/16 07:25:36 Image size of job updated: 31284
	31  -  MemoryUsage of job (MB)
	30876  -  ResidentSetSize of job (KB)
...
006 (10610887.010.000) 12/16 08:56:12 Image size of job updated: 33828
	31  -  MemoryUsage of job (MB)
	30876  -  ResidentSetSize of job (KB)
...
040 (10610887.010.000) 12/16 08:56:13 Started transferring output files
...
040 (10610887.010.000) 12/16 08:56:13 Finished transferring output files
...
005 (10610887.010.000) 12/16 08:56:13 Job terminated.
	(1) Normal termination (return value 0)
		Usr 0 01:34:01, Sys 0 00:00:12  -  Run Remote Usage
		Usr 0 00:00:00, Sys 0 00:00:00  -  Run Local Usage
		Usr 0 01:34:01, Sys 0 00:00:12  -  Total Remote Usage
		Usr 0 00:00:00, Sys 0 00:00:00  -  Total Local Usage
	0  -  Run Bytes Sent By Job
	7584148  -  Run Bytes Received By Job
	0  -  Total Bytes Sent By Job
	7584148  -  Total Bytes Received By Job
	Partitionable Resources :    Usage  Request Allocated 
	   Cpus                 :     0.98        4         4 
	   Disk (KB)            : 33300        7500     10747 
	   GPUs                 :                           0 
	   Memory (MB)          :    31       12000     12000 
	   TimeExecute (s)      :  5750                       
	   TimeSlotBusy (s)     :  5752                       

	Job terminated of its own accord at 2025-12-16T07:56:12Z with exit-code 0.
...
