000 (10610888.726.000) 12/16 07:14:44 Job submitted from host: <188.185.71.83:9618?addrs=188.185.71.83-9618+[2001-1458-d00-7--100-34d]-9618&alias=bigbird18.cern.ch&noUDP&sock=schedd_5052_d48c>
...
040 (10610888.726.000) 12/16 09:37:34 Started transferring input files
	Transferring to host: <188.185.211.96:9618?addrs=188.185.211.96-9618+[2001-1458-303-16--100-5c]-9618&alias=b9p23p1882.cern.ch&noUDP&sock=slot1_10_3719763_49f8_12197>
...
040 (10610888.726.000) 12/16 09:37:34 Finished transferring input files
...
001 (10610888.726.000) 12/16 09:37:34 Job executing on host: <188.185.211.96:9618?addrs=188.185.211.96-9618+[2001-1458-303-16--100-5c]-9618&alias=b9p23p1882.cern.ch&noUDP&sock=startd_5983_6b38>
	SlotName: slot1_10@b9p23p1882.cern.ch
	CondorScratchDir = "/pool/condor/dir_2193764"
	Cpus = 4
	Disk = 11197
	GPUs = 0
	Memory = 12000
...
006 (10610888.726.000) 12/16 09:37:48 Image size of job updated: 26792
	27  -  MemoryUsage of job (MB)
	26792  -  ResidentSetSize of job (KB)
...
006 (10610888.726.000) 12/16 09:42:49 Image size of job updated: 27184
	27  -  MemoryUsage of job (MB)
	26792  -  ResidentSetSize of job (KB)
...
040 (10610888.726.000) 12/16 11:22:19 Started transferring output files
...
040 (10610888.726.000) 12/16 11:22:20 Finished transferring output files
...
005 (10610888.726.000) 12/16 11:22:20 Job terminated.
	(1) Normal termination (return value 0)
		Usr 0 01:43:12, Sys 0 00:00:11  -  Run Remote Usage
		Usr 0 00:00:00, Sys 0 00:00:00  -  Run Local Usage
		Usr 0 01:43:12, Sys 0 00:00:11  -  Total Remote Usage
		Usr 0 00:00:00, Sys 0 00:00:00  -  Total Local Usage
	0  -  Run Bytes Sent By Job
	7584148  -  Run Bytes Received By Job
	0  -  Total Bytes Sent By Job
	7584148  -  Total Bytes Received By Job
	Partitionable Resources :    Usage  Request Allocated 
	   Cpus                 :     0.99        4         4 
	   Disk (KB)            : 32557        7500     11197 
	   GPUs                 :                           0 
	   Memory (MB)          :    27       12000     12000 
	   TimeExecute (s)      :  6285                       
	   TimeSlotBusy (s)     :  6286                       

	Job terminated of its own accord at 2025-12-16T10:22:19Z with exit-code 0.
...
