000 (10610889.091.000) 12/16 07:15:00 Job submitted from host: <188.185.71.83:9618?addrs=188.185.71.83-9618+[2001-1458-d00-7--100-34d]-9618&alias=bigbird18.cern.ch&noUDP&sock=schedd_5052_d48c>
...
040 (10610889.091.000) 12/16 10:41:37 Started transferring input files
	Transferring to host: <128.142.192.205:9618?addrs=128.142.192.205-9618+[2001-1458-301-56--100-49]-9618&alias=b9g18p5924.cern.ch&noUDP&sock=slot1_18_4485_d68f_87602>
...
040 (10610889.091.000) 12/16 10:41:37 Finished transferring input files
...
001 (10610889.091.000) 12/16 10:41:37 Job executing on host: <128.142.192.205:9618?addrs=128.142.192.205-9618+[2001-1458-301-56--100-49]-9618&alias=b9g18p5924.cern.ch&noUDP&sock=startd_3645_becb>
	SlotName: slot1_18@b9g18p5924.cern.ch
	CondorScratchDir = "/pool/condor/dir_3055685"
	Cpus = 4
	Disk = 11048
	GPUs = 0
	Memory = 12000
...
006 (10610889.091.000) 12/16 10:41:52 Image size of job updated: 32396
	32  -  MemoryUsage of job (MB)
	32396  -  ResidentSetSize of job (KB)
...
006 (10610889.091.000) 12/16 10:46:53 Image size of job updated: 32840
	32  -  MemoryUsage of job (MB)
	32396  -  ResidentSetSize of job (KB)
...
040 (10610889.091.000) 12/16 13:39:23 Started transferring output files
...
040 (10610889.091.000) 12/16 13:39:24 Finished transferring output files
...
005 (10610889.091.000) 12/16 13:39:24 Job terminated.
	(1) Normal termination (return value 0)
		Usr 0 02:51:57, Sys 0 00:00:13  -  Run Remote Usage
		Usr 0 00:00:00, Sys 0 00:00:00  -  Run Local Usage
		Usr 0 02:51:57, Sys 0 00:00:13  -  Total Remote Usage
		Usr 0 00:00:00, Sys 0 00:00:00  -  Total Local Usage
	0  -  Run Bytes Sent By Job
	7584148  -  Run Bytes Received By Job
	0  -  Total Bytes Sent By Job
	7584148  -  Total Bytes Received By Job
	Partitionable Resources :    Usage  Request Allocated 
	   Cpus                 :     0.97        4         4 
	   Disk (KB)            : 32489        7500     11048 
	   GPUs                 :                           0 
	   Memory (MB)          :    32       12000     12000 
	   TimeExecute (s)      : 10665                       
	   TimeSlotBusy (s)     : 10667                       

	Job terminated of its own accord at 2025-12-16T12:39:22Z with exit-code 0.
...
