000 (10613549.182.000) 12/16 14:40:44 Job submitted from host: <188.185.71.83:9618?addrs=188.185.71.83-9618+[2001-1458-d00-7--100-34d]-9618&alias=bigbird18.cern.ch&noUDP&sock=schedd_5052_d48c>
...
040 (10613549.182.000) 12/16 15:19:48 Started transferring input files
	Transferring to host: <188.185.215.107:9618?addrs=188.185.215.107-9618+[2001-1458-303-1e--100-67]-9618&alias=b9p31p8655.cern.ch&noUDP&sock=slot1_10_2871435_7837_12262>
...
040 (10613549.182.000) 12/16 15:19:48 Finished transferring input files
...
001 (10613549.182.000) 12/16 15:19:48 Job executing on host: <188.185.215.107:9618?addrs=188.185.215.107-9618+[2001-1458-303-1e--100-67]-9618&alias=b9p31p8655.cern.ch&noUDP&sock=startd_2870848_8503>
	SlotName: slot1_10@b9p31p8655.cern.ch
	CondorScratchDir = "/pool/condor/dir_2581486"
	Cpus = 4
	Disk = 11087
	GPUs = 0
	Memory = 12000
...
006 (10613549.182.000) 12/16 15:20:02 Image size of job updated: 40068
	40  -  MemoryUsage of job (MB)
	40068  -  ResidentSetSize of job (KB)
...
006 (10613549.182.000) 12/16 15:25:02 Image size of job updated: 40160
	40  -  MemoryUsage of job (MB)
	40068  -  ResidentSetSize of job (KB)
...
040 (10613549.182.000) 12/16 16:54:51 Started transferring output files
...
040 (10613549.182.000) 12/16 16:54:52 Finished transferring output files
...
005 (10613549.182.000) 12/16 16:54:52 Job terminated.
	(1) Normal termination (return value 0)
		Usr 0 01:33:22, Sys 0 00:00:18  -  Run Remote Usage
		Usr 0 00:00:00, Sys 0 00:00:00  -  Run Local Usage
		Usr 0 01:33:22, Sys 0 00:00:18  -  Total Remote Usage
		Usr 0 00:00:00, Sys 0 00:00:00  -  Total Local Usage
	0  -  Run Bytes Sent By Job
	7584148  -  Run Bytes Received By Job
	0  -  Total Bytes Sent By Job
	7584148  -  Total Bytes Received By Job
	Partitionable Resources :    Usage  Request Allocated 
	   Cpus                 :     0.99        4         4 
	   Disk (KB)            : 32752        7500     11087 
	   GPUs                 :                           0 
	   Memory (MB)          :    40       12000     12000 
	   TimeExecute (s)      :  5703                       
	   TimeSlotBusy (s)     :  5704                       

	Job terminated of its own accord at 2025-12-16T15:54:51Z with exit-code 0.
...
