000 (10613550.045.000) 12/16 14:40:58 Job submitted from host: <188.185.71.83:9618?addrs=188.185.71.83-9618+[2001-1458-d00-7--100-34d]-9618&alias=bigbird18.cern.ch&noUDP&sock=schedd_5052_d48c>
...
040 (10613550.045.000) 12/16 15:35:38 Started transferring input files
	Transferring to host: <188.185.196.122:9618?addrs=188.185.196.122-9618+[2001-1458-303-23--100-76]-9618&alias=b9p16p4693.cern.ch&noUDP&sock=slot1_20_7316_88a3_83413>
...
040 (10613550.045.000) 12/16 15:35:38 Finished transferring input files
...
001 (10613550.045.000) 12/16 15:35:38 Job executing on host: <188.185.196.122:9618?addrs=188.185.196.122-9618+[2001-1458-303-23--100-76]-9618&alias=b9p16p4693.cern.ch&noUDP&sock=startd_6094_8e3b>
	SlotName: slot1_20@b9p16p4693.cern.ch
	CondorScratchDir = "/pool/condor/dir_1194687"
	Cpus = 4
	Disk = 11122
	GPUs = 0
	Memory = 12000
...
006 (10613550.045.000) 12/16 15:35:52 Image size of job updated: 37480
	37  -  MemoryUsage of job (MB)
	37480  -  ResidentSetSize of job (KB)
...
006 (10613550.045.000) 12/16 15:40:53 Image size of job updated: 37900
	37  -  MemoryUsage of job (MB)
	37480  -  ResidentSetSize of job (KB)
...
006 (10613550.045.000) 12/16 17:44:51 Image size of job updated: 118428
	37  -  MemoryUsage of job (MB)
	37480  -  ResidentSetSize of job (KB)
...
040 (10613550.045.000) 12/16 17:44:52 Started transferring output files
...
040 (10613550.045.000) 12/16 17:44:52 Finished transferring output files
...
005 (10613550.045.000) 12/16 17:44:54 Job terminated.
	(1) Normal termination (return value 0)
		Usr 0 02:07:26, Sys 0 00:00:10  -  Run Remote Usage
		Usr 0 00:00:00, Sys 0 00:00:00  -  Run Local Usage
		Usr 0 02:07:26, Sys 0 00:00:10  -  Total Remote Usage
		Usr 0 00:00:00, Sys 0 00:00:00  -  Total Local Usage
	0  -  Run Bytes Sent By Job
	7584148  -  Run Bytes Received By Job
	0  -  Total Bytes Sent By Job
	7584148  -  Total Bytes Received By Job
	Partitionable Resources :    Usage  Request Allocated 
	   Cpus                 :     0.97        4         4 
	   Disk (KB)            : 33081        7500     11122 
	   GPUs                 :                           0 
	   Memory (MB)          :    37       12000     12000 
	   TimeExecute (s)      :  7753                       
	   TimeSlotBusy (s)     :  7754                       

	Job terminated of its own accord at 2025-12-16T16:44:51Z with exit-code 0.
...
