000 (10610889.100.000) 12/16 07:15:00 Job submitted from host: <188.185.71.83:9618?addrs=188.185.71.83-9618+[2001-1458-d00-7--100-34d]-9618&alias=bigbird18.cern.ch&noUDP&sock=schedd_5052_d48c>
...
040 (10610889.100.000) 12/16 10:43:28 Started transferring input files
	Transferring to host: <188.185.194.62:9618?addrs=188.185.194.62-9618+[2001-1458-303-21--100-3a]-9618&alias=b9p20p4971.cern.ch&noUDP&sock=slot1_8_3909_fe78_82063>
...
040 (10610889.100.000) 12/16 10:43:31 Finished transferring input files
...
001 (10610889.100.000) 12/16 10:43:31 Job executing on host: <188.185.194.62:9618?addrs=188.185.194.62-9618+[2001-1458-303-21--100-3a]-9618&alias=b9p20p4971.cern.ch&noUDP&sock=startd_2871_d87e>
	SlotName: slot1_8@b9p20p4971.cern.ch
	CondorScratchDir = "/pool/condor/dir_1196086"
	Cpus = 4
	Disk = 11234
	GPUs = 0
	Memory = 12000
...
006 (10610889.100.000) 12/16 10:43:44 Image size of job updated: 25284
	25  -  MemoryUsage of job (MB)
	25284  -  ResidentSetSize of job (KB)
...
006 (10610889.100.000) 12/16 10:48:44 Image size of job updated: 25376
	25  -  MemoryUsage of job (MB)
	25284  -  ResidentSetSize of job (KB)
...
006 (10610889.100.000) 12/16 13:23:12 Image size of job updated: 116820
	25  -  MemoryUsage of job (MB)
	25284  -  ResidentSetSize of job (KB)
...
040 (10610889.100.000) 12/16 13:23:13 Started transferring output files
...
040 (10610889.100.000) 12/16 13:23:14 Finished transferring output files
...
005 (10610889.100.000) 12/16 13:23:14 Job terminated.
	(1) Normal termination (return value 0)
		Usr 0 02:37:58, Sys 0 00:00:08  -  Run Remote Usage
		Usr 0 00:00:00, Sys 0 00:00:00  -  Run Local Usage
		Usr 0 02:37:58, Sys 0 00:00:08  -  Total Remote Usage
		Usr 0 00:00:00, Sys 0 00:00:00  -  Total Local Usage
	0  -  Run Bytes Sent By Job
	7584148  -  Run Bytes Received By Job
	0  -  Total Bytes Sent By Job
	7584148  -  Total Bytes Received By Job
	Partitionable Resources :    Usage  Request Allocated 
	   Cpus                 :     0.99        4         4 
	   Disk (KB)            : 33499        7500     11234 
	   GPUs                 :                           0 
	   Memory (MB)          :    25       12000     12000 
	   TimeExecute (s)      :  9581                       
	   TimeSlotBusy (s)     :  9586                       

	Job terminated of its own accord at 2025-12-16T12:23:12Z with exit-code 0.
...
