000 (10610888.269.000) 12/16 07:14:44 Job submitted from host: <188.185.71.83:9618?addrs=188.185.71.83-9618+[2001-1458-d00-7--100-34d]-9618&alias=bigbird18.cern.ch&noUDP&sock=schedd_5052_d48c>
...
040 (10610888.269.000) 12/16 09:12:58 Started transferring input files
	Transferring to host: <188.185.209.218:9618?addrs=188.185.209.218-9618+[2001-1458-303-12--100-57]-9618&alias=b9p12p0668.cern.ch&noUDP&sock=slot1_11_8014_567f_79680>
...
040 (10610888.269.000) 12/16 09:12:58 Finished transferring input files
...
001 (10610888.269.000) 12/16 09:12:58 Job executing on host: <188.185.209.218:9618?addrs=188.185.209.218-9618+[2001-1458-303-12--100-57]-9618&alias=b9p12p0668.cern.ch&noUDP&sock=startd_7136_47ea>
	SlotName: slot1_11@b9p12p0668.cern.ch
	CondorScratchDir = "/pool/condor/dir_4053424"
	Cpus = 4
	Disk = 10933
	GPUs = 0
	Memory = 12000
...
006 (10610888.269.000) 12/16 09:13:12 Image size of job updated: 39664
	39  -  MemoryUsage of job (MB)
	39664  -  ResidentSetSize of job (KB)
...
006 (10610888.269.000) 12/16 09:18:13 Image size of job updated: 40044
	39  -  MemoryUsage of job (MB)
	39664  -  ResidentSetSize of job (KB)
...
040 (10610888.269.000) 12/16 10:59:51 Started transferring output files
...
040 (10610888.269.000) 12/16 10:59:51 Finished transferring output files
...
005 (10610888.269.000) 12/16 10:59:51 Job terminated.
	(1) Normal termination (return value 0)
		Usr 0 01:45:02, Sys 0 00:00:12  -  Run Remote Usage
		Usr 0 00:00:00, Sys 0 00:00:00  -  Run Local Usage
		Usr 0 01:45:02, Sys 0 00:00:12  -  Total Remote Usage
		Usr 0 00:00:00, Sys 0 00:00:00  -  Total Local Usage
	0  -  Run Bytes Sent By Job
	7584148  -  Run Bytes Received By Job
	0  -  Total Bytes Sent By Job
	7584148  -  Total Bytes Received By Job
	Partitionable Resources :    Usage  Request Allocated 
	   Cpus                 :     0.98        4         4 
	   Disk (KB)            : 32471        7500     10933 
	   GPUs                 :                           0 
	   Memory (MB)          :    39       12000     12000 
	   TimeExecute (s)      :  6412                       
	   TimeSlotBusy (s)     :  6413                       

	Job terminated of its own accord at 2025-12-16T09:59:50Z with exit-code 0.
...
