000 (10610889.984.000) 12/16 07:15:01 Job submitted from host: <188.185.71.83:9618?addrs=188.185.71.83-9618+[2001-1458-d00-7--100-34d]-9618&alias=bigbird18.cern.ch&noUDP&sock=schedd_5052_d48c>
...
040 (10610889.984.000) 12/16 14:27:18 Started transferring input files
	Transferring to host: <188.185.192.140:9618?addrs=188.185.192.140-9618+[2001-1458-303-1f--100-88]-9618&alias=b9p13p5937.cern.ch&noUDP&sock=slot1_35_6234_2ab7_87610>
...
040 (10610889.984.000) 12/16 14:27:18 Finished transferring input files
...
001 (10610889.984.000) 12/16 14:27:18 Job executing on host: <188.185.192.140:9618?addrs=188.185.192.140-9618+[2001-1458-303-1f--100-88]-9618&alias=b9p13p5937.cern.ch&noUDP&sock=startd_4715_ad21>
	SlotName: slot1_35@b9p13p5937.cern.ch
	CondorScratchDir = "/pool/condor/dir_388359"
	Cpus = 4
	Disk = 11087
	GPUs = 0
	Memory = 12000
...
006 (10610889.984.000) 12/16 14:27:32 Image size of job updated: 40072
	40  -  MemoryUsage of job (MB)
	40072  -  ResidentSetSize of job (KB)
...
006 (10610889.984.000) 12/16 14:32:33 Image size of job updated: 40492
	40  -  MemoryUsage of job (MB)
	40072  -  ResidentSetSize of job (KB)
...
006 (10610889.984.000) 12/16 16:16:00 Image size of job updated: 121016
	40  -  MemoryUsage of job (MB)
	40072  -  ResidentSetSize of job (KB)
...
040 (10610889.984.000) 12/16 16:16:01 Started transferring output files
...
040 (10610889.984.000) 12/16 16:16:01 Finished transferring output files
...
005 (10610889.984.000) 12/16 16:16:01 Job terminated.
	(1) Normal termination (return value 0)
		Usr 0 01:47:44, Sys 0 00:00:05  -  Run Remote Usage
		Usr 0 00:00:00, Sys 0 00:00:00  -  Run Local Usage
		Usr 0 01:47:44, Sys 0 00:00:05  -  Total Remote Usage
		Usr 0 00:00:00, Sys 0 00:00:00  -  Total Local Usage
	0  -  Run Bytes Sent By Job
	7584148  -  Run Bytes Received By Job
	0  -  Total Bytes Sent By Job
	7584148  -  Total Bytes Received By Job
	Partitionable Resources :    Usage  Request Allocated 
	   Cpus                 :     0.99        4         4 
	   Disk (KB)            : 33104        7500     11087 
	   GPUs                 :                           0 
	   Memory (MB)          :    40       12000     12000 
	   TimeExecute (s)      :  6522                       
	   TimeSlotBusy (s)     :  6524                       

	Job terminated of its own accord at 2025-12-16T15:16:00Z with exit-code 0.
...
