000 (10610888.815.000) 12/16 07:14:45 Job submitted from host: <188.185.71.83:9618?addrs=188.185.71.83-9618+[2001-1458-d00-7--100-34d]-9618&alias=bigbird18.cern.ch&noUDP&sock=schedd_5052_d48c>
...
040 (10610888.815.000) 12/16 09:43:49 Started transferring input files
	Transferring to host: <188.185.211.100:9618?addrs=188.185.211.100-9618+[2001-1458-303-16--100-60]-9618&alias=b9p23p5193.cern.ch&noUDP&sock=slot1_8_6264_4df8_95539>
...
040 (10610888.815.000) 12/16 09:43:49 Finished transferring input files
...
001 (10610888.815.000) 12/16 09:43:49 Job executing on host: <188.185.211.100:9618?addrs=188.185.211.100-9618+[2001-1458-303-16--100-60]-9618&alias=b9p23p5193.cern.ch&noUDP&sock=startd_5497_1031>
	SlotName: slot1_8@b9p23p5193.cern.ch
	CondorScratchDir = "/pool/condor/dir_196287"
	Cpus = 4
	Disk = 10975
	GPUs = 0
	Memory = 12000
...
006 (10610888.815.000) 12/16 09:44:03 Image size of job updated: 38040
	38  -  MemoryUsage of job (MB)
	38040  -  ResidentSetSize of job (KB)
...
006 (10610888.815.000) 12/16 09:49:04 Image size of job updated: 38128
	38  -  MemoryUsage of job (MB)
	38040  -  ResidentSetSize of job (KB)
...
006 (10610888.815.000) 12/16 11:22:38 Image size of job updated: 118736
	38  -  MemoryUsage of job (MB)
	38040  -  ResidentSetSize of job (KB)
...
040 (10610888.815.000) 12/16 11:22:39 Started transferring output files
...
040 (10610888.815.000) 12/16 11:22:39 Finished transferring output files
...
005 (10610888.815.000) 12/16 11:22:39 Job terminated.
	(1) Normal termination (return value 0)
		Usr 0 01:37:16, Sys 0 00:00:10  -  Run Remote Usage
		Usr 0 00:00:00, Sys 0 00:00:00  -  Run Local Usage
		Usr 0 01:37:16, Sys 0 00:00:10  -  Total Remote Usage
		Usr 0 00:00:00, Sys 0 00:00:00  -  Total Local Usage
	0  -  Run Bytes Sent By Job
	7584148  -  Run Bytes Received By Job
	0  -  Total Bytes Sent By Job
	7584148  -  Total Bytes Received By Job
	Partitionable Resources :    Usage  Request Allocated 
	   Cpus                 :     0.99        4         4 
	   Disk (KB)            : 32688        7500     10975 
	   GPUs                 :                           0 
	   Memory (MB)          :    38       12000     12000 
	   TimeExecute (s)      :  5929                       
	   TimeSlotBusy (s)     :  5930                       

	Job terminated of its own accord at 2025-12-16T10:22:38Z with exit-code 0.
...
