000 (10613550.360.000) 12/16 14:40:59 Job submitted from host: <188.185.71.83:9618?addrs=188.185.71.83-9618+[2001-1458-d00-7--100-34d]-9618&alias=bigbird18.cern.ch&noUDP&sock=schedd_5052_d48c>
...
040 (10613550.360.000) 12/16 15:57:30 Started transferring input files
	Transferring to host: <188.185.209.96:9618?addrs=188.185.209.96-9618+[2001-1458-303-11--100-5d]-9618&alias=b9p11p5408.cern.ch&noUDP&sock=slot1_12_10565_bf87_79128>
...
040 (10613550.360.000) 12/16 15:57:30 Finished transferring input files
...
001 (10613550.360.000) 12/16 15:57:30 Job executing on host: <188.185.209.96:9618?addrs=188.185.209.96-9618+[2001-1458-303-11--100-5d]-9618&alias=b9p11p5408.cern.ch&noUDP&sock=startd_9386_9802>
	SlotName: slot1_12@b9p11p5408.cern.ch
	CondorScratchDir = "/pool/condor/dir_282186"
	Cpus = 4
	Disk = 10585
	GPUs = 0
	Memory = 12000
...
006 (10613550.360.000) 12/16 15:57:44 Image size of job updated: 41652
	41  -  MemoryUsage of job (MB)
	41652  -  ResidentSetSize of job (KB)
...
006 (10613550.360.000) 12/16 16:02:44 Image size of job updated: 42032
	41  -  MemoryUsage of job (MB)
	41652  -  ResidentSetSize of job (KB)
...
006 (10613550.360.000) 12/16 17:37:00 Image size of job updated: 122680
	41  -  MemoryUsage of job (MB)
	41652  -  ResidentSetSize of job (KB)
...
040 (10613550.360.000) 12/16 17:37:01 Started transferring output files
...
040 (10613550.360.000) 12/16 17:37:01 Finished transferring output files
...
005 (10613550.360.000) 12/16 17:37:01 Job terminated.
	(1) Normal termination (return value 0)
		Usr 0 01:36:48, Sys 0 00:00:16  -  Run Remote Usage
		Usr 0 00:00:00, Sys 0 00:00:00  -  Run Local Usage
		Usr 0 01:36:48, Sys 0 00:00:16  -  Total Remote Usage
		Usr 0 00:00:00, Sys 0 00:00:00  -  Total Local Usage
	0  -  Run Bytes Sent By Job
	7584148  -  Run Bytes Received By Job
	0  -  Total Bytes Sent By Job
	7584148  -  Total Bytes Received By Job
	Partitionable Resources :    Usage  Request Allocated 
	   Cpus                 :     0.87        4         4 
	   Disk (KB)            : 33445        7500     10585 
	   GPUs                 :                           0 
	   Memory (MB)          :    41       12000     12000 
	   TimeExecute (s)      :  5970                       
	   TimeSlotBusy (s)     :  5971                       

	Job terminated of its own accord at 2025-12-16T16:37:00Z with exit-code 0.
...
