000 (10613549.450.000) 12/16 14:40:45 Job submitted from host: <188.185.71.83:9618?addrs=188.185.71.83-9618+[2001-1458-d00-7--100-34d]-9618&alias=bigbird18.cern.ch&noUDP&sock=schedd_5052_d48c>
...
040 (10613549.450.000) 12/16 15:30:04 Started transferring input files
	Transferring to host: <188.185.206.191:9618?addrs=188.185.206.191-9618+[2001-1458-303-c--100-3c]-9618&alias=b9p06p9541.cern.ch&noUDP&sock=slot1_13_4074_405f_80526>
...
040 (10613549.450.000) 12/16 15:30:04 Finished transferring input files
...
001 (10613549.450.000) 12/16 15:30:04 Job executing on host: <188.185.206.191:9618?addrs=188.185.206.191-9618+[2001-1458-303-c--100-3c]-9618&alias=b9p06p9541.cern.ch&noUDP&sock=startd_3610_bcfb>
	SlotName: slot1_13@b9p06p9541.cern.ch
	CondorScratchDir = "/pool/condor/dir_4159447"
	Cpus = 4
	Disk = 10899
	GPUs = 0
	Memory = 12000
...
006 (10613549.450.000) 12/16 15:30:18 Image size of job updated: 43736
	43  -  MemoryUsage of job (MB)
	43736  -  ResidentSetSize of job (KB)
...
006 (10613549.450.000) 12/16 15:35:19 Image size of job updated: 44104
	43  -  MemoryUsage of job (MB)
	43736  -  ResidentSetSize of job (KB)
...
006 (10613549.450.000) 12/16 17:05:18 Image size of job updated: 124748
	43  -  MemoryUsage of job (MB)
	43736  -  ResidentSetSize of job (KB)
...
040 (10613549.450.000) 12/16 17:05:19 Started transferring output files
...
040 (10613549.450.000) 12/16 17:05:19 Finished transferring output files
...
005 (10613549.450.000) 12/16 17:05:19 Job terminated.
	(1) Normal termination (return value 0)
		Usr 0 01:33:49, Sys 0 00:00:08  -  Run Remote Usage
		Usr 0 00:00:00, Sys 0 00:00:00  -  Run Local Usage
		Usr 0 01:33:49, Sys 0 00:00:08  -  Total Remote Usage
		Usr 0 00:00:00, Sys 0 00:00:00  -  Total Local Usage
	0  -  Run Bytes Sent By Job
	7584148  -  Run Bytes Received By Job
	0  -  Total Bytes Sent By Job
	7584148  -  Total Bytes Received By Job
	Partitionable Resources :    Usage  Request Allocated 
	   Cpus                 :     0.99        4         4 
	   Disk (KB)            : 33177        7500     10899 
	   GPUs                 :                           0 
	   Memory (MB)          :    43       12000     12000 
	   TimeExecute (s)      :  5714                       
	   TimeSlotBusy (s)     :  5715                       

	Job terminated of its own accord at 2025-12-16T16:05:18Z with exit-code 0.
...
