000 (10610889.890.000) 12/16 07:15:01 Job submitted from host: <188.185.71.83:9618?addrs=188.185.71.83-9618+[2001-1458-d00-7--100-34d]-9618&alias=bigbird18.cern.ch&noUDP&sock=schedd_5052_d48c>
...
040 (10610889.890.000) 12/16 14:26:45 Started transferring input files
	Transferring to host: <188.185.212.150:9618?addrs=188.185.212.150-9618+[2001-1458-303-19--100-12]-9618&alias=b9p26p2685.cern.ch&noUDP&sock=slot1_4_4533_a891_26571>
...
040 (10610889.890.000) 12/16 14:26:45 Finished transferring input files
...
001 (10610889.890.000) 12/16 14:26:45 Job executing on host: <188.185.212.150:9618?addrs=188.185.212.150-9618+[2001-1458-303-19--100-12]-9618&alias=b9p26p2685.cern.ch&noUDP&sock=startd_3866_5539>
	SlotName: slot1_4@b9p26p2685.cern.ch
	CondorScratchDir = "/pool/condor/dir_1535037"
	Cpus = 4
	Disk = 11057
	GPUs = 0
	Memory = 12000
...
006 (10610889.890.000) 12/16 14:26:59 Image size of job updated: 37488
	37  -  MemoryUsage of job (MB)
	37488  -  ResidentSetSize of job (KB)
...
006 (10610889.890.000) 12/16 14:32:00 Image size of job updated: 37908
	37  -  MemoryUsage of job (MB)
	37488  -  ResidentSetSize of job (KB)
...
006 (10610889.890.000) 12/16 16:00:14 Image size of job updated: 118440
	37  -  MemoryUsage of job (MB)
	37488  -  ResidentSetSize of job (KB)
...
040 (10610889.890.000) 12/16 16:00:15 Started transferring output files
...
040 (10610889.890.000) 12/16 16:00:15 Finished transferring output files
...
005 (10610889.890.000) 12/16 16:00:15 Job terminated.
	(1) Normal termination (return value 0)
		Usr 0 01:32:29, Sys 0 00:00:05  -  Run Remote Usage
		Usr 0 00:00:00, Sys 0 00:00:00  -  Run Local Usage
		Usr 0 01:32:29, Sys 0 00:00:05  -  Total Remote Usage
		Usr 0 00:00:00, Sys 0 00:00:00  -  Total Local Usage
	0  -  Run Bytes Sent By Job
	7584148  -  Run Bytes Received By Job
	0  -  Total Bytes Sent By Job
	7584148  -  Total Bytes Received By Job
	Partitionable Resources :    Usage  Request Allocated 
	   Cpus                 :     0.99        4         4 
	   Disk (KB)            : 33740        7500     11057 
	   GPUs                 :                           0 
	   Memory (MB)          :    37       12000     12000 
	   TimeExecute (s)      :  5609                       
	   TimeSlotBusy (s)     :  5610                       

	Job terminated of its own accord at 2025-12-16T15:00:14Z with exit-code 0.
...
