000 (10610889.191.000) 12/16 07:15:00 Job submitted from host: <188.185.71.83:9618?addrs=188.185.71.83-9618+[2001-1458-d00-7--100-34d]-9618&alias=bigbird18.cern.ch&noUDP&sock=schedd_5052_d48c>
...
040 (10610889.191.000) 12/16 13:31:15 Started transferring input files
	Transferring to host: <188.185.214.161:9618?addrs=188.185.214.161-9618+[2001-1458-303-1d--100-1d]-9618&alias=b9p30p3631.cern.ch&noUDP&sock=slot1_20_7039_5cb7_92950>
...
040 (10610889.191.000) 12/16 13:31:15 Finished transferring input files
...
001 (10610889.191.000) 12/16 13:31:15 Job executing on host: <188.185.214.161:9618?addrs=188.185.214.161-9618+[2001-1458-303-1d--100-1d]-9618&alias=b9p30p3631.cern.ch&noUDP&sock=startd_6139_6bfe>
	SlotName: slot1_20@b9p30p3631.cern.ch
	CondorScratchDir = "/pool/condor/dir_2497610"
	Cpus = 4
	Disk = 10990
	GPUs = 0
	Memory = 12000
...
006 (10610889.191.000) 12/16 13:31:29 Image size of job updated: 40124
	40  -  MemoryUsage of job (MB)
	40124  -  ResidentSetSize of job (KB)
...
006 (10610889.191.000) 12/16 13:36:31 Image size of job updated: 40212
	40  -  MemoryUsage of job (MB)
	40124  -  ResidentSetSize of job (KB)
...
040 (10610889.191.000) 12/16 14:49:35 Started transferring output files
...
040 (10610889.191.000) 12/16 14:49:36 Finished transferring output files
...
005 (10610889.191.000) 12/16 14:49:36 Job terminated.
	(1) Normal termination (return value 0)
		Usr 0 01:17:26, Sys 0 00:00:09  -  Run Remote Usage
		Usr 0 00:00:00, Sys 0 00:00:00  -  Run Local Usage
		Usr 0 01:17:26, Sys 0 00:00:09  -  Total Remote Usage
		Usr 0 00:00:00, Sys 0 00:00:00  -  Total Local Usage
	0  -  Run Bytes Sent By Job
	7584148  -  Run Bytes Received By Job
	0  -  Total Bytes Sent By Job
	7584148  -  Total Bytes Received By Job
	Partitionable Resources :    Usage  Request Allocated 
	   Cpus                 :     0.99        4         4 
	   Disk (KB)            : 32828        7500     10990 
	   GPUs                 :                           0 
	   Memory (MB)          :    40       12000     12000 
	   TimeExecute (s)      :  4700                       
	   TimeSlotBusy (s)     :  4702                       

	Job terminated of its own accord at 2025-12-16T13:49:35Z with exit-code 0.
...
