000 (10610887.025.000) 12/16 07:14:31 Job submitted from host: <188.185.71.83:9618?addrs=188.185.71.83-9618+[2001-1458-d00-7--100-34d]-9618&alias=bigbird18.cern.ch&noUDP&sock=schedd_5052_d48c>
...
040 (10610887.025.000) 12/16 07:20:26 Started transferring input files
	Transferring to host: <188.185.207.40:9618?addrs=188.185.207.40-9618+[2001-1458-303-d--100-25]-9618&alias=b9p07p2176.cern.ch&noUDP&sock=slot1_12_10682_2f6b_84821>
...
040 (10610887.025.000) 12/16 07:20:26 Finished transferring input files
...
001 (10610887.025.000) 12/16 07:20:26 Job executing on host: <188.185.207.40:9618?addrs=188.185.207.40-9618+[2001-1458-303-d--100-25]-9618&alias=b9p07p2176.cern.ch&noUDP&sock=startd_10142_259b>
	SlotName: slot1_12@b9p07p2176.cern.ch
	CondorScratchDir = "/pool/condor/dir_3731789"
	Cpus = 4
	Disk = 10778
	GPUs = 0
	Memory = 12000
...
006 (10610887.025.000) 12/16 07:20:40 Image size of job updated: 37644
	37  -  MemoryUsage of job (MB)
	37644  -  ResidentSetSize of job (KB)
...
006 (10610887.025.000) 12/16 07:25:41 Image size of job updated: 38048
	37  -  MemoryUsage of job (MB)
	37644  -  ResidentSetSize of job (KB)
...
006 (10610887.025.000) 12/16 08:54:58 Image size of job updated: 118664
	37  -  MemoryUsage of job (MB)
	37644  -  ResidentSetSize of job (KB)
...
040 (10610887.025.000) 12/16 08:54:59 Started transferring output files
...
040 (10610887.025.000) 12/16 08:54:59 Finished transferring output files
...
005 (10610887.025.000) 12/16 08:54:59 Job terminated.
	(1) Normal termination (return value 0)
		Usr 0 01:32:57, Sys 0 00:00:11  -  Run Remote Usage
		Usr 0 00:00:00, Sys 0 00:00:00  -  Run Local Usage
		Usr 0 01:32:57, Sys 0 00:00:11  -  Total Remote Usage
		Usr 0 00:00:00, Sys 0 00:00:00  -  Total Local Usage
	0  -  Run Bytes Sent By Job
	7584148  -  Run Bytes Received By Job
	0  -  Total Bytes Sent By Job
	7584148  -  Total Bytes Received By Job
	Partitionable Resources :    Usage  Request Allocated 
	   Cpus                 :     0.99        4         4 
	   Disk (KB)            : 33383        7500     10778 
	   GPUs                 :                           0 
	   Memory (MB)          :    37       12000     12000 
	   TimeExecute (s)      :  5672                       
	   TimeSlotBusy (s)     :  5673                       

	Job terminated of its own accord at 2025-12-16T07:54:58Z with exit-code 0.
...
