000 (10613550.603.000) 12/16 14:40:59 Job submitted from host: <188.185.71.83:9618?addrs=188.185.71.83-9618+[2001-1458-d00-7--100-34d]-9618&alias=bigbird18.cern.ch&noUDP&sock=schedd_5052_d48c>
...
040 (10613550.603.000) 12/16 16:43:23 Started transferring input files
	Transferring to host: <188.185.210.205:9618?addrs=188.185.210.205-9618+[2001-1458-303-15--100-49]-9618&alias=b9p22p3542.cern.ch&noUDP&sock=slot1_17_5966_562c_93690>
...
040 (10613550.603.000) 12/16 16:43:23 Finished transferring input files
...
001 (10613550.603.000) 12/16 16:43:23 Job executing on host: <188.185.210.205:9618?addrs=188.185.210.205-9618+[2001-1458-303-15--100-49]-9618&alias=b9p22p3542.cern.ch&noUDP&sock=startd_5118_19cc>
	SlotName: slot1_17@b9p22p3542.cern.ch
	CondorScratchDir = "/pool/condor/dir_3886380"
	Cpus = 4
	Disk = 11073
	GPUs = 0
	Memory = 12000
...
006 (10613550.603.000) 12/16 16:43:37 Image size of job updated: 40080
	40  -  MemoryUsage of job (MB)
	40080  -  ResidentSetSize of job (KB)
...
006 (10613550.603.000) 12/16 16:48:38 Image size of job updated: 40504
	40  -  MemoryUsage of job (MB)
	40080  -  ResidentSetSize of job (KB)
...
040 (10613550.603.000) 12/16 18:00:43 Started transferring output files
...
040 (10613550.603.000) 12/16 18:00:43 Finished transferring output files
...
005 (10613550.603.000) 12/16 18:00:43 Job terminated.
	(1) Normal termination (return value 0)
		Usr 0 01:16:28, Sys 0 00:00:08  -  Run Remote Usage
		Usr 0 00:00:00, Sys 0 00:00:00  -  Run Local Usage
		Usr 0 01:16:28, Sys 0 00:00:08  -  Total Remote Usage
		Usr 0 00:00:00, Sys 0 00:00:00  -  Total Local Usage
	0  -  Run Bytes Sent By Job
	7584148  -  Run Bytes Received By Job
	0  -  Total Bytes Sent By Job
	7584148  -  Total Bytes Received By Job
	Partitionable Resources :    Usage  Request Allocated 
	   Cpus                 :     0.99        4         4 
	   Disk (KB)            : 32502        7500     11073 
	   GPUs                 :                           0 
	   Memory (MB)          :    40       12000     12000 
	   TimeExecute (s)      :  4639                       
	   TimeSlotBusy (s)     :  4640                       

	Job terminated of its own accord at 2025-12-16T17:00:42Z with exit-code 0.
...
