000 (10610889.556.000) 12/16 07:15:00 Job submitted from host: <188.185.71.83:9618?addrs=188.185.71.83-9618+[2001-1458-d00-7--100-34d]-9618&alias=bigbird18.cern.ch&noUDP&sock=schedd_5052_d48c>
...
040 (10610889.556.000) 12/16 14:13:50 Started transferring input files
	Transferring to host: <188.185.192.62:9618?addrs=188.185.192.62-9618+[2001-1458-303-1f--100-3a]-9618&alias=b9p13p5310.cern.ch&noUDP&sock=slot1_22_11615_9171_87829>
...
040 (10610889.556.000) 12/16 14:13:50 Finished transferring input files
...
001 (10610889.556.000) 12/16 14:13:50 Job executing on host: <188.185.192.62:9618?addrs=188.185.192.62-9618+[2001-1458-303-1f--100-3a]-9618&alias=b9p13p5310.cern.ch&noUDP&sock=startd_10026_949e>
	SlotName: slot1_22@b9p13p5310.cern.ch
	CondorScratchDir = "/pool/condor/dir_3229032"
	Cpus = 4
	Disk = 10992
	GPUs = 0
	Memory = 12000
...
006 (10610889.556.000) 12/16 14:14:04 Image size of job updated: 39984
	40  -  MemoryUsage of job (MB)
	39984  -  ResidentSetSize of job (KB)
...
006 (10610889.556.000) 12/16 14:19:05 Image size of job updated: 40404
	40  -  MemoryUsage of job (MB)
	39984  -  ResidentSetSize of job (KB)
...
006 (10610889.556.000) 12/16 16:33:45 Image size of job updated: 96616
	40  -  MemoryUsage of job (MB)
	39984  -  ResidentSetSize of job (KB)
...
040 (10610889.556.000) 12/16 16:33:46 Started transferring output files
...
040 (10610889.556.000) 12/16 16:33:46 Finished transferring output files
...
005 (10610889.556.000) 12/16 16:33:47 Job terminated.
	(1) Normal termination (return value 0)
		Usr 0 02:18:50, Sys 0 00:00:06  -  Run Remote Usage
		Usr 0 00:00:00, Sys 0 00:00:00  -  Run Local Usage
		Usr 0 02:18:50, Sys 0 00:00:06  -  Total Remote Usage
		Usr 0 00:00:00, Sys 0 00:00:00  -  Total Local Usage
	0  -  Run Bytes Sent By Job
	7584148  -  Run Bytes Received By Job
	0  -  Total Bytes Sent By Job
	7584148  -  Total Bytes Received By Job
	Partitionable Resources :    Usage  Request Allocated 
	   Cpus                 :     0.99        4         4 
	   Disk (KB)            : 32779        7500     10992 
	   GPUs                 :                           0 
	   Memory (MB)          :    40       12000     12000 
	   TimeExecute (s)      :  8395                       
	   TimeSlotBusy (s)     :  8396                       

	Job terminated of its own accord at 2025-12-16T15:33:45Z with exit-code 0.
...
