000 (10610887.182.000) 12/16 07:14:31 Job submitted from host: <188.185.71.83:9618?addrs=188.185.71.83-9618+[2001-1458-d00-7--100-34d]-9618&alias=bigbird18.cern.ch&noUDP&sock=schedd_5052_d48c>
...
040 (10610887.182.000) 12/16 07:44:49 Started transferring input files
	Transferring to host: <188.185.211.181:9618?addrs=188.185.211.181-9618+[2001-1458-303-17--100-31]-9618&alias=b9p24p2647.cern.ch&noUDP&sock=slot1_4_5468_7357_90618>
...
040 (10610887.182.000) 12/16 07:44:49 Finished transferring input files
...
001 (10610887.182.000) 12/16 07:44:49 Job executing on host: <188.185.211.181:9618?addrs=188.185.211.181-9618+[2001-1458-303-17--100-31]-9618&alias=b9p24p2647.cern.ch&noUDP&sock=startd_4420_54b1>
	SlotName: slot1_4@b9p24p2647.cern.ch
	CondorScratchDir = "/pool/condor/dir_673183"
	Cpus = 4
	Disk = 10958
	GPUs = 0
	Memory = 12000
...
006 (10610887.182.000) 12/16 07:45:03 Image size of job updated: 25328
	25  -  MemoryUsage of job (MB)
	25328  -  ResidentSetSize of job (KB)
...
006 (10610887.182.000) 12/16 07:50:04 Image size of job updated: 25748
	25  -  MemoryUsage of job (MB)
	25328  -  ResidentSetSize of job (KB)
...
006 (10610887.182.000) 12/16 09:17:27 Image size of job updated: 117160
	25  -  MemoryUsage of job (MB)
	25328  -  ResidentSetSize of job (KB)
...
040 (10610887.182.000) 12/16 09:17:28 Started transferring output files
...
040 (10610887.182.000) 12/16 09:17:28 Finished transferring output files
...
005 (10610887.182.000) 12/16 09:17:28 Job terminated.
	(1) Normal termination (return value 0)
		Usr 0 01:31:16, Sys 0 00:00:11  -  Run Remote Usage
		Usr 0 00:00:00, Sys 0 00:00:00  -  Run Local Usage
		Usr 0 01:31:16, Sys 0 00:00:11  -  Total Remote Usage
		Usr 0 00:00:00, Sys 0 00:00:00  -  Total Local Usage
	0  -  Run Bytes Sent By Job
	7584148  -  Run Bytes Received By Job
	0  -  Total Bytes Sent By Job
	7584148  -  Total Bytes Received By Job
	Partitionable Resources :    Usage  Request Allocated 
	   Cpus                 :     0.99        4         4 
	   Disk (KB)            : 33334        7500     10958 
	   GPUs                 :                           0 
	   Memory (MB)          :    25       12000     12000 
	   TimeExecute (s)      :  5558                       
	   TimeSlotBusy (s)     :  5559                       

	Job terminated of its own accord at 2025-12-16T08:17:27Z with exit-code 0.
...
