000 (10610887.763.000) 12/16 07:14:31 Job submitted from host: <188.185.71.83:9618?addrs=188.185.71.83-9618+[2001-1458-d00-7--100-34d]-9618&alias=bigbird18.cern.ch&noUDP&sock=schedd_5052_d48c>
...
040 (10610887.763.000) 12/16 07:55:29 Started transferring input files
	Transferring to host: <188.185.194.98:9618?addrs=188.185.194.98-9618+[2001-1458-303-21--100-5e]-9618&alias=b9p20p1491.cern.ch&noUDP&sock=slot1_17_7848_6038_81740>
...
040 (10610887.763.000) 12/16 07:55:29 Finished transferring input files
...
001 (10610887.763.000) 12/16 07:55:29 Job executing on host: <188.185.194.98:9618?addrs=188.185.194.98-9618+[2001-1458-303-21--100-5e]-9618&alias=b9p20p1491.cern.ch&noUDP&sock=startd_6526_df25>
	SlotName: slot1_17@b9p20p1491.cern.ch
	CondorScratchDir = "/pool/condor/dir_3049760"
	Cpus = 4
	Disk = 11008
	GPUs = 0
	Memory = 12000
...
006 (10610887.763.000) 12/16 07:55:43 Image size of job updated: 40040
	40  -  MemoryUsage of job (MB)
	40040  -  ResidentSetSize of job (KB)
...
006 (10610887.763.000) 12/16 08:00:44 Image size of job updated: 40132
	40  -  MemoryUsage of job (MB)
	40040  -  ResidentSetSize of job (KB)
...
040 (10610887.763.000) 12/16 09:56:46 Started transferring output files
...
040 (10610887.763.000) 12/16 09:56:46 Finished transferring output files
...
005 (10610887.763.000) 12/16 09:56:46 Job terminated.
	(1) Normal termination (return value 0)
		Usr 0 02:00:10, Sys 0 00:00:07  -  Run Remote Usage
		Usr 0 00:00:00, Sys 0 00:00:00  -  Run Local Usage
		Usr 0 02:00:10, Sys 0 00:00:07  -  Total Remote Usage
		Usr 0 00:00:00, Sys 0 00:00:00  -  Total Local Usage
	0  -  Run Bytes Sent By Job
	7584148  -  Run Bytes Received By Job
	0  -  Total Bytes Sent By Job
	7584148  -  Total Bytes Received By Job
	Partitionable Resources :    Usage  Request Allocated 
	   Cpus                 :     1.00        4         4 
	   Disk (KB)            : 33083        7500     11008 
	   GPUs                 :                           0 
	   Memory (MB)          :    40       12000     12000 
	   TimeExecute (s)      :  7276                       
	   TimeSlotBusy (s)     :  7277                       

	Job terminated of its own accord at 2025-12-16T08:56:45Z with exit-code 0.
...
