000 (10610889.782.000) 12/16 07:15:01 Job submitted from host: <188.185.71.83:9618?addrs=188.185.71.83-9618+[2001-1458-d00-7--100-34d]-9618&alias=bigbird18.cern.ch&noUDP&sock=schedd_5052_d48c>
...
040 (10610889.782.000) 12/16 14:26:09 Started transferring input files
	Transferring to host: <188.185.215.156:9618?addrs=188.185.215.156-9618+[2001-1458-303-26--100-18]-9618&alias=b9p18p6886.cern.ch&noUDP&sock=slot1_10_5288_9fd0_85733>
...
040 (10610889.782.000) 12/16 14:26:09 Finished transferring input files
...
001 (10610889.782.000) 12/16 14:26:09 Job executing on host: <188.185.215.156:9618?addrs=188.185.215.156-9618+[2001-1458-303-26--100-18]-9618&alias=b9p18p6886.cern.ch&noUDP&sock=startd_4164_bc72>
	SlotName: slot1_10@b9p18p6886.cern.ch
	CondorScratchDir = "/pool/condor/dir_2208711"
	Cpus = 4
	Disk = 11124
	GPUs = 0
	Memory = 12000
...
006 (10610889.782.000) 12/16 14:26:24 Image size of job updated: 40112
	40  -  MemoryUsage of job (MB)
	40112  -  ResidentSetSize of job (KB)
...
006 (10610889.782.000) 12/16 14:31:25 Image size of job updated: 40204
	40  -  MemoryUsage of job (MB)
	40112  -  ResidentSetSize of job (KB)
...
040 (10610889.782.000) 12/16 16:44:02 Started transferring output files
...
040 (10610889.782.000) 12/16 16:44:02 Finished transferring output files
...
005 (10610889.782.000) 12/16 16:44:02 Job terminated.
	(1) Normal termination (return value 0)
		Usr 0 02:16:05, Sys 0 00:00:15  -  Run Remote Usage
		Usr 0 00:00:00, Sys 0 00:00:00  -  Run Local Usage
		Usr 0 02:16:05, Sys 0 00:00:15  -  Total Remote Usage
		Usr 0 00:00:00, Sys 0 00:00:00  -  Total Local Usage
	0  -  Run Bytes Sent By Job
	7584148  -  Run Bytes Received By Job
	0  -  Total Bytes Sent By Job
	7584148  -  Total Bytes Received By Job
	Partitionable Resources :    Usage  Request Allocated 
	   Cpus                 :     0.99        4         4 
	   Disk (KB)            : 32267        7500     11124 
	   GPUs                 :                           0 
	   Memory (MB)          :    40       12000     12000 
	   TimeExecute (s)      :  8272                       
	   TimeSlotBusy (s)     :  8273                       

	Job terminated of its own accord at 2025-12-16T15:44:01Z with exit-code 0.
...
