000 (10610888.182.000) 12/16 07:14:44 Job submitted from host: <188.185.71.83:9618?addrs=188.185.71.83-9618+[2001-1458-d00-7--100-34d]-9618&alias=bigbird18.cern.ch&noUDP&sock=schedd_5052_d48c>
...
040 (10610888.182.000) 12/16 09:03:06 Started transferring input files
	Transferring to host: <188.185.214.86:9618?addrs=188.185.214.86-9618+[2001-1458-303-1c--100-52]-9618&alias=b9p29p2890.cern.ch&noUDP&sock=slot1_12_4378_726b_95486>
...
040 (10610888.182.000) 12/16 09:03:06 Finished transferring input files
...
001 (10610888.182.000) 12/16 09:03:06 Job executing on host: <188.185.214.86:9618?addrs=188.185.214.86-9618+[2001-1458-303-1c--100-52]-9618&alias=b9p29p2890.cern.ch&noUDP&sock=startd_3749_14a5>
	SlotName: slot1_12@b9p29p2890.cern.ch
	CondorScratchDir = "/pool/condor/dir_2536266"
	Cpus = 4
	Disk = 11199
	GPUs = 0
	Memory = 12000
...
006 (10610888.182.000) 12/16 09:03:20 Image size of job updated: 40056
	40  -  MemoryUsage of job (MB)
	40056  -  ResidentSetSize of job (KB)
...
006 (10610888.182.000) 12/16 09:08:21 Image size of job updated: 40476
	40  -  MemoryUsage of job (MB)
	40056  -  ResidentSetSize of job (KB)
...
040 (10610888.182.000) 12/16 10:36:07 Started transferring output files
...
040 (10610888.182.000) 12/16 10:36:08 Finished transferring output files
...
005 (10610888.182.000) 12/16 10:36:08 Job terminated.
	(1) Normal termination (return value 0)
		Usr 0 01:31:39, Sys 0 00:00:11  -  Run Remote Usage
		Usr 0 00:00:00, Sys 0 00:00:00  -  Run Local Usage
		Usr 0 01:31:39, Sys 0 00:00:11  -  Total Remote Usage
		Usr 0 00:00:00, Sys 0 00:00:00  -  Total Local Usage
	0  -  Run Bytes Sent By Job
	7584148  -  Run Bytes Received By Job
	0  -  Total Bytes Sent By Job
	7584148  -  Total Bytes Received By Job
	Partitionable Resources :    Usage  Request Allocated 
	   Cpus                 :     0.99        4         4 
	   Disk (KB)            : 33341        7500     11199 
	   GPUs                 :                           0 
	   Memory (MB)          :    40       12000     12000 
	   TimeExecute (s)      :  5581                       
	   TimeSlotBusy (s)     :  5582                       

	Job terminated of its own accord at 2025-12-16T09:36:07Z with exit-code 0.
...
