000 (10610888.436.000) 12/16 07:14:44 Job submitted from host: <188.185.71.83:9618?addrs=188.185.71.83-9618+[2001-1458-d00-7--100-34d]-9618&alias=bigbird18.cern.ch&noUDP&sock=schedd_5052_d48c>
...
040 (10610888.436.000) 12/16 09:24:39 Started transferring input files
	Transferring to host: <188.185.205.174:9618?addrs=188.185.205.174-9618+[2001-1458-303-a--100-2b]-9618&alias=b9p04p6534.cern.ch&noUDP&sock=slot1_4_4273_7707_85228>
...
040 (10610888.436.000) 12/16 09:24:39 Finished transferring input files
...
001 (10610888.436.000) 12/16 09:24:39 Job executing on host: <188.185.205.174:9618?addrs=188.185.205.174-9618+[2001-1458-303-a--100-2b]-9618&alias=b9p04p6534.cern.ch&noUDP&sock=startd_3843_8e8c>
	SlotName: slot1_4@b9p04p6534.cern.ch
	CondorScratchDir = "/pool/condor/dir_959429"
	Cpus = 4
	Disk = 10644
	GPUs = 0
	Memory = 12000
...
006 (10610888.436.000) 12/16 09:24:53 Image size of job updated: 42212
	42  -  MemoryUsage of job (MB)
	42212  -  ResidentSetSize of job (KB)
...
006 (10610888.436.000) 12/16 09:29:54 Image size of job updated: 42620
	42  -  MemoryUsage of job (MB)
	42212  -  ResidentSetSize of job (KB)
...
006 (10610888.436.000) 12/16 11:01:58 Image size of job updated: 123224
	42  -  MemoryUsage of job (MB)
	42212  -  ResidentSetSize of job (KB)
...
040 (10610888.436.000) 12/16 11:01:59 Started transferring output files
...
040 (10610888.436.000) 12/16 11:01:59 Finished transferring output files
...
005 (10610888.436.000) 12/16 11:01:59 Job terminated.
	(1) Normal termination (return value 0)
		Usr 0 01:34:50, Sys 0 00:00:13  -  Run Remote Usage
		Usr 0 00:00:00, Sys 0 00:00:00  -  Run Local Usage
		Usr 0 01:34:50, Sys 0 00:00:13  -  Total Remote Usage
		Usr 0 00:00:00, Sys 0 00:00:00  -  Total Local Usage
	0  -  Run Bytes Sent By Job
	7584148  -  Run Bytes Received By Job
	0  -  Total Bytes Sent By Job
	7584148  -  Total Bytes Received By Job
	Partitionable Resources :    Usage  Request Allocated 
	   Cpus                 :     0.98        4         4 
	   Disk (KB)            : 33665        7500     10644 
	   GPUs                 :                           0 
	   Memory (MB)          :    42       12000     12000 
	   TimeExecute (s)      :  5839                       
	   TimeSlotBusy (s)     :  5841                       

	Job terminated of its own accord at 2025-12-16T10:01:58Z with exit-code 0.
...
