000 (10613550.528.000) 12/16 14:40:59 Job submitted from host: <188.185.71.83:9618?addrs=188.185.71.83-9618+[2001-1458-d00-7--100-34d]-9618&alias=bigbird18.cern.ch&noUDP&sock=schedd_5052_d48c>
...
040 (10613550.528.000) 12/16 16:21:10 Started transferring input files
	Transferring to host: <128.142.192.180:9618?addrs=128.142.192.180-9618+[2001-1458-301-56--100-30]-9618&alias=b9g18p8490.cern.ch&noUDP&sock=slot1_5_3446_c4c5_92920>
...
040 (10613550.528.000) 12/16 16:21:10 Finished transferring input files
...
001 (10613550.528.000) 12/16 16:21:10 Job executing on host: <128.142.192.180:9618?addrs=128.142.192.180-9618+[2001-1458-301-56--100-30]-9618&alias=b9g18p8490.cern.ch&noUDP&sock=startd_2931_002c>
	SlotName: slot1_5@b9g18p8490.cern.ch
	CondorScratchDir = "/pool/condor/dir_1076181"
	Cpus = 4
	Disk = 10968
	GPUs = 0
	Memory = 12000
...
006 (10613550.528.000) 12/16 16:21:24 Image size of job updated: 39392
	39  -  MemoryUsage of job (MB)
	39392  -  ResidentSetSize of job (KB)
...
006 (10613550.528.000) 12/16 16:26:25 Image size of job updated: 39484
	39  -  MemoryUsage of job (MB)
	39392  -  ResidentSetSize of job (KB)
...
006 (10613550.528.000) 12/16 18:14:16 Image size of job updated: 120080
	39  -  MemoryUsage of job (MB)
	39392  -  ResidentSetSize of job (KB)
...
040 (10613550.528.000) 12/16 18:14:17 Started transferring output files
...
040 (10613550.528.000) 12/16 18:14:17 Finished transferring output files
...
005 (10613550.528.000) 12/16 18:14:17 Job terminated.
	(1) Normal termination (return value 0)
		Usr 0 01:51:52, Sys 0 00:00:06  -  Run Remote Usage
		Usr 0 00:00:00, Sys 0 00:00:00  -  Run Local Usage
		Usr 0 01:51:52, Sys 0 00:00:06  -  Total Remote Usage
		Usr 0 00:00:00, Sys 0 00:00:00  -  Total Local Usage
	0  -  Run Bytes Sent By Job
	7584148  -  Run Bytes Received By Job
	0  -  Total Bytes Sent By Job
	7584148  -  Total Bytes Received By Job
	Partitionable Resources :    Usage  Request Allocated 
	   Cpus                 :     0.99        4         4 
	   Disk (KB)            : 33118        7500     10968 
	   GPUs                 :                           0 
	   Memory (MB)          :    39       12000     12000 
	   TimeExecute (s)      :  6786                       
	   TimeSlotBusy (s)     :  6787                       

	Job terminated of its own accord at 2025-12-16T17:14:16Z with exit-code 0.
...
