000 (10610889.420.000) 12/16 07:15:00 Job submitted from host: <188.185.71.83:9618?addrs=188.185.71.83-9618+[2001-1458-d00-7--100-34d]-9618&alias=bigbird18.cern.ch&noUDP&sock=schedd_5052_d48c>
...
040 (10610889.420.000) 12/16 14:09:01 Started transferring input files
	Transferring to host: <188.185.213.53:9618?addrs=188.185.213.53-9618+[2001-1458-303-1a--100-31]-9618&alias=b9p27p4705.cern.ch&noUDP&sock=slot1_17_7074_05d9_87495>
...
040 (10610889.420.000) 12/16 14:09:01 Finished transferring input files
...
001 (10610889.420.000) 12/16 14:09:01 Job executing on host: <188.185.213.53:9618?addrs=188.185.213.53-9618+[2001-1458-303-1a--100-31]-9618&alias=b9p27p4705.cern.ch&noUDP&sock=startd_6228_77ec>
	SlotName: slot1_17@b9p27p4705.cern.ch
	CondorScratchDir = "/pool/condor/dir_2438367"
	Cpus = 4
	Disk = 10952
	GPUs = 0
	Memory = 12000
...
006 (10610889.420.000) 12/16 14:09:15 Image size of job updated: 41572
	41  -  MemoryUsage of job (MB)
	41572  -  ResidentSetSize of job (KB)
...
006 (10610889.420.000) 12/16 14:14:16 Image size of job updated: 41992
	41  -  MemoryUsage of job (MB)
	41572  -  ResidentSetSize of job (KB)
...
006 (10610889.420.000) 12/16 15:31:50 Image size of job updated: 122524
	41  -  MemoryUsage of job (MB)
	41572  -  ResidentSetSize of job (KB)
...
040 (10610889.420.000) 12/16 15:31:50 Started transferring output files
...
040 (10610889.420.000) 12/16 15:31:51 Finished transferring output files
...
005 (10610889.420.000) 12/16 15:31:51 Job terminated.
	(1) Normal termination (return value 0)
		Usr 0 01:21:41, Sys 0 00:00:09  -  Run Remote Usage
		Usr 0 00:00:00, Sys 0 00:00:00  -  Run Local Usage
		Usr 0 01:21:41, Sys 0 00:00:09  -  Total Remote Usage
		Usr 0 00:00:00, Sys 0 00:00:00  -  Total Local Usage
	0  -  Run Bytes Sent By Job
	7584148  -  Run Bytes Received By Job
	0  -  Total Bytes Sent By Job
	7584148  -  Total Bytes Received By Job
	Partitionable Resources :    Usage  Request Allocated 
	   Cpus                 :     0.99        4         4 
	   Disk (KB)            : 32439        7500     10952 
	   GPUs                 :                           0 
	   Memory (MB)          :    41       12000     12000 
	   TimeExecute (s)      :  4969                       
	   TimeSlotBusy (s)     :  4970                       

	Job terminated of its own accord at 2025-12-16T14:31:50Z with exit-code 0.
...
