000 (10610889.718.000) 12/16 07:15:01 Job submitted from host: <188.185.71.83:9618?addrs=188.185.71.83-9618+[2001-1458-d00-7--100-34d]-9618&alias=bigbird18.cern.ch&noUDP&sock=schedd_5052_d48c>
...
040 (10610889.718.000) 12/16 14:25:48 Started transferring input files
	Transferring to host: <188.185.210.191:9618?addrs=188.185.210.191-9618+[2001-1458-303-15--100-3b]-9618&alias=b9p22p9807.cern.ch&noUDP&sock=slot1_9_4466_736f_109608>
...
040 (10610889.718.000) 12/16 14:25:48 Finished transferring input files
...
001 (10610889.718.000) 12/16 14:25:48 Job executing on host: <188.185.210.191:9618?addrs=188.185.210.191-9618+[2001-1458-303-15--100-3b]-9618&alias=b9p22p9807.cern.ch&noUDP&sock=startd_3786_75a6>
	SlotName: slot1_9@b9p22p9807.cern.ch
	CondorScratchDir = "/pool/condor/dir_1581498"
	Cpus = 4
	Disk = 10991
	GPUs = 0
	Memory = 12000
...
006 (10610889.718.000) 12/16 14:26:02 Image size of job updated: 41612
	41  -  MemoryUsage of job (MB)
	41612  -  ResidentSetSize of job (KB)
...
006 (10610889.718.000) 12/16 14:31:03 Image size of job updated: 42032
	41  -  MemoryUsage of job (MB)
	41612  -  ResidentSetSize of job (KB)
...
006 (10610889.718.000) 12/16 15:21:08 Image size of job updated: 47308
	47  -  MemoryUsage of job (MB)
	47308  -  ResidentSetSize of job (KB)
...
006 (10610889.718.000) 12/16 15:41:32 Image size of job updated: 94420
	47  -  MemoryUsage of job (MB)
	47308  -  ResidentSetSize of job (KB)
...
040 (10610889.718.000) 12/16 15:41:33 Started transferring output files
...
040 (10610889.718.000) 12/16 15:41:33 Finished transferring output files
...
005 (10610889.718.000) 12/16 15:41:33 Job terminated.
	(1) Normal termination (return value 0)
		Usr 0 01:15:02, Sys 0 00:00:04  -  Run Remote Usage
		Usr 0 00:00:00, Sys 0 00:00:00  -  Run Local Usage
		Usr 0 01:15:02, Sys 0 00:00:04  -  Total Remote Usage
		Usr 0 00:00:00, Sys 0 00:00:00  -  Total Local Usage
	0  -  Run Bytes Sent By Job
	7584148  -  Run Bytes Received By Job
	0  -  Total Bytes Sent By Job
	7584148  -  Total Bytes Received By Job
	Partitionable Resources :    Usage  Request Allocated 
	   Cpus                 :     0.99        4         4 
	   Disk (KB)            : 34145        7500     10991 
	   GPUs                 :                           0 
	   Memory (MB)          :    47       12000     12000 
	   TimeExecute (s)      :  4544                       
	   TimeSlotBusy (s)     :  4545                       

	Job terminated of its own accord at 2025-12-16T14:41:32Z with exit-code 0.
...
