000 (10610889.973.000) 12/16 07:15:01 Job submitted from host: <188.185.71.83:9618?addrs=188.185.71.83-9618+[2001-1458-d00-7--100-34d]-9618&alias=bigbird18.cern.ch&noUDP&sock=schedd_5052_d48c>
...
040 (10610889.973.000) 12/16 14:27:13 Started transferring input files
	Transferring to host: <188.185.214.101:9618?addrs=188.185.214.101-9618+[2001-1458-303-1c--100-61]-9618&alias=b9p29p8988.cern.ch&noUDP&sock=slot1_4_7365_0f05_108386>
...
040 (10610889.973.000) 12/16 14:27:13 Finished transferring input files
...
001 (10610889.973.000) 12/16 14:27:13 Job executing on host: <188.185.214.101:9618?addrs=188.185.214.101-9618+[2001-1458-303-1c--100-61]-9618&alias=b9p29p8988.cern.ch&noUDP&sock=startd_6360_026c>
	SlotName: slot1_4@b9p29p8988.cern.ch
	CondorScratchDir = "/pool/condor/dir_131917"
	Cpus = 4
	Disk = 10969
	GPUs = 0
	Memory = 12000
...
006 (10610889.973.000) 12/16 14:27:26 Image size of job updated: 37532
	37  -  MemoryUsage of job (MB)
	37532  -  ResidentSetSize of job (KB)
...
006 (10610889.973.000) 12/16 14:32:26 Image size of job updated: 37952
	37  -  MemoryUsage of job (MB)
	37532  -  ResidentSetSize of job (KB)
...
040 (10610889.973.000) 12/16 15:49:30 Started transferring output files
...
040 (10610889.973.000) 12/16 15:49:30 Finished transferring output files
...
005 (10610889.973.000) 12/16 15:49:30 Job terminated.
	(1) Normal termination (return value 0)
		Usr 0 01:21:18, Sys 0 00:00:06  -  Run Remote Usage
		Usr 0 00:00:00, Sys 0 00:00:00  -  Run Local Usage
		Usr 0 01:21:18, Sys 0 00:00:06  -  Total Remote Usage
		Usr 0 00:00:00, Sys 0 00:00:00  -  Total Local Usage
	0  -  Run Bytes Sent By Job
	7584148  -  Run Bytes Received By Job
	0  -  Total Bytes Sent By Job
	7584148  -  Total Bytes Received By Job
	Partitionable Resources :    Usage  Request Allocated 
	   Cpus                 :     0.99        4         4 
	   Disk (KB)            : 32847        7500     10969 
	   GPUs                 :                           0 
	   Memory (MB)          :    37       12000     12000 
	   TimeExecute (s)      :  4936                       
	   TimeSlotBusy (s)     :  4937                       

	Job terminated of its own accord at 2025-12-16T14:49:29Z with exit-code 0.
...
