000 (10613550.087.000) 12/16 14:40:58 Job submitted from host: <188.185.71.83:9618?addrs=188.185.71.83-9618+[2001-1458-d00-7--100-34d]-9618&alias=bigbird18.cern.ch&noUDP&sock=schedd_5052_d48c>
...
040 (10613550.087.000) 12/16 15:35:45 Started transferring input files
	Transferring to host: <128.142.161.102:9618?addrs=128.142.161.102-9618+[2001-1458-301-b8--100-24]-9618&alias=b9g03p0525.cern.ch&noUDP&sock=slot1_6_3458683_cf7f_68553>
...
040 (10613550.087.000) 12/16 15:35:45 Finished transferring input files
...
001 (10613550.087.000) 12/16 15:35:45 Job executing on host: <128.142.161.102:9618?addrs=128.142.161.102-9618+[2001-1458-301-b8--100-24]-9618&alias=b9g03p0525.cern.ch&noUDP&sock=startd_4457_b5b2>
	SlotName: slot1_6@b9g03p0525.cern.ch
	CondorScratchDir = "/pool/condor/dir_827191"
	Cpus = 4
	Disk = 11131
	GPUs = 0
	Memory = 12000
...
006 (10613550.087.000) 12/16 15:35:59 Image size of job updated: 35572
	35  -  MemoryUsage of job (MB)
	35572  -  ResidentSetSize of job (KB)
...
006 (10613550.087.000) 12/16 15:41:00 Image size of job updated: 35992
	35  -  MemoryUsage of job (MB)
	35572  -  ResidentSetSize of job (KB)
...
006 (10613550.087.000) 12/16 17:19:52 Image size of job updated: 116608
	35  -  MemoryUsage of job (MB)
	35572  -  ResidentSetSize of job (KB)
...
040 (10613550.087.000) 12/16 17:19:53 Started transferring output files
...
040 (10613550.087.000) 12/16 17:19:53 Finished transferring output files
...
005 (10613550.087.000) 12/16 17:19:53 Job terminated.
	(1) Normal termination (return value 0)
		Usr 0 01:43:02, Sys 0 00:00:04  -  Run Remote Usage
		Usr 0 00:00:00, Sys 0 00:00:00  -  Run Local Usage
		Usr 0 01:43:02, Sys 0 00:00:04  -  Total Remote Usage
		Usr 0 00:00:00, Sys 0 00:00:00  -  Total Local Usage
	0  -  Run Bytes Sent By Job
	7584148  -  Run Bytes Received By Job
	0  -  Total Bytes Sent By Job
	7584148  -  Total Bytes Received By Job
	Partitionable Resources :    Usage  Request Allocated 
	   Cpus                 :     0.99        4         4 
	   Disk (KB)            : 33149        7500     11131 
	   GPUs                 :                           0 
	   Memory (MB)          :    35       12000     12000 
	   TimeExecute (s)      :  6247                       
	   TimeSlotBusy (s)     :  6248                       

	Job terminated of its own accord at 2025-12-16T16:19:52Z with exit-code 0.
...
