000 (10613549.904.000) 12/16 14:40:45 Job submitted from host: <188.185.71.83:9618?addrs=188.185.71.83-9618+[2001-1458-d00-7--100-34d]-9618&alias=bigbird18.cern.ch&noUDP&sock=schedd_5052_d48c>
...
040 (10613549.904.000) 12/16 15:34:44 Started transferring input files
	Transferring to host: <188.185.207.31:9618?addrs=188.185.207.31-9618+[2001-1458-303-d--100-1c]-9618&alias=b9p07p5284.cern.ch&noUDP&sock=slot1_14_5535_a87a_85598>
...
040 (10613549.904.000) 12/16 15:34:44 Finished transferring input files
...
001 (10613549.904.000) 12/16 15:34:44 Job executing on host: <188.185.207.31:9618?addrs=188.185.207.31-9618+[2001-1458-303-d--100-1c]-9618&alias=b9p07p5284.cern.ch&noUDP&sock=startd_4621_333a>
	SlotName: slot1_14@b9p07p5284.cern.ch
	CondorScratchDir = "/pool/condor/dir_2437808"
	Cpus = 4
	Disk = 10937
	GPUs = 0
	Memory = 12000
...
006 (10613549.904.000) 12/16 15:34:58 Image size of job updated: 41720
	41  -  MemoryUsage of job (MB)
	41720  -  ResidentSetSize of job (KB)
...
006 (10613549.904.000) 12/16 15:39:59 Image size of job updated: 42100
	41  -  MemoryUsage of job (MB)
	41720  -  ResidentSetSize of job (KB)
...
040 (10613549.904.000) 12/16 17:05:43 Started transferring output files
...
040 (10613549.904.000) 12/16 17:05:43 Finished transferring output files
...
005 (10613549.904.000) 12/16 17:05:43 Job terminated.
	(1) Normal termination (return value 0)
		Usr 0 01:29:20, Sys 0 00:00:12  -  Run Remote Usage
		Usr 0 00:00:00, Sys 0 00:00:00  -  Run Local Usage
		Usr 0 01:29:20, Sys 0 00:00:12  -  Total Remote Usage
		Usr 0 00:00:00, Sys 0 00:00:00  -  Total Local Usage
	0  -  Run Bytes Sent By Job
	7584148  -  Run Bytes Received By Job
	0  -  Total Bytes Sent By Job
	7584148  -  Total Bytes Received By Job
	Partitionable Resources :    Usage  Request Allocated 
	   Cpus                 :     0.99        4         4 
	   Disk (KB)            : 32523        7500     10937 
	   GPUs                 :                           0 
	   Memory (MB)          :    41       12000     12000 
	   TimeExecute (s)      :  5458                       
	   TimeSlotBusy (s)     :  5459                       

	Job terminated of its own accord at 2025-12-16T16:05:42Z with exit-code 0.
...
