000 (10610887.854.000) 12/16 07:14:32 Job submitted from host: <188.185.71.83:9618?addrs=188.185.71.83-9618+[2001-1458-d00-7--100-34d]-9618&alias=bigbird18.cern.ch&noUDP&sock=schedd_5052_d48c>
...
040 (10610887.854.000) 12/16 07:59:40 Started transferring input files
	Transferring to host: <188.185.214.37:9618?addrs=188.185.214.37-9618+[2001-1458-303-1c--100-21]-9618&alias=b9p29p6666.cern.ch&noUDP&sock=slot1_9_4261_0286_111479>
...
040 (10610887.854.000) 12/16 07:59:40 Finished transferring input files
...
001 (10610887.854.000) 12/16 07:59:40 Job executing on host: <188.185.214.37:9618?addrs=188.185.214.37-9618+[2001-1458-303-1c--100-21]-9618&alias=b9p29p6666.cern.ch&noUDP&sock=startd_3600_e108>
	SlotName: slot1_9@b9p29p6666.cern.ch
	CondorScratchDir = "/pool/condor/dir_3665677"
	Cpus = 4
	Disk = 11031
	GPUs = 0
	Memory = 12000
...
006 (10610887.854.000) 12/16 07:59:54 Image size of job updated: 37516
	37  -  MemoryUsage of job (MB)
	37516  -  ResidentSetSize of job (KB)
...
006 (10610887.854.000) 12/16 08:04:55 Image size of job updated: 37936
	37  -  MemoryUsage of job (MB)
	37516  -  ResidentSetSize of job (KB)
...
006 (10610887.854.000) 12/16 09:29:05 Image size of job updated: 118468
	37  -  MemoryUsage of job (MB)
	37516  -  ResidentSetSize of job (KB)
...
040 (10610887.854.000) 12/16 09:29:06 Started transferring output files
...
040 (10610887.854.000) 12/16 09:29:06 Finished transferring output files
...
005 (10610887.854.000) 12/16 09:29:06 Job terminated.
	(1) Normal termination (return value 0)
		Usr 0 01:28:13, Sys 0 00:00:09  -  Run Remote Usage
		Usr 0 00:00:00, Sys 0 00:00:00  -  Run Local Usage
		Usr 0 01:28:13, Sys 0 00:00:09  -  Total Remote Usage
		Usr 0 00:00:00, Sys 0 00:00:00  -  Total Local Usage
	0  -  Run Bytes Sent By Job
	7584148  -  Run Bytes Received By Job
	0  -  Total Bytes Sent By Job
	7584148  -  Total Bytes Received By Job
	Partitionable Resources :    Usage  Request Allocated 
	   Cpus                 :     0.99        4         4 
	   Disk (KB)            : 32975        7500     11031 
	   GPUs                 :                           0 
	   Memory (MB)          :    37       12000     12000 
	   TimeExecute (s)      :  5365                       
	   TimeSlotBusy (s)     :  5366                       

	Job terminated of its own accord at 2025-12-16T08:29:05Z with exit-code 0.
...
