000 (10610888.642.000) 12/16 07:14:44 Job submitted from host: <188.185.71.83:9618?addrs=188.185.71.83-9618+[2001-1458-d00-7--100-34d]-9618&alias=bigbird18.cern.ch&noUDP&sock=schedd_5052_d48c>
...
040 (10610888.642.000) 12/16 09:32:53 Started transferring input files
	Transferring to host: <188.185.204.163:9618?addrs=188.185.204.163-9618+[2001-1458-303-8--100-97]-9618&alias=b9p02p1047.cern.ch&noUDP&sock=slot1_16_8840_5461_78393>
...
001 (10610888.642.000) 12/16 09:32:53 Job executing on host: <188.185.204.163:9618?addrs=188.185.204.163-9618+[2001-1458-303-8--100-97]-9618&alias=b9p02p1047.cern.ch&noUDP&sock=startd_7384_6367>
	SlotName: slot1_16@b9p02p1047.cern.ch
	CondorScratchDir = "/pool/condor/dir_837608"
	Cpus = 4
	Disk = 10669
	GPUs = 0
	Memory = 12000
...
040 (10610888.642.000) 12/16 09:32:53 Finished transferring input files
...
006 (10610888.642.000) 12/16 09:33:07 Image size of job updated: 42204
	42  -  MemoryUsage of job (MB)
	42204  -  ResidentSetSize of job (KB)
...
006 (10610888.642.000) 12/16 09:38:08 Image size of job updated: 42588
	42  -  MemoryUsage of job (MB)
	42204  -  ResidentSetSize of job (KB)
...
006 (10610888.642.000) 12/16 11:01:59 Image size of job updated: 123244
	42  -  MemoryUsage of job (MB)
	42204  -  ResidentSetSize of job (KB)
...
040 (10610888.642.000) 12/16 11:01:59 Started transferring output files
...
040 (10610888.642.000) 12/16 11:02:00 Finished transferring output files
...
005 (10610888.642.000) 12/16 11:02:00 Job terminated.
	(1) Normal termination (return value 0)
		Usr 0 01:27:36, Sys 0 00:00:08  -  Run Remote Usage
		Usr 0 00:00:00, Sys 0 00:00:00  -  Run Local Usage
		Usr 0 01:27:36, Sys 0 00:00:08  -  Total Remote Usage
		Usr 0 00:00:00, Sys 0 00:00:00  -  Total Local Usage
	0  -  Run Bytes Sent By Job
	7584148  -  Run Bytes Received By Job
	0  -  Total Bytes Sent By Job
	7584148  -  Total Bytes Received By Job
	Partitionable Resources :    Usage  Request Allocated 
	   Cpus                 :     0.99        4         4 
	   Disk (KB)            : 33134        7500     10669 
	   GPUs                 :                           0 
	   Memory (MB)          :    42       12000     12000 
	   TimeExecute (s)      :  5346                       
	   TimeSlotBusy (s)     :  5347                       

	Job terminated of its own accord at 2025-12-16T10:01:59Z with exit-code 0.
...
