000 (10613550.101.000) 12/16 14:40:59 Job submitted from host: <188.185.71.83:9618?addrs=188.185.71.83-9618+[2001-1458-d00-7--100-34d]-9618&alias=bigbird18.cern.ch&noUDP&sock=schedd_5052_d48c>
...
040 (10613550.101.000) 12/16 15:35:50 Started transferring input files
	Transferring to host: <188.185.212.235:9618?addrs=188.185.212.235-9618+[2001-1458-303-19--100-67]-9618&alias=b9p26p4134.cern.ch&noUDP&sock=slot1_7_4460_392e_94021>
...
040 (10613550.101.000) 12/16 15:35:50 Finished transferring input files
...
001 (10613550.101.000) 12/16 15:35:50 Job executing on host: <188.185.212.235:9618?addrs=188.185.212.235-9618+[2001-1458-303-19--100-67]-9618&alias=b9p26p4134.cern.ch&noUDP&sock=startd_3828_44a0>
	SlotName: slot1_7@b9p26p4134.cern.ch
	CondorScratchDir = "/pool/condor/dir_3250398"
	Cpus = 4
	Disk = 11370
	GPUs = 0
	Memory = 12000
...
006 (10613550.101.000) 12/16 15:36:04 Image size of job updated: 37512
	37  -  MemoryUsage of job (MB)
	37512  -  ResidentSetSize of job (KB)
...
006 (10613550.101.000) 12/16 15:41:05 Image size of job updated: 37936
	37  -  MemoryUsage of job (MB)
	37512  -  ResidentSetSize of job (KB)
...
040 (10613550.101.000) 12/16 16:55:08 Started transferring output files
...
040 (10613550.101.000) 12/16 16:55:08 Finished transferring output files
...
005 (10613550.101.000) 12/16 16:55:08 Job terminated.
	(1) Normal termination (return value 0)
		Usr 0 01:17:55, Sys 0 00:00:06  -  Run Remote Usage
		Usr 0 00:00:00, Sys 0 00:00:00  -  Run Local Usage
		Usr 0 01:17:55, Sys 0 00:00:06  -  Total Remote Usage
		Usr 0 00:00:00, Sys 0 00:00:00  -  Total Local Usage
	0  -  Run Bytes Sent By Job
	7584148  -  Run Bytes Received By Job
	0  -  Total Bytes Sent By Job
	7584148  -  Total Bytes Received By Job
	Partitionable Resources :    Usage  Request Allocated 
	   Cpus                 :     0.99        4         4 
	   Disk (KB)            : 32916        7500     11370 
	   GPUs                 :                           0 
	   Memory (MB)          :    37       12000     12000 
	   TimeExecute (s)      :  4757                       
	   TimeSlotBusy (s)     :  4758                       

	Job terminated of its own accord at 2025-12-16T15:55:07Z with exit-code 0.
...
