000 (10610887.291.000) 12/16 07:14:31 Job submitted from host: <188.185.71.83:9618?addrs=188.185.71.83-9618+[2001-1458-d00-7--100-34d]-9618&alias=bigbird18.cern.ch&noUDP&sock=schedd_5052_d48c>
...
040 (10610887.291.000) 12/16 07:49:23 Started transferring input files
	Transferring to host: <188.185.193.179:9618?addrs=188.185.193.179-9618+[2001-1458-303-20--100-af]-9618&alias=b9p19p5502.cern.ch&noUDP&sock=slot1_10_3904651_9c56_25360>
...
040 (10610887.291.000) 12/16 07:49:23 Finished transferring input files
...
001 (10610887.291.000) 12/16 07:49:23 Job executing on host: <188.185.193.179:9618?addrs=188.185.193.179-9618+[2001-1458-303-20--100-af]-9618&alias=b9p19p5502.cern.ch&noUDP&sock=startd_8083_d81a>
	SlotName: slot1_10@b9p19p5502.cern.ch
	CondorScratchDir = "/pool/condor/dir_1694766"
	Cpus = 4
	Disk = 11065
	GPUs = 0
	Memory = 12000
...
006 (10610887.291.000) 12/16 07:49:37 Image size of job updated: 24752
	25  -  MemoryUsage of job (MB)
	24752  -  ResidentSetSize of job (KB)
...
006 (10610887.291.000) 12/16 07:54:38 Image size of job updated: 25172
	25  -  MemoryUsage of job (MB)
	24752  -  ResidentSetSize of job (KB)
...
040 (10610887.291.000) 12/16 10:47:07 Started transferring output files
...
040 (10610887.291.000) 12/16 10:47:07 Finished transferring output files
...
005 (10610887.291.000) 12/16 10:47:07 Job terminated.
	(1) Normal termination (return value 0)
		Usr 0 02:55:18, Sys 0 00:00:15  -  Run Remote Usage
		Usr 0 00:00:00, Sys 0 00:00:00  -  Run Local Usage
		Usr 0 02:55:18, Sys 0 00:00:15  -  Total Remote Usage
		Usr 0 00:00:00, Sys 0 00:00:00  -  Total Local Usage
	0  -  Run Bytes Sent By Job
	7584148  -  Run Bytes Received By Job
	0  -  Total Bytes Sent By Job
	7584148  -  Total Bytes Received By Job
	Partitionable Resources :    Usage  Request Allocated 
	   Cpus                 :     0.99        4         4 
	   Disk (KB)            : 32244        7500     11065 
	   GPUs                 :                           0 
	   Memory (MB)          :    25       12000     12000 
	   TimeExecute (s)      : 10663                       
	   TimeSlotBusy (s)     : 10664                       

	Job terminated of its own accord at 2025-12-16T09:47:06Z with exit-code 0.
...
