000 (10613549.051.000) 12/16 14:40:44 Job submitted from host: <188.185.71.83:9618?addrs=188.185.71.83-9618+[2001-1458-d00-7--100-34d]-9618&alias=bigbird18.cern.ch&noUDP&sock=schedd_5052_d48c>
...
040 (10613549.051.000) 12/16 14:51:23 Started transferring input files
	Transferring to host: <188.185.214.209:9618?addrs=188.185.214.209-9618+[2001-1458-303-1d--100-4d]-9618&alias=b9p30p9269.cern.ch&noUDP&sock=slot1_21_4100_9220_95066>
...
040 (10613549.051.000) 12/16 14:51:23 Finished transferring input files
...
001 (10613549.051.000) 12/16 14:51:23 Job executing on host: <188.185.214.209:9618?addrs=188.185.214.209-9618+[2001-1458-303-1d--100-4d]-9618&alias=b9p30p9269.cern.ch&noUDP&sock=startd_3495_db97>
	SlotName: slot1_21@b9p30p9269.cern.ch
	CondorScratchDir = "/pool/condor/dir_1013200"
	Cpus = 4
	Disk = 10940
	GPUs = 0
	Memory = 12000
...
006 (10613549.051.000) 12/16 14:51:37 Image size of job updated: 37492
	37  -  MemoryUsage of job (MB)
	37492  -  ResidentSetSize of job (KB)
...
006 (10613549.051.000) 12/16 14:56:38 Image size of job updated: 37912
	37  -  MemoryUsage of job (MB)
	37492  -  ResidentSetSize of job (KB)
...
006 (10613549.051.000) 12/16 16:14:15 Image size of job updated: 118436
	37  -  MemoryUsage of job (MB)
	37492  -  ResidentSetSize of job (KB)
...
040 (10613549.051.000) 12/16 16:14:15 Started transferring output files
...
040 (10613549.051.000) 12/16 16:14:16 Finished transferring output files
...
005 (10613549.051.000) 12/16 16:14:16 Job terminated.
	(1) Normal termination (return value 0)
		Usr 0 01:21:39, Sys 0 00:00:12  -  Run Remote Usage
		Usr 0 00:00:00, Sys 0 00:00:00  -  Run Local Usage
		Usr 0 01:21:39, Sys 0 00:00:12  -  Total Remote Usage
		Usr 0 00:00:00, Sys 0 00:00:00  -  Total Local Usage
	0  -  Run Bytes Sent By Job
	7584148  -  Run Bytes Received By Job
	0  -  Total Bytes Sent By Job
	7584148  -  Total Bytes Received By Job
	Partitionable Resources :    Usage  Request Allocated 
	   Cpus                 :     0.99        4         4 
	   Disk (KB)            : 33889        7500     10940 
	   GPUs                 :                           0 
	   Memory (MB)          :    37       12000     12000 
	   TimeExecute (s)      :  4972                       
	   TimeSlotBusy (s)     :  4973                       

	Job terminated of its own accord at 2025-12-16T15:14:15Z with exit-code 0.
...
