000 (10610889.074.000) 12/16 07:15:00 Job submitted from host: <188.185.71.83:9618?addrs=188.185.71.83-9618+[2001-1458-d00-7--100-34d]-9618&alias=bigbird18.cern.ch&noUDP&sock=schedd_5052_d48c>
...
040 (10610889.074.000) 12/16 10:35:28 Started transferring input files
	Transferring to host: <188.185.195.71:9618?addrs=188.185.195.71-9618+[2001-1458-303-22--100-43]-9618&alias=b9p17p2582.cern.ch&noUDP&sock=slot1_14_4932_ca42_84312>
...
040 (10610889.074.000) 12/16 10:35:28 Finished transferring input files
...
001 (10610889.074.000) 12/16 10:35:28 Job executing on host: <188.185.195.71:9618?addrs=188.185.195.71-9618+[2001-1458-303-22--100-43]-9618&alias=b9p17p2582.cern.ch&noUDP&sock=startd_3959_1f88>
	SlotName: slot1_14@b9p17p2582.cern.ch
	CondorScratchDir = "/pool/condor/dir_3978150"
	Cpus = 4
	Disk = 11086
	GPUs = 0
	Memory = 12000
...
006 (10610889.074.000) 12/16 10:35:42 Image size of job updated: 40056
	40  -  MemoryUsage of job (MB)
	40056  -  ResidentSetSize of job (KB)
...
006 (10610889.074.000) 12/16 10:40:43 Image size of job updated: 40476
	40  -  MemoryUsage of job (MB)
	40056  -  ResidentSetSize of job (KB)
...
040 (10610889.074.000) 12/16 13:19:53 Started transferring output files
...
040 (10610889.074.000) 12/16 13:19:53 Finished transferring output files
...
005 (10610889.074.000) 12/16 13:19:53 Job terminated.
	(1) Normal termination (return value 0)
		Usr 0 02:42:36, Sys 0 00:00:11  -  Run Remote Usage
		Usr 0 00:00:00, Sys 0 00:00:00  -  Run Local Usage
		Usr 0 02:42:36, Sys 0 00:00:11  -  Total Remote Usage
		Usr 0 00:00:00, Sys 0 00:00:00  -  Total Local Usage
	0  -  Run Bytes Sent By Job
	7584148  -  Run Bytes Received By Job
	0  -  Total Bytes Sent By Job
	7584148  -  Total Bytes Received By Job
	Partitionable Resources :    Usage  Request Allocated 
	   Cpus                 :     0.99        4         4 
	   Disk (KB)            : 32567        7500     11086 
	   GPUs                 :                           0 
	   Memory (MB)          :    40       12000     12000 
	   TimeExecute (s)      :  9864                       
	   TimeSlotBusy (s)     :  9865                       

	Job terminated of its own accord at 2025-12-16T12:19:52Z with exit-code 0.
...
