000 (10613549.829.000) 12/16 14:40:45 Job submitted from host: <188.185.71.83:9618?addrs=188.185.71.83-9618+[2001-1458-d00-7--100-34d]-9618&alias=bigbird18.cern.ch&noUDP&sock=schedd_5052_d48c>
...
040 (10613549.829.000) 12/16 15:34:20 Started transferring input files
	Transferring to host: <188.185.208.208:9618?addrs=188.185.208.208-9618+[2001-1458-303-10--100-4d]-9618&alias=b9p10p8955.cern.ch&noUDP&sock=slot1_1_4063953_47e4_68542>
...
040 (10613549.829.000) 12/16 15:34:20 Finished transferring input files
...
001 (10613549.829.000) 12/16 15:34:20 Job executing on host: <188.185.208.208:9618?addrs=188.185.208.208-9618+[2001-1458-303-10--100-4d]-9618&alias=b9p10p8955.cern.ch&noUDP&sock=startd_7346_52ce>
	SlotName: slot1_1@b9p10p8955.cern.ch
	CondorScratchDir = "/pool/condor/dir_4134073"
	Cpus = 4
	Disk = 10874
	GPUs = 0
	Memory = 12000
...
006 (10613549.829.000) 12/16 15:34:34 Image size of job updated: 42180
	42  -  MemoryUsage of job (MB)
	42180  -  ResidentSetSize of job (KB)
...
006 (10613549.829.000) 12/16 15:39:34 Image size of job updated: 42560
	42  -  MemoryUsage of job (MB)
	42180  -  ResidentSetSize of job (KB)
...
006 (10613549.829.000) 12/16 17:18:12 Image size of job updated: 123204
	42  -  MemoryUsage of job (MB)
	42180  -  ResidentSetSize of job (KB)
...
040 (10613549.829.000) 12/16 17:18:13 Started transferring output files
...
040 (10613549.829.000) 12/16 17:18:13 Finished transferring output files
...
005 (10613549.829.000) 12/16 17:18:13 Job terminated.
	(1) Normal termination (return value 0)
		Usr 0 01:41:40, Sys 0 00:00:13  -  Run Remote Usage
		Usr 0 00:00:00, Sys 0 00:00:00  -  Run Local Usage
		Usr 0 01:41:40, Sys 0 00:00:13  -  Total Remote Usage
		Usr 0 00:00:00, Sys 0 00:00:00  -  Total Local Usage
	0  -  Run Bytes Sent By Job
	7584148  -  Run Bytes Received By Job
	0  -  Total Bytes Sent By Job
	7584148  -  Total Bytes Received By Job
	Partitionable Resources :    Usage  Request Allocated 
	   Cpus                 :     0.99        4         4 
	   Disk (KB)            : 33056        7500     10874 
	   GPUs                 :                           0 
	   Memory (MB)          :    42       12000     12000 
	   TimeExecute (s)      :  6232                       
	   TimeSlotBusy (s)     :  6234                       

	Job terminated of its own accord at 2025-12-16T16:18:12Z with exit-code 0.
...
