000 (10610888.668.000) 12/16 07:14:44 Job submitted from host: <188.185.71.83:9618?addrs=188.185.71.83-9618+[2001-1458-d00-7--100-34d]-9618&alias=bigbird18.cern.ch&noUDP&sock=schedd_5052_d48c>
...
040 (10610888.668.000) 12/16 09:34:12 Started transferring input files
	Transferring to host: <188.185.210.101:9618?addrs=188.185.210.101-9618+[2001-1458-303-1--100-61]-9618&alias=b9p21p0502.cern.ch&noUDP&sock=slot1_16_5999_968d_114780>
...
001 (10610888.668.000) 12/16 09:34:12 Job executing on host: <188.185.210.101:9618?addrs=188.185.210.101-9618+[2001-1458-303-1--100-61]-9618&alias=b9p21p0502.cern.ch&noUDP&sock=startd_5335_f1d9>
	SlotName: slot1_16@b9p21p0502.cern.ch
	CondorScratchDir = "/pool/condor/dir_3800464"
	Cpus = 4
	Disk = 10982
	GPUs = 0
	Memory = 12000
...
040 (10610888.668.000) 12/16 09:34:12 Finished transferring input files
...
006 (10610888.668.000) 12/16 09:34:26 Image size of job updated: 38008
	38  -  MemoryUsage of job (MB)
	38008  -  ResidentSetSize of job (KB)
...
006 (10610888.668.000) 12/16 09:39:27 Image size of job updated: 38432
	38  -  MemoryUsage of job (MB)
	38008  -  ResidentSetSize of job (KB)
...
040 (10610888.668.000) 12/16 10:44:06 Started transferring output files
...
040 (10610888.668.000) 12/16 10:44:07 Finished transferring output files
...
005 (10610888.668.000) 12/16 10:44:14 Job terminated.
	(1) Normal termination (return value 0)
		Usr 0 01:09:01, Sys 0 00:00:08  -  Run Remote Usage
		Usr 0 00:00:00, Sys 0 00:00:00  -  Run Local Usage
		Usr 0 01:09:01, Sys 0 00:00:08  -  Total Remote Usage
		Usr 0 00:00:00, Sys 0 00:00:00  -  Total Local Usage
	0  -  Run Bytes Sent By Job
	7584148  -  Run Bytes Received By Job
	0  -  Total Bytes Sent By Job
	7584148  -  Total Bytes Received By Job
	Partitionable Resources :    Usage  Request Allocated 
	   Cpus                 :     0.99        4         4 
	   Disk (KB)            : 32388        7500     10982 
	   GPUs                 :                           0 
	   Memory (MB)          :    38       12000     12000 
	   TimeExecute (s)      :  4193                       
	   TimeSlotBusy (s)     :  4197                       

	Job terminated of its own accord at 2025-12-16T09:44:05Z with exit-code 0.
...
