000 (10610889.885.000) 12/16 07:15:01 Job submitted from host: <188.185.71.83:9618?addrs=188.185.71.83-9618+[2001-1458-d00-7--100-34d]-9618&alias=bigbird18.cern.ch&noUDP&sock=schedd_5052_d48c>
...
040 (10610889.885.000) 12/16 14:26:43 Started transferring input files
	Transferring to host: <188.185.193.18:9618?addrs=188.185.193.18-9618+[2001-1458-303-20--100-e]-9618&alias=b9p19p3940.cern.ch&noUDP&sock=slot1_2_503143_8285_50077>
...
040 (10610889.885.000) 12/16 14:26:43 Finished transferring input files
...
001 (10610889.885.000) 12/16 14:26:43 Job executing on host: <188.185.193.18:9618?addrs=188.185.193.18-9618+[2001-1458-303-20--100-e]-9618&alias=b9p19p3940.cern.ch&noUDP&sock=startd_3861_e740>
	SlotName: slot1_2@b9p19p3940.cern.ch
	CondorScratchDir = "/pool/condor/dir_1687947"
	Cpus = 4
	Disk = 11018
	GPUs = 0
	Memory = 12000
...
006 (10610889.885.000) 12/16 14:26:57 Image size of job updated: 40072
	40  -  MemoryUsage of job (MB)
	40072  -  ResidentSetSize of job (KB)
...
006 (10610889.885.000) 12/16 14:31:58 Image size of job updated: 40492
	40  -  MemoryUsage of job (MB)
	40072  -  ResidentSetSize of job (KB)
...
006 (10610889.885.000) 12/16 16:26:32 Image size of job updated: 121016
	40  -  MemoryUsage of job (MB)
	40072  -  ResidentSetSize of job (KB)
...
040 (10610889.885.000) 12/16 16:26:33 Started transferring output files
...
040 (10610889.885.000) 12/16 16:26:33 Finished transferring output files
...
005 (10610889.885.000) 12/16 16:26:34 Job terminated.
	(1) Normal termination (return value 0)
		Usr 0 01:58:49, Sys 0 00:00:05  -  Run Remote Usage
		Usr 0 00:00:00, Sys 0 00:00:00  -  Run Local Usage
		Usr 0 01:58:49, Sys 0 00:00:05  -  Total Remote Usage
		Usr 0 00:00:00, Sys 0 00:00:00  -  Total Local Usage
	0  -  Run Bytes Sent By Job
	7584148  -  Run Bytes Received By Job
	0  -  Total Bytes Sent By Job
	7584148  -  Total Bytes Received By Job
	Partitionable Resources :    Usage  Request Allocated 
	   Cpus                 :     0.99        4         4 
	   Disk (KB)            : 32512        7500     11018 
	   GPUs                 :                           0 
	   Memory (MB)          :    40       12000     12000 
	   TimeExecute (s)      :  7189                       
	   TimeSlotBusy (s)     :  7190                       

	Job terminated of its own accord at 2025-12-16T15:26:32Z with exit-code 0.
...
