000 (10610888.028.000) 12/16 07:14:44 Job submitted from host: <188.185.71.83:9618?addrs=188.185.71.83-9618+[2001-1458-d00-7--100-34d]-9618&alias=bigbird18.cern.ch&noUDP&sock=schedd_5052_d48c>
...
040 (10610888.028.000) 12/16 08:00:38 Started transferring input files
	Transferring to host: <128.142.161.74:9618?addrs=128.142.161.74-9618+[2001-1458-301-b8--100-8]-9618&alias=b9g03p5829.cern.ch&noUDP&sock=slot1_21_1222910_797a_98531>
...
040 (10610888.028.000) 12/16 08:00:38 Finished transferring input files
...
001 (10610888.028.000) 12/16 08:00:38 Job executing on host: <128.142.161.74:9618?addrs=128.142.161.74-9618+[2001-1458-301-b8--100-8]-9618&alias=b9g03p5829.cern.ch&noUDP&sock=startd_3698_1950>
	SlotName: slot1_21@b9g03p5829.cern.ch
	CondorScratchDir = "/pool/condor/dir_3862865"
	Cpus = 4
	Disk = 11173
	GPUs = 0
	Memory = 12000
...
006 (10610888.028.000) 12/16 08:00:52 Image size of job updated: 40060
	40  -  MemoryUsage of job (MB)
	40060  -  ResidentSetSize of job (KB)
...
006 (10610888.028.000) 12/16 08:05:53 Image size of job updated: 40484
	40  -  MemoryUsage of job (MB)
	40060  -  ResidentSetSize of job (KB)
...
006 (10610888.028.000) 12/16 09:55:12 Image size of job updated: 47408
	40  -  MemoryUsage of job (MB)
	40060  -  ResidentSetSize of job (KB)
...
040 (10610888.028.000) 12/16 09:55:13 Started transferring output files
...
040 (10610888.028.000) 12/16 09:55:13 Finished transferring output files
...
005 (10610888.028.000) 12/16 09:55:13 Job terminated.
	(1) Normal termination (return value 0)
		Usr 0 01:53:44, Sys 0 00:00:06  -  Run Remote Usage
		Usr 0 00:00:00, Sys 0 00:00:00  -  Run Local Usage
		Usr 0 01:53:44, Sys 0 00:00:06  -  Total Remote Usage
		Usr 0 00:00:00, Sys 0 00:00:00  -  Total Local Usage
	0  -  Run Bytes Sent By Job
	7584148  -  Run Bytes Received By Job
	0  -  Total Bytes Sent By Job
	7584148  -  Total Bytes Received By Job
	Partitionable Resources :    Usage  Request Allocated 
	   Cpus                 :     0.99        4         4 
	   Disk (KB)            : 33163        7500     11173 
	   GPUs                 :                           0 
	   Memory (MB)          :    40       12000     12000 
	   TimeExecute (s)      :  6874                       
	   TimeSlotBusy (s)     :  6875                       

	Job terminated of its own accord at 2025-12-16T08:55:12Z with exit-code 0.
...
