000 (10610889.119.000) 12/16 07:15:00 Job submitted from host: <188.185.71.83:9618?addrs=188.185.71.83-9618+[2001-1458-d00-7--100-34d]-9618&alias=bigbird18.cern.ch&noUDP&sock=schedd_5052_d48c>
...
040 (10610889.119.000) 12/16 10:52:36 Started transferring input files
	Transferring to host: <188.185.194.126:9618?addrs=188.185.194.126-9618+[2001-1458-303-21--100-7a]-9618&alias=b9p20p8030.cern.ch&noUDP&sock=slot1_1_8851_1481_81386>
...
040 (10610889.119.000) 12/16 10:52:36 Finished transferring input files
...
001 (10610889.119.000) 12/16 10:52:36 Job executing on host: <188.185.194.126:9618?addrs=188.185.194.126-9618+[2001-1458-303-21--100-7a]-9618&alias=b9p20p8030.cern.ch&noUDP&sock=startd_7709_4faf>
	SlotName: slot1_1@b9p20p8030.cern.ch
	CondorScratchDir = "/pool/condor/dir_1562240"
	Cpus = 4
	Disk = 11227
	GPUs = 0
	Memory = 12000
...
006 (10610889.119.000) 12/16 10:52:51 Image size of job updated: 40208
	40  -  MemoryUsage of job (MB)
	40208  -  ResidentSetSize of job (KB)
...
006 (10610889.119.000) 12/16 10:57:51 Image size of job updated: 40264
	40  -  MemoryUsage of job (MB)
	40208  -  ResidentSetSize of job (KB)
...
040 (10610889.119.000) 12/16 14:04:37 Started transferring output files
...
040 (10610889.119.000) 12/16 14:04:38 Finished transferring output files
...
005 (10610889.119.000) 12/16 14:04:38 Job terminated.
	(1) Normal termination (return value 0)
		Usr 0 03:05:24, Sys 0 00:00:15  -  Run Remote Usage
		Usr 0 00:00:00, Sys 0 00:00:00  -  Run Local Usage
		Usr 0 03:05:24, Sys 0 00:00:15  -  Total Remote Usage
		Usr 0 00:00:00, Sys 0 00:00:00  -  Total Local Usage
	0  -  Run Bytes Sent By Job
	7584148  -  Run Bytes Received By Job
	0  -  Total Bytes Sent By Job
	7584148  -  Total Bytes Received By Job
	Partitionable Resources :    Usage  Request Allocated 
	   Cpus                 :     0.97        4         4 
	   Disk (KB)            : 32008        7500     11227 
	   GPUs                 :                           0 
	   Memory (MB)          :    40       12000     12000 
	   TimeExecute (s)      : 11520                       
	   TimeSlotBusy (s)     : 11522                       

	Job terminated of its own accord at 2025-12-16T13:04:36Z with exit-code 0.
...
