000 (10610888.530.000) 12/16 07:14:44 Job submitted from host: <188.185.71.83:9618?addrs=188.185.71.83-9618+[2001-1458-d00-7--100-34d]-9618&alias=bigbird18.cern.ch&noUDP&sock=schedd_5052_d48c>
...
040 (10610888.530.000) 12/16 09:28:39 Started transferring input files
	Transferring to host: <188.185.210.185:9618?addrs=188.185.210.185-9618+[2001-1458-303-15--100-35]-9618&alias=b9p22p6649.cern.ch&noUDP&sock=slot1_10_5165_f5ab_113633>
...
040 (10610888.530.000) 12/16 09:28:39 Finished transferring input files
...
001 (10610888.530.000) 12/16 09:28:39 Job executing on host: <188.185.210.185:9618?addrs=188.185.210.185-9618+[2001-1458-303-15--100-35]-9618&alias=b9p22p6649.cern.ch&noUDP&sock=startd_4190_91e9>
	SlotName: slot1_10@b9p22p6649.cern.ch
	CondorScratchDir = "/pool/condor/dir_358395"
	Cpus = 4
	Disk = 11143
	GPUs = 0
	Memory = 12000
...
006 (10610888.530.000) 12/16 09:28:53 Image size of job updated: 39536
	39  -  MemoryUsage of job (MB)
	39536  -  ResidentSetSize of job (KB)
...
006 (10610888.530.000) 12/16 09:33:54 Image size of job updated: 39956
	39  -  MemoryUsage of job (MB)
	39536  -  ResidentSetSize of job (KB)
...
006 (10610888.530.000) 12/16 10:50:46 Image size of job updated: 120488
	39  -  MemoryUsage of job (MB)
	39536  -  ResidentSetSize of job (KB)
...
040 (10610888.530.000) 12/16 10:50:47 Started transferring output files
...
040 (10610888.530.000) 12/16 10:50:47 Finished transferring output files
...
005 (10610888.530.000) 12/16 10:50:48 Job terminated.
	(1) Normal termination (return value 0)
		Usr 0 01:21:02, Sys 0 00:00:09  -  Run Remote Usage
		Usr 0 00:00:00, Sys 0 00:00:00  -  Run Local Usage
		Usr 0 01:21:02, Sys 0 00:00:09  -  Total Remote Usage
		Usr 0 00:00:00, Sys 0 00:00:00  -  Total Local Usage
	0  -  Run Bytes Sent By Job
	7584148  -  Run Bytes Received By Job
	0  -  Total Bytes Sent By Job
	7584148  -  Total Bytes Received By Job
	Partitionable Resources :    Usage  Request Allocated 
	   Cpus                 :     0.99        4         4 
	   Disk (KB)            : 32715        7500     11143 
	   GPUs                 :                           0 
	   Memory (MB)          :    39       12000     12000 
	   TimeExecute (s)      :  4927                       
	   TimeSlotBusy (s)     :  4928                       

	Job terminated of its own accord at 2025-12-16T09:50:46Z with exit-code 0.
...
