000 (10613549.918.000) 12/16 14:40:45 Job submitted from host: <188.185.71.83:9618?addrs=188.185.71.83-9618+[2001-1458-d00-7--100-34d]-9618&alias=bigbird18.cern.ch&noUDP&sock=schedd_5052_d48c>
...
040 (10613549.918.000) 12/16 15:34:49 Started transferring input files
	Transferring to host: <188.185.213.49:9618?addrs=188.185.213.49-9618+[2001-1458-303-1a--100-2d]-9618&alias=b9p27p3241.cern.ch&noUDP&sock=slot1_4_132481_9964_13224>
...
040 (10613549.918.000) 12/16 15:34:49 Finished transferring input files
...
001 (10613549.918.000) 12/16 15:34:49 Job executing on host: <188.185.213.49:9618?addrs=188.185.213.49-9618+[2001-1458-303-1a--100-2d]-9618&alias=b9p27p3241.cern.ch&noUDP&sock=startd_6406_8fc8>
	SlotName: slot1_4@b9p27p3241.cern.ch
	CondorScratchDir = "/pool/condor/dir_262746"
	Cpus = 4
	Disk = 10998
	GPUs = 0
	Memory = 12000
...
006 (10613549.918.000) 12/16 15:35:03 Image size of job updated: 37496
	37  -  MemoryUsage of job (MB)
	37496  -  ResidentSetSize of job (KB)
...
006 (10613549.918.000) 12/16 15:40:03 Image size of job updated: 37916
	37  -  MemoryUsage of job (MB)
	37496  -  ResidentSetSize of job (KB)
...
006 (10613549.918.000) 12/16 17:00:20 Image size of job updated: 118440
	37  -  MemoryUsage of job (MB)
	37496  -  ResidentSetSize of job (KB)
...
040 (10613549.918.000) 12/16 17:00:20 Started transferring output files
...
040 (10613549.918.000) 12/16 17:00:21 Finished transferring output files
...
005 (10613549.918.000) 12/16 17:00:21 Job terminated.
	(1) Normal termination (return value 0)
		Usr 0 01:24:09, Sys 0 00:00:09  -  Run Remote Usage
		Usr 0 00:00:00, Sys 0 00:00:00  -  Run Local Usage
		Usr 0 01:24:09, Sys 0 00:00:09  -  Total Remote Usage
		Usr 0 00:00:00, Sys 0 00:00:00  -  Total Local Usage
	0  -  Run Bytes Sent By Job
	7584148  -  Run Bytes Received By Job
	0  -  Total Bytes Sent By Job
	7584148  -  Total Bytes Received By Job
	Partitionable Resources :    Usage  Request Allocated 
	   Cpus                 :     0.99        4         4 
	   Disk (KB)            : 32995        7500     10998 
	   GPUs                 :                           0 
	   Memory (MB)          :    37       12000     12000 
	   TimeExecute (s)      :  5131                       
	   TimeSlotBusy (s)     :  5132                       

	Job terminated of its own accord at 2025-12-16T16:00:20Z with exit-code 0.
...
