000 (10610888.188.000) 12/16 07:14:44 Job submitted from host: <188.185.71.83:9618?addrs=188.185.71.83-9618+[2001-1458-d00-7--100-34d]-9618&alias=bigbird18.cern.ch&noUDP&sock=schedd_5052_d48c>
...
040 (10610888.188.000) 12/16 09:03:37 Started transferring input files
	Transferring to host: <188.185.215.191:9618?addrs=188.185.215.191-9618+[2001-1458-303-26--100-3b]-9618&alias=b9p18p4896.cern.ch&noUDP&sock=slot1_12_3503996_eb12_13489>
...
040 (10610888.188.000) 12/16 09:03:37 Finished transferring input files
...
001 (10610888.188.000) 12/16 09:03:37 Job executing on host: <188.185.215.191:9618?addrs=188.185.215.191-9618+[2001-1458-303-26--100-3b]-9618&alias=b9p18p4896.cern.ch&noUDP&sock=startd_4234_c014>
	SlotName: slot1_12@b9p18p4896.cern.ch
	CondorScratchDir = "/pool/condor/dir_1497804"
	Cpus = 4
	Disk = 11110
	GPUs = 0
	Memory = 12000
...
006 (10610888.188.000) 12/16 09:03:50 Image size of job updated: 37492
	37  -  MemoryUsage of job (MB)
	37492  -  ResidentSetSize of job (KB)
...
006 (10610888.188.000) 12/16 09:08:50 Image size of job updated: 37912
	37  -  MemoryUsage of job (MB)
	37492  -  ResidentSetSize of job (KB)
...
040 (10610888.188.000) 12/16 10:19:17 Started transferring output files
...
040 (10610888.188.000) 12/16 10:19:17 Finished transferring output files
...
005 (10610888.188.000) 12/16 10:19:17 Job terminated.
	(1) Normal termination (return value 0)
		Usr 0 01:14:52, Sys 0 00:00:06  -  Run Remote Usage
		Usr 0 00:00:00, Sys 0 00:00:00  -  Run Local Usage
		Usr 0 01:14:52, Sys 0 00:00:06  -  Total Remote Usage
		Usr 0 00:00:00, Sys 0 00:00:00  -  Total Local Usage
	0  -  Run Bytes Sent By Job
	7584148  -  Run Bytes Received By Job
	0  -  Total Bytes Sent By Job
	7584148  -  Total Bytes Received By Job
	Partitionable Resources :    Usage  Request Allocated 
	   Cpus                 :     0.99        4         4 
	   Disk (KB)            : 33050        7500     11110 
	   GPUs                 :                           0 
	   Memory (MB)          :    37       12000     12000 
	   TimeExecute (s)      :  4540                       
	   TimeSlotBusy (s)     :  4540                       

	Job terminated of its own accord at 2025-12-16T09:19:17Z with exit-code 0.
...
