000 (10610888.889.000) 12/16 07:14:45 Job submitted from host: <188.185.71.83:9618?addrs=188.185.71.83-9618+[2001-1458-d00-7--100-34d]-9618&alias=bigbird18.cern.ch&noUDP&sock=schedd_5052_d48c>
...
040 (10610888.889.000) 12/16 09:51:00 Started transferring input files
	Transferring to host: <188.185.194.140:9618?addrs=188.185.194.140-9618+[2001-1458-303-21--100-88]-9618&alias=b9p20p8682.cern.ch&noUDP&sock=slot1_21_9492_b8fb_84804>
...
040 (10610888.889.000) 12/16 09:51:00 Finished transferring input files
...
001 (10610888.889.000) 12/16 09:51:00 Job executing on host: <188.185.194.140:9618?addrs=188.185.194.140-9618+[2001-1458-303-21--100-88]-9618&alias=b9p20p8682.cern.ch&noUDP&sock=startd_8036_9b27>
	SlotName: slot1_21@b9p20p8682.cern.ch
	CondorScratchDir = "/pool/condor/dir_54047"
	Cpus = 4
	Disk = 11115
	GPUs = 0
	Memory = 12000
...
006 (10610888.889.000) 12/16 09:51:13 Image size of job updated: 40564
	40  -  MemoryUsage of job (MB)
	40564  -  ResidentSetSize of job (KB)
...
006 (10610888.889.000) 12/16 09:56:14 Image size of job updated: 40656
	40  -  MemoryUsage of job (MB)
	40564  -  ResidentSetSize of job (KB)
...
006 (10610888.889.000) 12/16 11:39:47 Image size of job updated: 121180
	40  -  MemoryUsage of job (MB)
	40564  -  ResidentSetSize of job (KB)
...
040 (10610888.889.000) 12/16 11:39:47 Started transferring output files
...
040 (10610888.889.000) 12/16 11:39:48 Finished transferring output files
...
005 (10610888.889.000) 12/16 11:39:48 Job terminated.
	(1) Normal termination (return value 0)
		Usr 0 01:47:52, Sys 0 00:00:05  -  Run Remote Usage
		Usr 0 00:00:00, Sys 0 00:00:00  -  Run Local Usage
		Usr 0 01:47:52, Sys 0 00:00:05  -  Total Remote Usage
		Usr 0 00:00:00, Sys 0 00:00:00  -  Total Local Usage
	0  -  Run Bytes Sent By Job
	7584148  -  Run Bytes Received By Job
	0  -  Total Bytes Sent By Job
	7584148  -  Total Bytes Received By Job
	Partitionable Resources :    Usage  Request Allocated 
	   Cpus                 :     0.99        4         4 
	   Disk (KB)            : 33774        7500     11115 
	   GPUs                 :                           0 
	   Memory (MB)          :    40       12000     12000 
	   TimeExecute (s)      :  6527                       
	   TimeSlotBusy (s)     :  6528                       

	Job terminated of its own accord at 2025-12-16T10:39:47Z with exit-code 0.
...
