000 (10610888.996.000) 12/16 07:14:45 Job submitted from host: <188.185.71.83:9618?addrs=188.185.71.83-9618+[2001-1458-d00-7--100-34d]-9618&alias=bigbird18.cern.ch&noUDP&sock=schedd_5052_d48c>
...
040 (10610888.996.000) 12/16 10:15:53 Started transferring input files
	Transferring to host: <128.142.192.172:9618?addrs=128.142.192.172-9618+[2001-1458-301-56--100-28]-9618&alias=b9g18p0729.cern.ch&noUDP&sock=slot1_4_3965_737a_111475>
...
040 (10610888.996.000) 12/16 10:15:53 Finished transferring input files
...
001 (10610888.996.000) 12/16 10:15:53 Job executing on host: <128.142.192.172:9618?addrs=128.142.192.172-9618+[2001-1458-301-56--100-28]-9618&alias=b9g18p0729.cern.ch&noUDP&sock=startd_3209_af81>
	SlotName: slot1_4@b9g18p0729.cern.ch
	CondorScratchDir = "/pool/condor/dir_3090612"
	Cpus = 4
	Disk = 11120
	GPUs = 0
	Memory = 12000
...
006 (10610888.996.000) 12/16 10:16:07 Image size of job updated: 37440
	37  -  MemoryUsage of job (MB)
	37440  -  ResidentSetSize of job (KB)
...
006 (10610888.996.000) 12/16 10:21:08 Image size of job updated: 37860
	37  -  MemoryUsage of job (MB)
	37440  -  ResidentSetSize of job (KB)
...
006 (10610888.996.000) 12/16 11:46:10 Image size of job updated: 118316
	37  -  MemoryUsage of job (MB)
	37440  -  ResidentSetSize of job (KB)
...
040 (10610888.996.000) 12/16 11:46:11 Started transferring output files
...
040 (10610888.996.000) 12/16 11:46:11 Finished transferring output files
...
005 (10610888.996.000) 12/16 11:46:11 Job terminated.
	(1) Normal termination (return value 0)
		Usr 0 01:29:25, Sys 0 00:00:07  -  Run Remote Usage
		Usr 0 00:00:00, Sys 0 00:00:00  -  Run Local Usage
		Usr 0 01:29:25, Sys 0 00:00:07  -  Total Remote Usage
		Usr 0 00:00:00, Sys 0 00:00:00  -  Total Local Usage
	0  -  Run Bytes Sent By Job
	7584148  -  Run Bytes Received By Job
	0  -  Total Bytes Sent By Job
	7584148  -  Total Bytes Received By Job
	Partitionable Resources :    Usage  Request Allocated 
	   Cpus                 :     0.99        4         4 
	   Disk (KB)            : 32978        7500     11120 
	   GPUs                 :                           0 
	   Memory (MB)          :    37       12000     12000 
	   TimeExecute (s)      :  5417                       
	   TimeSlotBusy (s)     :  5418                       

	Job terminated of its own accord at 2025-12-16T10:46:10Z with exit-code 0.
...
