000 (10613550.349.000) 12/16 14:40:59 Job submitted from host: <188.185.71.83:9618?addrs=188.185.71.83-9618+[2001-1458-d00-7--100-34d]-9618&alias=bigbird18.cern.ch&noUDP&sock=schedd_5052_d48c>
...
040 (10613550.349.000) 12/16 15:56:36 Started transferring input files
	Transferring to host: <188.185.211.74:9618?addrs=188.185.211.74-9618+[2001-1458-303-16--100-46]-9618&alias=b9p23p5254.cern.ch&noUDP&sock=slot1_2_7768_0235_45430>
...
040 (10613550.349.000) 12/16 15:56:37 Finished transferring input files
...
001 (10613550.349.000) 12/16 15:56:37 Job executing on host: <188.185.211.74:9618?addrs=188.185.211.74-9618+[2001-1458-303-16--100-46]-9618&alias=b9p23p5254.cern.ch&noUDP&sock=startd_6598_41f7>
	SlotName: slot1_2@b9p23p5254.cern.ch
	CondorScratchDir = "/pool/condor/dir_2138061"
	Cpus = 4
	Disk = 11053
	GPUs = 0
	Memory = 12000
...
006 (10613550.349.000) 12/16 15:56:50 Image size of job updated: 37508
	37  -  MemoryUsage of job (MB)
	37508  -  ResidentSetSize of job (KB)
...
006 (10613550.349.000) 12/16 16:01:50 Image size of job updated: 37932
	37  -  MemoryUsage of job (MB)
	37508  -  ResidentSetSize of job (KB)
...
006 (10613550.349.000) 12/16 17:17:31 Image size of job updated: 118456
	37  -  MemoryUsage of job (MB)
	37508  -  ResidentSetSize of job (KB)
...
040 (10613550.349.000) 12/16 17:17:32 Started transferring output files
...
040 (10613550.349.000) 12/16 17:17:32 Finished transferring output files
...
005 (10613550.349.000) 12/16 17:17:32 Job terminated.
	(1) Normal termination (return value 0)
		Usr 0 01:19:50, Sys 0 00:00:09  -  Run Remote Usage
		Usr 0 00:00:00, Sys 0 00:00:00  -  Run Local Usage
		Usr 0 01:19:50, Sys 0 00:00:09  -  Total Remote Usage
		Usr 0 00:00:00, Sys 0 00:00:00  -  Total Local Usage
	0  -  Run Bytes Sent By Job
	7584148  -  Run Bytes Received By Job
	0  -  Total Bytes Sent By Job
	7584148  -  Total Bytes Received By Job
	Partitionable Resources :    Usage  Request Allocated 
	   Cpus                 :     0.99        4         4 
	   Disk (KB)            : 34046        7500     11053 
	   GPUs                 :                           0 
	   Memory (MB)          :    37       12000     12000 
	   TimeExecute (s)      :  4854                       
	   TimeSlotBusy (s)     :  4856                       

	Job terminated of its own accord at 2025-12-16T16:17:31Z with exit-code 0.
...
