000 (10610887.309.000) 12/16 07:14:31 Job submitted from host: <188.185.71.83:9618?addrs=188.185.71.83-9618+[2001-1458-d00-7--100-34d]-9618&alias=bigbird18.cern.ch&noUDP&sock=schedd_5052_d48c>
...
040 (10610887.309.000) 12/16 07:49:30 Started transferring input files
	Transferring to host: <188.185.213.90:9618?addrs=188.185.213.90-9618+[2001-1458-303-1a--100-56]-9618&alias=b9p27p8202.cern.ch&noUDP&sock=slot1_17_5158_070b_92727>
...
040 (10610887.309.000) 12/16 07:49:30 Finished transferring input files
...
001 (10610887.309.000) 12/16 07:49:30 Job executing on host: <188.185.213.90:9618?addrs=188.185.213.90-9618+[2001-1458-303-1a--100-56]-9618&alias=b9p27p8202.cern.ch&noUDP&sock=startd_4187_8320>
	SlotName: slot1_17@b9p27p8202.cern.ch
	CondorScratchDir = "/pool/condor/dir_70181"
	Cpus = 4
	Disk = 10982
	GPUs = 0
	Memory = 12000
...
006 (10610887.309.000) 12/16 07:49:44 Image size of job updated: 37500
	37  -  MemoryUsage of job (MB)
	37500  -  ResidentSetSize of job (KB)
...
006 (10610887.309.000) 12/16 07:54:45 Image size of job updated: 37920
	37  -  MemoryUsage of job (MB)
	37500  -  ResidentSetSize of job (KB)
...
006 (10610887.309.000) 12/16 09:18:53 Image size of job updated: 118456
	37  -  MemoryUsage of job (MB)
	37500  -  ResidentSetSize of job (KB)
...
040 (10610887.309.000) 12/16 09:18:53 Started transferring output files
...
040 (10610887.309.000) 12/16 09:18:54 Finished transferring output files
...
005 (10610887.309.000) 12/16 09:18:54 Job terminated.
	(1) Normal termination (return value 0)
		Usr 0 01:27:50, Sys 0 00:00:16  -  Run Remote Usage
		Usr 0 00:00:00, Sys 0 00:00:00  -  Run Local Usage
		Usr 0 01:27:50, Sys 0 00:00:16  -  Total Remote Usage
		Usr 0 00:00:00, Sys 0 00:00:00  -  Total Local Usage
	0  -  Run Bytes Sent By Job
	7584148  -  Run Bytes Received By Job
	0  -  Total Bytes Sent By Job
	7584148  -  Total Bytes Received By Job
	Partitionable Resources :    Usage  Request Allocated 
	   Cpus                 :     0.99        4         4 
	   Disk (KB)            : 32969        7500     10982 
	   GPUs                 :                           0 
	   Memory (MB)          :    37       12000     12000 
	   TimeExecute (s)      :  5363                       
	   TimeSlotBusy (s)     :  5365                       

	Job terminated of its own accord at 2025-12-16T08:18:53Z with exit-code 0.
...
