000 (10613549.369.000) 12/16 14:40:44 Job submitted from host: <188.185.71.83:9618?addrs=188.185.71.83-9618+[2001-1458-d00-7--100-34d]-9618&alias=bigbird18.cern.ch&noUDP&sock=schedd_5052_d48c>
...
040 (10613549.369.000) 12/16 15:29:38 Started transferring input files
	Transferring to host: <188.185.194.32:9618?addrs=188.185.194.32-9618+[2001-1458-303-21--100-1c]-9618&alias=b9p20p7306.cern.ch&noUDP&sock=slot1_3_10004_7910_84768>
...
040 (10613549.369.000) 12/16 15:29:38 Finished transferring input files
...
001 (10613549.369.000) 12/16 15:29:38 Job executing on host: <188.185.194.32:9618?addrs=188.185.194.32-9618+[2001-1458-303-21--100-1c]-9618&alias=b9p20p7306.cern.ch&noUDP&sock=startd_8450_935c>
	SlotName: slot1_3@b9p20p7306.cern.ch
	CondorScratchDir = "/pool/condor/dir_711753"
	Cpus = 4
	Disk = 11054
	GPUs = 0
	Memory = 12000
...
006 (10613549.369.000) 12/16 15:29:53 Image size of job updated: 37504
	37  -  MemoryUsage of job (MB)
	37504  -  ResidentSetSize of job (KB)
...
006 (10613549.369.000) 12/16 15:34:53 Image size of job updated: 37924
	37  -  MemoryUsage of job (MB)
	37504  -  ResidentSetSize of job (KB)
...
006 (10613549.369.000) 12/16 17:47:08 Image size of job updated: 118472
	37  -  MemoryUsage of job (MB)
	37504  -  ResidentSetSize of job (KB)
...
040 (10613549.369.000) 12/16 17:47:09 Started transferring output files
...
040 (10613549.369.000) 12/16 17:47:09 Finished transferring output files
...
005 (10613549.369.000) 12/16 17:47:09 Job terminated.
	(1) Normal termination (return value 0)
		Usr 0 02:16:07, Sys 0 00:00:06  -  Run Remote Usage
		Usr 0 00:00:00, Sys 0 00:00:00  -  Run Local Usage
		Usr 0 02:16:07, Sys 0 00:00:06  -  Total Remote Usage
		Usr 0 00:00:00, Sys 0 00:00:00  -  Total Local Usage
	0  -  Run Bytes Sent By Job
	7584148  -  Run Bytes Received By Job
	0  -  Total Bytes Sent By Job
	7584148  -  Total Bytes Received By Job
	Partitionable Resources :    Usage  Request Allocated 
	   Cpus                 :     0.99        4         4 
	   Disk (KB)            : 32829        7500     11054 
	   GPUs                 :                           0 
	   Memory (MB)          :    37       12000     12000 
	   TimeExecute (s)      :  8250                       
	   TimeSlotBusy (s)     :  8251                       

	Job terminated of its own accord at 2025-12-16T16:47:08Z with exit-code 0.
...
