000 (10610888.658.000) 12/16 07:14:44 Job submitted from host: <188.185.71.83:9618?addrs=188.185.71.83-9618+[2001-1458-d00-7--100-34d]-9618&alias=bigbird18.cern.ch&noUDP&sock=schedd_5052_d48c>
...
040 (10610888.658.000) 12/16 09:33:51 Started transferring input files
	Transferring to host: <188.185.210.200:9618?addrs=188.185.210.200-9618+[2001-1458-303-15--100-44]-9618&alias=b9p22p1993.cern.ch&noUDP&sock=slot1_19_4244_0826_114051>
...
040 (10610888.658.000) 12/16 09:33:51 Finished transferring input files
...
001 (10610888.658.000) 12/16 09:33:51 Job executing on host: <188.185.210.200:9618?addrs=188.185.210.200-9618+[2001-1458-303-15--100-44]-9618&alias=b9p22p1993.cern.ch&noUDP&sock=startd_3578_c9f3>
	SlotName: slot1_19@b9p22p1993.cern.ch
	CondorScratchDir = "/pool/condor/dir_1056655"
	Cpus = 4
	Disk = 10942
	GPUs = 0
	Memory = 12000
...
006 (10610888.658.000) 12/16 09:34:05 Image size of job updated: 38040
	38  -  MemoryUsage of job (MB)
	38040  -  ResidentSetSize of job (KB)
...
006 (10610888.658.000) 12/16 09:39:05 Image size of job updated: 38460
	38  -  MemoryUsage of job (MB)
	38040  -  ResidentSetSize of job (KB)
...
006 (10610888.658.000) 12/16 11:09:31 Image size of job updated: 118984
	38  -  MemoryUsage of job (MB)
	38040  -  ResidentSetSize of job (KB)
...
040 (10610888.658.000) 12/16 11:09:32 Started transferring output files
...
040 (10610888.658.000) 12/16 11:09:32 Finished transferring output files
...
005 (10610888.658.000) 12/16 11:09:32 Job terminated.
	(1) Normal termination (return value 0)
		Usr 0 01:33:56, Sys 0 00:00:14  -  Run Remote Usage
		Usr 0 00:00:00, Sys 0 00:00:00  -  Run Local Usage
		Usr 0 01:33:56, Sys 0 00:00:14  -  Total Remote Usage
		Usr 0 00:00:00, Sys 0 00:00:00  -  Total Local Usage
	0  -  Run Bytes Sent By Job
	7584148  -  Run Bytes Received By Job
	0  -  Total Bytes Sent By Job
	7584148  -  Total Bytes Received By Job
	Partitionable Resources :    Usage  Request Allocated 
	   Cpus                 :     0.99        4         4 
	   Disk (KB)            : 32789        7500     10942 
	   GPUs                 :                           0 
	   Memory (MB)          :    38       12000     12000 
	   TimeExecute (s)      :  5740                       
	   TimeSlotBusy (s)     :  5741                       

	Job terminated of its own accord at 2025-12-16T10:09:31Z with exit-code 0.
...
