000 (10613549.114.000) 12/16 14:40:44 Job submitted from host: <188.185.71.83:9618?addrs=188.185.71.83-9618+[2001-1458-d00-7--100-34d]-9618&alias=bigbird18.cern.ch&noUDP&sock=schedd_5052_d48c>
...
040 (10613549.114.000) 12/16 15:04:55 Started transferring input files
	Transferring to host: <188.185.214.95:9618?addrs=188.185.214.95-9618+[2001-1458-303-1c--100-5b]-9618&alias=b9p29p8900.cern.ch&noUDP&sock=slot1_15_4379_26cb_91161>
...
040 (10613549.114.000) 12/16 15:04:55 Finished transferring input files
...
001 (10613549.114.000) 12/16 15:04:55 Job executing on host: <188.185.214.95:9618?addrs=188.185.214.95-9618+[2001-1458-303-1c--100-5b]-9618&alias=b9p29p8900.cern.ch&noUDP&sock=startd_3694_5aef>
	SlotName: slot1_15@b9p29p8900.cern.ch
	CondorScratchDir = "/pool/condor/dir_661972"
	Cpus = 4
	Disk = 10837
	GPUs = 0
	Memory = 12000
...
006 (10613549.114.000) 12/16 15:05:09 Image size of job updated: 35568
	35  -  MemoryUsage of job (MB)
	35568  -  ResidentSetSize of job (KB)
...
006 (10613549.114.000) 12/16 15:10:10 Image size of job updated: 35988
	35  -  MemoryUsage of job (MB)
	35568  -  ResidentSetSize of job (KB)
...
006 (10613549.114.000) 12/16 16:37:31 Image size of job updated: 116588
	35  -  MemoryUsage of job (MB)
	35568  -  ResidentSetSize of job (KB)
...
040 (10613549.114.000) 12/16 16:37:31 Started transferring output files
...
040 (10613549.114.000) 12/16 16:37:32 Finished transferring output files
...
005 (10613549.114.000) 12/16 16:37:32 Job terminated.
	(1) Normal termination (return value 0)
		Usr 0 01:30:49, Sys 0 00:00:17  -  Run Remote Usage
		Usr 0 00:00:00, Sys 0 00:00:00  -  Run Local Usage
		Usr 0 01:30:49, Sys 0 00:00:17  -  Total Remote Usage
		Usr 0 00:00:00, Sys 0 00:00:00  -  Total Local Usage
	0  -  Run Bytes Sent By Job
	7584148  -  Run Bytes Received By Job
	0  -  Total Bytes Sent By Job
	7584148  -  Total Bytes Received By Job
	Partitionable Resources :    Usage  Request Allocated 
	   Cpus                 :     0.99        4         4 
	   Disk (KB)            : 33603        7500     10837 
	   GPUs                 :                           0 
	   Memory (MB)          :    35       12000     12000 
	   TimeExecute (s)      :  5556                       
	   TimeSlotBusy (s)     :  5557                       

	Job terminated of its own accord at 2025-12-16T15:37:31Z with exit-code 0.
...
