000 (10613550.104.000) 12/16 14:40:59 Job submitted from host: <188.185.71.83:9618?addrs=188.185.71.83-9618+[2001-1458-d00-7--100-34d]-9618&alias=bigbird18.cern.ch&noUDP&sock=schedd_5052_d48c>
...
040 (10613550.104.000) 12/16 15:35:52 Started transferring input files
	Transferring to host: <188.185.211.179:9618?addrs=188.185.211.179-9618+[2001-1458-303-17--100-2f]-9618&alias=b9p24p7870.cern.ch&noUDP&sock=slot1_3_3385380_373a_12131>
...
040 (10613550.104.000) 12/16 15:35:52 Finished transferring input files
...
001 (10613550.104.000) 12/16 15:35:52 Job executing on host: <188.185.211.179:9618?addrs=188.185.211.179-9618+[2001-1458-303-17--100-2f]-9618&alias=b9p24p7870.cern.ch&noUDP&sock=startd_7877_8b98>
	SlotName: slot1_3@b9p24p7870.cern.ch
	CondorScratchDir = "/pool/condor/dir_215386"
	Cpus = 4
	Disk = 11163
	GPUs = 0
	Memory = 12000
...
006 (10613550.104.000) 12/16 15:36:06 Image size of job updated: 41632
	41  -  MemoryUsage of job (MB)
	41632  -  ResidentSetSize of job (KB)
...
006 (10613550.104.000) 12/16 15:41:07 Image size of job updated: 42052
	41  -  MemoryUsage of job (MB)
	41632  -  ResidentSetSize of job (KB)
...
006 (10613550.104.000) 12/16 16:59:18 Image size of job updated: 122588
	41  -  MemoryUsage of job (MB)
	41632  -  ResidentSetSize of job (KB)
...
040 (10613550.104.000) 12/16 16:59:18 Started transferring output files
...
040 (10613550.104.000) 12/16 16:59:19 Finished transferring output files
...
005 (10613550.104.000) 12/16 16:59:19 Job terminated.
	(1) Normal termination (return value 0)
		Usr 0 01:22:24, Sys 0 00:00:08  -  Run Remote Usage
		Usr 0 00:00:00, Sys 0 00:00:00  -  Run Local Usage
		Usr 0 01:22:24, Sys 0 00:00:08  -  Total Remote Usage
		Usr 0 00:00:00, Sys 0 00:00:00  -  Total Local Usage
	0  -  Run Bytes Sent By Job
	7584148  -  Run Bytes Received By Job
	0  -  Total Bytes Sent By Job
	7584148  -  Total Bytes Received By Job
	Partitionable Resources :    Usage  Request Allocated 
	   Cpus                 :     0.99        4         4 
	   Disk (KB)            : 32842        7500     11163 
	   GPUs                 :                           0 
	   Memory (MB)          :    41       12000     12000 
	   TimeExecute (s)      :  5006                       
	   TimeSlotBusy (s)     :  5007                       

	Job terminated of its own accord at 2025-12-16T15:59:18Z with exit-code 0.
...
