000 (10610889.222.000) 12/16 07:15:00 Job submitted from host: <188.185.71.83:9618?addrs=188.185.71.83-9618+[2001-1458-d00-7--100-34d]-9618&alias=bigbird18.cern.ch&noUDP&sock=schedd_5052_d48c>
...
040 (10610889.222.000) 12/16 13:31:25 Started transferring input files
	Transferring to host: <188.185.210.181:9618?addrs=188.185.210.181-9618+[2001-1458-303-15--100-31]-9618&alias=b9p22p9160.cern.ch&noUDP&sock=slot1_14_3175_d31a_91995>
...
040 (10610889.222.000) 12/16 13:31:25 Finished transferring input files
...
001 (10610889.222.000) 12/16 13:31:25 Job executing on host: <188.185.210.181:9618?addrs=188.185.210.181-9618+[2001-1458-303-15--100-31]-9618&alias=b9p22p9160.cern.ch&noUDP&sock=startd_2650_4210>
	SlotName: slot1_14@b9p22p9160.cern.ch
	CondorScratchDir = "/pool/condor/dir_1073984"
	Cpus = 4
	Disk = 10983
	GPUs = 0
	Memory = 12000
...
006 (10610889.222.000) 12/16 13:31:39 Image size of job updated: 40024
	40  -  MemoryUsage of job (MB)
	40024  -  ResidentSetSize of job (KB)
...
006 (10610889.222.000) 12/16 13:36:40 Image size of job updated: 40444
	40  -  MemoryUsage of job (MB)
	40024  -  ResidentSetSize of job (KB)
...
006 (10610889.222.000) 12/16 15:04:43 Image size of job updated: 120964
	40  -  MemoryUsage of job (MB)
	40024  -  ResidentSetSize of job (KB)
...
040 (10610889.222.000) 12/16 15:04:44 Started transferring output files
...
040 (10610889.222.000) 12/16 15:04:44 Finished transferring output files
...
005 (10610889.222.000) 12/16 15:04:45 Job terminated.
	(1) Normal termination (return value 0)
		Usr 0 01:32:05, Sys 0 00:00:09  -  Run Remote Usage
		Usr 0 00:00:00, Sys 0 00:00:00  -  Run Local Usage
		Usr 0 01:32:05, Sys 0 00:00:09  -  Total Remote Usage
		Usr 0 00:00:00, Sys 0 00:00:00  -  Total Local Usage
	0  -  Run Bytes Sent By Job
	7584148  -  Run Bytes Received By Job
	0  -  Total Bytes Sent By Job
	7584148  -  Total Bytes Received By Job
	Partitionable Resources :    Usage  Request Allocated 
	   Cpus                 :     0.99        4         4 
	   Disk (KB)            : 33554        7500     10983 
	   GPUs                 :                           0 
	   Memory (MB)          :    40       12000     12000 
	   TimeExecute (s)      :  5598                       
	   TimeSlotBusy (s)     :  5601                       

	Job terminated of its own accord at 2025-12-16T14:04:43Z with exit-code 0.
...
