000 (10610887.928.000) 12/16 07:14:32 Job submitted from host: <188.185.71.83:9618?addrs=188.185.71.83-9618+[2001-1458-d00-7--100-34d]-9618&alias=bigbird18.cern.ch&noUDP&sock=schedd_5052_d48c>
...
040 (10610887.928.000) 12/16 08:00:05 Started transferring input files
	Transferring to host: <188.185.211.102:9618?addrs=188.185.211.102-9618+[2001-1458-303-16--100-62]-9618&alias=b9p23p8574.cern.ch&noUDP&sock=slot1_24_191958_86b7_11104>
...
040 (10610887.928.000) 12/16 08:00:06 Finished transferring input files
...
001 (10610887.928.000) 12/16 08:00:06 Job executing on host: <188.185.211.102:9618?addrs=188.185.211.102-9618+[2001-1458-303-16--100-62]-9618&alias=b9p23p8574.cern.ch&noUDP&sock=startd_191471_c233>
	SlotName: slot1_24@b9p23p8574.cern.ch
	CondorScratchDir = "/pool/condor/dir_2333740"
	Cpus = 4
	Disk = 10936
	GPUs = 0
	Memory = 12000
...
006 (10610887.928.000) 12/16 08:00:21 Image size of job updated: 37468
	37  -  MemoryUsage of job (MB)
	37468  -  ResidentSetSize of job (KB)
...
006 (10610887.928.000) 12/16 08:05:22 Image size of job updated: 37888
	37  -  MemoryUsage of job (MB)
	37468  -  ResidentSetSize of job (KB)
...
006 (10610887.928.000) 12/16 10:13:48 Image size of job updated: 118428
	37  -  MemoryUsage of job (MB)
	37468  -  ResidentSetSize of job (KB)
...
040 (10610887.928.000) 12/16 10:13:49 Started transferring output files
...
040 (10610887.928.000) 12/16 10:13:49 Finished transferring output files
...
005 (10610887.928.000) 12/16 10:13:49 Job terminated.
	(1) Normal termination (return value 0)
		Usr 0 02:10:48, Sys 0 00:00:11  -  Run Remote Usage
		Usr 0 00:00:00, Sys 0 00:00:00  -  Run Local Usage
		Usr 0 02:10:48, Sys 0 00:00:11  -  Total Remote Usage
		Usr 0 00:00:00, Sys 0 00:00:00  -  Total Local Usage
	0  -  Run Bytes Sent By Job
	7584148  -  Run Bytes Received By Job
	0  -  Total Bytes Sent By Job
	7584148  -  Total Bytes Received By Job
	Partitionable Resources :    Usage  Request Allocated 
	   Cpus                 :     0.99        4         4 
	   Disk (KB)            : 32553        7500     10936 
	   GPUs                 :                           0 
	   Memory (MB)          :    37       12000     12000 
	   TimeExecute (s)      :  8022                       
	   TimeSlotBusy (s)     :  8026                       

	Job terminated of its own accord at 2025-12-16T09:13:48Z with exit-code 0.
...
