000 (10610887.973.000) 12/16 07:14:32 Job submitted from host: <188.185.71.83:9618?addrs=188.185.71.83-9618+[2001-1458-d00-7--100-34d]-9618&alias=bigbird18.cern.ch&noUDP&sock=schedd_5052_d48c>
...
040 (10610887.973.000) 12/16 08:00:19 Started transferring input files
	Transferring to host: <128.142.196.38:9618?addrs=128.142.196.38-9618+[2001-1458-301-3c--100-24]-9618&alias=b9g32p1957.cern.ch&noUDP&sock=slot1_2_3254_7cbd_96512>
...
040 (10610887.973.000) 12/16 08:00:19 Finished transferring input files
...
001 (10610887.973.000) 12/16 08:00:19 Job executing on host: <128.142.196.38:9618?addrs=128.142.196.38-9618+[2001-1458-301-3c--100-24]-9618&alias=b9g32p1957.cern.ch&noUDP&sock=startd_2815_6f30>
	SlotName: slot1_2@b9g32p1957.cern.ch
	CondorScratchDir = "/pool/condor/dir_1081500"
	Cpus = 4
	Disk = 11015
	GPUs = 0
	Memory = 12000
...
006 (10610887.973.000) 12/16 08:00:32 Image size of job updated: 37452
	37  -  MemoryUsage of job (MB)
	37452  -  ResidentSetSize of job (KB)
...
006 (10610887.973.000) 12/16 08:05:32 Image size of job updated: 37872
	37  -  MemoryUsage of job (MB)
	37452  -  ResidentSetSize of job (KB)
...
040 (10610887.973.000) 12/16 09:36:50 Started transferring output files
...
040 (10610887.973.000) 12/16 09:36:50 Finished transferring output files
...
005 (10610887.973.000) 12/16 09:36:50 Job terminated.
	(1) Normal termination (return value 0)
		Usr 0 01:33:08, Sys 0 00:00:14  -  Run Remote Usage
		Usr 0 00:00:00, Sys 0 00:00:00  -  Run Local Usage
		Usr 0 01:33:08, Sys 0 00:00:14  -  Total Remote Usage
		Usr 0 00:00:00, Sys 0 00:00:00  -  Total Local Usage
	0  -  Run Bytes Sent By Job
	7584148  -  Run Bytes Received By Job
	0  -  Total Bytes Sent By Job
	7584148  -  Total Bytes Received By Job
	Partitionable Resources :    Usage  Request Allocated 
	   Cpus                 :     0.99        4         4 
	   Disk (KB)            : 32254        7500     11015 
	   GPUs                 :                           0 
	   Memory (MB)          :    37       12000     12000 
	   TimeExecute (s)      :  5790                       
	   TimeSlotBusy (s)     :  5792                       

	Job terminated of its own accord at 2025-12-16T08:36:49Z with exit-code 0.
...
