000 (10610888.409.000) 12/16 07:14:44 Job submitted from host: <188.185.71.83:9618?addrs=188.185.71.83-9618+[2001-1458-d00-7--100-34d]-9618&alias=bigbird18.cern.ch&noUDP&sock=schedd_5052_d48c>
...
040 (10610888.409.000) 12/16 09:22:56 Started transferring input files
	Transferring to host: <188.185.207.193:9618?addrs=188.185.207.193-9618+[2001-1458-303-e--100-3e]-9618&alias=b9p08p1687.cern.ch&noUDP&sock=slot1_15_4568_51b3_79021>
...
040 (10610888.409.000) 12/16 09:22:56 Finished transferring input files
...
001 (10610888.409.000) 12/16 09:22:56 Job executing on host: <188.185.207.193:9618?addrs=188.185.207.193-9618+[2001-1458-303-e--100-3e]-9618&alias=b9p08p1687.cern.ch&noUDP&sock=startd_3810_ebec>
	SlotName: slot1_15@b9p08p1687.cern.ch
	CondorScratchDir = "/pool/condor/dir_3897376"
	Cpus = 4
	Disk = 11146
	GPUs = 0
	Memory = 12000
...
006 (10610888.409.000) 12/16 09:23:09 Image size of job updated: 39660
	39  -  MemoryUsage of job (MB)
	39660  -  ResidentSetSize of job (KB)
...
006 (10610888.409.000) 12/16 09:28:09 Image size of job updated: 40068
	39  -  MemoryUsage of job (MB)
	39660  -  ResidentSetSize of job (KB)
...
006 (10610888.409.000) 12/16 11:13:08 Image size of job updated: 120672
	39  -  MemoryUsage of job (MB)
	39660  -  ResidentSetSize of job (KB)
...
040 (10610888.409.000) 12/16 11:13:09 Started transferring output files
...
040 (10610888.409.000) 12/16 11:13:10 Finished transferring output files
...
005 (10610888.409.000) 12/16 11:13:10 Job terminated.
	(1) Normal termination (return value 0)
		Usr 0 01:46:47, Sys 0 00:00:08  -  Run Remote Usage
		Usr 0 00:00:00, Sys 0 00:00:00  -  Run Local Usage
		Usr 0 01:46:47, Sys 0 00:00:08  -  Total Remote Usage
		Usr 0 00:00:00, Sys 0 00:00:00  -  Total Local Usage
	0  -  Run Bytes Sent By Job
	7584148  -  Run Bytes Received By Job
	0  -  Total Bytes Sent By Job
	7584148  -  Total Bytes Received By Job
	Partitionable Resources :    Usage  Request Allocated 
	   Cpus                 :     0.97        4         4 
	   Disk (KB)            : 33713        7500     11146 
	   GPUs                 :                           0 
	   Memory (MB)          :    39       12000     12000 
	   TimeExecute (s)      :  6612                       
	   TimeSlotBusy (s)     :  6615                       

	Job terminated of its own accord at 2025-12-16T10:13:08Z with exit-code 0.
...
