000 (10613549.095.000) 12/16 14:40:44 Job submitted from host: <188.185.71.83:9618?addrs=188.185.71.83-9618+[2001-1458-d00-7--100-34d]-9618&alias=bigbird18.cern.ch&noUDP&sock=schedd_5052_d48c>
...
040 (10613549.095.000) 12/16 15:01:14 Started transferring input files
	Transferring to host: <188.185.194.81:9618?addrs=188.185.194.81-9618+[2001-1458-303-21--100-4d]-9618&alias=b9p20p1515.cern.ch&noUDP&sock=slot1_5_8113_17a3_83382>
...
040 (10613549.095.000) 12/16 15:01:14 Finished transferring input files
...
001 (10613549.095.000) 12/16 15:01:14 Job executing on host: <188.185.194.81:9618?addrs=188.185.194.81-9618+[2001-1458-303-21--100-4d]-9618&alias=b9p20p1515.cern.ch&noUDP&sock=startd_7215_77e6>
	SlotName: slot1_5@b9p20p1515.cern.ch
	CondorScratchDir = "/pool/condor/dir_1326637"
	Cpus = 4
	Disk = 35834
	GPUs = 0
	Memory = 12000
...
006 (10613549.095.000) 12/16 15:01:27 Image size of job updated: 37500
	37  -  MemoryUsage of job (MB)
	37500  -  ResidentSetSize of job (KB)
...
006 (10613549.095.000) 12/16 15:06:27 Image size of job updated: 37920
	37  -  MemoryUsage of job (MB)
	37500  -  ResidentSetSize of job (KB)
...
006 (10613549.095.000) 12/16 16:51:07 Image size of job updated: 118448
	37  -  MemoryUsage of job (MB)
	37500  -  ResidentSetSize of job (KB)
...
040 (10613549.095.000) 12/16 16:51:08 Started transferring output files
...
040 (10613549.095.000) 12/16 16:51:08 Finished transferring output files
...
005 (10613549.095.000) 12/16 16:51:08 Job terminated.
	(1) Normal termination (return value 0)
		Usr 0 01:49:01, Sys 0 00:00:05  -  Run Remote Usage
		Usr 0 00:00:00, Sys 0 00:00:00  -  Run Local Usage
		Usr 0 01:49:01, Sys 0 00:00:05  -  Total Remote Usage
		Usr 0 00:00:00, Sys 0 00:00:00  -  Total Local Usage
	0  -  Run Bytes Sent By Job
	7584148  -  Run Bytes Received By Job
	0  -  Total Bytes Sent By Job
	7584148  -  Total Bytes Received By Job
	Partitionable Resources :    Usage  Request Allocated 
	   Cpus                 :     0.99        4         4 
	   Disk (KB)            : 33385        7500     35834 
	   GPUs                 :                           0 
	   Memory (MB)          :    37       12000     12000 
	   TimeExecute (s)      :  6593                       
	   TimeSlotBusy (s)     :  6595                       

	Job terminated of its own accord at 2025-12-16T15:51:07Z with exit-code 0.
...
