000 (10610887.724.000) 12/16 07:14:31 Job submitted from host: <188.185.71.83:9618?addrs=188.185.71.83-9618+[2001-1458-d00-7--100-34d]-9618&alias=bigbird18.cern.ch&noUDP&sock=schedd_5052_d48c>
...
040 (10610887.724.000) 12/16 07:55:19 Started transferring input files
	Transferring to host: <188.185.208.222:9618?addrs=188.185.208.222-9618+[2001-1458-303-10--100-5b]-9618&alias=b9p10p1546.cern.ch&noUDP&sock=slot1_39_6341_8edb_84704>
...
040 (10610887.724.000) 12/16 07:55:19 Finished transferring input files
...
001 (10610887.724.000) 12/16 07:55:19 Job executing on host: <188.185.208.222:9618?addrs=188.185.208.222-9618+[2001-1458-303-10--100-5b]-9618&alias=b9p10p1546.cern.ch&noUDP&sock=startd_5472_ea53>
	SlotName: slot1_39@b9p10p1546.cern.ch
	CondorScratchDir = "/pool/condor/dir_252436"
	Cpus = 4
	Disk = 10921
	GPUs = 0
	Memory = 12000
...
006 (10610887.724.000) 12/16 07:55:33 Image size of job updated: 39640
	39  -  MemoryUsage of job (MB)
	39640  -  ResidentSetSize of job (KB)
...
006 (10610887.724.000) 12/16 08:00:34 Image size of job updated: 40020
	39  -  MemoryUsage of job (MB)
	39640  -  ResidentSetSize of job (KB)
...
040 (10610887.724.000) 12/16 09:22:29 Started transferring output files
...
040 (10610887.724.000) 12/16 09:22:29 Finished transferring output files
...
005 (10610887.724.000) 12/16 09:22:29 Job terminated.
	(1) Normal termination (return value 0)
		Usr 0 01:25:43, Sys 0 00:00:08  -  Run Remote Usage
		Usr 0 00:00:00, Sys 0 00:00:00  -  Run Local Usage
		Usr 0 01:25:43, Sys 0 00:00:08  -  Total Remote Usage
		Usr 0 00:00:00, Sys 0 00:00:00  -  Total Local Usage
	0  -  Run Bytes Sent By Job
	7584148  -  Run Bytes Received By Job
	0  -  Total Bytes Sent By Job
	7584148  -  Total Bytes Received By Job
	Partitionable Resources :    Usage  Request Allocated 
	   Cpus                 :     0.99        4         4 
	   Disk (KB)            : 32341        7500     10921 
	   GPUs                 :                           0 
	   Memory (MB)          :    39       12000     12000 
	   TimeExecute (s)      :  5229                       
	   TimeSlotBusy (s)     :  5230                       

	Job terminated of its own accord at 2025-12-16T08:22:28Z with exit-code 0.
...
