000 (10613550.190.000) 12/16 14:40:59 Job submitted from host: <188.185.71.83:9618?addrs=188.185.71.83-9618+[2001-1458-d00-7--100-34d]-9618&alias=bigbird18.cern.ch&noUDP&sock=schedd_5052_d48c>
...
040 (10613550.190.000) 12/16 15:44:06 Started transferring input files
	Transferring to host: <188.185.211.51:9618?addrs=188.185.211.51-9618+[2001-1458-303-16--100-2f]-9618&alias=b9p23p7440.cern.ch&noUDP&sock=slot1_7_7284_fca1_94524>
...
040 (10613550.190.000) 12/16 15:44:06 Finished transferring input files
...
001 (10613550.190.000) 12/16 15:44:06 Job executing on host: <188.185.211.51:9618?addrs=188.185.211.51-9618+[2001-1458-303-16--100-2f]-9618&alias=b9p23p7440.cern.ch&noUDP&sock=startd_6477_4301>
	SlotName: slot1_7@b9p23p7440.cern.ch
	CondorScratchDir = "/pool/condor/dir_3198603"
	Cpus = 4
	Disk = 11084
	GPUs = 0
	Memory = 12000
...
006 (10613550.190.000) 12/16 15:44:20 Image size of job updated: 35564
	35  -  MemoryUsage of job (MB)
	35564  -  ResidentSetSize of job (KB)
...
006 (10613550.190.000) 12/16 15:49:20 Image size of job updated: 35984
	35  -  MemoryUsage of job (MB)
	35564  -  ResidentSetSize of job (KB)
...
006 (10613550.190.000) 12/16 17:03:46 Image size of job updated: 90244
	35  -  MemoryUsage of job (MB)
	35564  -  ResidentSetSize of job (KB)
...
040 (10613550.190.000) 12/16 17:03:47 Started transferring output files
...
040 (10613550.190.000) 12/16 17:03:47 Finished transferring output files
...
005 (10613550.190.000) 12/16 17:03:47 Job terminated.
	(1) Normal termination (return value 0)
		Usr 0 01:18:30, Sys 0 00:00:11  -  Run Remote Usage
		Usr 0 00:00:00, Sys 0 00:00:00  -  Run Local Usage
		Usr 0 01:18:30, Sys 0 00:00:11  -  Total Remote Usage
		Usr 0 00:00:00, Sys 0 00:00:00  -  Total Local Usage
	0  -  Run Bytes Sent By Job
	7584148  -  Run Bytes Received By Job
	0  -  Total Bytes Sent By Job
	7584148  -  Total Bytes Received By Job
	Partitionable Resources :    Usage  Request Allocated 
	   Cpus                 :     0.99        4         4 
	   Disk (KB)            : 33047        7500     11084 
	   GPUs                 :                           0 
	   Memory (MB)          :    35       12000     12000 
	   TimeExecute (s)      :  4780                       
	   TimeSlotBusy (s)     :  4781                       

	Job terminated of its own accord at 2025-12-16T16:03:46Z with exit-code 0.
...
