000 (10610889.752.000) 12/16 07:15:01 Job submitted from host: <188.185.71.83:9618?addrs=188.185.71.83-9618+[2001-1458-d00-7--100-34d]-9618&alias=bigbird18.cern.ch&noUDP&sock=schedd_5052_d48c>
...
040 (10610889.752.000) 12/16 14:26:00 Started transferring input files
	Transferring to host: <188.185.215.76:9618?addrs=188.185.215.76-9618+[2001-1458-303-1e--100-48]-9618&alias=b9p31p2789.cern.ch&noUDP&sock=slot1_1_3095_7517_93223>
...
040 (10610889.752.000) 12/16 14:26:00 Finished transferring input files
...
001 (10610889.752.000) 12/16 14:26:00 Job executing on host: <188.185.215.76:9618?addrs=188.185.215.76-9618+[2001-1458-303-1e--100-48]-9618&alias=b9p31p2789.cern.ch&noUDP&sock=startd_2620_ae38>
	SlotName: slot1_1@b9p31p2789.cern.ch
	CondorScratchDir = "/pool/condor/dir_399714"
	Cpus = 4
	Disk = 10927
	GPUs = 0
	Memory = 12000
...
006 (10610889.752.000) 12/16 14:26:14 Image size of job updated: 38032
	38  -  MemoryUsage of job (MB)
	38032  -  ResidentSetSize of job (KB)
...
006 (10610889.752.000) 12/16 14:31:15 Image size of job updated: 38452
	38  -  MemoryUsage of job (MB)
	38032  -  ResidentSetSize of job (KB)
...
040 (10610889.752.000) 12/16 15:49:59 Started transferring output files
...
040 (10610889.752.000) 12/16 15:50:00 Finished transferring output files
...
005 (10610889.752.000) 12/16 15:50:00 Job terminated.
	(1) Normal termination (return value 0)
		Usr 0 01:22:51, Sys 0 00:00:11  -  Run Remote Usage
		Usr 0 00:00:00, Sys 0 00:00:00  -  Run Local Usage
		Usr 0 01:22:51, Sys 0 00:00:11  -  Total Remote Usage
		Usr 0 00:00:00, Sys 0 00:00:00  -  Total Local Usage
	0  -  Run Bytes Sent By Job
	7584148  -  Run Bytes Received By Job
	0  -  Total Bytes Sent By Job
	7584148  -  Total Bytes Received By Job
	Partitionable Resources :    Usage  Request Allocated 
	   Cpus                 :     0.99        4         4 
	   Disk (KB)            : 32912        7500     10927 
	   GPUs                 :                           0 
	   Memory (MB)          :    38       12000     12000 
	   TimeExecute (s)      :  5039                       
	   TimeSlotBusy (s)     :  5041                       

	Job terminated of its own accord at 2025-12-16T14:49:59Z with exit-code 0.
...
