000 (10610889.633.000) 12/16 07:15:01 Job submitted from host: <188.185.71.83:9618?addrs=188.185.71.83-9618+[2001-1458-d00-7--100-34d]-9618&alias=bigbird18.cern.ch&noUDP&sock=schedd_5052_d48c>
...
040 (10610889.633.000) 12/16 14:14:13 Started transferring input files
	Transferring to host: <188.185.195.172:9618?addrs=188.185.195.172-9618+[2001-1458-303-22--100-a8]-9618&alias=b9p17p8603.cern.ch&noUDP&sock=slot1_13_9414_c3b8_82859>
...
040 (10610889.633.000) 12/16 14:14:13 Finished transferring input files
...
001 (10610889.633.000) 12/16 14:14:13 Job executing on host: <188.185.195.172:9618?addrs=188.185.195.172-9618+[2001-1458-303-22--100-a8]-9618&alias=b9p17p8603.cern.ch&noUDP&sock=startd_8024_6004>
	SlotName: slot1_13@b9p17p8603.cern.ch
	CondorScratchDir = "/pool/condor/dir_1796043"
	Cpus = 4
	Disk = 11014
	GPUs = 0
	Memory = 12000
...
006 (10610889.633.000) 12/16 14:14:27 Image size of job updated: 28592
	28  -  MemoryUsage of job (MB)
	28592  -  ResidentSetSize of job (KB)
...
006 (10610889.633.000) 12/16 14:19:28 Image size of job updated: 29012
	28  -  MemoryUsage of job (MB)
	28592  -  ResidentSetSize of job (KB)
...
006 (10610889.633.000) 12/16 17:04:34 Image size of job updated: 120416
	28  -  MemoryUsage of job (MB)
	28592  -  ResidentSetSize of job (KB)
...
040 (10610889.633.000) 12/16 17:04:35 Started transferring output files
...
040 (10610889.633.000) 12/16 17:04:35 Finished transferring output files
...
005 (10610889.633.000) 12/16 17:04:35 Job terminated.
	(1) Normal termination (return value 0)
		Usr 0 02:46:45, Sys 0 00:00:26  -  Run Remote Usage
		Usr 0 00:00:00, Sys 0 00:00:00  -  Run Local Usage
		Usr 0 02:46:45, Sys 0 00:00:26  -  Total Remote Usage
		Usr 0 00:00:00, Sys 0 00:00:00  -  Total Local Usage
	0  -  Run Bytes Sent By Job
	7584148  -  Run Bytes Received By Job
	0  -  Total Bytes Sent By Job
	7584148  -  Total Bytes Received By Job
	Partitionable Resources :    Usage  Request Allocated 
	   Cpus                 :     0.99        4         4 
	   Disk (KB)            : 33401        7500     11014 
	   GPUs                 :                           0 
	   Memory (MB)          :    28       12000     12000 
	   TimeExecute (s)      : 10221                       
	   TimeSlotBusy (s)     : 10223                       

	Job terminated of its own accord at 2025-12-16T16:04:34Z with exit-code 0.
...
