000 (10613549.209.000) 12/16 14:40:44 Job submitted from host: <188.185.71.83:9618?addrs=188.185.71.83-9618+[2001-1458-d00-7--100-34d]-9618&alias=bigbird18.cern.ch&noUDP&sock=schedd_5052_d48c>
...
040 (10613549.209.000) 12/16 15:25:16 Started transferring input files
	Transferring to host: <188.185.196.139:9618?addrs=188.185.196.139-9618+[2001-1458-303-23--100-87]-9618&alias=b9p16p3545.cern.ch&noUDP&sock=slot1_14_6028_056e_84684>
...
040 (10613549.209.000) 12/16 15:25:16 Finished transferring input files
...
001 (10613549.209.000) 12/16 15:25:16 Job executing on host: <188.185.196.139:9618?addrs=188.185.196.139-9618+[2001-1458-303-23--100-87]-9618&alias=b9p16p3545.cern.ch&noUDP&sock=startd_5037_8aa0>
	SlotName: slot1_14@b9p16p3545.cern.ch
	CondorScratchDir = "/pool/condor/dir_3442220"
	Cpus = 4
	Disk = 11009
	GPUs = 0
	Memory = 12000
...
006 (10613549.209.000) 12/16 15:25:30 Image size of job updated: 25284
	25  -  MemoryUsage of job (MB)
	25284  -  ResidentSetSize of job (KB)
...
006 (10613549.209.000) 12/16 15:30:31 Image size of job updated: 25376
	25  -  MemoryUsage of job (MB)
	25284  -  ResidentSetSize of job (KB)
...
006 (10613549.209.000) 12/16 18:01:31 Image size of job updated: 116840
	25  -  MemoryUsage of job (MB)
	25284  -  ResidentSetSize of job (KB)
...
040 (10613549.209.000) 12/16 18:01:32 Started transferring output files
...
040 (10613549.209.000) 12/16 18:01:33 Finished transferring output files
...
005 (10613549.209.000) 12/16 18:01:33 Job terminated.
	(1) Normal termination (return value 0)
		Usr 0 02:32:40, Sys 0 00:00:15  -  Run Remote Usage
		Usr 0 00:00:00, Sys 0 00:00:00  -  Run Local Usage
		Usr 0 02:32:40, Sys 0 00:00:15  -  Total Remote Usage
		Usr 0 00:00:00, Sys 0 00:00:00  -  Total Local Usage
	0  -  Run Bytes Sent By Job
	7584148  -  Run Bytes Received By Job
	0  -  Total Bytes Sent By Job
	7584148  -  Total Bytes Received By Job
	Partitionable Resources :    Usage  Request Allocated 
	   Cpus                 :     0.96        4         4 
	   Disk (KB)            : 32645        7500     11009 
	   GPUs                 :                           0 
	   Memory (MB)          :    25       12000     12000 
	   TimeExecute (s)      :  9375                       
	   TimeSlotBusy (s)     :  9377                       

	Job terminated of its own accord at 2025-12-16T17:01:31Z with exit-code 0.
...
