000 (10613550.193.000) 12/16 14:40:59 Job submitted from host: <188.185.71.83:9618?addrs=188.185.71.83-9618+[2001-1458-d00-7--100-34d]-9618&alias=bigbird18.cern.ch&noUDP&sock=schedd_5052_d48c>
...
040 (10613550.193.000) 12/16 15:44:22 Started transferring input files
	Transferring to host: <188.185.213.9:9618?addrs=188.185.213.9-9618+[2001-1458-303-1a--100-5]-9618&alias=b9p27p1480.cern.ch&noUDP&sock=slot1_7_6993_f375_93724>
...
040 (10613550.193.000) 12/16 15:44:22 Finished transferring input files
...
001 (10613550.193.000) 12/16 15:44:22 Job executing on host: <188.185.213.9:9618?addrs=188.185.213.9-9618+[2001-1458-303-1a--100-5]-9618&alias=b9p27p1480.cern.ch&noUDP&sock=startd_6047_5148>
	SlotName: slot1_7@b9p27p1480.cern.ch
	CondorScratchDir = "/pool/condor/dir_1011562"
	Cpus = 4
	Disk = 11116
	GPUs = 0
	Memory = 12000
...
006 (10613550.193.000) 12/16 15:44:36 Image size of job updated: 37488
	37  -  MemoryUsage of job (MB)
	37488  -  ResidentSetSize of job (KB)
...
006 (10613550.193.000) 12/16 15:49:37 Image size of job updated: 37908
	37  -  MemoryUsage of job (MB)
	37488  -  ResidentSetSize of job (KB)
...
006 (10613550.193.000) 12/16 16:59:46 Image size of job updated: 43320
	43  -  MemoryUsage of job (MB)
	43320  -  ResidentSetSize of job (KB)
...
040 (10613550.193.000) 12/16 17:03:43 Started transferring output files
...
040 (10613550.193.000) 12/16 17:03:43 Finished transferring output files
...
005 (10613550.193.000) 12/16 17:03:43 Job terminated.
	(1) Normal termination (return value 0)
		Usr 0 01:18:20, Sys 0 00:00:05  -  Run Remote Usage
		Usr 0 00:00:00, Sys 0 00:00:00  -  Run Local Usage
		Usr 0 01:18:20, Sys 0 00:00:05  -  Total Remote Usage
		Usr 0 00:00:00, Sys 0 00:00:00  -  Total Local Usage
	0  -  Run Bytes Sent By Job
	7584148  -  Run Bytes Received By Job
	0  -  Total Bytes Sent By Job
	7584148  -  Total Bytes Received By Job
	Partitionable Resources :    Usage  Request Allocated 
	   Cpus                 :     0.99        4         4 
	   Disk (KB)            : 33136        7500     11116 
	   GPUs                 :                           0 
	   Memory (MB)          :    43       12000     12000 
	   TimeExecute (s)      :  4760                       
	   TimeSlotBusy (s)     :  4761                       

	Job terminated of its own accord at 2025-12-16T16:03:42Z with exit-code 0.
...
