000 (10610888.106.000) 12/16 07:14:44 Job submitted from host: <188.185.71.83:9618?addrs=188.185.71.83-9618+[2001-1458-d00-7--100-34d]-9618&alias=bigbird18.cern.ch&noUDP&sock=schedd_5052_d48c>
...
040 (10610888.106.000) 12/16 08:38:21 Started transferring input files
	Transferring to host: <188.185.209.99:9618?addrs=188.185.209.99-9618+[2001-1458-303-11--100-60]-9618&alias=b9p11p8251.cern.ch&noUDP&sock=slot1_21_9156_faed_86822>
...
040 (10610888.106.000) 12/16 08:38:21 Finished transferring input files
...
001 (10610888.106.000) 12/16 08:38:21 Job executing on host: <188.185.209.99:9618?addrs=188.185.209.99-9618+[2001-1458-303-11--100-60]-9618&alias=b9p11p8251.cern.ch&noUDP&sock=startd_7858_834b>
	SlotName: slot1_21@b9p11p8251.cern.ch
	CondorScratchDir = "/pool/condor/dir_2606407"
	Cpus = 4
	Disk = 11043
	GPUs = 0
	Memory = 12000
...
006 (10610888.106.000) 12/16 08:38:35 Image size of job updated: 39656
	39  -  MemoryUsage of job (MB)
	39656  -  ResidentSetSize of job (KB)
...
006 (10610888.106.000) 12/16 08:43:36 Image size of job updated: 40036
	39  -  MemoryUsage of job (MB)
	39656  -  ResidentSetSize of job (KB)
...
006 (10610888.106.000) 12/16 09:51:43 Image size of job updated: 120684
	39  -  MemoryUsage of job (MB)
	39656  -  ResidentSetSize of job (KB)
...
040 (10610888.106.000) 12/16 09:51:43 Started transferring output files
...
040 (10610888.106.000) 12/16 09:51:44 Finished transferring output files
...
005 (10610888.106.000) 12/16 09:51:44 Job terminated.
	(1) Normal termination (return value 0)
		Usr 0 01:12:32, Sys 0 00:00:05  -  Run Remote Usage
		Usr 0 00:00:00, Sys 0 00:00:00  -  Run Local Usage
		Usr 0 01:12:32, Sys 0 00:00:05  -  Total Remote Usage
		Usr 0 00:00:00, Sys 0 00:00:00  -  Total Local Usage
	0  -  Run Bytes Sent By Job
	7584148  -  Run Bytes Received By Job
	0  -  Total Bytes Sent By Job
	7584148  -  Total Bytes Received By Job
	Partitionable Resources :    Usage  Request Allocated 
	   Cpus                 :     0.99        4         4 
	   Disk (KB)            : 33543        7500     11043 
	   GPUs                 :                           0 
	   Memory (MB)          :    39       12000     12000 
	   TimeExecute (s)      :  4402                       
	   TimeSlotBusy (s)     :  4403                       

	Job terminated of its own accord at 2025-12-16T08:51:43Z with exit-code 0.
...
