000 (10610889.207.000) 12/16 07:15:00 Job submitted from host: <188.185.71.83:9618?addrs=188.185.71.83-9618+[2001-1458-d00-7--100-34d]-9618&alias=bigbird18.cern.ch&noUDP&sock=schedd_5052_d48c>
...
040 (10610889.207.000) 12/16 13:31:20 Started transferring input files
	Transferring to host: <188.185.211.162:9618?addrs=188.185.211.162-9618+[2001-1458-303-17--100-1e]-9618&alias=b9p24p3783.cern.ch&noUDP&sock=slot1_16_1680871_6d99_13425>
...
040 (10610889.207.000) 12/16 13:31:20 Finished transferring input files
...
001 (10610889.207.000) 12/16 13:31:20 Job executing on host: <188.185.211.162:9618?addrs=188.185.211.162-9618+[2001-1458-303-17--100-1e]-9618&alias=b9p24p3783.cern.ch&noUDP&sock=startd_5652_615f>
	SlotName: slot1_16@b9p24p3783.cern.ch
	CondorScratchDir = "/pool/condor/dir_2065562"
	Cpus = 4
	Disk = 10897
	GPUs = 0
	Memory = 12000
...
006 (10610889.207.000) 12/16 13:31:34 Image size of job updated: 42084
	42  -  MemoryUsage of job (MB)
	42084  -  ResidentSetSize of job (KB)
...
006 (10610889.207.000) 12/16 13:36:35 Image size of job updated: 42504
	42  -  MemoryUsage of job (MB)
	42084  -  ResidentSetSize of job (KB)
...
006 (10610889.207.000) 12/16 14:50:41 Image size of job updated: 123056
	42  -  MemoryUsage of job (MB)
	42084  -  ResidentSetSize of job (KB)
...
040 (10610889.207.000) 12/16 14:50:42 Started transferring output files
...
040 (10610889.207.000) 12/16 14:50:42 Finished transferring output files
...
005 (10610889.207.000) 12/16 14:50:42 Job terminated.
	(1) Normal termination (return value 0)
		Usr 0 01:18:25, Sys 0 00:00:08  -  Run Remote Usage
		Usr 0 00:00:00, Sys 0 00:00:00  -  Run Local Usage
		Usr 0 01:18:25, Sys 0 00:00:08  -  Total Remote Usage
		Usr 0 00:00:00, Sys 0 00:00:00  -  Total Local Usage
	0  -  Run Bytes Sent By Job
	7584148  -  Run Bytes Received By Job
	0  -  Total Bytes Sent By Job
	7584148  -  Total Bytes Received By Job
	Partitionable Resources :    Usage  Request Allocated 
	   Cpus                 :     0.99        4         4 
	   Disk (KB)            : 32725        7500     10897 
	   GPUs                 :                           0 
	   Memory (MB)          :    42       12000     12000 
	   TimeExecute (s)      :  4761                       
	   TimeSlotBusy (s)     :  4763                       

	Job terminated of its own accord at 2025-12-16T13:50:41Z with exit-code 0.
...
