000 (10613550.650.000) 12/16 14:41:00 Job submitted from host: <188.185.71.83:9618?addrs=188.185.71.83-9618+[2001-1458-d00-7--100-34d]-9618&alias=bigbird18.cern.ch&noUDP&sock=schedd_5052_d48c>
...
040 (10613550.650.000) 12/16 16:45:51 Started transferring input files
	Transferring to host: <188.185.212.196:9618?addrs=188.185.212.196-9618+[2001-1458-303-19--100-40]-9618&alias=b9p26p0182.cern.ch&noUDP&sock=slot1_14_4072_d79f_91362>
...
040 (10613550.650.000) 12/16 16:45:51 Finished transferring input files
...
001 (10613550.650.000) 12/16 16:45:51 Job executing on host: <188.185.212.196:9618?addrs=188.185.212.196-9618+[2001-1458-303-19--100-40]-9618&alias=b9p26p0182.cern.ch&noUDP&sock=startd_3434_0450>
	SlotName: slot1_14@b9p26p0182.cern.ch
	CondorScratchDir = "/pool/condor/dir_4193877"
	Cpus = 4
	Disk = 10976
	GPUs = 0
	Memory = 12000
...
006 (10613550.650.000) 12/16 16:46:05 Image size of job updated: 37524
	37  -  MemoryUsage of job (MB)
	37524  -  ResidentSetSize of job (KB)
...
006 (10613550.650.000) 12/16 16:51:06 Image size of job updated: 37948
	37  -  MemoryUsage of job (MB)
	37524  -  ResidentSetSize of job (KB)
...
040 (10613550.650.000) 12/16 17:59:54 Started transferring output files
...
040 (10613550.650.000) 12/16 17:59:54 Finished transferring output files
...
005 (10613550.650.000) 12/16 17:59:54 Job terminated.
	(1) Normal termination (return value 0)
		Usr 0 01:13:15, Sys 0 00:00:07  -  Run Remote Usage
		Usr 0 00:00:00, Sys 0 00:00:00  -  Run Local Usage
		Usr 0 01:13:15, Sys 0 00:00:07  -  Total Remote Usage
		Usr 0 00:00:00, Sys 0 00:00:00  -  Total Local Usage
	0  -  Run Bytes Sent By Job
	7584148  -  Run Bytes Received By Job
	0  -  Total Bytes Sent By Job
	7584148  -  Total Bytes Received By Job
	Partitionable Resources :    Usage  Request Allocated 
	   Cpus                 :     0.99        4         4 
	   Disk (KB)            : 32369        7500     10976 
	   GPUs                 :                           0 
	   Memory (MB)          :    37       12000     12000 
	   TimeExecute (s)      :  4442                       
	   TimeSlotBusy (s)     :  4443                       

	Job terminated of its own accord at 2025-12-16T16:59:53Z with exit-code 0.
...
