000 (10613549.359.000) 12/16 14:40:44 Job submitted from host: <188.185.71.83:9618?addrs=188.185.71.83-9618+[2001-1458-d00-7--100-34d]-9618&alias=bigbird18.cern.ch&noUDP&sock=schedd_5052_d48c>
...
040 (10613549.359.000) 12/16 15:29:38 Started transferring input files
	Transferring to host: <188.185.212.180:9618?addrs=188.185.212.180-9618+[2001-1458-303-19--100-30]-9618&alias=b9p26p6509.cern.ch&noUDP&sock=slot1_1_2829136_ff5f_12114>
...
040 (10613549.359.000) 12/16 15:29:38 Finished transferring input files
...
001 (10613549.359.000) 12/16 15:29:38 Job executing on host: <188.185.212.180:9618?addrs=188.185.212.180-9618+[2001-1458-303-19--100-30]-9618&alias=b9p26p6509.cern.ch&noUDP&sock=startd_2828637_48d7>
	SlotName: slot1_1@b9p26p6509.cern.ch
	CondorScratchDir = "/pool/condor/dir_540182"
	Cpus = 4
	Disk = 10954
	GPUs = 0
	Memory = 12000
...
006 (10613549.359.000) 12/16 15:29:52 Image size of job updated: 37508
	37  -  MemoryUsage of job (MB)
	37508  -  ResidentSetSize of job (KB)
...
006 (10613549.359.000) 12/16 15:34:52 Image size of job updated: 37928
	37  -  MemoryUsage of job (MB)
	37508  -  ResidentSetSize of job (KB)
...
006 (10613549.359.000) 12/16 17:01:59 Image size of job updated: 118452
	37  -  MemoryUsage of job (MB)
	37508  -  ResidentSetSize of job (KB)
...
040 (10613549.359.000) 12/16 17:02:00 Started transferring output files
...
040 (10613549.359.000) 12/16 17:02:00 Finished transferring output files
...
005 (10613549.359.000) 12/16 17:02:00 Job terminated.
	(1) Normal termination (return value 0)
		Usr 0 01:30:43, Sys 0 00:00:13  -  Run Remote Usage
		Usr 0 00:00:00, Sys 0 00:00:00  -  Run Local Usage
		Usr 0 01:30:43, Sys 0 00:00:13  -  Total Remote Usage
		Usr 0 00:00:00, Sys 0 00:00:00  -  Total Local Usage
	0  -  Run Bytes Sent By Job
	7584148  -  Run Bytes Received By Job
	0  -  Total Bytes Sent By Job
	7584148  -  Total Bytes Received By Job
	Partitionable Resources :    Usage  Request Allocated 
	   Cpus                 :     0.99        4         4 
	   Disk (KB)            : 32623        7500     10954 
	   GPUs                 :                           0 
	   Memory (MB)          :    37       12000     12000 
	   TimeExecute (s)      :  5541                       
	   TimeSlotBusy (s)     :  5543                       

	Job terminated of its own accord at 2025-12-16T16:01:59Z with exit-code 0.
...
