000 (10610887.976.000) 12/16 07:14:32 Job submitted from host: <188.185.71.83:9618?addrs=188.185.71.83-9618+[2001-1458-d00-7--100-34d]-9618&alias=bigbird18.cern.ch&noUDP&sock=schedd_5052_d48c>
...
040 (10610887.976.000) 12/16 08:00:20 Started transferring input files
	Transferring to host: <188.185.204.205:9618?addrs=188.185.204.205-9618+[2001-1458-303-8--100-c1]-9618&alias=b9p02p6727.cern.ch&noUDP&sock=slot1_3_9380_cef7_86942>
...
040 (10610887.976.000) 12/16 08:00:20 Finished transferring input files
...
001 (10610887.976.000) 12/16 08:00:20 Job executing on host: <188.185.204.205:9618?addrs=188.185.204.205-9618+[2001-1458-303-8--100-c1]-9618&alias=b9p02p6727.cern.ch&noUDP&sock=startd_8049_85e2>
	SlotName: slot1_3@b9p02p6727.cern.ch
	CondorScratchDir = "/pool/condor/dir_1733766"
	Cpus = 4
	Disk = 10919
	GPUs = 0
	Memory = 12000
...
006 (10610887.976.000) 12/16 08:00:34 Image size of job updated: 39988
	40  -  MemoryUsage of job (MB)
	39988  -  ResidentSetSize of job (KB)
...
006 (10610887.976.000) 12/16 08:05:35 Image size of job updated: 40356
	40  -  MemoryUsage of job (MB)
	39988  -  ResidentSetSize of job (KB)
...
040 (10610887.976.000) 12/16 09:29:44 Started transferring output files
...
040 (10610887.976.000) 12/16 09:29:45 Finished transferring output files
...
005 (10610887.976.000) 12/16 09:29:45 Job terminated.
	(1) Normal termination (return value 0)
		Usr 0 01:28:11, Sys 0 00:00:09  -  Run Remote Usage
		Usr 0 00:00:00, Sys 0 00:00:00  -  Run Local Usage
		Usr 0 01:28:11, Sys 0 00:00:09  -  Total Remote Usage
		Usr 0 00:00:00, Sys 0 00:00:00  -  Total Local Usage
	0  -  Run Bytes Sent By Job
	7584148  -  Run Bytes Received By Job
	0  -  Total Bytes Sent By Job
	7584148  -  Total Bytes Received By Job
	Partitionable Resources :    Usage  Request Allocated 
	   Cpus                 :     0.99        4         4 
	   Disk (KB)            : 32555        7500     10919 
	   GPUs                 :                           0 
	   Memory (MB)          :    40       12000     12000 
	   TimeExecute (s)      :  5364                       
	   TimeSlotBusy (s)     :  5366                       

	Job terminated of its own accord at 2025-12-16T08:29:44Z with exit-code 0.
...
