000 (10610889.781.000) 12/16 07:15:01 Job submitted from host: <188.185.71.83:9618?addrs=188.185.71.83-9618+[2001-1458-d00-7--100-34d]-9618&alias=bigbird18.cern.ch&noUDP&sock=schedd_5052_d48c>
...
040 (10610889.781.000) 12/16 14:26:10 Started transferring input files
	Transferring to host: <188.185.214.51:9618?addrs=188.185.214.51-9618+[2001-1458-303-1c--100-2f]-9618&alias=b9p29p9485.cern.ch&noUDP&sock=slot1_2_213758_992d_12916>
...
040 (10610889.781.000) 12/16 14:26:11 Finished transferring input files
...
001 (10610889.781.000) 12/16 14:26:11 Job executing on host: <188.185.214.51:9618?addrs=188.185.214.51-9618+[2001-1458-303-1c--100-2f]-9618&alias=b9p29p9485.cern.ch&noUDP&sock=startd_3721_dffe>
	SlotName: slot1_2@b9p29p9485.cern.ch
	CondorScratchDir = "/pool/condor/dir_844753"
	Cpus = 4
	Disk = 10950
	GPUs = 0
	Memory = 12000
...
006 (10610889.781.000) 12/16 14:26:25 Image size of job updated: 29172
	29  -  MemoryUsage of job (MB)
	29172  -  ResidentSetSize of job (KB)
...
006 (10610889.781.000) 12/16 14:31:26 Image size of job updated: 29596
	29  -  MemoryUsage of job (MB)
	29172  -  ResidentSetSize of job (KB)
...
006 (10610889.781.000) 12/16 15:58:23 Image size of job updated: 51172
	29  -  MemoryUsage of job (MB)
	29172  -  ResidentSetSize of job (KB)
...
040 (10610889.781.000) 12/16 15:58:24 Started transferring output files
...
040 (10610889.781.000) 12/16 15:58:25 Finished transferring output files
...
005 (10610889.781.000) 12/16 15:58:25 Job terminated.
	(1) Normal termination (return value 0)
		Usr 0 01:30:29, Sys 0 00:00:11  -  Run Remote Usage
		Usr 0 00:00:00, Sys 0 00:00:00  -  Run Local Usage
		Usr 0 01:30:29, Sys 0 00:00:11  -  Total Remote Usage
		Usr 0 00:00:00, Sys 0 00:00:00  -  Total Local Usage
	0  -  Run Bytes Sent By Job
	7584148  -  Run Bytes Received By Job
	0  -  Total Bytes Sent By Job
	7584148  -  Total Bytes Received By Job
	Partitionable Resources :    Usage  Request Allocated 
	   Cpus                 :     0.99        4         4 
	   Disk (KB)            : 33649        7500     10950 
	   GPUs                 :                           0 
	   Memory (MB)          :    29       12000     12000 
	   TimeExecute (s)      :  5532                       
	   TimeSlotBusy (s)     :  5536                       

	Job terminated of its own accord at 2025-12-16T14:58:23Z with exit-code 0.
...
