000 (10610888.723.000) 12/16 07:14:44 Job submitted from host: <188.185.71.83:9618?addrs=188.185.71.83-9618+[2001-1458-d00-7--100-34d]-9618&alias=bigbird18.cern.ch&noUDP&sock=schedd_5052_d48c>
...
040 (10610888.723.000) 12/16 09:37:18 Started transferring input files
	Transferring to host: <128.142.161.114:9618?addrs=128.142.161.114-9618+[2001-1458-301-b8--100-30]-9618&alias=b9g03p3124.cern.ch&noUDP&sock=slot1_9_505982_d799_79017>
...
040 (10610888.723.000) 12/16 09:37:18 Finished transferring input files
...
001 (10610888.723.000) 12/16 09:37:18 Job executing on host: <128.142.161.114:9618?addrs=128.142.161.114-9618+[2001-1458-301-b8--100-30]-9618&alias=b9g03p3124.cern.ch&noUDP&sock=startd_3171104_294e>
	SlotName: slot1_9@b9g03p3124.cern.ch
	CondorScratchDir = "/pool/condor/dir_861991"
	Cpus = 4
	Disk = 11235
	GPUs = 0
	Memory = 12000
...
006 (10610888.723.000) 12/16 09:37:32 Image size of job updated: 38008
	38  -  MemoryUsage of job (MB)
	38008  -  ResidentSetSize of job (KB)
...
006 (10610888.723.000) 12/16 09:42:33 Image size of job updated: 38428
	38  -  MemoryUsage of job (MB)
	38008  -  ResidentSetSize of job (KB)
...
006 (10610888.723.000) 12/16 10:52:42 Image size of job updated: 44008
	43  -  MemoryUsage of job (MB)
	44008  -  ResidentSetSize of job (KB)
...
006 (10610888.723.000) 12/16 11:16:56 Image size of job updated: 125784
	43  -  MemoryUsage of job (MB)
	44008  -  ResidentSetSize of job (KB)
...
040 (10610888.723.000) 12/16 11:16:56 Started transferring output files
...
040 (10610888.723.000) 12/16 11:16:56 Finished transferring output files
...
005 (10610888.723.000) 12/16 11:16:56 Job terminated.
	(1) Normal termination (return value 0)
		Usr 0 01:38:10, Sys 0 00:00:05  -  Run Remote Usage
		Usr 0 00:00:00, Sys 0 00:00:00  -  Run Local Usage
		Usr 0 01:38:10, Sys 0 00:00:05  -  Total Remote Usage
		Usr 0 00:00:00, Sys 0 00:00:00  -  Total Local Usage
	0  -  Run Bytes Sent By Job
	7584148  -  Run Bytes Received By Job
	0  -  Total Bytes Sent By Job
	7584148  -  Total Bytes Received By Job
	Partitionable Resources :    Usage  Request Allocated 
	   Cpus                 :     0.99        4         4 
	   Disk (KB)            : 33093        7500     11235 
	   GPUs                 :                           0 
	   Memory (MB)          :    43       12000     12000 
	   TimeExecute (s)      :  5978                       
	   TimeSlotBusy (s)     :  5978                       

	Job terminated of its own accord at 2025-12-16T10:16:56Z with exit-code 0.
...
