000 (10613550.673.000) 12/16 14:41:00 Job submitted from host: <188.185.71.83:9618?addrs=188.185.71.83-9618+[2001-1458-d00-7--100-34d]-9618&alias=bigbird18.cern.ch&noUDP&sock=schedd_5052_d48c>
...
040 (10613550.673.000) 12/16 16:46:52 Started transferring input files
	Transferring to host: <188.185.210.185:9618?addrs=188.185.210.185-9618+[2001-1458-303-15--100-35]-9618&alias=b9p22p6649.cern.ch&noUDP&sock=slot1_11_5165_f5ab_114076>
...
040 (10613550.673.000) 12/16 16:46:52 Finished transferring input files
...
001 (10613550.673.000) 12/16 16:46:52 Job executing on host: <188.185.210.185:9618?addrs=188.185.210.185-9618+[2001-1458-303-15--100-35]-9618&alias=b9p22p6649.cern.ch&noUDP&sock=startd_4190_91e9>
	SlotName: slot1_11@b9p22p6649.cern.ch
	CondorScratchDir = "/pool/condor/dir_1304761"
	Cpus = 4
	Disk = 10990
	GPUs = 0
	Memory = 12000
...
006 (10613550.673.000) 12/16 16:47:06 Image size of job updated: 37456
	37  -  MemoryUsage of job (MB)
	37456  -  ResidentSetSize of job (KB)
...
006 (10613550.673.000) 12/16 16:52:06 Image size of job updated: 37876
	37  -  MemoryUsage of job (MB)
	37456  -  ResidentSetSize of job (KB)
...
040 (10613550.673.000) 12/16 18:03:13 Started transferring output files
...
040 (10613550.673.000) 12/16 18:03:13 Finished transferring output files
...
005 (10613550.673.000) 12/16 18:03:13 Job terminated.
	(1) Normal termination (return value 0)
		Usr 0 01:15:22, Sys 0 00:00:06  -  Run Remote Usage
		Usr 0 00:00:00, Sys 0 00:00:00  -  Run Local Usage
		Usr 0 01:15:22, Sys 0 00:00:06  -  Total Remote Usage
		Usr 0 00:00:00, Sys 0 00:00:00  -  Total Local Usage
	0  -  Run Bytes Sent By Job
	7584148  -  Run Bytes Received By Job
	0  -  Total Bytes Sent By Job
	7584148  -  Total Bytes Received By Job
	Partitionable Resources :    Usage  Request Allocated 
	   Cpus                 :     0.99        4         4 
	   Disk (KB)            : 32834        7500     10990 
	   GPUs                 :                           0 
	   Memory (MB)          :    37       12000     12000 
	   TimeExecute (s)      :  4581                       
	   TimeSlotBusy (s)     :  4581                       

	Job terminated of its own accord at 2025-12-16T17:03:13Z with exit-code 0.
...
