000 (10610887.522.000) 12/16 07:14:31 Job submitted from host: <188.185.71.83:9618?addrs=188.185.71.83-9618+[2001-1458-d00-7--100-34d]-9618&alias=bigbird18.cern.ch&noUDP&sock=schedd_5052_d48c>
...
040 (10610887.522.000) 12/16 07:50:40 Started transferring input files
	Transferring to host: <188.185.195.165:9618?addrs=188.185.195.165-9618+[2001-1458-303-22--100-a1]-9618&alias=b9p17p6053.cern.ch&noUDP&sock=slot1_2_6921_3873_85074>
...
040 (10610887.522.000) 12/16 07:50:40 Finished transferring input files
...
001 (10610887.522.000) 12/16 07:50:40 Job executing on host: <188.185.195.165:9618?addrs=188.185.195.165-9618+[2001-1458-303-22--100-a1]-9618&alias=b9p17p6053.cern.ch&noUDP&sock=startd_5730_e1c2>
	SlotName: slot1_2@b9p17p6053.cern.ch
	CondorScratchDir = "/pool/condor/dir_3325972"
	Cpus = 4
	Disk = 11115
	GPUs = 0
	Memory = 12000
...
006 (10610887.522.000) 12/16 07:50:54 Image size of job updated: 24760
	25  -  MemoryUsage of job (MB)
	24760  -  ResidentSetSize of job (KB)
...
006 (10610887.522.000) 12/16 07:55:55 Image size of job updated: 25184
	25  -  MemoryUsage of job (MB)
	24760  -  ResidentSetSize of job (KB)
...
006 (10610887.522.000) 12/16 10:21:05 Image size of job updated: 57352
	25  -  MemoryUsage of job (MB)
	24760  -  ResidentSetSize of job (KB)
...
040 (10610887.522.000) 12/16 10:21:18 Started transferring output files
...
040 (10610887.522.000) 12/16 10:21:18 Finished transferring output files
...
005 (10610887.522.000) 12/16 10:21:18 Job terminated.
	(1) Normal termination (return value 0)
		Usr 0 02:28:41, Sys 0 00:00:08  -  Run Remote Usage
		Usr 0 00:00:00, Sys 0 00:00:00  -  Run Local Usage
		Usr 0 02:28:41, Sys 0 00:00:08  -  Total Remote Usage
		Usr 0 00:00:00, Sys 0 00:00:00  -  Total Local Usage
	0  -  Run Bytes Sent By Job
	7584148  -  Run Bytes Received By Job
	0  -  Total Bytes Sent By Job
	7584148  -  Total Bytes Received By Job
	Partitionable Resources :    Usage  Request Allocated 
	   Cpus                 :     0.99        4         4 
	   Disk (KB)            : 32616        7500     11115 
	   GPUs                 :                           0 
	   Memory (MB)          :    25       12000     12000 
	   TimeExecute (s)      :  9025                       
	   TimeSlotBusy (s)     :  9038                       

	Job terminated of its own accord at 2025-12-16T09:21:05Z with exit-code 0.
...
