000 (10610888.428.000) 12/16 07:14:44 Job submitted from host: <188.185.71.83:9618?addrs=188.185.71.83-9618+[2001-1458-d00-7--100-34d]-9618&alias=bigbird18.cern.ch&noUDP&sock=schedd_5052_d48c>
...
040 (10610888.428.000) 12/16 09:24:00 Started transferring input files
	Transferring to host: <188.185.213.142:9618?addrs=188.185.213.142-9618+[2001-1458-303-1b--100-a]-9618&alias=b9p28p1864.cern.ch&noUDP&sock=slot1_1_4663_4157_112129>
...
040 (10610888.428.000) 12/16 09:24:00 Finished transferring input files
...
001 (10610888.428.000) 12/16 09:24:00 Job executing on host: <188.185.213.142:9618?addrs=188.185.213.142-9618+[2001-1458-303-1b--100-a]-9618&alias=b9p28p1864.cern.ch&noUDP&sock=startd_3914_41c5>
	SlotName: slot1_1@b9p28p1864.cern.ch
	CondorScratchDir = "/pool/condor/dir_3986721"
	Cpus = 4
	Disk = 11152
	GPUs = 0
	Memory = 12000
...
006 (10610888.428.000) 12/16 09:24:14 Image size of job updated: 36080
	36  -  MemoryUsage of job (MB)
	36080  -  ResidentSetSize of job (KB)
...
006 (10610888.428.000) 12/16 09:29:14 Image size of job updated: 36172
	36  -  MemoryUsage of job (MB)
	36080  -  ResidentSetSize of job (KB)
...
040 (10610888.428.000) 12/16 10:57:10 Started transferring output files
...
040 (10610888.428.000) 12/16 10:57:10 Finished transferring output files
...
005 (10610888.428.000) 12/16 10:57:10 Job terminated.
	(1) Normal termination (return value 0)
		Usr 0 01:31:37, Sys 0 00:00:14  -  Run Remote Usage
		Usr 0 00:00:00, Sys 0 00:00:00  -  Run Local Usage
		Usr 0 01:31:37, Sys 0 00:00:14  -  Total Remote Usage
		Usr 0 00:00:00, Sys 0 00:00:00  -  Total Local Usage
	0  -  Run Bytes Sent By Job
	7584148  -  Run Bytes Received By Job
	0  -  Total Bytes Sent By Job
	7584148  -  Total Bytes Received By Job
	Partitionable Resources :    Usage  Request Allocated 
	   Cpus                 :     0.99        4         4 
	   Disk (KB)            : 33272        7500     11152 
	   GPUs                 :                           0 
	   Memory (MB)          :    36       12000     12000 
	   TimeExecute (s)      :  5589                       
	   TimeSlotBusy (s)     :  5590                       

	Job terminated of its own accord at 2025-12-16T09:57:09Z with exit-code 0.
...
