000 (10613550.200.000) 12/16 14:40:59 Job submitted from host: <188.185.71.83:9618?addrs=188.185.71.83-9618+[2001-1458-d00-7--100-34d]-9618&alias=bigbird18.cern.ch&noUDP&sock=schedd_5052_d48c>
...
040 (10613550.200.000) 12/16 15:44:41 Started transferring input files
	Transferring to host: <188.185.214.68:9618?addrs=188.185.214.68-9618+[2001-1458-303-1c--100-40]-9618&alias=b9p29p9608.cern.ch&noUDP&sock=slot1_17_10040_d691_109528>
...
040 (10613550.200.000) 12/16 15:44:41 Finished transferring input files
...
001 (10613550.200.000) 12/16 15:44:41 Job executing on host: <188.185.214.68:9618?addrs=188.185.214.68-9618+[2001-1458-303-1c--100-40]-9618&alias=b9p29p9608.cern.ch&noUDP&sock=startd_9082_1337>
	SlotName: slot1_17@b9p29p9608.cern.ch
	CondorScratchDir = "/pool/condor/dir_3382333"
	Cpus = 4
	Disk = 11159
	GPUs = 0
	Memory = 12000
...
006 (10613550.200.000) 12/16 15:44:55 Image size of job updated: 40092
	40  -  MemoryUsage of job (MB)
	40092  -  ResidentSetSize of job (KB)
...
006 (10613550.200.000) 12/16 15:49:55 Image size of job updated: 40512
	40  -  MemoryUsage of job (MB)
	40092  -  ResidentSetSize of job (KB)
...
006 (10613550.200.000) 12/16 16:59:17 Image size of job updated: 121048
	40  -  MemoryUsage of job (MB)
	40092  -  ResidentSetSize of job (KB)
...
040 (10613550.200.000) 12/16 16:59:17 Started transferring output files
...
040 (10613550.200.000) 12/16 16:59:18 Finished transferring output files
...
005 (10613550.200.000) 12/16 16:59:18 Job terminated.
	(1) Normal termination (return value 0)
		Usr 0 01:13:50, Sys 0 00:00:06  -  Run Remote Usage
		Usr 0 00:00:00, Sys 0 00:00:00  -  Run Local Usage
		Usr 0 01:13:50, Sys 0 00:00:06  -  Total Remote Usage
		Usr 0 00:00:00, Sys 0 00:00:00  -  Total Local Usage
	0  -  Run Bytes Sent By Job
	7584148  -  Run Bytes Received By Job
	0  -  Total Bytes Sent By Job
	7584148  -  Total Bytes Received By Job
	Partitionable Resources :    Usage  Request Allocated 
	   Cpus                 :     1.00        4         4 
	   Disk (KB)            : 33044        7500     11159 
	   GPUs                 :                           0 
	   Memory (MB)          :    40       12000     12000 
	   TimeExecute (s)      :  4476                       
	   TimeSlotBusy (s)     :  4477                       

	Job terminated of its own accord at 2025-12-16T15:59:17Z with exit-code 0.
...
