000 (10613549.507.000) 12/16 14:40:45 Job submitted from host: <188.185.71.83:9618?addrs=188.185.71.83-9618+[2001-1458-d00-7--100-34d]-9618&alias=bigbird18.cern.ch&noUDP&sock=schedd_5052_d48c>
...
040 (10613549.507.000) 12/16 15:30:23 Started transferring input files
	Transferring to host: <188.185.193.54:9618?addrs=188.185.193.54-9618+[2001-1458-303-20--100-32]-9618&alias=b9p19p9927.cern.ch&noUDP&sock=slot1_4_10393_8f00_83115>
...
040 (10613549.507.000) 12/16 15:30:23 Finished transferring input files
...
001 (10613549.507.000) 12/16 15:30:23 Job executing on host: <188.185.193.54:9618?addrs=188.185.193.54-9618+[2001-1458-303-20--100-32]-9618&alias=b9p19p9927.cern.ch&noUDP&sock=startd_8509_0b73>
	SlotName: slot1_4@b9p19p9927.cern.ch
	CondorScratchDir = "/pool/condor/dir_1953686"
	Cpus = 4
	Disk = 10938
	GPUs = 0
	Memory = 12000
...
006 (10613549.507.000) 12/16 15:30:37 Image size of job updated: 24728
	25  -  MemoryUsage of job (MB)
	24728  -  ResidentSetSize of job (KB)
...
006 (10613549.507.000) 12/16 15:35:38 Image size of job updated: 25148
	25  -  MemoryUsage of job (MB)
	24728  -  ResidentSetSize of job (KB)
...
040 (10613549.507.000) 12/16 17:49:46 Started transferring output files
...
040 (10613549.507.000) 12/16 17:49:46 Finished transferring output files
...
005 (10613549.507.000) 12/16 17:49:46 Job terminated.
	(1) Normal termination (return value 0)
		Usr 0 02:15:56, Sys 0 00:00:08  -  Run Remote Usage
		Usr 0 00:00:00, Sys 0 00:00:00  -  Run Local Usage
		Usr 0 02:15:56, Sys 0 00:00:08  -  Total Remote Usage
		Usr 0 00:00:00, Sys 0 00:00:00  -  Total Local Usage
	0  -  Run Bytes Sent By Job
	7584148  -  Run Bytes Received By Job
	0  -  Total Bytes Sent By Job
	7584148  -  Total Bytes Received By Job
	Partitionable Resources :    Usage  Request Allocated 
	   Cpus                 :     0.99        4         4 
	   Disk (KB)            : 32718        7500     10938 
	   GPUs                 :                           0 
	   Memory (MB)          :    25       12000     12000 
	   TimeExecute (s)      :  8362                       
	   TimeSlotBusy (s)     :  8363                       

	Job terminated of its own accord at 2025-12-16T16:49:45Z with exit-code 0.
...
