000 (10610888.605.000) 12/16 07:14:44 Job submitted from host: <188.185.71.83:9618?addrs=188.185.71.83-9618+[2001-1458-d00-7--100-34d]-9618&alias=bigbird18.cern.ch&noUDP&sock=schedd_5052_d48c>
...
040 (10610888.605.000) 12/16 09:31:11 Started transferring input files
	Transferring to host: <188.185.208.141:9618?addrs=188.185.208.141-9618+[2001-1458-303-10--100-a]-9618&alias=b9p10p2306.cern.ch&noUDP&sock=slot1_22_4919_a161_86230>
...
040 (10610888.605.000) 12/16 09:31:11 Finished transferring input files
...
001 (10610888.605.000) 12/16 09:31:11 Job executing on host: <188.185.208.141:9618?addrs=188.185.208.141-9618+[2001-1458-303-10--100-a]-9618&alias=b9p10p2306.cern.ch&noUDP&sock=startd_4181_658f>
	SlotName: slot1_22@b9p10p2306.cern.ch
	CondorScratchDir = "/pool/condor/dir_1464206"
	Cpus = 4
	Disk = 10864
	GPUs = 0
	Memory = 12000
...
006 (10610888.605.000) 12/16 09:31:24 Image size of job updated: 39624
	39  -  MemoryUsage of job (MB)
	39624  -  ResidentSetSize of job (KB)
...
006 (10610888.605.000) 12/16 09:36:24 Image size of job updated: 40032
	39  -  MemoryUsage of job (MB)
	39624  -  ResidentSetSize of job (KB)
...
006 (10610888.605.000) 12/16 11:17:07 Image size of job updated: 120636
	39  -  MemoryUsage of job (MB)
	39624  -  ResidentSetSize of job (KB)
...
040 (10610888.605.000) 12/16 11:17:08 Started transferring output files
...
040 (10610888.605.000) 12/16 11:17:08 Finished transferring output files
...
005 (10610888.605.000) 12/16 11:17:08 Job terminated.
	(1) Normal termination (return value 0)
		Usr 0 01:44:27, Sys 0 00:00:08  -  Run Remote Usage
		Usr 0 00:00:00, Sys 0 00:00:00  -  Run Local Usage
		Usr 0 01:44:27, Sys 0 00:00:08  -  Total Remote Usage
		Usr 0 00:00:00, Sys 0 00:00:00  -  Total Local Usage
	0  -  Run Bytes Sent By Job
	7584148  -  Run Bytes Received By Job
	0  -  Total Bytes Sent By Job
	7584148  -  Total Bytes Received By Job
	Partitionable Resources :    Usage  Request Allocated 
	   Cpus                 :     0.99        4         4 
	   Disk (KB)            : 32560        7500     10864 
	   GPUs                 :                           0 
	   Memory (MB)          :    39       12000     12000 
	   TimeExecute (s)      :  6356                       
	   TimeSlotBusy (s)     :  6358                       

	Job terminated of its own accord at 2025-12-16T10:17:07Z with exit-code 0.
...
