000 (10610887.431.000) 12/16 07:14:31 Job submitted from host: <188.185.71.83:9618?addrs=188.185.71.83-9618+[2001-1458-d00-7--100-34d]-9618&alias=bigbird18.cern.ch&noUDP&sock=schedd_5052_d48c>
...
040 (10610887.431.000) 12/16 07:50:07 Started transferring input files
	Transferring to host: <188.185.209.76:9618?addrs=188.185.209.76-9618+[2001-1458-303-11--100-49]-9618&alias=b9p11p1755.cern.ch&noUDP&sock=slot1_30_9163_e98e_88087>
...
040 (10610887.431.000) 12/16 07:50:07 Finished transferring input files
...
001 (10610887.431.000) 12/16 07:50:07 Job executing on host: <188.185.209.76:9618?addrs=188.185.209.76-9618+[2001-1458-303-11--100-49]-9618&alias=b9p11p1755.cern.ch&noUDP&sock=startd_7594_6e4b>
	SlotName: slot1_30@b9p11p1755.cern.ch
	CondorScratchDir = "/pool/condor/dir_1213132"
	Cpus = 4
	Disk = 10907
	GPUs = 0
	Memory = 12000
...
006 (10610887.431.000) 12/16 07:50:21 Image size of job updated: 39672
	39  -  MemoryUsage of job (MB)
	39672  -  ResidentSetSize of job (KB)
...
006 (10610887.431.000) 12/16 07:55:22 Image size of job updated: 40052
	39  -  MemoryUsage of job (MB)
	39672  -  ResidentSetSize of job (KB)
...
006 (10610887.431.000) 12/16 09:34:31 Image size of job updated: 120704
	39  -  MemoryUsage of job (MB)
	39672  -  ResidentSetSize of job (KB)
...
040 (10610887.431.000) 12/16 09:34:32 Started transferring output files
...
040 (10610887.431.000) 12/16 09:34:32 Finished transferring output files
...
005 (10610887.431.000) 12/16 09:34:32 Job terminated.
	(1) Normal termination (return value 0)
		Usr 0 01:41:32, Sys 0 00:00:13  -  Run Remote Usage
		Usr 0 00:00:00, Sys 0 00:00:00  -  Run Local Usage
		Usr 0 01:41:32, Sys 0 00:00:13  -  Total Remote Usage
		Usr 0 00:00:00, Sys 0 00:00:00  -  Total Local Usage
	0  -  Run Bytes Sent By Job
	7584148  -  Run Bytes Received By Job
	0  -  Total Bytes Sent By Job
	7584148  -  Total Bytes Received By Job
	Partitionable Resources :    Usage  Request Allocated 
	   Cpus                 :     0.99        4         4 
	   Disk (KB)            : 33220        7500     10907 
	   GPUs                 :                           0 
	   Memory (MB)          :    39       12000     12000 
	   TimeExecute (s)      :  6264                       
	   TimeSlotBusy (s)     :  6266                       

	Job terminated of its own accord at 2025-12-16T08:34:31Z with exit-code 0.
...
