000 (10613550.355.000) 12/16 14:40:59 Job submitted from host: <188.185.71.83:9618?addrs=188.185.71.83-9618+[2001-1458-d00-7--100-34d]-9618&alias=bigbird18.cern.ch&noUDP&sock=schedd_5052_d48c>
...
040 (10613550.355.000) 12/16 15:57:16 Started transferring input files
	Transferring to host: <188.185.211.57:9618?addrs=188.185.211.57-9618+[2001-1458-303-16--100-35]-9618&alias=b9p23p9814.cern.ch&noUDP&sock=slot1_3_5407_7875_95055>
...
040 (10613550.355.000) 12/16 15:57:16 Finished transferring input files
...
001 (10613550.355.000) 12/16 15:57:16 Job executing on host: <188.185.211.57:9618?addrs=188.185.211.57-9618+[2001-1458-303-16--100-35]-9618&alias=b9p23p9814.cern.ch&noUDP&sock=startd_4390_c0da>
	SlotName: slot1_3@b9p23p9814.cern.ch
	CondorScratchDir = "/pool/condor/dir_2221229"
	Cpus = 4
	Disk = 10999
	GPUs = 0
	Memory = 12000
...
006 (10613550.355.000) 12/16 15:57:30 Image size of job updated: 40072
	40  -  MemoryUsage of job (MB)
	40072  -  ResidentSetSize of job (KB)
...
006 (10613550.355.000) 12/16 16:02:31 Image size of job updated: 40164
	40  -  MemoryUsage of job (MB)
	40072  -  ResidentSetSize of job (KB)
...
006 (10613550.355.000) 12/16 17:17:19 Image size of job updated: 120748
	40  -  MemoryUsage of job (MB)
	40072  -  ResidentSetSize of job (KB)
...
040 (10613550.355.000) 12/16 17:17:19 Started transferring output files
...
040 (10613550.355.000) 12/16 17:17:20 Finished transferring output files
...
005 (10613550.355.000) 12/16 17:17:20 Job terminated.
	(1) Normal termination (return value 0)
		Usr 0 01:18:45, Sys 0 00:00:16  -  Run Remote Usage
		Usr 0 00:00:00, Sys 0 00:00:00  -  Run Local Usage
		Usr 0 01:18:45, Sys 0 00:00:16  -  Total Remote Usage
		Usr 0 00:00:00, Sys 0 00:00:00  -  Total Local Usage
	0  -  Run Bytes Sent By Job
	7584148  -  Run Bytes Received By Job
	0  -  Total Bytes Sent By Job
	7584148  -  Total Bytes Received By Job
	Partitionable Resources :    Usage  Request Allocated 
	   Cpus                 :     0.99        4         4 
	   Disk (KB)            : 32756        7500     10999 
	   GPUs                 :                           0 
	   Memory (MB)          :    40       12000     12000 
	   TimeExecute (s)      :  4803                       
	   TimeSlotBusy (s)     :  4804                       

	Job terminated of its own accord at 2025-12-16T16:17:19Z with exit-code 0.
...
