000 (10610889.269.000) 12/16 07:15:00 Job submitted from host: <188.185.71.83:9618?addrs=188.185.71.83-9618+[2001-1458-d00-7--100-34d]-9618&alias=bigbird18.cern.ch&noUDP&sock=schedd_5052_d48c>
...
040 (10610889.269.000) 12/16 13:31:38 Started transferring input files
	Transferring to host: <188.185.213.76:9618?addrs=188.185.213.76-9618+[2001-1458-303-1a--100-48]-9618&alias=b9p27p3898.cern.ch&noUDP&sock=slot1_19_3234247_5859_12167>
...
040 (10610889.269.000) 12/16 13:31:38 Finished transferring input files
...
001 (10610889.269.000) 12/16 13:31:38 Job executing on host: <188.185.213.76:9618?addrs=188.185.213.76-9618+[2001-1458-303-1a--100-48]-9618&alias=b9p27p3898.cern.ch&noUDP&sock=startd_3234202_241e>
	SlotName: slot1_19@b9p27p3898.cern.ch
	CondorScratchDir = "/pool/condor/dir_2486708"
	Cpus = 4
	Disk = 11054
	GPUs = 0
	Memory = 12000
...
006 (10610889.269.000) 12/16 13:31:52 Image size of job updated: 40548
	40  -  MemoryUsage of job (MB)
	40548  -  ResidentSetSize of job (KB)
...
006 (10610889.269.000) 12/16 13:36:53 Image size of job updated: 40640
	40  -  MemoryUsage of job (MB)
	40548  -  ResidentSetSize of job (KB)
...
006 (10610889.269.000) 12/16 15:01:07 Image size of job updated: 121232
	40  -  MemoryUsage of job (MB)
	40548  -  ResidentSetSize of job (KB)
...
040 (10610889.269.000) 12/16 15:01:08 Started transferring output files
...
040 (10610889.269.000) 12/16 15:01:08 Finished transferring output files
...
005 (10610889.269.000) 12/16 15:01:08 Job terminated.
	(1) Normal termination (return value 0)
		Usr 0 01:28:18, Sys 0 00:00:10  -  Run Remote Usage
		Usr 0 00:00:00, Sys 0 00:00:00  -  Run Local Usage
		Usr 0 01:28:18, Sys 0 00:00:10  -  Total Remote Usage
		Usr 0 00:00:00, Sys 0 00:00:00  -  Total Local Usage
	0  -  Run Bytes Sent By Job
	7584148  -  Run Bytes Received By Job
	0  -  Total Bytes Sent By Job
	7584148  -  Total Bytes Received By Job
	Partitionable Resources :    Usage  Request Allocated 
	   Cpus                 :     0.99        4         4 
	   Disk (KB)            : 33479        7500     11054 
	   GPUs                 :                           0 
	   Memory (MB)          :    40       12000     12000 
	   TimeExecute (s)      :  5369                       
	   TimeSlotBusy (s)     :  5370                       

	Job terminated of its own accord at 2025-12-16T14:01:07Z with exit-code 0.
...
