000 (10613550.564.000) 12/16 14:40:59 Job submitted from host: <188.185.71.83:9618?addrs=188.185.71.83-9618+[2001-1458-d00-7--100-34d]-9618&alias=bigbird18.cern.ch&noUDP&sock=schedd_5052_d48c>
...
040 (10613550.564.000) 12/16 16:34:36 Started transferring input files
	Transferring to host: <188.185.195.122:9618?addrs=188.185.195.122-9618+[2001-1458-303-22--100-76]-9618&alias=b9p17p5468.cern.ch&noUDP&sock=slot1_16_5932_616a_86024>
...
040 (10613550.564.000) 12/16 16:34:36 Finished transferring input files
...
001 (10613550.564.000) 12/16 16:34:36 Job executing on host: <188.185.195.122:9618?addrs=188.185.195.122-9618+[2001-1458-303-22--100-76]-9618&alias=b9p17p5468.cern.ch&noUDP&sock=startd_4530_c81c>
	SlotName: slot1_16@b9p17p5468.cern.ch
	CondorScratchDir = "/pool/condor/dir_3226356"
	Cpus = 4
	Disk = 11109
	GPUs = 0
	Memory = 12000
...
006 (10613550.564.000) 12/16 16:34:50 Image size of job updated: 42616
	42  -  MemoryUsage of job (MB)
	42616  -  ResidentSetSize of job (KB)
...
006 (10613550.564.000) 12/16 16:39:51 Image size of job updated: 42708
	42  -  MemoryUsage of job (MB)
	42616  -  ResidentSetSize of job (KB)
...
006 (10613550.564.000) 12/16 18:37:52 Image size of job updated: 123288
	42  -  MemoryUsage of job (MB)
	42616  -  ResidentSetSize of job (KB)
...
040 (10613550.564.000) 12/16 18:37:53 Started transferring output files
...
040 (10613550.564.000) 12/16 18:37:53 Finished transferring output files
...
005 (10613550.564.000) 12/16 18:37:53 Job terminated.
	(1) Normal termination (return value 0)
		Usr 0 02:01:27, Sys 0 00:00:05  -  Run Remote Usage
		Usr 0 00:00:00, Sys 0 00:00:00  -  Run Local Usage
		Usr 0 02:01:27, Sys 0 00:00:05  -  Total Remote Usage
		Usr 0 00:00:00, Sys 0 00:00:00  -  Total Local Usage
	0  -  Run Bytes Sent By Job
	7584148  -  Run Bytes Received By Job
	0  -  Total Bytes Sent By Job
	7584148  -  Total Bytes Received By Job
	Partitionable Resources :    Usage  Request Allocated 
	   Cpus                 :     1.00        4         4 
	   Disk (KB)            : 33695        7500     11109 
	   GPUs                 :                           0 
	   Memory (MB)          :    42       12000     12000 
	   TimeExecute (s)      :  7396                       
	   TimeSlotBusy (s)     :  7397                       

	Job terminated of its own accord at 2025-12-16T17:37:52Z with exit-code 0.
...
