000 (10610888.745.000) 12/16 07:14:44 Job submitted from host: <188.185.71.83:9618?addrs=188.185.71.83-9618+[2001-1458-d00-7--100-34d]-9618&alias=bigbird18.cern.ch&noUDP&sock=schedd_5052_d48c>
...
040 (10610888.745.000) 12/16 09:38:53 Started transferring input files
	Transferring to host: <188.185.211.210:9618?addrs=188.185.211.210-9618+[2001-1458-303-17--100-4e]-9618&alias=b9p24p8790.cern.ch&noUDP&sock=slot1_11_3132_86f8_92229>
...
001 (10610888.745.000) 12/16 09:38:53 Job executing on host: <188.185.211.210:9618?addrs=188.185.211.210-9618+[2001-1458-303-17--100-4e]-9618&alias=b9p24p8790.cern.ch&noUDP&sock=startd_2664_dc63>
	SlotName: slot1_11@b9p24p8790.cern.ch
	CondorScratchDir = "/pool/condor/dir_3444883"
	Cpus = 4
	Disk = 10827
	GPUs = 0
	Memory = 12000
...
040 (10610888.745.000) 12/16 09:38:53 Finished transferring input files
...
006 (10610888.745.000) 12/16 09:39:07 Image size of job updated: 37504
	37  -  MemoryUsage of job (MB)
	37504  -  ResidentSetSize of job (KB)
...
006 (10610888.745.000) 12/16 09:44:08 Image size of job updated: 37924
	37  -  MemoryUsage of job (MB)
	37504  -  ResidentSetSize of job (KB)
...
006 (10610888.745.000) 12/16 11:23:08 Image size of job updated: 87888
	37  -  MemoryUsage of job (MB)
	37504  -  ResidentSetSize of job (KB)
...
040 (10610888.745.000) 12/16 11:23:09 Started transferring output files
...
040 (10610888.745.000) 12/16 11:23:09 Finished transferring output files
...
005 (10610888.745.000) 12/16 11:23:09 Job terminated.
	(1) Normal termination (return value 0)
		Usr 0 01:42:04, Sys 0 00:00:18  -  Run Remote Usage
		Usr 0 00:00:00, Sys 0 00:00:00  -  Run Local Usage
		Usr 0 01:42:04, Sys 0 00:00:18  -  Total Remote Usage
		Usr 0 00:00:00, Sys 0 00:00:00  -  Total Local Usage
	0  -  Run Bytes Sent By Job
	7584148  -  Run Bytes Received By Job
	0  -  Total Bytes Sent By Job
	7584148  -  Total Bytes Received By Job
	Partitionable Resources :    Usage  Request Allocated 
	   Cpus                 :     0.98        4         4 
	   Disk (KB)            : 33338        7500     10827 
	   GPUs                 :                           0 
	   Memory (MB)          :    37       12000     12000 
	   TimeExecute (s)      :  6255                       
	   TimeSlotBusy (s)     :  6256                       

	Job terminated of its own accord at 2025-12-16T10:23:08Z with exit-code 0.
...
