000 (10610888.096.000) 12/16 07:14:44 Job submitted from host: <188.185.71.83:9618?addrs=188.185.71.83-9618+[2001-1458-d00-7--100-34d]-9618&alias=bigbird18.cern.ch&noUDP&sock=schedd_5052_d48c>
...
040 (10610888.096.000) 12/16 08:30:44 Started transferring input files
	Transferring to host: <188.185.209.35:9618?addrs=188.185.209.35-9618+[2001-1458-303-11--100-20]-9618&alias=b9p11p8066.cern.ch&noUDP&sock=slot1_10_4350_b7ea_80048>
...
040 (10610888.096.000) 12/16 08:30:45 Finished transferring input files
...
001 (10610888.096.000) 12/16 08:30:45 Job executing on host: <188.185.209.35:9618?addrs=188.185.209.35-9618+[2001-1458-303-11--100-20]-9618&alias=b9p11p8066.cern.ch&noUDP&sock=startd_3660_08b7>
	SlotName: slot1_10@b9p11p8066.cern.ch
	CondorScratchDir = "/pool/condor/dir_3210294"
	Cpus = 4
	Disk = 10731
	GPUs = 0
	Memory = 12000
...
006 (10610888.096.000) 12/16 08:30:59 Image size of job updated: 44128
	44  -  MemoryUsage of job (MB)
	44128  -  ResidentSetSize of job (KB)
...
006 (10610888.096.000) 12/16 08:36:00 Image size of job updated: 44508
	44  -  MemoryUsage of job (MB)
	44128  -  ResidentSetSize of job (KB)
...
006 (10610888.096.000) 12/16 09:49:03 Image size of job updated: 125156
	44  -  MemoryUsage of job (MB)
	44128  -  ResidentSetSize of job (KB)
...
040 (10610888.096.000) 12/16 09:49:04 Started transferring output files
...
040 (10610888.096.000) 12/16 09:49:04 Finished transferring output files
...
005 (10610888.096.000) 12/16 09:49:04 Job terminated.
	(1) Normal termination (return value 0)
		Usr 0 01:17:21, Sys 0 00:00:06  -  Run Remote Usage
		Usr 0 00:00:00, Sys 0 00:00:00  -  Run Local Usage
		Usr 0 01:17:21, Sys 0 00:00:06  -  Total Remote Usage
		Usr 0 00:00:00, Sys 0 00:00:00  -  Total Local Usage
	0  -  Run Bytes Sent By Job
	7584148  -  Run Bytes Received By Job
	0  -  Total Bytes Sent By Job
	7584148  -  Total Bytes Received By Job
	Partitionable Resources :    Usage  Request Allocated 
	   Cpus                 :     0.99        4         4 
	   Disk (KB)            : 33838        7500     10731 
	   GPUs                 :                           0 
	   Memory (MB)          :    44       12000     12000 
	   TimeExecute (s)      :  4698                       
	   TimeSlotBusy (s)     :  4700                       

	Job terminated of its own accord at 2025-12-16T08:49:03Z with exit-code 0.
...
