000 (10610887.673.000) 12/16 07:14:31 Job submitted from host: <188.185.71.83:9618?addrs=188.185.71.83-9618+[2001-1458-d00-7--100-34d]-9618&alias=bigbird18.cern.ch&noUDP&sock=schedd_5052_d48c>
...
040 (10610887.673.000) 12/16 07:55:01 Started transferring input files
	Transferring to host: <188.185.194.83:9618?addrs=188.185.194.83-9618+[2001-1458-303-21--100-4f]-9618&alias=b9p20p4442.cern.ch&noUDP&sock=slot1_5_7168_411d_84195>
...
040 (10610887.673.000) 12/16 07:55:01 Finished transferring input files
...
001 (10610887.673.000) 12/16 07:55:01 Job executing on host: <188.185.194.83:9618?addrs=188.185.194.83-9618+[2001-1458-303-21--100-4f]-9618&alias=b9p20p4442.cern.ch&noUDP&sock=startd_6080_f3e8>
	SlotName: slot1_5@b9p20p4442.cern.ch
	CondorScratchDir = "/pool/condor/dir_2398016"
	Cpus = 4
	Disk = 11008
	GPUs = 0
	Memory = 12000
...
006 (10610887.673.000) 12/16 07:55:15 Image size of job updated: 39576
	39  -  MemoryUsage of job (MB)
	39576  -  ResidentSetSize of job (KB)
...
006 (10610887.673.000) 12/16 08:00:16 Image size of job updated: 39996
	39  -  MemoryUsage of job (MB)
	39576  -  ResidentSetSize of job (KB)
...
006 (10610887.673.000) 12/16 10:57:05 Image size of job updated: 120520
	39  -  MemoryUsage of job (MB)
	39576  -  ResidentSetSize of job (KB)
...
040 (10610887.673.000) 12/16 10:57:06 Started transferring output files
...
040 (10610887.673.000) 12/16 10:57:07 Finished transferring output files
...
005 (10610887.673.000) 12/16 10:57:07 Job terminated.
	(1) Normal termination (return value 0)
		Usr 0 02:58:36, Sys 0 00:00:12  -  Run Remote Usage
		Usr 0 00:00:00, Sys 0 00:00:00  -  Run Local Usage
		Usr 0 02:58:36, Sys 0 00:00:12  -  Total Remote Usage
		Usr 0 00:00:00, Sys 0 00:00:00  -  Total Local Usage
	0  -  Run Bytes Sent By Job
	7584148  -  Run Bytes Received By Job
	0  -  Total Bytes Sent By Job
	7584148  -  Total Bytes Received By Job
	Partitionable Resources :    Usage  Request Allocated 
	   Cpus                 :     0.98        4         4 
	   Disk (KB)            : 32919        7500     11008 
	   GPUs                 :                           0 
	   Memory (MB)          :    39       12000     12000 
	   TimeExecute (s)      : 10924                       
	   TimeSlotBusy (s)     : 10927                       

	Job terminated of its own accord at 2025-12-16T09:57:05Z with exit-code 0.
...
