000 (10610887.805.000) 12/16 07:14:32 Job submitted from host: <188.185.71.83:9618?addrs=188.185.71.83-9618+[2001-1458-d00-7--100-34d]-9618&alias=bigbird18.cern.ch&noUDP&sock=schedd_5052_d48c>
...
040 (10610887.805.000) 12/16 07:55:43 Started transferring input files
	Transferring to host: <188.185.212.59:9618?addrs=188.185.212.59-9618+[2001-1458-303-18--100-37]-9618&alias=b9p25p7434.cern.ch&noUDP&sock=slot1_30_5247_bc6e_92259>
...
040 (10610887.805.000) 12/16 07:55:43 Finished transferring input files
...
001 (10610887.805.000) 12/16 07:55:43 Job executing on host: <188.185.212.59:9618?addrs=188.185.212.59-9618+[2001-1458-303-18--100-37]-9618&alias=b9p25p7434.cern.ch&noUDP&sock=startd_4319_0da0>
	SlotName: slot1_30@b9p25p7434.cern.ch
	CondorScratchDir = "/pool/condor/dir_481534"
	Cpus = 4
	Disk = 11011
	GPUs = 0
	Memory = 12000
...
006 (10610887.805.000) 12/16 07:55:57 Image size of job updated: 37504
	37  -  MemoryUsage of job (MB)
	37504  -  ResidentSetSize of job (KB)
...
006 (10610887.805.000) 12/16 08:00:58 Image size of job updated: 37924
	37  -  MemoryUsage of job (MB)
	37504  -  ResidentSetSize of job (KB)
...
006 (10610887.805.000) 12/16 09:24:58 Image size of job updated: 118456
	37  -  MemoryUsage of job (MB)
	37504  -  ResidentSetSize of job (KB)
...
040 (10610887.805.000) 12/16 09:24:59 Started transferring output files
...
040 (10610887.805.000) 12/16 09:24:59 Finished transferring output files
...
005 (10610887.805.000) 12/16 09:24:59 Job terminated.
	(1) Normal termination (return value 0)
		Usr 0 01:27:58, Sys 0 00:00:09  -  Run Remote Usage
		Usr 0 00:00:00, Sys 0 00:00:00  -  Run Local Usage
		Usr 0 01:27:58, Sys 0 00:00:09  -  Total Remote Usage
		Usr 0 00:00:00, Sys 0 00:00:00  -  Total Local Usage
	0  -  Run Bytes Sent By Job
	7584148  -  Run Bytes Received By Job
	0  -  Total Bytes Sent By Job
	7584148  -  Total Bytes Received By Job
	Partitionable Resources :    Usage  Request Allocated 
	   Cpus                 :     0.99        4         4 
	   Disk (KB)            : 34283        7500     11011 
	   GPUs                 :                           0 
	   Memory (MB)          :    37       12000     12000 
	   TimeExecute (s)      :  5355                       
	   TimeSlotBusy (s)     :  5356                       

	Job terminated of its own accord at 2025-12-16T08:24:58Z with exit-code 0.
...
