000 (10613549.215.000) 12/16 14:40:44 Job submitted from host: <188.185.71.83:9618?addrs=188.185.71.83-9618+[2001-1458-d00-7--100-34d]-9618&alias=bigbird18.cern.ch&noUDP&sock=schedd_5052_d48c>
...
040 (10613549.215.000) 12/16 15:25:58 Started transferring input files
	Transferring to host: <188.185.213.197:9618?addrs=188.185.213.197-9618+[2001-1458-303-1b--100-41]-9618&alias=b9p28p2682.cern.ch&noUDP&sock=slot1_5_2139551_fb75_12958>
...
040 (10613549.215.000) 12/16 15:25:58 Finished transferring input files
...
001 (10613549.215.000) 12/16 15:25:58 Job executing on host: <188.185.213.197:9618?addrs=188.185.213.197-9618+[2001-1458-303-1b--100-41]-9618&alias=b9p28p2682.cern.ch&noUDP&sock=startd_2136249_b4f7>
	SlotName: slot1_5@b9p28p2682.cern.ch
	CondorScratchDir = "/pool/condor/dir_864460"
	Cpus = 4
	Disk = 11025
	GPUs = 0
	Memory = 12000
...
006 (10613549.215.000) 12/16 15:26:12 Image size of job updated: 26072
	26  -  MemoryUsage of job (MB)
	26072  -  ResidentSetSize of job (KB)
...
006 (10613549.215.000) 12/16 15:31:13 Image size of job updated: 26496
	26  -  MemoryUsage of job (MB)
	26072  -  ResidentSetSize of job (KB)
...
006 (10613549.215.000) 12/16 16:45:52 Image size of job updated: 117904
	26  -  MemoryUsage of job (MB)
	26072  -  ResidentSetSize of job (KB)
...
040 (10613549.215.000) 12/16 16:45:53 Started transferring output files
...
040 (10613549.215.000) 12/16 16:45:53 Finished transferring output files
...
005 (10613549.215.000) 12/16 16:45:53 Job terminated.
	(1) Normal termination (return value 0)
		Usr 0 01:18:54, Sys 0 00:00:10  -  Run Remote Usage
		Usr 0 00:00:00, Sys 0 00:00:00  -  Run Local Usage
		Usr 0 01:18:54, Sys 0 00:00:10  -  Total Remote Usage
		Usr 0 00:00:00, Sys 0 00:00:00  -  Total Local Usage
	0  -  Run Bytes Sent By Job
	7584148  -  Run Bytes Received By Job
	0  -  Total Bytes Sent By Job
	7584148  -  Total Bytes Received By Job
	Partitionable Resources :    Usage  Request Allocated 
	   Cpus                 :     0.99        4         4 
	   Disk (KB)            : 33283        7500     11025 
	   GPUs                 :                           0 
	   Memory (MB)          :    26       12000     12000 
	   TimeExecute (s)      :  4794                       
	   TimeSlotBusy (s)     :  4795                       

	Job terminated of its own accord at 2025-12-16T15:45:52Z with exit-code 0.
...
