000 (10610887.173.000) 12/16 07:14:31 Job submitted from host: <188.185.71.83:9618?addrs=188.185.71.83-9618+[2001-1458-d00-7--100-34d]-9618&alias=bigbird18.cern.ch&noUDP&sock=schedd_5052_d48c>
...
040 (10610887.173.000) 12/16 07:44:47 Started transferring input files
	Transferring to host: <188.185.214.84:9618?addrs=188.185.214.84-9618+[2001-1458-303-1c--100-50]-9618&alias=b9p29p0222.cern.ch&noUDP&sock=slot1_13_4144_92a2_108416>
...
040 (10610887.173.000) 12/16 07:44:47 Finished transferring input files
...
001 (10610887.173.000) 12/16 07:44:47 Job executing on host: <188.185.214.84:9618?addrs=188.185.214.84-9618+[2001-1458-303-1c--100-50]-9618&alias=b9p29p0222.cern.ch&noUDP&sock=startd_3504_07f1>
	SlotName: slot1_13@b9p29p0222.cern.ch
	CondorScratchDir = "/pool/condor/dir_3895164"
	Cpus = 4
	Disk = 10972
	GPUs = 0
	Memory = 12000
...
006 (10610887.173.000) 12/16 07:45:01 Image size of job updated: 42112
	42  -  MemoryUsage of job (MB)
	42112  -  ResidentSetSize of job (KB)
...
006 (10610887.173.000) 12/16 07:50:02 Image size of job updated: 42536
	42  -  MemoryUsage of job (MB)
	42112  -  ResidentSetSize of job (KB)
...
006 (10610887.173.000) 12/16 08:59:03 Image size of job updated: 123072
	42  -  MemoryUsage of job (MB)
	42112  -  ResidentSetSize of job (KB)
...
040 (10610887.173.000) 12/16 08:59:03 Started transferring output files
...
040 (10610887.173.000) 12/16 08:59:04 Finished transferring output files
...
005 (10610887.173.000) 12/16 08:59:04 Job terminated.
	(1) Normal termination (return value 0)
		Usr 0 01:13:35, Sys 0 00:00:04  -  Run Remote Usage
		Usr 0 00:00:00, Sys 0 00:00:00  -  Run Local Usage
		Usr 0 01:13:35, Sys 0 00:00:04  -  Total Remote Usage
		Usr 0 00:00:00, Sys 0 00:00:00  -  Total Local Usage
	0  -  Run Bytes Sent By Job
	7584148  -  Run Bytes Received By Job
	0  -  Total Bytes Sent By Job
	7584148  -  Total Bytes Received By Job
	Partitionable Resources :    Usage  Request Allocated 
	   Cpus                 :     0.99        4         4 
	   Disk (KB)            : 33194        7500     10972 
	   GPUs                 :                           0 
	   Memory (MB)          :    42       12000     12000 
	   TimeExecute (s)      :  4456                       
	   TimeSlotBusy (s)     :  4458                       

	Job terminated of its own accord at 2025-12-16T07:59:03Z with exit-code 0.
...
