000 (10613550.549.000) 12/16 14:40:59 Job submitted from host: <188.185.71.83:9618?addrs=188.185.71.83-9618+[2001-1458-d00-7--100-34d]-9618&alias=bigbird18.cern.ch&noUDP&sock=schedd_5052_d48c>
...
040 (10613550.549.000) 12/16 16:28:43 Started transferring input files
	Transferring to host: <188.185.192.21:9618?addrs=188.185.192.21-9618+[2001-1458-303-1f--100-11]-9618&alias=b9p13p6250.cern.ch&noUDP&sock=slot1_12_2380348_4095_11289>
...
040 (10613550.549.000) 12/16 16:28:43 Finished transferring input files
...
001 (10613550.549.000) 12/16 16:28:43 Job executing on host: <188.185.192.21:9618?addrs=188.185.192.21-9618+[2001-1458-303-1f--100-11]-9618&alias=b9p13p6250.cern.ch&noUDP&sock=startd_6402_d167>
	SlotName: slot1_12@b9p13p6250.cern.ch
	CondorScratchDir = "/pool/condor/dir_3714888"
	Cpus = 4
	Disk = 11086
	GPUs = 0
	Memory = 12000
...
006 (10613550.549.000) 12/16 16:28:57 Image size of job updated: 37984
	38  -  MemoryUsage of job (MB)
	37984  -  ResidentSetSize of job (KB)
...
006 (10613550.549.000) 12/16 16:33:58 Image size of job updated: 38076
	38  -  MemoryUsage of job (MB)
	37984  -  ResidentSetSize of job (KB)
...
006 (10613550.549.000) 12/16 19:04:16 Image size of job updated: 118660
	116  -  MemoryUsage of job (MB)
	118660  -  ResidentSetSize of job (KB)
...
040 (10613550.549.000) 12/16 19:04:22 Started transferring output files
...
040 (10613550.549.000) 12/16 19:04:23 Finished transferring output files
...
005 (10613550.549.000) 12/16 19:04:23 Job terminated.
	(1) Normal termination (return value 0)
		Usr 0 02:34:22, Sys 0 00:00:06  -  Run Remote Usage
		Usr 0 00:00:00, Sys 0 00:00:00  -  Run Local Usage
		Usr 0 02:34:22, Sys 0 00:00:06  -  Total Remote Usage
		Usr 0 00:00:00, Sys 0 00:00:00  -  Total Local Usage
	0  -  Run Bytes Sent By Job
	7584148  -  Run Bytes Received By Job
	0  -  Total Bytes Sent By Job
	7584148  -  Total Bytes Received By Job
	Partitionable Resources :    Usage  Request Allocated 
	   Cpus                 :     0.99        4         4 
	   Disk (KB)            : 33040        7500     11086 
	   GPUs                 :                           0 
	   Memory (MB)          :   116       12000     12000 
	   TimeExecute (s)      :  9338                       
	   TimeSlotBusy (s)     :  9340                       

	Job terminated of its own accord at 2025-12-16T18:04:21Z with exit-code 0.
...
