000 (10610889.603.000) 12/16 07:15:01 Job submitted from host: <188.185.71.83:9618?addrs=188.185.71.83-9618+[2001-1458-d00-7--100-34d]-9618&alias=bigbird18.cern.ch&noUDP&sock=schedd_5052_d48c>
...
040 (10610889.603.000) 12/16 14:14:04 Started transferring input files
	Transferring to host: <188.185.213.100:9618?addrs=188.185.213.100-9618+[2001-1458-303-1a--100-60]-9618&alias=b9p27p7105.cern.ch&noUDP&sock=slot1_10_5249_252f_94820>
...
040 (10610889.603.000) 12/16 14:14:04 Finished transferring input files
...
001 (10610889.603.000) 12/16 14:14:04 Job executing on host: <188.185.213.100:9618?addrs=188.185.213.100-9618+[2001-1458-303-1a--100-60]-9618&alias=b9p27p7105.cern.ch&noUDP&sock=startd_4333_a7f4>
	SlotName: slot1_10@b9p27p7105.cern.ch
	CondorScratchDir = "/pool/condor/dir_565726"
	Cpus = 4
	Disk = 11022
	GPUs = 0
	Memory = 12000
...
006 (10610889.603.000) 12/16 14:14:18 Image size of job updated: 37524
	37  -  MemoryUsage of job (MB)
	37524  -  ResidentSetSize of job (KB)
...
006 (10610889.603.000) 12/16 14:19:19 Image size of job updated: 37944
	37  -  MemoryUsage of job (MB)
	37524  -  ResidentSetSize of job (KB)
...
006 (10610889.603.000) 12/16 15:50:00 Image size of job updated: 118468
	37  -  MemoryUsage of job (MB)
	37524  -  ResidentSetSize of job (KB)
...
040 (10610889.603.000) 12/16 15:50:00 Started transferring output files
...
040 (10610889.603.000) 12/16 15:50:01 Finished transferring output files
...
005 (10610889.603.000) 12/16 15:50:01 Job terminated.
	(1) Normal termination (return value 0)
		Usr 0 01:34:12, Sys 0 00:00:11  -  Run Remote Usage
		Usr 0 00:00:00, Sys 0 00:00:00  -  Run Local Usage
		Usr 0 01:34:12, Sys 0 00:00:11  -  Total Remote Usage
		Usr 0 00:00:00, Sys 0 00:00:00  -  Total Local Usage
	0  -  Run Bytes Sent By Job
	7584148  -  Run Bytes Received By Job
	0  -  Total Bytes Sent By Job
	7584148  -  Total Bytes Received By Job
	Partitionable Resources :    Usage  Request Allocated 
	   Cpus                 :     0.99        4         4 
	   Disk (KB)            : 33544        7500     11022 
	   GPUs                 :                           0 
	   Memory (MB)          :    37       12000     12000 
	   TimeExecute (s)      :  5756                       
	   TimeSlotBusy (s)     :  5757                       

	Job terminated of its own accord at 2025-12-16T14:50:00Z with exit-code 0.
...
