000 (10610888.586.000) 12/16 07:14:44 Job submitted from host: <188.185.71.83:9618?addrs=188.185.71.83-9618+[2001-1458-d00-7--100-34d]-9618&alias=bigbird18.cern.ch&noUDP&sock=schedd_5052_d48c>
...
040 (10610888.586.000) 12/16 09:30:30 Started transferring input files
	Transferring to host: <188.185.209.100:9618?addrs=188.185.209.100-9618+[2001-1458-303-11--100-61]-9618&alias=b9p11p0296.cern.ch&noUDP&sock=slot1_1_8086_1182_82443>
...
040 (10610888.586.000) 12/16 09:30:30 Finished transferring input files
...
001 (10610888.586.000) 12/16 09:30:30 Job executing on host: <188.185.209.100:9618?addrs=188.185.209.100-9618+[2001-1458-303-11--100-61]-9618&alias=b9p11p0296.cern.ch&noUDP&sock=startd_6852_7b05>
	SlotName: slot1_1@b9p11p0296.cern.ch
	CondorScratchDir = "/pool/condor/dir_2345219"
	Cpus = 4
	Disk = 10718
	GPUs = 0
	Memory = 12000
...
006 (10610888.586.000) 12/16 09:30:44 Image size of job updated: 40140
	40  -  MemoryUsage of job (MB)
	40140  -  ResidentSetSize of job (KB)
...
006 (10610888.586.000) 12/16 09:35:45 Image size of job updated: 40520
	40  -  MemoryUsage of job (MB)
	40140  -  ResidentSetSize of job (KB)
...
006 (10610888.586.000) 12/16 11:03:56 Image size of job updated: 121160
	40  -  MemoryUsage of job (MB)
	40140  -  ResidentSetSize of job (KB)
...
040 (10610888.586.000) 12/16 11:03:57 Started transferring output files
...
040 (10610888.586.000) 12/16 11:03:57 Finished transferring output files
...
005 (10610888.586.000) 12/16 11:03:57 Job terminated.
	(1) Normal termination (return value 0)
		Usr 0 01:31:58, Sys 0 00:00:09  -  Run Remote Usage
		Usr 0 00:00:00, Sys 0 00:00:00  -  Run Local Usage
		Usr 0 01:31:58, Sys 0 00:00:09  -  Total Remote Usage
		Usr 0 00:00:00, Sys 0 00:00:00  -  Total Local Usage
	0  -  Run Bytes Sent By Job
	7584148  -  Run Bytes Received By Job
	0  -  Total Bytes Sent By Job
	7584148  -  Total Bytes Received By Job
	Partitionable Resources :    Usage  Request Allocated 
	   Cpus                 :     0.99        4         4 
	   Disk (KB)            : 33136        7500     10718 
	   GPUs                 :                           0 
	   Memory (MB)          :    40       12000     12000 
	   TimeExecute (s)      :  5606                       
	   TimeSlotBusy (s)     :  5607                       

	Job terminated of its own accord at 2025-12-16T10:03:56Z with exit-code 0.
...
