000 (10610889.096.000) 12/16 07:15:00 Job submitted from host: <188.185.71.83:9618?addrs=188.185.71.83-9618+[2001-1458-d00-7--100-34d]-9618&alias=bigbird18.cern.ch&noUDP&sock=schedd_5052_d48c>
...
040 (10610889.096.000) 12/16 10:43:01 Started transferring input files
	Transferring to host: <128.142.192.196:9618?addrs=128.142.192.196-9618+[2001-1458-301-56--100-40]-9618&alias=b9g18p3764.cern.ch&noUDP&sock=slot1_17_5158_070b_86102>
...
040 (10610889.096.000) 12/16 10:43:01 Finished transferring input files
...
001 (10610889.096.000) 12/16 10:43:01 Job executing on host: <128.142.192.196:9618?addrs=128.142.192.196-9618+[2001-1458-301-56--100-40]-9618&alias=b9g18p3764.cern.ch&noUDP&sock=startd_4251_6930>
	SlotName: slot1_17@b9g18p3764.cern.ch
	CondorScratchDir = "/pool/condor/dir_1375734"
	Cpus = 4
	Disk = 11027
	GPUs = 0
	Memory = 12000
...
006 (10610889.096.000) 12/16 10:43:15 Image size of job updated: 39500
	39  -  MemoryUsage of job (MB)
	39500  -  ResidentSetSize of job (KB)
...
006 (10610889.096.000) 12/16 10:48:16 Image size of job updated: 39920
	39  -  MemoryUsage of job (MB)
	39500  -  ResidentSetSize of job (KB)
...
006 (10610889.096.000) 12/16 13:14:53 Image size of job updated: 120376
	39  -  MemoryUsage of job (MB)
	39500  -  ResidentSetSize of job (KB)
...
040 (10610889.096.000) 12/16 13:14:54 Started transferring output files
...
040 (10610889.096.000) 12/16 13:14:55 Finished transferring output files
...
005 (10610889.096.000) 12/16 13:14:55 Job terminated.
	(1) Normal termination (return value 0)
		Usr 0 02:29:59, Sys 0 00:00:11  -  Run Remote Usage
		Usr 0 00:00:00, Sys 0 00:00:00  -  Run Local Usage
		Usr 0 02:29:59, Sys 0 00:00:11  -  Total Remote Usage
		Usr 0 00:00:00, Sys 0 00:00:00  -  Total Local Usage
	0  -  Run Bytes Sent By Job
	7584148  -  Run Bytes Received By Job
	0  -  Total Bytes Sent By Job
	7584148  -  Total Bytes Received By Job
	Partitionable Resources :    Usage  Request Allocated 
	   Cpus                 :     0.99        4         4 
	   Disk (KB)            : 33274        7500     11027 
	   GPUs                 :                           0 
	   Memory (MB)          :    39       12000     12000 
	   TimeExecute (s)      :  9112                       
	   TimeSlotBusy (s)     :  9114                       

	Job terminated of its own accord at 2025-12-16T12:14:53Z with exit-code 0.
...
