000 (10613549.358.000) 12/16 14:40:44 Job submitted from host: <188.185.71.83:9618?addrs=188.185.71.83-9618+[2001-1458-d00-7--100-34d]-9618&alias=bigbird18.cern.ch&noUDP&sock=schedd_5052_d48c>
...
040 (10613549.358.000) 12/16 15:29:33 Started transferring input files
	Transferring to host: <188.185.214.67:9618?addrs=188.185.214.67-9618+[2001-1458-303-1c--100-3f]-9618&alias=b9p29p3424.cern.ch&noUDP&sock=slot1_1_5704_bbe1_93703>
...
040 (10613549.358.000) 12/16 15:29:33 Finished transferring input files
...
001 (10613549.358.000) 12/16 15:29:33 Job executing on host: <188.185.214.67:9618?addrs=188.185.214.67-9618+[2001-1458-303-1c--100-3f]-9618&alias=b9p29p3424.cern.ch&noUDP&sock=startd_4965_27cf>
	SlotName: slot1_1@b9p29p3424.cern.ch
	CondorScratchDir = "/pool/condor/dir_1123409"
	Cpus = 4
	Disk = 11014
	GPUs = 0
	Memory = 12000
...
006 (10613549.358.000) 12/16 15:29:47 Image size of job updated: 35548
	35  -  MemoryUsage of job (MB)
	35548  -  ResidentSetSize of job (KB)
...
006 (10613549.358.000) 12/16 15:34:48 Image size of job updated: 35968
	35  -  MemoryUsage of job (MB)
	35548  -  ResidentSetSize of job (KB)
...
006 (10613549.358.000) 12/16 17:03:46 Image size of job updated: 116580
	35  -  MemoryUsage of job (MB)
	35548  -  ResidentSetSize of job (KB)
...
040 (10613549.358.000) 12/16 17:03:47 Started transferring output files
...
040 (10613549.358.000) 12/16 17:03:47 Finished transferring output files
...
005 (10613549.358.000) 12/16 17:03:47 Job terminated.
	(1) Normal termination (return value 0)
		Usr 0 01:32:41, Sys 0 00:00:13  -  Run Remote Usage
		Usr 0 00:00:00, Sys 0 00:00:00  -  Run Local Usage
		Usr 0 01:32:41, Sys 0 00:00:13  -  Total Remote Usage
		Usr 0 00:00:00, Sys 0 00:00:00  -  Total Local Usage
	0  -  Run Bytes Sent By Job
	7584148  -  Run Bytes Received By Job
	0  -  Total Bytes Sent By Job
	7584148  -  Total Bytes Received By Job
	Partitionable Resources :    Usage  Request Allocated 
	   Cpus                 :     0.99        4         4 
	   Disk (KB)            : 32976        7500     11014 
	   GPUs                 :                           0 
	   Memory (MB)          :    35       12000     12000 
	   TimeExecute (s)      :  5653                       
	   TimeSlotBusy (s)     :  5655                       

	Job terminated of its own accord at 2025-12-16T16:03:46Z with exit-code 0.
...
