000 (10613550.056.000) 12/16 14:40:58 Job submitted from host: <188.185.71.83:9618?addrs=188.185.71.83-9618+[2001-1458-d00-7--100-34d]-9618&alias=bigbird18.cern.ch&noUDP&sock=schedd_5052_d48c>
...
040 (10613550.056.000) 12/16 15:35:33 Started transferring input files
	Transferring to host: <188.185.210.138:9618?addrs=188.185.210.138-9618+[2001-1458-303-15--100-6]-9618&alias=b9p22p4394.cern.ch&noUDP&sock=slot1_11_5339_8ef2_91741>
...
040 (10613550.056.000) 12/16 15:35:33 Finished transferring input files
...
001 (10613550.056.000) 12/16 15:35:33 Job executing on host: <188.185.210.138:9618?addrs=188.185.210.138-9618+[2001-1458-303-15--100-6]-9618&alias=b9p22p4394.cern.ch&noUDP&sock=startd_4349_a178>
	SlotName: slot1_11@b9p22p4394.cern.ch
	CondorScratchDir = "/pool/condor/dir_1955324"
	Cpus = 4
	Disk = 10971
	GPUs = 0
	Memory = 12000
...
006 (10613550.056.000) 12/16 15:35:46 Image size of job updated: 40044
	40  -  MemoryUsage of job (MB)
	40044  -  ResidentSetSize of job (KB)
...
006 (10613550.056.000) 12/16 15:40:46 Image size of job updated: 40464
	40  -  MemoryUsage of job (MB)
	40044  -  ResidentSetSize of job (KB)
...
006 (10613550.056.000) 12/16 16:51:16 Image size of job updated: 121008
	40  -  MemoryUsage of job (MB)
	40044  -  ResidentSetSize of job (KB)
...
040 (10613550.056.000) 12/16 16:51:17 Started transferring output files
...
040 (10613550.056.000) 12/16 16:51:17 Finished transferring output files
...
005 (10613550.056.000) 12/16 16:51:17 Job terminated.
	(1) Normal termination (return value 0)
		Usr 0 01:15:01, Sys 0 00:00:04  -  Run Remote Usage
		Usr 0 00:00:00, Sys 0 00:00:00  -  Run Local Usage
		Usr 0 01:15:01, Sys 0 00:00:04  -  Total Remote Usage
		Usr 0 00:00:00, Sys 0 00:00:00  -  Total Local Usage
	0  -  Run Bytes Sent By Job
	7584148  -  Run Bytes Received By Job
	0  -  Total Bytes Sent By Job
	7584148  -  Total Bytes Received By Job
	Partitionable Resources :    Usage  Request Allocated 
	   Cpus                 :     0.99        4         4 
	   Disk (KB)            : 32779        7500     10971 
	   GPUs                 :                           0 
	   Memory (MB)          :    40       12000     12000 
	   TimeExecute (s)      :  4543                       
	   TimeSlotBusy (s)     :  4544                       

	Job terminated of its own accord at 2025-12-16T15:51:16Z with exit-code 0.
...
