000 (10613549.022.000) 12/16 14:40:44 Job submitted from host: <188.185.71.83:9618?addrs=188.185.71.83-9618+[2001-1458-d00-7--100-34d]-9618&alias=bigbird18.cern.ch&noUDP&sock=schedd_5052_d48c>
...
040 (10613549.022.000) 12/16 14:46:28 Started transferring input files
	Transferring to host: <188.185.210.156:9618?addrs=188.185.210.156-9618+[2001-1458-303-15--100-18]-9618&alias=b9p22p5930.cern.ch&noUDP&sock=slot1_9_7165_23fc_93294>
...
040 (10613549.022.000) 12/16 14:46:28 Finished transferring input files
...
001 (10613549.022.000) 12/16 14:46:28 Job executing on host: <188.185.210.156:9618?addrs=188.185.210.156-9618+[2001-1458-303-15--100-18]-9618&alias=b9p22p5930.cern.ch&noUDP&sock=startd_6235_4516>
	SlotName: slot1_9@b9p22p5930.cern.ch
	CondorScratchDir = "/pool/condor/dir_3101853"
	Cpus = 4
	Disk = 11044
	GPUs = 0
	Memory = 12000
...
006 (10613549.022.000) 12/16 14:46:42 Image size of job updated: 41612
	41  -  MemoryUsage of job (MB)
	41612  -  ResidentSetSize of job (KB)
...
006 (10613549.022.000) 12/16 14:51:43 Image size of job updated: 42036
	41  -  MemoryUsage of job (MB)
	41612  -  ResidentSetSize of job (KB)
...
006 (10613549.022.000) 12/16 16:03:18 Image size of job updated: 122512
	41  -  MemoryUsage of job (MB)
	41612  -  ResidentSetSize of job (KB)
...
040 (10613549.022.000) 12/16 16:03:18 Started transferring output files
...
040 (10613549.022.000) 12/16 16:03:19 Finished transferring output files
...
005 (10613549.022.000) 12/16 16:03:19 Job terminated.
	(1) Normal termination (return value 0)
		Usr 0 01:15:47, Sys 0 00:00:08  -  Run Remote Usage
		Usr 0 00:00:00, Sys 0 00:00:00  -  Run Local Usage
		Usr 0 01:15:47, Sys 0 00:00:08  -  Total Remote Usage
		Usr 0 00:00:00, Sys 0 00:00:00  -  Total Local Usage
	0  -  Run Bytes Sent By Job
	7584148  -  Run Bytes Received By Job
	0  -  Total Bytes Sent By Job
	7584148  -  Total Bytes Received By Job
	Partitionable Resources :    Usage  Request Allocated 
	   Cpus                 :     0.99        4         4 
	   Disk (KB)            : 33012        7500     11044 
	   GPUs                 :                           0 
	   Memory (MB)          :    41       12000     12000 
	   TimeExecute (s)      :  4610                       
	   TimeSlotBusy (s)     :  4611                       

	Job terminated of its own accord at 2025-12-16T15:03:18Z with exit-code 0.
...
