000 (10613549.778.000) 12/16 14:40:45 Job submitted from host: <188.185.71.83:9618?addrs=188.185.71.83-9618+[2001-1458-d00-7--100-34d]-9618&alias=bigbird18.cern.ch&noUDP&sock=schedd_5052_d48c>
...
040 (10613549.778.000) 12/16 15:34:02 Started transferring input files
	Transferring to host: <188.185.207.44:9618?addrs=188.185.207.44-9618+[2001-1458-303-d--100-29]-9618&alias=b9p07p9435.cern.ch&noUDP&sock=slot1_7_4907_2ce1_81602>
...
040 (10613549.778.000) 12/16 15:34:02 Finished transferring input files
...
001 (10613549.778.000) 12/16 15:34:02 Job executing on host: <188.185.207.44:9618?addrs=188.185.207.44-9618+[2001-1458-303-d--100-29]-9618&alias=b9p07p9435.cern.ch&noUDP&sock=startd_4091_aa09>
	SlotName: slot1_7@b9p07p9435.cern.ch
	CondorScratchDir = "/pool/condor/dir_619319"
	Cpus = 4
	Disk = 10884
	GPUs = 0
	Memory = 12000
...
006 (10613549.778.000) 12/16 15:34:16 Image size of job updated: 39680
	39  -  MemoryUsage of job (MB)
	39680  -  ResidentSetSize of job (KB)
...
006 (10613549.778.000) 12/16 15:39:16 Image size of job updated: 40084
	39  -  MemoryUsage of job (MB)
	39680  -  ResidentSetSize of job (KB)
...
006 (10613549.778.000) 12/16 17:09:58 Image size of job updated: 120696
	39  -  MemoryUsage of job (MB)
	39680  -  ResidentSetSize of job (KB)
...
040 (10613549.778.000) 12/16 17:09:59 Started transferring output files
...
040 (10613549.778.000) 12/16 17:10:00 Finished transferring output files
...
005 (10613549.778.000) 12/16 17:10:00 Job terminated.
	(1) Normal termination (return value 0)
		Usr 0 01:34:25, Sys 0 00:00:11  -  Run Remote Usage
		Usr 0 00:00:00, Sys 0 00:00:00  -  Run Local Usage
		Usr 0 01:34:25, Sys 0 00:00:11  -  Total Remote Usage
		Usr 0 00:00:00, Sys 0 00:00:00  -  Total Local Usage
	0  -  Run Bytes Sent By Job
	7584148  -  Run Bytes Received By Job
	0  -  Total Bytes Sent By Job
	7584148  -  Total Bytes Received By Job
	Partitionable Resources :    Usage  Request Allocated 
	   Cpus                 :     0.99        4         4 
	   Disk (KB)            : 32649        7500     10884 
	   GPUs                 :                           0 
	   Memory (MB)          :    39       12000     12000 
	   TimeExecute (s)      :  5756                       
	   TimeSlotBusy (s)     :  5758                       

	Job terminated of its own accord at 2025-12-16T16:09:58Z with exit-code 0.
...
