000 (10610889.043.000) 12/16 07:15:00 Job submitted from host: <188.185.71.83:9618?addrs=188.185.71.83-9618+[2001-1458-d00-7--100-34d]-9618&alias=bigbird18.cern.ch&noUDP&sock=schedd_5052_d48c>
...
040 (10610889.043.000) 12/16 10:28:00 Started transferring input files
	Transferring to host: <188.185.195.71:9618?addrs=188.185.195.71-9618+[2001-1458-303-22--100-43]-9618&alias=b9p17p2582.cern.ch&noUDP&sock=slot1_35_4932_ca42_84306>
...
040 (10610889.043.000) 12/16 10:28:00 Finished transferring input files
...
001 (10610889.043.000) 12/16 10:28:00 Job executing on host: <188.185.195.71:9618?addrs=188.185.195.71-9618+[2001-1458-303-22--100-43]-9618&alias=b9p17p2582.cern.ch&noUDP&sock=startd_3959_1f88>
	SlotName: slot1_35@b9p17p2582.cern.ch
	CondorScratchDir = "/pool/condor/dir_3975747"
	Cpus = 4
	Disk = 11091
	GPUs = 0
	Memory = 12000
...
006 (10610889.043.000) 12/16 10:28:14 Image size of job updated: 27072
	27  -  MemoryUsage of job (MB)
	27072  -  ResidentSetSize of job (KB)
...
006 (10610889.043.000) 12/16 10:33:15 Image size of job updated: 27492
	27  -  MemoryUsage of job (MB)
	27072  -  ResidentSetSize of job (KB)
...
006 (10610889.043.000) 12/16 13:11:29 Image size of job updated: 57940
	27  -  MemoryUsage of job (MB)
	27072  -  ResidentSetSize of job (KB)
...
040 (10610889.043.000) 12/16 13:11:30 Started transferring output files
...
040 (10610889.043.000) 12/16 13:11:30 Finished transferring output files
...
005 (10610889.043.000) 12/16 13:11:30 Job terminated.
	(1) Normal termination (return value 0)
		Usr 0 02:41:45, Sys 0 00:00:09  -  Run Remote Usage
		Usr 0 00:00:00, Sys 0 00:00:00  -  Run Local Usage
		Usr 0 02:41:45, Sys 0 00:00:09  -  Total Remote Usage
		Usr 0 00:00:00, Sys 0 00:00:00  -  Total Local Usage
	0  -  Run Bytes Sent By Job
	7584148  -  Run Bytes Received By Job
	0  -  Total Bytes Sent By Job
	7584148  -  Total Bytes Received By Job
	Partitionable Resources :    Usage  Request Allocated 
	   Cpus                 :     0.99        4         4 
	   Disk (KB)            : 32667        7500     11091 
	   GPUs                 :                           0 
	   Memory (MB)          :    27       12000     12000 
	   TimeExecute (s)      :  9809                       
	   TimeSlotBusy (s)     :  9810                       

	Job terminated of its own accord at 2025-12-16T12:11:29Z with exit-code 0.
...
