000 (10613550.444.000) 12/16 14:40:59 Job submitted from host: <188.185.71.83:9618?addrs=188.185.71.83-9618+[2001-1458-d00-7--100-34d]-9618&alias=bigbird18.cern.ch&noUDP&sock=schedd_5052_d48c>
...
040 (10613550.444.000) 12/16 16:05:59 Started transferring input files
	Transferring to host: <188.185.212.47:9618?addrs=188.185.212.47-9618+[2001-1458-303-18--100-2b]-9618&alias=b9p25p6541.cern.ch&noUDP&sock=slot1_3_4120_a9a1_93083>
...
040 (10613550.444.000) 12/16 16:05:59 Finished transferring input files
...
001 (10613550.444.000) 12/16 16:05:59 Job executing on host: <188.185.212.47:9618?addrs=188.185.212.47-9618+[2001-1458-303-18--100-2b]-9618&alias=b9p25p6541.cern.ch&noUDP&sock=startd_3486_af3c>
	SlotName: slot1_3@b9p25p6541.cern.ch
	CondorScratchDir = "/pool/condor/dir_3208797"
	Cpus = 4
	Disk = 11177
	GPUs = 0
	Memory = 12000
...
006 (10613550.444.000) 12/16 16:06:13 Image size of job updated: 37536
	37  -  MemoryUsage of job (MB)
	37536  -  ResidentSetSize of job (KB)
...
006 (10613550.444.000) 12/16 16:11:14 Image size of job updated: 37956
	37  -  MemoryUsage of job (MB)
	37536  -  ResidentSetSize of job (KB)
...
040 (10613550.444.000) 12/16 17:29:47 Started transferring output files
...
040 (10613550.444.000) 12/16 17:29:48 Finished transferring output files
...
005 (10613550.444.000) 12/16 17:29:48 Job terminated.
	(1) Normal termination (return value 0)
		Usr 0 01:22:30, Sys 0 00:00:12  -  Run Remote Usage
		Usr 0 00:00:00, Sys 0 00:00:00  -  Run Local Usage
		Usr 0 01:22:30, Sys 0 00:00:12  -  Total Remote Usage
		Usr 0 00:00:00, Sys 0 00:00:00  -  Total Local Usage
	0  -  Run Bytes Sent By Job
	7584148  -  Run Bytes Received By Job
	0  -  Total Bytes Sent By Job
	7584148  -  Total Bytes Received By Job
	Partitionable Resources :    Usage  Request Allocated 
	   Cpus                 :     0.99        4         4 
	   Disk (KB)            : 32781        7500     11177 
	   GPUs                 :                           0 
	   Memory (MB)          :    37       12000     12000 
	   TimeExecute (s)      :  5028                       
	   TimeSlotBusy (s)     :  5029                       

	Job terminated of its own accord at 2025-12-16T16:29:47Z with exit-code 0.
...
