000 (10613549.442.000) 12/16 14:40:45 Job submitted from host: <188.185.71.83:9618?addrs=188.185.71.83-9618+[2001-1458-d00-7--100-34d]-9618&alias=bigbird18.cern.ch&noUDP&sock=schedd_5052_d48c>
...
040 (10613549.442.000) 12/16 15:30:01 Started transferring input files
	Transferring to host: <188.185.195.80:9618?addrs=188.185.195.80-9618+[2001-1458-303-22--100-4c]-9618&alias=b9p17p6061.cern.ch&noUDP&sock=slot1_15_3212_e4fc_83244>
...
040 (10613549.442.000) 12/16 15:30:01 Finished transferring input files
...
001 (10613549.442.000) 12/16 15:30:01 Job executing on host: <188.185.195.80:9618?addrs=188.185.195.80-9618+[2001-1458-303-22--100-4c]-9618&alias=b9p17p6061.cern.ch&noUDP&sock=startd_2526_3451>
	SlotName: slot1_15@b9p17p6061.cern.ch
	CondorScratchDir = "/pool/condor/dir_4155285"
	Cpus = 4
	Disk = 10986
	GPUs = 0
	Memory = 12000
...
006 (10613549.442.000) 12/16 15:30:15 Image size of job updated: 41600
	41  -  MemoryUsage of job (MB)
	41600  -  ResidentSetSize of job (KB)
...
006 (10613549.442.000) 12/16 15:35:15 Image size of job updated: 42024
	41  -  MemoryUsage of job (MB)
	41600  -  ResidentSetSize of job (KB)
...
040 (10613549.442.000) 12/16 17:47:35 Started transferring output files
...
040 (10613549.442.000) 12/16 17:47:35 Finished transferring output files
...
005 (10613549.442.000) 12/16 17:47:35 Job terminated.
	(1) Normal termination (return value 0)
		Usr 0 02:16:20, Sys 0 00:00:09  -  Run Remote Usage
		Usr 0 00:00:00, Sys 0 00:00:00  -  Run Local Usage
		Usr 0 02:16:20, Sys 0 00:00:09  -  Total Remote Usage
		Usr 0 00:00:00, Sys 0 00:00:00  -  Total Local Usage
	0  -  Run Bytes Sent By Job
	7584148  -  Run Bytes Received By Job
	0  -  Total Bytes Sent By Job
	7584148  -  Total Bytes Received By Job
	Partitionable Resources :    Usage  Request Allocated 
	   Cpus                 :     0.99        4         4 
	   Disk (KB)            : 32767        7500     10986 
	   GPUs                 :                           0 
	   Memory (MB)          :    41       12000     12000 
	   TimeExecute (s)      :  8253                       
	   TimeSlotBusy (s)     :  8254                       

	Job terminated of its own accord at 2025-12-16T16:47:34Z with exit-code 0.
...
