000 (10610889.760.000) 12/16 07:15:01 Job submitted from host: <188.185.71.83:9618?addrs=188.185.71.83-9618+[2001-1458-d00-7--100-34d]-9618&alias=bigbird18.cern.ch&noUDP&sock=schedd_5052_d48c>
...
040 (10610889.760.000) 12/16 14:26:03 Started transferring input files
	Transferring to host: <188.185.195.93:9618?addrs=188.185.195.93-9618+[2001-1458-303-22--100-59]-9618&alias=b9p17p2919.cern.ch&noUDP&sock=slot1_10_11688_00d4_87107>
...
040 (10610889.760.000) 12/16 14:26:03 Finished transferring input files
...
001 (10610889.760.000) 12/16 14:26:03 Job executing on host: <188.185.195.93:9618?addrs=188.185.195.93-9618+[2001-1458-303-22--100-59]-9618&alias=b9p17p2919.cern.ch&noUDP&sock=startd_11249_74f2>
	SlotName: slot1_10@b9p17p2919.cern.ch
	CondorScratchDir = "/pool/condor/dir_2687372"
	Cpus = 4
	Disk = 11118
	GPUs = 0
	Memory = 12000
...
006 (10610889.760.000) 12/16 14:26:17 Image size of job updated: 37500
	37  -  MemoryUsage of job (MB)
	37500  -  ResidentSetSize of job (KB)
...
006 (10610889.760.000) 12/16 14:31:17 Image size of job updated: 37920
	37  -  MemoryUsage of job (MB)
	37500  -  ResidentSetSize of job (KB)
...
006 (10610889.760.000) 12/16 16:59:01 Image size of job updated: 118448
	37  -  MemoryUsage of job (MB)
	37500  -  ResidentSetSize of job (KB)
...
040 (10610889.760.000) 12/16 16:59:02 Started transferring output files
...
040 (10610889.760.000) 12/16 16:59:02 Finished transferring output files
...
005 (10610889.760.000) 12/16 16:59:02 Job terminated.
	(1) Normal termination (return value 0)
		Usr 0 02:31:21, Sys 0 00:00:07  -  Run Remote Usage
		Usr 0 00:00:00, Sys 0 00:00:00  -  Run Local Usage
		Usr 0 02:31:21, Sys 0 00:00:07  -  Total Remote Usage
		Usr 0 00:00:00, Sys 0 00:00:00  -  Total Local Usage
	0  -  Run Bytes Sent By Job
	7584148  -  Run Bytes Received By Job
	0  -  Total Bytes Sent By Job
	7584148  -  Total Bytes Received By Job
	Partitionable Resources :    Usage  Request Allocated 
	   Cpus                 :     0.99        4         4 
	   Disk (KB)            : 33512        7500     11118 
	   GPUs                 :                           0 
	   Memory (MB)          :    37       12000     12000 
	   TimeExecute (s)      :  9178                       
	   TimeSlotBusy (s)     :  9180                       

	Job terminated of its own accord at 2025-12-16T15:59:01Z with exit-code 0.
...
