000 (10610887.894.000) 12/16 07:14:32 Job submitted from host: <188.185.71.83:9618?addrs=188.185.71.83-9618+[2001-1458-d00-7--100-34d]-9618&alias=bigbird18.cern.ch&noUDP&sock=schedd_5052_d48c>
...
040 (10610887.894.000) 12/16 07:59:52 Started transferring input files
	Transferring to host: <128.142.137.119:9618?addrs=128.142.137.119-9618+[2001-1458-301-5e--100-6b]-9618&alias=b9g19p6148.cern.ch&noUDP&sock=slot1_26_2876_26ee_82902>
...
040 (10610887.894.000) 12/16 07:59:52 Finished transferring input files
...
001 (10610887.894.000) 12/16 07:59:52 Job executing on host: <128.142.137.119:9618?addrs=128.142.137.119-9618+[2001-1458-301-5e--100-6b]-9618&alias=b9g19p6148.cern.ch&noUDP&sock=startd_2484_6557>
	SlotName: slot1_26@b9g19p6148.cern.ch
	CondorScratchDir = "/pool/condor/dir_1518824"
	Cpus = 4
	Disk = 9857
	GPUs = 0
	Memory = 12000
...
006 (10610887.894.000) 12/16 08:00:06 Image size of job updated: 40432
	40  -  MemoryUsage of job (MB)
	40432  -  ResidentSetSize of job (KB)
...
006 (10610887.894.000) 12/16 08:05:07 Image size of job updated: 40524
	40  -  MemoryUsage of job (MB)
	40432  -  ResidentSetSize of job (KB)
...
006 (10610887.894.000) 12/16 10:49:28 Image size of job updated: 121064
	40  -  MemoryUsage of job (MB)
	40432  -  ResidentSetSize of job (KB)
...
040 (10610887.894.000) 12/16 10:49:29 Started transferring output files
...
040 (10610887.894.000) 12/16 10:49:29 Finished transferring output files
...
005 (10610887.894.000) 12/16 10:49:29 Job terminated.
	(1) Normal termination (return value 0)
		Usr 0 02:48:01, Sys 0 00:00:11  -  Run Remote Usage
		Usr 0 00:00:00, Sys 0 00:00:00  -  Run Local Usage
		Usr 0 02:48:01, Sys 0 00:00:11  -  Total Remote Usage
		Usr 0 00:00:00, Sys 0 00:00:00  -  Total Local Usage
	0  -  Run Bytes Sent By Job
	7584148  -  Run Bytes Received By Job
	0  -  Total Bytes Sent By Job
	7584148  -  Total Bytes Received By Job
	Partitionable Resources :    Usage  Request Allocated 
	   Cpus                 :     1.00        4         4 
	   Disk (KB)            : 32834        7500      9857 
	   GPUs                 :                           0 
	   Memory (MB)          :    40       12000     12000 
	   TimeExecute (s)      : 10176                       
	   TimeSlotBusy (s)     : 10177                       

	Job terminated of its own accord at 2025-12-16T09:49:28Z with exit-code 0.
...
