000 (10613550.636.000) 12/16 14:41:00 Job submitted from host: <188.185.71.83:9618?addrs=188.185.71.83-9618+[2001-1458-d00-7--100-34d]-9618&alias=bigbird18.cern.ch&noUDP&sock=schedd_5052_d48c>
...
040 (10613550.636.000) 12/16 16:45:20 Started transferring input files
	Transferring to host: <188.185.205.138:9618?addrs=188.185.205.138-9618+[2001-1458-303-a--100-7]-9618&alias=b9p04p5793.cern.ch&noUDP&sock=slot1_14_4032_a89d_89448>
...
040 (10613550.636.000) 12/16 16:45:20 Finished transferring input files
...
001 (10613550.636.000) 12/16 16:45:20 Job executing on host: <188.185.205.138:9618?addrs=188.185.205.138-9618+[2001-1458-303-a--100-7]-9618&alias=b9p04p5793.cern.ch&noUDP&sock=startd_3589_557e>
	SlotName: slot1_14@b9p04p5793.cern.ch
	CondorScratchDir = "/pool/condor/dir_2694242"
	Cpus = 4
	Disk = 10738
	GPUs = 0
	Memory = 12000
...
006 (10613550.636.000) 12/16 16:45:34 Image size of job updated: 44296
	44  -  MemoryUsage of job (MB)
	44296  -  ResidentSetSize of job (KB)
...
006 (10613550.636.000) 12/16 16:50:34 Image size of job updated: 44672
	44  -  MemoryUsage of job (MB)
	44296  -  ResidentSetSize of job (KB)
...
040 (10613550.636.000) 12/16 18:01:14 Started transferring output files
...
040 (10613550.636.000) 12/16 18:01:14 Finished transferring output files
...
005 (10613550.636.000) 12/16 18:01:14 Job terminated.
	(1) Normal termination (return value 0)
		Usr 0 01:14:43, Sys 0 00:00:07  -  Run Remote Usage
		Usr 0 00:00:00, Sys 0 00:00:00  -  Run Local Usage
		Usr 0 01:14:43, Sys 0 00:00:07  -  Total Remote Usage
		Usr 0 00:00:00, Sys 0 00:00:00  -  Total Local Usage
	0  -  Run Bytes Sent By Job
	7584148  -  Run Bytes Received By Job
	0  -  Total Bytes Sent By Job
	7584148  -  Total Bytes Received By Job
	Partitionable Resources :    Usage  Request Allocated 
	   Cpus                 :     0.99        4         4 
	   Disk (KB)            : 32377        7500     10738 
	   GPUs                 :                           0 
	   Memory (MB)          :    44       12000     12000 
	   TimeExecute (s)      :  4553                       
	   TimeSlotBusy (s)     :  4554                       

	Job terminated of its own accord at 2025-12-16T17:01:13Z with exit-code 0.
...
