000 (10613550.625.000) 12/16 14:41:00 Job submitted from host: <188.185.71.83:9618?addrs=188.185.71.83-9618+[2001-1458-d00-7--100-34d]-9618&alias=bigbird18.cern.ch&noUDP&sock=schedd_5052_d48c>
...
040 (10613550.625.000) 12/16 16:44:42 Started transferring input files
	Transferring to host: <188.185.209.42:9618?addrs=188.185.209.42-9618+[2001-1458-303-11--100-27]-9618&alias=b9p11p1459.cern.ch&noUDP&sock=slot1_1_6010_56ad_87864>
...
040 (10613550.625.000) 12/16 16:44:42 Finished transferring input files
...
001 (10613550.625.000) 12/16 16:44:42 Job executing on host: <188.185.209.42:9618?addrs=188.185.209.42-9618+[2001-1458-303-11--100-27]-9618&alias=b9p11p1459.cern.ch&noUDP&sock=startd_4999_7a07>
	SlotName: slot1_1@b9p11p1459.cern.ch
	CondorScratchDir = "/pool/condor/dir_3069255"
	Cpus = 4
	Disk = 10586
	GPUs = 0
	Memory = 12000
...
006 (10613550.625.000) 12/16 16:44:56 Image size of job updated: 42096
	42  -  MemoryUsage of job (MB)
	42096  -  ResidentSetSize of job (KB)
...
006 (10613550.625.000) 12/16 16:49:57 Image size of job updated: 42476
	42  -  MemoryUsage of job (MB)
	42096  -  ResidentSetSize of job (KB)
...
006 (10613550.625.000) 12/16 18:05:13 Image size of job updated: 123132
	42  -  MemoryUsage of job (MB)
	42096  -  ResidentSetSize of job (KB)
...
040 (10613550.625.000) 12/16 18:05:14 Started transferring output files
...
040 (10613550.625.000) 12/16 18:05:14 Finished transferring output files
...
005 (10613550.625.000) 12/16 18:05:14 Job terminated.
	(1) Normal termination (return value 0)
		Usr 0 01:19:00, Sys 0 00:00:09  -  Run Remote Usage
		Usr 0 00:00:00, Sys 0 00:00:00  -  Run Local Usage
		Usr 0 01:19:00, Sys 0 00:00:09  -  Total Remote Usage
		Usr 0 00:00:00, Sys 0 00:00:00  -  Total Local Usage
	0  -  Run Bytes Sent By Job
	7584148  -  Run Bytes Received By Job
	0  -  Total Bytes Sent By Job
	7584148  -  Total Bytes Received By Job
	Partitionable Resources :    Usage  Request Allocated 
	   Cpus                 :     0.99        4         4 
	   Disk (KB)            : 33553        7500     10586 
	   GPUs                 :                           0 
	   Memory (MB)          :    42       12000     12000 
	   TimeExecute (s)      :  4831                       
	   TimeSlotBusy (s)     :  4832                       

	Job terminated of its own accord at 2025-12-16T17:05:13Z with exit-code 0.
...
