000 (10613549.212.000) 12/16 14:40:44 Job submitted from host: <188.185.71.83:9618?addrs=188.185.71.83-9618+[2001-1458-d00-7--100-34d]-9618&alias=bigbird18.cern.ch&noUDP&sock=schedd_5052_d48c>
...
040 (10613549.212.000) 12/16 15:25:21 Started transferring input files
	Transferring to host: <188.185.211.98:9618?addrs=188.185.211.98-9618+[2001-1458-303-16--100-5e]-9618&alias=b9p23p6157.cern.ch&noUDP&sock=slot1_14_8111_aee3_93727>
...
040 (10613549.212.000) 12/16 15:25:21 Finished transferring input files
...
001 (10613549.212.000) 12/16 15:25:21 Job executing on host: <188.185.211.98:9618?addrs=188.185.211.98-9618+[2001-1458-303-16--100-5e]-9618&alias=b9p23p6157.cern.ch&noUDP&sock=startd_7150_e23e>
	SlotName: slot1_14@b9p23p6157.cern.ch
	CondorScratchDir = "/pool/condor/dir_2569129"
	Cpus = 4
	Disk = 11004
	GPUs = 0
	Memory = 12000
...
006 (10613549.212.000) 12/16 15:25:35 Image size of job updated: 40036
	40  -  MemoryUsage of job (MB)
	40036  -  ResidentSetSize of job (KB)
...
006 (10613549.212.000) 12/16 15:30:36 Image size of job updated: 40128
	40  -  MemoryUsage of job (MB)
	40036  -  ResidentSetSize of job (KB)
...
040 (10613549.212.000) 12/16 16:44:37 Started transferring output files
...
040 (10613549.212.000) 12/16 16:44:37 Finished transferring output files
...
005 (10613549.212.000) 12/16 16:44:37 Job terminated.
	(1) Normal termination (return value 0)
		Usr 0 01:18:27, Sys 0 00:00:06  -  Run Remote Usage
		Usr 0 00:00:00, Sys 0 00:00:00  -  Run Local Usage
		Usr 0 01:18:27, Sys 0 00:00:06  -  Total Remote Usage
		Usr 0 00:00:00, Sys 0 00:00:00  -  Total Local Usage
	0  -  Run Bytes Sent By Job
	7584148  -  Run Bytes Received By Job
	0  -  Total Bytes Sent By Job
	7584148  -  Total Bytes Received By Job
	Partitionable Resources :    Usage  Request Allocated 
	   Cpus                 :     0.99        4         4 
	   Disk (KB)            : 32451        7500     11004 
	   GPUs                 :                           0 
	   Memory (MB)          :    40       12000     12000 
	   TimeExecute (s)      :  4755                       
	   TimeSlotBusy (s)     :  4756                       

	Job terminated of its own accord at 2025-12-16T15:44:36Z with exit-code 0.
...
