000 (10610887.537.000) 12/16 07:14:31 Job submitted from host: <188.185.71.83:9618?addrs=188.185.71.83-9618+[2001-1458-d00-7--100-34d]-9618&alias=bigbird18.cern.ch&noUDP&sock=schedd_5052_d48c>
...
040 (10610887.537.000) 12/16 07:50:45 Started transferring input files
	Transferring to host: <188.185.210.28:9618?addrs=188.185.210.28-9618+[2001-1458-303-1--100-18]-9618&alias=b9p21p8200.cern.ch&noUDP&sock=slot1_15_766232_82b0_12522>
...
040 (10610887.537.000) 12/16 07:50:45 Finished transferring input files
...
001 (10610887.537.000) 12/16 07:50:45 Job executing on host: <188.185.210.28:9618?addrs=188.185.210.28-9618+[2001-1458-303-1--100-18]-9618&alias=b9p21p8200.cern.ch&noUDP&sock=startd_4086_3c0f>
	SlotName: slot1_15@b9p21p8200.cern.ch
	CondorScratchDir = "/pool/condor/dir_1826438"
	Cpus = 4
	Disk = 10946
	GPUs = 0
	Memory = 12000
...
006 (10610887.537.000) 12/16 07:50:59 Image size of job updated: 37524
	37  -  MemoryUsage of job (MB)
	37524  -  ResidentSetSize of job (KB)
...
006 (10610887.537.000) 12/16 07:56:00 Image size of job updated: 37948
	37  -  MemoryUsage of job (MB)
	37524  -  ResidentSetSize of job (KB)
...
006 (10610887.537.000) 12/16 09:27:08 Image size of job updated: 118476
	37  -  MemoryUsage of job (MB)
	37524  -  ResidentSetSize of job (KB)
...
040 (10610887.537.000) 12/16 09:27:08 Started transferring output files
...
040 (10610887.537.000) 12/16 09:27:09 Finished transferring output files
...
005 (10610887.537.000) 12/16 09:27:09 Job terminated.
	(1) Normal termination (return value 0)
		Usr 0 01:35:00, Sys 0 00:00:09  -  Run Remote Usage
		Usr 0 00:00:00, Sys 0 00:00:00  -  Run Local Usage
		Usr 0 01:35:00, Sys 0 00:00:09  -  Total Remote Usage
		Usr 0 00:00:00, Sys 0 00:00:00  -  Total Local Usage
	0  -  Run Bytes Sent By Job
	7584148  -  Run Bytes Received By Job
	0  -  Total Bytes Sent By Job
	7584148  -  Total Bytes Received By Job
	Partitionable Resources :    Usage  Request Allocated 
	   Cpus                 :     0.99        4         4 
	   Disk (KB)            : 32993        7500     10946 
	   GPUs                 :                           0 
	   Memory (MB)          :    37       12000     12000 
	   TimeExecute (s)      :  5783                       
	   TimeSlotBusy (s)     :  5784                       

	Job terminated of its own accord at 2025-12-16T08:27:08Z with exit-code 0.
...
