000 (10613550.300.000) 12/16 14:40:59 Job submitted from host: <188.185.71.83:9618?addrs=188.185.71.83-9618+[2001-1458-d00-7--100-34d]-9618&alias=bigbird18.cern.ch&noUDP&sock=schedd_5052_d48c>
...
040 (10613550.300.000) 12/16 15:51:45 Started transferring input files
	Transferring to host: <188.185.211.148:9618?addrs=188.185.211.148-9618+[2001-1458-303-17--100-10]-9618&alias=b9p24p1922.cern.ch&noUDP&sock=slot1_2_7778_0df5_92633>
...
040 (10613550.300.000) 12/16 15:51:45 Finished transferring input files
...
001 (10613550.300.000) 12/16 15:51:45 Job executing on host: <188.185.211.148:9618?addrs=188.185.211.148-9618+[2001-1458-303-17--100-10]-9618&alias=b9p24p1922.cern.ch&noUDP&sock=startd_7025_24e7>
	SlotName: slot1_2@b9p24p1922.cern.ch
	CondorScratchDir = "/pool/condor/dir_2691053"
	Cpus = 4
	Disk = 11106
	GPUs = 0
	Memory = 12000
...
006 (10613550.300.000) 12/16 15:51:59 Image size of job updated: 37492
	37  -  MemoryUsage of job (MB)
	37492  -  ResidentSetSize of job (KB)
...
006 (10613550.300.000) 12/16 15:57:00 Image size of job updated: 37912
	37  -  MemoryUsage of job (MB)
	37492  -  ResidentSetSize of job (KB)
...
040 (10613550.300.000) 12/16 17:25:16 Started transferring output files
...
040 (10613550.300.000) 12/16 17:25:16 Finished transferring output files
...
005 (10613550.300.000) 12/16 17:25:16 Job terminated.
	(1) Normal termination (return value 0)
		Usr 0 01:31:57, Sys 0 00:00:11  -  Run Remote Usage
		Usr 0 00:00:00, Sys 0 00:00:00  -  Run Local Usage
		Usr 0 01:31:57, Sys 0 00:00:11  -  Total Remote Usage
		Usr 0 00:00:00, Sys 0 00:00:00  -  Total Local Usage
	0  -  Run Bytes Sent By Job
	7584148  -  Run Bytes Received By Job
	0  -  Total Bytes Sent By Job
	7584148  -  Total Bytes Received By Job
	Partitionable Resources :    Usage  Request Allocated 
	   Cpus                 :     0.98        4         4 
	   Disk (KB)            : 33624        7500     11106 
	   GPUs                 :                           0 
	   Memory (MB)          :    37       12000     12000 
	   TimeExecute (s)      :  5610                       
	   TimeSlotBusy (s)     :  5611                       

	Job terminated of its own accord at 2025-12-16T16:25:15Z with exit-code 0.
...
