000 (10613550.677.000) 12/16 14:41:00 Job submitted from host: <188.185.71.83:9618?addrs=188.185.71.83-9618+[2001-1458-d00-7--100-34d]-9618&alias=bigbird18.cern.ch&noUDP&sock=schedd_5052_d48c>
...
040 (10613550.677.000) 12/16 16:46:59 Started transferring input files
	Transferring to host: <188.185.211.213:9618?addrs=188.185.211.213-9618+[2001-1458-303-17--100-51]-9618&alias=b9p24p3007.cern.ch&noUDP&sock=slot1_4_9033_50c8_92768>
...
040 (10613550.677.000) 12/16 16:46:59 Finished transferring input files
...
001 (10613550.677.000) 12/16 16:46:59 Job executing on host: <188.185.211.213:9618?addrs=188.185.211.213-9618+[2001-1458-303-17--100-51]-9618&alias=b9p24p3007.cern.ch&noUDP&sock=startd_7717_cc71>
	SlotName: slot1_4@b9p24p3007.cern.ch
	CondorScratchDir = "/pool/condor/dir_2895874"
	Cpus = 4
	Disk = 10949
	GPUs = 0
	Memory = 12000
...
006 (10613550.677.000) 12/16 16:47:12 Image size of job updated: 37504
	37  -  MemoryUsage of job (MB)
	37504  -  ResidentSetSize of job (KB)
...
006 (10613550.677.000) 12/16 16:52:12 Image size of job updated: 37924
	37  -  MemoryUsage of job (MB)
	37504  -  ResidentSetSize of job (KB)
...
006 (10613550.677.000) 12/16 18:03:58 Image size of job updated: 118448
	37  -  MemoryUsage of job (MB)
	37504  -  ResidentSetSize of job (KB)
...
040 (10613550.677.000) 12/16 18:03:58 Started transferring output files
...
040 (10613550.677.000) 12/16 18:03:58 Finished transferring output files
...
005 (10613550.677.000) 12/16 18:03:58 Job terminated.
	(1) Normal termination (return value 0)
		Usr 0 01:16:13, Sys 0 00:00:05  -  Run Remote Usage
		Usr 0 00:00:00, Sys 0 00:00:00  -  Run Local Usage
		Usr 0 01:16:13, Sys 0 00:00:05  -  Total Remote Usage
		Usr 0 00:00:00, Sys 0 00:00:00  -  Total Local Usage
	0  -  Run Bytes Sent By Job
	7584148  -  Run Bytes Received By Job
	0  -  Total Bytes Sent By Job
	7584148  -  Total Bytes Received By Job
	Partitionable Resources :    Usage  Request Allocated 
	   Cpus                 :     0.99        4         4 
	   Disk (KB)            : 34169        7500     10949 
	   GPUs                 :                           0 
	   Memory (MB)          :    37       12000     12000 
	   TimeExecute (s)      :  4619                       
	   TimeSlotBusy (s)     :  4619                       

	Job terminated of its own accord at 2025-12-16T17:03:58Z with exit-code 0.
...
