000 (10610888.882.000) 12/16 07:14:45 Job submitted from host: <188.185.71.83:9618?addrs=188.185.71.83-9618+[2001-1458-d00-7--100-34d]-9618&alias=bigbird18.cern.ch&noUDP&sock=schedd_5052_d48c>
...
040 (10610888.882.000) 12/16 09:50:01 Started transferring input files
	Transferring to host: <128.142.192.207:9618?addrs=128.142.192.207-9618+[2001-1458-301-56--100-4b]-9618&alias=b9g18p3814.cern.ch&noUDP&sock=slot1_18_7912_783b_91413>
...
040 (10610888.882.000) 12/16 09:50:01 Finished transferring input files
...
001 (10610888.882.000) 12/16 09:50:01 Job executing on host: <128.142.192.207:9618?addrs=128.142.192.207-9618+[2001-1458-301-56--100-4b]-9618&alias=b9g18p3814.cern.ch&noUDP&sock=startd_7062_85e8>
	SlotName: slot1_18@b9g18p3814.cern.ch
	CondorScratchDir = "/pool/condor/dir_1067200"
	Cpus = 4
	Disk = 11065
	GPUs = 0
	Memory = 12000
...
006 (10610888.882.000) 12/16 09:50:15 Image size of job updated: 41452
	41  -  MemoryUsage of job (MB)
	41452  -  ResidentSetSize of job (KB)
...
006 (10610888.882.000) 12/16 09:55:16 Image size of job updated: 41540
	41  -  MemoryUsage of job (MB)
	41452  -  ResidentSetSize of job (KB)
...
040 (10610888.882.000) 12/16 11:51:14 Started transferring output files
...
040 (10610888.882.000) 12/16 11:51:14 Finished transferring output files
...
005 (10610888.882.000) 12/16 11:51:14 Job terminated.
	(1) Normal termination (return value 0)
		Usr 0 02:00:03, Sys 0 00:00:07  -  Run Remote Usage
		Usr 0 00:00:00, Sys 0 00:00:00  -  Run Local Usage
		Usr 0 02:00:03, Sys 0 00:00:07  -  Total Remote Usage
		Usr 0 00:00:00, Sys 0 00:00:00  -  Total Local Usage
	0  -  Run Bytes Sent By Job
	7584148  -  Run Bytes Received By Job
	0  -  Total Bytes Sent By Job
	7584148  -  Total Bytes Received By Job
	Partitionable Resources :    Usage  Request Allocated 
	   Cpus                 :     0.99        4         4 
	   Disk (KB)            : 33421        7500     11065 
	   GPUs                 :                           0 
	   Memory (MB)          :    41       12000     12000 
	   TimeExecute (s)      :  7272                       
	   TimeSlotBusy (s)     :  7273                       

	Job terminated of its own accord at 2025-12-16T10:51:13Z with exit-code 0.
...
