000 (10610887.963.000) 12/16 07:14:32 Job submitted from host: <188.185.71.83:9618?addrs=188.185.71.83-9618+[2001-1458-d00-7--100-34d]-9618&alias=bigbird18.cern.ch&noUDP&sock=schedd_5052_d48c>
...
040 (10610887.963.000) 12/16 08:00:16 Started transferring input files
	Transferring to host: <188.185.194.119:9618?addrs=188.185.194.119-9618+[2001-1458-303-21--100-73]-9618&alias=b9p20p0758.cern.ch&noUDP&sock=slot1_10_4221_d385_84268>
...
040 (10610887.963.000) 12/16 08:00:16 Finished transferring input files
...
001 (10610887.963.000) 12/16 08:00:16 Job executing on host: <188.185.194.119:9618?addrs=188.185.194.119-9618+[2001-1458-303-21--100-73]-9618&alias=b9p20p0758.cern.ch&noUDP&sock=startd_3091_bf54>
	SlotName: slot1_10@b9p20p0758.cern.ch
	CondorScratchDir = "/pool/condor/dir_1480436"
	Cpus = 4
	Disk = 11000
	GPUs = 0
	Memory = 12000
...
006 (10610887.963.000) 12/16 08:00:31 Image size of job updated: 36184
	36  -  MemoryUsage of job (MB)
	36184  -  ResidentSetSize of job (KB)
...
006 (10610887.963.000) 12/16 08:05:32 Image size of job updated: 36600
	36  -  MemoryUsage of job (MB)
	36184  -  ResidentSetSize of job (KB)
...
006 (10610887.963.000) 12/16 11:23:03 Image size of job updated: 117144
	36  -  MemoryUsage of job (MB)
	36184  -  ResidentSetSize of job (KB)
...
040 (10610887.963.000) 12/16 11:23:04 Started transferring output files
...
040 (10610887.963.000) 12/16 11:23:05 Finished transferring output files
...
005 (10610887.963.000) 12/16 11:23:05 Job terminated.
	(1) Normal termination (return value 0)
		Usr 0 03:14:04, Sys 0 00:00:22  -  Run Remote Usage
		Usr 0 00:00:00, Sys 0 00:00:00  -  Run Local Usage
		Usr 0 03:14:04, Sys 0 00:00:22  -  Total Remote Usage
		Usr 0 00:00:00, Sys 0 00:00:00  -  Total Local Usage
	0  -  Run Bytes Sent By Job
	7584148  -  Run Bytes Received By Job
	0  -  Total Bytes Sent By Job
	7584148  -  Total Bytes Received By Job
	Partitionable Resources :    Usage  Request Allocated 
	   Cpus                 :     0.96        4         4 
	   Disk (KB)            : 32600        7500     11000 
	   GPUs                 :                           0 
	   Memory (MB)          :    36       12000     12000 
	   TimeExecute (s)      : 12167                       
	   TimeSlotBusy (s)     : 12170                       

	Job terminated of its own accord at 2025-12-16T10:23:03Z with exit-code 0.
...
