000 (10610889.999.000) 12/16 07:15:01 Job submitted from host: <188.185.71.83:9618?addrs=188.185.71.83-9618+[2001-1458-d00-7--100-34d]-9618&alias=bigbird18.cern.ch&noUDP&sock=schedd_5052_d48c>
...
040 (10610889.999.000) 12/16 14:27:23 Started transferring input files
	Transferring to host: <128.142.161.115:9618?addrs=128.142.161.115-9618+[2001-1458-301-b8--100-31]-9618&alias=b9g03p1277.cern.ch&noUDP&sock=slot1_10_3820583_197c_12616>
...
040 (10610889.999.000) 12/16 14:27:23 Finished transferring input files
...
001 (10610889.999.000) 12/16 14:27:23 Job executing on host: <128.142.161.115:9618?addrs=128.142.161.115-9618+[2001-1458-301-b8--100-31]-9618&alias=b9g03p1277.cern.ch&noUDP&sock=startd_3819334_061e>
	SlotName: slot1_10@b9g03p1277.cern.ch
	CondorScratchDir = "/pool/condor/dir_3484163"
	Cpus = 4
	Disk = 11020
	GPUs = 0
	Memory = 12000
...
006 (10610889.999.000) 12/16 14:27:37 Image size of job updated: 1636
	2  -  MemoryUsage of job (MB)
	1636  -  ResidentSetSize of job (KB)
...
006 (10610889.999.000) 12/16 14:32:37 Image size of job updated: 38404
	37  -  MemoryUsage of job (MB)
	37520  -  ResidentSetSize of job (KB)
...
006 (10610889.999.000) 12/16 16:16:21 Image size of job updated: 118936
	37  -  MemoryUsage of job (MB)
	37520  -  ResidentSetSize of job (KB)
...
040 (10610889.999.000) 12/16 16:16:22 Started transferring output files
...
040 (10610889.999.000) 12/16 16:16:22 Finished transferring output files
...
005 (10610889.999.000) 12/16 16:16:22 Job terminated.
	(1) Normal termination (return value 0)
		Usr 0 01:46:52, Sys 0 00:00:07  -  Run Remote Usage
		Usr 0 00:00:00, Sys 0 00:00:00  -  Run Local Usage
		Usr 0 01:46:52, Sys 0 00:00:07  -  Total Remote Usage
		Usr 0 00:00:00, Sys 0 00:00:00  -  Total Local Usage
	0  -  Run Bytes Sent By Job
	7584148  -  Run Bytes Received By Job
	0  -  Total Bytes Sent By Job
	7584148  -  Total Bytes Received By Job
	Partitionable Resources :    Usage  Request Allocated 
	   Cpus                 :     0.99        4         4 
	   Disk (KB)            : 32156        7500     11020 
	   GPUs                 :                           0 
	   Memory (MB)          :    37       12000     12000 
	   TimeExecute (s)      :  6538                       
	   TimeSlotBusy (s)     :  6540                       

	Job terminated of its own accord at 2025-12-16T15:16:21Z with exit-code 0.
...
