000 (10610887.104.000) 12/16 07:14:31 Job submitted from host: <188.185.71.83:9618?addrs=188.185.71.83-9618+[2001-1458-d00-7--100-34d]-9618&alias=bigbird18.cern.ch&noUDP&sock=schedd_5052_d48c>
...
040 (10610887.104.000) 12/16 07:44:24 Started transferring input files
	Transferring to host: <188.185.215.26:9618?addrs=188.185.215.26-9618+[2001-1458-303-1e--100-16]-9618&alias=b9p31p3929.cern.ch&noUDP&sock=slot1_29_3103_1817_91334>
...
040 (10610887.104.000) 12/16 07:44:24 Finished transferring input files
...
001 (10610887.104.000) 12/16 07:44:24 Job executing on host: <188.185.215.26:9618?addrs=188.185.215.26-9618+[2001-1458-303-1e--100-16]-9618&alias=b9p31p3929.cern.ch&noUDP&sock=startd_2622_0d69>
	SlotName: slot1_29@b9p31p3929.cern.ch
	CondorScratchDir = "/pool/condor/dir_410054"
	Cpus = 4
	Disk = 11016
	GPUs = 0
	Memory = 12000
...
006 (10610887.104.000) 12/16 07:44:38 Image size of job updated: 37524
	37  -  MemoryUsage of job (MB)
	37524  -  ResidentSetSize of job (KB)
...
006 (10610887.104.000) 12/16 07:49:39 Image size of job updated: 37944
	37  -  MemoryUsage of job (MB)
	37524  -  ResidentSetSize of job (KB)
...
040 (10610887.104.000) 12/16 09:16:55 Started transferring output files
...
040 (10610887.104.000) 12/16 09:16:55 Finished transferring output files
...
005 (10610887.104.000) 12/16 09:16:55 Job terminated.
	(1) Normal termination (return value 0)
		Usr 0 01:31:00, Sys 0 00:00:09  -  Run Remote Usage
		Usr 0 00:00:00, Sys 0 00:00:00  -  Run Local Usage
		Usr 0 01:31:00, Sys 0 00:00:09  -  Total Remote Usage
		Usr 0 00:00:00, Sys 0 00:00:00  -  Total Local Usage
	0  -  Run Bytes Sent By Job
	7584148  -  Run Bytes Received By Job
	0  -  Total Bytes Sent By Job
	7584148  -  Total Bytes Received By Job
	Partitionable Resources :    Usage  Request Allocated 
	   Cpus                 :     0.99        4         4 
	   Disk (KB)            : 33309        7500     11016 
	   GPUs                 :                           0 
	   Memory (MB)          :    37       12000     12000 
	   TimeExecute (s)      :  5550                       
	   TimeSlotBusy (s)     :  5552                       

	Job terminated of its own accord at 2025-12-16T08:16:54Z with exit-code 0.
...
