000 (10610888.693.000) 12/16 07:14:44 Job submitted from host: <188.185.71.83:9618?addrs=188.185.71.83-9618+[2001-1458-d00-7--100-34d]-9618&alias=bigbird18.cern.ch&noUDP&sock=schedd_5052_d48c>
...
040 (10610888.693.000) 12/16 09:35:38 Started transferring input files
	Transferring to host: <188.185.213.169:9618?addrs=188.185.213.169-9618+[2001-1458-303-1b--100-25]-9618&alias=b9p28p9779.cern.ch&noUDP&sock=slot1_8_2149847_7218_11892>
...
040 (10610888.693.000) 12/16 09:35:38 Finished transferring input files
...
001 (10610888.693.000) 12/16 09:35:38 Job executing on host: <188.185.213.169:9618?addrs=188.185.213.169-9618+[2001-1458-303-1b--100-25]-9618&alias=b9p28p9779.cern.ch&noUDP&sock=startd_3690_9c8e>
	SlotName: slot1_8@b9p28p9779.cern.ch
	CondorScratchDir = "/pool/condor/dir_3986225"
	Cpus = 4
	Disk = 10902
	GPUs = 0
	Memory = 12000
...
006 (10610888.693.000) 12/16 09:35:52 Image size of job updated: 26700
	27  -  MemoryUsage of job (MB)
	26700  -  ResidentSetSize of job (KB)
...
006 (10610888.693.000) 12/16 09:40:53 Image size of job updated: 27120
	27  -  MemoryUsage of job (MB)
	26700  -  ResidentSetSize of job (KB)
...
040 (10610888.693.000) 12/16 11:18:19 Started transferring output files
...
040 (10610888.693.000) 12/16 11:18:20 Finished transferring output files
...
005 (10610888.693.000) 12/16 11:18:20 Job terminated.
	(1) Normal termination (return value 0)
		Usr 0 01:40:29, Sys 0 00:00:20  -  Run Remote Usage
		Usr 0 00:00:00, Sys 0 00:00:00  -  Run Local Usage
		Usr 0 01:40:29, Sys 0 00:00:20  -  Total Remote Usage
		Usr 0 00:00:00, Sys 0 00:00:00  -  Total Local Usage
	0  -  Run Bytes Sent By Job
	7584148  -  Run Bytes Received By Job
	0  -  Total Bytes Sent By Job
	7584148  -  Total Bytes Received By Job
	Partitionable Resources :    Usage  Request Allocated 
	   Cpus                 :     0.99        4         4 
	   Disk (KB)            : 33158        7500     10902 
	   GPUs                 :                           0 
	   Memory (MB)          :    27       12000     12000 
	   TimeExecute (s)      :  6161                       
	   TimeSlotBusy (s)     :  6162                       

	Job terminated of its own accord at 2025-12-16T10:18:19Z with exit-code 0.
...
