000 (10613550.702.000) 12/16 14:41:00 Job submitted from host: <188.185.71.83:9618?addrs=188.185.71.83-9618+[2001-1458-d00-7--100-34d]-9618&alias=bigbird18.cern.ch&noUDP&sock=schedd_5052_d48c>
...
040 (10613550.702.000) 12/16 16:47:55 Started transferring input files
	Transferring to host: <188.185.213.220:9618?addrs=188.185.213.220-9618+[2001-1458-303-1b--100-58]-9618&alias=b9p28p1121.cern.ch&noUDP&sock=slot1_16_1586554_91be_14747>
...
040 (10613550.702.000) 12/16 16:47:55 Finished transferring input files
...
001 (10613550.702.000) 12/16 16:47:55 Job executing on host: <188.185.213.220:9618?addrs=188.185.213.220-9618+[2001-1458-303-1b--100-58]-9618&alias=b9p28p1121.cern.ch&noUDP&sock=startd_4079_6ee6>
	SlotName: slot1_16@b9p28p1121.cern.ch
	CondorScratchDir = "/pool/condor/dir_3147795"
	Cpus = 4
	Disk = 10735
	GPUs = 0
	Memory = 12000
...
006 (10613550.702.000) 12/16 16:48:08 Image size of job updated: 40060
	40  -  MemoryUsage of job (MB)
	40060  -  ResidentSetSize of job (KB)
...
006 (10613550.702.000) 12/16 16:53:08 Image size of job updated: 40480
	40  -  MemoryUsage of job (MB)
	40060  -  ResidentSetSize of job (KB)
...
006 (10613550.702.000) 12/16 18:07:43 Image size of job updated: 121012
	40  -  MemoryUsage of job (MB)
	40060  -  ResidentSetSize of job (KB)
...
040 (10613550.702.000) 12/16 18:07:43 Started transferring output files
...
040 (10613550.702.000) 12/16 18:07:44 Finished transferring output files
...
005 (10613550.702.000) 12/16 18:07:44 Job terminated.
	(1) Normal termination (return value 0)
		Usr 0 01:18:40, Sys 0 00:00:10  -  Run Remote Usage
		Usr 0 00:00:00, Sys 0 00:00:00  -  Run Local Usage
		Usr 0 01:18:40, Sys 0 00:00:10  -  Total Remote Usage
		Usr 0 00:00:00, Sys 0 00:00:00  -  Total Local Usage
	0  -  Run Bytes Sent By Job
	7584148  -  Run Bytes Received By Job
	0  -  Total Bytes Sent By Job
	7584148  -  Total Bytes Received By Job
	Partitionable Resources :    Usage  Request Allocated 
	   Cpus                 :     0.99        4         4 
	   Disk (KB)            : 32707        7500     10735 
	   GPUs                 :                           0 
	   Memory (MB)          :    40       12000     12000 
	   TimeExecute (s)      :  4788                       
	   TimeSlotBusy (s)     :  4790                       

	Job terminated of its own accord at 2025-12-16T17:07:43Z with exit-code 0.
...
