000 (10613550.142.000) 12/16 14:40:59 Job submitted from host: <188.185.71.83:9618?addrs=188.185.71.83-9618+[2001-1458-d00-7--100-34d]-9618&alias=bigbird18.cern.ch&noUDP&sock=schedd_5052_d48c>
...
040 (10613550.142.000) 12/16 15:40:47 Started transferring input files
	Transferring to host: <188.185.193.171:9618?addrs=188.185.193.171-9618+[2001-1458-303-20--100-a7]-9618&alias=b9p19p9189.cern.ch&noUDP&sock=slot1_1_6001_ff4d_80813>
...
040 (10613550.142.000) 12/16 15:40:47 Finished transferring input files
...
001 (10613550.142.000) 12/16 15:40:47 Job executing on host: <188.185.193.171:9618?addrs=188.185.193.171-9618+[2001-1458-303-20--100-a7]-9618&alias=b9p19p9189.cern.ch&noUDP&sock=startd_4875_6c49>
	SlotName: slot1_1@b9p19p9189.cern.ch
	CondorScratchDir = "/pool/condor/dir_2728186"
	Cpus = 4
	Disk = 38647
	GPUs = 0
	Memory = 12000
...
006 (10613550.142.000) 12/16 15:41:01 Image size of job updated: 29424
	29  -  MemoryUsage of job (MB)
	29424  -  ResidentSetSize of job (KB)
...
006 (10613550.142.000) 12/16 15:46:02 Image size of job updated: 29844
	29  -  MemoryUsage of job (MB)
	29424  -  ResidentSetSize of job (KB)
...
040 (10613550.142.000) 12/16 18:24:34 Started transferring output files
...
040 (10613550.142.000) 12/16 18:24:34 Finished transferring output files
...
005 (10613550.142.000) 12/16 18:24:34 Job terminated.
	(1) Normal termination (return value 0)
		Usr 0 02:41:38, Sys 0 00:00:15  -  Run Remote Usage
		Usr 0 00:00:00, Sys 0 00:00:00  -  Run Local Usage
		Usr 0 02:41:38, Sys 0 00:00:15  -  Total Remote Usage
		Usr 0 00:00:00, Sys 0 00:00:00  -  Total Local Usage
	0  -  Run Bytes Sent By Job
	7584148  -  Run Bytes Received By Job
	0  -  Total Bytes Sent By Job
	7584148  -  Total Bytes Received By Job
	Partitionable Resources :    Usage  Request Allocated 
	   Cpus                 :     0.99        4         4 
	   Disk (KB)            : 33292        7500     38647 
	   GPUs                 :                           0 
	   Memory (MB)          :    29       12000     12000 
	   TimeExecute (s)      :  9826                       
	   TimeSlotBusy (s)     :  9827                       

	Job terminated of its own accord at 2025-12-16T17:24:33Z with exit-code 0.
...
