000 (10610889.994.000) 12/16 07:15:01 Job submitted from host: <188.185.71.83:9618?addrs=188.185.71.83-9618+[2001-1458-d00-7--100-34d]-9618&alias=bigbird18.cern.ch&noUDP&sock=schedd_5052_d48c>
...
040 (10610889.994.000) 12/16 14:27:21 Started transferring input files
	Transferring to host: <128.142.161.84:9618?addrs=128.142.161.84-9618+[2001-1458-301-b8--100-12]-9618&alias=b9g03p7286.cern.ch&noUDP&sock=slot1_29_11752_18d7_84661>
...
040 (10610889.994.000) 12/16 14:27:21 Finished transferring input files
...
001 (10610889.994.000) 12/16 14:27:21 Job executing on host: <128.142.161.84:9618?addrs=128.142.161.84-9618+[2001-1458-301-b8--100-12]-9618&alias=b9g03p7286.cern.ch&noUDP&sock=startd_11706_ebba>
	SlotName: slot1_29@b9g03p7286.cern.ch
	CondorScratchDir = "/pool/condor/dir_1268328"
	Cpus = 4
	Disk = 11034
	GPUs = 0
	Memory = 12000
...
006 (10610889.994.000) 12/16 14:27:35 Image size of job updated: 40584
	40  -  MemoryUsage of job (MB)
	40584  -  ResidentSetSize of job (KB)
...
006 (10610889.994.000) 12/16 14:32:36 Image size of job updated: 40676
	40  -  MemoryUsage of job (MB)
	40584  -  ResidentSetSize of job (KB)
...
006 (10610889.994.000) 12/16 17:22:31 Image size of job updated: 43960
	40  -  MemoryUsage of job (MB)
	40584  -  ResidentSetSize of job (KB)
...
040 (10610889.994.000) 12/16 17:22:32 Started transferring output files
...
040 (10610889.994.000) 12/16 17:22:33 Finished transferring output files
...
005 (10610889.994.000) 12/16 17:22:33 Job terminated.
	(1) Normal termination (return value 0)
		Usr 0 02:53:09, Sys 0 00:00:08  -  Run Remote Usage
		Usr 0 00:00:00, Sys 0 00:00:00  -  Run Local Usage
		Usr 0 02:53:09, Sys 0 00:00:08  -  Total Remote Usage
		Usr 0 00:00:00, Sys 0 00:00:00  -  Total Local Usage
	0  -  Run Bytes Sent By Job
	7584148  -  Run Bytes Received By Job
	0  -  Total Bytes Sent By Job
	7584148  -  Total Bytes Received By Job
	Partitionable Resources :    Usage  Request Allocated 
	   Cpus                 :     0.99        4         4 
	   Disk (KB)            : 32982        7500     11034 
	   GPUs                 :                           0 
	   Memory (MB)          :    40       12000     12000 
	   TimeExecute (s)      : 10510                       
	   TimeSlotBusy (s)     : 10513                       

	Job terminated of its own accord at 2025-12-16T16:22:31Z with exit-code 0.
...
