000 (10610888.245.000) 12/16 07:14:44 Job submitted from host: <188.185.71.83:9618?addrs=188.185.71.83-9618+[2001-1458-d00-7--100-34d]-9618&alias=bigbird18.cern.ch&noUDP&sock=schedd_5052_d48c>
...
040 (10610888.245.000) 12/16 09:10:07 Started transferring input files
	Transferring to host: <188.185.215.70:9618?addrs=188.185.215.70-9618+[2001-1458-303-1e--100-42]-9618&alias=b9p31p1648.cern.ch&noUDP&sock=slot1_11_4099_ddc0_92197>
...
040 (10610888.245.000) 12/16 09:10:07 Finished transferring input files
...
001 (10610888.245.000) 12/16 09:10:07 Job executing on host: <188.185.215.70:9618?addrs=188.185.215.70-9618+[2001-1458-303-1e--100-42]-9618&alias=b9p31p1648.cern.ch&noUDP&sock=startd_3510_2582>
	SlotName: slot1_11@b9p31p1648.cern.ch
	CondorScratchDir = "/pool/condor/dir_767822"
	Cpus = 4
	Disk = 10959
	GPUs = 0
	Memory = 12000
...
006 (10610888.245.000) 12/16 09:10:21 Image size of job updated: 40028
	40  -  MemoryUsage of job (MB)
	40028  -  ResidentSetSize of job (KB)
...
006 (10610888.245.000) 12/16 09:15:22 Image size of job updated: 40448
	40  -  MemoryUsage of job (MB)
	40028  -  ResidentSetSize of job (KB)
...
006 (10610888.245.000) 12/16 10:42:48 Image size of job updated: 106728
	40  -  MemoryUsage of job (MB)
	40028  -  ResidentSetSize of job (KB)
...
040 (10610888.245.000) 12/16 10:42:49 Started transferring output files
...
040 (10610888.245.000) 12/16 10:42:49 Finished transferring output files
...
005 (10610888.245.000) 12/16 10:42:49 Job terminated.
	(1) Normal termination (return value 0)
		Usr 0 01:31:16, Sys 0 00:00:12  -  Run Remote Usage
		Usr 0 00:00:00, Sys 0 00:00:00  -  Run Local Usage
		Usr 0 01:31:16, Sys 0 00:00:12  -  Total Remote Usage
		Usr 0 00:00:00, Sys 0 00:00:00  -  Total Local Usage
	0  -  Run Bytes Sent By Job
	7584148  -  Run Bytes Received By Job
	0  -  Total Bytes Sent By Job
	7584148  -  Total Bytes Received By Job
	Partitionable Resources :    Usage  Request Allocated 
	   Cpus                 :     0.99        4         4 
	   Disk (KB)            : 33397        7500     10959 
	   GPUs                 :                           0 
	   Memory (MB)          :    40       12000     12000 
	   TimeExecute (s)      :  5561                       
	   TimeSlotBusy (s)     :  5562                       

	Job terminated of its own accord at 2025-12-16T09:42:48Z with exit-code 0.
...
