000 (10613550.886.000) 12/16 14:41:00 Job submitted from host: <188.185.71.83:9618?addrs=188.185.71.83-9618+[2001-1458-d00-7--100-34d]-9618&alias=bigbird18.cern.ch&noUDP&sock=schedd_5052_d48c>
...
040 (10613550.886.000) 12/16 16:52:58 Started transferring input files
	Transferring to host: <128.142.209.68:9618?addrs=128.142.209.68-9618+[2001-1458-301-22--100-4]-9618&alias=b9g41p6711.cern.ch&noUDP&sock=slot1_9_3747491_2c60_13388>
...
040 (10613550.886.000) 12/16 16:52:58 Finished transferring input files
...
001 (10613550.886.000) 12/16 16:52:58 Job executing on host: <128.142.209.68:9618?addrs=128.142.209.68-9618+[2001-1458-301-22--100-4]-9618&alias=b9g41p6711.cern.ch&noUDP&sock=startd_2775_ff66>
	SlotName: slot1_9@b9g41p6711.cern.ch
	CondorScratchDir = "/pool/condor/dir_1687757"
	Cpus = 4
	Disk = 13913
	GPUs = 0
	Memory = 12000
...
006 (10613550.886.000) 12/16 16:53:12 Image size of job updated: 40076
	40  -  MemoryUsage of job (MB)
	40076  -  ResidentSetSize of job (KB)
...
006 (10613550.886.000) 12/16 16:58:13 Image size of job updated: 40496
	40  -  MemoryUsage of job (MB)
	40076  -  ResidentSetSize of job (KB)
...
006 (10613550.886.000) 12/16 18:05:26 Image size of job updated: 121016
	40  -  MemoryUsage of job (MB)
	40076  -  ResidentSetSize of job (KB)
...
040 (10613550.886.000) 12/16 18:05:27 Started transferring output files
...
040 (10613550.886.000) 12/16 18:05:27 Finished transferring output files
...
005 (10613550.886.000) 12/16 18:05:27 Job terminated.
	(1) Normal termination (return value 0)
		Usr 0 01:11:41, Sys 0 00:00:06  -  Run Remote Usage
		Usr 0 00:00:00, Sys 0 00:00:00  -  Run Local Usage
		Usr 0 01:11:41, Sys 0 00:00:06  -  Total Remote Usage
		Usr 0 00:00:00, Sys 0 00:00:00  -  Total Local Usage
	0  -  Run Bytes Sent By Job
	7584148  -  Run Bytes Received By Job
	0  -  Total Bytes Sent By Job
	7584148  -  Total Bytes Received By Job
	Partitionable Resources :    Usage  Request Allocated 
	   Cpus                 :     0.99        4         4 
	   Disk (KB)            : 33439        7500     13913 
	   GPUs                 :                           0 
	   Memory (MB)          :    40       12000     12000 
	   TimeExecute (s)      :  4348                       
	   TimeSlotBusy (s)     :  4349                       

	Job terminated of its own accord at 2025-12-16T17:05:26Z with exit-code 0.
...
