000 (10610888.923.000) 12/16 07:14:45 Job submitted from host: <188.185.71.83:9618?addrs=188.185.71.83-9618+[2001-1458-d00-7--100-34d]-9618&alias=bigbird18.cern.ch&noUDP&sock=schedd_5052_d48c>
...
040 (10610888.923.000) 12/16 09:56:44 Started transferring input files
	Transferring to host: <188.185.196.124:9618?addrs=188.185.196.124-9618+[2001-1458-303-23--100-78]-9618&alias=b9p16p7082.cern.ch&noUDP&sock=slot1_12_3257_99de_84240>
...
040 (10610888.923.000) 12/16 09:56:44 Finished transferring input files
...
001 (10610888.923.000) 12/16 09:56:44 Job executing on host: <188.185.196.124:9618?addrs=188.185.196.124-9618+[2001-1458-303-23--100-78]-9618&alias=b9p16p7082.cern.ch&noUDP&sock=startd_2530_f2b2>
	SlotName: slot1_12@b9p16p7082.cern.ch
	CondorScratchDir = "/pool/condor/dir_1908646"
	Cpus = 4
	Disk = 10919
	GPUs = 0
	Memory = 12000
...
006 (10610888.923.000) 12/16 09:56:58 Image size of job updated: 37324
	37  -  MemoryUsage of job (MB)
	37324  -  ResidentSetSize of job (KB)
...
006 (10610888.923.000) 12/16 10:01:59 Image size of job updated: 37744
	37  -  MemoryUsage of job (MB)
	37324  -  ResidentSetSize of job (KB)
...
040 (10610888.923.000) 12/16 12:28:38 Started transferring output files
...
040 (10610888.923.000) 12/16 12:28:39 Finished transferring output files
...
005 (10610888.923.000) 12/16 12:28:39 Job terminated.
	(1) Normal termination (return value 0)
		Usr 0 02:30:27, Sys 0 00:00:07  -  Run Remote Usage
		Usr 0 00:00:00, Sys 0 00:00:00  -  Run Local Usage
		Usr 0 02:30:27, Sys 0 00:00:07  -  Total Remote Usage
		Usr 0 00:00:00, Sys 0 00:00:00  -  Total Local Usage
	0  -  Run Bytes Sent By Job
	7584148  -  Run Bytes Received By Job
	0  -  Total Bytes Sent By Job
	7584148  -  Total Bytes Received By Job
	Partitionable Resources :    Usage  Request Allocated 
	   Cpus                 :     0.99        4         4 
	   Disk (KB)            : 32814        7500     10919 
	   GPUs                 :                           0 
	   Memory (MB)          :    37       12000     12000 
	   TimeExecute (s)      :  9114                       
	   TimeSlotBusy (s)     :  9115                       

	Job terminated of its own accord at 2025-12-16T11:28:38Z with exit-code 0.
...
