000 (10613549.465.000) 12/16 14:40:45 Job submitted from host: <188.185.71.83:9618?addrs=188.185.71.83-9618+[2001-1458-d00-7--100-34d]-9618&alias=bigbird18.cern.ch&noUDP&sock=schedd_5052_d48c>
...
040 (10613549.465.000) 12/16 15:30:09 Started transferring input files
	Transferring to host: <188.185.212.9:9618?addrs=188.185.212.9-9618+[2001-1458-303-18--100-5]-9618&alias=b9p25p9706.cern.ch&noUDP&sock=slot1_15_10234_8759_92642>
...
001 (10613549.465.000) 12/16 15:30:09 Job executing on host: <188.185.212.9:9618?addrs=188.185.212.9-9618+[2001-1458-303-18--100-5]-9618&alias=b9p25p9706.cern.ch&noUDP&sock=startd_9592_e484>
	SlotName: slot1_15@b9p25p9706.cern.ch
	CondorScratchDir = "/pool/condor/dir_1517358"
	Cpus = 4
	Disk = 10928
	GPUs = 0
	Memory = 12000
...
040 (10613549.465.000) 12/16 15:30:09 Finished transferring input files
...
006 (10613549.465.000) 12/16 15:30:23 Image size of job updated: 40060
	40  -  MemoryUsage of job (MB)
	40060  -  ResidentSetSize of job (KB)
...
006 (10613549.465.000) 12/16 15:35:24 Image size of job updated: 40484
	40  -  MemoryUsage of job (MB)
	40060  -  ResidentSetSize of job (KB)
...
006 (10613549.465.000) 12/16 16:59:41 Image size of job updated: 121008
	40  -  MemoryUsage of job (MB)
	40060  -  ResidentSetSize of job (KB)
...
040 (10613549.465.000) 12/16 16:59:41 Started transferring output files
...
040 (10613549.465.000) 12/16 16:59:42 Finished transferring output files
...
005 (10613549.465.000) 12/16 16:59:42 Job terminated.
	(1) Normal termination (return value 0)
		Usr 0 01:28:24, Sys 0 00:00:09  -  Run Remote Usage
		Usr 0 00:00:00, Sys 0 00:00:00  -  Run Local Usage
		Usr 0 01:28:24, Sys 0 00:00:09  -  Total Remote Usage
		Usr 0 00:00:00, Sys 0 00:00:00  -  Total Local Usage
	0  -  Run Bytes Sent By Job
	7584148  -  Run Bytes Received By Job
	0  -  Total Bytes Sent By Job
	7584148  -  Total Bytes Received By Job
	Partitionable Resources :    Usage  Request Allocated 
	   Cpus                 :     0.99        4         4 
	   Disk (KB)            : 32959        7500     10928 
	   GPUs                 :                           0 
	   Memory (MB)          :    40       12000     12000 
	   TimeExecute (s)      :  5372                       
	   TimeSlotBusy (s)     :  5373                       

	Job terminated of its own accord at 2025-12-16T15:59:41Z with exit-code 0.
...
