000 (10610887.260.000) 12/16 07:14:31 Job submitted from host: <188.185.71.83:9618?addrs=188.185.71.83-9618+[2001-1458-d00-7--100-34d]-9618&alias=bigbird18.cern.ch&noUDP&sock=schedd_5052_d48c>
...
040 (10610887.260.000) 12/16 07:45:14 Started transferring input files
	Transferring to host: <188.185.211.235:9618?addrs=188.185.211.235-9618+[2001-1458-303-17--100-67]-9618&alias=b9p24p7837.cern.ch&noUDP&sock=slot1_17_6348_7d7b_94075>
...
040 (10610887.260.000) 12/16 07:45:14 Finished transferring input files
...
001 (10610887.260.000) 12/16 07:45:14 Job executing on host: <188.185.211.235:9618?addrs=188.185.211.235-9618+[2001-1458-303-17--100-67]-9618&alias=b9p24p7837.cern.ch&noUDP&sock=startd_5555_d8af>
	SlotName: slot1_17@b9p24p7837.cern.ch
	CondorScratchDir = "/pool/condor/dir_374218"
	Cpus = 4
	Disk = 10905
	GPUs = 0
	Memory = 12000
...
006 (10610887.260.000) 12/16 07:45:28 Image size of job updated: 40032
	40  -  MemoryUsage of job (MB)
	40032  -  ResidentSetSize of job (KB)
...
006 (10610887.260.000) 12/16 07:50:29 Image size of job updated: 40124
	40  -  MemoryUsage of job (MB)
	40032  -  ResidentSetSize of job (KB)
...
006 (10610887.260.000) 12/16 09:21:31 Image size of job updated: 120644
	40  -  MemoryUsage of job (MB)
	40032  -  ResidentSetSize of job (KB)
...
040 (10610887.260.000) 12/16 09:21:32 Started transferring output files
...
040 (10610887.260.000) 12/16 09:21:32 Finished transferring output files
...
005 (10610887.260.000) 12/16 09:21:33 Job terminated.
	(1) Normal termination (return value 0)
		Usr 0 01:33:45, Sys 0 00:00:11  -  Run Remote Usage
		Usr 0 00:00:00, Sys 0 00:00:00  -  Run Local Usage
		Usr 0 01:33:45, Sys 0 00:00:11  -  Total Remote Usage
		Usr 0 00:00:00, Sys 0 00:00:00  -  Total Local Usage
	0  -  Run Bytes Sent By Job
	7584148  -  Run Bytes Received By Job
	0  -  Total Bytes Sent By Job
	7584148  -  Total Bytes Received By Job
	Partitionable Resources :    Usage  Request Allocated 
	   Cpus                 :     0.98        4         4 
	   Disk (KB)            : 33449        7500     10905 
	   GPUs                 :                           0 
	   Memory (MB)          :    40       12000     12000 
	   TimeExecute (s)      :  5777                       
	   TimeSlotBusy (s)     :  5778                       

	Job terminated of its own accord at 2025-12-16T08:21:31Z with exit-code 0.
...
