000 (10613549.169.000) 12/16 14:40:44 Job submitted from host: <188.185.71.83:9618?addrs=188.185.71.83-9618+[2001-1458-d00-7--100-34d]-9618&alias=bigbird18.cern.ch&noUDP&sock=schedd_5052_d48c>
...
040 (10613549.169.000) 12/16 15:15:30 Started transferring input files
	Transferring to host: <188.185.209.87:9618?addrs=188.185.209.87-9618+[2001-1458-303-11--100-54]-9618&alias=b9p11p2849.cern.ch&noUDP&sock=slot1_9_1514764_0516_10052>
...
040 (10613549.169.000) 12/16 15:15:30 Finished transferring input files
...
001 (10613549.169.000) 12/16 15:15:30 Job executing on host: <188.185.209.87:9618?addrs=188.185.209.87-9618+[2001-1458-303-11--100-54]-9618&alias=b9p11p2849.cern.ch&noUDP&sock=startd_1511208_91d0>
	SlotName: slot1_9@b9p11p2849.cern.ch
	CondorScratchDir = "/pool/condor/dir_4101458"
	Cpus = 4
	Disk = 11087
	GPUs = 0
	Memory = 12000
...
006 (10613549.169.000) 12/16 15:15:44 Image size of job updated: 39688
	39  -  MemoryUsage of job (MB)
	39688  -  ResidentSetSize of job (KB)
...
006 (10613549.169.000) 12/16 15:20:45 Image size of job updated: 40072
	39  -  MemoryUsage of job (MB)
	39688  -  ResidentSetSize of job (KB)
...
040 (10613549.169.000) 12/16 16:50:39 Started transferring output files
...
040 (10613549.169.000) 12/16 16:50:39 Finished transferring output files
...
005 (10613549.169.000) 12/16 16:50:39 Job terminated.
	(1) Normal termination (return value 0)
		Usr 0 01:33:39, Sys 0 00:00:13  -  Run Remote Usage
		Usr 0 00:00:00, Sys 0 00:00:00  -  Run Local Usage
		Usr 0 01:33:39, Sys 0 00:00:13  -  Total Remote Usage
		Usr 0 00:00:00, Sys 0 00:00:00  -  Total Local Usage
	0  -  Run Bytes Sent By Job
	7584148  -  Run Bytes Received By Job
	0  -  Total Bytes Sent By Job
	7584148  -  Total Bytes Received By Job
	Partitionable Resources :    Usage  Request Allocated 
	   Cpus                 :     0.99        4         4 
	   Disk (KB)            : 33170        7500     11087 
	   GPUs                 :                           0 
	   Memory (MB)          :    39       12000     12000 
	   TimeExecute (s)      :  5708                       
	   TimeSlotBusy (s)     :  5710                       

	Job terminated of its own accord at 2025-12-16T15:50:38Z with exit-code 0.
...
