000 (10613550.858.000) 12/16 14:41:00 Job submitted from host: <188.185.71.83:9618?addrs=188.185.71.83-9618+[2001-1458-d00-7--100-34d]-9618&alias=bigbird18.cern.ch&noUDP&sock=schedd_5052_d48c>
...
040 (10613550.858.000) 12/16 16:51:58 Started transferring input files
	Transferring to host: <188.185.214.48:9618?addrs=188.185.214.48-9618+[2001-1458-303-1c--100-2c]-9618&alias=b9p29p4214.cern.ch&noUDP&sock=slot1_12_4483_6dcf_109216>
...
040 (10613550.858.000) 12/16 16:51:58 Finished transferring input files
...
001 (10613550.858.000) 12/16 16:51:58 Job executing on host: <188.185.214.48:9618?addrs=188.185.214.48-9618+[2001-1458-303-1c--100-2c]-9618&alias=b9p29p4214.cern.ch&noUDP&sock=startd_3713_633c>
	SlotName: slot1_12@b9p29p4214.cern.ch
	CondorScratchDir = "/pool/condor/dir_3753961"
	Cpus = 4
	Disk = 11045
	GPUs = 0
	Memory = 12000
...
006 (10613550.858.000) 12/16 16:52:12 Image size of job updated: 40544
	40  -  MemoryUsage of job (MB)
	40544  -  ResidentSetSize of job (KB)
...
006 (10613550.858.000) 12/16 16:57:13 Image size of job updated: 40636
	40  -  MemoryUsage of job (MB)
	40544  -  ResidentSetSize of job (KB)
...
006 (10613550.858.000) 12/16 18:09:42 Image size of job updated: 121220
	40  -  MemoryUsage of job (MB)
	40544  -  ResidentSetSize of job (KB)
...
040 (10613550.858.000) 12/16 18:09:43 Started transferring output files
...
040 (10613550.858.000) 12/16 18:09:43 Finished transferring output files
...
005 (10613550.858.000) 12/16 18:09:43 Job terminated.
	(1) Normal termination (return value 0)
		Usr 0 01:16:51, Sys 0 00:00:07  -  Run Remote Usage
		Usr 0 00:00:00, Sys 0 00:00:00  -  Run Local Usage
		Usr 0 01:16:51, Sys 0 00:00:07  -  Total Remote Usage
		Usr 0 00:00:00, Sys 0 00:00:00  -  Total Local Usage
	0  -  Run Bytes Sent By Job
	7584148  -  Run Bytes Received By Job
	0  -  Total Bytes Sent By Job
	7584148  -  Total Bytes Received By Job
	Partitionable Resources :    Usage  Request Allocated 
	   Cpus                 :     0.99        4         4 
	   Disk (KB)            : 33720        7500     11045 
	   GPUs                 :                           0 
	   Memory (MB)          :    40       12000     12000 
	   TimeExecute (s)      :  4664                       
	   TimeSlotBusy (s)     :  4665                       

	Job terminated of its own accord at 2025-12-16T17:09:42Z with exit-code 0.
...
