000 (10613550.346.000) 12/16 14:40:59 Job submitted from host: <188.185.71.83:9618?addrs=188.185.71.83-9618+[2001-1458-d00-7--100-34d]-9618&alias=bigbird18.cern.ch&noUDP&sock=schedd_5052_d48c>
...
040 (10613550.346.000) 12/16 15:56:34 Started transferring input files
	Transferring to host: <188.185.192.63:9618?addrs=188.185.192.63-9618+[2001-1458-303-1f--100-3b]-9618&alias=b9p13p3720.cern.ch&noUDP&sock=slot1_5_6644_0c87_87724>
...
001 (10613550.346.000) 12/16 15:56:34 Job executing on host: <188.185.192.63:9618?addrs=188.185.192.63-9618+[2001-1458-303-1f--100-3b]-9618&alias=b9p13p3720.cern.ch&noUDP&sock=startd_4985_dfb4>
	SlotName: slot1_5@b9p13p3720.cern.ch
	CondorScratchDir = "/pool/condor/dir_980052"
	Cpus = 4
	Disk = 11054
	GPUs = 0
	Memory = 12000
...
040 (10613550.346.000) 12/16 15:56:34 Finished transferring input files
...
006 (10613550.346.000) 12/16 15:56:48 Image size of job updated: 37516
	37  -  MemoryUsage of job (MB)
	37516  -  ResidentSetSize of job (KB)
...
006 (10613550.346.000) 12/16 16:01:49 Image size of job updated: 37936
	37  -  MemoryUsage of job (MB)
	37516  -  ResidentSetSize of job (KB)
...
006 (10613550.346.000) 12/16 18:34:41 Image size of job updated: 90120
	37  -  MemoryUsage of job (MB)
	37516  -  ResidentSetSize of job (KB)
...
040 (10613550.346.000) 12/16 18:34:42 Started transferring output files
...
040 (10613550.346.000) 12/16 18:34:43 Finished transferring output files
...
005 (10613550.346.000) 12/16 18:34:43 Job terminated.
	(1) Normal termination (return value 0)
		Usr 0 02:36:47, Sys 0 00:00:06  -  Run Remote Usage
		Usr 0 00:00:00, Sys 0 00:00:00  -  Run Local Usage
		Usr 0 02:36:47, Sys 0 00:00:06  -  Total Remote Usage
		Usr 0 00:00:00, Sys 0 00:00:00  -  Total Local Usage
	0  -  Run Bytes Sent By Job
	7584148  -  Run Bytes Received By Job
	0  -  Total Bytes Sent By Job
	7584148  -  Total Bytes Received By Job
	Partitionable Resources :    Usage  Request Allocated 
	   Cpus                 :     0.99        4         4 
	   Disk (KB)            : 33241        7500     11054 
	   GPUs                 :                           0 
	   Memory (MB)          :    37       12000     12000 
	   TimeExecute (s)      :  9487                       
	   TimeSlotBusy (s)     :  9489                       

	Job terminated of its own accord at 2025-12-16T17:34:41Z with exit-code 0.
...
