000 (10610889.240.000) 12/16 07:15:00 Job submitted from host: <188.185.71.83:9618?addrs=188.185.71.83-9618+[2001-1458-d00-7--100-34d]-9618&alias=bigbird18.cern.ch&noUDP&sock=schedd_5052_d48c>
...
040 (10610889.240.000) 12/16 13:31:30 Started transferring input files
	Transferring to host: <188.185.215.153:9618?addrs=188.185.215.153-9618+[2001-1458-303-26--100-15]-9618&alias=b9p18p4537.cern.ch&noUDP&sock=slot1_2_7777_5995_81870>
...
040 (10610889.240.000) 12/16 13:31:30 Finished transferring input files
...
001 (10610889.240.000) 12/16 13:31:30 Job executing on host: <188.185.215.153:9618?addrs=188.185.215.153-9618+[2001-1458-303-26--100-15]-9618&alias=b9p18p4537.cern.ch&noUDP&sock=startd_6392_f574>
	SlotName: slot1_2@b9p18p4537.cern.ch
	CondorScratchDir = "/pool/condor/dir_2606299"
	Cpus = 4
	Disk = 11054
	GPUs = 0
	Memory = 12000
...
006 (10610889.240.000) 12/16 13:31:44 Image size of job updated: 40072
	40  -  MemoryUsage of job (MB)
	40072  -  ResidentSetSize of job (KB)
...
006 (10610889.240.000) 12/16 13:36:45 Image size of job updated: 40492
	40  -  MemoryUsage of job (MB)
	40072  -  ResidentSetSize of job (KB)
...
006 (10610889.240.000) 12/16 16:08:15 Image size of job updated: 121024
	40  -  MemoryUsage of job (MB)
	40072  -  ResidentSetSize of job (KB)
...
040 (10610889.240.000) 12/16 16:08:16 Started transferring output files
...
040 (10610889.240.000) 12/16 16:08:16 Finished transferring output files
...
005 (10610889.240.000) 12/16 16:08:16 Job terminated.
	(1) Normal termination (return value 0)
		Usr 0 02:34:38, Sys 0 00:00:12  -  Run Remote Usage
		Usr 0 00:00:00, Sys 0 00:00:00  -  Run Local Usage
		Usr 0 02:34:38, Sys 0 00:00:12  -  Total Remote Usage
		Usr 0 00:00:00, Sys 0 00:00:00  -  Total Local Usage
	0  -  Run Bytes Sent By Job
	7584148  -  Run Bytes Received By Job
	0  -  Total Bytes Sent By Job
	7584148  -  Total Bytes Received By Job
	Partitionable Resources :    Usage  Request Allocated 
	   Cpus                 :     0.99        4         4 
	   Disk (KB)            : 33670        7500     11054 
	   GPUs                 :                           0 
	   Memory (MB)          :    40       12000     12000 
	   TimeExecute (s)      :  9405                       
	   TimeSlotBusy (s)     :  9407                       

	Job terminated of its own accord at 2025-12-16T15:08:15Z with exit-code 0.
...
