000 (10610888.899.000) 12/16 07:14:45 Job submitted from host: <188.185.71.83:9618?addrs=188.185.71.83-9618+[2001-1458-d00-7--100-34d]-9618&alias=bigbird18.cern.ch&noUDP&sock=schedd_5052_d48c>
...
040 (10610888.899.000) 12/16 09:52:02 Started transferring input files
	Transferring to host: <188.185.214.154:9618?addrs=188.185.214.154-9618+[2001-1458-303-1d--100-16]-9618&alias=b9p30p0838.cern.ch&noUDP&sock=slot1_4_5781_fcc4_95321>
...
001 (10610888.899.000) 12/16 09:52:02 Job executing on host: <188.185.214.154:9618?addrs=188.185.214.154-9618+[2001-1458-303-1d--100-16]-9618&alias=b9p30p0838.cern.ch&noUDP&sock=startd_5146_4e73>
	SlotName: slot1_4@b9p30p0838.cern.ch
	CondorScratchDir = "/pool/condor/dir_1770660"
	Cpus = 4
	Disk = 11141
	GPUs = 0
	Memory = 12000
...
040 (10610888.899.000) 12/16 09:52:02 Finished transferring input files
...
006 (10610888.899.000) 12/16 09:52:18 Image size of job updated: 39532
	39  -  MemoryUsage of job (MB)
	39532  -  ResidentSetSize of job (KB)
...
006 (10610888.899.000) 12/16 09:57:19 Image size of job updated: 39952
	39  -  MemoryUsage of job (MB)
	39532  -  ResidentSetSize of job (KB)
...
006 (10610888.899.000) 12/16 11:54:27 Image size of job updated: 120480
	39  -  MemoryUsage of job (MB)
	39532  -  ResidentSetSize of job (KB)
...
040 (10610888.899.000) 12/16 11:54:28 Started transferring output files
...
040 (10610888.899.000) 12/16 11:54:29 Finished transferring output files
...
005 (10610888.899.000) 12/16 11:54:29 Job terminated.
	(1) Normal termination (return value 0)
		Usr 0 01:58:39, Sys 0 00:00:14  -  Run Remote Usage
		Usr 0 00:00:00, Sys 0 00:00:00  -  Run Local Usage
		Usr 0 01:58:39, Sys 0 00:00:14  -  Total Remote Usage
		Usr 0 00:00:00, Sys 0 00:00:00  -  Total Local Usage
	0  -  Run Bytes Sent By Job
	7584148  -  Run Bytes Received By Job
	0  -  Total Bytes Sent By Job
	7584148  -  Total Bytes Received By Job
	Partitionable Resources :    Usage  Request Allocated 
	   Cpus                 :     0.97        4         4 
	   Disk (KB)            : 33239        7500     11141 
	   GPUs                 :                           0 
	   Memory (MB)          :    39       12000     12000 
	   TimeExecute (s)      :  7345                       
	   TimeSlotBusy (s)     :  7347                       

	Job terminated of its own accord at 2025-12-16T10:54:27Z with exit-code 0.
...
