000 (10610887.446.000) 12/16 07:14:31 Job submitted from host: <188.185.71.83:9618?addrs=188.185.71.83-9618+[2001-1458-d00-7--100-34d]-9618&alias=bigbird18.cern.ch&noUDP&sock=schedd_5052_d48c>
...
040 (10610887.446.000) 12/16 07:50:23 Started transferring input files
	Transferring to host: <188.185.213.23:9618?addrs=188.185.213.23-9618+[2001-1458-303-1a--100-13]-9618&alias=b9p27p8195.cern.ch&noUDP&sock=slot1_11_993394_b085_12996>
...
040 (10610887.446.000) 12/16 07:50:23 Finished transferring input files
...
001 (10610887.446.000) 12/16 07:50:23 Job executing on host: <188.185.213.23:9618?addrs=188.185.213.23-9618+[2001-1458-303-1a--100-13]-9618&alias=b9p27p8195.cern.ch&noUDP&sock=startd_990263_a143>
	SlotName: slot1_11@b9p27p8195.cern.ch
	CondorScratchDir = "/pool/condor/dir_3377294"
	Cpus = 4
	Disk = 10999
	GPUs = 0
	Memory = 12000
...
006 (10610887.446.000) 12/16 07:50:37 Image size of job updated: 38048
	38  -  MemoryUsage of job (MB)
	38048  -  ResidentSetSize of job (KB)
...
006 (10610887.446.000) 12/16 07:55:38 Image size of job updated: 38468
	38  -  MemoryUsage of job (MB)
	38048  -  ResidentSetSize of job (KB)
...
006 (10610887.446.000) 12/16 09:10:33 Image size of job updated: 119020
	38  -  MemoryUsage of job (MB)
	38048  -  ResidentSetSize of job (KB)
...
040 (10610887.446.000) 12/16 09:10:34 Started transferring output files
...
040 (10610887.446.000) 12/16 09:10:34 Finished transferring output files
...
005 (10610887.446.000) 12/16 09:10:35 Job terminated.
	(1) Normal termination (return value 0)
		Usr 0 01:19:11, Sys 0 00:00:08  -  Run Remote Usage
		Usr 0 00:00:00, Sys 0 00:00:00  -  Run Local Usage
		Usr 0 01:19:11, Sys 0 00:00:08  -  Total Remote Usage
		Usr 0 00:00:00, Sys 0 00:00:00  -  Total Local Usage
	0  -  Run Bytes Sent By Job
	7584148  -  Run Bytes Received By Job
	0  -  Total Bytes Sent By Job
	7584148  -  Total Bytes Received By Job
	Partitionable Resources :    Usage  Request Allocated 
	   Cpus                 :     0.99        4         4 
	   Disk (KB)            : 33636        7500     10999 
	   GPUs                 :                           0 
	   Memory (MB)          :    38       12000     12000 
	   TimeExecute (s)      :  4810                       
	   TimeSlotBusy (s)     :  4811                       

	Job terminated of its own accord at 2025-12-16T08:10:33Z with exit-code 0.
...
