000 (10613549.081.000) 12/16 14:40:44 Job submitted from host: <188.185.71.83:9618?addrs=188.185.71.83-9618+[2001-1458-d00-7--100-34d]-9618&alias=bigbird18.cern.ch&noUDP&sock=schedd_5052_d48c>
...
040 (10613549.081.000) 12/16 14:58:54 Started transferring input files
	Transferring to host: <188.185.211.152:9618?addrs=188.185.211.152-9618+[2001-1458-303-17--100-14]-9618&alias=b9p24p4603.cern.ch&noUDP&sock=slot1_15_1819664_a705_12412>
...
040 (10613549.081.000) 12/16 14:58:54 Finished transferring input files
...
001 (10613549.081.000) 12/16 14:58:54 Job executing on host: <188.185.211.152:9618?addrs=188.185.211.152-9618+[2001-1458-303-17--100-14]-9618&alias=b9p24p4603.cern.ch&noUDP&sock=startd_3681_7034>
	SlotName: slot1_15@b9p24p4603.cern.ch
	CondorScratchDir = "/pool/condor/dir_2361609"
	Cpus = 4
	Disk = 10862
	GPUs = 0
	Memory = 12000
...
006 (10613549.081.000) 12/16 14:59:08 Image size of job updated: 38000
	38  -  MemoryUsage of job (MB)
	38000  -  ResidentSetSize of job (KB)
...
006 (10613549.081.000) 12/16 15:04:09 Image size of job updated: 38420
	38  -  MemoryUsage of job (MB)
	38000  -  ResidentSetSize of job (KB)
...
006 (10613549.081.000) 12/16 16:19:27 Image size of job updated: 118956
	38  -  MemoryUsage of job (MB)
	38000  -  ResidentSetSize of job (KB)
...
040 (10613549.081.000) 12/16 16:19:28 Started transferring output files
...
040 (10613549.081.000) 12/16 16:19:28 Finished transferring output files
...
005 (10613549.081.000) 12/16 16:19:28 Job terminated.
	(1) Normal termination (return value 0)
		Usr 0 01:19:39, Sys 0 00:00:05  -  Run Remote Usage
		Usr 0 00:00:00, Sys 0 00:00:00  -  Run Local Usage
		Usr 0 01:19:39, Sys 0 00:00:05  -  Total Remote Usage
		Usr 0 00:00:00, Sys 0 00:00:00  -  Total Local Usage
	0  -  Run Bytes Sent By Job
	7584148  -  Run Bytes Received By Job
	0  -  Total Bytes Sent By Job
	7584148  -  Total Bytes Received By Job
	Partitionable Resources :    Usage  Request Allocated 
	   Cpus                 :     1.00        4         4 
	   Disk (KB)            : 34355        7500     10862 
	   GPUs                 :                           0 
	   Memory (MB)          :    38       12000     12000 
	   TimeExecute (s)      :  4833                       
	   TimeSlotBusy (s)     :  4834                       

	Job terminated of its own accord at 2025-12-16T15:19:27Z with exit-code 0.
...
