000 (10613549.636.000) 12/16 14:40:45 Job submitted from host: <188.185.71.83:9618?addrs=188.185.71.83-9618+[2001-1458-d00-7--100-34d]-9618&alias=bigbird18.cern.ch&noUDP&sock=schedd_5052_d48c>
...
040 (10613549.636.000) 12/16 15:31:07 Started transferring input files
	Transferring to host: <188.185.211.26:9618?addrs=188.185.211.26-9618+[2001-1458-303-16--100-16]-9618&alias=b9p23p6505.cern.ch&noUDP&sock=slot1_13_8794_eb1f_93349>
...
040 (10613549.636.000) 12/16 15:31:07 Finished transferring input files
...
001 (10613549.636.000) 12/16 15:31:07 Job executing on host: <188.185.211.26:9618?addrs=188.185.211.26-9618+[2001-1458-303-16--100-16]-9618&alias=b9p23p6505.cern.ch&noUDP&sock=startd_7356_2ec0>
	SlotName: slot1_13@b9p23p6505.cern.ch
	CondorScratchDir = "/pool/condor/dir_3331115"
	Cpus = 4
	Disk = 10910
	GPUs = 0
	Memory = 12000
...
006 (10613549.636.000) 12/16 15:31:21 Image size of job updated: 38000
	38  -  MemoryUsage of job (MB)
	38000  -  ResidentSetSize of job (KB)
...
006 (10613549.636.000) 12/16 15:36:22 Image size of job updated: 38420
	38  -  MemoryUsage of job (MB)
	38000  -  ResidentSetSize of job (KB)
...
040 (10613549.636.000) 12/16 16:49:47 Started transferring output files
...
040 (10613549.636.000) 12/16 16:49:48 Finished transferring output files
...
005 (10613549.636.000) 12/16 16:49:48 Job terminated.
	(1) Normal termination (return value 0)
		Usr 0 01:17:48, Sys 0 00:00:05  -  Run Remote Usage
		Usr 0 00:00:00, Sys 0 00:00:00  -  Run Local Usage
		Usr 0 01:17:48, Sys 0 00:00:05  -  Total Remote Usage
		Usr 0 00:00:00, Sys 0 00:00:00  -  Total Local Usage
	0  -  Run Bytes Sent By Job
	7584148  -  Run Bytes Received By Job
	0  -  Total Bytes Sent By Job
	7584148  -  Total Bytes Received By Job
	Partitionable Resources :    Usage  Request Allocated 
	   Cpus                 :     0.99        4         4 
	   Disk (KB)            : 32755        7500     10910 
	   GPUs                 :                           0 
	   Memory (MB)          :    38       12000     12000 
	   TimeExecute (s)      :  4720                       
	   TimeSlotBusy (s)     :  4721                       

	Job terminated of its own accord at 2025-12-16T15:49:47Z with exit-code 0.
...
