000 (10613550.496.000) 12/16 14:40:59 Job submitted from host: <188.185.71.83:9618?addrs=188.185.71.83-9618+[2001-1458-d00-7--100-34d]-9618&alias=bigbird18.cern.ch&noUDP&sock=schedd_5052_d48c>
...
040 (10613550.496.000) 12/16 16:14:11 Started transferring input files
	Transferring to host: <188.185.209.141:9618?addrs=188.185.209.141-9618+[2001-1458-303-12--100-a]-9618&alias=b9p12p7822.cern.ch&noUDP&sock=slot1_3_3714_9950_77727>
...
040 (10613550.496.000) 12/16 16:14:11 Finished transferring input files
...
001 (10613550.496.000) 12/16 16:14:11 Job executing on host: <188.185.209.141:9618?addrs=188.185.209.141-9618+[2001-1458-303-12--100-a]-9618&alias=b9p12p7822.cern.ch&noUDP&sock=startd_3277_53f1>
	SlotName: slot1_3@b9p12p7822.cern.ch
	CondorScratchDir = "/pool/condor/dir_325152"
	Cpus = 4
	Disk = 10438
	GPUs = 0
	Memory = 12000
...
006 (10613550.496.000) 12/16 16:14:25 Image size of job updated: 37700
	37  -  MemoryUsage of job (MB)
	37700  -  ResidentSetSize of job (KB)
...
006 (10613550.496.000) 12/16 16:19:26 Image size of job updated: 38108
	37  -  MemoryUsage of job (MB)
	37700  -  ResidentSetSize of job (KB)
...
006 (10613550.496.000) 12/16 17:58:21 Image size of job updated: 118716
	37  -  MemoryUsage of job (MB)
	37700  -  ResidentSetSize of job (KB)
...
040 (10613550.496.000) 12/16 17:58:22 Started transferring output files
...
040 (10613550.496.000) 12/16 17:58:22 Finished transferring output files
...
005 (10613550.496.000) 12/16 17:58:22 Job terminated.
	(1) Normal termination (return value 0)
		Usr 0 01:42:01, Sys 0 00:00:10  -  Run Remote Usage
		Usr 0 00:00:00, Sys 0 00:00:00  -  Run Local Usage
		Usr 0 01:42:01, Sys 0 00:00:10  -  Total Remote Usage
		Usr 0 00:00:00, Sys 0 00:00:00  -  Total Local Usage
	0  -  Run Bytes Sent By Job
	7584148  -  Run Bytes Received By Job
	0  -  Total Bytes Sent By Job
	7584148  -  Total Bytes Received By Job
	Partitionable Resources :    Usage  Request Allocated 
	   Cpus                 :     0.99        4         4 
	   Disk (KB)            : 33200        7500     10438 
	   GPUs                 :                           0 
	   Memory (MB)          :    37       12000     12000 
	   TimeExecute (s)      :  6250                       
	   TimeSlotBusy (s)     :  6251                       

	Job terminated of its own accord at 2025-12-16T16:58:21Z with exit-code 0.
...
