000 (10610887.677.000) 12/16 07:14:31 Job submitted from host: <188.185.71.83:9618?addrs=188.185.71.83-9618+[2001-1458-d00-7--100-34d]-9618&alias=bigbird18.cern.ch&noUDP&sock=schedd_5052_d48c>
...
040 (10610887.677.000) 12/16 07:55:02 Started transferring input files
	Transferring to host: <188.185.211.141:9618?addrs=188.185.211.141-9618+[2001-1458-303-17--100-9]-9618&alias=b9p24p2350.cern.ch&noUDP&sock=slot1_11_4206_41e4_92348>
...
040 (10610887.677.000) 12/16 07:55:02 Finished transferring input files
...
001 (10610887.677.000) 12/16 07:55:02 Job executing on host: <188.185.211.141:9618?addrs=188.185.211.141-9618+[2001-1458-303-17--100-9]-9618&alias=b9p24p2350.cern.ch&noUDP&sock=startd_3579_798b>
	SlotName: slot1_11@b9p24p2350.cern.ch
	CondorScratchDir = "/pool/condor/dir_2935474"
	Cpus = 4
	Disk = 10979
	GPUs = 0
	Memory = 12000
...
006 (10610887.677.000) 12/16 07:55:16 Image size of job updated: 37468
	37  -  MemoryUsage of job (MB)
	37468  -  ResidentSetSize of job (KB)
...
006 (10610887.677.000) 12/16 08:00:17 Image size of job updated: 37888
	37  -  MemoryUsage of job (MB)
	37468  -  ResidentSetSize of job (KB)
...
006 (10610887.677.000) 12/16 09:21:20 Image size of job updated: 118420
	37  -  MemoryUsage of job (MB)
	37468  -  ResidentSetSize of job (KB)
...
040 (10610887.677.000) 12/16 09:21:21 Started transferring output files
...
040 (10610887.677.000) 12/16 09:21:21 Finished transferring output files
...
005 (10610887.677.000) 12/16 09:21:21 Job terminated.
	(1) Normal termination (return value 0)
		Usr 0 01:25:11, Sys 0 00:00:10  -  Run Remote Usage
		Usr 0 00:00:00, Sys 0 00:00:00  -  Run Local Usage
		Usr 0 01:25:11, Sys 0 00:00:10  -  Total Remote Usage
		Usr 0 00:00:00, Sys 0 00:00:00  -  Total Local Usage
	0  -  Run Bytes Sent By Job
	7584148  -  Run Bytes Received By Job
	0  -  Total Bytes Sent By Job
	7584148  -  Total Bytes Received By Job
	Partitionable Resources :    Usage  Request Allocated 
	   Cpus                 :     0.99        4         4 
	   Disk (KB)            : 32535        7500     10979 
	   GPUs                 :                           0 
	   Memory (MB)          :    37       12000     12000 
	   TimeExecute (s)      :  5178                       
	   TimeSlotBusy (s)     :  5179                       

	Job terminated of its own accord at 2025-12-16T08:21:20Z with exit-code 0.
...
