000 (10610889.681.000) 12/16 07:15:01 Job submitted from host: <188.185.71.83:9618?addrs=188.185.71.83-9618+[2001-1458-d00-7--100-34d]-9618&alias=bigbird18.cern.ch&noUDP&sock=schedd_5052_d48c>
...
040 (10610889.681.000) 12/16 14:25:35 Started transferring input files
	Transferring to host: <188.185.210.64:9618?addrs=188.185.210.64-9618+[2001-1458-303-1--100-3c]-9618&alias=b9p21p9133.cern.ch&noUDP&sock=slot1_10_4409_4a0c_93644>
...
040 (10610889.681.000) 12/16 14:25:35 Finished transferring input files
...
001 (10610889.681.000) 12/16 14:25:35 Job executing on host: <188.185.210.64:9618?addrs=188.185.210.64-9618+[2001-1458-303-1--100-3c]-9618&alias=b9p21p9133.cern.ch&noUDP&sock=startd_3763_aef8>
	SlotName: slot1_10@b9p21p9133.cern.ch
	CondorScratchDir = "/pool/condor/dir_3142331"
	Cpus = 4
	Disk = 10930
	GPUs = 0
	Memory = 12000
...
006 (10610889.681.000) 12/16 14:25:49 Image size of job updated: 37488
	37  -  MemoryUsage of job (MB)
	37488  -  ResidentSetSize of job (KB)
...
006 (10610889.681.000) 12/16 14:30:50 Image size of job updated: 37908
	37  -  MemoryUsage of job (MB)
	37488  -  ResidentSetSize of job (KB)
...
006 (10610889.681.000) 12/16 15:47:35 Image size of job updated: 118436
	37  -  MemoryUsage of job (MB)
	37488  -  ResidentSetSize of job (KB)
...
040 (10610889.681.000) 12/16 15:47:36 Started transferring output files
...
040 (10610889.681.000) 12/16 15:47:36 Finished transferring output files
...
005 (10610889.681.000) 12/16 15:47:36 Job terminated.
	(1) Normal termination (return value 0)
		Usr 0 01:21:01, Sys 0 00:00:06  -  Run Remote Usage
		Usr 0 00:00:00, Sys 0 00:00:00  -  Run Local Usage
		Usr 0 01:21:01, Sys 0 00:00:06  -  Total Remote Usage
		Usr 0 00:00:00, Sys 0 00:00:00  -  Total Local Usage
	0  -  Run Bytes Sent By Job
	7584148  -  Run Bytes Received By Job
	0  -  Total Bytes Sent By Job
	7584148  -  Total Bytes Received By Job
	Partitionable Resources :    Usage  Request Allocated 
	   Cpus                 :     0.99        4         4 
	   Disk (KB)            : 32970        7500     10930 
	   GPUs                 :                           0 
	   Memory (MB)          :    37       12000     12000 
	   TimeExecute (s)      :  4920                       
	   TimeSlotBusy (s)     :  4921                       

	Job terminated of its own accord at 2025-12-16T14:47:35Z with exit-code 0.
...
