000 (10613549.609.000) 12/16 14:40:45 Job submitted from host: <188.185.71.83:9618?addrs=188.185.71.83-9618+[2001-1458-d00-7--100-34d]-9618&alias=bigbird18.cern.ch&noUDP&sock=schedd_5052_d48c>
...
040 (10613549.609.000) 12/16 15:30:58 Started transferring input files
	Transferring to host: <128.142.33.20:9618?addrs=128.142.33.20-9618+[2001-1458-301-53--100-11]-9618&alias=b9g34p2113.cern.ch&noUDP&sock=slot1_11_4966_bf03_85280>
...
040 (10613549.609.000) 12/16 15:30:58 Finished transferring input files
...
001 (10613549.609.000) 12/16 15:30:58 Job executing on host: <128.142.33.20:9618?addrs=128.142.33.20-9618+[2001-1458-301-53--100-11]-9618&alias=b9g34p2113.cern.ch&noUDP&sock=startd_4121_3de0>
	SlotName: slot1_11@b9g34p2113.cern.ch
	CondorScratchDir = "/pool/condor/dir_3400012"
	Cpus = 4
	Disk = 10930
	GPUs = 0
	Memory = 12000
...
006 (10613549.609.000) 12/16 15:31:12 Image size of job updated: 40400
	40  -  MemoryUsage of job (MB)
	40400  -  ResidentSetSize of job (KB)
...
006 (10613549.609.000) 12/16 15:36:13 Image size of job updated: 40752
	40  -  MemoryUsage of job (MB)
	40400  -  ResidentSetSize of job (KB)
...
006 (10613549.609.000) 12/16 17:34:59 Image size of job updated: 121148
	40  -  MemoryUsage of job (MB)
	40400  -  ResidentSetSize of job (KB)
...
040 (10613549.609.000) 12/16 17:35:00 Started transferring output files
...
040 (10613549.609.000) 12/16 17:35:01 Finished transferring output files
...
005 (10613549.609.000) 12/16 17:35:01 Job terminated.
	(1) Normal termination (return value 0)
		Usr 0 02:02:58, Sys 0 00:00:10  -  Run Remote Usage
		Usr 0 00:00:00, Sys 0 00:00:00  -  Run Local Usage
		Usr 0 02:02:58, Sys 0 00:00:10  -  Total Remote Usage
		Usr 0 00:00:00, Sys 0 00:00:00  -  Total Local Usage
	0  -  Run Bytes Sent By Job
	7584148  -  Run Bytes Received By Job
	0  -  Total Bytes Sent By Job
	7584148  -  Total Bytes Received By Job
	Partitionable Resources :    Usage  Request Allocated 
	   Cpus                 :     0.99        4         4 
	   Disk (KB)            : 33192        7500     10930 
	   GPUs                 :                           0 
	   Memory (MB)          :    40       12000     12000 
	   TimeExecute (s)      :  7441                       
	   TimeSlotBusy (s)     :  7443                       

	Job terminated of its own accord at 2025-12-16T16:34:59Z with exit-code 0.
...
