000 (10610887.997.000) 12/16 07:14:32 Job submitted from host: <188.185.71.83:9618?addrs=188.185.71.83-9618+[2001-1458-d00-7--100-34d]-9618&alias=bigbird18.cern.ch&noUDP&sock=schedd_5052_d48c>
...
040 (10610887.997.000) 12/16 08:00:28 Started transferring input files
	Transferring to host: <188.185.213.38:9618?addrs=188.185.213.38-9618+[2001-1458-303-1a--100-22]-9618&alias=b9p27p1887.cern.ch&noUDP&sock=slot1_11_9101_3a4b_93337>
...
040 (10610887.997.000) 12/16 08:00:28 Finished transferring input files
...
001 (10610887.997.000) 12/16 08:00:28 Job executing on host: <188.185.213.38:9618?addrs=188.185.213.38-9618+[2001-1458-303-1a--100-22]-9618&alias=b9p27p1887.cern.ch&noUDP&sock=startd_7965_e7ee>
	SlotName: slot1_11@b9p27p1887.cern.ch
	CondorScratchDir = "/pool/condor/dir_1121449"
	Cpus = 4
	Disk = 10954
	GPUs = 0
	Memory = 12000
...
006 (10610887.997.000) 12/16 08:00:42 Image size of job updated: 37508
	37  -  MemoryUsage of job (MB)
	37508  -  ResidentSetSize of job (KB)
...
006 (10610887.997.000) 12/16 08:05:43 Image size of job updated: 37932
	37  -  MemoryUsage of job (MB)
	37508  -  ResidentSetSize of job (KB)
...
006 (10610887.997.000) 12/16 09:47:23 Image size of job updated: 118464
	37  -  MemoryUsage of job (MB)
	37508  -  ResidentSetSize of job (KB)
...
040 (10610887.997.000) 12/16 09:47:23 Started transferring output files
...
040 (10610887.997.000) 12/16 09:47:24 Finished transferring output files
...
005 (10610887.997.000) 12/16 09:47:24 Job terminated.
	(1) Normal termination (return value 0)
		Usr 0 01:43:27, Sys 0 00:00:14  -  Run Remote Usage
		Usr 0 00:00:00, Sys 0 00:00:00  -  Run Local Usage
		Usr 0 01:43:27, Sys 0 00:00:14  -  Total Remote Usage
		Usr 0 00:00:00, Sys 0 00:00:00  -  Total Local Usage
	0  -  Run Bytes Sent By Job
	7584148  -  Run Bytes Received By Job
	0  -  Total Bytes Sent By Job
	7584148  -  Total Bytes Received By Job
	Partitionable Resources :    Usage  Request Allocated 
	   Cpus                 :     0.98        4         4 
	   Disk (KB)            : 32989        7500     10954 
	   GPUs                 :                           0 
	   Memory (MB)          :    37       12000     12000 
	   TimeExecute (s)      :  6415                       
	   TimeSlotBusy (s)     :  6416                       

	Job terminated of its own accord at 2025-12-16T08:47:23Z with exit-code 0.
...
