000 (10613549.270.000) 12/16 14:40:44 Job submitted from host: <188.185.71.83:9618?addrs=188.185.71.83-9618+[2001-1458-d00-7--100-34d]-9618&alias=bigbird18.cern.ch&noUDP&sock=schedd_5052_d48c>
...
040 (10613549.270.000) 12/16 15:29:04 Started transferring input files
	Transferring to host: <128.142.192.199:9618?addrs=128.142.192.199-9618+[2001-1458-301-56--100-43]-9618&alias=b9g18p9878.cern.ch&noUDP&sock=slot1_6_3500_d107_88312>
...
040 (10613549.270.000) 12/16 15:29:04 Finished transferring input files
...
001 (10613549.270.000) 12/16 15:29:04 Job executing on host: <128.142.192.199:9618?addrs=128.142.192.199-9618+[2001-1458-301-56--100-43]-9618&alias=b9g18p9878.cern.ch&noUDP&sock=startd_3048_40c1>
	SlotName: slot1_6@b9g18p9878.cern.ch
	CondorScratchDir = "/pool/condor/dir_1964751"
	Cpus = 4
	Disk = 11044
	GPUs = 0
	Memory = 12000
...
006 (10613549.270.000) 12/16 15:29:18 Image size of job updated: 37416
	37  -  MemoryUsage of job (MB)
	37416  -  ResidentSetSize of job (KB)
...
006 (10613549.270.000) 12/16 15:34:19 Image size of job updated: 37836
	37  -  MemoryUsage of job (MB)
	37416  -  ResidentSetSize of job (KB)
...
006 (10613549.270.000) 12/16 17:03:45 Image size of job updated: 118280
	37  -  MemoryUsage of job (MB)
	37416  -  ResidentSetSize of job (KB)
...
040 (10613549.270.000) 12/16 17:03:46 Started transferring output files
...
040 (10613549.270.000) 12/16 17:03:46 Finished transferring output files
...
005 (10613549.270.000) 12/16 17:03:46 Job terminated.
	(1) Normal termination (return value 0)
		Usr 0 01:33:42, Sys 0 00:00:05  -  Run Remote Usage
		Usr 0 00:00:00, Sys 0 00:00:00  -  Run Local Usage
		Usr 0 01:33:42, Sys 0 00:00:05  -  Total Remote Usage
		Usr 0 00:00:00, Sys 0 00:00:00  -  Total Local Usage
	0  -  Run Bytes Sent By Job
	7584148  -  Run Bytes Received By Job
	0  -  Total Bytes Sent By Job
	7584148  -  Total Bytes Received By Job
	Partitionable Resources :    Usage  Request Allocated 
	   Cpus                 :     0.99        4         4 
	   Disk (KB)            : 33481        7500     11044 
	   GPUs                 :                           0 
	   Memory (MB)          :    37       12000     12000 
	   TimeExecute (s)      :  5681                       
	   TimeSlotBusy (s)     :  5682                       

	Job terminated of its own accord at 2025-12-16T16:03:45Z with exit-code 0.
...
