000 (10613549.892.000) 12/16 14:40:45 Job submitted from host: <188.185.71.83:9618?addrs=188.185.71.83-9618+[2001-1458-d00-7--100-34d]-9618&alias=bigbird18.cern.ch&noUDP&sock=schedd_5052_d48c>
...
040 (10613549.892.000) 12/16 15:34:40 Started transferring input files
	Transferring to host: <188.185.196.166:9618?addrs=188.185.196.166-9618+[2001-1458-303-23--100-a2]-9618&alias=b9p16p1963.cern.ch&noUDP&sock=slot1_18_5227_a4ee_83726>
...
040 (10613549.892.000) 12/16 15:34:40 Finished transferring input files
...
001 (10613549.892.000) 12/16 15:34:40 Job executing on host: <188.185.196.166:9618?addrs=188.185.196.166-9618+[2001-1458-303-23--100-a2]-9618&alias=b9p16p1963.cern.ch&noUDP&sock=startd_4143_54f5>
	SlotName: slot1_18@b9p16p1963.cern.ch
	CondorScratchDir = "/pool/condor/dir_1923905"
	Cpus = 4
	Disk = 11137
	GPUs = 0
	Memory = 12000
...
006 (10613549.892.000) 12/16 15:34:54 Image size of job updated: 37476
	37  -  MemoryUsage of job (MB)
	37476  -  ResidentSetSize of job (KB)
...
006 (10613549.892.000) 12/16 15:39:55 Image size of job updated: 37896
	37  -  MemoryUsage of job (MB)
	37476  -  ResidentSetSize of job (KB)
...
006 (10613549.892.000) 12/16 18:07:47 Image size of job updated: 118420
	37  -  MemoryUsage of job (MB)
	37476  -  ResidentSetSize of job (KB)
...
040 (10613549.892.000) 12/16 18:07:48 Started transferring output files
...
040 (10613549.892.000) 12/16 18:07:48 Finished transferring output files
...
005 (10613549.892.000) 12/16 18:07:48 Job terminated.
	(1) Normal termination (return value 0)
		Usr 0 02:26:29, Sys 0 00:00:14  -  Run Remote Usage
		Usr 0 00:00:00, Sys 0 00:00:00  -  Run Local Usage
		Usr 0 02:26:29, Sys 0 00:00:14  -  Total Remote Usage
		Usr 0 00:00:00, Sys 0 00:00:00  -  Total Local Usage
	0  -  Run Bytes Sent By Job
	7584148  -  Run Bytes Received By Job
	0  -  Total Bytes Sent By Job
	7584148  -  Total Bytes Received By Job
	Partitionable Resources :    Usage  Request Allocated 
	   Cpus                 :     0.99        4         4 
	   Disk (KB)            : 33181        7500     11137 
	   GPUs                 :                           0 
	   Memory (MB)          :    37       12000     12000 
	   TimeExecute (s)      :  9187                       
	   TimeSlotBusy (s)     :  9188                       

	Job terminated of its own accord at 2025-12-16T17:07:47Z with exit-code 0.
...
