000 (10610887.550.000) 12/16 07:14:31 Job submitted from host: <188.185.71.83:9618?addrs=188.185.71.83-9618+[2001-1458-d00-7--100-34d]-9618&alias=bigbird18.cern.ch&noUDP&sock=schedd_5052_d48c>
...
040 (10610887.550.000) 12/16 07:50:49 Started transferring input files
	Transferring to host: <188.185.206.208:9618?addrs=188.185.206.208-9618+[2001-1458-303-c--100-4d]-9618&alias=b9p06p8579.cern.ch&noUDP&sock=slot1_14_5039_2e66_79662>
...
040 (10610887.550.000) 12/16 07:50:49 Finished transferring input files
...
001 (10610887.550.000) 12/16 07:50:49 Job executing on host: <188.185.206.208:9618?addrs=188.185.206.208-9618+[2001-1458-303-c--100-4d]-9618&alias=b9p06p8579.cern.ch&noUDP&sock=startd_4302_6484>
	SlotName: slot1_14@b9p06p8579.cern.ch
	CondorScratchDir = "/pool/condor/dir_923392"
	Cpus = 4
	Disk = 10877
	GPUs = 0
	Memory = 12000
...
006 (10610887.550.000) 12/16 07:51:03 Image size of job updated: 39676
	39  -  MemoryUsage of job (MB)
	39676  -  ResidentSetSize of job (KB)
...
006 (10610887.550.000) 12/16 07:56:04 Image size of job updated: 40056
	39  -  MemoryUsage of job (MB)
	39676  -  ResidentSetSize of job (KB)
...
040 (10610887.550.000) 12/16 09:23:04 Started transferring output files
...
040 (10610887.550.000) 12/16 09:23:05 Finished transferring output files
...
005 (10610887.550.000) 12/16 09:23:05 Job terminated.
	(1) Normal termination (return value 0)
		Usr 0 01:30:59, Sys 0 00:00:07  -  Run Remote Usage
		Usr 0 00:00:00, Sys 0 00:00:00  -  Run Local Usage
		Usr 0 01:30:59, Sys 0 00:00:07  -  Total Remote Usage
		Usr 0 00:00:00, Sys 0 00:00:00  -  Total Local Usage
	0  -  Run Bytes Sent By Job
	7584148  -  Run Bytes Received By Job
	0  -  Total Bytes Sent By Job
	7584148  -  Total Bytes Received By Job
	Partitionable Resources :    Usage  Request Allocated 
	   Cpus                 :     0.99        4         4 
	   Disk (KB)            : 32673        7500     10877 
	   GPUs                 :                           0 
	   Memory (MB)          :    39       12000     12000 
	   TimeExecute (s)      :  5535                       
	   TimeSlotBusy (s)     :  5536                       

	Job terminated of its own accord at 2025-12-16T08:23:04Z with exit-code 0.
...
