000 (10613550.207.000) 12/16 14:40:59 Job submitted from host: <188.185.71.83:9618?addrs=188.185.71.83-9618+[2001-1458-d00-7--100-34d]-9618&alias=bigbird18.cern.ch&noUDP&sock=schedd_5052_d48c>
...
040 (10613550.207.000) 12/16 15:45:05 Started transferring input files
	Transferring to host: <188.185.210.205:9618?addrs=188.185.210.205-9618+[2001-1458-303-15--100-49]-9618&alias=b9p22p3542.cern.ch&noUDP&sock=slot1_13_5966_562c_93649>
...
040 (10613550.207.000) 12/16 15:45:05 Finished transferring input files
...
001 (10613550.207.000) 12/16 15:45:05 Job executing on host: <188.185.210.205:9618?addrs=188.185.210.205-9618+[2001-1458-303-15--100-49]-9618&alias=b9p22p3542.cern.ch&noUDP&sock=startd_5118_19cc>
	SlotName: slot1_13@b9p22p3542.cern.ch
	CondorScratchDir = "/pool/condor/dir_3850820"
	Cpus = 4
	Disk = 11102
	GPUs = 0
	Memory = 12000
...
006 (10613550.207.000) 12/16 15:45:19 Image size of job updated: 40140
	40  -  MemoryUsage of job (MB)
	40140  -  ResidentSetSize of job (KB)
...
006 (10613550.207.000) 12/16 15:50:20 Image size of job updated: 40232
	40  -  MemoryUsage of job (MB)
	40140  -  ResidentSetSize of job (KB)
...
006 (10613550.207.000) 12/16 17:03:00 Image size of job updated: 120820
	40  -  MemoryUsage of job (MB)
	40140  -  ResidentSetSize of job (KB)
...
040 (10613550.207.000) 12/16 17:03:00 Started transferring output files
...
040 (10613550.207.000) 12/16 17:03:01 Finished transferring output files
...
005 (10613550.207.000) 12/16 17:03:01 Job terminated.
	(1) Normal termination (return value 0)
		Usr 0 01:17:02, Sys 0 00:00:08  -  Run Remote Usage
		Usr 0 00:00:00, Sys 0 00:00:00  -  Run Local Usage
		Usr 0 01:17:02, Sys 0 00:00:08  -  Total Remote Usage
		Usr 0 00:00:00, Sys 0 00:00:00  -  Total Local Usage
	0  -  Run Bytes Sent By Job
	7584148  -  Run Bytes Received By Job
	0  -  Total Bytes Sent By Job
	7584148  -  Total Bytes Received By Job
	Partitionable Resources :    Usage  Request Allocated 
	   Cpus                 :     0.99        4         4 
	   Disk (KB)            : 33560        7500     11102 
	   GPUs                 :                           0 
	   Memory (MB)          :    40       12000     12000 
	   TimeExecute (s)      :  4675                       
	   TimeSlotBusy (s)     :  4676                       

	Job terminated of its own accord at 2025-12-16T16:03:00Z with exit-code 0.
...
