000 (10613549.760.000) 12/16 14:40:45 Job submitted from host: <188.185.71.83:9618?addrs=188.185.71.83-9618+[2001-1458-d00-7--100-34d]-9618&alias=bigbird18.cern.ch&noUDP&sock=schedd_5052_d48c>
...
040 (10613549.760.000) 12/16 15:32:51 Started transferring input files
	Transferring to host: <188.185.211.171:9618?addrs=188.185.211.171-9618+[2001-1458-303-17--100-27]-9618&alias=b9p24p0247.cern.ch&noUDP&sock=slot1_31_9769_e4e6_93083>
...
040 (10613549.760.000) 12/16 15:32:51 Finished transferring input files
...
001 (10613549.760.000) 12/16 15:32:51 Job executing on host: <188.185.211.171:9618?addrs=188.185.211.171-9618+[2001-1458-303-17--100-27]-9618&alias=b9p24p0247.cern.ch&noUDP&sock=startd_8968_e16b>
	SlotName: slot1_31@b9p24p0247.cern.ch
	CondorScratchDir = "/pool/condor/dir_264197"
	Cpus = 4
	Disk = 11139
	GPUs = 0
	Memory = 12000
...
006 (10613549.760.000) 12/16 15:33:05 Image size of job updated: 37484
	37  -  MemoryUsage of job (MB)
	37484  -  ResidentSetSize of job (KB)
...
006 (10613549.760.000) 12/16 15:38:05 Image size of job updated: 37908
	37  -  MemoryUsage of job (MB)
	37484  -  ResidentSetSize of job (KB)
...
006 (10613549.760.000) 12/16 17:03:15 Image size of job updated: 118440
	116  -  MemoryUsage of job (MB)
	118440  -  ResidentSetSize of job (KB)
...
040 (10613549.760.000) 12/16 17:03:20 Started transferring output files
...
040 (10613549.760.000) 12/16 17:03:20 Finished transferring output files
...
005 (10613549.760.000) 12/16 17:03:20 Job terminated.
	(1) Normal termination (return value 0)
		Usr 0 01:29:00, Sys 0 00:00:10  -  Run Remote Usage
		Usr 0 00:00:00, Sys 0 00:00:00  -  Run Local Usage
		Usr 0 01:29:00, Sys 0 00:00:10  -  Total Remote Usage
		Usr 0 00:00:00, Sys 0 00:00:00  -  Total Local Usage
	0  -  Run Bytes Sent By Job
	7584148  -  Run Bytes Received By Job
	0  -  Total Bytes Sent By Job
	7584148  -  Total Bytes Received By Job
	Partitionable Resources :    Usage  Request Allocated 
	   Cpus                 :     0.99        4         4 
	   Disk (KB)            : 33268        7500     11139 
	   GPUs                 :                           0 
	   Memory (MB)          :   116       12000     12000 
	   TimeExecute (s)      :  5428                       
	   TimeSlotBusy (s)     :  5429                       

	Job terminated of its own accord at 2025-12-16T16:03:19Z with exit-code 0.
...
