000 (10613550.414.000) 12/16 14:40:59 Job submitted from host: <188.185.71.83:9618?addrs=188.185.71.83-9618+[2001-1458-d00-7--100-34d]-9618&alias=bigbird18.cern.ch&noUDP&sock=schedd_5052_d48c>
...
040 (10613550.414.000) 12/16 16:02:39 Started transferring input files
	Transferring to host: <128.142.192.153:9618?addrs=128.142.192.153-9618+[2001-1458-301-56--100-15]-9618&alias=b9g18p2987.cern.ch&noUDP&sock=slot1_8_3406_95c4_87964>
...
040 (10613550.414.000) 12/16 16:02:39 Finished transferring input files
...
001 (10613550.414.000) 12/16 16:02:39 Job executing on host: <128.142.192.153:9618?addrs=128.142.192.153-9618+[2001-1458-301-56--100-15]-9618&alias=b9g18p2987.cern.ch&noUDP&sock=startd_2892_3ffb>
	SlotName: slot1_8@b9g18p2987.cern.ch
	CondorScratchDir = "/pool/condor/dir_3227972"
	Cpus = 4
	Disk = 11125
	GPUs = 0
	Memory = 12000
...
006 (10613550.414.000) 12/16 16:02:52 Image size of job updated: 41400
	41  -  MemoryUsage of job (MB)
	41400  -  ResidentSetSize of job (KB)
...
006 (10613550.414.000) 12/16 16:07:52 Image size of job updated: 41488
	41  -  MemoryUsage of job (MB)
	41400  -  ResidentSetSize of job (KB)
...
006 (10613550.414.000) 12/16 18:03:28 Image size of job updated: 122048
	41  -  MemoryUsage of job (MB)
	41400  -  ResidentSetSize of job (KB)
...
040 (10613550.414.000) 12/16 18:03:29 Started transferring output files
...
040 (10613550.414.000) 12/16 18:03:29 Finished transferring output files
...
005 (10613550.414.000) 12/16 18:03:29 Job terminated.
	(1) Normal termination (return value 0)
		Usr 0 01:58:15, Sys 0 00:00:10  -  Run Remote Usage
		Usr 0 00:00:00, Sys 0 00:00:00  -  Run Local Usage
		Usr 0 01:58:15, Sys 0 00:00:10  -  Total Remote Usage
		Usr 0 00:00:00, Sys 0 00:00:00  -  Total Local Usage
	0  -  Run Bytes Sent By Job
	7584148  -  Run Bytes Received By Job
	0  -  Total Bytes Sent By Job
	7584148  -  Total Bytes Received By Job
	Partitionable Resources :    Usage  Request Allocated 
	   Cpus                 :     0.99        4         4 
	   Disk (KB)            : 33114        7500     11125 
	   GPUs                 :                           0 
	   Memory (MB)          :    41       12000     12000 
	   TimeExecute (s)      :  7249                       
	   TimeSlotBusy (s)     :  7251                       

	Job terminated of its own accord at 2025-12-16T17:03:28Z with exit-code 0.
...
