000 (10610887.043.000) 12/16 07:14:31 Job submitted from host: <188.185.71.83:9618?addrs=188.185.71.83-9618+[2001-1458-d00-7--100-34d]-9618&alias=bigbird18.cern.ch&noUDP&sock=schedd_5052_d48c>
...
040 (10610887.043.000) 12/16 07:20:32 Started transferring input files
	Transferring to host: <188.185.209.99:9618?addrs=188.185.209.99-9618+[2001-1458-303-11--100-60]-9618&alias=b9p11p8251.cern.ch&noUDP&sock=slot1_10_9156_faed_86768>
...
040 (10610887.043.000) 12/16 07:20:32 Finished transferring input files
...
001 (10610887.043.000) 12/16 07:20:32 Job executing on host: <188.185.209.99:9618?addrs=188.185.209.99-9618+[2001-1458-303-11--100-60]-9618&alias=b9p11p8251.cern.ch&noUDP&sock=startd_7858_834b>
	SlotName: slot1_10@b9p11p8251.cern.ch
	CondorScratchDir = "/pool/condor/dir_2444804"
	Cpus = 4
	Disk = 10869
	GPUs = 0
	Memory = 12000
...
006 (10610887.043.000) 12/16 07:20:46 Image size of job updated: 39648
	39  -  MemoryUsage of job (MB)
	39648  -  ResidentSetSize of job (KB)
...
006 (10610887.043.000) 12/16 07:25:47 Image size of job updated: 40028
	39  -  MemoryUsage of job (MB)
	39648  -  ResidentSetSize of job (KB)
...
040 (10610887.043.000) 12/16 08:38:38 Started transferring output files
...
040 (10610887.043.000) 12/16 08:38:38 Finished transferring output files
...
005 (10610887.043.000) 12/16 08:38:38 Job terminated.
	(1) Normal termination (return value 0)
		Usr 0 01:17:12, Sys 0 00:00:05  -  Run Remote Usage
		Usr 0 00:00:00, Sys 0 00:00:00  -  Run Local Usage
		Usr 0 01:17:12, Sys 0 00:00:05  -  Total Remote Usage
		Usr 0 00:00:00, Sys 0 00:00:00  -  Total Local Usage
	0  -  Run Bytes Sent By Job
	7584148  -  Run Bytes Received By Job
	0  -  Total Bytes Sent By Job
	7584148  -  Total Bytes Received By Job
	Partitionable Resources :    Usage  Request Allocated 
	   Cpus                 :     0.99        4         4 
	   Disk (KB)            : 32393        7500     10869 
	   GPUs                 :                           0 
	   Memory (MB)          :    39       12000     12000 
	   TimeExecute (s)      :  4685                       
	   TimeSlotBusy (s)     :  4686                       

	Job terminated of its own accord at 2025-12-16T07:38:37Z with exit-code 0.
...
