000 (10610889.848.000) 12/16 07:15:01 Job submitted from host: <188.185.71.83:9618?addrs=188.185.71.83-9618+[2001-1458-d00-7--100-34d]-9618&alias=bigbird18.cern.ch&noUDP&sock=schedd_5052_d48c>
...
040 (10610889.848.000) 12/16 14:26:32 Started transferring input files
	Transferring to host: <188.185.214.81:9618?addrs=188.185.214.81-9618+[2001-1458-303-1c--100-4d]-9618&alias=b9p29p6095.cern.ch&noUDP&sock=slot1_5_9336_ce75_109856>
...
040 (10610889.848.000) 12/16 14:26:32 Finished transferring input files
...
001 (10610889.848.000) 12/16 14:26:32 Job executing on host: <188.185.214.81:9618?addrs=188.185.214.81-9618+[2001-1458-303-1c--100-4d]-9618&alias=b9p29p6095.cern.ch&noUDP&sock=startd_8692_9148>
	SlotName: slot1_5@b9p29p6095.cern.ch
	CondorScratchDir = "/pool/condor/dir_1261513"
	Cpus = 4
	Disk = 11064
	GPUs = 0
	Memory = 12000
...
006 (10610889.848.000) 12/16 14:26:46 Image size of job updated: 37516
	37  -  MemoryUsage of job (MB)
	37516  -  ResidentSetSize of job (KB)
...
006 (10610889.848.000) 12/16 14:31:47 Image size of job updated: 37936
	37  -  MemoryUsage of job (MB)
	37516  -  ResidentSetSize of job (KB)
...
040 (10610889.848.000) 12/16 15:42:27 Started transferring output files
...
040 (10610889.848.000) 12/16 15:42:27 Finished transferring output files
...
005 (10610889.848.000) 12/16 15:42:27 Job terminated.
	(1) Normal termination (return value 0)
		Usr 0 01:15:08, Sys 0 00:00:04  -  Run Remote Usage
		Usr 0 00:00:00, Sys 0 00:00:00  -  Run Local Usage
		Usr 0 01:15:08, Sys 0 00:00:04  -  Total Remote Usage
		Usr 0 00:00:00, Sys 0 00:00:00  -  Total Local Usage
	0  -  Run Bytes Sent By Job
	7584148  -  Run Bytes Received By Job
	0  -  Total Bytes Sent By Job
	7584148  -  Total Bytes Received By Job
	Partitionable Resources :    Usage  Request Allocated 
	   Cpus                 :     1.00        4         4 
	   Disk (KB)            : 32877        7500     11064 
	   GPUs                 :                           0 
	   Memory (MB)          :    37       12000     12000 
	   TimeExecute (s)      :  4554                       
	   TimeSlotBusy (s)     :  4556                       

	Job terminated of its own accord at 2025-12-16T14:42:26Z with exit-code 0.
...
