000 (10610888.916.000) 12/16 07:14:45 Job submitted from host: <188.185.71.83:9618?addrs=188.185.71.83-9618+[2001-1458-d00-7--100-34d]-9618&alias=bigbird18.cern.ch&noUDP&sock=schedd_5052_d48c>
...
040 (10610888.916.000) 12/16 09:55:34 Started transferring input files
	Transferring to host: <188.185.212.99:9618?addrs=188.185.212.99-9618+[2001-1458-303-18--100-5f]-9618&alias=b9p25p1129.cern.ch&noUDP&sock=slot1_11_7101_0bfa_91992>
...
040 (10610888.916.000) 12/16 09:55:34 Finished transferring input files
...
001 (10610888.916.000) 12/16 09:55:34 Job executing on host: <188.185.212.99:9618?addrs=188.185.212.99-9618+[2001-1458-303-18--100-5f]-9618&alias=b9p25p1129.cern.ch&noUDP&sock=startd_6149_47f1>
	SlotName: slot1_11@b9p25p1129.cern.ch
	CondorScratchDir = "/pool/condor/dir_2500156"
	Cpus = 4
	Disk = 11028
	GPUs = 0
	Memory = 12000
...
006 (10610888.916.000) 12/16 09:55:49 Image size of job updated: 39624
	39  -  MemoryUsage of job (MB)
	39624  -  ResidentSetSize of job (KB)
...
006 (10610888.916.000) 12/16 10:00:49 Image size of job updated: 40044
	39  -  MemoryUsage of job (MB)
	39624  -  ResidentSetSize of job (KB)
...
006 (10610888.916.000) 12/16 11:54:23 Image size of job updated: 120600
	39  -  MemoryUsage of job (MB)
	39624  -  ResidentSetSize of job (KB)
...
040 (10610888.916.000) 12/16 11:54:24 Started transferring output files
...
040 (10610888.916.000) 12/16 11:54:25 Finished transferring output files
...
005 (10610888.916.000) 12/16 11:54:25 Job terminated.
	(1) Normal termination (return value 0)
		Usr 0 01:54:35, Sys 0 00:00:16  -  Run Remote Usage
		Usr 0 00:00:00, Sys 0 00:00:00  -  Run Local Usage
		Usr 0 01:54:35, Sys 0 00:00:16  -  Total Remote Usage
		Usr 0 00:00:00, Sys 0 00:00:00  -  Total Local Usage
	0  -  Run Bytes Sent By Job
	7584148  -  Run Bytes Received By Job
	0  -  Total Bytes Sent By Job
	7584148  -  Total Bytes Received By Job
	Partitionable Resources :    Usage  Request Allocated 
	   Cpus                 :     0.97        4         4 
	   Disk (KB)            : 32756        7500     11028 
	   GPUs                 :                           0 
	   Memory (MB)          :    39       12000     12000 
	   TimeExecute (s)      :  7129                       
	   TimeSlotBusy (s)     :  7131                       

	Job terminated of its own accord at 2025-12-16T10:54:23Z with exit-code 0.
...
