000 (10613550.024.000) 12/16 14:40:58 Job submitted from host: <188.185.71.83:9618?addrs=188.185.71.83-9618+[2001-1458-d00-7--100-34d]-9618&alias=bigbird18.cern.ch&noUDP&sock=schedd_5052_d48c>
...
040 (10613550.024.000) 12/16 15:35:24 Started transferring input files
	Transferring to host: <188.185.207.64:9618?addrs=188.185.207.64-9618+[2001-1458-303-d--100-3d]-9618&alias=b9p07p8484.cern.ch&noUDP&sock=slot1_22_4553_c012_78422>
...
040 (10613550.024.000) 12/16 15:35:24 Finished transferring input files
...
001 (10613550.024.000) 12/16 15:35:24 Job executing on host: <188.185.207.64:9618?addrs=188.185.207.64-9618+[2001-1458-303-d--100-3d]-9618&alias=b9p07p8484.cern.ch&noUDP&sock=startd_3780_5814>
	SlotName: slot1_22@b9p07p8484.cern.ch
	CondorScratchDir = "/pool/condor/dir_205233"
	Cpus = 4
	Disk = 10732
	GPUs = 0
	Memory = 12000
...
006 (10613550.024.000) 12/16 15:35:38 Image size of job updated: 39668
	39  -  MemoryUsage of job (MB)
	39668  -  ResidentSetSize of job (KB)
...
006 (10613550.024.000) 12/16 15:40:39 Image size of job updated: 40044
	39  -  MemoryUsage of job (MB)
	39668  -  ResidentSetSize of job (KB)
...
006 (10613550.024.000) 12/16 17:07:29 Image size of job updated: 120704
	39  -  MemoryUsage of job (MB)
	39668  -  ResidentSetSize of job (KB)
...
040 (10613550.024.000) 12/16 17:07:29 Started transferring output files
...
040 (10613550.024.000) 12/16 17:07:30 Finished transferring output files
...
005 (10613550.024.000) 12/16 17:07:30 Job terminated.
	(1) Normal termination (return value 0)
		Usr 0 01:30:25, Sys 0 00:00:14  -  Run Remote Usage
		Usr 0 00:00:00, Sys 0 00:00:00  -  Run Local Usage
		Usr 0 01:30:25, Sys 0 00:00:14  -  Total Remote Usage
		Usr 0 00:00:00, Sys 0 00:00:00  -  Total Local Usage
	0  -  Run Bytes Sent By Job
	7584148  -  Run Bytes Received By Job
	0  -  Total Bytes Sent By Job
	7584148  -  Total Bytes Received By Job
	Partitionable Resources :    Usage  Request Allocated 
	   Cpus                 :     0.99        4         4 
	   Disk (KB)            : 33361        7500     10732 
	   GPUs                 :                           0 
	   Memory (MB)          :    39       12000     12000 
	   TimeExecute (s)      :  5525                       
	   TimeSlotBusy (s)     :  5526                       

	Job terminated of its own accord at 2025-12-16T16:07:29Z with exit-code 0.
...
