000 (10610887.515.000) 12/16 07:14:31 Job submitted from host: <188.185.71.83:9618?addrs=188.185.71.83-9618+[2001-1458-d00-7--100-34d]-9618&alias=bigbird18.cern.ch&noUDP&sock=schedd_5052_d48c>
...
040 (10610887.515.000) 12/16 07:50:39 Started transferring input files
	Transferring to host: <188.185.206.207:9618?addrs=188.185.206.207-9618+[2001-1458-303-c--100-4c]-9618&alias=b9p06p6342.cern.ch&noUDP&sock=slot1_12_4320_94a9_86385>
...
040 (10610887.515.000) 12/16 07:50:39 Finished transferring input files
...
001 (10610887.515.000) 12/16 07:50:39 Job executing on host: <188.185.206.207:9618?addrs=188.185.206.207-9618+[2001-1458-303-c--100-4c]-9618&alias=b9p06p6342.cern.ch&noUDP&sock=startd_3898_4841>
	SlotName: slot1_12@b9p06p6342.cern.ch
	CondorScratchDir = "/pool/condor/dir_3734235"
	Cpus = 4
	Disk = 10930
	GPUs = 0
	Memory = 12000
...
006 (10610887.515.000) 12/16 07:50:53 Image size of job updated: 39628
	39  -  MemoryUsage of job (MB)
	39628  -  ResidentSetSize of job (KB)
...
006 (10610887.515.000) 12/16 07:55:54 Image size of job updated: 40008
	39  -  MemoryUsage of job (MB)
	39628  -  ResidentSetSize of job (KB)
...
040 (10610887.515.000) 12/16 09:23:56 Started transferring output files
...
040 (10610887.515.000) 12/16 09:23:56 Finished transferring output files
...
005 (10610887.515.000) 12/16 09:23:57 Job terminated.
	(1) Normal termination (return value 0)
		Usr 0 01:31:54, Sys 0 00:00:08  -  Run Remote Usage
		Usr 0 00:00:00, Sys 0 00:00:00  -  Run Local Usage
		Usr 0 01:31:54, Sys 0 00:00:08  -  Total Remote Usage
		Usr 0 00:00:00, Sys 0 00:00:00  -  Total Local Usage
	0  -  Run Bytes Sent By Job
	7584148  -  Run Bytes Received By Job
	0  -  Total Bytes Sent By Job
	7584148  -  Total Bytes Received By Job
	Partitionable Resources :    Usage  Request Allocated 
	   Cpus                 :     0.99        4         4 
	   Disk (KB)            : 32268        7500     10930 
	   GPUs                 :                           0 
	   Memory (MB)          :    39       12000     12000 
	   TimeExecute (s)      :  5596                       
	   TimeSlotBusy (s)     :  5598                       

	Job terminated of its own accord at 2025-12-16T08:23:55Z with exit-code 0.
...
