000 (10613549.753.000) 12/16 14:40:45 Job submitted from host: <188.185.71.83:9618?addrs=188.185.71.83-9618+[2001-1458-d00-7--100-34d]-9618&alias=bigbird18.cern.ch&noUDP&sock=schedd_5052_d48c>
...
040 (10613549.753.000) 12/16 15:31:51 Started transferring input files
	Transferring to host: <188.185.213.53:9618?addrs=188.185.213.53-9618+[2001-1458-303-1a--100-31]-9618&alias=b9p27p4705.cern.ch&noUDP&sock=slot1_17_7074_05d9_87563>
...
040 (10613549.753.000) 12/16 15:31:51 Finished transferring input files
...
001 (10613549.753.000) 12/16 15:31:51 Job executing on host: <188.185.213.53:9618?addrs=188.185.213.53-9618+[2001-1458-303-1a--100-31]-9618&alias=b9p27p4705.cern.ch&noUDP&sock=startd_6228_77ec>
	SlotName: slot1_17@b9p27p4705.cern.ch
	CondorScratchDir = "/pool/condor/dir_2861593"
	Cpus = 4
	Disk = 11111
	GPUs = 0
	Memory = 12000
...
006 (10613549.753.000) 12/16 15:32:05 Image size of job updated: 37492
	37  -  MemoryUsage of job (MB)
	37492  -  ResidentSetSize of job (KB)
...
006 (10613549.753.000) 12/16 15:37:06 Image size of job updated: 37912
	37  -  MemoryUsage of job (MB)
	37492  -  ResidentSetSize of job (KB)
...
006 (10613549.753.000) 12/16 17:00:50 Image size of job updated: 118432
	37  -  MemoryUsage of job (MB)
	37492  -  ResidentSetSize of job (KB)
...
040 (10613549.753.000) 12/16 17:00:50 Started transferring output files
...
040 (10613549.753.000) 12/16 17:00:50 Finished transferring output files
...
005 (10613549.753.000) 12/16 17:00:50 Job terminated.
	(1) Normal termination (return value 0)
		Usr 0 01:27:50, Sys 0 00:00:09  -  Run Remote Usage
		Usr 0 00:00:00, Sys 0 00:00:00  -  Run Local Usage
		Usr 0 01:27:50, Sys 0 00:00:09  -  Total Remote Usage
		Usr 0 00:00:00, Sys 0 00:00:00  -  Total Local Usage
	0  -  Run Bytes Sent By Job
	7584148  -  Run Bytes Received By Job
	0  -  Total Bytes Sent By Job
	7584148  -  Total Bytes Received By Job
	Partitionable Resources :    Usage  Request Allocated 
	   Cpus                 :     0.99        4         4 
	   Disk (KB)            : 32977        7500     11111 
	   GPUs                 :                           0 
	   Memory (MB)          :    37       12000     12000 
	   TimeExecute (s)      :  5339                       
	   TimeSlotBusy (s)     :  5339                       

	Job terminated of its own accord at 2025-12-16T16:00:50Z with exit-code 0.
...
