000 (10613550.005.000) 12/16 14:40:58 Job submitted from host: <188.185.71.83:9618?addrs=188.185.71.83-9618+[2001-1458-d00-7--100-34d]-9618&alias=bigbird18.cern.ch&noUDP&sock=schedd_5052_d48c>
...
040 (10613550.005.000) 12/16 15:35:18 Started transferring input files
	Transferring to host: <188.185.210.213:9618?addrs=188.185.210.213-9618+[2001-1458-303-15--100-51]-9618&alias=b9p22p5430.cern.ch&noUDP&sock=slot1_11_4213_3084_115001>
...
040 (10613550.005.000) 12/16 15:35:18 Finished transferring input files
...
001 (10613550.005.000) 12/16 15:35:18 Job executing on host: <188.185.210.213:9618?addrs=188.185.210.213-9618+[2001-1458-303-15--100-51]-9618&alias=b9p22p5430.cern.ch&noUDP&sock=startd_3544_77bb>
	SlotName: slot1_11@b9p22p5430.cern.ch
	CondorScratchDir = "/pool/condor/dir_813458"
	Cpus = 4
	Disk = 11020
	GPUs = 0
	Memory = 12000
...
006 (10613550.005.000) 12/16 15:35:32 Image size of job updated: 37464
	37  -  MemoryUsage of job (MB)
	37464  -  ResidentSetSize of job (KB)
...
006 (10613550.005.000) 12/16 15:40:33 Image size of job updated: 37884
	37  -  MemoryUsage of job (MB)
	37464  -  ResidentSetSize of job (KB)
...
006 (10613550.005.000) 12/16 16:49:43 Image size of job updated: 126448
	37  -  MemoryUsage of job (MB)
	37464  -  ResidentSetSize of job (KB)
...
040 (10613550.005.000) 12/16 16:49:44 Started transferring output files
...
040 (10613550.005.000) 12/16 16:49:44 Finished transferring output files
...
005 (10613550.005.000) 12/16 16:49:44 Job terminated.
	(1) Normal termination (return value 0)
		Usr 0 01:13:42, Sys 0 00:00:05  -  Run Remote Usage
		Usr 0 00:00:00, Sys 0 00:00:00  -  Run Local Usage
		Usr 0 01:13:42, Sys 0 00:00:05  -  Total Remote Usage
		Usr 0 00:00:00, Sys 0 00:00:00  -  Total Local Usage
	0  -  Run Bytes Sent By Job
	7584148  -  Run Bytes Received By Job
	0  -  Total Bytes Sent By Job
	7584148  -  Total Bytes Received By Job
	Partitionable Resources :    Usage  Request Allocated 
	   Cpus                 :     0.99        4         4 
	   Disk (KB)            : 33269        7500     11020 
	   GPUs                 :                           0 
	   Memory (MB)          :    37       12000     12000 
	   TimeExecute (s)      :  4465                       
	   TimeSlotBusy (s)     :  4466                       

	Job terminated of its own accord at 2025-12-16T15:49:43Z with exit-code 0.
...
