000 (10610889.084.000) 12/16 07:15:00 Job submitted from host: <188.185.71.83:9618?addrs=188.185.71.83-9618+[2001-1458-d00-7--100-34d]-9618&alias=bigbird18.cern.ch&noUDP&sock=schedd_5052_d48c>
...
040 (10610889.084.000) 12/16 10:37:35 Started transferring input files
	Transferring to host: <188.185.195.177:9618?addrs=188.185.195.177-9618+[2001-1458-303-22--100-ad]-9618&alias=b9p17p5043.cern.ch&noUDP&sock=slot1_1_5118_d809_84712>
...
040 (10610889.084.000) 12/16 10:37:35 Finished transferring input files
...
001 (10610889.084.000) 12/16 10:37:35 Job executing on host: <188.185.195.177:9618?addrs=188.185.195.177-9618+[2001-1458-303-22--100-ad]-9618&alias=b9p17p5043.cern.ch&noUDP&sock=startd_4017_e806>
	SlotName: slot1_1@b9p17p5043.cern.ch
	CondorScratchDir = "/pool/condor/dir_2103911"
	Cpus = 4
	Disk = 11045
	GPUs = 0
	Memory = 12000
...
006 (10610889.084.000) 12/16 10:37:49 Image size of job updated: 25300
	25  -  MemoryUsage of job (MB)
	25300  -  ResidentSetSize of job (KB)
...
006 (10610889.084.000) 12/16 10:42:49 Image size of job updated: 25720
	25  -  MemoryUsage of job (MB)
	25300  -  ResidentSetSize of job (KB)
...
040 (10610889.084.000) 12/16 13:12:59 Started transferring output files
...
040 (10610889.084.000) 12/16 13:13:00 Finished transferring output files
...
005 (10610889.084.000) 12/16 13:13:00 Job terminated.
	(1) Normal termination (return value 0)
		Usr 0 02:33:44, Sys 0 00:00:10  -  Run Remote Usage
		Usr 0 00:00:00, Sys 0 00:00:00  -  Run Local Usage
		Usr 0 02:33:44, Sys 0 00:00:10  -  Total Remote Usage
		Usr 0 00:00:00, Sys 0 00:00:00  -  Total Local Usage
	0  -  Run Bytes Sent By Job
	7584148  -  Run Bytes Received By Job
	0  -  Total Bytes Sent By Job
	7584148  -  Total Bytes Received By Job
	Partitionable Resources :    Usage  Request Allocated 
	   Cpus                 :     0.99        4         4 
	   Disk (KB)            : 32801        7500     11045 
	   GPUs                 :                           0 
	   Memory (MB)          :    25       12000     12000 
	   TimeExecute (s)      :  9324                       
	   TimeSlotBusy (s)     :  9325                       

	Job terminated of its own accord at 2025-12-16T12:12:59Z with exit-code 0.
...
