000 (10613550.631.000) 12/16 14:41:00 Job submitted from host: <188.185.71.83:9618?addrs=188.185.71.83-9618+[2001-1458-d00-7--100-34d]-9618&alias=bigbird18.cern.ch&noUDP&sock=schedd_5052_d48c>
...
040 (10613550.631.000) 12/16 16:45:03 Started transferring input files
	Transferring to host: <188.185.210.95:9618?addrs=188.185.210.95-9618+[2001-1458-303-1--100-5b]-9618&alias=b9p21p1730.cern.ch&noUDP&sock=slot1_26_5042_4b86_94437>
...
001 (10613550.631.000) 12/16 16:45:03 Job executing on host: <188.185.210.95:9618?addrs=188.185.210.95-9618+[2001-1458-303-1--100-5b]-9618&alias=b9p21p1730.cern.ch&noUDP&sock=startd_4119_deaf>
	SlotName: slot1_26@b9p21p1730.cern.ch
	CondorScratchDir = "/pool/condor/dir_311964"
	Cpus = 4
	Disk = 11060
	GPUs = 0
	Memory = 12000
...
040 (10613550.631.000) 12/16 16:45:03 Finished transferring input files
...
006 (10613550.631.000) 12/16 16:45:17 Image size of job updated: 39504
	39  -  MemoryUsage of job (MB)
	39504  -  ResidentSetSize of job (KB)
...
006 (10613550.631.000) 12/16 16:50:18 Image size of job updated: 39924
	39  -  MemoryUsage of job (MB)
	39504  -  ResidentSetSize of job (KB)
...
006 (10613550.631.000) 12/16 18:00:22 Image size of job updated: 120456
	39  -  MemoryUsage of job (MB)
	39504  -  ResidentSetSize of job (KB)
...
040 (10613550.631.000) 12/16 18:00:22 Started transferring output files
...
040 (10613550.631.000) 12/16 18:00:22 Finished transferring output files
...
005 (10613550.631.000) 12/16 18:00:22 Job terminated.
	(1) Normal termination (return value 0)
		Usr 0 01:14:26, Sys 0 00:00:08  -  Run Remote Usage
		Usr 0 00:00:00, Sys 0 00:00:00  -  Run Local Usage
		Usr 0 01:14:26, Sys 0 00:00:08  -  Total Remote Usage
		Usr 0 00:00:00, Sys 0 00:00:00  -  Total Local Usage
	0  -  Run Bytes Sent By Job
	7584148  -  Run Bytes Received By Job
	0  -  Total Bytes Sent By Job
	7584148  -  Total Bytes Received By Job
	Partitionable Resources :    Usage  Request Allocated 
	   Cpus                 :     0.99        4         4 
	   Disk (KB)            : 33676        7500     11060 
	   GPUs                 :                           0 
	   Memory (MB)          :    39       12000     12000 
	   TimeExecute (s)      :  4519                       
	   TimeSlotBusy (s)     :  4519                       

	Job terminated of its own accord at 2025-12-16T17:00:22Z with exit-code 0.
...
