000 (10610888.488.000) 12/16 07:14:44 Job submitted from host: <188.185.71.83:9618?addrs=188.185.71.83-9618+[2001-1458-d00-7--100-34d]-9618&alias=bigbird18.cern.ch&noUDP&sock=schedd_5052_d48c>
...
040 (10610888.488.000) 12/16 09:27:01 Started transferring input files
	Transferring to host: <188.185.212.19:9618?addrs=188.185.212.19-9618+[2001-1458-303-18--100-f]-9618&alias=b9p25p4675.cern.ch&noUDP&sock=slot1_4_710446_3a13_10962>
...
001 (10610888.488.000) 12/16 09:27:02 Job executing on host: <188.185.212.19:9618?addrs=188.185.212.19-9618+[2001-1458-303-18--100-f]-9618&alias=b9p25p4675.cern.ch&noUDP&sock=startd_4926_679d>
	SlotName: slot1_4@b9p25p4675.cern.ch
	CondorScratchDir = "/pool/condor/dir_1642983"
	Cpus = 4
	Disk = 11122
	GPUs = 0
	Memory = 12000
...
040 (10610888.488.000) 12/16 09:27:02 Finished transferring input files
...
006 (10610888.488.000) 12/16 09:27:15 Image size of job updated: 42204
	42  -  MemoryUsage of job (MB)
	42204  -  ResidentSetSize of job (KB)
...
006 (10610888.488.000) 12/16 09:32:15 Image size of job updated: 42292
	42  -  MemoryUsage of job (MB)
	42204  -  ResidentSetSize of job (KB)
...
006 (10610888.488.000) 12/16 10:42:52 Image size of job updated: 122872
	42  -  MemoryUsage of job (MB)
	42204  -  ResidentSetSize of job (KB)
...
040 (10610888.488.000) 12/16 10:42:53 Started transferring output files
...
040 (10610888.488.000) 12/16 10:42:53 Finished transferring output files
...
005 (10610888.488.000) 12/16 10:42:53 Job terminated.
	(1) Normal termination (return value 0)
		Usr 0 01:15:06, Sys 0 00:00:06  -  Run Remote Usage
		Usr 0 00:00:00, Sys 0 00:00:00  -  Run Local Usage
		Usr 0 01:15:06, Sys 0 00:00:06  -  Total Remote Usage
		Usr 0 00:00:00, Sys 0 00:00:00  -  Total Local Usage
	0  -  Run Bytes Sent By Job
	7584148  -  Run Bytes Received By Job
	0  -  Total Bytes Sent By Job
	7584148  -  Total Bytes Received By Job
	Partitionable Resources :    Usage  Request Allocated 
	   Cpus                 :     0.99        4         4 
	   Disk (KB)            : 33100        7500     11122 
	   GPUs                 :                           0 
	   Memory (MB)          :    42       12000     12000 
	   TimeExecute (s)      :  4550                       
	   TimeSlotBusy (s)     :  4552                       

	Job terminated of its own accord at 2025-12-16T09:42:52Z with exit-code 0.
...
