000 (10610888.442.000) 12/16 07:14:44 Job submitted from host: <188.185.71.83:9618?addrs=188.185.71.83-9618+[2001-1458-d00-7--100-34d]-9618&alias=bigbird18.cern.ch&noUDP&sock=schedd_5052_d48c>
...
040 (10610888.442.000) 12/16 09:25:06 Started transferring input files
	Transferring to host: <188.185.215.58:9618?addrs=188.185.215.58-9618+[2001-1458-303-1e--100-36]-9618&alias=b9p31p2887.cern.ch&noUDP&sock=slot1_31_4328_37a9_96087>
...
040 (10610888.442.000) 12/16 09:25:06 Finished transferring input files
...
001 (10610888.442.000) 12/16 09:25:06 Job executing on host: <188.185.215.58:9618?addrs=188.185.215.58-9618+[2001-1458-303-1e--100-36]-9618&alias=b9p31p2887.cern.ch&noUDP&sock=startd_3679_1104>
	SlotName: slot1_31@b9p31p2887.cern.ch
	CondorScratchDir = "/pool/condor/dir_1255998"
	Cpus = 4
	Disk = 11201
	GPUs = 0
	Memory = 12000
...
006 (10610888.442.000) 12/16 09:25:20 Image size of job updated: 42620
	42  -  MemoryUsage of job (MB)
	42620  -  ResidentSetSize of job (KB)
...
006 (10610888.442.000) 12/16 09:30:21 Image size of job updated: 42712
	42  -  MemoryUsage of job (MB)
	42620  -  ResidentSetSize of job (KB)
...
006 (10610888.442.000) 12/16 10:57:55 Image size of job updated: 123300
	42  -  MemoryUsage of job (MB)
	42620  -  ResidentSetSize of job (KB)
...
040 (10610888.442.000) 12/16 10:57:55 Started transferring output files
...
040 (10610888.442.000) 12/16 10:57:56 Finished transferring output files
...
005 (10610888.442.000) 12/16 10:57:56 Job terminated.
	(1) Normal termination (return value 0)
		Usr 0 01:31:14, Sys 0 00:00:13  -  Run Remote Usage
		Usr 0 00:00:00, Sys 0 00:00:00  -  Run Local Usage
		Usr 0 01:31:14, Sys 0 00:00:13  -  Total Remote Usage
		Usr 0 00:00:00, Sys 0 00:00:00  -  Total Local Usage
	0  -  Run Bytes Sent By Job
	7584148  -  Run Bytes Received By Job
	0  -  Total Bytes Sent By Job
	7584148  -  Total Bytes Received By Job
	Partitionable Resources :    Usage  Request Allocated 
	   Cpus                 :     0.99        4         4 
	   Disk (KB)            : 33822        7500     11201 
	   GPUs                 :                           0 
	   Memory (MB)          :    42       12000     12000 
	   TimeExecute (s)      :  5569                       
	   TimeSlotBusy (s)     :  5570                       

	Job terminated of its own accord at 2025-12-16T09:57:55Z with exit-code 0.
...
