000 (10613550.148.000) 12/16 14:40:59 Job submitted from host: <188.185.71.83:9618?addrs=188.185.71.83-9618+[2001-1458-d00-7--100-34d]-9618&alias=bigbird18.cern.ch&noUDP&sock=schedd_5052_d48c>
...
040 (10613550.148.000) 12/16 15:41:04 Started transferring input files
	Transferring to host: <188.185.213.142:9618?addrs=188.185.213.142-9618+[2001-1458-303-1b--100-a]-9618&alias=b9p28p1864.cern.ch&noUDP&sock=slot1_7_4663_4157_112522>
...
040 (10613550.148.000) 12/16 15:41:04 Finished transferring input files
...
001 (10613550.148.000) 12/16 15:41:04 Job executing on host: <188.185.213.142:9618?addrs=188.185.213.142-9618+[2001-1458-303-1b--100-a]-9618&alias=b9p28p1864.cern.ch&noUDP&sock=startd_3914_41c5>
	SlotName: slot1_7@b9p28p1864.cern.ch
	CondorScratchDir = "/pool/condor/dir_928555"
	Cpus = 4
	Disk = 11090
	GPUs = 0
	Memory = 12000
...
006 (10613550.148.000) 12/16 15:41:18 Image size of job updated: 40040
	40  -  MemoryUsage of job (MB)
	40040  -  ResidentSetSize of job (KB)
...
006 (10613550.148.000) 12/16 15:46:19 Image size of job updated: 40460
	40  -  MemoryUsage of job (MB)
	40040  -  ResidentSetSize of job (KB)
...
006 (10613550.148.000) 12/16 16:31:22 Image size of job updated: 45748
	45  -  MemoryUsage of job (MB)
	45748  -  ResidentSetSize of job (KB)
...
006 (10613550.148.000) 12/16 16:54:54 Image size of job updated: 127528
	45  -  MemoryUsage of job (MB)
	45748  -  ResidentSetSize of job (KB)
...
040 (10613550.148.000) 12/16 16:54:55 Started transferring output files
...
040 (10613550.148.000) 12/16 16:54:55 Finished transferring output files
...
005 (10613550.148.000) 12/16 16:54:55 Job terminated.
	(1) Normal termination (return value 0)
		Usr 0 01:13:16, Sys 0 00:00:03  -  Run Remote Usage
		Usr 0 00:00:00, Sys 0 00:00:00  -  Run Local Usage
		Usr 0 01:13:16, Sys 0 00:00:03  -  Total Remote Usage
		Usr 0 00:00:00, Sys 0 00:00:00  -  Total Local Usage
	0  -  Run Bytes Sent By Job
	7584148  -  Run Bytes Received By Job
	0  -  Total Bytes Sent By Job
	7584148  -  Total Bytes Received By Job
	Partitionable Resources :    Usage  Request Allocated 
	   Cpus                 :     1.00        4         4 
	   Disk (KB)            : 32722        7500     11090 
	   GPUs                 :                           0 
	   Memory (MB)          :    45       12000     12000 
	   TimeExecute (s)      :  4430                       
	   TimeSlotBusy (s)     :  4431                       

	Job terminated of its own accord at 2025-12-16T15:54:54Z with exit-code 0.
...
