000 (10613550.835.000) 12/16 14:41:00 Job submitted from host: <188.185.71.83:9618?addrs=188.185.71.83-9618+[2001-1458-d00-7--100-34d]-9618&alias=bigbird18.cern.ch&noUDP&sock=schedd_5052_d48c>
...
040 (10613550.835.000) 12/16 16:51:23 Started transferring input files
	Transferring to host: <128.142.33.214:9618?addrs=128.142.33.214-9618+[2001-1458-301-39--100-13]-9618&alias=b9g24p7240.cern.ch&noUDP&sock=slot1_23_5674_98a0_95919>
...
040 (10613550.835.000) 12/16 16:51:23 Finished transferring input files
...
001 (10613550.835.000) 12/16 16:51:23 Job executing on host: <128.142.33.214:9618?addrs=128.142.33.214-9618+[2001-1458-301-39--100-13]-9618&alias=b9g24p7240.cern.ch&noUDP&sock=startd_4808_7770>
	SlotName: slot1_23@b9g24p7240.cern.ch
	CondorScratchDir = "/pool/condor/dir_613456"
	Cpus = 4
	Disk = 10930
	GPUs = 0
	Memory = 12000
...
006 (10613550.835.000) 12/16 16:51:37 Image size of job updated: 37492
	37  -  MemoryUsage of job (MB)
	37492  -  ResidentSetSize of job (KB)
...
006 (10613550.835.000) 12/16 16:56:38 Image size of job updated: 37912
	37  -  MemoryUsage of job (MB)
	37492  -  ResidentSetSize of job (KB)
...
006 (10613550.835.000) 12/16 18:15:24 Image size of job updated: 118436
	37  -  MemoryUsage of job (MB)
	37492  -  ResidentSetSize of job (KB)
...
040 (10613550.835.000) 12/16 18:15:25 Started transferring output files
...
040 (10613550.835.000) 12/16 18:15:25 Finished transferring output files
...
005 (10613550.835.000) 12/16 18:15:25 Job terminated.
	(1) Normal termination (return value 0)
		Usr 0 01:22:54, Sys 0 00:00:12  -  Run Remote Usage
		Usr 0 00:00:00, Sys 0 00:00:00  -  Run Local Usage
		Usr 0 01:22:54, Sys 0 00:00:12  -  Total Remote Usage
		Usr 0 00:00:00, Sys 0 00:00:00  -  Total Local Usage
	0  -  Run Bytes Sent By Job
	7584148  -  Run Bytes Received By Job
	0  -  Total Bytes Sent By Job
	7584148  -  Total Bytes Received By Job
	Partitionable Resources :    Usage  Request Allocated 
	   Cpus                 :     0.99        4         4 
	   Disk (KB)            : 32551        7500     10930 
	   GPUs                 :                           0 
	   Memory (MB)          :    37       12000     12000 
	   TimeExecute (s)      :  5041                       
	   TimeSlotBusy (s)     :  5042                       

	Job terminated of its own accord at 2025-12-16T17:15:24Z with exit-code 0.
...
