000 (10610888.793.000) 12/16 07:14:44 Job submitted from host: <188.185.71.83:9618?addrs=188.185.71.83-9618+[2001-1458-d00-7--100-34d]-9618&alias=bigbird18.cern.ch&noUDP&sock=schedd_5052_d48c>
...
040 (10610888.793.000) 12/16 09:42:34 Started transferring input files
	Transferring to host: <188.185.205.196:9618?addrs=188.185.205.196-9618+[2001-1458-303-a--100-41]-9618&alias=b9p04p5826.cern.ch&noUDP&sock=slot1_29_4041_fffd_84239>
...
040 (10610888.793.000) 12/16 09:42:34 Finished transferring input files
...
001 (10610888.793.000) 12/16 09:42:34 Job executing on host: <188.185.205.196:9618?addrs=188.185.205.196-9618+[2001-1458-303-a--100-41]-9618&alias=b9p04p5826.cern.ch&noUDP&sock=startd_3582_8854>
	SlotName: slot1_29@b9p04p5826.cern.ch
	CondorScratchDir = "/pool/condor/dir_1700041"
	Cpus = 4
	Disk = 10745
	GPUs = 0
	Memory = 12000
...
006 (10610888.793.000) 12/16 09:42:48 Image size of job updated: 39660
	39  -  MemoryUsage of job (MB)
	39660  -  ResidentSetSize of job (KB)
...
006 (10610888.793.000) 12/16 09:47:48 Image size of job updated: 40040
	39  -  MemoryUsage of job (MB)
	39660  -  ResidentSetSize of job (KB)
...
006 (10610888.793.000) 12/16 11:19:12 Image size of job updated: 120692
	39  -  MemoryUsage of job (MB)
	39660  -  ResidentSetSize of job (KB)
...
040 (10610888.793.000) 12/16 11:19:13 Started transferring output files
...
040 (10610888.793.000) 12/16 11:19:13 Finished transferring output files
...
005 (10610888.793.000) 12/16 11:19:13 Job terminated.
	(1) Normal termination (return value 0)
		Usr 0 01:34:51, Sys 0 00:00:11  -  Run Remote Usage
		Usr 0 00:00:00, Sys 0 00:00:00  -  Run Local Usage
		Usr 0 01:34:51, Sys 0 00:00:11  -  Total Remote Usage
		Usr 0 00:00:00, Sys 0 00:00:00  -  Total Local Usage
	0  -  Run Bytes Sent By Job
	7584148  -  Run Bytes Received By Job
	0  -  Total Bytes Sent By Job
	7584148  -  Total Bytes Received By Job
	Partitionable Resources :    Usage  Request Allocated 
	   Cpus                 :     0.97        4         4 
	   Disk (KB)            : 33681        7500     10745 
	   GPUs                 :                           0 
	   Memory (MB)          :    39       12000     12000 
	   TimeExecute (s)      :  5798                       
	   TimeSlotBusy (s)     :  5799                       

	Job terminated of its own accord at 2025-12-16T10:19:12Z with exit-code 0.
...
