000 (10610887.455.000) 12/16 07:14:31 Job submitted from host: <188.185.71.83:9618?addrs=188.185.71.83-9618+[2001-1458-d00-7--100-34d]-9618&alias=bigbird18.cern.ch&noUDP&sock=schedd_5052_d48c>
...
040 (10610887.455.000) 12/16 07:50:14 Started transferring input files
	Transferring to host: <188.185.211.12:9618?addrs=188.185.211.12-9618+[2001-1458-303-16--100-8]-9618&alias=b9p23p7800.cern.ch&noUDP&sock=slot1_14_3784659_6447_13093>
...
040 (10610887.455.000) 12/16 07:50:14 Finished transferring input files
...
001 (10610887.455.000) 12/16 07:50:14 Job executing on host: <188.185.211.12:9618?addrs=188.185.211.12-9618+[2001-1458-303-16--100-8]-9618&alias=b9p23p7800.cern.ch&noUDP&sock=startd_3784621_cb0f>
	SlotName: slot1_14@b9p23p7800.cern.ch
	CondorScratchDir = "/pool/condor/dir_655280"
	Cpus = 4
	Disk = 10895
	GPUs = 0
	Memory = 12000
...
006 (10610887.455.000) 12/16 07:50:28 Image size of job updated: 40036
	40  -  MemoryUsage of job (MB)
	40036  -  ResidentSetSize of job (KB)
...
006 (10610887.455.000) 12/16 07:55:29 Image size of job updated: 40456
	40  -  MemoryUsage of job (MB)
	40036  -  ResidentSetSize of job (KB)
...
006 (10610887.455.000) 12/16 09:40:59 Image size of job updated: 120988
	40  -  MemoryUsage of job (MB)
	40036  -  ResidentSetSize of job (KB)
...
040 (10610887.455.000) 12/16 09:41:00 Started transferring output files
...
040 (10610887.455.000) 12/16 09:41:00 Finished transferring output files
...
005 (10610887.455.000) 12/16 09:41:00 Job terminated.
	(1) Normal termination (return value 0)
		Usr 0 01:47:15, Sys 0 00:00:11  -  Run Remote Usage
		Usr 0 00:00:00, Sys 0 00:00:00  -  Run Local Usage
		Usr 0 01:47:15, Sys 0 00:00:11  -  Total Remote Usage
		Usr 0 00:00:00, Sys 0 00:00:00  -  Total Local Usage
	0  -  Run Bytes Sent By Job
	7584148  -  Run Bytes Received By Job
	0  -  Total Bytes Sent By Job
	7584148  -  Total Bytes Received By Job
	Partitionable Resources :    Usage  Request Allocated 
	   Cpus                 :     0.97        4         4 
	   Disk (KB)            : 32274        7500     10895 
	   GPUs                 :                           0 
	   Memory (MB)          :    40       12000     12000 
	   TimeExecute (s)      :  6645                       
	   TimeSlotBusy (s)     :  6647                       

	Job terminated of its own accord at 2025-12-16T08:40:59Z with exit-code 0.
...
