000 (10610889.000.000) 12/16 07:15:00 Job submitted from host: <188.185.71.83:9618?addrs=188.185.71.83-9618+[2001-1458-d00-7--100-34d]-9618&alias=bigbird18.cern.ch&noUDP&sock=schedd_5052_d48c>
...
040 (10610889.000.000) 12/16 10:16:58 Started transferring input files
	Transferring to host: <188.185.195.62:9618?addrs=188.185.195.62-9618+[2001-1458-303-22--100-3a]-9618&alias=b9p17p5734.cern.ch&noUDP&sock=slot1_2_5023_e865_82512>
...
040 (10610889.000.000) 12/16 10:16:58 Finished transferring input files
...
001 (10610889.000.000) 12/16 10:16:58 Job executing on host: <188.185.195.62:9618?addrs=188.185.195.62-9618+[2001-1458-303-22--100-3a]-9618&alias=b9p17p5734.cern.ch&noUDP&sock=startd_4012_7a0d>
	SlotName: slot1_2@b9p17p5734.cern.ch
	CondorScratchDir = "/pool/condor/dir_4178592"
	Cpus = 4
	Disk = 11051
	GPUs = 0
	Memory = 12000
...
006 (10610889.000.000) 12/16 10:17:12 Image size of job updated: 40096
	40  -  MemoryUsage of job (MB)
	40096  -  ResidentSetSize of job (KB)
...
006 (10610889.000.000) 12/16 10:22:12 Image size of job updated: 40188
	40  -  MemoryUsage of job (MB)
	40096  -  ResidentSetSize of job (KB)
...
006 (10610889.000.000) 12/16 12:10:03 Image size of job updated: 120804
	40  -  MemoryUsage of job (MB)
	40096  -  ResidentSetSize of job (KB)
...
040 (10610889.000.000) 12/16 12:10:04 Started transferring output files
...
040 (10610889.000.000) 12/16 12:10:05 Finished transferring output files
...
005 (10610889.000.000) 12/16 12:10:05 Job terminated.
	(1) Normal termination (return value 0)
		Usr 0 01:51:25, Sys 0 00:00:06  -  Run Remote Usage
		Usr 0 00:00:00, Sys 0 00:00:00  -  Run Local Usage
		Usr 0 01:51:25, Sys 0 00:00:06  -  Total Remote Usage
		Usr 0 00:00:00, Sys 0 00:00:00  -  Total Local Usage
	0  -  Run Bytes Sent By Job
	7584148  -  Run Bytes Received By Job
	0  -  Total Bytes Sent By Job
	7584148  -  Total Bytes Received By Job
	Partitionable Resources :    Usage  Request Allocated 
	   Cpus                 :     0.99        4         4 
	   Disk (KB)            : 32833        7500     11051 
	   GPUs                 :                           0 
	   Memory (MB)          :    40       12000     12000 
	   TimeExecute (s)      :  6785                       
	   TimeSlotBusy (s)     :  6787                       

	Job terminated of its own accord at 2025-12-16T11:10:03Z with exit-code 0.
...
