000 (10610889.428.000) 12/16 07:15:00 Job submitted from host: <188.185.71.83:9618?addrs=188.185.71.83-9618+[2001-1458-d00-7--100-34d]-9618&alias=bigbird18.cern.ch&noUDP&sock=schedd_5052_d48c>
...
040 (10610889.428.000) 12/16 14:09:04 Started transferring input files
	Transferring to host: <188.185.193.24:9618?addrs=188.185.193.24-9618+[2001-1458-303-20--100-14]-9618&alias=b9p19p2774.cern.ch&noUDP&sock=slot1_10_7196_fb9e_83535>
...
040 (10610889.428.000) 12/16 14:09:04 Finished transferring input files
...
001 (10610889.428.000) 12/16 14:09:04 Job executing on host: <188.185.193.24:9618?addrs=188.185.193.24-9618+[2001-1458-303-20--100-14]-9618&alias=b9p19p2774.cern.ch&noUDP&sock=startd_6054_1e71>
	SlotName: slot1_10@b9p19p2774.cern.ch
	CondorScratchDir = "/pool/condor/dir_891406"
	Cpus = 4
	Disk = 10992
	GPUs = 0
	Memory = 12000
...
006 (10610889.428.000) 12/16 14:09:19 Image size of job updated: 25192
	25  -  MemoryUsage of job (MB)
	25152  -  ResidentSetSize of job (KB)
...
006 (10610889.428.000) 12/16 14:14:20 Image size of job updated: 37828
	36  -  MemoryUsage of job (MB)
	36384  -  ResidentSetSize of job (KB)
...
006 (10610889.428.000) 12/16 14:19:20 Image size of job updated: 37828
	36  -  MemoryUsage of job (MB)
	36548  -  ResidentSetSize of job (KB)
...
006 (10610889.428.000) 12/16 15:34:27 Image size of job updated: 37828
	36  -  MemoryUsage of job (MB)
	36656  -  ResidentSetSize of job (KB)
...
006 (10610889.428.000) 12/16 16:37:45 Image size of job updated: 118440
	36  -  MemoryUsage of job (MB)
	36656  -  ResidentSetSize of job (KB)
...
040 (10610889.428.000) 12/16 16:37:46 Started transferring output files
...
040 (10610889.428.000) 12/16 16:37:46 Finished transferring output files
...
005 (10610889.428.000) 12/16 16:37:47 Job terminated.
	(1) Normal termination (return value 0)
		Usr 0 02:25:40, Sys 0 00:00:17  -  Run Remote Usage
		Usr 0 00:00:00, Sys 0 00:00:00  -  Run Local Usage
		Usr 0 02:25:40, Sys 0 00:00:17  -  Total Remote Usage
		Usr 0 00:00:00, Sys 0 00:00:00  -  Total Local Usage
	0  -  Run Bytes Sent By Job
	7584148  -  Run Bytes Received By Job
	0  -  Total Bytes Sent By Job
	7584148  -  Total Bytes Received By Job
	Partitionable Resources :    Usage  Request Allocated 
	   Cpus                 :     0.99        4         4 
	   Disk (KB)            : 32733        7500     10992 
	   GPUs                 :                           0 
	   Memory (MB)          :    36       12000     12000 
	   TimeExecute (s)      :  8921                       
	   TimeSlotBusy (s)     :  8922                       

	Job terminated of its own accord at 2025-12-16T15:37:45Z with exit-code 0.
...
