000 (10610888.786.000) 12/16 07:14:44 Job submitted from host: <188.185.71.83:9618?addrs=188.185.71.83-9618+[2001-1458-d00-7--100-34d]-9618&alias=bigbird18.cern.ch&noUDP&sock=schedd_5052_d48c>
...
040 (10610888.786.000) 12/16 09:42:12 Started transferring input files
	Transferring to host: <188.185.212.207:9618?addrs=188.185.212.207-9618+[2001-1458-303-19--100-4b]-9618&alias=b9p26p3027.cern.ch&noUDP&sock=slot1_5_3099_4697_92492>
...
001 (10610888.786.000) 12/16 09:42:12 Job executing on host: <188.185.212.207:9618?addrs=188.185.212.207-9618+[2001-1458-303-19--100-4b]-9618&alias=b9p26p3027.cern.ch&noUDP&sock=startd_2654_0071>
	SlotName: slot1_5@b9p26p3027.cern.ch
	CondorScratchDir = "/pool/condor/dir_3726818"
	Cpus = 4
	Disk = 11116
	GPUs = 0
	Memory = 12000
...
040 (10610888.786.000) 12/16 09:42:12 Finished transferring input files
...
006 (10610888.786.000) 12/16 09:42:26 Image size of job updated: 40080
	40  -  MemoryUsage of job (MB)
	40080  -  ResidentSetSize of job (KB)
...
006 (10610888.786.000) 12/16 09:47:27 Image size of job updated: 40504
	40  -  MemoryUsage of job (MB)
	40080  -  ResidentSetSize of job (KB)
...
006 (10610888.786.000) 12/16 11:21:04 Image size of job updated: 121040
	40  -  MemoryUsage of job (MB)
	40080  -  ResidentSetSize of job (KB)
...
040 (10610888.786.000) 12/16 11:21:05 Started transferring output files
...
040 (10610888.786.000) 12/16 11:21:05 Finished transferring output files
...
005 (10610888.786.000) 12/16 11:21:05 Job terminated.
	(1) Normal termination (return value 0)
		Usr 0 01:37:26, Sys 0 00:00:11  -  Run Remote Usage
		Usr 0 00:00:00, Sys 0 00:00:00  -  Run Local Usage
		Usr 0 01:37:26, Sys 0 00:00:11  -  Total Remote Usage
		Usr 0 00:00:00, Sys 0 00:00:00  -  Total Local Usage
	0  -  Run Bytes Sent By Job
	7584148  -  Run Bytes Received By Job
	0  -  Total Bytes Sent By Job
	7584148  -  Total Bytes Received By Job
	Partitionable Resources :    Usage  Request Allocated 
	   Cpus                 :     0.99        4         4 
	   Disk (KB)            : 32942        7500     11116 
	   GPUs                 :                           0 
	   Memory (MB)          :    40       12000     12000 
	   TimeExecute (s)      :  5932                       
	   TimeSlotBusy (s)     :  5933                       

	Job terminated of its own accord at 2025-12-16T10:21:04Z with exit-code 0.
...
