000 (10610888.183.000) 12/16 07:14:44 Job submitted from host: <188.185.71.83:9618?addrs=188.185.71.83-9618+[2001-1458-d00-7--100-34d]-9618&alias=bigbird18.cern.ch&noUDP&sock=schedd_5052_d48c>
...
040 (10610888.183.000) 12/16 09:03:06 Started transferring input files
	Transferring to host: <188.185.214.199:9618?addrs=188.185.214.199-9618+[2001-1458-303-1d--100-43]-9618&alias=b9p30p9131.cern.ch&noUDP&sock=slot1_7_878281_2adc_13033>
...
040 (10610888.183.000) 12/16 09:03:06 Finished transferring input files
...
001 (10610888.183.000) 12/16 09:03:06 Job executing on host: <188.185.214.199:9618?addrs=188.185.214.199-9618+[2001-1458-303-1d--100-43]-9618&alias=b9p30p9131.cern.ch&noUDP&sock=startd_5746_db46>
	SlotName: slot1_7@b9p30p9131.cern.ch
	CondorScratchDir = "/pool/condor/dir_2514659"
	Cpus = 4
	Disk = 11080
	GPUs = 0
	Memory = 12000
...
006 (10610888.183.000) 12/16 09:03:21 Image size of job updated: 37904
	38  -  MemoryUsage of job (MB)
	37904  -  ResidentSetSize of job (KB)
...
006 (10610888.183.000) 12/16 09:08:22 Image size of job updated: 38352
	38  -  MemoryUsage of job (MB)
	37904  -  ResidentSetSize of job (KB)
...
006 (10610888.183.000) 12/16 10:30:21 Image size of job updated: 118948
	38  -  MemoryUsage of job (MB)
	37904  -  ResidentSetSize of job (KB)
...
040 (10610888.183.000) 12/16 10:30:22 Started transferring output files
...
040 (10610888.183.000) 12/16 10:30:22 Finished transferring output files
...
005 (10610888.183.000) 12/16 10:30:23 Job terminated.
	(1) Normal termination (return value 0)
		Usr 0 01:25:30, Sys 0 00:00:15  -  Run Remote Usage
		Usr 0 00:00:00, Sys 0 00:00:00  -  Run Local Usage
		Usr 0 01:25:30, Sys 0 00:00:15  -  Total Remote Usage
		Usr 0 00:00:00, Sys 0 00:00:00  -  Total Local Usage
	0  -  Run Bytes Sent By Job
	7584148  -  Run Bytes Received By Job
	0  -  Total Bytes Sent By Job
	7584148  -  Total Bytes Received By Job
	Partitionable Resources :    Usage  Request Allocated 
	   Cpus                 :     0.99        4         4 
	   Disk (KB)            : 33004        7500     11080 
	   GPUs                 :                           0 
	   Memory (MB)          :    38       12000     12000 
	   TimeExecute (s)      :  5235                       
	   TimeSlotBusy (s)     :  5236                       

	Job terminated of its own accord at 2025-12-16T09:30:21Z with exit-code 0.
...
