000 (10613549.509.000) 12/16 14:40:45 Job submitted from host: <188.185.71.83:9618?addrs=188.185.71.83-9618+[2001-1458-d00-7--100-34d]-9618&alias=bigbird18.cern.ch&noUDP&sock=schedd_5052_d48c>
...
040 (10613549.509.000) 12/16 15:30:24 Started transferring input files
	Transferring to host: <188.185.213.16:9618?addrs=188.185.213.16-9618+[2001-1458-303-1a--100-c]-9618&alias=b9p27p4428.cern.ch&noUDP&sock=slot1_7_4303_9a48_94797>
...
040 (10613549.509.000) 12/16 15:30:24 Finished transferring input files
...
001 (10613549.509.000) 12/16 15:30:24 Job executing on host: <188.185.213.16:9618?addrs=188.185.213.16-9618+[2001-1458-303-1a--100-c]-9618&alias=b9p27p4428.cern.ch&noUDP&sock=startd_3535_4b60>
	SlotName: slot1_7@b9p27p4428.cern.ch
	CondorScratchDir = "/pool/condor/dir_1318272"
	Cpus = 4
	Disk = 10996
	GPUs = 0
	Memory = 12000
...
006 (10613549.509.000) 12/16 15:30:37 Image size of job updated: 39544
	39  -  MemoryUsage of job (MB)
	39544  -  ResidentSetSize of job (KB)
...
006 (10613549.509.000) 12/16 15:35:37 Image size of job updated: 39964
	39  -  MemoryUsage of job (MB)
	39544  -  ResidentSetSize of job (KB)
...
040 (10613549.509.000) 12/16 16:51:43 Started transferring output files
...
040 (10613549.509.000) 12/16 16:51:43 Finished transferring output files
...
005 (10613549.509.000) 12/16 16:51:43 Job terminated.
	(1) Normal termination (return value 0)
		Usr 0 01:20:10, Sys 0 00:00:11  -  Run Remote Usage
		Usr 0 00:00:00, Sys 0 00:00:00  -  Run Local Usage
		Usr 0 01:20:10, Sys 0 00:00:11  -  Total Remote Usage
		Usr 0 00:00:00, Sys 0 00:00:00  -  Total Local Usage
	0  -  Run Bytes Sent By Job
	7584148  -  Run Bytes Received By Job
	0  -  Total Bytes Sent By Job
	7584148  -  Total Bytes Received By Job
	Partitionable Resources :    Usage  Request Allocated 
	   Cpus                 :     0.99        4         4 
	   Disk (KB)            : 32240        7500     10996 
	   GPUs                 :                           0 
	   Memory (MB)          :    39       12000     12000 
	   TimeExecute (s)      :  4879                       
	   TimeSlotBusy (s)     :  4879                       

	Job terminated of its own accord at 2025-12-16T15:51:43Z with exit-code 0.
...
