000 (10613549.841.000) 12/16 14:40:45 Job submitted from host: <188.185.71.83:9618?addrs=188.185.71.83-9618+[2001-1458-d00-7--100-34d]-9618&alias=bigbird18.cern.ch&noUDP&sock=schedd_5052_d48c>
...
040 (10613549.841.000) 12/16 15:34:24 Started transferring input files
	Transferring to host: <188.185.206.151:9618?addrs=188.185.206.151-9618+[2001-1458-303-c--100-14]-9618&alias=b9p06p7463.cern.ch&noUDP&sock=slot1_1_6056_bfef_81440>
...
040 (10613549.841.000) 12/16 15:34:24 Finished transferring input files
...
001 (10613549.841.000) 12/16 15:34:24 Job executing on host: <188.185.206.151:9618?addrs=188.185.206.151-9618+[2001-1458-303-c--100-14]-9618&alias=b9p06p7463.cern.ch&noUDP&sock=startd_4960_b9d5>
	SlotName: slot1_1@b9p06p7463.cern.ch
	CondorScratchDir = "/pool/condor/dir_4124083"
	Cpus = 4
	Disk = 10734
	GPUs = 0
	Memory = 12000
...
006 (10613549.841.000) 12/16 15:34:38 Image size of job updated: 34280
	34  -  MemoryUsage of job (MB)
	34280  -  ResidentSetSize of job (KB)
...
006 (10613549.841.000) 12/16 15:39:39 Image size of job updated: 34660
	34  -  MemoryUsage of job (MB)
	34280  -  ResidentSetSize of job (KB)
...
006 (10613549.841.000) 12/16 17:10:02 Image size of job updated: 121188
	34  -  MemoryUsage of job (MB)
	34280  -  ResidentSetSize of job (KB)
...
040 (10613549.841.000) 12/16 17:10:03 Started transferring output files
...
040 (10613549.841.000) 12/16 17:10:03 Finished transferring output files
...
005 (10613549.841.000) 12/16 17:10:03 Job terminated.
	(1) Normal termination (return value 0)
		Usr 0 01:32:41, Sys 0 00:00:14  -  Run Remote Usage
		Usr 0 00:00:00, Sys 0 00:00:00  -  Run Local Usage
		Usr 0 01:32:41, Sys 0 00:00:14  -  Total Remote Usage
		Usr 0 00:00:00, Sys 0 00:00:00  -  Total Local Usage
	0  -  Run Bytes Sent By Job
	7584148  -  Run Bytes Received By Job
	0  -  Total Bytes Sent By Job
	7584148  -  Total Bytes Received By Job
	Partitionable Resources :    Usage  Request Allocated 
	   Cpus                 :     0.99        4         4 
	   Disk (KB)            : 33284        7500     10734 
	   GPUs                 :                           0 
	   Memory (MB)          :    34       12000     12000 
	   TimeExecute (s)      :  5738                       
	   TimeSlotBusy (s)     :  5740                       

	Job terminated of its own accord at 2025-12-16T16:10:02Z with exit-code 0.
...
