000 (10610889.424.000) 12/16 07:15:00 Job submitted from host: <188.185.71.83:9618?addrs=188.185.71.83-9618+[2001-1458-d00-7--100-34d]-9618&alias=bigbird18.cern.ch&noUDP&sock=schedd_5052_d48c>
...
040 (10610889.424.000) 12/16 14:09:04 Started transferring input files
	Transferring to host: <188.185.211.139:9618?addrs=188.185.211.139-9618+[2001-1458-303-17--100-7]-9618&alias=b9p24p1745.cern.ch&noUDP&sock=slot1_34_4769_f11b_93735>
...
040 (10610889.424.000) 12/16 14:09:04 Finished transferring input files
...
001 (10610889.424.000) 12/16 14:09:04 Job executing on host: <188.185.211.139:9618?addrs=188.185.211.139-9618+[2001-1458-303-17--100-7]-9618&alias=b9p24p1745.cern.ch&noUDP&sock=startd_3952_525f>
	SlotName: slot1_34@b9p24p1745.cern.ch
	CondorScratchDir = "/pool/condor/dir_233742"
	Cpus = 4
	Disk = 11003
	GPUs = 0
	Memory = 12000
...
006 (10610889.424.000) 12/16 14:09:18 Image size of job updated: 29868
	30  -  MemoryUsage of job (MB)
	29868  -  ResidentSetSize of job (KB)
...
006 (10610889.424.000) 12/16 14:14:19 Image size of job updated: 30288
	30  -  MemoryUsage of job (MB)
	29868  -  ResidentSetSize of job (KB)
...
006 (10610889.424.000) 12/16 15:30:51 Image size of job updated: 30528
	30  -  MemoryUsage of job (MB)
	29868  -  ResidentSetSize of job (KB)
...
040 (10610889.424.000) 12/16 15:30:52 Started transferring output files
...
040 (10610889.424.000) 12/16 15:30:52 Finished transferring output files
...
005 (10610889.424.000) 12/16 15:30:52 Job terminated.
	(1) Normal termination (return value 0)
		Usr 0 01:20:44, Sys 0 00:00:09  -  Run Remote Usage
		Usr 0 00:00:00, Sys 0 00:00:00  -  Run Local Usage
		Usr 0 01:20:44, Sys 0 00:00:09  -  Total Remote Usage
		Usr 0 00:00:00, Sys 0 00:00:00  -  Total Local Usage
	0  -  Run Bytes Sent By Job
	7584148  -  Run Bytes Received By Job
	0  -  Total Bytes Sent By Job
	7584148  -  Total Bytes Received By Job
	Partitionable Resources :    Usage  Request Allocated 
	   Cpus                 :     0.99        4         4 
	   Disk (KB)            : 32872        7500     11003 
	   GPUs                 :                           0 
	   Memory (MB)          :    30       12000     12000 
	   TimeExecute (s)      :  4907                       
	   TimeSlotBusy (s)     :  4909                       

	Job terminated of its own accord at 2025-12-16T14:30:51Z with exit-code 0.
...
