000 (10613549.631.000) 12/16 14:40:45 Job submitted from host: <188.185.71.83:9618?addrs=188.185.71.83-9618+[2001-1458-d00-7--100-34d]-9618&alias=bigbird18.cern.ch&noUDP&sock=schedd_5052_d48c>
...
040 (10613549.631.000) 12/16 15:31:05 Started transferring input files
	Transferring to host: <188.185.211.47:9618?addrs=188.185.211.47-9618+[2001-1458-303-16--100-2b]-9618&alias=b9p23p3488.cern.ch&noUDP&sock=slot1_4_1826295_cab3_11971>
...
040 (10613549.631.000) 12/16 15:31:05 Finished transferring input files
...
001 (10613549.631.000) 12/16 15:31:05 Job executing on host: <188.185.211.47:9618?addrs=188.185.211.47-9618+[2001-1458-303-16--100-2b]-9618&alias=b9p23p3488.cern.ch&noUDP&sock=startd_1826088_0f1a>
	SlotName: slot1_4@b9p23p3488.cern.ch
	CondorScratchDir = "/pool/condor/dir_172951"
	Cpus = 4
	Disk = 11036
	GPUs = 0
	Memory = 12000
...
006 (10613549.631.000) 12/16 15:31:19 Image size of job updated: 40064
	40  -  MemoryUsage of job (MB)
	40064  -  ResidentSetSize of job (KB)
...
006 (10613549.631.000) 12/16 15:36:20 Image size of job updated: 40156
	40  -  MemoryUsage of job (MB)
	40064  -  ResidentSetSize of job (KB)
...
040 (10613549.631.000) 12/16 16:46:51 Started transferring output files
...
040 (10613549.631.000) 12/16 16:46:51 Finished transferring output files
...
005 (10613549.631.000) 12/16 16:46:51 Job terminated.
	(1) Normal termination (return value 0)
		Usr 0 01:14:55, Sys 0 00:00:08  -  Run Remote Usage
		Usr 0 00:00:00, Sys 0 00:00:00  -  Run Local Usage
		Usr 0 01:14:55, Sys 0 00:00:08  -  Total Remote Usage
		Usr 0 00:00:00, Sys 0 00:00:00  -  Total Local Usage
	0  -  Run Bytes Sent By Job
	7584148  -  Run Bytes Received By Job
	0  -  Total Bytes Sent By Job
	7584148  -  Total Bytes Received By Job
	Partitionable Resources :    Usage  Request Allocated 
	   Cpus                 :     0.99        4         4 
	   Disk (KB)            : 32838        7500     11036 
	   GPUs                 :                           0 
	   Memory (MB)          :    40       12000     12000 
	   TimeExecute (s)      :  4545                       
	   TimeSlotBusy (s)     :  4546                       

	Job terminated of its own accord at 2025-12-16T15:46:50Z with exit-code 0.
...
