000 (10610888.802.000) 12/16 07:14:45 Job submitted from host: <188.185.71.83:9618?addrs=188.185.71.83-9618+[2001-1458-d00-7--100-34d]-9618&alias=bigbird18.cern.ch&noUDP&sock=schedd_5052_d48c>
...
040 (10610888.802.000) 12/16 09:43:06 Started transferring input files
	Transferring to host: <188.185.206.76:9618?addrs=188.185.206.76-9618+[2001-1458-303-b--100-49]-9618&alias=b9p05p9525.cern.ch&noUDP&sock=slot1_22_4854_d4fe_78921>
...
040 (10610888.802.000) 12/16 09:43:06 Finished transferring input files
...
001 (10610888.802.000) 12/16 09:43:06 Job executing on host: <188.185.206.76:9618?addrs=188.185.206.76-9618+[2001-1458-303-b--100-49]-9618&alias=b9p05p9525.cern.ch&noUDP&sock=startd_4091_aa09>
	SlotName: slot1_22@b9p05p9525.cern.ch
	CondorScratchDir = "/pool/condor/dir_1368540"
	Cpus = 4
	Disk = 11038
	GPUs = 0
	Memory = 12000
...
006 (10610888.802.000) 12/16 09:43:20 Image size of job updated: 39628
	39  -  MemoryUsage of job (MB)
	39628  -  ResidentSetSize of job (KB)
...
006 (10610888.802.000) 12/16 09:48:21 Image size of job updated: 40008
	39  -  MemoryUsage of job (MB)
	39628  -  ResidentSetSize of job (KB)
...
006 (10610888.802.000) 12/16 11:15:25 Image size of job updated: 120648
	39  -  MemoryUsage of job (MB)
	39628  -  ResidentSetSize of job (KB)
...
040 (10610888.802.000) 12/16 11:15:25 Started transferring output files
...
040 (10610888.802.000) 12/16 11:15:26 Finished transferring output files
...
005 (10610888.802.000) 12/16 11:15:26 Job terminated.
	(1) Normal termination (return value 0)
		Usr 0 01:30:35, Sys 0 00:00:09  -  Run Remote Usage
		Usr 0 00:00:00, Sys 0 00:00:00  -  Run Local Usage
		Usr 0 01:30:35, Sys 0 00:00:09  -  Total Remote Usage
		Usr 0 00:00:00, Sys 0 00:00:00  -  Total Local Usage
	0  -  Run Bytes Sent By Job
	7584148  -  Run Bytes Received By Job
	0  -  Total Bytes Sent By Job
	7584148  -  Total Bytes Received By Job
	Partitionable Resources :    Usage  Request Allocated 
	   Cpus                 :     0.98        4         4 
	   Disk (KB)            : 33218        7500     11038 
	   GPUs                 :                           0 
	   Memory (MB)          :    39       12000     12000 
	   TimeExecute (s)      :  5539                       
	   TimeSlotBusy (s)     :  5540                       

	Job terminated of its own accord at 2025-12-16T10:15:25Z with exit-code 0.
...
