000 (10610889.195.000) 12/16 07:15:00 Job submitted from host: <188.185.71.83:9618?addrs=188.185.71.83-9618+[2001-1458-d00-7--100-34d]-9618&alias=bigbird18.cern.ch&noUDP&sock=schedd_5052_d48c>
...
040 (10610889.195.000) 12/16 13:32:07 Started transferring input files
	Transferring to host: <188.185.210.183:9618?addrs=188.185.210.183-9618+[2001-1458-303-15--100-33]-9618&alias=b9p22p3291.cern.ch&noUDP&sock=slot1_3_4207_f644_93319>
...
040 (10610889.195.000) 12/16 13:32:07 Finished transferring input files
...
001 (10610889.195.000) 12/16 13:32:07 Job executing on host: <188.185.210.183:9618?addrs=188.185.210.183-9618+[2001-1458-303-15--100-33]-9618&alias=b9p22p3291.cern.ch&noUDP&sock=startd_3597_d240>
	SlotName: slot1_3@b9p22p3291.cern.ch
	CondorScratchDir = "/pool/condor/dir_4048296"
	Cpus = 4
	Disk = 11027
	GPUs = 0
	Memory = 12000
...
006 (10610889.195.000) 12/16 13:32:21 Image size of job updated: 37464
	37  -  MemoryUsage of job (MB)
	37464  -  ResidentSetSize of job (KB)
...
006 (10610889.195.000) 12/16 13:37:22 Image size of job updated: 37884
	37  -  MemoryUsage of job (MB)
	37464  -  ResidentSetSize of job (KB)
...
006 (10610889.195.000) 12/16 14:55:30 Image size of job updated: 118416
	37  -  MemoryUsage of job (MB)
	37464  -  ResidentSetSize of job (KB)
...
040 (10610889.195.000) 12/16 14:55:30 Started transferring output files
...
040 (10610889.195.000) 12/16 14:55:31 Finished transferring output files
...
005 (10610889.195.000) 12/16 14:55:31 Job terminated.
	(1) Normal termination (return value 0)
		Usr 0 01:22:27, Sys 0 00:00:06  -  Run Remote Usage
		Usr 0 00:00:00, Sys 0 00:00:00  -  Run Local Usage
		Usr 0 01:22:27, Sys 0 00:00:06  -  Total Remote Usage
		Usr 0 00:00:00, Sys 0 00:00:00  -  Total Local Usage
	0  -  Run Bytes Sent By Job
	7584148  -  Run Bytes Received By Job
	0  -  Total Bytes Sent By Job
	7584148  -  Total Bytes Received By Job
	Partitionable Resources :    Usage  Request Allocated 
	   Cpus                 :     0.99        4         4 
	   Disk (KB)            : 32775        7500     11027 
	   GPUs                 :                           0 
	   Memory (MB)          :    37       12000     12000 
	   TimeExecute (s)      :  5003                       
	   TimeSlotBusy (s)     :  5005                       

	Job terminated of its own accord at 2025-12-16T13:55:30Z with exit-code 0.
...
