000 (10610888.564.000) 12/16 07:14:44 Job submitted from host: <188.185.71.83:9618?addrs=188.185.71.83-9618+[2001-1458-d00-7--100-34d]-9618&alias=bigbird18.cern.ch&noUDP&sock=schedd_5052_d48c>
...
040 (10610888.564.000) 12/16 09:29:46 Started transferring input files
	Transferring to host: <188.185.206.204:9618?addrs=188.185.206.204-9618+[2001-1458-303-c--100-49]-9618&alias=b9p06p8227.cern.ch&noUDP&sock=slot1_13_1631355_ed3c_9086>
...
040 (10610888.564.000) 12/16 09:29:46 Finished transferring input files
...
001 (10610888.564.000) 12/16 09:29:46 Job executing on host: <188.185.206.204:9618?addrs=188.185.206.204-9618+[2001-1458-303-c--100-49]-9618&alias=b9p06p8227.cern.ch&noUDP&sock=startd_1631244_480b>
	SlotName: slot1_13@b9p06p8227.cern.ch
	CondorScratchDir = "/pool/condor/dir_3911529"
	Cpus = 4
	Disk = 11015
	GPUs = 0
	Memory = 12000
...
006 (10610888.564.000) 12/16 09:30:00 Image size of job updated: 39048
	39  -  MemoryUsage of job (MB)
	39048  -  ResidentSetSize of job (KB)
...
006 (10610888.564.000) 12/16 09:35:01 Image size of job updated: 39432
	39  -  MemoryUsage of job (MB)
	39048  -  ResidentSetSize of job (KB)
...
006 (10610888.564.000) 12/16 11:08:10 Image size of job updated: 120104
	39  -  MemoryUsage of job (MB)
	39048  -  ResidentSetSize of job (KB)
...
040 (10610888.564.000) 12/16 11:08:11 Started transferring output files
...
040 (10610888.564.000) 12/16 11:08:11 Finished transferring output files
...
005 (10610888.564.000) 12/16 11:08:11 Job terminated.
	(1) Normal termination (return value 0)
		Usr 0 01:36:54, Sys 0 00:00:13  -  Run Remote Usage
		Usr 0 00:00:00, Sys 0 00:00:00  -  Run Local Usage
		Usr 0 01:36:54, Sys 0 00:00:13  -  Total Remote Usage
		Usr 0 00:00:00, Sys 0 00:00:00  -  Total Local Usage
	0  -  Run Bytes Sent By Job
	7584148  -  Run Bytes Received By Job
	0  -  Total Bytes Sent By Job
	7584148  -  Total Bytes Received By Job
	Partitionable Resources :    Usage  Request Allocated 
	   Cpus                 :     0.99        4         4 
	   Disk (KB)            : 32720        7500     11015 
	   GPUs                 :                           0 
	   Memory (MB)          :    39       12000     12000 
	   TimeExecute (s)      :  5904                       
	   TimeSlotBusy (s)     :  5905                       

	Job terminated of its own accord at 2025-12-16T10:08:10Z with exit-code 0.
...
