000 (10613550.717.000) 12/16 14:41:00 Job submitted from host: <188.185.71.83:9618?addrs=188.185.71.83-9618+[2001-1458-d00-7--100-34d]-9618&alias=bigbird18.cern.ch&noUDP&sock=schedd_5052_d48c>
...
040 (10613550.717.000) 12/16 16:48:24 Started transferring input files
	Transferring to host: <188.185.213.226:9618?addrs=188.185.213.226-9618+[2001-1458-303-1b--100-5e]-9618&alias=b9p28p8143.cern.ch&noUDP&sock=slot1_8_5559_917b_111445>
...
040 (10613550.717.000) 12/16 16:48:24 Finished transferring input files
...
001 (10613550.717.000) 12/16 16:48:24 Job executing on host: <188.185.213.226:9618?addrs=188.185.213.226-9618+[2001-1458-303-1b--100-5e]-9618&alias=b9p28p8143.cern.ch&noUDP&sock=startd_4630_5f95>
	SlotName: slot1_8@b9p28p8143.cern.ch
	CondorScratchDir = "/pool/condor/dir_2090516"
	Cpus = 4
	Disk = 11044
	GPUs = 0
	Memory = 12000
...
006 (10613550.717.000) 12/16 16:48:38 Image size of job updated: 40060
	40  -  MemoryUsage of job (MB)
	40060  -  ResidentSetSize of job (KB)
...
006 (10613550.717.000) 12/16 16:53:39 Image size of job updated: 40480
	40  -  MemoryUsage of job (MB)
	40060  -  ResidentSetSize of job (KB)
...
006 (10613550.717.000) 12/16 18:03:48 Image size of job updated: 48784
	48  -  MemoryUsage of job (MB)
	48784  -  ResidentSetSize of job (KB)
...
006 (10613550.717.000) 12/16 18:05:39 Image size of job updated: 130564
	48  -  MemoryUsage of job (MB)
	48784  -  ResidentSetSize of job (KB)
...
040 (10613550.717.000) 12/16 18:05:40 Started transferring output files
...
040 (10613550.717.000) 12/16 18:05:40 Finished transferring output files
...
005 (10613550.717.000) 12/16 18:05:40 Job terminated.
	(1) Normal termination (return value 0)
		Usr 0 01:16:31, Sys 0 00:00:04  -  Run Remote Usage
		Usr 0 00:00:00, Sys 0 00:00:00  -  Run Local Usage
		Usr 0 01:16:31, Sys 0 00:00:04  -  Total Remote Usage
		Usr 0 00:00:00, Sys 0 00:00:00  -  Total Local Usage
	0  -  Run Bytes Sent By Job
	7584148  -  Run Bytes Received By Job
	0  -  Total Bytes Sent By Job
	7584148  -  Total Bytes Received By Job
	Partitionable Resources :    Usage  Request Allocated 
	   Cpus                 :     0.99        4         4 
	   Disk (KB)            : 33409        7500     11044 
	   GPUs                 :                           0 
	   Memory (MB)          :    48       12000     12000 
	   TimeExecute (s)      :  4635                       
	   TimeSlotBusy (s)     :  4636                       

	Job terminated of its own accord at 2025-12-16T17:05:39Z with exit-code 0.
...
