000 (10610889.037.000) 12/16 07:15:00 Job submitted from host: <188.185.71.83:9618?addrs=188.185.71.83-9618+[2001-1458-d00-7--100-34d]-9618&alias=bigbird18.cern.ch&noUDP&sock=schedd_5052_d48c>
...
040 (10610889.037.000) 12/16 10:27:40 Started transferring input files
	Transferring to host: <188.185.193.22:9618?addrs=188.185.193.22-9618+[2001-1458-303-20--100-12]-9618&alias=b9p19p9968.cern.ch&noUDP&sock=slot1_4_958447_5dd8_82731>
...
040 (10610889.037.000) 12/16 10:27:40 Finished transferring input files
...
001 (10610889.037.000) 12/16 10:27:40 Job executing on host: <188.185.193.22:9618?addrs=188.185.193.22-9618+[2001-1458-303-20--100-12]-9618&alias=b9p19p9968.cern.ch&noUDP&sock=startd_8639_36c3>
	SlotName: slot1_4@b9p19p9968.cern.ch
	CondorScratchDir = "/pool/condor/dir_580259"
	Cpus = 4
	Disk = 10979
	GPUs = 0
	Memory = 12000
...
006 (10610889.037.000) 12/16 10:27:54 Image size of job updated: 42636
	42  -  MemoryUsage of job (MB)
	42636  -  ResidentSetSize of job (KB)
...
006 (10610889.037.000) 12/16 10:32:55 Image size of job updated: 42724
	42  -  MemoryUsage of job (MB)
	42636  -  ResidentSetSize of job (KB)
...
006 (10610889.037.000) 12/16 12:53:18 Image size of job updated: 123344
	42  -  MemoryUsage of job (MB)
	42636  -  ResidentSetSize of job (KB)
...
040 (10610889.037.000) 12/16 12:53:19 Started transferring output files
...
040 (10610889.037.000) 12/16 12:53:19 Finished transferring output files
...
005 (10610889.037.000) 12/16 12:53:19 Job terminated.
	(1) Normal termination (return value 0)
		Usr 0 02:23:05, Sys 0 00:00:06  -  Run Remote Usage
		Usr 0 00:00:00, Sys 0 00:00:00  -  Run Local Usage
		Usr 0 02:23:05, Sys 0 00:00:06  -  Total Remote Usage
		Usr 0 00:00:00, Sys 0 00:00:00  -  Total Local Usage
	0  -  Run Bytes Sent By Job
	7584148  -  Run Bytes Received By Job
	0  -  Total Bytes Sent By Job
	7584148  -  Total Bytes Received By Job
	Partitionable Resources :    Usage  Request Allocated 
	   Cpus                 :     0.99        4         4 
	   Disk (KB)            : 33071        7500     10979 
	   GPUs                 :                           0 
	   Memory (MB)          :    42       12000     12000 
	   TimeExecute (s)      :  8738                       
	   TimeSlotBusy (s)     :  8739                       

	Job terminated of its own accord at 2025-12-16T11:53:18Z with exit-code 0.
...
