000 (10610887.147.000) 12/16 07:14:31 Job submitted from host: <188.185.71.83:9618?addrs=188.185.71.83-9618+[2001-1458-d00-7--100-34d]-9618&alias=bigbird18.cern.ch&noUDP&sock=schedd_5052_d48c>
...
040 (10610887.147.000) 12/16 07:44:38 Started transferring input files
	Transferring to host: <188.185.210.92:9618?addrs=188.185.210.92-9618+[2001-1458-303-1--100-58]-9618&alias=b9p21p4629.cern.ch&noUDP&sock=slot1_2_8986_3326_92047>
...
040 (10610887.147.000) 12/16 07:44:38 Finished transferring input files
...
001 (10610887.147.000) 12/16 07:44:38 Job executing on host: <188.185.210.92:9618?addrs=188.185.210.92-9618+[2001-1458-303-1--100-58]-9618&alias=b9p21p4629.cern.ch&noUDP&sock=startd_7635_8dad>
	SlotName: slot1_2@b9p21p4629.cern.ch
	CondorScratchDir = "/pool/condor/dir_543718"
	Cpus = 4
	Disk = 10973
	GPUs = 0
	Memory = 12000
...
006 (10610887.147.000) 12/16 07:44:52 Image size of job updated: 40080
	40  -  MemoryUsage of job (MB)
	40080  -  ResidentSetSize of job (KB)
...
006 (10610887.147.000) 12/16 07:49:53 Image size of job updated: 40500
	40  -  MemoryUsage of job (MB)
	40080  -  ResidentSetSize of job (KB)
...
040 (10610887.147.000) 12/16 09:09:01 Started transferring output files
...
040 (10610887.147.000) 12/16 09:09:01 Finished transferring output files
...
005 (10610887.147.000) 12/16 09:09:01 Job terminated.
	(1) Normal termination (return value 0)
		Usr 0 01:23:23, Sys 0 00:00:06  -  Run Remote Usage
		Usr 0 00:00:00, Sys 0 00:00:00  -  Run Local Usage
		Usr 0 01:23:23, Sys 0 00:00:06  -  Total Remote Usage
		Usr 0 00:00:00, Sys 0 00:00:00  -  Total Local Usage
	0  -  Run Bytes Sent By Job
	7584148  -  Run Bytes Received By Job
	0  -  Total Bytes Sent By Job
	7584148  -  Total Bytes Received By Job
	Partitionable Resources :    Usage  Request Allocated 
	   Cpus                 :     0.99        4         4 
	   Disk (KB)            : 32412        7500     10973 
	   GPUs                 :                           0 
	   Memory (MB)          :    40       12000     12000 
	   TimeExecute (s)      :  5062                       
	   TimeSlotBusy (s)     :  5064                       

	Job terminated of its own accord at 2025-12-16T08:09:00Z with exit-code 0.
...
