000 (10610889.810.000) 12/16 07:15:01 Job submitted from host: <188.185.71.83:9618?addrs=188.185.71.83-9618+[2001-1458-d00-7--100-34d]-9618&alias=bigbird18.cern.ch&noUDP&sock=schedd_5052_d48c>
...
040 (10610889.810.000) 12/16 14:26:19 Started transferring input files
	Transferring to host: <188.185.211.137:9618?addrs=188.185.211.137-9618+[2001-1458-303-17--100-5]-9618&alias=b9p24p0933.cern.ch&noUDP&sock=slot1_7_8039_f3e0_89442>
...
040 (10610889.810.000) 12/16 14:26:19 Finished transferring input files
...
001 (10610889.810.000) 12/16 14:26:19 Job executing on host: <188.185.211.137:9618?addrs=188.185.211.137-9618+[2001-1458-303-17--100-5]-9618&alias=b9p24p0933.cern.ch&noUDP&sock=startd_7053_598e>
	SlotName: slot1_7@b9p24p0933.cern.ch
	CondorScratchDir = "/pool/condor/dir_1280789"
	Cpus = 4
	Disk = 11004
	GPUs = 0
	Memory = 12000
...
006 (10610889.810.000) 12/16 14:26:33 Image size of job updated: 37516
	37  -  MemoryUsage of job (MB)
	37516  -  ResidentSetSize of job (KB)
...
006 (10610889.810.000) 12/16 14:31:34 Image size of job updated: 37936
	37  -  MemoryUsage of job (MB)
	37516  -  ResidentSetSize of job (KB)
...
040 (10610889.810.000) 12/16 16:07:09 Started transferring output files
...
040 (10610889.810.000) 12/16 16:07:09 Finished transferring output files
...
005 (10610889.810.000) 12/16 16:07:09 Job terminated.
	(1) Normal termination (return value 0)
		Usr 0 01:39:27, Sys 0 00:00:09  -  Run Remote Usage
		Usr 0 00:00:00, Sys 0 00:00:00  -  Run Local Usage
		Usr 0 01:39:27, Sys 0 00:00:09  -  Total Remote Usage
		Usr 0 00:00:00, Sys 0 00:00:00  -  Total Local Usage
	0  -  Run Bytes Sent By Job
	7584148  -  Run Bytes Received By Job
	0  -  Total Bytes Sent By Job
	7584148  -  Total Bytes Received By Job
	Partitionable Resources :    Usage  Request Allocated 
	   Cpus                 :     0.99        4         4 
	   Disk (KB)            : 32286        7500     11004 
	   GPUs                 :                           0 
	   Memory (MB)          :    37       12000     12000 
	   TimeExecute (s)      :  6049                       
	   TimeSlotBusy (s)     :  6051                       

	Job terminated of its own accord at 2025-12-16T15:07:08Z with exit-code 0.
...
