000 (10610887.640.000) 12/16 07:14:31 Job submitted from host: <188.185.71.83:9618?addrs=188.185.71.83-9618+[2001-1458-d00-7--100-34d]-9618&alias=bigbird18.cern.ch&noUDP&sock=schedd_5052_d48c>
...
040 (10610887.640.000) 12/16 07:54:49 Started transferring input files
	Transferring to host: <188.185.205.141:9618?addrs=188.185.205.141-9618+[2001-1458-303-a--100-a]-9618&alias=b9p04p2171.cern.ch&noUDP&sock=slot1_7_6027_510e_76737>
...
040 (10610887.640.000) 12/16 07:54:49 Finished transferring input files
...
001 (10610887.640.000) 12/16 07:54:49 Job executing on host: <188.185.205.141:9618?addrs=188.185.205.141-9618+[2001-1458-303-a--100-a]-9618&alias=b9p04p2171.cern.ch&noUDP&sock=startd_4963_c89e>
	SlotName: slot1_7@b9p04p2171.cern.ch
	CondorScratchDir = "/pool/condor/dir_837535"
	Cpus = 4
	Disk = 10914
	GPUs = 0
	Memory = 12000
...
006 (10610887.640.000) 12/16 07:55:03 Image size of job updated: 42068
	42  -  MemoryUsage of job (MB)
	42068  -  ResidentSetSize of job (KB)
...
006 (10610887.640.000) 12/16 08:00:04 Image size of job updated: 42448
	42  -  MemoryUsage of job (MB)
	42068  -  ResidentSetSize of job (KB)
...
040 (10610887.640.000) 12/16 09:27:44 Started transferring output files
...
040 (10610887.640.000) 12/16 09:27:44 Finished transferring output files
...
005 (10610887.640.000) 12/16 09:27:44 Job terminated.
	(1) Normal termination (return value 0)
		Usr 0 01:31:37, Sys 0 00:00:06  -  Run Remote Usage
		Usr 0 00:00:00, Sys 0 00:00:00  -  Run Local Usage
		Usr 0 01:31:37, Sys 0 00:00:06  -  Total Remote Usage
		Usr 0 00:00:00, Sys 0 00:00:00  -  Total Local Usage
	0  -  Run Bytes Sent By Job
	7584148  -  Run Bytes Received By Job
	0  -  Total Bytes Sent By Job
	7584148  -  Total Bytes Received By Job
	Partitionable Resources :    Usage  Request Allocated 
	   Cpus                 :     0.99        4         4 
	   Disk (KB)            : 32465        7500     10914 
	   GPUs                 :                           0 
	   Memory (MB)          :    42       12000     12000 
	   TimeExecute (s)      :  5574                       
	   TimeSlotBusy (s)     :  5575                       

	Job terminated of its own accord at 2025-12-16T08:27:43Z with exit-code 0.
...
