000 (10613550.690.000) 12/16 14:41:00 Job submitted from host: <188.185.71.83:9618?addrs=188.185.71.83-9618+[2001-1458-d00-7--100-34d]-9618&alias=bigbird18.cern.ch&noUDP&sock=schedd_5052_d48c>
...
040 (10613550.690.000) 12/16 16:47:25 Started transferring input files
	Transferring to host: <188.185.210.140:9618?addrs=188.185.210.140-9618+[2001-1458-303-15--100-8]-9618&alias=b9p22p7590.cern.ch&noUDP&sock=slot1_1_4538_2e72_114366>
...
040 (10613550.690.000) 12/16 16:47:25 Finished transferring input files
...
001 (10613550.690.000) 12/16 16:47:25 Job executing on host: <188.185.210.140:9618?addrs=188.185.210.140-9618+[2001-1458-303-15--100-8]-9618&alias=b9p22p7590.cern.ch&noUDP&sock=startd_3857_28df>
	SlotName: slot1_1@b9p22p7590.cern.ch
	CondorScratchDir = "/pool/condor/dir_3964444"
	Cpus = 4
	Disk = 11040
	GPUs = 0
	Memory = 12000
...
006 (10613550.690.000) 12/16 16:47:39 Image size of job updated: 39572
	39  -  MemoryUsage of job (MB)
	39572  -  ResidentSetSize of job (KB)
...
006 (10613550.690.000) 12/16 16:52:40 Image size of job updated: 39992
	39  -  MemoryUsage of job (MB)
	39572  -  ResidentSetSize of job (KB)
...
006 (10613550.690.000) 12/16 18:02:58 Image size of job updated: 120524
	39  -  MemoryUsage of job (MB)
	39572  -  ResidentSetSize of job (KB)
...
040 (10613550.690.000) 12/16 18:02:58 Started transferring output files
...
040 (10613550.690.000) 12/16 18:02:59 Finished transferring output files
...
005 (10613550.690.000) 12/16 18:02:59 Job terminated.
	(1) Normal termination (return value 0)
		Usr 0 01:14:46, Sys 0 00:00:04  -  Run Remote Usage
		Usr 0 00:00:00, Sys 0 00:00:00  -  Run Local Usage
		Usr 0 01:14:46, Sys 0 00:00:04  -  Total Remote Usage
		Usr 0 00:00:00, Sys 0 00:00:00  -  Total Local Usage
	0  -  Run Bytes Sent By Job
	7584148  -  Run Bytes Received By Job
	0  -  Total Bytes Sent By Job
	7584148  -  Total Bytes Received By Job
	Partitionable Resources :    Usage  Request Allocated 
	   Cpus                 :     0.99        4         4 
	   Disk (KB)            : 33593        7500     11040 
	   GPUs                 :                           0 
	   Memory (MB)          :    39       12000     12000 
	   TimeExecute (s)      :  4533                       
	   TimeSlotBusy (s)     :  4534                       

	Job terminated of its own accord at 2025-12-16T17:02:58Z with exit-code 0.
...
