000 (10613549.766.000) 12/16 14:40:45 Job submitted from host: <188.185.71.83:9618?addrs=188.185.71.83-9618+[2001-1458-d00-7--100-34d]-9618&alias=bigbird18.cern.ch&noUDP&sock=schedd_5052_d48c>
...
040 (10613549.766.000) 12/16 15:33:45 Started transferring input files
	Transferring to host: <188.185.214.46:9618?addrs=188.185.214.46-9618+[2001-1458-303-1c--100-2a]-9618&alias=b9p29p0001.cern.ch&noUDP&sock=slot1_17_2693_3647_3798>
...
040 (10613549.766.000) 12/16 15:33:45 Finished transferring input files
...
001 (10613549.766.000) 12/16 15:33:45 Job executing on host: <188.185.214.46:9618?addrs=188.185.214.46-9618+[2001-1458-303-1c--100-2a]-9618&alias=b9p29p0001.cern.ch&noUDP&sock=startd_2645_d416>
	SlotName: slot1_17@b9p29p0001.cern.ch
	CondorScratchDir = "/pool/condor/dir_776657"
	Cpus = 4
	Disk = 11058
	GPUs = 0
	Memory = 12000
...
006 (10613549.766.000) 12/16 15:33:59 Image size of job updated: 37520
	37  -  MemoryUsage of job (MB)
	37520  -  ResidentSetSize of job (KB)
...
006 (10613549.766.000) 12/16 15:39:00 Image size of job updated: 37940
	37  -  MemoryUsage of job (MB)
	37520  -  ResidentSetSize of job (KB)
...
006 (10613549.766.000) 12/16 16:59:34 Image size of job updated: 118468
	37  -  MemoryUsage of job (MB)
	37520  -  ResidentSetSize of job (KB)
...
040 (10613549.766.000) 12/16 16:59:34 Started transferring output files
...
040 (10613549.766.000) 12/16 16:59:35 Finished transferring output files
...
005 (10613549.766.000) 12/16 16:59:35 Job terminated.
	(1) Normal termination (return value 0)
		Usr 0 01:24:35, Sys 0 00:00:11  -  Run Remote Usage
		Usr 0 00:00:00, Sys 0 00:00:00  -  Run Local Usage
		Usr 0 01:24:35, Sys 0 00:00:11  -  Total Remote Usage
		Usr 0 00:00:00, Sys 0 00:00:00  -  Total Local Usage
	0  -  Run Bytes Sent By Job
	7584148  -  Run Bytes Received By Job
	0  -  Total Bytes Sent By Job
	7584148  -  Total Bytes Received By Job
	Partitionable Resources :    Usage  Request Allocated 
	   Cpus                 :     0.99        4         4 
	   Disk (KB)            : 32845        7500     11058 
	   GPUs                 :                           0 
	   Memory (MB)          :    37       12000     12000 
	   TimeExecute (s)      :  5149                       
	   TimeSlotBusy (s)     :  5150                       

	Job terminated of its own accord at 2025-12-16T15:59:34Z with exit-code 0.
...
