000 (10613550.178.000) 12/16 14:40:59 Job submitted from host: <188.185.71.83:9618?addrs=188.185.71.83-9618+[2001-1458-d00-7--100-34d]-9618&alias=bigbird18.cern.ch&noUDP&sock=schedd_5052_d48c>
...
040 (10613550.178.000) 12/16 15:43:08 Started transferring input files
	Transferring to host: <128.142.192.195:9618?addrs=128.142.192.195-9618+[2001-1458-301-56--100-3f]-9618&alias=b9g18p1888.cern.ch&noUDP&sock=slot1_13_3185_dedb_108799>
...
040 (10613550.178.000) 12/16 15:43:08 Finished transferring input files
...
001 (10613550.178.000) 12/16 15:43:08 Job executing on host: <128.142.192.195:9618?addrs=128.142.192.195-9618+[2001-1458-301-56--100-3f]-9618&alias=b9g18p1888.cern.ch&noUDP&sock=startd_2701_3d64>
	SlotName: slot1_13@b9g18p1888.cern.ch
	CondorScratchDir = "/pool/condor/dir_2152847"
	Cpus = 4
	Disk = 10992
	GPUs = 0
	Memory = 12000
...
006 (10613550.178.000) 12/16 15:43:21 Image size of job updated: 37660
	37  -  MemoryUsage of job (MB)
	37660  -  ResidentSetSize of job (KB)
...
006 (10613550.178.000) 12/16 15:48:21 Image size of job updated: 37752
	37  -  MemoryUsage of job (MB)
	37660  -  ResidentSetSize of job (KB)
...
040 (10613550.178.000) 12/16 17:11:58 Started transferring output files
...
040 (10613550.178.000) 12/16 17:11:59 Finished transferring output files
...
005 (10613550.178.000) 12/16 17:11:59 Job terminated.
	(1) Normal termination (return value 0)
		Usr 0 01:27:43, Sys 0 00:00:05  -  Run Remote Usage
		Usr 0 00:00:00, Sys 0 00:00:00  -  Run Local Usage
		Usr 0 01:27:43, Sys 0 00:00:05  -  Total Remote Usage
		Usr 0 00:00:00, Sys 0 00:00:00  -  Total Local Usage
	0  -  Run Bytes Sent By Job
	7584148  -  Run Bytes Received By Job
	0  -  Total Bytes Sent By Job
	7584148  -  Total Bytes Received By Job
	Partitionable Resources :    Usage  Request Allocated 
	   Cpus                 :     0.99        4         4 
	   Disk (KB)            : 32677        7500     10992 
	   GPUs                 :                           0 
	   Memory (MB)          :    37       12000     12000 
	   TimeExecute (s)      :  5330                       
	   TimeSlotBusy (s)     :  5331                       

	Job terminated of its own accord at 2025-12-16T16:11:58Z with exit-code 0.
...
