000 (10613549.186.000) 12/16 14:40:44 Job submitted from host: <188.185.71.83:9618?addrs=188.185.71.83-9618+[2001-1458-d00-7--100-34d]-9618&alias=bigbird18.cern.ch&noUDP&sock=schedd_5052_d48c>
...
040 (10613549.186.000) 12/16 15:20:44 Started transferring input files
	Transferring to host: <188.185.215.16:9618?addrs=188.185.215.16-9618+[2001-1458-303-1e--100-c]-9618&alias=b9p31p2681.cern.ch&noUDP&sock=slot1_11_7216_131f_88001>
...
040 (10613549.186.000) 12/16 15:20:44 Finished transferring input files
...
001 (10613549.186.000) 12/16 15:20:44 Job executing on host: <188.185.215.16:9618?addrs=188.185.215.16-9618+[2001-1458-303-1e--100-c]-9618&alias=b9p31p2681.cern.ch&noUDP&sock=startd_6422_894c>
	SlotName: slot1_11@b9p31p2681.cern.ch
	CondorScratchDir = "/pool/condor/dir_2274233"
	Cpus = 4
	Disk = 10861
	GPUs = 0
	Memory = 12000
...
006 (10613549.186.000) 12/16 15:20:58 Image size of job updated: 31728
	31  -  MemoryUsage of job (MB)
	31728  -  ResidentSetSize of job (KB)
...
006 (10613549.186.000) 12/16 15:25:59 Image size of job updated: 32148
	31  -  MemoryUsage of job (MB)
	31728  -  ResidentSetSize of job (KB)
...
006 (10613549.186.000) 12/16 17:05:18 Image size of job updated: 32980
	31  -  MemoryUsage of job (MB)
	31728  -  ResidentSetSize of job (KB)
...
040 (10613549.186.000) 12/16 17:05:19 Started transferring output files
...
040 (10613549.186.000) 12/16 17:05:19 Finished transferring output files
...
005 (10613549.186.000) 12/16 17:05:19 Job terminated.
	(1) Normal termination (return value 0)
		Usr 0 01:43:01, Sys 0 00:00:10  -  Run Remote Usage
		Usr 0 00:00:00, Sys 0 00:00:00  -  Run Local Usage
		Usr 0 01:43:01, Sys 0 00:00:10  -  Total Remote Usage
		Usr 0 00:00:00, Sys 0 00:00:00  -  Total Local Usage
	0  -  Run Bytes Sent By Job
	7584148  -  Run Bytes Received By Job
	0  -  Total Bytes Sent By Job
	7584148  -  Total Bytes Received By Job
	Partitionable Resources :    Usage  Request Allocated 
	   Cpus                 :     0.99        4         4 
	   Disk (KB)            : 32985        7500     10861 
	   GPUs                 :                           0 
	   Memory (MB)          :    31       12000     12000 
	   TimeExecute (s)      :  6274                       
	   TimeSlotBusy (s)     :  6275                       

	Job terminated of its own accord at 2025-12-16T16:05:18Z with exit-code 0.
...
