000 (10610888.624.000) 12/16 07:14:44 Job submitted from host: <188.185.71.83:9618?addrs=188.185.71.83-9618+[2001-1458-d00-7--100-34d]-9618&alias=bigbird18.cern.ch&noUDP&sock=schedd_5052_d48c>
...
040 (10610888.624.000) 12/16 09:31:59 Started transferring input files
	Transferring to host: <188.185.207.47:9618?addrs=188.185.207.47-9618+[2001-1458-303-d--100-2c]-9618&alias=b9p07p0819.cern.ch&noUDP&sock=slot1_13_4035283_ac17_78551>
...
040 (10610888.624.000) 12/16 09:31:59 Finished transferring input files
...
001 (10610888.624.000) 12/16 09:31:59 Job executing on host: <188.185.207.47:9618?addrs=188.185.207.47-9618+[2001-1458-303-d--100-2c]-9618&alias=b9p07p0819.cern.ch&noUDP&sock=startd_3746_05dc>
	SlotName: slot1_13@b9p07p0819.cern.ch
	CondorScratchDir = "/pool/condor/dir_2534210"
	Cpus = 4
	Disk = 10802
	GPUs = 0
	Memory = 12000
...
006 (10610888.624.000) 12/16 09:32:13 Image size of job updated: 40932
	40  -  MemoryUsage of job (MB)
	40932  -  ResidentSetSize of job (KB)
...
006 (10610888.624.000) 12/16 09:37:14 Image size of job updated: 40960
	40  -  MemoryUsage of job (MB)
	40932  -  ResidentSetSize of job (KB)
...
006 (10610888.624.000) 12/16 11:03:22 Image size of job updated: 121484
	40  -  MemoryUsage of job (MB)
	40932  -  ResidentSetSize of job (KB)
...
040 (10610888.624.000) 12/16 11:03:23 Started transferring output files
...
040 (10610888.624.000) 12/16 11:03:24 Finished transferring output files
...
005 (10610888.624.000) 12/16 11:03:24 Job terminated.
	(1) Normal termination (return value 0)
		Usr 0 01:30:12, Sys 0 00:00:07  -  Run Remote Usage
		Usr 0 00:00:00, Sys 0 00:00:00  -  Run Local Usage
		Usr 0 01:30:12, Sys 0 00:00:07  -  Total Remote Usage
		Usr 0 00:00:00, Sys 0 00:00:00  -  Total Local Usage
	0  -  Run Bytes Sent By Job
	7584148  -  Run Bytes Received By Job
	0  -  Total Bytes Sent By Job
	7584148  -  Total Bytes Received By Job
	Partitionable Resources :    Usage  Request Allocated 
	   Cpus                 :     0.99        4         4 
	   Disk (KB)            : 32943        7500     10802 
	   GPUs                 :                           0 
	   Memory (MB)          :    40       12000     12000 
	   TimeExecute (s)      :  5483                       
	   TimeSlotBusy (s)     :  5485                       

	Job terminated of its own accord at 2025-12-16T10:03:22Z with exit-code 0.
...
