000 (10613550.298.000) 12/16 14:40:59 Job submitted from host: <188.185.71.83:9618?addrs=188.185.71.83-9618+[2001-1458-d00-7--100-34d]-9618&alias=bigbird18.cern.ch&noUDP&sock=schedd_5052_d48c>
...
040 (10613550.298.000) 12/16 15:51:35 Started transferring input files
	Transferring to host: <188.185.213.144:9618?addrs=188.185.213.144-9618+[2001-1458-303-1b--100-c]-9618&alias=b9p28p8138.cern.ch&noUDP&sock=slot1_6_4900_3e40_89995>
...
040 (10613550.298.000) 12/16 15:51:35 Finished transferring input files
...
001 (10613550.298.000) 12/16 15:51:36 Job executing on host: <188.185.213.144:9618?addrs=188.185.213.144-9618+[2001-1458-303-1b--100-c]-9618&alias=b9p28p8138.cern.ch&noUDP&sock=startd_4074_00ec>
	SlotName: slot1_6@b9p28p8138.cern.ch
	CondorScratchDir = "/pool/condor/dir_2134800"
	Cpus = 4
	Disk = 10891
	GPUs = 0
	Memory = 12000
...
006 (10613550.298.000) 12/16 15:51:49 Image size of job updated: 37536
	37  -  MemoryUsage of job (MB)
	37536  -  ResidentSetSize of job (KB)
...
006 (10613550.298.000) 12/16 15:56:49 Image size of job updated: 37960
	37  -  MemoryUsage of job (MB)
	37536  -  ResidentSetSize of job (KB)
...
006 (10613550.298.000) 12/16 17:12:27 Image size of job updated: 118428
	37  -  MemoryUsage of job (MB)
	37536  -  ResidentSetSize of job (KB)
...
040 (10613550.298.000) 12/16 17:12:28 Started transferring output files
...
040 (10613550.298.000) 12/16 17:12:28 Finished transferring output files
...
005 (10613550.298.000) 12/16 17:12:28 Job terminated.
	(1) Normal termination (return value 0)
		Usr 0 01:19:59, Sys 0 00:00:06  -  Run Remote Usage
		Usr 0 00:00:00, Sys 0 00:00:00  -  Run Local Usage
		Usr 0 01:19:59, Sys 0 00:00:06  -  Total Remote Usage
		Usr 0 00:00:00, Sys 0 00:00:00  -  Total Local Usage
	0  -  Run Bytes Sent By Job
	7584148  -  Run Bytes Received By Job
	0  -  Total Bytes Sent By Job
	7584148  -  Total Bytes Received By Job
	Partitionable Resources :    Usage  Request Allocated 
	   Cpus                 :     0.99        4         4 
	   Disk (KB)            : 33160        7500     10891 
	   GPUs                 :                           0 
	   Memory (MB)          :    37       12000     12000 
	   TimeExecute (s)      :  4852                       
	   TimeSlotBusy (s)     :  4853                       

	Job terminated of its own accord at 2025-12-16T16:12:27Z with exit-code 0.
...
