000 (10613550.086.000) 12/16 14:40:58 Job submitted from host: <188.185.71.83:9618?addrs=188.185.71.83-9618+[2001-1458-d00-7--100-34d]-9618&alias=bigbird18.cern.ch&noUDP&sock=schedd_5052_d48c>
...
040 (10613550.086.000) 12/16 15:35:45 Started transferring input files
	Transferring to host: <188.185.210.84:9618?addrs=188.185.210.84-9618+[2001-1458-303-1--100-50]-9618&alias=b9p21p5907.cern.ch&noUDP&sock=slot1_6_5619_d7fe_116550>
...
040 (10613550.086.000) 12/16 15:35:45 Finished transferring input files
...
001 (10613550.086.000) 12/16 15:35:45 Job executing on host: <188.185.210.84:9618?addrs=188.185.210.84-9618+[2001-1458-303-1--100-50]-9618&alias=b9p21p5907.cern.ch&noUDP&sock=startd_4688_2813>
	SlotName: slot1_6@b9p21p5907.cern.ch
	CondorScratchDir = "/pool/condor/dir_4019879"
	Cpus = 4
	Disk = 10981
	GPUs = 0
	Memory = 12000
...
006 (10613550.086.000) 12/16 15:35:59 Image size of job updated: 38008
	38  -  MemoryUsage of job (MB)
	38008  -  ResidentSetSize of job (KB)
...
006 (10613550.086.000) 12/16 15:41:00 Image size of job updated: 38100
	38  -  MemoryUsage of job (MB)
	38008  -  ResidentSetSize of job (KB)
...
006 (10613550.086.000) 12/16 17:06:08 Image size of job updated: 44900
	44  -  MemoryUsage of job (MB)
	44900  -  ResidentSetSize of job (KB)
...
006 (10613550.086.000) 12/16 17:07:25 Image size of job updated: 126684
	44  -  MemoryUsage of job (MB)
	44900  -  ResidentSetSize of job (KB)
...
040 (10613550.086.000) 12/16 17:07:25 Started transferring output files
...
040 (10613550.086.000) 12/16 17:07:26 Finished transferring output files
...
005 (10613550.086.000) 12/16 17:07:26 Job terminated.
	(1) Normal termination (return value 0)
		Usr 0 01:30:12, Sys 0 00:00:12  -  Run Remote Usage
		Usr 0 00:00:00, Sys 0 00:00:00  -  Run Local Usage
		Usr 0 01:30:12, Sys 0 00:00:12  -  Total Remote Usage
		Usr 0 00:00:00, Sys 0 00:00:00  -  Total Local Usage
	0  -  Run Bytes Sent By Job
	7584148  -  Run Bytes Received By Job
	0  -  Total Bytes Sent By Job
	7584148  -  Total Bytes Received By Job
	Partitionable Resources :    Usage  Request Allocated 
	   Cpus                 :     0.99        4         4 
	   Disk (KB)            : 33751        7500     10981 
	   GPUs                 :                           0 
	   Memory (MB)          :    44       12000     12000 
	   TimeExecute (s)      :  5500                       
	   TimeSlotBusy (s)     :  5501                       

	Job terminated of its own accord at 2025-12-16T16:07:25Z with exit-code 0.
...
