000 (10610889.290.000) 12/16 07:15:00 Job submitted from host: <188.185.71.83:9618?addrs=188.185.71.83-9618+[2001-1458-d00-7--100-34d]-9618&alias=bigbird18.cern.ch&noUDP&sock=schedd_5052_d48c>
...
040 (10610889.290.000) 12/16 13:31:46 Started transferring input files
	Transferring to host: <188.185.196.66:9618?addrs=188.185.196.66-9618+[2001-1458-303-23--100-3e]-9618&alias=b9p16p8444.cern.ch&noUDP&sock=slot1_4_6085_2ed1_86931>
...
040 (10610889.290.000) 12/16 13:31:46 Finished transferring input files
...
001 (10610889.290.000) 12/16 13:31:46 Job executing on host: <188.185.196.66:9618?addrs=188.185.196.66-9618+[2001-1458-303-23--100-3e]-9618&alias=b9p16p8444.cern.ch&noUDP&sock=startd_5125_e6f6>
	SlotName: slot1_4@b9p16p8444.cern.ch
	CondorScratchDir = "/pool/condor/dir_38150"
	Cpus = 4
	Disk = 11071
	GPUs = 0
	Memory = 12000
...
006 (10610889.290.000) 12/16 13:32:00 Image size of job updated: 39520
	39  -  MemoryUsage of job (MB)
	39520  -  ResidentSetSize of job (KB)
...
006 (10610889.290.000) 12/16 13:37:01 Image size of job updated: 39940
	39  -  MemoryUsage of job (MB)
	39520  -  ResidentSetSize of job (KB)
...
006 (10610889.290.000) 12/16 15:52:56 Image size of job updated: 120468
	39  -  MemoryUsage of job (MB)
	39520  -  ResidentSetSize of job (KB)
...
040 (10610889.290.000) 12/16 15:52:57 Started transferring output files
...
040 (10610889.290.000) 12/16 15:52:57 Finished transferring output files
...
005 (10610889.290.000) 12/16 15:52:57 Job terminated.
	(1) Normal termination (return value 0)
		Usr 0 02:20:02, Sys 0 00:00:06  -  Run Remote Usage
		Usr 0 00:00:00, Sys 0 00:00:00  -  Run Local Usage
		Usr 0 02:20:02, Sys 0 00:00:06  -  Total Remote Usage
		Usr 0 00:00:00, Sys 0 00:00:00  -  Total Local Usage
	0  -  Run Bytes Sent By Job
	7584148  -  Run Bytes Received By Job
	0  -  Total Bytes Sent By Job
	7584148  -  Total Bytes Received By Job
	Partitionable Resources :    Usage  Request Allocated 
	   Cpus                 :     0.99        4         4 
	   Disk (KB)            : 32763        7500     11071 
	   GPUs                 :                           0 
	   Memory (MB)          :    39       12000     12000 
	   TimeExecute (s)      :  8470                       
	   TimeSlotBusy (s)     :  8472                       

	Job terminated of its own accord at 2025-12-16T14:52:56Z with exit-code 0.
...
