000 (10613549.455.000) 12/16 14:40:45 Job submitted from host: <188.185.71.83:9618?addrs=188.185.71.83-9618+[2001-1458-d00-7--100-34d]-9618&alias=bigbird18.cern.ch&noUDP&sock=schedd_5052_d48c>
...
040 (10613549.455.000) 12/16 15:30:06 Started transferring input files
	Transferring to host: <188.185.209.209:9618?addrs=188.185.209.209-9618+[2001-1458-303-12--100-4e]-9618&alias=b9p12p4042.cern.ch&noUDP&sock=slot1_25_10603_85c8_82075>
...
040 (10613549.455.000) 12/16 15:30:06 Finished transferring input files
...
001 (10613549.455.000) 12/16 15:30:06 Job executing on host: <188.185.209.209:9618?addrs=188.185.209.209-9618+[2001-1458-303-12--100-4e]-9618&alias=b9p12p4042.cern.ch&noUDP&sock=startd_10069_1331>
	SlotName: slot1_25@b9p12p4042.cern.ch
	CondorScratchDir = "/pool/condor/dir_1484556"
	Cpus = 4
	Disk = 10812
	GPUs = 0
	Memory = 12000
...
006 (10613549.455.000) 12/16 15:30:20 Image size of job updated: 39496
	39  -  MemoryUsage of job (MB)
	39496  -  ResidentSetSize of job (KB)
...
006 (10613549.455.000) 12/16 15:35:20 Image size of job updated: 39932
	39  -  MemoryUsage of job (MB)
	39496  -  ResidentSetSize of job (KB)
...
006 (10613549.455.000) 12/16 16:53:39 Image size of job updated: 120600
	39  -  MemoryUsage of job (MB)
	39496  -  ResidentSetSize of job (KB)
...
040 (10613549.455.000) 12/16 16:53:40 Started transferring output files
...
040 (10613549.455.000) 12/16 16:53:40 Finished transferring output files
...
005 (10613549.455.000) 12/16 16:53:40 Job terminated.
	(1) Normal termination (return value 0)
		Usr 0 01:22:12, Sys 0 00:00:08  -  Run Remote Usage
		Usr 0 00:00:00, Sys 0 00:00:00  -  Run Local Usage
		Usr 0 01:22:12, Sys 0 00:00:08  -  Total Remote Usage
		Usr 0 00:00:00, Sys 0 00:00:00  -  Total Local Usage
	0  -  Run Bytes Sent By Job
	7584148  -  Run Bytes Received By Job
	0  -  Total Bytes Sent By Job
	7584148  -  Total Bytes Received By Job
	Partitionable Resources :    Usage  Request Allocated 
	   Cpus                 :     0.99        4         4 
	   Disk (KB)            : 33052        7500     10812 
	   GPUs                 :                           0 
	   Memory (MB)          :    39       12000     12000 
	   TimeExecute (s)      :  5013                       
	   TimeSlotBusy (s)     :  5014                       

	Job terminated of its own accord at 2025-12-16T15:53:39Z with exit-code 0.
...
