000 (10613549.370.000) 12/16 14:40:44 Job submitted from host: <188.185.71.83:9618?addrs=188.185.71.83-9618+[2001-1458-d00-7--100-34d]-9618&alias=bigbird18.cern.ch&noUDP&sock=schedd_5052_d48c>
...
040 (10613549.370.000) 12/16 15:29:40 Started transferring input files
	Transferring to host: <188.185.192.139:9618?addrs=188.185.192.139-9618+[2001-1458-303-1f--100-87]-9618&alias=b9p13p4281.cern.ch&noUDP&sock=slot1_1_5406_c415_87140>
...
040 (10613549.370.000) 12/16 15:29:40 Finished transferring input files
...
001 (10613549.370.000) 12/16 15:29:40 Job executing on host: <188.185.192.139:9618?addrs=188.185.192.139-9618+[2001-1458-303-1f--100-87]-9618&alias=b9p13p4281.cern.ch&noUDP&sock=startd_4101_85fb>
	SlotName: slot1_1@b9p13p4281.cern.ch
	CondorScratchDir = "/pool/condor/dir_3246959"
	Cpus = 4
	Disk = 11129
	GPUs = 0
	Memory = 12000
...
006 (10613549.370.000) 12/16 15:29:54 Image size of job updated: 37484
	37  -  MemoryUsage of job (MB)
	37484  -  ResidentSetSize of job (KB)
...
006 (10613549.370.000) 12/16 15:34:55 Image size of job updated: 37904
	37  -  MemoryUsage of job (MB)
	37484  -  ResidentSetSize of job (KB)
...
006 (10613549.370.000) 12/16 17:38:39 Image size of job updated: 118432
	37  -  MemoryUsage of job (MB)
	37484  -  ResidentSetSize of job (KB)
...
040 (10613549.370.000) 12/16 17:38:40 Started transferring output files
...
040 (10613549.370.000) 12/16 17:38:40 Finished transferring output files
...
005 (10613549.370.000) 12/16 17:38:40 Job terminated.
	(1) Normal termination (return value 0)
		Usr 0 02:07:40, Sys 0 00:00:12  -  Run Remote Usage
		Usr 0 00:00:00, Sys 0 00:00:00  -  Run Local Usage
		Usr 0 02:07:40, Sys 0 00:00:12  -  Total Remote Usage
		Usr 0 00:00:00, Sys 0 00:00:00  -  Total Local Usage
	0  -  Run Bytes Sent By Job
	7584148  -  Run Bytes Received By Job
	0  -  Total Bytes Sent By Job
	7584148  -  Total Bytes Received By Job
	Partitionable Resources :    Usage  Request Allocated 
	   Cpus                 :     0.99        4         4 
	   Disk (KB)            : 33359        7500     11129 
	   GPUs                 :                           0 
	   Memory (MB)          :    37       12000     12000 
	   TimeExecute (s)      :  7739                       
	   TimeSlotBusy (s)     :  7741                       

	Job terminated of its own accord at 2025-12-16T16:38:39Z with exit-code 0.
...
