000 (10610887.682.000) 12/16 07:14:31 Job submitted from host: <188.185.71.83:9618?addrs=188.185.71.83-9618+[2001-1458-d00-7--100-34d]-9618&alias=bigbird18.cern.ch&noUDP&sock=schedd_5052_d48c>
...
040 (10610887.682.000) 12/16 07:55:04 Started transferring input files
	Transferring to host: <188.185.209.220:9618?addrs=188.185.209.220-9618+[2001-1458-303-12--100-59]-9618&alias=b9p12p5136.cern.ch&noUDP&sock=slot1_14_8302_428b_84475>
...
040 (10610887.682.000) 12/16 07:55:04 Finished transferring input files
...
001 (10610887.682.000) 12/16 07:55:04 Job executing on host: <188.185.209.220:9618?addrs=188.185.209.220-9618+[2001-1458-303-12--100-59]-9618&alias=b9p12p5136.cern.ch&noUDP&sock=startd_7188_f2d7>
	SlotName: slot1_14@b9p12p5136.cern.ch
	CondorScratchDir = "/pool/condor/dir_2730173"
	Cpus = 4
	Disk = 10752
	GPUs = 0
	Memory = 12000
...
006 (10610887.682.000) 12/16 07:55:18 Image size of job updated: 39668
	39  -  MemoryUsage of job (MB)
	39668  -  ResidentSetSize of job (KB)
...
006 (10610887.682.000) 12/16 08:00:18 Image size of job updated: 40072
	39  -  MemoryUsage of job (MB)
	39668  -  ResidentSetSize of job (KB)
...
006 (10610887.682.000) 12/16 09:29:14 Image size of job updated: 120672
	39  -  MemoryUsage of job (MB)
	39668  -  ResidentSetSize of job (KB)
...
040 (10610887.682.000) 12/16 09:29:15 Started transferring output files
...
040 (10610887.682.000) 12/16 09:29:15 Finished transferring output files
...
005 (10610887.682.000) 12/16 09:29:15 Job terminated.
	(1) Normal termination (return value 0)
		Usr 0 01:32:01, Sys 0 00:00:12  -  Run Remote Usage
		Usr 0 00:00:00, Sys 0 00:00:00  -  Run Local Usage
		Usr 0 01:32:01, Sys 0 00:00:12  -  Total Remote Usage
		Usr 0 00:00:00, Sys 0 00:00:00  -  Total Local Usage
	0  -  Run Bytes Sent By Job
	7584148  -  Run Bytes Received By Job
	0  -  Total Bytes Sent By Job
	7584148  -  Total Bytes Received By Job
	Partitionable Resources :    Usage  Request Allocated 
	   Cpus                 :     0.99        4         4 
	   Disk (KB)            : 32862        7500     10752 
	   GPUs                 :                           0 
	   Memory (MB)          :    39       12000     12000 
	   TimeExecute (s)      :  5650                       
	   TimeSlotBusy (s)     :  5652                       

	Job terminated of its own accord at 2025-12-16T08:29:14Z with exit-code 0.
...
