000 (10613550.483.000) 12/16 14:40:59 Job submitted from host: <188.185.71.83:9618?addrs=188.185.71.83-9618+[2001-1458-d00-7--100-34d]-9618&alias=bigbird18.cern.ch&noUDP&sock=schedd_5052_d48c>
...
040 (10613550.483.000) 12/16 16:11:57 Started transferring input files
	Transferring to host: <188.185.196.176:9618?addrs=188.185.196.176-9618+[2001-1458-303-23--100-ac]-9618&alias=b9p16p5804.cern.ch&noUDP&sock=slot1_4_5203_bbed_79484>
...
040 (10613550.483.000) 12/16 16:11:57 Finished transferring input files
...
001 (10613550.483.000) 12/16 16:11:57 Job executing on host: <188.185.196.176:9618?addrs=188.185.196.176-9618+[2001-1458-303-23--100-ac]-9618&alias=b9p16p5804.cern.ch&noUDP&sock=startd_4056_a838>
	SlotName: slot1_4@b9p16p5804.cern.ch
	CondorScratchDir = "/pool/condor/dir_135475"
	Cpus = 4
	Disk = 11046
	GPUs = 0
	Memory = 12000
...
006 (10613550.483.000) 12/16 16:12:11 Image size of job updated: 40108
	40  -  MemoryUsage of job (MB)
	40108  -  ResidentSetSize of job (KB)
...
006 (10613550.483.000) 12/16 16:17:12 Image size of job updated: 40196
	40  -  MemoryUsage of job (MB)
	40108  -  ResidentSetSize of job (KB)
...
006 (10613550.483.000) 12/16 18:36:44 Image size of job updated: 120780
	40  -  MemoryUsage of job (MB)
	40108  -  ResidentSetSize of job (KB)
...
040 (10613550.483.000) 12/16 18:36:45 Started transferring output files
...
040 (10613550.483.000) 12/16 18:36:45 Finished transferring output files
...
005 (10613550.483.000) 12/16 18:36:45 Job terminated.
	(1) Normal termination (return value 0)
		Usr 0 02:22:38, Sys 0 00:00:07  -  Run Remote Usage
		Usr 0 00:00:00, Sys 0 00:00:00  -  Run Local Usage
		Usr 0 02:22:38, Sys 0 00:00:07  -  Total Remote Usage
		Usr 0 00:00:00, Sys 0 00:00:00  -  Total Local Usage
	0  -  Run Bytes Sent By Job
	7584148  -  Run Bytes Received By Job
	0  -  Total Bytes Sent By Job
	7584148  -  Total Bytes Received By Job
	Partitionable Resources :    Usage  Request Allocated 
	   Cpus                 :     0.99        4         4 
	   Disk (KB)            : 32768        7500     11046 
	   GPUs                 :                           0 
	   Memory (MB)          :    40       12000     12000 
	   TimeExecute (s)      :  8687                       
	   TimeSlotBusy (s)     :  8688                       

	Job terminated of its own accord at 2025-12-16T17:36:44Z with exit-code 0.
...
