000 (10610888.482.000) 12/16 07:14:44 Job submitted from host: <188.185.71.83:9618?addrs=188.185.71.83-9618+[2001-1458-d00-7--100-34d]-9618&alias=bigbird18.cern.ch&noUDP&sock=schedd_5052_d48c>
...
040 (10610888.482.000) 12/16 09:26:37 Started transferring input files
	Transferring to host: <188.185.211.77:9618?addrs=188.185.211.77-9618+[2001-1458-303-16--100-49]-9618&alias=b9p23p1235.cern.ch&noUDP&sock=slot1_2_6376_37fc_94409>
...
001 (10610888.482.000) 12/16 09:26:37 Job executing on host: <188.185.211.77:9618?addrs=188.185.211.77-9618+[2001-1458-303-16--100-49]-9618&alias=b9p23p1235.cern.ch&noUDP&sock=startd_5459_ff98>
	SlotName: slot1_2@b9p23p1235.cern.ch
	CondorScratchDir = "/pool/condor/dir_3075131"
	Cpus = 4
	Disk = 11050
	GPUs = 0
	Memory = 12000
...
040 (10610888.482.000) 12/16 09:26:37 Finished transferring input files
...
006 (10610888.482.000) 12/16 09:26:51 Image size of job updated: 37528
	37  -  MemoryUsage of job (MB)
	37528  -  ResidentSetSize of job (KB)
...
006 (10610888.482.000) 12/16 09:31:52 Image size of job updated: 37952
	37  -  MemoryUsage of job (MB)
	37528  -  ResidentSetSize of job (KB)
...
006 (10610888.482.000) 12/16 10:56:53 Image size of job updated: 118424
	37  -  MemoryUsage of job (MB)
	37528  -  ResidentSetSize of job (KB)
...
040 (10610888.482.000) 12/16 10:56:54 Started transferring output files
...
040 (10610888.482.000) 12/16 10:56:54 Finished transferring output files
...
005 (10610888.482.000) 12/16 10:56:54 Job terminated.
	(1) Normal termination (return value 0)
		Usr 0 01:29:06, Sys 0 00:00:08  -  Run Remote Usage
		Usr 0 00:00:00, Sys 0 00:00:00  -  Run Local Usage
		Usr 0 01:29:06, Sys 0 00:00:08  -  Total Remote Usage
		Usr 0 00:00:00, Sys 0 00:00:00  -  Total Local Usage
	0  -  Run Bytes Sent By Job
	7584148  -  Run Bytes Received By Job
	0  -  Total Bytes Sent By Job
	7584148  -  Total Bytes Received By Job
	Partitionable Resources :    Usage  Request Allocated 
	   Cpus                 :     0.99        4         4 
	   Disk (KB)            : 33178        7500     11050 
	   GPUs                 :                           0 
	   Memory (MB)          :    37       12000     12000 
	   TimeExecute (s)      :  5416                       
	   TimeSlotBusy (s)     :  5417                       

	Job terminated of its own accord at 2025-12-16T09:56:53Z with exit-code 0.
...
