000 (10610888.151.000) 12/16 07:14:44 Job submitted from host: <188.185.71.83:9618?addrs=188.185.71.83-9618+[2001-1458-d00-7--100-34d]-9618&alias=bigbird18.cern.ch&noUDP&sock=schedd_5052_d48c>
...
040 (10610888.151.000) 12/16 08:55:00 Started transferring input files
	Transferring to host: <188.185.207.40:9618?addrs=188.185.207.40-9618+[2001-1458-303-d--100-25]-9618&alias=b9p07p2176.cern.ch&noUDP&sock=slot1_12_10682_2f6b_84887>
...
040 (10610888.151.000) 12/16 08:55:00 Finished transferring input files
...
001 (10610888.151.000) 12/16 08:55:00 Job executing on host: <188.185.207.40:9618?addrs=188.185.207.40-9618+[2001-1458-303-d--100-25]-9618&alias=b9p07p2176.cern.ch&noUDP&sock=startd_10142_259b>
	SlotName: slot1_12@b9p07p2176.cern.ch
	CondorScratchDir = "/pool/condor/dir_177272"
	Cpus = 4
	Disk = 10461
	GPUs = 0
	Memory = 12000
...
006 (10610888.151.000) 12/16 08:55:14 Image size of job updated: 39672
	39  -  MemoryUsage of job (MB)
	39672  -  ResidentSetSize of job (KB)
...
006 (10610888.151.000) 12/16 09:00:15 Image size of job updated: 40080
	39  -  MemoryUsage of job (MB)
	39672  -  ResidentSetSize of job (KB)
...
040 (10610888.151.000) 12/16 10:32:15 Started transferring output files
...
040 (10610888.151.000) 12/16 10:32:15 Finished transferring output files
...
005 (10610888.151.000) 12/16 10:32:15 Job terminated.
	(1) Normal termination (return value 0)
		Usr 0 01:34:59, Sys 0 00:00:19  -  Run Remote Usage
		Usr 0 00:00:00, Sys 0 00:00:00  -  Run Local Usage
		Usr 0 01:34:59, Sys 0 00:00:19  -  Total Remote Usage
		Usr 0 00:00:00, Sys 0 00:00:00  -  Total Local Usage
	0  -  Run Bytes Sent By Job
	7584148  -  Run Bytes Received By Job
	0  -  Total Bytes Sent By Job
	7584148  -  Total Bytes Received By Job
	Partitionable Resources :    Usage  Request Allocated 
	   Cpus                 :     0.99        4         4 
	   Disk (KB)            : 32863        7500     10461 
	   GPUs                 :                           0 
	   Memory (MB)          :    39       12000     12000 
	   TimeExecute (s)      :  5835                       
	   TimeSlotBusy (s)     :  5835                       

	Job terminated of its own accord at 2025-12-16T09:32:14Z with exit-code 0.
...
