000 (10610889.331.000) 12/16 07:15:00 Job submitted from host: <188.185.71.83:9618?addrs=188.185.71.83-9618+[2001-1458-d00-7--100-34d]-9618&alias=bigbird18.cern.ch&noUDP&sock=schedd_5052_d48c>
...
040 (10610889.331.000) 12/16 13:31:59 Started transferring input files
	Transferring to host: <188.185.213.224:9618?addrs=188.185.213.224-9618+[2001-1458-303-1b--100-5c]-9618&alias=b9p28p2561.cern.ch&noUDP&sock=slot1_3_7177_987d_111887>
...
040 (10610889.331.000) 12/16 13:31:59 Finished transferring input files
...
001 (10610889.331.000) 12/16 13:31:59 Job executing on host: <188.185.213.224:9618?addrs=188.185.213.224-9618+[2001-1458-303-1b--100-5c]-9618&alias=b9p28p2561.cern.ch&noUDP&sock=startd_6543_8841>
	SlotName: slot1_3@b9p28p2561.cern.ch
	CondorScratchDir = "/pool/condor/dir_932644"
	Cpus = 4
	Disk = 10963
	GPUs = 0
	Memory = 12000
...
006 (10610889.331.000) 12/16 13:32:12 Image size of job updated: 42100
	42  -  MemoryUsage of job (MB)
	42100  -  ResidentSetSize of job (KB)
...
006 (10610889.331.000) 12/16 13:37:12 Image size of job updated: 42192
	42  -  MemoryUsage of job (MB)
	42100  -  ResidentSetSize of job (KB)
...
006 (10610889.331.000) 12/16 14:37:16 Image size of job updated: 47444
	47  -  MemoryUsage of job (MB)
	47444  -  ResidentSetSize of job (KB)
...
040 (10610889.331.000) 12/16 14:44:58 Started transferring output files
...
040 (10610889.331.000) 12/16 14:44:58 Finished transferring output files
...
005 (10610889.331.000) 12/16 14:44:58 Job terminated.
	(1) Normal termination (return value 0)
		Usr 0 01:12:19, Sys 0 00:00:05  -  Run Remote Usage
		Usr 0 00:00:00, Sys 0 00:00:00  -  Run Local Usage
		Usr 0 01:12:19, Sys 0 00:00:05  -  Total Remote Usage
		Usr 0 00:00:00, Sys 0 00:00:00  -  Total Local Usage
	0  -  Run Bytes Sent By Job
	7584148  -  Run Bytes Received By Job
	0  -  Total Bytes Sent By Job
	7584148  -  Total Bytes Received By Job
	Partitionable Resources :    Usage  Request Allocated 
	   Cpus                 :     1.00        4         4 
	   Disk (KB)            : 33026        7500     10963 
	   GPUs                 :                           0 
	   Memory (MB)          :    47       12000     12000 
	   TimeExecute (s)      :  4379                       
	   TimeSlotBusy (s)     :  4380                       

	Job terminated of its own accord at 2025-12-16T13:44:58Z with exit-code 0.
...
