000 (10610887.097.000) 12/16 07:14:31 Job submitted from host: <188.185.71.83:9618?addrs=188.185.71.83-9618+[2001-1458-d00-7--100-34d]-9618&alias=bigbird18.cern.ch&noUDP&sock=schedd_5052_d48c>
...
040 (10610887.097.000) 12/16 07:44:21 Started transferring input files
	Transferring to host: <188.185.195.109:9618?addrs=188.185.195.109-9618+[2001-1458-303-22--100-69]-9618&alias=b9p17p6101.cern.ch&noUDP&sock=slot1_24_11350_da07_62606>
...
040 (10610887.097.000) 12/16 07:44:21 Finished transferring input files
...
001 (10610887.097.000) 12/16 07:44:21 Job executing on host: <188.185.195.109:9618?addrs=188.185.195.109-9618+[2001-1458-303-22--100-69]-9618&alias=b9p17p6101.cern.ch&noUDP&sock=startd_10328_ba38>
	SlotName: slot1_24@b9p17p6101.cern.ch
	CondorScratchDir = "/pool/condor/dir_1623766"
	Cpus = 4
	Disk = 11064
	GPUs = 0
	Memory = 12000
...
006 (10610887.097.000) 12/16 07:44:35 Image size of job updated: 25248
	25  -  MemoryUsage of job (MB)
	25248  -  ResidentSetSize of job (KB)
...
006 (10610887.097.000) 12/16 07:49:36 Image size of job updated: 25340
	25  -  MemoryUsage of job (MB)
	25248  -  ResidentSetSize of job (KB)
...
006 (10610887.097.000) 12/16 10:17:48 Image size of job updated: 116808
	25  -  MemoryUsage of job (MB)
	25248  -  ResidentSetSize of job (KB)
...
040 (10610887.097.000) 12/16 10:17:49 Started transferring output files
...
040 (10610887.097.000) 12/16 10:17:50 Finished transferring output files
...
005 (10610887.097.000) 12/16 10:17:50 Job terminated.
	(1) Normal termination (return value 0)
		Usr 0 02:32:00, Sys 0 00:00:10  -  Run Remote Usage
		Usr 0 00:00:00, Sys 0 00:00:00  -  Run Local Usage
		Usr 0 02:32:00, Sys 0 00:00:10  -  Total Remote Usage
		Usr 0 00:00:00, Sys 0 00:00:00  -  Total Local Usage
	0  -  Run Bytes Sent By Job
	7584148  -  Run Bytes Received By Job
	0  -  Total Bytes Sent By Job
	7584148  -  Total Bytes Received By Job
	Partitionable Resources :    Usage  Request Allocated 
	   Cpus                 :     0.99        4         4 
	   Disk (KB)            : 32721        7500     11064 
	   GPUs                 :                           0 
	   Memory (MB)          :    25       12000     12000 
	   TimeExecute (s)      :  9207                       
	   TimeSlotBusy (s)     :  9209                       

	Job terminated of its own accord at 2025-12-16T09:17:48Z with exit-code 0.
...
