000 (10610889.888.000) 12/16 07:15:01 Job submitted from host: <188.185.71.83:9618?addrs=188.185.71.83-9618+[2001-1458-d00-7--100-34d]-9618&alias=bigbird18.cern.ch&noUDP&sock=schedd_5052_d48c>
...
040 (10610889.888.000) 12/16 14:26:44 Started transferring input files
	Transferring to host: <188.185.213.218:9618?addrs=188.185.213.218-9618+[2001-1458-303-1b--100-56]-9618&alias=b9p28p9110.cern.ch&noUDP&sock=slot1_7_5379_bdf4_92781>
...
040 (10610889.888.000) 12/16 14:26:44 Finished transferring input files
...
001 (10610889.888.000) 12/16 14:26:44 Job executing on host: <188.185.213.218:9618?addrs=188.185.213.218-9618+[2001-1458-303-1b--100-56]-9618&alias=b9p28p9110.cern.ch&noUDP&sock=startd_4370_08f5>
	SlotName: slot1_7@b9p28p9110.cern.ch
	CondorScratchDir = "/pool/condor/dir_3204523"
	Cpus = 4
	Disk = 10881
	GPUs = 0
	Memory = 12000
...
006 (10610889.888.000) 12/16 14:26:58 Image size of job updated: 36232
	36  -  MemoryUsage of job (MB)
	36232  -  ResidentSetSize of job (KB)
...
006 (10610889.888.000) 12/16 14:31:59 Image size of job updated: 36652
	36  -  MemoryUsage of job (MB)
	36232  -  ResidentSetSize of job (KB)
...
006 (10610889.888.000) 12/16 16:11:01 Image size of job updated: 117172
	36  -  MemoryUsage of job (MB)
	36232  -  ResidentSetSize of job (KB)
...
040 (10610889.888.000) 12/16 16:11:02 Started transferring output files
...
040 (10610889.888.000) 12/16 16:11:02 Finished transferring output files
...
005 (10610889.888.000) 12/16 16:11:02 Job terminated.
	(1) Normal termination (return value 0)
		Usr 0 01:42:13, Sys 0 00:00:18  -  Run Remote Usage
		Usr 0 00:00:00, Sys 0 00:00:00  -  Run Local Usage
		Usr 0 01:42:13, Sys 0 00:00:18  -  Total Remote Usage
		Usr 0 00:00:00, Sys 0 00:00:00  -  Total Local Usage
	0  -  Run Bytes Sent By Job
	7584148  -  Run Bytes Received By Job
	0  -  Total Bytes Sent By Job
	7584148  -  Total Bytes Received By Job
	Partitionable Resources :    Usage  Request Allocated 
	   Cpus                 :     0.98        4         4 
	   Disk (KB)            : 33409        7500     10881 
	   GPUs                 :                           0 
	   Memory (MB)          :    36       12000     12000 
	   TimeExecute (s)      :  6257                       
	   TimeSlotBusy (s)     :  6258                       

	Job terminated of its own accord at 2025-12-16T15:11:01Z with exit-code 0.
...
