000 (10610888.610.000) 12/16 07:14:44 Job submitted from host: <188.185.71.83:9618?addrs=188.185.71.83-9618+[2001-1458-d00-7--100-34d]-9618&alias=bigbird18.cern.ch&noUDP&sock=schedd_5052_d48c>
...
040 (10610888.610.000) 12/16 09:31:27 Started transferring input files
	Transferring to host: <188.185.206.204:9618?addrs=188.185.206.204-9618+[2001-1458-303-c--100-49]-9618&alias=b9p06p8227.cern.ch&noUDP&sock=slot1_5_1631355_ed3c_9088>
...
040 (10610888.610.000) 12/16 09:31:27 Finished transferring input files
...
001 (10610888.610.000) 12/16 09:31:27 Job executing on host: <188.185.206.204:9618?addrs=188.185.206.204-9618+[2001-1458-303-c--100-49]-9618&alias=b9p06p8227.cern.ch&noUDP&sock=startd_1631244_480b>
	SlotName: slot1_5@b9p06p8227.cern.ch
	CondorScratchDir = "/pool/condor/dir_3916196"
	Cpus = 4
	Disk = 11024
	GPUs = 0
	Memory = 12000
...
006 (10610888.610.000) 12/16 09:31:41 Image size of job updated: 43716
	43  -  MemoryUsage of job (MB)
	43716  -  ResidentSetSize of job (KB)
...
006 (10610888.610.000) 12/16 09:36:41 Image size of job updated: 44096
	43  -  MemoryUsage of job (MB)
	43716  -  ResidentSetSize of job (KB)
...
040 (10610888.610.000) 12/16 11:12:19 Started transferring output files
...
040 (10610888.610.000) 12/16 11:12:19 Finished transferring output files
...
005 (10610888.610.000) 12/16 11:12:19 Job terminated.
	(1) Normal termination (return value 0)
		Usr 0 01:39:17, Sys 0 00:00:13  -  Run Remote Usage
		Usr 0 00:00:00, Sys 0 00:00:00  -  Run Local Usage
		Usr 0 01:39:17, Sys 0 00:00:13  -  Total Remote Usage
		Usr 0 00:00:00, Sys 0 00:00:00  -  Total Local Usage
	0  -  Run Bytes Sent By Job
	7584148  -  Run Bytes Received By Job
	0  -  Total Bytes Sent By Job
	7584148  -  Total Bytes Received By Job
	Partitionable Resources :    Usage  Request Allocated 
	   Cpus                 :     0.99        4         4 
	   Disk (KB)            : 32905        7500     11024 
	   GPUs                 :                           0 
	   Memory (MB)          :    43       12000     12000 
	   TimeExecute (s)      :  6051                       
	   TimeSlotBusy (s)     :  6052                       

	Job terminated of its own accord at 2025-12-16T10:12:18Z with exit-code 0.
...
