000 (10610889.844.000) 12/16 07:15:01 Job submitted from host: <188.185.71.83:9618?addrs=188.185.71.83-9618+[2001-1458-d00-7--100-34d]-9618&alias=bigbird18.cern.ch&noUDP&sock=schedd_5052_d48c>
...
040 (10610889.844.000) 12/16 14:26:31 Started transferring input files
	Transferring to host: <188.185.210.136:9618?addrs=188.185.210.136-9618+[2001-1458-303-15--100-4]-9618&alias=b9p22p1286.cern.ch&noUDP&sock=slot1_9_3834874_66e1_14600>
...
040 (10610889.844.000) 12/16 14:26:31 Finished transferring input files
...
001 (10610889.844.000) 12/16 14:26:31 Job executing on host: <188.185.210.136:9618?addrs=188.185.210.136-9618+[2001-1458-303-15--100-4]-9618&alias=b9p22p1286.cern.ch&noUDP&sock=startd_3834501_5309>
	SlotName: slot1_9@b9p22p1286.cern.ch
	CondorScratchDir = "/pool/condor/dir_1405492"
	Cpus = 4
	Disk = 11008
	GPUs = 0
	Memory = 12000
...
006 (10610889.844.000) 12/16 14:26:44 Image size of job updated: 38008
	38  -  MemoryUsage of job (MB)
	38008  -  ResidentSetSize of job (KB)
...
006 (10610889.844.000) 12/16 14:31:45 Image size of job updated: 38100
	38  -  MemoryUsage of job (MB)
	38008  -  ResidentSetSize of job (KB)
...
006 (10610889.844.000) 12/16 15:40:55 Image size of job updated: 126424
	38  -  MemoryUsage of job (MB)
	38008  -  ResidentSetSize of job (KB)
...
040 (10610889.844.000) 12/16 15:40:56 Started transferring output files
...
040 (10610889.844.000) 12/16 15:40:56 Finished transferring output files
...
005 (10610889.844.000) 12/16 15:40:56 Job terminated.
	(1) Normal termination (return value 0)
		Usr 0 01:13:44, Sys 0 00:00:04  -  Run Remote Usage
		Usr 0 00:00:00, Sys 0 00:00:00  -  Run Local Usage
		Usr 0 01:13:44, Sys 0 00:00:04  -  Total Remote Usage
		Usr 0 00:00:00, Sys 0 00:00:00  -  Total Local Usage
	0  -  Run Bytes Sent By Job
	7584148  -  Run Bytes Received By Job
	0  -  Total Bytes Sent By Job
	7584148  -  Total Bytes Received By Job
	Partitionable Resources :    Usage  Request Allocated 
	   Cpus                 :     0.99        4         4 
	   Disk (KB)            : 32409        7500     11008 
	   GPUs                 :                           0 
	   Memory (MB)          :    38       12000     12000 
	   TimeExecute (s)      :  4464                       
	   TimeSlotBusy (s)     :  4466                       

	Job terminated of its own accord at 2025-12-16T14:40:55Z with exit-code 0.
...
