000 (10613550.284.000) 12/16 14:40:59 Job submitted from host: <188.185.71.83:9618?addrs=188.185.71.83-9618+[2001-1458-d00-7--100-34d]-9618&alias=bigbird18.cern.ch&noUDP&sock=schedd_5052_d48c>
...
040 (10613550.284.000) 12/16 15:50:37 Started transferring input files
	Transferring to host: <188.185.211.141:9618?addrs=188.185.211.141-9618+[2001-1458-303-17--100-9]-9618&alias=b9p24p2350.cern.ch&noUDP&sock=slot1_2_4206_41e4_92750>
...
040 (10613550.284.000) 12/16 15:50:37 Finished transferring input files
...
001 (10613550.284.000) 12/16 15:50:37 Job executing on host: <188.185.211.141:9618?addrs=188.185.211.141-9618+[2001-1458-303-17--100-9]-9618&alias=b9p24p2350.cern.ch&noUDP&sock=startd_3579_798b>
	SlotName: slot1_2@b9p24p2350.cern.ch
	CondorScratchDir = "/pool/condor/dir_3651811"
	Cpus = 4
	Disk = 11012
	GPUs = 0
	Memory = 12000
...
006 (10613550.284.000) 12/16 15:50:51 Image size of job updated: 39548
	39  -  MemoryUsage of job (MB)
	39548  -  ResidentSetSize of job (KB)
...
006 (10613550.284.000) 12/16 15:55:52 Image size of job updated: 39940
	39  -  MemoryUsage of job (MB)
	39548  -  ResidentSetSize of job (KB)
...
040 (10613550.284.000) 12/16 17:16:40 Started transferring output files
...
040 (10613550.284.000) 12/16 17:16:40 Finished transferring output files
...
005 (10613550.284.000) 12/16 17:16:40 Job terminated.
	(1) Normal termination (return value 0)
		Usr 0 01:24:45, Sys 0 00:00:14  -  Run Remote Usage
		Usr 0 00:00:00, Sys 0 00:00:00  -  Run Local Usage
		Usr 0 01:24:45, Sys 0 00:00:14  -  Total Remote Usage
		Usr 0 00:00:00, Sys 0 00:00:00  -  Total Local Usage
	0  -  Run Bytes Sent By Job
	7584148  -  Run Bytes Received By Job
	0  -  Total Bytes Sent By Job
	7584148  -  Total Bytes Received By Job
	Partitionable Resources :    Usage  Request Allocated 
	   Cpus                 :     0.99        4         4 
	   Disk (KB)            : 32560        7500     11012 
	   GPUs                 :                           0 
	   Memory (MB)          :    39       12000     12000 
	   TimeExecute (s)      :  5162                       
	   TimeSlotBusy (s)     :  5164                       

	Job terminated of its own accord at 2025-12-16T16:16:39Z with exit-code 0.
...
