000 (10610888.919.000) 12/16 07:14:45 Job submitted from host: <188.185.71.83:9618?addrs=188.185.71.83-9618+[2001-1458-d00-7--100-34d]-9618&alias=bigbird18.cern.ch&noUDP&sock=schedd_5052_d48c>
...
040 (10610888.919.000) 12/16 09:56:06 Started transferring input files
	Transferring to host: <188.185.210.220:9618?addrs=188.185.210.220-9618+[2001-1458-303-15--100-58]-9618&alias=b9p22p0994.cern.ch&noUDP&sock=slot1_5_5412_fe55_90163>
...
040 (10610888.919.000) 12/16 09:56:06 Finished transferring input files
...
001 (10610888.919.000) 12/16 09:56:06 Job executing on host: <188.185.210.220:9618?addrs=188.185.210.220-9618+[2001-1458-303-15--100-58]-9618&alias=b9p22p0994.cern.ch&noUDP&sock=startd_4398_3d9c>
	SlotName: slot1_5@b9p22p0994.cern.ch
	CondorScratchDir = "/pool/condor/dir_1772721"
	Cpus = 4
	Disk = 11001
	GPUs = 0
	Memory = 12000
...
006 (10610888.919.000) 12/16 09:56:21 Image size of job updated: 37516
	37  -  MemoryUsage of job (MB)
	37516  -  ResidentSetSize of job (KB)
...
006 (10610888.919.000) 12/16 10:01:21 Image size of job updated: 37936
	37  -  MemoryUsage of job (MB)
	37516  -  ResidentSetSize of job (KB)
...
006 (10610888.919.000) 12/16 11:52:41 Image size of job updated: 118456
	37  -  MemoryUsage of job (MB)
	37516  -  ResidentSetSize of job (KB)
...
040 (10610888.919.000) 12/16 11:52:42 Started transferring output files
...
040 (10610888.919.000) 12/16 11:52:43 Finished transferring output files
...
005 (10610888.919.000) 12/16 11:52:43 Job terminated.
	(1) Normal termination (return value 0)
		Usr 0 01:52:24, Sys 0 00:00:13  -  Run Remote Usage
		Usr 0 00:00:00, Sys 0 00:00:00  -  Run Local Usage
		Usr 0 01:52:24, Sys 0 00:00:13  -  Total Remote Usage
		Usr 0 00:00:00, Sys 0 00:00:00  -  Total Local Usage
	0  -  Run Bytes Sent By Job
	7584148  -  Run Bytes Received By Job
	0  -  Total Bytes Sent By Job
	7584148  -  Total Bytes Received By Job
	Partitionable Resources :    Usage  Request Allocated 
	   Cpus                 :     0.97        4         4 
	   Disk (KB)            : 32783        7500     11001 
	   GPUs                 :                           0 
	   Memory (MB)          :    37       12000     12000 
	   TimeExecute (s)      :  6995                       
	   TimeSlotBusy (s)     :  6997                       

	Job terminated of its own accord at 2025-12-16T10:52:41Z with exit-code 0.
...
