000 (10610888.292.000) 12/16 07:14:44 Job submitted from host: <188.185.71.83:9618?addrs=188.185.71.83-9618+[2001-1458-d00-7--100-34d]-9618&alias=bigbird18.cern.ch&noUDP&sock=schedd_5052_d48c>
...
040 (10610888.292.000) 12/16 09:14:54 Started transferring input files
	Transferring to host: <188.185.213.164:9618?addrs=188.185.213.164-9618+[2001-1458-303-1b--100-20]-9618&alias=b9p28p4074.cern.ch&noUDP&sock=slot1_11_4016_629c_91695>
...
001 (10610888.292.000) 12/16 09:14:54 Job executing on host: <188.185.213.164:9618?addrs=188.185.213.164-9618+[2001-1458-303-1b--100-20]-9618&alias=b9p28p4074.cern.ch&noUDP&sock=startd_3378_9b02>
	SlotName: slot1_11@b9p28p4074.cern.ch
	CondorScratchDir = "/pool/condor/dir_2133659"
	Cpus = 4
	Disk = 11239
	GPUs = 0
	Memory = 12000
...
040 (10610888.292.000) 12/16 09:14:54 Finished transferring input files
...
006 (10610888.292.000) 12/16 09:15:08 Image size of job updated: 40072
	40  -  MemoryUsage of job (MB)
	40072  -  ResidentSetSize of job (KB)
...
006 (10610888.292.000) 12/16 09:20:09 Image size of job updated: 40492
	40  -  MemoryUsage of job (MB)
	40072  -  ResidentSetSize of job (KB)
...
006 (10610888.292.000) 12/16 10:52:07 Image size of job updated: 121016
	40  -  MemoryUsage of job (MB)
	40072  -  ResidentSetSize of job (KB)
...
040 (10610888.292.000) 12/16 10:52:07 Started transferring output files
...
040 (10610888.292.000) 12/16 10:52:07 Finished transferring output files
...
005 (10610888.292.000) 12/16 10:52:07 Job terminated.
	(1) Normal termination (return value 0)
		Usr 0 01:35:55, Sys 0 00:00:10  -  Run Remote Usage
		Usr 0 00:00:00, Sys 0 00:00:00  -  Run Local Usage
		Usr 0 01:35:55, Sys 0 00:00:10  -  Total Remote Usage
		Usr 0 00:00:00, Sys 0 00:00:00  -  Total Local Usage
	0  -  Run Bytes Sent By Job
	7584148  -  Run Bytes Received By Job
	0  -  Total Bytes Sent By Job
	7584148  -  Total Bytes Received By Job
	Partitionable Resources :    Usage  Request Allocated 
	   Cpus                 :     0.99        4         4 
	   Disk (KB)            : 33108        7500     11239 
	   GPUs                 :                           0 
	   Memory (MB)          :    40       12000     12000 
	   TimeExecute (s)      :  5833                       
	   TimeSlotBusy (s)     :  5833                       

	Job terminated of its own accord at 2025-12-16T09:52:07Z with exit-code 0.
...
