000 (10610887.095.000) 12/16 07:14:31 Job submitted from host: <188.185.71.83:9618?addrs=188.185.71.83-9618+[2001-1458-d00-7--100-34d]-9618&alias=bigbird18.cern.ch&noUDP&sock=schedd_5052_d48c>
...
040 (10610887.095.000) 12/16 07:44:21 Started transferring input files
	Transferring to host: <188.185.196.58:9618?addrs=188.185.196.58-9618+[2001-1458-303-23--100-36]-9618&alias=b9p16p5202.cern.ch&noUDP&sock=slot1_24_5000_b3c4_85438>
...
040 (10610887.095.000) 12/16 07:44:21 Finished transferring input files
...
001 (10610887.095.000) 12/16 07:44:21 Job executing on host: <188.185.196.58:9618?addrs=188.185.196.58-9618+[2001-1458-303-23--100-36]-9618&alias=b9p16p5202.cern.ch&noUDP&sock=startd_4017_e806>
	SlotName: slot1_24@b9p16p5202.cern.ch
	CondorScratchDir = "/pool/condor/dir_2516563"
	Cpus = 4
	Disk = 10960
	GPUs = 0
	Memory = 12000
...
006 (10610887.095.000) 12/16 07:44:35 Image size of job updated: 40080
	40  -  MemoryUsage of job (MB)
	40080  -  ResidentSetSize of job (KB)
...
006 (10610887.095.000) 12/16 07:49:36 Image size of job updated: 40504
	40  -  MemoryUsage of job (MB)
	40080  -  ResidentSetSize of job (KB)
...
040 (10610887.095.000) 12/16 10:29:44 Started transferring output files
...
040 (10610887.095.000) 12/16 10:29:45 Finished transferring output files
...
005 (10610887.095.000) 12/16 10:29:45 Job terminated.
	(1) Normal termination (return value 0)
		Usr 0 02:43:39, Sys 0 00:00:10  -  Run Remote Usage
		Usr 0 00:00:00, Sys 0 00:00:00  -  Run Local Usage
		Usr 0 02:43:39, Sys 0 00:00:10  -  Total Remote Usage
		Usr 0 00:00:00, Sys 0 00:00:00  -  Total Local Usage
	0  -  Run Bytes Sent By Job
	7584148  -  Run Bytes Received By Job
	0  -  Total Bytes Sent By Job
	7584148  -  Total Bytes Received By Job
	Partitionable Resources :    Usage  Request Allocated 
	   Cpus                 :     0.99        4         4 
	   Disk (KB)            : 33466        7500     10960 
	   GPUs                 :                           0 
	   Memory (MB)          :    40       12000     12000 
	   TimeExecute (s)      :  9922                       
	   TimeSlotBusy (s)     :  9925                       

	Job terminated of its own accord at 2025-12-16T09:29:43Z with exit-code 0.
...
