000 (10610888.908.000) 12/16 07:14:45 Job submitted from host: <188.185.71.83:9618?addrs=188.185.71.83-9618+[2001-1458-d00-7--100-34d]-9618&alias=bigbird18.cern.ch&noUDP&sock=schedd_5052_d48c>
...
040 (10610888.908.000) 12/16 09:53:52 Started transferring input files
	Transferring to host: <188.185.196.169:9618?addrs=188.185.196.169-9618+[2001-1458-303-23--100-a5]-9618&alias=b9p16p5471.cern.ch&noUDP&sock=slot1_22_4663_4157_82550>
...
040 (10610888.908.000) 12/16 09:53:52 Finished transferring input files
...
001 (10610888.908.000) 12/16 09:53:52 Job executing on host: <188.185.196.169:9618?addrs=188.185.196.169-9618+[2001-1458-303-23--100-a5]-9618&alias=b9p16p5471.cern.ch&noUDP&sock=startd_3695_0a88>
	SlotName: slot1_22@b9p16p5471.cern.ch
	CondorScratchDir = "/pool/condor/dir_499913"
	Cpus = 4
	Disk = 11165
	GPUs = 0
	Memory = 12000
...
006 (10610888.908.000) 12/16 09:54:05 Image size of job updated: 40044
	40  -  MemoryUsage of job (MB)
	40044  -  ResidentSetSize of job (KB)
...
006 (10610888.908.000) 12/16 09:59:05 Image size of job updated: 40464
	40  -  MemoryUsage of job (MB)
	40044  -  ResidentSetSize of job (KB)
...
040 (10610888.908.000) 12/16 12:00:11 Started transferring output files
...
040 (10610888.908.000) 12/16 12:00:12 Finished transferring output files
...
005 (10610888.908.000) 12/16 12:00:12 Job terminated.
	(1) Normal termination (return value 0)
		Usr 0 02:05:00, Sys 0 00:00:07  -  Run Remote Usage
		Usr 0 00:00:00, Sys 0 00:00:00  -  Run Local Usage
		Usr 0 02:05:00, Sys 0 00:00:07  -  Total Remote Usage
		Usr 0 00:00:00, Sys 0 00:00:00  -  Total Local Usage
	0  -  Run Bytes Sent By Job
	7584148  -  Run Bytes Received By Job
	0  -  Total Bytes Sent By Job
	7584148  -  Total Bytes Received By Job
	Partitionable Resources :    Usage  Request Allocated 
	   Cpus                 :     0.99        4         4 
	   Disk (KB)            : 33263        7500     11165 
	   GPUs                 :                           0 
	   Memory (MB)          :    40       12000     12000 
	   TimeExecute (s)      :  7578                       
	   TimeSlotBusy (s)     :  7581                       

	Job terminated of its own accord at 2025-12-16T11:00:10Z with exit-code 0.
...
