000 (10610887.840.000) 12/16 07:14:32 Job submitted from host: <188.185.71.83:9618?addrs=188.185.71.83-9618+[2001-1458-d00-7--100-34d]-9618&alias=bigbird18.cern.ch&noUDP&sock=schedd_5052_d48c>
...
040 (10610887.840.000) 12/16 07:59:36 Started transferring input files
	Transferring to host: <188.185.214.26:9618?addrs=188.185.214.26-9618+[2001-1458-303-1c--100-16]-9618&alias=b9p29p0550.cern.ch&noUDP&sock=slot1_12_6799_42ae_89916>
...
040 (10610887.840.000) 12/16 07:59:36 Finished transferring input files
...
001 (10610887.840.000) 12/16 07:59:36 Job executing on host: <188.185.214.26:9618?addrs=188.185.214.26-9618+[2001-1458-303-1c--100-16]-9618&alias=b9p29p0550.cern.ch&noUDP&sock=startd_5906_9a6d>
	SlotName: slot1_12@b9p29p0550.cern.ch
	CondorScratchDir = "/pool/condor/dir_4163892"
	Cpus = 4
	Disk = 10924
	GPUs = 0
	Memory = 12000
...
006 (10610887.840.000) 12/16 07:59:50 Image size of job updated: 37996
	38  -  MemoryUsage of job (MB)
	37996  -  ResidentSetSize of job (KB)
...
006 (10610887.840.000) 12/16 08:04:51 Image size of job updated: 38088
	38  -  MemoryUsage of job (MB)
	37996  -  ResidentSetSize of job (KB)
...
006 (10610887.840.000) 12/16 09:19:22 Image size of job updated: 118608
	38  -  MemoryUsage of job (MB)
	37996  -  ResidentSetSize of job (KB)
...
040 (10610887.840.000) 12/16 09:19:22 Started transferring output files
...
040 (10610887.840.000) 12/16 09:19:22 Finished transferring output files
...
005 (10610887.840.000) 12/16 09:19:22 Job terminated.
	(1) Normal termination (return value 0)
		Usr 0 01:18:52, Sys 0 00:00:06  -  Run Remote Usage
		Usr 0 00:00:00, Sys 0 00:00:00  -  Run Local Usage
		Usr 0 01:18:52, Sys 0 00:00:06  -  Total Remote Usage
		Usr 0 00:00:00, Sys 0 00:00:00  -  Total Local Usage
	0  -  Run Bytes Sent By Job
	7584148  -  Run Bytes Received By Job
	0  -  Total Bytes Sent By Job
	7584148  -  Total Bytes Received By Job
	Partitionable Resources :    Usage  Request Allocated 
	   Cpus                 :     0.99        4         4 
	   Disk (KB)            : 33659        7500     10924 
	   GPUs                 :                           0 
	   Memory (MB)          :    38       12000     12000 
	   TimeExecute (s)      :  4786                       
	   TimeSlotBusy (s)     :  4787                       

	Job terminated of its own accord at 2025-12-16T08:19:22Z with exit-code 0.
...
