000 (10610887.966.000) 12/16 07:14:32 Job submitted from host: <188.185.71.83:9618?addrs=188.185.71.83-9618+[2001-1458-d00-7--100-34d]-9618&alias=bigbird18.cern.ch&noUDP&sock=schedd_5052_d48c>
...
040 (10610887.966.000) 12/16 08:00:16 Started transferring input files
	Transferring to host: <128.142.161.80:9618?addrs=128.142.161.80-9618+[2001-1458-301-b8--100-e]-9618&alias=b9g03p6247.cern.ch&noUDP&sock=slot1_2_3288044_32c4_110923>
...
040 (10610887.966.000) 12/16 08:00:16 Finished transferring input files
...
001 (10610887.966.000) 12/16 08:00:16 Job executing on host: <128.142.161.80:9618?addrs=128.142.161.80-9618+[2001-1458-301-b8--100-e]-9618&alias=b9g03p6247.cern.ch&noUDP&sock=startd_6103_ba95>
	SlotName: slot1_2@b9g03p6247.cern.ch
	CondorScratchDir = "/pool/condor/dir_1159154"
	Cpus = 4
	Disk = 11161
	GPUs = 0
	Memory = 12000
...
006 (10610887.966.000) 12/16 08:00:29 Image size of job updated: 37548
	37  -  MemoryUsage of job (MB)
	37548  -  ResidentSetSize of job (KB)
...
006 (10610887.966.000) 12/16 08:05:30 Image size of job updated: 37968
	37  -  MemoryUsage of job (MB)
	37548  -  ResidentSetSize of job (KB)
...
006 (10610887.966.000) 12/16 10:10:41 Image size of job updated: 43384
	43  -  MemoryUsage of job (MB)
	43384  -  ResidentSetSize of job (KB)
...
006 (10610887.966.000) 12/16 10:50:30 Image size of job updated: 125160
	43  -  MemoryUsage of job (MB)
	43384  -  ResidentSetSize of job (KB)
...
040 (10610887.966.000) 12/16 10:50:31 Started transferring output files
...
040 (10610887.966.000) 12/16 10:50:31 Finished transferring output files
...
005 (10610887.966.000) 12/16 10:50:31 Job terminated.
	(1) Normal termination (return value 0)
		Usr 0 02:45:15, Sys 0 00:00:19  -  Run Remote Usage
		Usr 0 00:00:00, Sys 0 00:00:00  -  Run Local Usage
		Usr 0 02:45:15, Sys 0 00:00:19  -  Total Remote Usage
		Usr 0 00:00:00, Sys 0 00:00:00  -  Total Local Usage
	0  -  Run Bytes Sent By Job
	7584148  -  Run Bytes Received By Job
	0  -  Total Bytes Sent By Job
	7584148  -  Total Bytes Received By Job
	Partitionable Resources :    Usage  Request Allocated 
	   Cpus                 :     0.99        4         4 
	   Disk (KB)            : 32840        7500     11161 
	   GPUs                 :                           0 
	   Memory (MB)          :    43       12000     12000 
	   TimeExecute (s)      : 10214                       
	   TimeSlotBusy (s)     : 10215                       

	Job terminated of its own accord at 2025-12-16T09:50:30Z with exit-code 0.
...
