000 (10610888.547.000) 12/16 07:14:44 Job submitted from host: <188.185.71.83:9618?addrs=188.185.71.83-9618+[2001-1458-d00-7--100-34d]-9618&alias=bigbird18.cern.ch&noUDP&sock=schedd_5052_d48c>
...
040 (10610888.547.000) 12/16 09:29:12 Started transferring input files
	Transferring to host: <188.185.214.87:9618?addrs=188.185.214.87-9618+[2001-1458-303-1c--100-53]-9618&alias=b9p29p4639.cern.ch&noUDP&sock=slot1_10_5743_3683_110040>
...
040 (10610888.547.000) 12/16 09:29:12 Finished transferring input files
...
001 (10610888.547.000) 12/16 09:29:13 Job executing on host: <188.185.214.87:9618?addrs=188.185.214.87-9618+[2001-1458-303-1c--100-53]-9618&alias=b9p29p4639.cern.ch&noUDP&sock=startd_4816_f432>
	SlotName: slot1_10@b9p29p4639.cern.ch
	CondorScratchDir = "/pool/condor/dir_479390"
	Cpus = 4
	Disk = 11170
	GPUs = 0
	Memory = 12000
...
006 (10610888.547.000) 12/16 09:29:26 Image size of job updated: 40084
	40  -  MemoryUsage of job (MB)
	40084  -  ResidentSetSize of job (KB)
...
006 (10610888.547.000) 12/16 09:34:26 Image size of job updated: 40504
	40  -  MemoryUsage of job (MB)
	40084  -  ResidentSetSize of job (KB)
...
006 (10610888.547.000) 12/16 10:53:52 Image size of job updated: 121020
	40  -  MemoryUsage of job (MB)
	40084  -  ResidentSetSize of job (KB)
...
040 (10610888.547.000) 12/16 10:53:52 Started transferring output files
...
040 (10610888.547.000) 12/16 10:53:52 Finished transferring output files
...
005 (10610888.547.000) 12/16 10:53:52 Job terminated.
	(1) Normal termination (return value 0)
		Usr 0 01:23:32, Sys 0 00:00:10  -  Run Remote Usage
		Usr 0 00:00:00, Sys 0 00:00:00  -  Run Local Usage
		Usr 0 01:23:32, Sys 0 00:00:10  -  Total Remote Usage
		Usr 0 00:00:00, Sys 0 00:00:00  -  Total Local Usage
	0  -  Run Bytes Sent By Job
	7584148  -  Run Bytes Received By Job
	0  -  Total Bytes Sent By Job
	7584148  -  Total Bytes Received By Job
	Partitionable Resources :    Usage  Request Allocated 
	   Cpus                 :     0.99        4         4 
	   Disk (KB)            : 32706        7500     11170 
	   GPUs                 :                           0 
	   Memory (MB)          :    40       12000     12000 
	   TimeExecute (s)      :  5080                       
	   TimeSlotBusy (s)     :  5080                       

	Job terminated of its own accord at 2025-12-16T09:53:52Z with exit-code 0.
...
