000 (10610887.891.000) 12/16 07:14:32 Job submitted from host: <188.185.71.83:9618?addrs=188.185.71.83-9618+[2001-1458-d00-7--100-34d]-9618&alias=bigbird18.cern.ch&noUDP&sock=schedd_5052_d48c>
...
040 (10610887.891.000) 12/16 07:59:52 Started transferring input files
	Transferring to host: <188.185.195.74:9618?addrs=188.185.195.74-9618+[2001-1458-303-22--100-46]-9618&alias=b9p17p8745.cern.ch&noUDP&sock=slot1_3_7565_fa0d_85435>
...
040 (10610887.891.000) 12/16 07:59:52 Finished transferring input files
...
001 (10610887.891.000) 12/16 07:59:52 Job executing on host: <188.185.195.74:9618?addrs=188.185.195.74-9618+[2001-1458-303-22--100-46]-9618&alias=b9p17p8745.cern.ch&noUDP&sock=startd_6965_fd39>
	SlotName: slot1_3@b9p17p8745.cern.ch
	CondorScratchDir = "/pool/condor/dir_323220"
	Cpus = 4
	Disk = 11045
	GPUs = 0
	Memory = 12000
...
006 (10610887.891.000) 12/16 08:00:06 Image size of job updated: 37292
	37  -  MemoryUsage of job (MB)
	37292  -  ResidentSetSize of job (KB)
...
006 (10610887.891.000) 12/16 08:05:07 Image size of job updated: 37712
	37  -  MemoryUsage of job (MB)
	37292  -  ResidentSetSize of job (KB)
...
006 (10610887.891.000) 12/16 10:55:16 Image size of job updated: 118240
	37  -  MemoryUsage of job (MB)
	37292  -  ResidentSetSize of job (KB)
...
040 (10610887.891.000) 12/16 10:55:17 Started transferring output files
...
040 (10610887.891.000) 12/16 10:55:17 Finished transferring output files
...
005 (10610887.891.000) 12/16 10:55:17 Job terminated.
	(1) Normal termination (return value 0)
		Usr 0 02:53:29, Sys 0 00:00:10  -  Run Remote Usage
		Usr 0 00:00:00, Sys 0 00:00:00  -  Run Local Usage
		Usr 0 02:53:29, Sys 0 00:00:10  -  Total Remote Usage
		Usr 0 00:00:00, Sys 0 00:00:00  -  Total Local Usage
	0  -  Run Bytes Sent By Job
	7584148  -  Run Bytes Received By Job
	0  -  Total Bytes Sent By Job
	7584148  -  Total Bytes Received By Job
	Partitionable Resources :    Usage  Request Allocated 
	   Cpus                 :     0.99        4         4 
	   Disk (KB)            : 33143        7500     11045 
	   GPUs                 :                           0 
	   Memory (MB)          :    37       12000     12000 
	   TimeExecute (s)      : 10524                       
	   TimeSlotBusy (s)     : 10526                       

	Job terminated of its own accord at 2025-12-16T09:55:16Z with exit-code 0.
...
