000 (10610887.151.000) 12/16 07:14:31 Job submitted from host: <188.185.71.83:9618?addrs=188.185.71.83-9618+[2001-1458-d00-7--100-34d]-9618&alias=bigbird18.cern.ch&noUDP&sock=schedd_5052_d48c>
...
040 (10610887.151.000) 12/16 07:44:38 Started transferring input files
	Transferring to host: <188.185.212.180:9618?addrs=188.185.212.180-9618+[2001-1458-303-19--100-30]-9618&alias=b9p26p6509.cern.ch&noUDP&sock=slot1_5_2829136_ff5f_11714>
...
040 (10610887.151.000) 12/16 07:44:38 Finished transferring input files
...
001 (10610887.151.000) 12/16 07:44:38 Job executing on host: <188.185.212.180:9618?addrs=188.185.212.180-9618+[2001-1458-303-19--100-30]-9618&alias=b9p26p6509.cern.ch&noUDP&sock=startd_2828637_48d7>
	SlotName: slot1_5@b9p26p6509.cern.ch
	CondorScratchDir = "/pool/condor/dir_2957972"
	Cpus = 4
	Disk = 10961
	GPUs = 0
	Memory = 12000
...
006 (10610887.151.000) 12/16 07:44:52 Image size of job updated: 43512
	43  -  MemoryUsage of job (MB)
	43512  -  ResidentSetSize of job (KB)
...
006 (10610887.151.000) 12/16 07:49:53 Image size of job updated: 43540
	43  -  MemoryUsage of job (MB)
	43512  -  ResidentSetSize of job (KB)
...
006 (10610887.151.000) 12/16 09:21:48 Image size of job updated: 123800
	43  -  MemoryUsage of job (MB)
	43512  -  ResidentSetSize of job (KB)
...
040 (10610887.151.000) 12/16 09:21:48 Started transferring output files
...
040 (10610887.151.000) 12/16 09:21:49 Finished transferring output files
...
005 (10610887.151.000) 12/16 09:21:49 Job terminated.
	(1) Normal termination (return value 0)
		Usr 0 01:35:41, Sys 0 00:00:11  -  Run Remote Usage
		Usr 0 00:00:00, Sys 0 00:00:00  -  Run Local Usage
		Usr 0 01:35:41, Sys 0 00:00:11  -  Total Remote Usage
		Usr 0 00:00:00, Sys 0 00:00:00  -  Total Local Usage
	0  -  Run Bytes Sent By Job
	7584148  -  Run Bytes Received By Job
	0  -  Total Bytes Sent By Job
	7584148  -  Total Bytes Received By Job
	Partitionable Resources :    Usage  Request Allocated 
	   Cpus                 :     0.99        4         4 
	   Disk (KB)            : 33601        7500     10961 
	   GPUs                 :                           0 
	   Memory (MB)          :    43       12000     12000 
	   TimeExecute (s)      :  5830                       
	   TimeSlotBusy (s)     :  5831                       

	Job terminated of its own accord at 2025-12-16T08:21:48Z with exit-code 0.
...
