000 (10610888.819.000) 12/16 07:14:45 Job submitted from host: <188.185.71.83:9618?addrs=188.185.71.83-9618+[2001-1458-d00-7--100-34d]-9618&alias=bigbird18.cern.ch&noUDP&sock=schedd_5052_d48c>
...
040 (10610888.819.000) 12/16 09:44:11 Started transferring input files
	Transferring to host: <188.185.210.96:9618?addrs=188.185.210.96-9618+[2001-1458-303-1--100-5c]-9618&alias=b9p21p4456.cern.ch&noUDP&sock=slot1_2_5937_e74b_91239>
...
001 (10610888.819.000) 12/16 09:44:11 Job executing on host: <188.185.210.96:9618?addrs=188.185.210.96-9618+[2001-1458-303-1--100-5c]-9618&alias=b9p21p4456.cern.ch&noUDP&sock=startd_5095_531f>
	SlotName: slot1_2@b9p21p4456.cern.ch
	CondorScratchDir = "/pool/condor/dir_3608518"
	Cpus = 4
	Disk = 11060
	GPUs = 0
	Memory = 12000
...
040 (10610888.819.000) 12/16 09:44:11 Finished transferring input files
...
006 (10610888.819.000) 12/16 09:44:25 Image size of job updated: 37512
	37  -  MemoryUsage of job (MB)
	37512  -  ResidentSetSize of job (KB)
...
006 (10610888.819.000) 12/16 09:49:26 Image size of job updated: 37932
	37  -  MemoryUsage of job (MB)
	37512  -  ResidentSetSize of job (KB)
...
006 (10610888.819.000) 12/16 11:14:09 Image size of job updated: 118464
	37  -  MemoryUsage of job (MB)
	37512  -  ResidentSetSize of job (KB)
...
040 (10610888.819.000) 12/16 11:14:10 Started transferring output files
...
040 (10610888.819.000) 12/16 11:14:10 Finished transferring output files
...
005 (10610888.819.000) 12/16 11:14:10 Job terminated.
	(1) Normal termination (return value 0)
		Usr 0 01:28:44, Sys 0 00:00:07  -  Run Remote Usage
		Usr 0 00:00:00, Sys 0 00:00:00  -  Run Local Usage
		Usr 0 01:28:44, Sys 0 00:00:07  -  Total Remote Usage
		Usr 0 00:00:00, Sys 0 00:00:00  -  Total Local Usage
	0  -  Run Bytes Sent By Job
	7584148  -  Run Bytes Received By Job
	0  -  Total Bytes Sent By Job
	7584148  -  Total Bytes Received By Job
	Partitionable Resources :    Usage  Request Allocated 
	   Cpus                 :     0.99        4         4 
	   Disk (KB)            : 33219        7500     11060 
	   GPUs                 :                           0 
	   Memory (MB)          :    37       12000     12000 
	   TimeExecute (s)      :  5398                       
	   TimeSlotBusy (s)     :  5399                       

	Job terminated of its own accord at 2025-12-16T10:14:09Z with exit-code 0.
...
