000 (10613550.273.000) 12/16 14:40:59 Job submitted from host: <188.185.71.83:9618?addrs=188.185.71.83-9618+[2001-1458-d00-7--100-34d]-9618&alias=bigbird18.cern.ch&noUDP&sock=schedd_5052_d48c>
...
040 (10613550.273.000) 12/16 15:49:51 Started transferring input files
	Transferring to host: <188.185.210.211:9618?addrs=188.185.210.211-9618+[2001-1458-303-15--100-4f]-9618&alias=b9p22p6834.cern.ch&noUDP&sock=slot1_5_9821_8868_91338>
...
040 (10613550.273.000) 12/16 15:49:51 Finished transferring input files
...
001 (10613550.273.000) 12/16 15:49:51 Job executing on host: <188.185.210.211:9618?addrs=188.185.210.211-9618+[2001-1458-303-15--100-4f]-9618&alias=b9p22p6834.cern.ch&noUDP&sock=startd_8882_e446>
	SlotName: slot1_5@b9p22p6834.cern.ch
	CondorScratchDir = "/pool/condor/dir_1639247"
	Cpus = 4
	Disk = 11063
	GPUs = 0
	Memory = 12000
...
006 (10613550.273.000) 12/16 15:50:04 Image size of job updated: 37472
	37  -  MemoryUsage of job (MB)
	37472  -  ResidentSetSize of job (KB)
...
006 (10613550.273.000) 12/16 15:55:04 Image size of job updated: 37892
	37  -  MemoryUsage of job (MB)
	37472  -  ResidentSetSize of job (KB)
...
040 (10613550.273.000) 12/16 17:14:09 Started transferring output files
...
040 (10613550.273.000) 12/16 17:14:09 Finished transferring output files
...
005 (10613550.273.000) 12/16 17:14:09 Job terminated.
	(1) Normal termination (return value 0)
		Usr 0 01:22:39, Sys 0 00:00:12  -  Run Remote Usage
		Usr 0 00:00:00, Sys 0 00:00:00  -  Run Local Usage
		Usr 0 01:22:39, Sys 0 00:00:12  -  Total Remote Usage
		Usr 0 00:00:00, Sys 0 00:00:00  -  Total Local Usage
	0  -  Run Bytes Sent By Job
	7584148  -  Run Bytes Received By Job
	0  -  Total Bytes Sent By Job
	7584148  -  Total Bytes Received By Job
	Partitionable Resources :    Usage  Request Allocated 
	   Cpus                 :     0.97        4         4 
	   Disk (KB)            : 32633        7500     11063 
	   GPUs                 :                           0 
	   Memory (MB)          :    37       12000     12000 
	   TimeExecute (s)      :  5058                       
	   TimeSlotBusy (s)     :  5059                       

	Job terminated of its own accord at 2025-12-16T16:14:09Z with exit-code 0.
...
