000 (10613550.718.000) 12/16 14:41:00 Job submitted from host: <188.185.71.83:9618?addrs=188.185.71.83-9618+[2001-1458-d00-7--100-34d]-9618&alias=bigbird18.cern.ch&noUDP&sock=schedd_5052_d48c>
...
040 (10613550.718.000) 12/16 16:48:25 Started transferring input files
	Transferring to host: <188.185.213.89:9618?addrs=188.185.213.89-9618+[2001-1458-303-1a--100-55]-9618&alias=b9p27p3133.cern.ch&noUDP&sock=slot1_9_6884_2691_92830>
...
040 (10613550.718.000) 12/16 16:48:25 Finished transferring input files
...
001 (10613550.718.000) 12/16 16:48:25 Job executing on host: <188.185.213.89:9618?addrs=188.185.213.89-9618+[2001-1458-303-1a--100-55]-9618&alias=b9p27p3133.cern.ch&noUDP&sock=startd_6001_c3ec>
	SlotName: slot1_9@b9p27p3133.cern.ch
	CondorScratchDir = "/pool/condor/dir_3739036"
	Cpus = 4
	Disk = 10962
	GPUs = 0
	Memory = 12000
...
006 (10613550.718.000) 12/16 16:48:39 Image size of job updated: 39572
	39  -  MemoryUsage of job (MB)
	39572  -  ResidentSetSize of job (KB)
...
006 (10613550.718.000) 12/16 16:53:40 Image size of job updated: 39992
	39  -  MemoryUsage of job (MB)
	39572  -  ResidentSetSize of job (KB)
...
006 (10613550.718.000) 12/16 18:03:48 Image size of job updated: 120520
	118  -  MemoryUsage of job (MB)
	120520  -  ResidentSetSize of job (KB)
...
040 (10613550.718.000) 12/16 18:03:50 Started transferring output files
...
040 (10613550.718.000) 12/16 18:03:50 Finished transferring output files
...
005 (10613550.718.000) 12/16 18:03:50 Job terminated.
	(1) Normal termination (return value 0)
		Usr 0 01:14:40, Sys 0 00:00:06  -  Run Remote Usage
		Usr 0 00:00:00, Sys 0 00:00:00  -  Run Local Usage
		Usr 0 01:14:40, Sys 0 00:00:06  -  Total Remote Usage
		Usr 0 00:00:00, Sys 0 00:00:00  -  Total Local Usage
	0  -  Run Bytes Sent By Job
	7584148  -  Run Bytes Received By Job
	0  -  Total Bytes Sent By Job
	7584148  -  Total Bytes Received By Job
	Partitionable Resources :    Usage  Request Allocated 
	   Cpus                 :     0.99        4         4 
	   Disk (KB)            : 33352        7500     10962 
	   GPUs                 :                           0 
	   Memory (MB)          :   118       12000     12000 
	   TimeExecute (s)      :  4525                       
	   TimeSlotBusy (s)     :  4525                       

	Job terminated of its own accord at 2025-12-16T17:03:50Z with exit-code 0.
...
