000 (10613550.384.000) 12/16 14:40:59 Job submitted from host: <188.185.71.83:9618?addrs=188.185.71.83-9618+[2001-1458-d00-7--100-34d]-9618&alias=bigbird18.cern.ch&noUDP&sock=schedd_5052_d48c>
...
040 (10613550.384.000) 12/16 16:00:16 Started transferring input files
	Transferring to host: <188.185.212.150:9618?addrs=188.185.212.150-9618+[2001-1458-303-19--100-12]-9618&alias=b9p26p2685.cern.ch&noUDP&sock=slot1_4_4533_a891_26633>
...
001 (10613550.384.000) 12/16 16:00:16 Job executing on host: <188.185.212.150:9618?addrs=188.185.212.150-9618+[2001-1458-303-19--100-12]-9618&alias=b9p26p2685.cern.ch&noUDP&sock=startd_3866_5539>
	SlotName: slot1_4@b9p26p2685.cern.ch
	CondorScratchDir = "/pool/condor/dir_1705788"
	Cpus = 4
	Disk = 11091
	GPUs = 0
	Memory = 12000
...
040 (10613550.384.000) 12/16 16:00:16 Finished transferring input files
...
006 (10613550.384.000) 12/16 16:00:30 Image size of job updated: 38008
	38  -  MemoryUsage of job (MB)
	38008  -  ResidentSetSize of job (KB)
...
006 (10613550.384.000) 12/16 16:05:31 Image size of job updated: 38100
	38  -  MemoryUsage of job (MB)
	38008  -  ResidentSetSize of job (KB)
...
006 (10613550.384.000) 12/16 17:33:00 Image size of job updated: 118692
	38  -  MemoryUsage of job (MB)
	38008  -  ResidentSetSize of job (KB)
...
040 (10613550.384.000) 12/16 17:33:01 Started transferring output files
...
040 (10613550.384.000) 12/16 17:33:01 Finished transferring output files
...
005 (10613550.384.000) 12/16 17:33:01 Job terminated.
	(1) Normal termination (return value 0)
		Usr 0 01:31:20, Sys 0 00:00:14  -  Run Remote Usage
		Usr 0 00:00:00, Sys 0 00:00:00  -  Run Local Usage
		Usr 0 01:31:20, Sys 0 00:00:14  -  Total Remote Usage
		Usr 0 00:00:00, Sys 0 00:00:00  -  Total Local Usage
	0  -  Run Bytes Sent By Job
	7584148  -  Run Bytes Received By Job
	0  -  Total Bytes Sent By Job
	7584148  -  Total Bytes Received By Job
	Partitionable Resources :    Usage  Request Allocated 
	   Cpus                 :     0.99        4         4 
	   Disk (KB)            : 33690        7500     11091 
	   GPUs                 :                           0 
	   Memory (MB)          :    38       12000     12000 
	   TimeExecute (s)      :  5564                       
	   TimeSlotBusy (s)     :  5565                       

	Job terminated of its own accord at 2025-12-16T16:33:00Z with exit-code 0.
...
