000 (10610889.936.000) 12/16 07:15:01 Job submitted from host: <188.185.71.83:9618?addrs=188.185.71.83-9618+[2001-1458-d00-7--100-34d]-9618&alias=bigbird18.cern.ch&noUDP&sock=schedd_5052_d48c>
...
040 (10610889.936.000) 12/16 14:27:02 Started transferring input files
	Transferring to host: <188.185.215.26:9618?addrs=188.185.215.26-9618+[2001-1458-303-1e--100-16]-9618&alias=b9p31p3929.cern.ch&noUDP&sock=slot1_2_3103_1817_91747>
...
040 (10610889.936.000) 12/16 14:27:02 Finished transferring input files
...
001 (10610889.936.000) 12/16 14:27:02 Job executing on host: <188.185.215.26:9618?addrs=188.185.215.26-9618+[2001-1458-303-1e--100-16]-9618&alias=b9p31p3929.cern.ch&noUDP&sock=startd_2622_0d69>
	SlotName: slot1_2@b9p31p3929.cern.ch
	CondorScratchDir = "/pool/condor/dir_848409"
	Cpus = 4
	Disk = 11024
	GPUs = 0
	Memory = 12000
...
006 (10610889.936.000) 12/16 14:27:16 Image size of job updated: 37996
	38  -  MemoryUsage of job (MB)
	37996  -  ResidentSetSize of job (KB)
...
006 (10610889.936.000) 12/16 14:32:17 Image size of job updated: 38416
	38  -  MemoryUsage of job (MB)
	37996  -  ResidentSetSize of job (KB)
...
040 (10610889.936.000) 12/16 15:46:19 Started transferring output files
...
040 (10610889.936.000) 12/16 15:46:20 Finished transferring output files
...
005 (10610889.936.000) 12/16 15:46:20 Job terminated.
	(1) Normal termination (return value 0)
		Usr 0 01:18:24, Sys 0 00:00:06  -  Run Remote Usage
		Usr 0 00:00:00, Sys 0 00:00:00  -  Run Local Usage
		Usr 0 01:18:24, Sys 0 00:00:06  -  Total Remote Usage
		Usr 0 00:00:00, Sys 0 00:00:00  -  Total Local Usage
	0  -  Run Bytes Sent By Job
	7584148  -  Run Bytes Received By Job
	0  -  Total Bytes Sent By Job
	7584148  -  Total Bytes Received By Job
	Partitionable Resources :    Usage  Request Allocated 
	   Cpus                 :     0.99        4         4 
	   Disk (KB)            : 32277        7500     11024 
	   GPUs                 :                           0 
	   Memory (MB)          :    38       12000     12000 
	   TimeExecute (s)      :  4757                       
	   TimeSlotBusy (s)     :  4759                       

	Job terminated of its own accord at 2025-12-16T14:46:19Z with exit-code 0.
...
