000 (10610889.522.000) 12/16 07:15:00 Job submitted from host: <188.185.71.83:9618?addrs=188.185.71.83-9618+[2001-1458-d00-7--100-34d]-9618&alias=bigbird18.cern.ch&noUDP&sock=schedd_5052_d48c>
...
040 (10610889.522.000) 12/16 14:09:34 Started transferring input files
	Transferring to host: <188.185.212.82:9618?addrs=188.185.212.82-9618+[2001-1458-303-18--100-4e]-9618&alias=b9p25p1407.cern.ch&noUDP&sock=slot1_1_8191_0ce6_86982>
...
040 (10610889.522.000) 12/16 14:09:34 Finished transferring input files
...
001 (10610889.522.000) 12/16 14:09:34 Job executing on host: <188.185.212.82:9618?addrs=188.185.212.82-9618+[2001-1458-303-18--100-4e]-9618&alias=b9p25p1407.cern.ch&noUDP&sock=startd_7070_02aa>
	SlotName: slot1_1@b9p25p1407.cern.ch
	CondorScratchDir = "/pool/condor/dir_1019117"
	Cpus = 4
	Disk = 11022
	GPUs = 0
	Memory = 12000
...
006 (10610889.522.000) 12/16 14:09:47 Image size of job updated: 37504
	37  -  MemoryUsage of job (MB)
	37504  -  ResidentSetSize of job (KB)
...
006 (10610889.522.000) 12/16 14:14:47 Image size of job updated: 37928
	37  -  MemoryUsage of job (MB)
	37504  -  ResidentSetSize of job (KB)
...
006 (10610889.522.000) 12/16 15:27:56 Image size of job updated: 118448
	37  -  MemoryUsage of job (MB)
	37504  -  ResidentSetSize of job (KB)
...
040 (10610889.522.000) 12/16 15:27:56 Started transferring output files
...
040 (10610889.522.000) 12/16 15:27:56 Finished transferring output files
...
005 (10610889.522.000) 12/16 15:27:56 Job terminated.
	(1) Normal termination (return value 0)
		Usr 0 01:17:33, Sys 0 00:00:06  -  Run Remote Usage
		Usr 0 00:00:00, Sys 0 00:00:00  -  Run Local Usage
		Usr 0 01:17:33, Sys 0 00:00:06  -  Total Remote Usage
		Usr 0 00:00:00, Sys 0 00:00:00  -  Total Local Usage
	0  -  Run Bytes Sent By Job
	7584148  -  Run Bytes Received By Job
	0  -  Total Bytes Sent By Job
	7584148  -  Total Bytes Received By Job
	Partitionable Resources :    Usage  Request Allocated 
	   Cpus                 :     1.00        4         4 
	   Disk (KB)            : 32955        7500     11022 
	   GPUs                 :                           0 
	   Memory (MB)          :    37       12000     12000 
	   TimeExecute (s)      :  4702                       
	   TimeSlotBusy (s)     :  4702                       

	Job terminated of its own accord at 2025-12-16T14:27:56Z with exit-code 0.
...
