000 (10610889.608.000) 12/16 07:15:01 Job submitted from host: <188.185.71.83:9618?addrs=188.185.71.83-9618+[2001-1458-d00-7--100-34d]-9618&alias=bigbird18.cern.ch&noUDP&sock=schedd_5052_d48c>
...
040 (10610889.608.000) 12/16 14:14:06 Started transferring input files
	Transferring to host: <188.185.194.45:9618?addrs=188.185.194.45-9618+[2001-1458-303-21--100-29]-9618&alias=b9p20p6512.cern.ch&noUDP&sock=slot1_16_9418_9538_84472>
...
040 (10610889.608.000) 12/16 14:14:06 Finished transferring input files
...
001 (10610889.608.000) 12/16 14:14:06 Job executing on host: <188.185.194.45:9618?addrs=188.185.194.45-9618+[2001-1458-303-21--100-29]-9618&alias=b9p20p6512.cern.ch&noUDP&sock=startd_8039_a9f0>
	SlotName: slot1_16@b9p20p6512.cern.ch
	CondorScratchDir = "/pool/condor/dir_1933918"
	Cpus = 4
	Disk = 11054
	GPUs = 0
	Memory = 12000
...
006 (10610889.608.000) 12/16 14:14:20 Image size of job updated: 37520
	37  -  MemoryUsage of job (MB)
	37520  -  ResidentSetSize of job (KB)
...
006 (10610889.608.000) 12/16 14:19:21 Image size of job updated: 37944
	37  -  MemoryUsage of job (MB)
	37520  -  ResidentSetSize of job (KB)
...
006 (10610889.608.000) 12/16 16:38:04 Image size of job updated: 118480
	37  -  MemoryUsage of job (MB)
	37520  -  ResidentSetSize of job (KB)
...
040 (10610889.608.000) 12/16 16:38:05 Started transferring output files
...
040 (10610889.608.000) 12/16 16:38:05 Finished transferring output files
...
005 (10610889.608.000) 12/16 16:38:05 Job terminated.
	(1) Normal termination (return value 0)
		Usr 0 02:22:52, Sys 0 00:00:06  -  Run Remote Usage
		Usr 0 00:00:00, Sys 0 00:00:00  -  Run Local Usage
		Usr 0 02:22:52, Sys 0 00:00:06  -  Total Remote Usage
		Usr 0 00:00:00, Sys 0 00:00:00  -  Total Local Usage
	0  -  Run Bytes Sent By Job
	7584148  -  Run Bytes Received By Job
	0  -  Total Bytes Sent By Job
	7584148  -  Total Bytes Received By Job
	Partitionable Resources :    Usage  Request Allocated 
	   Cpus                 :     0.99        4         4 
	   Disk (KB)            : 34360        7500     11054 
	   GPUs                 :                           0 
	   Memory (MB)          :    37       12000     12000 
	   TimeExecute (s)      :  8638                       
	   TimeSlotBusy (s)     :  8639                       

	Job terminated of its own accord at 2025-12-16T15:38:04Z with exit-code 0.
...
