000 (10610888.502.000) 12/16 07:14:44 Job submitted from host: <188.185.71.83:9618?addrs=188.185.71.83-9618+[2001-1458-d00-7--100-34d]-9618&alias=bigbird18.cern.ch&noUDP&sock=schedd_5052_d48c>
...
040 (10610888.502.000) 12/16 09:27:26 Started transferring input files
	Transferring to host: <188.185.214.18:9618?addrs=188.185.214.18-9618+[2001-1458-303-1c--100-e]-9618&alias=b9p29p4113.cern.ch&noUDP&sock=slot1_8_1188321_651c_13657>
...
040 (10610888.502.000) 12/16 09:27:26 Finished transferring input files
...
001 (10610888.502.000) 12/16 09:27:26 Job executing on host: <188.185.214.18:9618?addrs=188.185.214.18-9618+[2001-1458-303-1c--100-e]-9618&alias=b9p29p4113.cern.ch&noUDP&sock=startd_7200_2dfa>
	SlotName: slot1_8@b9p29p4113.cern.ch
	CondorScratchDir = "/pool/condor/dir_3703021"
	Cpus = 4
	Disk = 11081
	GPUs = 0
	Memory = 12000
...
006 (10610888.502.000) 12/16 09:27:40 Image size of job updated: 40048
	40  -  MemoryUsage of job (MB)
	40048  -  ResidentSetSize of job (KB)
...
006 (10610888.502.000) 12/16 09:32:41 Image size of job updated: 40468
	40  -  MemoryUsage of job (MB)
	40048  -  ResidentSetSize of job (KB)
...
006 (10610888.502.000) 12/16 10:56:23 Image size of job updated: 120988
	40  -  MemoryUsage of job (MB)
	40048  -  ResidentSetSize of job (KB)
...
040 (10610888.502.000) 12/16 10:56:24 Started transferring output files
...
040 (10610888.502.000) 12/16 10:56:24 Finished transferring output files
...
005 (10610888.502.000) 12/16 10:56:24 Job terminated.
	(1) Normal termination (return value 0)
		Usr 0 01:27:39, Sys 0 00:00:10  -  Run Remote Usage
		Usr 0 00:00:00, Sys 0 00:00:00  -  Run Local Usage
		Usr 0 01:27:39, Sys 0 00:00:10  -  Total Remote Usage
		Usr 0 00:00:00, Sys 0 00:00:00  -  Total Local Usage
	0  -  Run Bytes Sent By Job
	7584148  -  Run Bytes Received By Job
	0  -  Total Bytes Sent By Job
	7584148  -  Total Bytes Received By Job
	Partitionable Resources :    Usage  Request Allocated 
	   Cpus                 :     0.99        4         4 
	   Disk (KB)            : 33192        7500     11081 
	   GPUs                 :                           0 
	   Memory (MB)          :    40       12000     12000 
	   TimeExecute (s)      :  5337                       
	   TimeSlotBusy (s)     :  5338                       

	Job terminated of its own accord at 2025-12-16T09:56:23Z with exit-code 0.
...
