000 (10610887.694.000) 12/16 07:14:31 Job submitted from host: <188.185.71.83:9618?addrs=188.185.71.83-9618+[2001-1458-d00-7--100-34d]-9618&alias=bigbird18.cern.ch&noUDP&sock=schedd_5052_d48c>
...
040 (10610887.694.000) 12/16 07:55:08 Started transferring input files
	Transferring to host: <188.185.214.24:9618?addrs=188.185.214.24-9618+[2001-1458-303-1c--100-14]-9618&alias=b9p29p9589.cern.ch&noUDP&sock=slot1_21_4517_6291_109450>
...
040 (10610887.694.000) 12/16 07:55:08 Finished transferring input files
...
001 (10610887.694.000) 12/16 07:55:08 Job executing on host: <188.185.214.24:9618?addrs=188.185.214.24-9618+[2001-1458-303-1c--100-14]-9618&alias=b9p29p9589.cern.ch&noUDP&sock=startd_3842_def4>
	SlotName: slot1_21@b9p29p9589.cern.ch
	CondorScratchDir = "/pool/condor/dir_1562321"
	Cpus = 4
	Disk = 11032
	GPUs = 0
	Memory = 12000
...
006 (10610887.694.000) 12/16 07:55:22 Image size of job updated: 42104
	42  -  MemoryUsage of job (MB)
	42104  -  ResidentSetSize of job (KB)
...
006 (10610887.694.000) 12/16 08:00:23 Image size of job updated: 42500
	42  -  MemoryUsage of job (MB)
	42104  -  ResidentSetSize of job (KB)
...
040 (10610887.694.000) 12/16 09:30:16 Started transferring output files
...
040 (10610887.694.000) 12/16 09:30:17 Finished transferring output files
...
005 (10610887.694.000) 12/16 09:30:17 Job terminated.
	(1) Normal termination (return value 0)
		Usr 0 01:33:48, Sys 0 00:00:10  -  Run Remote Usage
		Usr 0 00:00:00, Sys 0 00:00:00  -  Run Local Usage
		Usr 0 01:33:48, Sys 0 00:00:10  -  Total Remote Usage
		Usr 0 00:00:00, Sys 0 00:00:00  -  Total Local Usage
	0  -  Run Bytes Sent By Job
	7584148  -  Run Bytes Received By Job
	0  -  Total Bytes Sent By Job
	7584148  -  Total Bytes Received By Job
	Partitionable Resources :    Usage  Request Allocated 
	   Cpus                 :     0.99        4         4 
	   Disk (KB)            : 32942        7500     11032 
	   GPUs                 :                           0 
	   Memory (MB)          :    42       12000     12000 
	   TimeExecute (s)      :  5708                       
	   TimeSlotBusy (s)     :  5710                       

	Job terminated of its own accord at 2025-12-16T08:30:16Z with exit-code 0.
...
