000 (10613550.389.000) 12/16 14:40:59 Job submitted from host: <188.185.71.83:9618?addrs=188.185.71.83-9618+[2001-1458-d00-7--100-34d]-9618&alias=bigbird18.cern.ch&noUDP&sock=schedd_5052_d48c>
...
040 (10613550.389.000) 12/16 16:01:03 Started transferring input files
	Transferring to host: <128.142.192.164:9618?addrs=128.142.192.164-9618+[2001-1458-301-56--100-20]-9618&alias=b9g18p7862.cern.ch&noUDP&sock=slot1_6_7405_3e06_92203>
...
040 (10613550.389.000) 12/16 16:01:03 Finished transferring input files
...
001 (10613550.389.000) 12/16 16:01:03 Job executing on host: <128.142.192.164:9618?addrs=128.142.192.164-9618+[2001-1458-301-56--100-20]-9618&alias=b9g18p7862.cern.ch&noUDP&sock=startd_6424_e87c>
	SlotName: slot1_6@b9g18p7862.cern.ch
	CondorScratchDir = "/pool/condor/dir_1511349"
	Cpus = 4
	Disk = 10985
	GPUs = 0
	Memory = 12000
...
006 (10613550.389.000) 12/16 16:01:17 Image size of job updated: 39752
	39  -  MemoryUsage of job (MB)
	39752  -  ResidentSetSize of job (KB)
...
006 (10613550.389.000) 12/16 16:06:18 Image size of job updated: 39840
	39  -  MemoryUsage of job (MB)
	39752  -  ResidentSetSize of job (KB)
...
006 (10613550.389.000) 12/16 18:22:52 Image size of job updated: 43000
	39  -  MemoryUsage of job (MB)
	39752  -  ResidentSetSize of job (KB)
...
040 (10613550.389.000) 12/16 18:22:52 Started transferring output files
...
040 (10613550.389.000) 12/16 18:22:53 Finished transferring output files
...
005 (10613550.389.000) 12/16 18:22:53 Job terminated.
	(1) Normal termination (return value 0)
		Usr 0 02:20:19, Sys 0 00:00:08  -  Run Remote Usage
		Usr 0 00:00:00, Sys 0 00:00:00  -  Run Local Usage
		Usr 0 02:20:19, Sys 0 00:00:08  -  Total Remote Usage
		Usr 0 00:00:00, Sys 0 00:00:00  -  Total Local Usage
	0  -  Run Bytes Sent By Job
	7584148  -  Run Bytes Received By Job
	0  -  Total Bytes Sent By Job
	7584148  -  Total Bytes Received By Job
	Partitionable Resources :    Usage  Request Allocated 
	   Cpus                 :     1.00        4         4 
	   Disk (KB)            : 33550        7500     10985 
	   GPUs                 :                           0 
	   Memory (MB)          :    39       12000     12000 
	   TimeExecute (s)      :  8509                       
	   TimeSlotBusy (s)     :  8510                       

	Job terminated of its own accord at 2025-12-16T17:22:52Z with exit-code 0.
...
