000 (10613549.643.000) 12/16 14:40:45 Job submitted from host: <188.185.71.83:9618?addrs=188.185.71.83-9618+[2001-1458-d00-7--100-34d]-9618&alias=bigbird18.cern.ch&noUDP&sock=schedd_5052_d48c>
...
040 (10613549.643.000) 12/16 15:31:15 Started transferring input files
	Transferring to host: <188.185.210.194:9618?addrs=188.185.210.194-9618+[2001-1458-303-15--100-3e]-9618&alias=b9p22p1324.cern.ch&noUDP&sock=slot1_13_4875_a0df_112083>
...
040 (10613549.643.000) 12/16 15:31:15 Finished transferring input files
...
001 (10613549.643.000) 12/16 15:31:15 Job executing on host: <188.185.210.194:9618?addrs=188.185.210.194-9618+[2001-1458-303-15--100-3e]-9618&alias=b9p22p1324.cern.ch&noUDP&sock=startd_3981_369e>
	SlotName: slot1_13@b9p22p1324.cern.ch
	CondorScratchDir = "/pool/condor/dir_2290107"
	Cpus = 4
	Disk = 10883
	GPUs = 0
	Memory = 12000
...
006 (10613549.643.000) 12/16 15:31:29 Image size of job updated: 27204
	27  -  MemoryUsage of job (MB)
	27204  -  ResidentSetSize of job (KB)
...
006 (10613549.643.000) 12/16 15:36:29 Image size of job updated: 27296
	27  -  MemoryUsage of job (MB)
	27204  -  ResidentSetSize of job (KB)
...
040 (10613549.643.000) 12/16 16:55:39 Started transferring output files
...
040 (10613549.643.000) 12/16 16:55:40 Finished transferring output files
...
005 (10613549.643.000) 12/16 16:55:40 Job terminated.
	(1) Normal termination (return value 0)
		Usr 0 01:23:14, Sys 0 00:00:09  -  Run Remote Usage
		Usr 0 00:00:00, Sys 0 00:00:00  -  Run Local Usage
		Usr 0 01:23:14, Sys 0 00:00:09  -  Total Remote Usage
		Usr 0 00:00:00, Sys 0 00:00:00  -  Total Local Usage
	0  -  Run Bytes Sent By Job
	7584148  -  Run Bytes Received By Job
	0  -  Total Bytes Sent By Job
	7584148  -  Total Bytes Received By Job
	Partitionable Resources :    Usage  Request Allocated 
	   Cpus                 :     0.99        4         4 
	   Disk (KB)            : 32148        7500     10883 
	   GPUs                 :                           0 
	   Memory (MB)          :    27       12000     12000 
	   TimeExecute (s)      :  5064                       
	   TimeSlotBusy (s)     :  5065                       

	Job terminated of its own accord at 2025-12-16T15:55:39Z with exit-code 0.
...
