000 (10610887.317.000) 12/16 07:14:31 Job submitted from host: <188.185.71.83:9618?addrs=188.185.71.83-9618+[2001-1458-d00-7--100-34d]-9618&alias=bigbird18.cern.ch&noUDP&sock=schedd_5052_d48c>
...
040 (10610887.317.000) 12/16 07:49:33 Started transferring input files
	Transferring to host: <188.185.193.167:9618?addrs=188.185.193.167-9618+[2001-1458-303-20--100-a3]-9618&alias=b9p19p1102.cern.ch&noUDP&sock=slot1_1_5340_4352_84947>
...
040 (10610887.317.000) 12/16 07:49:33 Finished transferring input files
...
001 (10610887.317.000) 12/16 07:49:33 Job executing on host: <188.185.193.167:9618?addrs=188.185.193.167-9618+[2001-1458-303-20--100-a3]-9618&alias=b9p19p1102.cern.ch&noUDP&sock=startd_4220_25c0>
	SlotName: slot1_1@b9p19p1102.cern.ch
	CondorScratchDir = "/pool/condor/dir_1234908"
	Cpus = 4
	Disk = 11073
	GPUs = 0
	Memory = 12000
...
006 (10610887.317.000) 12/16 07:49:47 Image size of job updated: 24832
	25  -  MemoryUsage of job (MB)
	24832  -  ResidentSetSize of job (KB)
...
006 (10610887.317.000) 12/16 07:54:48 Image size of job updated: 25252
	25  -  MemoryUsage of job (MB)
	24832  -  ResidentSetSize of job (KB)
...
006 (10610887.317.000) 12/16 10:30:26 Image size of job updated: 116676
	25  -  MemoryUsage of job (MB)
	24832  -  ResidentSetSize of job (KB)
...
040 (10610887.317.000) 12/16 10:30:28 Started transferring output files
...
040 (10610887.317.000) 12/16 10:30:28 Finished transferring output files
...
005 (10610887.317.000) 12/16 10:30:29 Job terminated.
	(1) Normal termination (return value 0)
		Usr 0 02:39:00, Sys 0 00:00:13  -  Run Remote Usage
		Usr 0 00:00:00, Sys 0 00:00:00  -  Run Local Usage
		Usr 0 02:39:00, Sys 0 00:00:13  -  Total Remote Usage
		Usr 0 00:00:00, Sys 0 00:00:00  -  Total Local Usage
	0  -  Run Bytes Sent By Job
	7584148  -  Run Bytes Received By Job
	0  -  Total Bytes Sent By Job
	7584148  -  Total Bytes Received By Job
	Partitionable Resources :    Usage  Request Allocated 
	   Cpus                 :     1.00        4         4 
	   Disk (KB)            : 33366        7500     11073 
	   GPUs                 :                           0 
	   Memory (MB)          :    25       12000     12000 
	   TimeExecute (s)      :  9653                       
	   TimeSlotBusy (s)     :  9656                       

	Job terminated of its own accord at 2025-12-16T09:30:26Z with exit-code 0.
...
