000 (10613549.596.000) 12/16 14:40:45 Job submitted from host: <188.185.71.83:9618?addrs=188.185.71.83-9618+[2001-1458-d00-7--100-34d]-9618&alias=bigbird18.cern.ch&noUDP&sock=schedd_5052_d48c>
...
040 (10613549.596.000) 12/16 15:30:53 Started transferring input files
	Transferring to host: <188.185.210.137:9618?addrs=188.185.210.137-9618+[2001-1458-303-15--100-5]-9618&alias=b9p22p9259.cern.ch&noUDP&sock=slot1_23_5330_3792_92339>
...
040 (10613549.596.000) 12/16 15:30:53 Finished transferring input files
...
001 (10613549.596.000) 12/16 15:30:53 Job executing on host: <188.185.210.137:9618?addrs=188.185.210.137-9618+[2001-1458-303-15--100-5]-9618&alias=b9p22p9259.cern.ch&noUDP&sock=startd_4364_eb63>
	SlotName: slot1_23@b9p22p9259.cern.ch
	CondorScratchDir = "/pool/condor/dir_3449705"
	Cpus = 4
	Disk = 10995
	GPUs = 0
	Memory = 12000
...
006 (10613549.596.000) 12/16 15:31:06 Image size of job updated: 37468
	37  -  MemoryUsage of job (MB)
	37468  -  ResidentSetSize of job (KB)
...
006 (10613549.596.000) 12/16 15:36:06 Image size of job updated: 37888
	37  -  MemoryUsage of job (MB)
	37468  -  ResidentSetSize of job (KB)
...
006 (10613549.596.000) 12/16 16:45:25 Image size of job updated: 118416
	37  -  MemoryUsage of job (MB)
	37468  -  ResidentSetSize of job (KB)
...
040 (10613549.596.000) 12/16 16:45:26 Started transferring output files
...
040 (10613549.596.000) 12/16 16:45:26 Finished transferring output files
...
005 (10613549.596.000) 12/16 16:45:26 Job terminated.
	(1) Normal termination (return value 0)
		Usr 0 01:13:46, Sys 0 00:00:07  -  Run Remote Usage
		Usr 0 00:00:00, Sys 0 00:00:00  -  Run Local Usage
		Usr 0 01:13:46, Sys 0 00:00:07  -  Total Remote Usage
		Usr 0 00:00:00, Sys 0 00:00:00  -  Total Local Usage
	0  -  Run Bytes Sent By Job
	7584148  -  Run Bytes Received By Job
	0  -  Total Bytes Sent By Job
	7584148  -  Total Bytes Received By Job
	Partitionable Resources :    Usage  Request Allocated 
	   Cpus                 :     0.99        4         4 
	   Disk (KB)            : 32936        7500     10995 
	   GPUs                 :                           0 
	   Memory (MB)          :    37       12000     12000 
	   TimeExecute (s)      :  4472                       
	   TimeSlotBusy (s)     :  4473                       

	Job terminated of its own accord at 2025-12-16T15:45:25Z with exit-code 0.
...
