000 (10610889.790.000) 12/16 07:15:01 Job submitted from host: <188.185.71.83:9618?addrs=188.185.71.83-9618+[2001-1458-d00-7--100-34d]-9618&alias=bigbird18.cern.ch&noUDP&sock=schedd_5052_d48c>
...
040 (10610889.790.000) 12/16 14:26:13 Started transferring input files
	Transferring to host: <188.185.211.212:9618?addrs=188.185.211.212-9618+[2001-1458-303-17--100-50]-9618&alias=b9p24p6232.cern.ch&noUDP&sock=slot1_1_7242_64e0_91074>
...
040 (10610889.790.000) 12/16 14:26:13 Finished transferring input files
...
001 (10610889.790.000) 12/16 14:26:13 Job executing on host: <188.185.211.212:9618?addrs=188.185.211.212-9618+[2001-1458-303-17--100-50]-9618&alias=b9p24p6232.cern.ch&noUDP&sock=startd_6395_043d>
	SlotName: slot1_1@b9p24p6232.cern.ch
	CondorScratchDir = "/pool/condor/dir_4159216"
	Cpus = 4
	Disk = 10944
	GPUs = 0
	Memory = 12000
...
006 (10610889.790.000) 12/16 14:26:27 Image size of job updated: 40060
	40  -  MemoryUsage of job (MB)
	40060  -  ResidentSetSize of job (KB)
...
006 (10610889.790.000) 12/16 14:31:28 Image size of job updated: 40480
	40  -  MemoryUsage of job (MB)
	40060  -  ResidentSetSize of job (KB)
...
040 (10610889.790.000) 12/16 15:45:47 Started transferring output files
...
040 (10610889.790.000) 12/16 15:45:48 Finished transferring output files
...
005 (10610889.790.000) 12/16 15:45:48 Job terminated.
	(1) Normal termination (return value 0)
		Usr 0 01:18:30, Sys 0 00:00:10  -  Run Remote Usage
		Usr 0 00:00:00, Sys 0 00:00:00  -  Run Local Usage
		Usr 0 01:18:30, Sys 0 00:00:10  -  Total Remote Usage
		Usr 0 00:00:00, Sys 0 00:00:00  -  Total Local Usage
	0  -  Run Bytes Sent By Job
	7584148  -  Run Bytes Received By Job
	0  -  Total Bytes Sent By Job
	7584148  -  Total Bytes Received By Job
	Partitionable Resources :    Usage  Request Allocated 
	   Cpus                 :     0.99        4         4 
	   Disk (KB)            : 32740        7500     10944 
	   GPUs                 :                           0 
	   Memory (MB)          :    40       12000     12000 
	   TimeExecute (s)      :  4774                       
	   TimeSlotBusy (s)     :  4776                       

	Job terminated of its own accord at 2025-12-16T14:45:47Z with exit-code 0.
...
