000 (10613550.501.000) 12/16 14:40:59 Job submitted from host: <188.185.71.83:9618?addrs=188.185.71.83-9618+[2001-1458-d00-7--100-34d]-9618&alias=bigbird18.cern.ch&noUDP&sock=schedd_5052_d48c>
...
040 (10613550.501.000) 12/16 16:15:11 Started transferring input files
	Transferring to host: <128.142.192.211:9618?addrs=128.142.192.211-9618+[2001-1458-301-56--100-4f]-9618&alias=b9g18p7485.cern.ch&noUDP&sock=slot1_10_3385_c9e3_90107>
...
040 (10613550.501.000) 12/16 16:15:11 Finished transferring input files
...
001 (10613550.501.000) 12/16 16:15:11 Job executing on host: <128.142.192.211:9618?addrs=128.142.192.211-9618+[2001-1458-301-56--100-4f]-9618&alias=b9g18p7485.cern.ch&noUDP&sock=startd_2902_1bed>
	SlotName: slot1_10@b9g18p7485.cern.ch
	CondorScratchDir = "/pool/condor/dir_1766398"
	Cpus = 4
	Disk = 10817
	GPUs = 0
	Memory = 12000
...
006 (10613550.501.000) 12/16 16:15:26 Image size of job updated: 39628
	39  -  MemoryUsage of job (MB)
	39628  -  ResidentSetSize of job (KB)
...
006 (10613550.501.000) 12/16 16:20:27 Image size of job updated: 43564
	42  -  MemoryUsage of job (MB)
	42108  -  ResidentSetSize of job (KB)
...
006 (10613550.501.000) 12/16 16:25:27 Image size of job updated: 43564
	42  -  MemoryUsage of job (MB)
	42208  -  ResidentSetSize of job (KB)
...
006 (10613550.501.000) 12/16 17:10:30 Image size of job updated: 43564
	42  -  MemoryUsage of job (MB)
	42348  -  ResidentSetSize of job (KB)
...
006 (10613550.501.000) 12/16 17:56:05 Image size of job updated: 124132
	42  -  MemoryUsage of job (MB)
	42348  -  ResidentSetSize of job (KB)
...
040 (10613550.501.000) 12/16 17:56:05 Started transferring output files
...
040 (10613550.501.000) 12/16 17:56:06 Finished transferring output files
...
005 (10613550.501.000) 12/16 17:56:06 Job terminated.
	(1) Normal termination (return value 0)
		Usr 0 01:39:06, Sys 0 00:00:12  -  Run Remote Usage
		Usr 0 00:00:00, Sys 0 00:00:00  -  Run Local Usage
		Usr 0 01:39:06, Sys 0 00:00:12  -  Total Remote Usage
		Usr 0 00:00:00, Sys 0 00:00:00  -  Total Local Usage
	0  -  Run Bytes Sent By Job
	7584148  -  Run Bytes Received By Job
	0  -  Total Bytes Sent By Job
	7584148  -  Total Bytes Received By Job
	Partitionable Resources :    Usage  Request Allocated 
	   Cpus                 :     0.99        4         4 
	   Disk (KB)            : 33357        7500     10817 
	   GPUs                 :                           0 
	   Memory (MB)          :    42       12000     12000 
	   TimeExecute (s)      :  6054                       
	   TimeSlotBusy (s)     :  6055                       

	Job terminated of its own accord at 2025-12-16T16:56:05Z with exit-code 0.
...
