000 (10610887.804.000) 12/16 07:14:32 Job submitted from host: <188.185.71.83:9618?addrs=188.185.71.83-9618+[2001-1458-d00-7--100-34d]-9618&alias=bigbird18.cern.ch&noUDP&sock=schedd_5052_d48c>
...
040 (10610887.804.000) 12/16 07:55:45 Started transferring input files
	Transferring to host: <188.185.209.81:9618?addrs=188.185.209.81-9618+[2001-1458-303-11--100-4e]-9618&alias=b9p11p4508.cern.ch&noUDP&sock=slot1_14_2882224_4bce_10376>
...
040 (10610887.804.000) 12/16 07:55:45 Finished transferring input files
...
001 (10610887.804.000) 12/16 07:55:45 Job executing on host: <188.185.209.81:9618?addrs=188.185.209.81-9618+[2001-1458-303-11--100-4e]-9618&alias=b9p11p4508.cern.ch&noUDP&sock=startd_5547_5bed>
	SlotName: slot1_14@b9p11p4508.cern.ch
	CondorScratchDir = "/pool/condor/dir_757923"
	Cpus = 4
	Disk = 10731
	GPUs = 0
	Memory = 12000
...
006 (10610887.804.000) 12/16 07:55:59 Image size of job updated: 31040
	31  -  MemoryUsage of job (MB)
	31040  -  ResidentSetSize of job (KB)
...
006 (10610887.804.000) 12/16 08:01:00 Image size of job updated: 31452
	31  -  MemoryUsage of job (MB)
	31040  -  ResidentSetSize of job (KB)
...
040 (10610887.804.000) 12/16 09:32:55 Started transferring output files
...
040 (10610887.804.000) 12/16 09:32:55 Finished transferring output files
...
005 (10610887.804.000) 12/16 09:32:55 Job terminated.
	(1) Normal termination (return value 0)
		Usr 0 01:35:08, Sys 0 00:00:12  -  Run Remote Usage
		Usr 0 00:00:00, Sys 0 00:00:00  -  Run Local Usage
		Usr 0 01:35:08, Sys 0 00:00:12  -  Total Remote Usage
		Usr 0 00:00:00, Sys 0 00:00:00  -  Total Local Usage
	0  -  Run Bytes Sent By Job
	7584148  -  Run Bytes Received By Job
	0  -  Total Bytes Sent By Job
	7584148  -  Total Bytes Received By Job
	Partitionable Resources :    Usage  Request Allocated 
	   Cpus                 :     0.98        4         4 
	   Disk (KB)            : 32371        7500     10731 
	   GPUs                 :                           0 
	   Memory (MB)          :    31       12000     12000 
	   TimeExecute (s)      :  5829                       
	   TimeSlotBusy (s)     :  5830                       

	Job terminated of its own accord at 2025-12-16T08:32:54Z with exit-code 0.
...
