000 (10613549.716.000) 12/16 14:40:45 Job submitted from host: <188.185.71.83:9618?addrs=188.185.71.83-9618+[2001-1458-d00-7--100-34d]-9618&alias=bigbird18.cern.ch&noUDP&sock=schedd_5052_d48c>
...
040 (10613549.716.000) 12/16 15:31:33 Started transferring input files
	Transferring to host: <188.185.210.141:9618?addrs=188.185.210.141-9618+[2001-1458-303-15--100-9]-9618&alias=b9p22p1147.cern.ch&noUDP&sock=slot1_2_4463_564f_113944>
...
040 (10613549.716.000) 12/16 15:31:33 Finished transferring input files
...
001 (10613549.716.000) 12/16 15:31:33 Job executing on host: <188.185.210.141:9618?addrs=188.185.210.141-9618+[2001-1458-303-15--100-9]-9618&alias=b9p22p1147.cern.ch&noUDP&sock=startd_3820_c7de>
	SlotName: slot1_2@b9p22p1147.cern.ch
	CondorScratchDir = "/pool/condor/dir_3201253"
	Cpus = 4
	Disk = 11017
	GPUs = 0
	Memory = 12000
...
006 (10613549.716.000) 12/16 15:31:46 Image size of job updated: 37492
	37  -  MemoryUsage of job (MB)
	37492  -  ResidentSetSize of job (KB)
...
006 (10613549.716.000) 12/16 16:01:48 Image size of job updated: 44608
	44  -  MemoryUsage of job (MB)
	44608  -  ResidentSetSize of job (KB)
...
006 (10613549.716.000) 12/16 16:11:49 Image size of job updated: 44780
	44  -  MemoryUsage of job (MB)
	44780  -  ResidentSetSize of job (KB)
...
006 (10613549.716.000) 12/16 16:50:03 Image size of job updated: 126556
	44  -  MemoryUsage of job (MB)
	44780  -  ResidentSetSize of job (KB)
...
040 (10613549.716.000) 12/16 16:50:04 Started transferring output files
...
040 (10613549.716.000) 12/16 16:50:04 Finished transferring output files
...
005 (10613549.716.000) 12/16 16:50:04 Job terminated.
	(1) Normal termination (return value 0)
		Usr 0 01:17:40, Sys 0 00:00:05  -  Run Remote Usage
		Usr 0 00:00:00, Sys 0 00:00:00  -  Run Local Usage
		Usr 0 01:17:40, Sys 0 00:00:05  -  Total Remote Usage
		Usr 0 00:00:00, Sys 0 00:00:00  -  Total Local Usage
	0  -  Run Bytes Sent By Job
	7584148  -  Run Bytes Received By Job
	0  -  Total Bytes Sent By Job
	7584148  -  Total Bytes Received By Job
	Partitionable Resources :    Usage  Request Allocated 
	   Cpus                 :     0.99        4         4 
	   Disk (KB)            : 33585        7500     11017 
	   GPUs                 :                           0 
	   Memory (MB)          :    44       12000     12000 
	   TimeExecute (s)      :  4710                       
	   TimeSlotBusy (s)     :  4711                       

	Job terminated of its own accord at 2025-12-16T15:50:03Z with exit-code 0.
...
