000 (10610889.486.000) 12/16 07:15:00 Job submitted from host: <188.185.71.83:9618?addrs=188.185.71.83-9618+[2001-1458-d00-7--100-34d]-9618&alias=bigbird18.cern.ch&noUDP&sock=schedd_5052_d48c>
...
040 (10610889.486.000) 12/16 14:09:26 Started transferring input files
	Transferring to host: <188.185.194.74:9618?addrs=188.185.194.74-9618+[2001-1458-303-21--100-46]-9618&alias=b9p20p9622.cern.ch&noUDP&sock=slot1_6_5911_9589_84703>
...
040 (10610889.486.000) 12/16 14:09:26 Finished transferring input files
...
001 (10610889.486.000) 12/16 14:09:26 Job executing on host: <188.185.194.74:9618?addrs=188.185.194.74-9618+[2001-1458-303-21--100-46]-9618&alias=b9p20p9622.cern.ch&noUDP&sock=startd_4701_12ce>
	SlotName: slot1_6@b9p20p9622.cern.ch
	CondorScratchDir = "/pool/condor/dir_3283367"
	Cpus = 4
	Disk = 11039
	GPUs = 0
	Memory = 12000
...
006 (10610889.486.000) 12/16 14:09:40 Image size of job updated: 37420
	37  -  MemoryUsage of job (MB)
	37420  -  ResidentSetSize of job (KB)
...
006 (10610889.486.000) 12/16 14:14:41 Image size of job updated: 37872
	37  -  MemoryUsage of job (MB)
	37420  -  ResidentSetSize of job (KB)
...
006 (10610889.486.000) 12/16 16:59:30 Image size of job updated: 118388
	37  -  MemoryUsage of job (MB)
	37420  -  ResidentSetSize of job (KB)
...
040 (10610889.486.000) 12/16 16:59:30 Started transferring output files
...
040 (10610889.486.000) 12/16 16:59:31 Finished transferring output files
...
005 (10610889.486.000) 12/16 16:59:31 Job terminated.
	(1) Normal termination (return value 0)
		Usr 0 02:47:09, Sys 0 00:00:28  -  Run Remote Usage
		Usr 0 00:00:00, Sys 0 00:00:00  -  Run Local Usage
		Usr 0 02:47:09, Sys 0 00:00:28  -  Total Remote Usage
		Usr 0 00:00:00, Sys 0 00:00:00  -  Total Local Usage
	0  -  Run Bytes Sent By Job
	7584148  -  Run Bytes Received By Job
	0  -  Total Bytes Sent By Job
	7584148  -  Total Bytes Received By Job
	Partitionable Resources :    Usage  Request Allocated 
	   Cpus                 :     0.99        4         4 
	   Disk (KB)            : 33942        7500     11039 
	   GPUs                 :                           0 
	   Memory (MB)          :    37       12000     12000 
	   TimeExecute (s)      : 10204                       
	   TimeSlotBusy (s)     : 10205                       

	Job terminated of its own accord at 2025-12-16T15:59:30Z with exit-code 0.
...
