000 (10610888.430.000) 12/16 07:14:44 Job submitted from host: <188.185.71.83:9618?addrs=188.185.71.83-9618+[2001-1458-d00-7--100-34d]-9618&alias=bigbird18.cern.ch&noUDP&sock=schedd_5052_d48c>
...
040 (10610888.430.000) 12/16 09:24:20 Started transferring input files
	Transferring to host: <188.185.207.41:9618?addrs=188.185.207.41-9618+[2001-1458-303-d--100-26]-9618&alias=b9p07p5776.cern.ch&noUDP&sock=slot1_7_8504_9653_75569>
...
040 (10610888.430.000) 12/16 09:24:20 Finished transferring input files
...
001 (10610888.430.000) 12/16 09:24:20 Job executing on host: <188.185.207.41:9618?addrs=188.185.207.41-9618+[2001-1458-303-d--100-26]-9618&alias=b9p07p5776.cern.ch&noUDP&sock=startd_7043_7d9c>
	SlotName: slot1_7@b9p07p5776.cern.ch
	CondorScratchDir = "/pool/condor/dir_882553"
	Cpus = 4
	Disk = 10754
	GPUs = 0
	Memory = 12000
...
006 (10610888.430.000) 12/16 09:24:34 Image size of job updated: 40132
	40  -  MemoryUsage of job (MB)
	40132  -  ResidentSetSize of job (KB)
...
006 (10610888.430.000) 12/16 09:29:35 Image size of job updated: 40512
	40  -  MemoryUsage of job (MB)
	40132  -  ResidentSetSize of job (KB)
...
040 (10610888.430.000) 12/16 10:57:08 Started transferring output files
...
040 (10610888.430.000) 12/16 10:57:08 Finished transferring output files
...
005 (10610888.430.000) 12/16 10:57:08 Job terminated.
	(1) Normal termination (return value 0)
		Usr 0 01:31:38, Sys 0 00:00:08  -  Run Remote Usage
		Usr 0 00:00:00, Sys 0 00:00:00  -  Run Local Usage
		Usr 0 01:31:38, Sys 0 00:00:08  -  Total Remote Usage
		Usr 0 00:00:00, Sys 0 00:00:00  -  Total Local Usage
	0  -  Run Bytes Sent By Job
	7584148  -  Run Bytes Received By Job
	0  -  Total Bytes Sent By Job
	7584148  -  Total Bytes Received By Job
	Partitionable Resources :    Usage  Request Allocated 
	   Cpus                 :     0.99        4         4 
	   Disk (KB)            : 32542        7500     10754 
	   GPUs                 :                           0 
	   Memory (MB)          :    40       12000     12000 
	   TimeExecute (s)      :  5567                       
	   TimeSlotBusy (s)     :  5568                       

	Job terminated of its own accord at 2025-12-16T09:57:07Z with exit-code 0.
...
