000 (10613549.146.000) 12/16 14:40:44 Job submitted from host: <188.185.71.83:9618?addrs=188.185.71.83-9618+[2001-1458-d00-7--100-34d]-9618&alias=bigbird18.cern.ch&noUDP&sock=schedd_5052_d48c>
...
040 (10613549.146.000) 12/16 15:11:55 Started transferring input files
	Transferring to host: <188.185.212.193:9618?addrs=188.185.212.193-9618+[2001-1458-303-19--100-3d]-9618&alias=b9p26p7832.cern.ch&noUDP&sock=slot1_4_7028_9c97_91265>
...
040 (10613549.146.000) 12/16 15:11:55 Finished transferring input files
...
001 (10613549.146.000) 12/16 15:11:55 Job executing on host: <188.185.212.193:9618?addrs=188.185.212.193-9618+[2001-1458-303-19--100-3d]-9618&alias=b9p26p7832.cern.ch&noUDP&sock=startd_6004_d2b5>
	SlotName: slot1_4@b9p26p7832.cern.ch
	CondorScratchDir = "/pool/condor/dir_814608"
	Cpus = 4
	Disk = 11075
	GPUs = 0
	Memory = 12000
...
006 (10613549.146.000) 12/16 15:12:09 Image size of job updated: 39520
	39  -  MemoryUsage of job (MB)
	39520  -  ResidentSetSize of job (KB)
...
006 (10613549.146.000) 12/16 15:17:10 Image size of job updated: 39940
	39  -  MemoryUsage of job (MB)
	39520  -  ResidentSetSize of job (KB)
...
006 (10613549.146.000) 12/16 16:37:46 Image size of job updated: 120472
	39  -  MemoryUsage of job (MB)
	39520  -  ResidentSetSize of job (KB)
...
040 (10613549.146.000) 12/16 16:37:47 Started transferring output files
...
040 (10613549.146.000) 12/16 16:37:47 Finished transferring output files
...
005 (10613549.146.000) 12/16 16:37:47 Job terminated.
	(1) Normal termination (return value 0)
		Usr 0 01:24:47, Sys 0 00:00:07  -  Run Remote Usage
		Usr 0 00:00:00, Sys 0 00:00:00  -  Run Local Usage
		Usr 0 01:24:47, Sys 0 00:00:07  -  Total Remote Usage
		Usr 0 00:00:00, Sys 0 00:00:00  -  Total Local Usage
	0  -  Run Bytes Sent By Job
	7584148  -  Run Bytes Received By Job
	0  -  Total Bytes Sent By Job
	7584148  -  Total Bytes Received By Job
	Partitionable Resources :    Usage  Request Allocated 
	   Cpus                 :     0.99        4         4 
	   Disk (KB)            : 32768        7500     11075 
	   GPUs                 :                           0 
	   Memory (MB)          :    39       12000     12000 
	   TimeExecute (s)      :  5151                       
	   TimeSlotBusy (s)     :  5152                       

	Job terminated of its own accord at 2025-12-16T15:37:46Z with exit-code 0.
...
