000 (10610889.035.000) 12/16 07:15:00 Job submitted from host: <188.185.71.83:9618?addrs=188.185.71.83-9618+[2001-1458-d00-7--100-34d]-9618&alias=bigbird18.cern.ch&noUDP&sock=schedd_5052_d48c>
...
040 (10610889.035.000) 12/16 10:27:39 Started transferring input files
	Transferring to host: <188.185.193.73:9618?addrs=188.185.193.73-9618+[2001-1458-303-20--100-45]-9618&alias=b9p19p2233.cern.ch&noUDP&sock=slot1_11_4136440_ee08_28898>
...
040 (10610889.035.000) 12/16 10:27:39 Finished transferring input files
...
001 (10610889.035.000) 12/16 10:27:39 Job executing on host: <188.185.193.73:9618?addrs=188.185.193.73-9618+[2001-1458-303-20--100-45]-9618&alias=b9p19p2233.cern.ch&noUDP&sock=startd_4193_a0b2>
	SlotName: slot1_11@b9p19p2233.cern.ch
	CondorScratchDir = "/pool/condor/dir_1116677"
	Cpus = 4
	Disk = 11208
	GPUs = 0
	Memory = 12000
...
006 (10610889.035.000) 12/16 10:27:52 Image size of job updated: 40064
	40  -  MemoryUsage of job (MB)
	40064  -  ResidentSetSize of job (KB)
...
006 (10610889.035.000) 12/16 10:32:52 Image size of job updated: 40488
	40  -  MemoryUsage of job (MB)
	40064  -  ResidentSetSize of job (KB)
...
040 (10610889.035.000) 12/16 13:13:13 Started transferring output files
...
040 (10610889.035.000) 12/16 13:13:14 Finished transferring output files
...
005 (10610889.035.000) 12/16 13:13:14 Job terminated.
	(1) Normal termination (return value 0)
		Usr 0 02:43:52, Sys 0 00:00:08  -  Run Remote Usage
		Usr 0 00:00:00, Sys 0 00:00:00  -  Run Local Usage
		Usr 0 02:43:52, Sys 0 00:00:08  -  Total Remote Usage
		Usr 0 00:00:00, Sys 0 00:00:00  -  Total Local Usage
	0  -  Run Bytes Sent By Job
	7584148  -  Run Bytes Received By Job
	0  -  Total Bytes Sent By Job
	7584148  -  Total Bytes Received By Job
	Partitionable Resources :    Usage  Request Allocated 
	   Cpus                 :     0.99        4         4 
	   Disk (KB)            : 32505        7500     11208 
	   GPUs                 :                           0 
	   Memory (MB)          :    40       12000     12000 
	   TimeExecute (s)      :  9933                       
	   TimeSlotBusy (s)     :  9935                       

	Job terminated of its own accord at 2025-12-16T12:13:12Z with exit-code 0.
...
