000 (10610889.873.000) 12/16 07:15:01 Job submitted from host: <188.185.71.83:9618?addrs=188.185.71.83-9618+[2001-1458-d00-7--100-34d]-9618&alias=bigbird18.cern.ch&noUDP&sock=schedd_5052_d48c>
...
040 (10610889.873.000) 12/16 14:26:40 Started transferring input files
	Transferring to host: <188.185.213.182:9618?addrs=188.185.213.182-9618+[2001-1458-303-1b--100-32]-9618&alias=b9p28p3646.cern.ch&noUDP&sock=slot1_15_4730_7679_112140>
...
040 (10610889.873.000) 12/16 14:26:40 Finished transferring input files
...
001 (10610889.873.000) 12/16 14:26:40 Job executing on host: <188.185.213.182:9618?addrs=188.185.213.182-9618+[2001-1458-303-1b--100-32]-9618&alias=b9p28p3646.cern.ch&noUDP&sock=startd_3933_4a12>
	SlotName: slot1_15@b9p28p3646.cern.ch
	CondorScratchDir = "/pool/condor/dir_3771284"
	Cpus = 4
	Disk = 11022
	GPUs = 0
	Memory = 12000
...
006 (10610889.873.000) 12/16 14:26:54 Image size of job updated: 40088
	40  -  MemoryUsage of job (MB)
	40088  -  ResidentSetSize of job (KB)
...
006 (10610889.873.000) 12/16 14:31:56 Image size of job updated: 40508
	40  -  MemoryUsage of job (MB)
	40088  -  ResidentSetSize of job (KB)
...
040 (10610889.873.000) 12/16 15:57:04 Started transferring output files
...
040 (10610889.873.000) 12/16 15:57:04 Finished transferring output files
...
005 (10610889.873.000) 12/16 15:57:04 Job terminated.
	(1) Normal termination (return value 0)
		Usr 0 01:28:59, Sys 0 00:00:11  -  Run Remote Usage
		Usr 0 00:00:00, Sys 0 00:00:00  -  Run Local Usage
		Usr 0 01:28:59, Sys 0 00:00:11  -  Total Remote Usage
		Usr 0 00:00:00, Sys 0 00:00:00  -  Total Local Usage
	0  -  Run Bytes Sent By Job
	7584148  -  Run Bytes Received By Job
	0  -  Total Bytes Sent By Job
	7584148  -  Total Bytes Received By Job
	Partitionable Resources :    Usage  Request Allocated 
	   Cpus                 :     0.99        4         4 
	   Disk (KB)            : 32543        7500     11022 
	   GPUs                 :                           0 
	   Memory (MB)          :    40       12000     12000 
	   TimeExecute (s)      :  5423                       
	   TimeSlotBusy (s)     :  5425                       

	Job terminated of its own accord at 2025-12-16T14:57:03Z with exit-code 0.
...
