000 (10613550.590.000) 12/16 14:40:59 Job submitted from host: <188.185.71.83:9618?addrs=188.185.71.83-9618+[2001-1458-d00-7--100-34d]-9618&alias=bigbird18.cern.ch&noUDP&sock=schedd_5052_d48c>
...
040 (10613550.590.000) 12/16 16:42:12 Started transferring input files
	Transferring to host: <188.185.208.62:9618?addrs=188.185.208.62-9618+[2001-1458-303-f--100-3b]-9618&alias=b9p09p0726.cern.ch&noUDP&sock=slot1_13_4589_1d94_82975>
...
040 (10613550.590.000) 12/16 16:42:12 Finished transferring input files
...
001 (10613550.590.000) 12/16 16:42:12 Job executing on host: <188.185.208.62:9618?addrs=188.185.208.62-9618+[2001-1458-303-f--100-3b]-9618&alias=b9p09p0726.cern.ch&noUDP&sock=startd_3854_1a17>
	SlotName: slot1_13@b9p09p0726.cern.ch
	CondorScratchDir = "/pool/condor/dir_3673579"
	Cpus = 4
	Disk = 10613
	GPUs = 0
	Memory = 12000
...
006 (10613550.590.000) 12/16 16:42:25 Image size of job updated: 39676
	39  -  MemoryUsage of job (MB)
	39676  -  ResidentSetSize of job (KB)
...
006 (10613550.590.000) 12/16 16:47:25 Image size of job updated: 40060
	39  -  MemoryUsage of job (MB)
	39676  -  ResidentSetSize of job (KB)
...
006 (10613550.590.000) 12/16 18:01:38 Image size of job updated: 120700
	39  -  MemoryUsage of job (MB)
	39676  -  ResidentSetSize of job (KB)
...
040 (10613550.590.000) 12/16 18:01:39 Started transferring output files
...
040 (10613550.590.000) 12/16 18:01:44 Finished transferring output files
...
005 (10613550.590.000) 12/16 18:01:44 Job terminated.
	(1) Normal termination (return value 0)
		Usr 0 01:18:19, Sys 0 00:00:08  -  Run Remote Usage
		Usr 0 00:00:00, Sys 0 00:00:00  -  Run Local Usage
		Usr 0 01:18:19, Sys 0 00:00:08  -  Total Remote Usage
		Usr 0 00:00:00, Sys 0 00:00:00  -  Total Local Usage
	0  -  Run Bytes Sent By Job
	7584148  -  Run Bytes Received By Job
	0  -  Total Bytes Sent By Job
	7584148  -  Total Bytes Received By Job
	Partitionable Resources :    Usage  Request Allocated 
	   Cpus                 :     0.99        4         4 
	   Disk (KB)            : 32986        7500     10613 
	   GPUs                 :                           0 
	   Memory (MB)          :    39       12000     12000 
	   TimeExecute (s)      :  4766                       
	   TimeSlotBusy (s)     :  4773                       

	Job terminated of its own accord at 2025-12-16T17:01:38Z with exit-code 0.
...
