000 (10610888.518.000) 12/16 07:14:44 Job submitted from host: <188.185.71.83:9618?addrs=188.185.71.83-9618+[2001-1458-d00-7--100-34d]-9618&alias=bigbird18.cern.ch&noUDP&sock=schedd_5052_d48c>
...
040 (10610888.518.000) 12/16 09:28:23 Started transferring input files
	Transferring to host: <188.185.210.88:9618?addrs=188.185.210.88-9618+[2001-1458-303-1--100-54]-9618&alias=b9p21p0205.cern.ch&noUDP&sock=slot1_6_3358103_1a05_12776>
...
040 (10610888.518.000) 12/16 09:28:23 Finished transferring input files
...
001 (10610888.518.000) 12/16 09:28:23 Job executing on host: <188.185.210.88:9618?addrs=188.185.210.88-9618+[2001-1458-303-1--100-54]-9618&alias=b9p21p0205.cern.ch&noUDP&sock=startd_3358028_7a49>
	SlotName: slot1_6@b9p21p0205.cern.ch
	CondorScratchDir = "/pool/condor/dir_578566"
	Cpus = 4
	Disk = 11047
	GPUs = 0
	Memory = 12000
...
006 (10610888.518.000) 12/16 09:28:37 Image size of job updated: 37504
	37  -  MemoryUsage of job (MB)
	37504  -  ResidentSetSize of job (KB)
...
006 (10610888.518.000) 12/16 09:33:38 Image size of job updated: 37924
	37  -  MemoryUsage of job (MB)
	37504  -  ResidentSetSize of job (KB)
...
040 (10610888.518.000) 12/16 11:01:29 Started transferring output files
...
040 (10610888.518.000) 12/16 11:01:29 Finished transferring output files
...
005 (10610888.518.000) 12/16 11:01:29 Job terminated.
	(1) Normal termination (return value 0)
		Usr 0 01:31:47, Sys 0 00:00:11  -  Run Remote Usage
		Usr 0 00:00:00, Sys 0 00:00:00  -  Run Local Usage
		Usr 0 01:31:47, Sys 0 00:00:11  -  Total Remote Usage
		Usr 0 00:00:00, Sys 0 00:00:00  -  Total Local Usage
	0  -  Run Bytes Sent By Job
	7584148  -  Run Bytes Received By Job
	0  -  Total Bytes Sent By Job
	7584148  -  Total Bytes Received By Job
	Partitionable Resources :    Usage  Request Allocated 
	   Cpus                 :     0.99        4         4 
	   Disk (KB)            : 32772        7500     11047 
	   GPUs                 :                           0 
	   Memory (MB)          :    37       12000     12000 
	   TimeExecute (s)      :  5585                       
	   TimeSlotBusy (s)     :  5586                       

	Job terminated of its own accord at 2025-12-16T10:01:28Z with exit-code 0.
...
