000 (10613549.703.000) 12/16 14:40:45 Job submitted from host: <188.185.71.83:9618?addrs=188.185.71.83-9618+[2001-1458-d00-7--100-34d]-9618&alias=bigbird18.cern.ch&noUDP&sock=schedd_5052_d48c>
...
040 (10613549.703.000) 12/16 15:31:29 Started transferring input files
	Transferring to host: <188.185.211.221:9618?addrs=188.185.211.221-9618+[2001-1458-303-17--100-59]-9618&alias=b9p24p8539.cern.ch&noUDP&sock=slot1_8_7023_16b7_96391>
...
040 (10613549.703.000) 12/16 15:31:29 Finished transferring input files
...
001 (10613549.703.000) 12/16 15:31:29 Job executing on host: <188.185.211.221:9618?addrs=188.185.211.221-9618+[2001-1458-303-17--100-59]-9618&alias=b9p24p8539.cern.ch&noUDP&sock=startd_6137_0cce>
	SlotName: slot1_8@b9p24p8539.cern.ch
	CondorScratchDir = "/pool/condor/dir_2874737"
	Cpus = 4
	Disk = 11017
	GPUs = 0
	Memory = 12000
...
006 (10613549.703.000) 12/16 15:31:43 Image size of job updated: 37484
	37  -  MemoryUsage of job (MB)
	37484  -  ResidentSetSize of job (KB)
...
006 (10613549.703.000) 12/16 15:36:44 Image size of job updated: 37908
	37  -  MemoryUsage of job (MB)
	37484  -  ResidentSetSize of job (KB)
...
006 (10613549.703.000) 12/16 16:54:02 Image size of job updated: 118432
	37  -  MemoryUsage of job (MB)
	37484  -  ResidentSetSize of job (KB)
...
040 (10613549.703.000) 12/16 16:54:02 Started transferring output files
...
040 (10613549.703.000) 12/16 16:54:03 Finished transferring output files
...
005 (10613549.703.000) 12/16 16:54:03 Job terminated.
	(1) Normal termination (return value 0)
		Usr 0 01:21:31, Sys 0 00:00:08  -  Run Remote Usage
		Usr 0 00:00:00, Sys 0 00:00:00  -  Run Local Usage
		Usr 0 01:21:31, Sys 0 00:00:08  -  Total Remote Usage
		Usr 0 00:00:00, Sys 0 00:00:00  -  Total Local Usage
	0  -  Run Bytes Sent By Job
	7584148  -  Run Bytes Received By Job
	0  -  Total Bytes Sent By Job
	7584148  -  Total Bytes Received By Job
	Partitionable Resources :    Usage  Request Allocated 
	   Cpus                 :     0.99        4         4 
	   Disk (KB)            : 33038        7500     11017 
	   GPUs                 :                           0 
	   Memory (MB)          :    37       12000     12000 
	   TimeExecute (s)      :  4953                       
	   TimeSlotBusy (s)     :  4955                       

	Job terminated of its own accord at 2025-12-16T15:54:02Z with exit-code 0.
...
