000 (10613549.331.000) 12/16 14:40:44 Job submitted from host: <188.185.71.83:9618?addrs=188.185.71.83-9618+[2001-1458-d00-7--100-34d]-9618&alias=bigbird18.cern.ch&noUDP&sock=schedd_5052_d48c>
...
040 (10613549.331.000) 12/16 15:29:25 Started transferring input files
	Transferring to host: <188.185.213.46:9618?addrs=188.185.213.46-9618+[2001-1458-303-1a--100-2a]-9618&alias=b9p27p1148.cern.ch&noUDP&sock=slot1_2_6480_7f01_94844>
...
040 (10613549.331.000) 12/16 15:29:25 Finished transferring input files
...
001 (10613549.331.000) 12/16 15:29:25 Job executing on host: <188.185.213.46:9618?addrs=188.185.213.46-9618+[2001-1458-303-1a--100-2a]-9618&alias=b9p27p1148.cern.ch&noUDP&sock=startd_5659_2e89>
	SlotName: slot1_2@b9p27p1148.cern.ch
	CondorScratchDir = "/pool/condor/dir_2409071"
	Cpus = 4
	Disk = 10926
	GPUs = 0
	Memory = 12000
...
006 (10613549.331.000) 12/16 15:29:39 Image size of job updated: 37524
	37  -  MemoryUsage of job (MB)
	37524  -  ResidentSetSize of job (KB)
...
006 (10613549.331.000) 12/16 15:34:40 Image size of job updated: 37944
	37  -  MemoryUsage of job (MB)
	37524  -  ResidentSetSize of job (KB)
...
006 (10613549.331.000) 12/16 16:53:03 Image size of job updated: 118476
	37  -  MemoryUsage of job (MB)
	37524  -  ResidentSetSize of job (KB)
...
040 (10613549.331.000) 12/16 16:53:03 Started transferring output files
...
040 (10613549.331.000) 12/16 16:53:04 Finished transferring output files
...
005 (10613549.331.000) 12/16 16:53:04 Job terminated.
	(1) Normal termination (return value 0)
		Usr 0 01:22:41, Sys 0 00:00:08  -  Run Remote Usage
		Usr 0 00:00:00, Sys 0 00:00:00  -  Run Local Usage
		Usr 0 01:22:41, Sys 0 00:00:08  -  Total Remote Usage
		Usr 0 00:00:00, Sys 0 00:00:00  -  Total Local Usage
	0  -  Run Bytes Sent By Job
	7584148  -  Run Bytes Received By Job
	0  -  Total Bytes Sent By Job
	7584148  -  Total Bytes Received By Job
	Partitionable Resources :    Usage  Request Allocated 
	   Cpus                 :     0.99        4         4 
	   Disk (KB)            : 33138        7500     10926 
	   GPUs                 :                           0 
	   Memory (MB)          :    37       12000     12000 
	   TimeExecute (s)      :  5018                       
	   TimeSlotBusy (s)     :  5020                       

	Job terminated of its own accord at 2025-12-16T15:53:03Z with exit-code 0.
...
