000 (10610887.311.000) 12/16 07:14:31 Job submitted from host: <188.185.71.83:9618?addrs=188.185.71.83-9618+[2001-1458-d00-7--100-34d]-9618&alias=bigbird18.cern.ch&noUDP&sock=schedd_5052_d48c>
...
040 (10610887.311.000) 12/16 07:49:31 Started transferring input files
	Transferring to host: <128.142.161.85:9618?addrs=128.142.161.85-9618+[2001-1458-301-b8--100-13]-9618&alias=b9g03p2079.cern.ch&noUDP&sock=slot1_6_4109_e980_103297>
...
040 (10610887.311.000) 12/16 07:49:31 Finished transferring input files
...
001 (10610887.311.000) 12/16 07:49:31 Job executing on host: <128.142.161.85:9618?addrs=128.142.161.85-9618+[2001-1458-301-b8--100-13]-9618&alias=b9g03p2079.cern.ch&noUDP&sock=startd_3251_7e7b>
	SlotName: slot1_6@b9g03p2079.cern.ch
	CondorScratchDir = "/pool/condor/dir_2987227"
	Cpus = 4
	Disk = 11084
	GPUs = 0
	Memory = 12000
...
006 (10610887.311.000) 12/16 07:49:45 Image size of job updated: 40064
	40  -  MemoryUsage of job (MB)
	40064  -  ResidentSetSize of job (KB)
...
006 (10610887.311.000) 12/16 07:54:46 Image size of job updated: 40484
	40  -  MemoryUsage of job (MB)
	40064  -  ResidentSetSize of job (KB)
...
006 (10610887.311.000) 12/16 09:44:57 Image size of job updated: 45744
	45  -  MemoryUsage of job (MB)
	45744  -  ResidentSetSize of job (KB)
...
006 (10610887.311.000) 12/16 09:57:19 Image size of job updated: 127524
	45  -  MemoryUsage of job (MB)
	45744  -  ResidentSetSize of job (KB)
...
040 (10610887.311.000) 12/16 09:57:20 Started transferring output files
...
040 (10610887.311.000) 12/16 09:57:20 Finished transferring output files
...
005 (10610887.311.000) 12/16 09:57:20 Job terminated.
	(1) Normal termination (return value 0)
		Usr 0 02:06:27, Sys 0 00:00:09  -  Run Remote Usage
		Usr 0 00:00:00, Sys 0 00:00:00  -  Run Local Usage
		Usr 0 02:06:27, Sys 0 00:00:09  -  Total Remote Usage
		Usr 0 00:00:00, Sys 0 00:00:00  -  Total Local Usage
	0  -  Run Bytes Sent By Job
	7584148  -  Run Bytes Received By Job
	0  -  Total Bytes Sent By Job
	7584148  -  Total Bytes Received By Job
	Partitionable Resources :    Usage  Request Allocated 
	   Cpus                 :     0.99        4         4 
	   Disk (KB)            : 32689        7500     11084 
	   GPUs                 :                           0 
	   Memory (MB)          :    45       12000     12000 
	   TimeExecute (s)      :  7668                       
	   TimeSlotBusy (s)     :  7670                       

	Job terminated of its own accord at 2025-12-16T08:57:19Z with exit-code 0.
...
