000 (10610889.698.000) 12/16 07:15:01 Job submitted from host: <188.185.71.83:9618?addrs=188.185.71.83-9618+[2001-1458-d00-7--100-34d]-9618&alias=bigbird18.cern.ch&noUDP&sock=schedd_5052_d48c>
...
040 (10610889.698.000) 12/16 14:25:41 Started transferring input files
	Transferring to host: <188.185.215.53:9618?addrs=188.185.215.53-9618+[2001-1458-303-1e--100-31]-9618&alias=b9p31p3723.cern.ch&noUDP&sock=slot1_9_5347_31f3_94967>
...
040 (10610889.698.000) 12/16 14:25:41 Finished transferring input files
...
001 (10610889.698.000) 12/16 14:25:41 Job executing on host: <188.185.215.53:9618?addrs=188.185.215.53-9618+[2001-1458-303-1e--100-31]-9618&alias=b9p31p3723.cern.ch&noUDP&sock=startd_4358_cdd2>
	SlotName: slot1_9@b9p31p3723.cern.ch
	CondorScratchDir = "/pool/condor/dir_1024391"
	Cpus = 4
	Disk = 10891
	GPUs = 0
	Memory = 12000
...
006 (10610889.698.000) 12/16 14:25:55 Image size of job updated: 37552
	37  -  MemoryUsage of job (MB)
	37552  -  ResidentSetSize of job (KB)
...
006 (10610889.698.000) 12/16 14:30:56 Image size of job updated: 37972
	37  -  MemoryUsage of job (MB)
	37552  -  ResidentSetSize of job (KB)
...
006 (10610889.698.000) 12/16 16:03:41 Image size of job updated: 118512
	37  -  MemoryUsage of job (MB)
	37552  -  ResidentSetSize of job (KB)
...
040 (10610889.698.000) 12/16 16:03:42 Started transferring output files
...
040 (10610889.698.000) 12/16 16:03:42 Finished transferring output files
...
005 (10610889.698.000) 12/16 16:03:42 Job terminated.
	(1) Normal termination (return value 0)
		Usr 0 01:36:26, Sys 0 00:00:11  -  Run Remote Usage
		Usr 0 00:00:00, Sys 0 00:00:00  -  Run Local Usage
		Usr 0 01:36:26, Sys 0 00:00:11  -  Total Remote Usage
		Usr 0 00:00:00, Sys 0 00:00:00  -  Total Local Usage
	0  -  Run Bytes Sent By Job
	7584148  -  Run Bytes Received By Job
	0  -  Total Bytes Sent By Job
	7584148  -  Total Bytes Received By Job
	Partitionable Resources :    Usage  Request Allocated 
	   Cpus                 :     0.99        4         4 
	   Disk (KB)            : 33165        7500     10891 
	   GPUs                 :                           0 
	   Memory (MB)          :    37       12000     12000 
	   TimeExecute (s)      :  5880                       
	   TimeSlotBusy (s)     :  5881                       

	Job terminated of its own accord at 2025-12-16T15:03:41Z with exit-code 0.
...
