000 (10610888.701.000) 12/16 07:14:44 Job submitted from host: <188.185.71.83:9618?addrs=188.185.71.83-9618+[2001-1458-d00-7--100-34d]-9618&alias=bigbird18.cern.ch&noUDP&sock=schedd_5052_d48c>
...
040 (10610888.701.000) 12/16 09:36:09 Started transferring input files
	Transferring to host: <188.185.214.58:9618?addrs=188.185.214.58-9618+[2001-1458-303-1c--100-36]-9618&alias=b9p29p5593.cern.ch&noUDP&sock=slot1_7_7151_46bc_92515>
...
001 (10610888.701.000) 12/16 09:36:09 Job executing on host: <188.185.214.58:9618?addrs=188.185.214.58-9618+[2001-1458-303-1c--100-36]-9618&alias=b9p29p5593.cern.ch&noUDP&sock=startd_5967_71b4>
	SlotName: slot1_7@b9p29p5593.cern.ch
	CondorScratchDir = "/pool/condor/dir_1044143"
	Cpus = 4
	Disk = 11215
	GPUs = 0
	Memory = 12000
...
040 (10610888.701.000) 12/16 09:36:09 Finished transferring input files
...
006 (10610888.701.000) 12/16 09:36:23 Image size of job updated: 41572
	41  -  MemoryUsage of job (MB)
	41572  -  ResidentSetSize of job (KB)
...
006 (10610888.701.000) 12/16 09:41:23 Image size of job updated: 41992
	41  -  MemoryUsage of job (MB)
	41572  -  ResidentSetSize of job (KB)
...
040 (10610888.701.000) 12/16 11:09:34 Started transferring output files
...
040 (10610888.701.000) 12/16 11:09:35 Finished transferring output files
...
005 (10610888.701.000) 12/16 11:09:35 Job terminated.
	(1) Normal termination (return value 0)
		Usr 0 01:32:15, Sys 0 00:00:09  -  Run Remote Usage
		Usr 0 00:00:00, Sys 0 00:00:00  -  Run Local Usage
		Usr 0 01:32:15, Sys 0 00:00:09  -  Total Remote Usage
		Usr 0 00:00:00, Sys 0 00:00:00  -  Total Local Usage
	0  -  Run Bytes Sent By Job
	7584148  -  Run Bytes Received By Job
	0  -  Total Bytes Sent By Job
	7584148  -  Total Bytes Received By Job
	Partitionable Resources :    Usage  Request Allocated 
	   Cpus                 :     0.99        4         4 
	   Disk (KB)            : 32605        7500     11215 
	   GPUs                 :                           0 
	   Memory (MB)          :    41       12000     12000 
	   TimeExecute (s)      :  5605                       
	   TimeSlotBusy (s)     :  5606                       

	Job terminated of its own accord at 2025-12-16T10:09:34Z with exit-code 0.
...
