000 (10610889.811.000) 12/16 07:15:01 Job submitted from host: <188.185.71.83:9618?addrs=188.185.71.83-9618+[2001-1458-d00-7--100-34d]-9618&alias=bigbird18.cern.ch&noUDP&sock=schedd_5052_d48c>
...
040 (10610889.811.000) 12/16 14:26:20 Started transferring input files
	Transferring to host: <188.185.207.198:9618?addrs=188.185.207.198-9618+[2001-1458-303-e--100-43]-9618&alias=b9p08p3507.cern.ch&noUDP&sock=slot1_8_6102_2931_80175>
...
040 (10610889.811.000) 12/16 14:26:20 Finished transferring input files
...
001 (10610889.811.000) 12/16 14:26:20 Job executing on host: <188.185.207.198:9618?addrs=188.185.207.198-9618+[2001-1458-303-e--100-43]-9618&alias=b9p08p3507.cern.ch&noUDP&sock=startd_5180_a0ab>
	SlotName: slot1_8@b9p08p3507.cern.ch
	CondorScratchDir = "/pool/condor/dir_752637"
	Cpus = 4
	Disk = 10869
	GPUs = 0
	Memory = 12000
...
006 (10610889.811.000) 12/16 14:26:34 Image size of job updated: 42116
	42  -  MemoryUsage of job (MB)
	42116  -  ResidentSetSize of job (KB)
...
006 (10610889.811.000) 12/16 14:31:35 Image size of job updated: 42560
	42  -  MemoryUsage of job (MB)
	42116  -  ResidentSetSize of job (KB)
...
006 (10610889.811.000) 12/16 16:02:50 Image size of job updated: 123164
	42  -  MemoryUsage of job (MB)
	42116  -  ResidentSetSize of job (KB)
...
040 (10610889.811.000) 12/16 16:02:51 Started transferring output files
...
040 (10610889.811.000) 12/16 16:02:51 Finished transferring output files
...
005 (10610889.811.000) 12/16 16:02:51 Job terminated.
	(1) Normal termination (return value 0)
		Usr 0 01:35:03, Sys 0 00:00:08  -  Run Remote Usage
		Usr 0 00:00:00, Sys 0 00:00:00  -  Run Local Usage
		Usr 0 01:35:03, Sys 0 00:00:08  -  Total Remote Usage
		Usr 0 00:00:00, Sys 0 00:00:00  -  Total Local Usage
	0  -  Run Bytes Sent By Job
	7584148  -  Run Bytes Received By Job
	0  -  Total Bytes Sent By Job
	7584148  -  Total Bytes Received By Job
	Partitionable Resources :    Usage  Request Allocated 
	   Cpus                 :     0.99        4         4 
	   Disk (KB)            : 33023        7500     10869 
	   GPUs                 :                           0 
	   Memory (MB)          :    42       12000     12000 
	   TimeExecute (s)      :  5790                       
	   TimeSlotBusy (s)     :  5792                       

	Job terminated of its own accord at 2025-12-16T15:02:50Z with exit-code 0.
...
