000 (10610888.600.000) 12/16 07:14:44 Job submitted from host: <188.185.71.83:9618?addrs=188.185.71.83-9618+[2001-1458-d00-7--100-34d]-9618&alias=bigbird18.cern.ch&noUDP&sock=schedd_5052_d48c>
...
040 (10610888.600.000) 12/16 09:31:04 Started transferring input files
	Transferring to host: <188.185.213.208:9618?addrs=188.185.213.208-9618+[2001-1458-303-1b--100-4c]-9618&alias=b9p28p7725.cern.ch&noUDP&sock=slot1_9_3069835_37bb_14541>
...
040 (10610888.600.000) 12/16 09:31:04 Finished transferring input files
...
001 (10610888.600.000) 12/16 09:31:04 Job executing on host: <188.185.213.208:9618?addrs=188.185.213.208-9618+[2001-1458-303-1b--100-4c]-9618&alias=b9p28p7725.cern.ch&noUDP&sock=startd_3067101_c103>
	SlotName: slot1_9@b9p28p7725.cern.ch
	CondorScratchDir = "/pool/condor/dir_3543485"
	Cpus = 4
	Disk = 11090
	GPUs = 0
	Memory = 12000
...
006 (10610888.600.000) 12/16 09:31:18 Image size of job updated: 37500
	37  -  MemoryUsage of job (MB)
	37500  -  ResidentSetSize of job (KB)
...
006 (10610888.600.000) 12/16 09:36:19 Image size of job updated: 37920
	37  -  MemoryUsage of job (MB)
	37500  -  ResidentSetSize of job (KB)
...
040 (10610888.600.000) 12/16 10:49:04 Started transferring output files
...
040 (10610888.600.000) 12/16 10:49:05 Finished transferring output files
...
005 (10610888.600.000) 12/16 10:49:05 Job terminated.
	(1) Normal termination (return value 0)
		Usr 0 01:17:13, Sys 0 00:00:06  -  Run Remote Usage
		Usr 0 00:00:00, Sys 0 00:00:00  -  Run Local Usage
		Usr 0 01:17:13, Sys 0 00:00:06  -  Total Remote Usage
		Usr 0 00:00:00, Sys 0 00:00:00  -  Total Local Usage
	0  -  Run Bytes Sent By Job
	7584148  -  Run Bytes Received By Job
	0  -  Total Bytes Sent By Job
	7584148  -  Total Bytes Received By Job
	Partitionable Resources :    Usage  Request Allocated 
	   Cpus                 :     0.99        4         4 
	   Disk (KB)            : 32338        7500     11090 
	   GPUs                 :                           0 
	   Memory (MB)          :    37       12000     12000 
	   TimeExecute (s)      :  4680                       
	   TimeSlotBusy (s)     :  4681                       

	Job terminated of its own accord at 2025-12-16T09:49:04Z with exit-code 0.
...
