000 (10610888.108.000) 12/16 07:14:44 Job submitted from host: <188.185.71.83:9618?addrs=188.185.71.83-9618+[2001-1458-d00-7--100-34d]-9618&alias=bigbird18.cern.ch&noUDP&sock=schedd_5052_d48c>
...
040 (10610888.108.000) 12/16 08:38:32 Started transferring input files
	Transferring to host: <188.185.215.181:9618?addrs=188.185.215.181-9618+[2001-1458-303-26--100-31]-9618&alias=b9p18p4824.cern.ch&noUDP&sock=slot1_3_5945_8a4b_90142>
...
040 (10610888.108.000) 12/16 08:38:32 Finished transferring input files
...
001 (10610888.108.000) 12/16 08:38:32 Job executing on host: <188.185.215.181:9618?addrs=188.185.215.181-9618+[2001-1458-303-26--100-31]-9618&alias=b9p18p4824.cern.ch&noUDP&sock=startd_5185_0ea5>
	SlotName: slot1_3@b9p18p4824.cern.ch
	CondorScratchDir = "/pool/condor/dir_4077246"
	Cpus = 4
	Disk = 11173
	GPUs = 0
	Memory = 12000
...
006 (10610888.108.000) 12/16 08:38:46 Image size of job updated: 40048
	40  -  MemoryUsage of job (MB)
	40048  -  ResidentSetSize of job (KB)
...
006 (10610888.108.000) 12/16 08:43:47 Image size of job updated: 40468
	40  -  MemoryUsage of job (MB)
	40048  -  ResidentSetSize of job (KB)
...
040 (10610888.108.000) 12/16 09:54:40 Started transferring output files
...
040 (10610888.108.000) 12/16 09:54:40 Finished transferring output files
...
005 (10610888.108.000) 12/16 09:54:40 Job terminated.
	(1) Normal termination (return value 0)
		Usr 0 01:15:20, Sys 0 00:00:05  -  Run Remote Usage
		Usr 0 00:00:00, Sys 0 00:00:00  -  Run Local Usage
		Usr 0 01:15:20, Sys 0 00:00:05  -  Total Remote Usage
		Usr 0 00:00:00, Sys 0 00:00:00  -  Total Local Usage
	0  -  Run Bytes Sent By Job
	7584148  -  Run Bytes Received By Job
	0  -  Total Bytes Sent By Job
	7584148  -  Total Bytes Received By Job
	Partitionable Resources :    Usage  Request Allocated 
	   Cpus                 :     0.99        4         4 
	   Disk (KB)            : 32769        7500     11173 
	   GPUs                 :                           0 
	   Memory (MB)          :    40       12000     12000 
	   TimeExecute (s)      :  4568                       
	   TimeSlotBusy (s)     :  4568                       

	Job terminated of its own accord at 2025-12-16T08:54:40Z with exit-code 0.
...
