000 (10610889.726.000) 12/16 07:15:01 Job submitted from host: <188.185.71.83:9618?addrs=188.185.71.83-9618+[2001-1458-d00-7--100-34d]-9618&alias=bigbird18.cern.ch&noUDP&sock=schedd_5052_d48c>
...
040 (10610889.726.000) 12/16 14:25:50 Started transferring input files
	Transferring to host: <188.185.215.100:9618?addrs=188.185.215.100-9618+[2001-1458-303-1e--100-60]-9618&alias=b9p31p5609.cern.ch&noUDP&sock=slot1_5_5550_3a1b_88481>
...
040 (10610889.726.000) 12/16 14:25:50 Finished transferring input files
...
001 (10610889.726.000) 12/16 14:25:50 Job executing on host: <188.185.215.100:9618?addrs=188.185.215.100-9618+[2001-1458-303-1e--100-60]-9618&alias=b9p31p5609.cern.ch&noUDP&sock=startd_4528_68ec>
	SlotName: slot1_5@b9p31p5609.cern.ch
	CondorScratchDir = "/pool/condor/dir_3284364"
	Cpus = 4
	Disk = 10984
	GPUs = 0
	Memory = 12000
...
006 (10610889.726.000) 12/16 14:26:04 Image size of job updated: 38528
	38  -  MemoryUsage of job (MB)
	38528  -  ResidentSetSize of job (KB)
...
006 (10610889.726.000) 12/16 14:31:05 Image size of job updated: 38620
	38  -  MemoryUsage of job (MB)
	38528  -  ResidentSetSize of job (KB)
...
040 (10610889.726.000) 12/16 15:32:39 Started transferring output files
...
040 (10610889.726.000) 12/16 15:32:39 Finished transferring output files
...
005 (10610889.726.000) 12/16 15:32:39 Job terminated.
	(1) Normal termination (return value 0)
		Usr 0 01:06:05, Sys 0 00:00:05  -  Run Remote Usage
		Usr 0 00:00:00, Sys 0 00:00:00  -  Run Local Usage
		Usr 0 01:06:05, Sys 0 00:00:05  -  Total Remote Usage
		Usr 0 00:00:00, Sys 0 00:00:00  -  Total Local Usage
	0  -  Run Bytes Sent By Job
	7584148  -  Run Bytes Received By Job
	0  -  Total Bytes Sent By Job
	7584148  -  Total Bytes Received By Job
	Partitionable Resources :    Usage  Request Allocated 
	   Cpus                 :     0.99        4         4 
	   Disk (KB)            : 32417        7500     10984 
	   GPUs                 :                           0 
	   Memory (MB)          :    38       12000     12000 
	   TimeExecute (s)      :  4008                       
	   TimeSlotBusy (s)     :  4009                       

	Job terminated of its own accord at 2025-12-16T14:32:38Z with exit-code 0.
...
