000 (10610889.937.000) 12/16 07:15:01 Job submitted from host: <188.185.71.83:9618?addrs=188.185.71.83-9618+[2001-1458-d00-7--100-34d]-9618&alias=bigbird18.cern.ch&noUDP&sock=schedd_5052_d48c>
...
040 (10610889.937.000) 12/16 14:27:02 Started transferring input files
	Transferring to host: <188.185.210.211:9618?addrs=188.185.210.211-9618+[2001-1458-303-15--100-4f]-9618&alias=b9p22p6834.cern.ch&noUDP&sock=slot1_5_9821_8868_91270>
...
040 (10610889.937.000) 12/16 14:27:02 Finished transferring input files
...
001 (10610889.937.000) 12/16 14:27:02 Job executing on host: <188.185.210.211:9618?addrs=188.185.210.211-9618+[2001-1458-303-15--100-4f]-9618&alias=b9p22p6834.cern.ch&noUDP&sock=startd_8882_e446>
	SlotName: slot1_5@b9p22p6834.cern.ch
	CondorScratchDir = "/pool/condor/dir_1326271"
	Cpus = 4
	Disk = 11086
	GPUs = 0
	Memory = 12000
...
006 (10610889.937.000) 12/16 14:27:16 Image size of job updated: 37484
	37  -  MemoryUsage of job (MB)
	37484  -  ResidentSetSize of job (KB)
...
006 (10610889.937.000) 12/16 14:32:17 Image size of job updated: 37904
	37  -  MemoryUsage of job (MB)
	37484  -  ResidentSetSize of job (KB)
...
006 (10610889.937.000) 12/16 15:49:50 Image size of job updated: 118436
	37  -  MemoryUsage of job (MB)
	37484  -  ResidentSetSize of job (KB)
...
040 (10610889.937.000) 12/16 15:49:50 Started transferring output files
...
040 (10610889.937.000) 12/16 15:49:50 Finished transferring output files
...
005 (10610889.937.000) 12/16 15:49:50 Job terminated.
	(1) Normal termination (return value 0)
		Usr 0 01:21:21, Sys 0 00:00:08  -  Run Remote Usage
		Usr 0 00:00:00, Sys 0 00:00:00  -  Run Local Usage
		Usr 0 01:21:21, Sys 0 00:00:08  -  Total Remote Usage
		Usr 0 00:00:00, Sys 0 00:00:00  -  Total Local Usage
	0  -  Run Bytes Sent By Job
	7584148  -  Run Bytes Received By Job
	0  -  Total Bytes Sent By Job
	7584148  -  Total Bytes Received By Job
	Partitionable Resources :    Usage  Request Allocated 
	   Cpus                 :     0.99        4         4 
	   Disk (KB)            : 33766        7500     11086 
	   GPUs                 :                           0 
	   Memory (MB)          :    37       12000     12000 
	   TimeExecute (s)      :  4968                       
	   TimeSlotBusy (s)     :  4969                       

	Job terminated of its own accord at 2025-12-16T14:49:50Z with exit-code 0.
...
