000 (10613550.559.000) 12/16 14:40:59 Job submitted from host: <188.185.71.83:9618?addrs=188.185.71.83-9618+[2001-1458-d00-7--100-34d]-9618&alias=bigbird18.cern.ch&noUDP&sock=schedd_5052_d48c>
...
040 (10613550.559.000) 12/16 16:32:29 Started transferring input files
	Transferring to host: <188.185.194.155:9618?addrs=188.185.194.155-9618+[2001-1458-303-21--100-97]-9618&alias=b9p20p8436.cern.ch&noUDP&sock=slot1_7_7372_fda5_83810>
...
040 (10613550.559.000) 12/16 16:32:29 Finished transferring input files
...
001 (10613550.559.000) 12/16 16:32:29 Job executing on host: <188.185.194.155:9618?addrs=188.185.194.155-9618+[2001-1458-303-21--100-97]-9618&alias=b9p20p8436.cern.ch&noUDP&sock=startd_6083_02b1>
	SlotName: slot1_7@b9p20p8436.cern.ch
	CondorScratchDir = "/pool/condor/dir_1208658"
	Cpus = 4
	Disk = 11073
	GPUs = 0
	Memory = 12000
...
006 (10613550.559.000) 12/16 16:32:43 Image size of job updated: 40084
	40  -  MemoryUsage of job (MB)
	40084  -  ResidentSetSize of job (KB)
...
006 (10613550.559.000) 12/16 16:37:44 Image size of job updated: 40508
	40  -  MemoryUsage of job (MB)
	40084  -  ResidentSetSize of job (KB)
...
006 (10613550.559.000) 12/16 19:00:08 Image size of job updated: 121048
	40  -  MemoryUsage of job (MB)
	40084  -  ResidentSetSize of job (KB)
...
040 (10613550.559.000) 12/16 19:00:09 Started transferring output files
...
040 (10613550.559.000) 12/16 19:00:09 Finished transferring output files
...
005 (10613550.559.000) 12/16 19:00:09 Job terminated.
	(1) Normal termination (return value 0)
		Usr 0 02:24:27, Sys 0 00:00:07  -  Run Remote Usage
		Usr 0 00:00:00, Sys 0 00:00:00  -  Run Local Usage
		Usr 0 02:24:27, Sys 0 00:00:07  -  Total Remote Usage
		Usr 0 00:00:00, Sys 0 00:00:00  -  Total Local Usage
	0  -  Run Bytes Sent By Job
	7584148  -  Run Bytes Received By Job
	0  -  Total Bytes Sent By Job
	7584148  -  Total Bytes Received By Job
	Partitionable Resources :    Usage  Request Allocated 
	   Cpus                 :     0.99        4         4 
	   Disk (KB)            : 32966        7500     11073 
	   GPUs                 :                           0 
	   Memory (MB)          :    40       12000     12000 
	   TimeExecute (s)      :  8859                       
	   TimeSlotBusy (s)     :  8860                       

	Job terminated of its own accord at 2025-12-16T18:00:08Z with exit-code 0.
...
