000 (10610887.818.000) 12/16 07:14:32 Job submitted from host: <188.185.71.83:9618?addrs=188.185.71.83-9618+[2001-1458-d00-7--100-34d]-9618&alias=bigbird18.cern.ch&noUDP&sock=schedd_5052_d48c>
...
040 (10610887.818.000) 12/16 07:55:49 Started transferring input files
	Transferring to host: <188.185.212.59:9618?addrs=188.185.212.59-9618+[2001-1458-303-18--100-37]-9618&alias=b9p25p7434.cern.ch&noUDP&sock=slot1_35_5247_bc6e_92260>
...
040 (10610887.818.000) 12/16 07:55:49 Finished transferring input files
...
001 (10610887.818.000) 12/16 07:55:49 Job executing on host: <188.185.212.59:9618?addrs=188.185.212.59-9618+[2001-1458-303-18--100-37]-9618&alias=b9p25p7434.cern.ch&noUDP&sock=startd_4319_0da0>
	SlotName: slot1_35@b9p25p7434.cern.ch
	CondorScratchDir = "/pool/condor/dir_482251"
	Cpus = 4
	Disk = 11011
	GPUs = 0
	Memory = 12000
...
006 (10610887.818.000) 12/16 07:56:03 Image size of job updated: 38024
	38  -  MemoryUsage of job (MB)
	38024  -  ResidentSetSize of job (KB)
...
006 (10610887.818.000) 12/16 08:01:04 Image size of job updated: 38116
	38  -  MemoryUsage of job (MB)
	38024  -  ResidentSetSize of job (KB)
...
040 (10610887.818.000) 12/16 09:27:18 Started transferring output files
...
040 (10610887.818.000) 12/16 09:27:19 Finished transferring output files
...
005 (10610887.818.000) 12/16 09:27:19 Job terminated.
	(1) Normal termination (return value 0)
		Usr 0 01:30:10, Sys 0 00:00:09  -  Run Remote Usage
		Usr 0 00:00:00, Sys 0 00:00:00  -  Run Local Usage
		Usr 0 01:30:10, Sys 0 00:00:09  -  Total Remote Usage
		Usr 0 00:00:00, Sys 0 00:00:00  -  Total Local Usage
	0  -  Run Bytes Sent By Job
	7584148  -  Run Bytes Received By Job
	0  -  Total Bytes Sent By Job
	7584148  -  Total Bytes Received By Job
	Partitionable Resources :    Usage  Request Allocated 
	   Cpus                 :     0.99        4         4 
	   Disk (KB)            : 32524        7500     11011 
	   GPUs                 :                           0 
	   Memory (MB)          :    38       12000     12000 
	   TimeExecute (s)      :  5489                       
	   TimeSlotBusy (s)     :  5490                       

	Job terminated of its own accord at 2025-12-16T08:27:18Z with exit-code 0.
...
