000 (10610889.960.000) 12/16 07:15:01 Job submitted from host: <188.185.71.83:9618?addrs=188.185.71.83-9618+[2001-1458-d00-7--100-34d]-9618&alias=bigbird18.cern.ch&noUDP&sock=schedd_5052_d48c>
...
040 (10610889.960.000) 12/16 14:27:08 Started transferring input files
	Transferring to host: <188.185.209.148:9618?addrs=188.185.209.148-9618+[2001-1458-303-12--100-11]-9618&alias=b9p12p3536.cern.ch&noUDP&sock=slot1_18_4687_2a58_86978>
...
040 (10610889.960.000) 12/16 14:27:08 Finished transferring input files
...
001 (10610889.960.000) 12/16 14:27:08 Job executing on host: <188.185.209.148:9618?addrs=188.185.209.148-9618+[2001-1458-303-12--100-11]-9618&alias=b9p12p3536.cern.ch&noUDP&sock=startd_3951_a2c6>
	SlotName: slot1_18@b9p12p3536.cern.ch
	CondorScratchDir = "/pool/condor/dir_3686463"
	Cpus = 4
	Disk = 10823
	GPUs = 0
	Memory = 12000
...
006 (10610889.960.000) 12/16 14:27:22 Image size of job updated: 39624
	39  -  MemoryUsage of job (MB)
	39624  -  ResidentSetSize of job (KB)
...
006 (10610889.960.000) 12/16 14:32:23 Image size of job updated: 40004
	39  -  MemoryUsage of job (MB)
	39624  -  ResidentSetSize of job (KB)
...
040 (10610889.960.000) 12/16 15:52:55 Started transferring output files
...
040 (10610889.960.000) 12/16 15:52:55 Finished transferring output files
...
005 (10610889.960.000) 12/16 15:52:55 Job terminated.
	(1) Normal termination (return value 0)
		Usr 0 01:24:08, Sys 0 00:00:09  -  Run Remote Usage
		Usr 0 00:00:00, Sys 0 00:00:00  -  Run Local Usage
		Usr 0 01:24:08, Sys 0 00:00:09  -  Total Remote Usage
		Usr 0 00:00:00, Sys 0 00:00:00  -  Total Local Usage
	0  -  Run Bytes Sent By Job
	7584148  -  Run Bytes Received By Job
	0  -  Total Bytes Sent By Job
	7584148  -  Total Bytes Received By Job
	Partitionable Resources :    Usage  Request Allocated 
	   Cpus                 :     0.99        4         4 
	   Disk (KB)            : 32824        7500     10823 
	   GPUs                 :                           0 
	   Memory (MB)          :    39       12000     12000 
	   TimeExecute (s)      :  5146                       
	   TimeSlotBusy (s)     :  5148                       

	Job terminated of its own accord at 2025-12-16T14:52:54Z with exit-code 0.
...
