000 (10610888.796.000) 12/16 07:14:45 Job submitted from host: <188.185.71.83:9618?addrs=188.185.71.83-9618+[2001-1458-d00-7--100-34d]-9618&alias=bigbird18.cern.ch&noUDP&sock=schedd_5052_d48c>
...
040 (10610888.796.000) 12/16 09:42:57 Started transferring input files
	Transferring to host: <188.185.210.96:9618?addrs=188.185.210.96-9618+[2001-1458-303-1--100-5c]-9618&alias=b9p21p4456.cern.ch&noUDP&sock=slot1_4_5937_e74b_91236>
...
040 (10610888.796.000) 12/16 09:42:57 Finished transferring input files
...
001 (10610888.796.000) 12/16 09:42:57 Job executing on host: <188.185.210.96:9618?addrs=188.185.210.96-9618+[2001-1458-303-1--100-5c]-9618&alias=b9p21p4456.cern.ch&noUDP&sock=startd_5095_531f>
	SlotName: slot1_4@b9p21p4456.cern.ch
	CondorScratchDir = "/pool/condor/dir_3606479"
	Cpus = 4
	Disk = 11060
	GPUs = 0
	Memory = 12000
...
006 (10610888.796.000) 12/16 09:43:11 Image size of job updated: 37516
	37  -  MemoryUsage of job (MB)
	37516  -  ResidentSetSize of job (KB)
...
006 (10610888.796.000) 12/16 09:48:12 Image size of job updated: 37936
	37  -  MemoryUsage of job (MB)
	37516  -  ResidentSetSize of job (KB)
...
006 (10610888.796.000) 12/16 11:11:18 Image size of job updated: 118464
	37  -  MemoryUsage of job (MB)
	37516  -  ResidentSetSize of job (KB)
...
040 (10610888.796.000) 12/16 11:11:19 Started transferring output files
...
040 (10610888.796.000) 12/16 11:11:19 Finished transferring output files
...
005 (10610888.796.000) 12/16 11:11:19 Job terminated.
	(1) Normal termination (return value 0)
		Usr 0 01:27:15, Sys 0 00:00:05  -  Run Remote Usage
		Usr 0 00:00:00, Sys 0 00:00:00  -  Run Local Usage
		Usr 0 01:27:15, Sys 0 00:00:05  -  Total Remote Usage
		Usr 0 00:00:00, Sys 0 00:00:00  -  Total Local Usage
	0  -  Run Bytes Sent By Job
	7584148  -  Run Bytes Received By Job
	0  -  Total Bytes Sent By Job
	7584148  -  Total Bytes Received By Job
	Partitionable Resources :    Usage  Request Allocated 
	   Cpus                 :     1.00        4         4 
	   Disk (KB)            : 32975        7500     11060 
	   GPUs                 :                           0 
	   Memory (MB)          :    37       12000     12000 
	   TimeExecute (s)      :  5301                       
	   TimeSlotBusy (s)     :  5302                       

	Job terminated of its own accord at 2025-12-16T10:11:18Z with exit-code 0.
...
