000 (10610888.325.000) 12/16 07:14:44 Job submitted from host: <188.185.71.83:9618?addrs=188.185.71.83-9618+[2001-1458-d00-7--100-34d]-9618&alias=bigbird18.cern.ch&noUDP&sock=schedd_5052_d48c>
...
040 (10610888.325.000) 12/16 09:17:18 Started transferring input files
	Transferring to host: <188.185.206.205:9618?addrs=188.185.206.205-9618+[2001-1458-303-c--100-4a]-9618&alias=b9p06p1318.cern.ch&noUDP&sock=slot1_6_4020_341d_81067>
...
040 (10610888.325.000) 12/16 09:17:18 Finished transferring input files
...
001 (10610888.325.000) 12/16 09:17:18 Job executing on host: <188.185.206.205:9618?addrs=188.185.206.205-9618+[2001-1458-303-c--100-4a]-9618&alias=b9p06p1318.cern.ch&noUDP&sock=startd_3572_ac61>
	SlotName: slot1_6@b9p06p1318.cern.ch
	CondorScratchDir = "/pool/condor/dir_1533634"
	Cpus = 4
	Disk = 11078
	GPUs = 0
	Memory = 12000
...
006 (10610888.325.000) 12/16 09:17:32 Image size of job updated: 44172
	44  -  MemoryUsage of job (MB)
	44172  -  ResidentSetSize of job (KB)
...
006 (10610888.325.000) 12/16 09:22:33 Image size of job updated: 44552
	44  -  MemoryUsage of job (MB)
	44172  -  ResidentSetSize of job (KB)
...
040 (10610888.325.000) 12/16 11:04:59 Started transferring output files
...
040 (10610888.325.000) 12/16 11:04:59 Finished transferring output files
...
005 (10610888.325.000) 12/16 11:04:59 Job terminated.
	(1) Normal termination (return value 0)
		Usr 0 01:45:26, Sys 0 00:00:11  -  Run Remote Usage
		Usr 0 00:00:00, Sys 0 00:00:00  -  Run Local Usage
		Usr 0 01:45:26, Sys 0 00:00:11  -  Total Remote Usage
		Usr 0 00:00:00, Sys 0 00:00:00  -  Total Local Usage
	0  -  Run Bytes Sent By Job
	7584148  -  Run Bytes Received By Job
	0  -  Total Bytes Sent By Job
	7584148  -  Total Bytes Received By Job
	Partitionable Resources :    Usage  Request Allocated 
	   Cpus                 :     0.99        4         4 
	   Disk (KB)            : 33127        7500     11078 
	   GPUs                 :                           0 
	   Memory (MB)          :    44       12000     12000 
	   TimeExecute (s)      :  6460                       
	   TimeSlotBusy (s)     :  6461                       

	Job terminated of its own accord at 2025-12-16T10:04:58Z with exit-code 0.
...
