000 (10613550.582.000) 12/16 14:40:59 Job submitted from host: <188.185.71.83:9618?addrs=188.185.71.83-9618+[2001-1458-d00-7--100-34d]-9618&alias=bigbird18.cern.ch&noUDP&sock=schedd_5052_d48c>
...
040 (10613550.582.000) 12/16 16:40:01 Started transferring input files
	Transferring to host: <188.185.214.81:9618?addrs=188.185.214.81-9618+[2001-1458-303-1c--100-4d]-9618&alias=b9p29p6095.cern.ch&noUDP&sock=slot1_20_9336_ce75_109988>
...
040 (10613550.582.000) 12/16 16:40:01 Finished transferring input files
...
001 (10613550.582.000) 12/16 16:40:01 Job executing on host: <188.185.214.81:9618?addrs=188.185.214.81-9618+[2001-1458-303-1c--100-4d]-9618&alias=b9p29p6095.cern.ch&noUDP&sock=startd_8692_9148>
	SlotName: slot1_20@b9p29p6095.cern.ch
	CondorScratchDir = "/pool/condor/dir_3557272"
	Cpus = 4
	Disk = 11091
	GPUs = 0
	Memory = 12000
...
006 (10613550.582.000) 12/16 16:40:15 Image size of job updated: 40044
	40  -  MemoryUsage of job (MB)
	40044  -  ResidentSetSize of job (KB)
...
006 (10613550.582.000) 12/16 16:45:16 Image size of job updated: 40136
	40  -  MemoryUsage of job (MB)
	40044  -  ResidentSetSize of job (KB)
...
006 (10613550.582.000) 12/16 17:55:08 Image size of job updated: 120720
	40  -  MemoryUsage of job (MB)
	40044  -  ResidentSetSize of job (KB)
...
040 (10613550.582.000) 12/16 17:55:09 Started transferring output files
...
040 (10613550.582.000) 12/16 17:55:09 Finished transferring output files
...
005 (10613550.582.000) 12/16 17:55:09 Job terminated.
	(1) Normal termination (return value 0)
		Usr 0 01:14:22, Sys 0 00:00:06  -  Run Remote Usage
		Usr 0 00:00:00, Sys 0 00:00:00  -  Run Local Usage
		Usr 0 01:14:22, Sys 0 00:00:06  -  Total Remote Usage
		Usr 0 00:00:00, Sys 0 00:00:00  -  Total Local Usage
	0  -  Run Bytes Sent By Job
	7584148  -  Run Bytes Received By Job
	0  -  Total Bytes Sent By Job
	7584148  -  Total Bytes Received By Job
	Partitionable Resources :    Usage  Request Allocated 
	   Cpus                 :     0.99        4         4 
	   Disk (KB)            : 33289        7500     11091 
	   GPUs                 :                           0 
	   Memory (MB)          :    40       12000     12000 
	   TimeExecute (s)      :  4507                       
	   TimeSlotBusy (s)     :  4508                       

	Job terminated of its own accord at 2025-12-16T16:55:08Z with exit-code 0.
...
