000 (10613550.032.000) 12/16 14:40:58 Job submitted from host: <188.185.71.83:9618?addrs=188.185.71.83-9618+[2001-1458-d00-7--100-34d]-9618&alias=bigbird18.cern.ch&noUDP&sock=schedd_5052_d48c>
...
040 (10613550.032.000) 12/16 15:35:37 Started transferring input files
	Transferring to host: <188.185.196.178:9618?addrs=188.185.196.178-9618+[2001-1458-303-23--100-ae]-9618&alias=b9p16p1991.cern.ch&noUDP&sock=slot1_23_5805_e5c5_86689>
...
040 (10613550.032.000) 12/16 15:35:37 Finished transferring input files
...
001 (10613550.032.000) 12/16 15:35:37 Job executing on host: <188.185.196.178:9618?addrs=188.185.196.178-9618+[2001-1458-303-23--100-ae]-9618&alias=b9p16p1991.cern.ch&noUDP&sock=startd_4608_487f>
	SlotName: slot1_23@b9p16p1991.cern.ch
	CondorScratchDir = "/pool/condor/dir_4056064"
	Cpus = 4
	Disk = 11045
	GPUs = 0
	Memory = 12000
...
006 (10613550.032.000) 12/16 15:35:51 Image size of job updated: 37476
	37  -  MemoryUsage of job (MB)
	37476  -  ResidentSetSize of job (KB)
...
006 (10613550.032.000) 12/16 15:40:52 Image size of job updated: 37896
	37  -  MemoryUsage of job (MB)
	37476  -  ResidentSetSize of job (KB)
...
040 (10613550.032.000) 12/16 17:16:36 Started transferring output files
...
040 (10613550.032.000) 12/16 17:16:36 Finished transferring output files
...
005 (10613550.032.000) 12/16 17:16:36 Job terminated.
	(1) Normal termination (return value 0)
		Usr 0 01:40:01, Sys 0 00:00:05  -  Run Remote Usage
		Usr 0 00:00:00, Sys 0 00:00:00  -  Run Local Usage
		Usr 0 01:40:01, Sys 0 00:00:05  -  Total Remote Usage
		Usr 0 00:00:00, Sys 0 00:00:00  -  Total Local Usage
	0  -  Run Bytes Sent By Job
	7584148  -  Run Bytes Received By Job
	0  -  Total Bytes Sent By Job
	7584148  -  Total Bytes Received By Job
	Partitionable Resources :    Usage  Request Allocated 
	   Cpus                 :     1.00        4         4 
	   Disk (KB)            : 33520        7500     11045 
	   GPUs                 :                           0 
	   Memory (MB)          :    37       12000     12000 
	   TimeExecute (s)      :  6058                       
	   TimeSlotBusy (s)     :  6059                       

	Job terminated of its own accord at 2025-12-16T16:16:35Z with exit-code 0.
...
