000 (10610889.979.000) 12/16 07:15:01 Job submitted from host: <188.185.71.83:9618?addrs=188.185.71.83-9618+[2001-1458-d00-7--100-34d]-9618&alias=bigbird18.cern.ch&noUDP&sock=schedd_5052_d48c>
...
040 (10610889.979.000) 12/16 14:27:15 Started transferring input files
	Transferring to host: <188.185.211.179:9618?addrs=188.185.211.179-9618+[2001-1458-303-17--100-2f]-9618&alias=b9p24p7870.cern.ch&noUDP&sock=slot1_8_3385380_373a_12095>
...
040 (10610889.979.000) 12/16 14:27:15 Finished transferring input files
...
001 (10610889.979.000) 12/16 14:27:15 Job executing on host: <188.185.211.179:9618?addrs=188.185.211.179-9618+[2001-1458-303-17--100-2f]-9618&alias=b9p24p7870.cern.ch&noUDP&sock=startd_7877_8b98>
	SlotName: slot1_8@b9p24p7870.cern.ch
	CondorScratchDir = "/pool/condor/dir_141363"
	Cpus = 4
	Disk = 11044
	GPUs = 0
	Memory = 12000
...
006 (10610889.979.000) 12/16 14:27:29 Image size of job updated: 40036
	40  -  MemoryUsage of job (MB)
	40036  -  ResidentSetSize of job (KB)
...
006 (10610889.979.000) 12/16 14:32:30 Image size of job updated: 40128
	40  -  MemoryUsage of job (MB)
	40036  -  ResidentSetSize of job (KB)
...
006 (10610889.979.000) 12/16 15:53:22 Image size of job updated: 120656
	40  -  MemoryUsage of job (MB)
	40036  -  ResidentSetSize of job (KB)
...
040 (10610889.979.000) 12/16 15:53:23 Started transferring output files
...
040 (10610889.979.000) 12/16 15:53:23 Finished transferring output files
...
005 (10610889.979.000) 12/16 15:53:23 Job terminated.
	(1) Normal termination (return value 0)
		Usr 0 01:24:59, Sys 0 00:00:09  -  Run Remote Usage
		Usr 0 00:00:00, Sys 0 00:00:00  -  Run Local Usage
		Usr 0 01:24:59, Sys 0 00:00:09  -  Total Remote Usage
		Usr 0 00:00:00, Sys 0 00:00:00  -  Total Local Usage
	0  -  Run Bytes Sent By Job
	7584148  -  Run Bytes Received By Job
	0  -  Total Bytes Sent By Job
	7584148  -  Total Bytes Received By Job
	Partitionable Resources :    Usage  Request Allocated 
	   Cpus                 :     0.99        4         4 
	   Disk (KB)            : 32508        7500     11044 
	   GPUs                 :                           0 
	   Memory (MB)          :    40       12000     12000 
	   TimeExecute (s)      :  5167                       
	   TimeSlotBusy (s)     :  5168                       

	Job terminated of its own accord at 2025-12-16T14:53:22Z with exit-code 0.
...
