000 (10610887.013.000) 12/16 07:14:30 Job submitted from host: <188.185.71.83:9618?addrs=188.185.71.83-9618+[2001-1458-d00-7--100-34d]-9618&alias=bigbird18.cern.ch&noUDP&sock=schedd_5052_d48c>
...
040 (10610887.013.000) 12/16 07:20:22 Started transferring input files
	Transferring to host: <188.185.209.229:9618?addrs=188.185.209.229-9618+[2001-1458-303-12--100-62]-9618&alias=b9p12p8471.cern.ch&noUDP&sock=slot1_11_10714_bb6d_76097>
...
040 (10610887.013.000) 12/16 07:20:22 Finished transferring input files
...
001 (10610887.013.000) 12/16 07:20:22 Job executing on host: <188.185.209.229:9618?addrs=188.185.209.229-9618+[2001-1458-303-12--100-62]-9618&alias=b9p12p8471.cern.ch&noUDP&sock=startd_9495_5bd4>
	SlotName: slot1_11@b9p12p8471.cern.ch
	CondorScratchDir = "/pool/condor/dir_4106762"
	Cpus = 4
	Disk = 10896
	GPUs = 0
	Memory = 12000
...
006 (10610887.013.000) 12/16 07:20:36 Image size of job updated: 38240
	38  -  MemoryUsage of job (MB)
	38240  -  ResidentSetSize of job (KB)
...
006 (10610887.013.000) 12/16 07:25:37 Image size of job updated: 38620
	38  -  MemoryUsage of job (MB)
	38240  -  ResidentSetSize of job (KB)
...
040 (10610887.013.000) 12/16 08:48:25 Started transferring output files
...
040 (10610887.013.000) 12/16 08:48:25 Finished transferring output files
...
005 (10610887.013.000) 12/16 08:48:25 Job terminated.
	(1) Normal termination (return value 0)
		Usr 0 01:26:32, Sys 0 00:00:06  -  Run Remote Usage
		Usr 0 00:00:00, Sys 0 00:00:00  -  Run Local Usage
		Usr 0 01:26:32, Sys 0 00:00:06  -  Total Remote Usage
		Usr 0 00:00:00, Sys 0 00:00:00  -  Total Local Usage
	0  -  Run Bytes Sent By Job
	7584148  -  Run Bytes Received By Job
	0  -  Total Bytes Sent By Job
	7584148  -  Total Bytes Received By Job
	Partitionable Resources :    Usage  Request Allocated 
	   Cpus                 :     0.99        4         4 
	   Disk (KB)            : 33022        7500     10896 
	   GPUs                 :                           0 
	   Memory (MB)          :    38       12000     12000 
	   TimeExecute (s)      :  5282                       
	   TimeSlotBusy (s)     :  5283                       

	Job terminated of its own accord at 2025-12-16T07:48:24Z with exit-code 0.
...
