000 (10610889.629.000) 12/16 07:15:01 Job submitted from host: <188.185.71.83:9618?addrs=188.185.71.83-9618+[2001-1458-d00-7--100-34d]-9618&alias=bigbird18.cern.ch&noUDP&sock=schedd_5052_d48c>
...
040 (10610889.629.000) 12/16 14:14:11 Started transferring input files
	Transferring to host: <188.185.211.194:9618?addrs=188.185.211.194-9618+[2001-1458-303-17--100-3e]-9618&alias=b9p24p2206.cern.ch&noUDP&sock=slot1_8_3782794_549b_13356>
...
040 (10610889.629.000) 12/16 14:14:11 Finished transferring input files
...
001 (10610889.629.000) 12/16 14:14:11 Job executing on host: <188.185.211.194:9618?addrs=188.185.211.194-9618+[2001-1458-303-17--100-3e]-9618&alias=b9p24p2206.cern.ch&noUDP&sock=startd_3856_7947>
	SlotName: slot1_8@b9p24p2206.cern.ch
	CondorScratchDir = "/pool/condor/dir_3086311"
	Cpus = 4
	Disk = 10946
	GPUs = 0
	Memory = 12000
...
006 (10610889.629.000) 12/16 14:14:25 Image size of job updated: 42108
	42  -  MemoryUsage of job (MB)
	42108  -  ResidentSetSize of job (KB)
...
006 (10610889.629.000) 12/16 14:19:26 Image size of job updated: 42528
	42  -  MemoryUsage of job (MB)
	42108  -  ResidentSetSize of job (KB)
...
040 (10610889.629.000) 12/16 15:29:15 Started transferring output files
...
040 (10610889.629.000) 12/16 15:29:15 Finished transferring output files
...
005 (10610889.629.000) 12/16 15:29:15 Job terminated.
	(1) Normal termination (return value 0)
		Usr 0 01:14:09, Sys 0 00:00:04  -  Run Remote Usage
		Usr 0 00:00:00, Sys 0 00:00:00  -  Run Local Usage
		Usr 0 01:14:09, Sys 0 00:00:04  -  Total Remote Usage
		Usr 0 00:00:00, Sys 0 00:00:00  -  Total Local Usage
	0  -  Run Bytes Sent By Job
	7584148  -  Run Bytes Received By Job
	0  -  Total Bytes Sent By Job
	7584148  -  Total Bytes Received By Job
	Partitionable Resources :    Usage  Request Allocated 
	   Cpus                 :     0.99        4         4 
	   Disk (KB)            : 32641        7500     10946 
	   GPUs                 :                           0 
	   Memory (MB)          :    42       12000     12000 
	   TimeExecute (s)      :  4504                       
	   TimeSlotBusy (s)     :  4504                       

	Job terminated of its own accord at 2025-12-16T14:29:15Z with exit-code 0.
...
