000 (10610888.212.000) 12/16 07:14:44 Job submitted from host: <188.185.71.83:9618?addrs=188.185.71.83-9618+[2001-1458-d00-7--100-34d]-9618&alias=bigbird18.cern.ch&noUDP&sock=schedd_5052_d48c>
...
040 (10610888.212.000) 12/16 09:07:04 Started transferring input files
	Transferring to host: <188.185.207.49:9618?addrs=188.185.207.49-9618+[2001-1458-303-d--100-2e]-9618&alias=b9p07p8967.cern.ch&noUDP&sock=slot1_15_10808_f6b1_79767>
...
040 (10610888.212.000) 12/16 09:07:04 Finished transferring input files
...
001 (10610888.212.000) 12/16 09:07:04 Job executing on host: <188.185.207.49:9618?addrs=188.185.207.49-9618+[2001-1458-303-d--100-2e]-9618&alias=b9p07p8967.cern.ch&noUDP&sock=startd_10304_43f2>
	SlotName: slot1_15@b9p07p8967.cern.ch
	CondorScratchDir = "/pool/condor/dir_1668316"
	Cpus = 4
	Disk = 11054
	GPUs = 0
	Memory = 12000
...
006 (10610888.212.000) 12/16 09:07:18 Image size of job updated: 42132
	42  -  MemoryUsage of job (MB)
	42132  -  ResidentSetSize of job (KB)
...
006 (10610888.212.000) 12/16 09:12:19 Image size of job updated: 42536
	42  -  MemoryUsage of job (MB)
	42132  -  ResidentSetSize of job (KB)
...
040 (10610888.212.000) 12/16 10:25:48 Started transferring output files
...
040 (10610888.212.000) 12/16 10:25:48 Finished transferring output files
...
005 (10610888.212.000) 12/16 10:25:48 Job terminated.
	(1) Normal termination (return value 0)
		Usr 0 01:17:45, Sys 0 00:00:06  -  Run Remote Usage
		Usr 0 00:00:00, Sys 0 00:00:00  -  Run Local Usage
		Usr 0 01:17:45, Sys 0 00:00:06  -  Total Remote Usage
		Usr 0 00:00:00, Sys 0 00:00:00  -  Total Local Usage
	0  -  Run Bytes Sent By Job
	7584148  -  Run Bytes Received By Job
	0  -  Total Bytes Sent By Job
	7584148  -  Total Bytes Received By Job
	Partitionable Resources :    Usage  Request Allocated 
	   Cpus                 :     0.99        4         4 
	   Disk (KB)            : 32998        7500     11054 
	   GPUs                 :                           0 
	   Memory (MB)          :    42       12000     12000 
	   TimeExecute (s)      :  4723                       
	   TimeSlotBusy (s)     :  4724                       

	Job terminated of its own accord at 2025-12-16T09:25:47Z with exit-code 0.
...
