000 (10610889.742.000) 12/16 07:15:01 Job submitted from host: <188.185.71.83:9618?addrs=188.185.71.83-9618+[2001-1458-d00-7--100-34d]-9618&alias=bigbird18.cern.ch&noUDP&sock=schedd_5052_d48c>
...
040 (10610889.742.000) 12/16 14:25:56 Started transferring input files
	Transferring to host: <188.185.212.31:9618?addrs=188.185.212.31-9618+[2001-1458-303-18--100-1b]-9618&alias=b9p25p2573.cern.ch&noUDP&sock=slot1_1_4901_f2a0_89955>
...
040 (10610889.742.000) 12/16 14:25:56 Finished transferring input files
...
001 (10610889.742.000) 12/16 14:25:56 Job executing on host: <188.185.212.31:9618?addrs=188.185.212.31-9618+[2001-1458-303-18--100-1b]-9618&alias=b9p25p2573.cern.ch&noUDP&sock=startd_3989_b360>
	SlotName: slot1_1@b9p25p2573.cern.ch
	CondorScratchDir = "/pool/condor/dir_2055438"
	Cpus = 4
	Disk = 10883
	GPUs = 0
	Memory = 12000
...
006 (10610889.742.000) 12/16 14:26:10 Image size of job updated: 37460
	37  -  MemoryUsage of job (MB)
	37460  -  ResidentSetSize of job (KB)
...
006 (10610889.742.000) 12/16 14:31:11 Image size of job updated: 37880
	37  -  MemoryUsage of job (MB)
	37460  -  ResidentSetSize of job (KB)
...
040 (10610889.742.000) 12/16 15:56:08 Started transferring output files
...
040 (10610889.742.000) 12/16 15:56:09 Finished transferring output files
...
005 (10610889.742.000) 12/16 15:56:09 Job terminated.
	(1) Normal termination (return value 0)
		Usr 0 01:29:10, Sys 0 00:00:07  -  Run Remote Usage
		Usr 0 00:00:00, Sys 0 00:00:00  -  Run Local Usage
		Usr 0 01:29:10, Sys 0 00:00:07  -  Total Remote Usage
		Usr 0 00:00:00, Sys 0 00:00:00  -  Total Local Usage
	0  -  Run Bytes Sent By Job
	7584148  -  Run Bytes Received By Job
	0  -  Total Bytes Sent By Job
	7584148  -  Total Bytes Received By Job
	Partitionable Resources :    Usage  Request Allocated 
	   Cpus                 :     0.99        4         4 
	   Disk (KB)            : 32879        7500     10883 
	   GPUs                 :                           0 
	   Memory (MB)          :    37       12000     12000 
	   TimeExecute (s)      :  5412                       
	   TimeSlotBusy (s)     :  5413                       

	Job terminated of its own accord at 2025-12-16T14:56:08Z with exit-code 0.
...
