000 (10610887.885.000) 12/16 07:14:32 Job submitted from host: <188.185.71.83:9618?addrs=188.185.71.83-9618+[2001-1458-d00-7--100-34d]-9618&alias=bigbird18.cern.ch&noUDP&sock=schedd_5052_d48c>
...
040 (10610887.885.000) 12/16 07:59:51 Started transferring input files
	Transferring to host: <128.142.192.185:9618?addrs=128.142.192.185-9618+[2001-1458-301-56--100-35]-9618&alias=b9g18p5987.cern.ch&noUDP&sock=slot1_27_4250_4266_89123>
...
040 (10610887.885.000) 12/16 07:59:51 Finished transferring input files
...
001 (10610887.885.000) 12/16 07:59:51 Job executing on host: <128.142.192.185:9618?addrs=128.142.192.185-9618+[2001-1458-301-56--100-35]-9618&alias=b9g18p5987.cern.ch&noUDP&sock=startd_3622_f81e>
	SlotName: slot1_27@b9g18p5987.cern.ch
	CondorScratchDir = "/pool/condor/dir_737479"
	Cpus = 4
	Disk = 10944
	GPUs = 0
	Memory = 12000
...
006 (10610887.885.000) 12/16 08:00:05 Image size of job updated: 35364
	35  -  MemoryUsage of job (MB)
	35364  -  ResidentSetSize of job (KB)
...
006 (10610887.885.000) 12/16 08:05:06 Image size of job updated: 35784
	35  -  MemoryUsage of job (MB)
	35364  -  ResidentSetSize of job (KB)
...
040 (10610887.885.000) 12/16 10:27:01 Started transferring output files
...
040 (10610887.885.000) 12/16 10:27:01 Finished transferring output files
...
005 (10610887.885.000) 12/16 10:27:01 Job terminated.
	(1) Normal termination (return value 0)
		Usr 0 02:24:13, Sys 0 00:00:15  -  Run Remote Usage
		Usr 0 00:00:00, Sys 0 00:00:00  -  Run Local Usage
		Usr 0 02:24:13, Sys 0 00:00:15  -  Total Remote Usage
		Usr 0 00:00:00, Sys 0 00:00:00  -  Total Local Usage
	0  -  Run Bytes Sent By Job
	7584148  -  Run Bytes Received By Job
	0  -  Total Bytes Sent By Job
	7584148  -  Total Bytes Received By Job
	Partitionable Resources :    Usage  Request Allocated 
	   Cpus                 :     0.99        4         4 
	   Disk (KB)            : 32134        7500     10944 
	   GPUs                 :                           0 
	   Memory (MB)          :    35       12000     12000 
	   TimeExecute (s)      :  8829                       
	   TimeSlotBusy (s)     :  8831                       

	Job terminated of its own accord at 2025-12-16T09:27:00Z with exit-code 0.
...
