000 (10610887.820.000) 12/16 07:14:32 Job submitted from host: <188.185.71.83:9618?addrs=188.185.71.83-9618+[2001-1458-d00-7--100-34d]-9618&alias=bigbird18.cern.ch&noUDP&sock=schedd_5052_d48c>
...
040 (10610887.820.000) 12/16 07:55:49 Started transferring input files
	Transferring to host: <188.185.208.44:9618?addrs=188.185.208.44-9618+[2001-1458-303-f--100-29]-9618&alias=b9p09p0976.cern.ch&noUDP&sock=slot1_34_10668_522b_78604>
...
040 (10610887.820.000) 12/16 07:55:49 Finished transferring input files
...
001 (10610887.820.000) 12/16 07:55:49 Job executing on host: <188.185.208.44:9618?addrs=188.185.208.44-9618+[2001-1458-303-f--100-29]-9618&alias=b9p09p0976.cern.ch&noUDP&sock=startd_10185_a42d>
	SlotName: slot1_34@b9p09p0976.cern.ch
	CondorScratchDir = "/pool/condor/dir_1957477"
	Cpus = 4
	Disk = 10876
	GPUs = 0
	Memory = 12000
...
006 (10610887.820.000) 12/16 07:56:03 Image size of job updated: 39648
	39  -  MemoryUsage of job (MB)
	39648  -  ResidentSetSize of job (KB)
...
006 (10610887.820.000) 12/16 08:01:04 Image size of job updated: 40056
	39  -  MemoryUsage of job (MB)
	39648  -  ResidentSetSize of job (KB)
...
006 (10610887.820.000) 12/16 09:25:04 Image size of job updated: 120660
	39  -  MemoryUsage of job (MB)
	39648  -  ResidentSetSize of job (KB)
...
040 (10610887.820.000) 12/16 09:25:04 Started transferring output files
...
040 (10610887.820.000) 12/16 09:25:05 Finished transferring output files
...
005 (10610887.820.000) 12/16 09:25:05 Job terminated.
	(1) Normal termination (return value 0)
		Usr 0 01:27:34, Sys 0 00:00:09  -  Run Remote Usage
		Usr 0 00:00:00, Sys 0 00:00:00  -  Run Local Usage
		Usr 0 01:27:34, Sys 0 00:00:09  -  Total Remote Usage
		Usr 0 00:00:00, Sys 0 00:00:00  -  Total Local Usage
	0  -  Run Bytes Sent By Job
	7584148  -  Run Bytes Received By Job
	0  -  Total Bytes Sent By Job
	7584148  -  Total Bytes Received By Job
	Partitionable Resources :    Usage  Request Allocated 
	   Cpus                 :     0.99        4         4 
	   Disk (KB)            : 33141        7500     10876 
	   GPUs                 :                           0 
	   Memory (MB)          :    39       12000     12000 
	   TimeExecute (s)      :  5355                       
	   TimeSlotBusy (s)     :  5356                       

	Job terminated of its own accord at 2025-12-16T08:25:04Z with exit-code 0.
...
