000 (10613549.138.000) 12/16 14:40:44 Job submitted from host: <188.185.71.83:9618?addrs=188.185.71.83-9618+[2001-1458-d00-7--100-34d]-9618&alias=bigbird18.cern.ch&noUDP&sock=schedd_5052_d48c>
...
040 (10613549.138.000) 12/16 15:11:11 Started transferring input files
	Transferring to host: <188.185.208.71:9618?addrs=188.185.208.71-9618+[2001-1458-303-f--100-44]-9618&alias=b9p09p5977.cern.ch&noUDP&sock=slot1_19_5999_968d_79011>
...
040 (10613549.138.000) 12/16 15:11:11 Finished transferring input files
...
001 (10613549.138.000) 12/16 15:11:11 Job executing on host: <188.185.208.71:9618?addrs=188.185.208.71-9618+[2001-1458-303-f--100-44]-9618&alias=b9p09p5977.cern.ch&noUDP&sock=startd_4952_3d14>
	SlotName: slot1_19@b9p09p5977.cern.ch
	CondorScratchDir = "/pool/condor/dir_2871450"
	Cpus = 4
	Disk = 10975
	GPUs = 0
	Memory = 12000
...
006 (10613549.138.000) 12/16 15:11:25 Image size of job updated: 43736
	43  -  MemoryUsage of job (MB)
	43736  -  ResidentSetSize of job (KB)
...
006 (10613549.138.000) 12/16 15:16:26 Image size of job updated: 44104
	43  -  MemoryUsage of job (MB)
	43736  -  ResidentSetSize of job (KB)
...
040 (10613549.138.000) 12/16 16:51:11 Started transferring output files
...
040 (10613549.138.000) 12/16 16:51:11 Finished transferring output files
...
005 (10613549.138.000) 12/16 16:51:11 Job terminated.
	(1) Normal termination (return value 0)
		Usr 0 01:38:28, Sys 0 00:00:09  -  Run Remote Usage
		Usr 0 00:00:00, Sys 0 00:00:00  -  Run Local Usage
		Usr 0 01:38:28, Sys 0 00:00:09  -  Total Remote Usage
		Usr 0 00:00:00, Sys 0 00:00:00  -  Total Local Usage
	0  -  Run Bytes Sent By Job
	7584148  -  Run Bytes Received By Job
	0  -  Total Bytes Sent By Job
	7584148  -  Total Bytes Received By Job
	Partitionable Resources :    Usage  Request Allocated 
	   Cpus                 :     0.99        4         4 
	   Disk (KB)            : 32664        7500     10975 
	   GPUs                 :                           0 
	   Memory (MB)          :    43       12000     12000 
	   TimeExecute (s)      :  5999                       
	   TimeSlotBusy (s)     :  6000                       

	Job terminated of its own accord at 2025-12-16T15:51:10Z with exit-code 0.
...
