000 (10610889.975.000) 12/16 07:15:01 Job submitted from host: <188.185.71.83:9618?addrs=188.185.71.83-9618+[2001-1458-d00-7--100-34d]-9618&alias=bigbird18.cern.ch&noUDP&sock=schedd_5052_d48c>
...
040 (10610889.975.000) 12/16 14:27:13 Started transferring input files
	Transferring to host: <188.185.210.211:9618?addrs=188.185.210.211-9618+[2001-1458-303-15--100-4f]-9618&alias=b9p22p6834.cern.ch&noUDP&sock=slot1_7_9821_8868_91271>
...
040 (10610889.975.000) 12/16 14:27:13 Finished transferring input files
...
001 (10610889.975.000) 12/16 14:27:13 Job executing on host: <188.185.210.211:9618?addrs=188.185.210.211-9618+[2001-1458-303-15--100-4f]-9618&alias=b9p22p6834.cern.ch&noUDP&sock=startd_8882_e446>
	SlotName: slot1_7@b9p22p6834.cern.ch
	CondorScratchDir = "/pool/condor/dir_1327305"
	Cpus = 4
	Disk = 11082
	GPUs = 0
	Memory = 12000
...
006 (10610889.975.000) 12/16 14:27:27 Image size of job updated: 38008
	38  -  MemoryUsage of job (MB)
	38008  -  ResidentSetSize of job (KB)
...
006 (10610889.975.000) 12/16 14:32:28 Image size of job updated: 38432
	38  -  MemoryUsage of job (MB)
	38008  -  ResidentSetSize of job (KB)
...
040 (10610889.975.000) 12/16 15:51:47 Started transferring output files
...
040 (10610889.975.000) 12/16 15:51:47 Finished transferring output files
...
005 (10610889.975.000) 12/16 15:51:47 Job terminated.
	(1) Normal termination (return value 0)
		Usr 0 01:23:08, Sys 0 00:00:09  -  Run Remote Usage
		Usr 0 00:00:00, Sys 0 00:00:00  -  Run Local Usage
		Usr 0 01:23:08, Sys 0 00:00:09  -  Total Remote Usage
		Usr 0 00:00:00, Sys 0 00:00:00  -  Total Local Usage
	0  -  Run Bytes Sent By Job
	7584148  -  Run Bytes Received By Job
	0  -  Total Bytes Sent By Job
	7584148  -  Total Bytes Received By Job
	Partitionable Resources :    Usage  Request Allocated 
	   Cpus                 :     0.99        4         4 
	   Disk (KB)            : 32064        7500     11082 
	   GPUs                 :                           0 
	   Memory (MB)          :    38       12000     12000 
	   TimeExecute (s)      :  5073                       
	   TimeSlotBusy (s)     :  5074                       

	Job terminated of its own accord at 2025-12-16T14:51:46Z with exit-code 0.
...
