000 (10613549.494.000) 12/16 14:40:45 Job submitted from host: <188.185.71.83:9618?addrs=188.185.71.83-9618+[2001-1458-d00-7--100-34d]-9618&alias=bigbird18.cern.ch&noUDP&sock=schedd_5052_d48c>
...
040 (10613549.494.000) 12/16 15:30:19 Started transferring input files
	Transferring to host: <188.185.206.157:9618?addrs=188.185.206.157-9618+[2001-1458-303-c--100-1a]-9618&alias=b9p06p7146.cern.ch&noUDP&sock=slot1_2_5138_ef8a_82006>
...
040 (10613549.494.000) 12/16 15:30:19 Finished transferring input files
...
001 (10613549.494.000) 12/16 15:30:19 Job executing on host: <188.185.206.157:9618?addrs=188.185.206.157-9618+[2001-1458-303-c--100-1a]-9618&alias=b9p06p7146.cern.ch&noUDP&sock=startd_4388_61a9>
	SlotName: slot1_2@b9p06p7146.cern.ch
	CondorScratchDir = "/pool/condor/dir_1463466"
	Cpus = 4
	Disk = 10942
	GPUs = 0
	Memory = 12000
...
006 (10613549.494.000) 12/16 15:30:33 Image size of job updated: 40952
	40  -  MemoryUsage of job (MB)
	40952  -  ResidentSetSize of job (KB)
...
006 (10613549.494.000) 12/16 15:35:34 Image size of job updated: 40988
	40  -  MemoryUsage of job (MB)
	40952  -  ResidentSetSize of job (KB)
...
006 (10613549.494.000) 12/16 16:51:47 Image size of job updated: 121540
	40  -  MemoryUsage of job (MB)
	40952  -  ResidentSetSize of job (KB)
...
040 (10613549.494.000) 12/16 16:51:48 Started transferring output files
...
040 (10613549.494.000) 12/16 16:51:48 Finished transferring output files
...
005 (10613549.494.000) 12/16 16:51:48 Job terminated.
	(1) Normal termination (return value 0)
		Usr 0 01:20:21, Sys 0 00:00:08  -  Run Remote Usage
		Usr 0 00:00:00, Sys 0 00:00:00  -  Run Local Usage
		Usr 0 01:20:21, Sys 0 00:00:08  -  Total Remote Usage
		Usr 0 00:00:00, Sys 0 00:00:00  -  Total Local Usage
	0  -  Run Bytes Sent By Job
	7584148  -  Run Bytes Received By Job
	0  -  Total Bytes Sent By Job
	7584148  -  Total Bytes Received By Job
	Partitionable Resources :    Usage  Request Allocated 
	   Cpus                 :     0.99        4         4 
	   Disk (KB)            : 33015        7500     10942 
	   GPUs                 :                           0 
	   Memory (MB)          :    40       12000     12000 
	   TimeExecute (s)      :  4888                       
	   TimeSlotBusy (s)     :  4889                       

	Job terminated of its own accord at 2025-12-16T15:51:47Z with exit-code 0.
...
