000 (10613549.634.000) 12/16 14:40:45 Job submitted from host: <188.185.71.83:9618?addrs=188.185.71.83-9618+[2001-1458-d00-7--100-34d]-9618&alias=bigbird18.cern.ch&noUDP&sock=schedd_5052_d48c>
...
040 (10613549.634.000) 12/16 15:31:06 Started transferring input files
	Transferring to host: <188.185.210.166:9618?addrs=188.185.210.166-9618+[2001-1458-303-15--100-22]-9618&alias=b9p22p8829.cern.ch&noUDP&sock=slot1_11_5255_5f6f_94359>
...
040 (10613549.634.000) 12/16 15:31:06 Finished transferring input files
...
001 (10613549.634.000) 12/16 15:31:06 Job executing on host: <188.185.210.166:9618?addrs=188.185.210.166-9618+[2001-1458-303-15--100-22]-9618&alias=b9p22p8829.cern.ch&noUDP&sock=startd_4259_e5f2>
	SlotName: slot1_11@b9p22p8829.cern.ch
	CondorScratchDir = "/pool/condor/dir_1938904"
	Cpus = 4
	Disk = 10925
	GPUs = 0
	Memory = 12000
...
006 (10613549.634.000) 12/16 15:31:20 Image size of job updated: 38020
	38  -  MemoryUsage of job (MB)
	38020  -  ResidentSetSize of job (KB)
...
006 (10613549.634.000) 12/16 16:49:46 Image size of job updated: 118684
	38  -  MemoryUsage of job (MB)
	38020  -  ResidentSetSize of job (KB)
...
040 (10613549.634.000) 12/16 16:49:47 Started transferring output files
...
040 (10613549.634.000) 12/16 16:49:47 Finished transferring output files
...
005 (10613549.634.000) 12/16 16:49:47 Job terminated.
	(1) Normal termination (return value 0)
		Usr 0 01:17:43, Sys 0 00:00:09  -  Run Remote Usage
		Usr 0 00:00:00, Sys 0 00:00:00  -  Run Local Usage
		Usr 0 01:17:43, Sys 0 00:00:09  -  Total Remote Usage
		Usr 0 00:00:00, Sys 0 00:00:00  -  Total Local Usage
	0  -  Run Bytes Sent By Job
	7584148  -  Run Bytes Received By Job
	0  -  Total Bytes Sent By Job
	7584148  -  Total Bytes Received By Job
	Partitionable Resources :    Usage  Request Allocated 
	   Cpus                 :     0.99        4         4 
	   Disk (KB)            : 33478        7500     10925 
	   GPUs                 :                           0 
	   Memory (MB)          :    38       12000     12000 
	   TimeExecute (s)      :  4720                       
	   TimeSlotBusy (s)     :  4721                       

	Job terminated of its own accord at 2025-12-16T15:49:46Z with exit-code 0.
...
