000 (10610887.091.000) 12/16 07:14:31 Job submitted from host: <188.185.71.83:9618?addrs=188.185.71.83-9618+[2001-1458-d00-7--100-34d]-9618&alias=bigbird18.cern.ch&noUDP&sock=schedd_5052_d48c>
...
040 (10610887.091.000) 12/16 07:20:48 Started transferring input files
	Transferring to host: <188.185.209.83:9618?addrs=188.185.209.83-9618+[2001-1458-303-11--100-50]-9618&alias=b9p11p6576.cern.ch&noUDP&sock=slot1_23_1110757_8a4a_10011>
...
040 (10610887.091.000) 12/16 07:20:48 Finished transferring input files
...
001 (10610887.091.000) 12/16 07:20:48 Job executing on host: <188.185.209.83:9618?addrs=188.185.209.83-9618+[2001-1458-303-11--100-50]-9618&alias=b9p11p6576.cern.ch&noUDP&sock=startd_3651_dc5d>
	SlotName: slot1_23@b9p11p6576.cern.ch
	CondorScratchDir = "/pool/condor/dir_3780671"
	Cpus = 4
	Disk = 10931
	GPUs = 0
	Memory = 12000
...
006 (10610887.091.000) 12/16 07:21:02 Image size of job updated: 40492
	40  -  MemoryUsage of job (MB)
	40492  -  ResidentSetSize of job (KB)
...
006 (10610887.091.000) 12/16 07:26:03 Image size of job updated: 40864
	40  -  MemoryUsage of job (MB)
	40492  -  ResidentSetSize of job (KB)
...
006 (10610887.091.000) 12/16 09:02:06 Image size of job updated: 121252
	40  -  MemoryUsage of job (MB)
	40492  -  ResidentSetSize of job (KB)
...
040 (10610887.091.000) 12/16 09:02:07 Started transferring output files
...
040 (10610887.091.000) 12/16 09:02:07 Finished transferring output files
...
005 (10610887.091.000) 12/16 09:02:07 Job terminated.
	(1) Normal termination (return value 0)
		Usr 0 01:38:11, Sys 0 00:00:10  -  Run Remote Usage
		Usr 0 00:00:00, Sys 0 00:00:00  -  Run Local Usage
		Usr 0 01:38:11, Sys 0 00:00:10  -  Total Remote Usage
		Usr 0 00:00:00, Sys 0 00:00:00  -  Total Local Usage
	0  -  Run Bytes Sent By Job
	7584148  -  Run Bytes Received By Job
	0  -  Total Bytes Sent By Job
	7584148  -  Total Bytes Received By Job
	Partitionable Resources :    Usage  Request Allocated 
	   Cpus                 :     0.93        4         4 
	   Disk (KB)            : 33509        7500     10931 
	   GPUs                 :                           0 
	   Memory (MB)          :    40       12000     12000 
	   TimeExecute (s)      :  6078                       
	   TimeSlotBusy (s)     :  6079                       

	Job terminated of its own accord at 2025-12-16T08:02:06Z with exit-code 0.
...
