000 (10610889.216.000) 12/16 07:15:00 Job submitted from host: <188.185.71.83:9618?addrs=188.185.71.83-9618+[2001-1458-d00-7--100-34d]-9618&alias=bigbird18.cern.ch&noUDP&sock=schedd_5052_d48c>
...
040 (10610889.216.000) 12/16 13:31:23 Started transferring input files
	Transferring to host: <188.185.205.144:9618?addrs=188.185.205.144-9618+[2001-1458-303-a--100-d]-9618&alias=b9p04p0698.cern.ch&noUDP&sock=slot1_5_4063_803e_76902>
...
040 (10610889.216.000) 12/16 13:31:23 Finished transferring input files
...
001 (10610889.216.000) 12/16 13:31:23 Job executing on host: <188.185.205.144:9618?addrs=188.185.205.144-9618+[2001-1458-303-a--100-d]-9618&alias=b9p04p0698.cern.ch&noUDP&sock=startd_3617_8a24>
	SlotName: slot1_5@b9p04p0698.cern.ch
	CondorScratchDir = "/pool/condor/dir_2708444"
	Cpus = 4
	Disk = 10945
	GPUs = 0
	Memory = 12000
...
006 (10610889.216.000) 12/16 13:31:37 Image size of job updated: 39632
	39  -  MemoryUsage of job (MB)
	39632  -  ResidentSetSize of job (KB)
...
006 (10610889.216.000) 12/16 13:36:38 Image size of job updated: 40012
	39  -  MemoryUsage of job (MB)
	39632  -  ResidentSetSize of job (KB)
...
040 (10610889.216.000) 12/16 15:10:32 Started transferring output files
...
040 (10610889.216.000) 12/16 15:10:32 Finished transferring output files
...
005 (10610889.216.000) 12/16 15:10:32 Job terminated.
	(1) Normal termination (return value 0)
		Usr 0 01:37:06, Sys 0 00:00:14  -  Run Remote Usage
		Usr 0 00:00:00, Sys 0 00:00:00  -  Run Local Usage
		Usr 0 01:37:06, Sys 0 00:00:14  -  Total Remote Usage
		Usr 0 00:00:00, Sys 0 00:00:00  -  Total Local Usage
	0  -  Run Bytes Sent By Job
	7584148  -  Run Bytes Received By Job
	0  -  Total Bytes Sent By Job
	7584148  -  Total Bytes Received By Job
	Partitionable Resources :    Usage  Request Allocated 
	   Cpus                 :     0.98        4         4 
	   Disk (KB)            : 32520        7500     10945 
	   GPUs                 :                           0 
	   Memory (MB)          :    39       12000     12000 
	   TimeExecute (s)      :  5948                       
	   TimeSlotBusy (s)     :  5950                       

	Job terminated of its own accord at 2025-12-16T14:10:31Z with exit-code 0.
...
