000 (10610888.952.000) 12/16 07:14:45 Job submitted from host: <188.185.71.83:9618?addrs=188.185.71.83-9618+[2001-1458-d00-7--100-34d]-9618&alias=bigbird18.cern.ch&noUDP&sock=schedd_5052_d48c>
...
040 (10610888.952.000) 12/16 10:04:37 Started transferring input files
	Transferring to host: <188.185.194.65:9618?addrs=188.185.194.65-9618+[2001-1458-303-21--100-3d]-9618&alias=b9p20p1449.cern.ch&noUDP&sock=slot1_3_5380_7254_85612>
...
040 (10610888.952.000) 12/16 10:04:37 Finished transferring input files
...
001 (10610888.952.000) 12/16 10:04:37 Job executing on host: <188.185.194.65:9618?addrs=188.185.194.65-9618+[2001-1458-303-21--100-3d]-9618&alias=b9p20p1449.cern.ch&noUDP&sock=startd_4301_b4ec>
	SlotName: slot1_3@b9p20p1449.cern.ch
	CondorScratchDir = "/pool/condor/dir_3489079"
	Cpus = 4
	Disk = 11061
	GPUs = 0
	Memory = 12000
...
006 (10610888.952.000) 12/16 10:04:51 Image size of job updated: 40092
	40  -  MemoryUsage of job (MB)
	40092  -  ResidentSetSize of job (KB)
...
006 (10610888.952.000) 12/16 10:09:51 Image size of job updated: 40184
	40  -  MemoryUsage of job (MB)
	40092  -  ResidentSetSize of job (KB)
...
006 (10610888.952.000) 12/16 11:57:38 Image size of job updated: 120768
	40  -  MemoryUsage of job (MB)
	40092  -  ResidentSetSize of job (KB)
...
040 (10610888.952.000) 12/16 11:57:38 Started transferring output files
...
040 (10610888.952.000) 12/16 11:57:39 Finished transferring output files
...
005 (10610888.952.000) 12/16 11:57:39 Job terminated.
	(1) Normal termination (return value 0)
		Usr 0 01:51:47, Sys 0 00:00:07  -  Run Remote Usage
		Usr 0 00:00:00, Sys 0 00:00:00  -  Run Local Usage
		Usr 0 01:51:47, Sys 0 00:00:07  -  Total Remote Usage
		Usr 0 00:00:00, Sys 0 00:00:00  -  Total Local Usage
	0  -  Run Bytes Sent By Job
	7584148  -  Run Bytes Received By Job
	0  -  Total Bytes Sent By Job
	7584148  -  Total Bytes Received By Job
	Partitionable Resources :    Usage  Request Allocated 
	   Cpus                 :     1.00        4         4 
	   Disk (KB)            : 33077        7500     11061 
	   GPUs                 :                           0 
	   Memory (MB)          :    40       12000     12000 
	   TimeExecute (s)      :  6781                       
	   TimeSlotBusy (s)     :  6782                       

	Job terminated of its own accord at 2025-12-16T10:57:38Z with exit-code 0.
...
