000 (10610888.273.000) 12/16 07:14:44 Job submitted from host: <188.185.71.83:9618?addrs=188.185.71.83-9618+[2001-1458-d00-7--100-34d]-9618&alias=bigbird18.cern.ch&noUDP&sock=schedd_5052_d48c>
...
040 (10610888.273.000) 12/16 09:13:16 Started transferring input files
	Transferring to host: <188.185.211.14:9618?addrs=188.185.211.14-9618+[2001-1458-303-16--100-a]-9618&alias=b9p23p3852.cern.ch&noUDP&sock=slot1_21_5772_a564_92664>
...
001 (10610888.273.000) 12/16 09:13:16 Job executing on host: <188.185.211.14:9618?addrs=188.185.211.14-9618+[2001-1458-303-16--100-a]-9618&alias=b9p23p3852.cern.ch&noUDP&sock=startd_5012_64c2>
	SlotName: slot1_21@b9p23p3852.cern.ch
	CondorScratchDir = "/pool/condor/dir_3499345"
	Cpus = 4
	Disk = 11020
	GPUs = 0
	Memory = 12000
...
040 (10610888.273.000) 12/16 09:13:16 Finished transferring input files
...
006 (10610888.273.000) 12/16 09:13:30 Image size of job updated: 42124
	42  -  MemoryUsage of job (MB)
	42124  -  ResidentSetSize of job (KB)
...
006 (10610888.273.000) 12/16 09:18:31 Image size of job updated: 42524
	42  -  MemoryUsage of job (MB)
	42124  -  ResidentSetSize of job (KB)
...
006 (10610888.273.000) 12/16 10:35:17 Image size of job updated: 123044
	42  -  MemoryUsage of job (MB)
	42124  -  ResidentSetSize of job (KB)
...
040 (10610888.273.000) 12/16 10:35:17 Started transferring output files
...
040 (10610888.273.000) 12/16 10:35:18 Finished transferring output files
...
005 (10610888.273.000) 12/16 10:35:18 Job terminated.
	(1) Normal termination (return value 0)
		Usr 0 01:21:06, Sys 0 00:00:04  -  Run Remote Usage
		Usr 0 00:00:00, Sys 0 00:00:00  -  Run Local Usage
		Usr 0 01:21:06, Sys 0 00:00:04  -  Total Remote Usage
		Usr 0 00:00:00, Sys 0 00:00:00  -  Total Local Usage
	0  -  Run Bytes Sent By Job
	7584148  -  Run Bytes Received By Job
	0  -  Total Bytes Sent By Job
	7584148  -  Total Bytes Received By Job
	Partitionable Resources :    Usage  Request Allocated 
	   Cpus                 :     0.99        4         4 
	   Disk (KB)            : 33338        7500     11020 
	   GPUs                 :                           0 
	   Memory (MB)          :    42       12000     12000 
	   TimeExecute (s)      :  4921                       
	   TimeSlotBusy (s)     :  4922                       

	Job terminated of its own accord at 2025-12-16T09:35:17Z with exit-code 0.
...
