000 (10610889.450.000) 12/16 07:15:00 Job submitted from host: <188.185.71.83:9618?addrs=188.185.71.83-9618+[2001-1458-d00-7--100-34d]-9618&alias=bigbird18.cern.ch&noUDP&sock=schedd_5052_d48c>
...
040 (10610889.450.000) 12/16 14:09:12 Started transferring input files
	Transferring to host: <188.185.194.48:9618?addrs=188.185.194.48-9618+[2001-1458-303-21--100-2c]-9618&alias=b9p20p8045.cern.ch&noUDP&sock=slot1_30_5445_3eb6_80425>
...
040 (10610889.450.000) 12/16 14:09:12 Finished transferring input files
...
001 (10610889.450.000) 12/16 14:09:12 Job executing on host: <188.185.194.48:9618?addrs=188.185.194.48-9618+[2001-1458-303-21--100-2c]-9618&alias=b9p20p8045.cern.ch&noUDP&sock=startd_4273_8045>
	SlotName: slot1_30@b9p20p8045.cern.ch
	CondorScratchDir = "/pool/condor/dir_1142414"
	Cpus = 4
	Disk = 11127
	GPUs = 0
	Memory = 12000
...
006 (10610889.450.000) 12/16 14:09:26 Image size of job updated: 37504
	37  -  MemoryUsage of job (MB)
	37504  -  ResidentSetSize of job (KB)
...
006 (10610889.450.000) 12/16 14:14:27 Image size of job updated: 37924
	37  -  MemoryUsage of job (MB)
	37504  -  ResidentSetSize of job (KB)
...
006 (10610889.450.000) 12/16 17:18:39 Image size of job updated: 118464
	37  -  MemoryUsage of job (MB)
	37504  -  ResidentSetSize of job (KB)
...
040 (10610889.450.000) 12/16 17:18:40 Started transferring output files
...
040 (10610889.450.000) 12/16 17:18:40 Finished transferring output files
...
005 (10610889.450.000) 12/16 17:18:40 Job terminated.
	(1) Normal termination (return value 0)
		Usr 0 03:06:07, Sys 0 00:00:10  -  Run Remote Usage
		Usr 0 00:00:00, Sys 0 00:00:00  -  Run Local Usage
		Usr 0 03:06:07, Sys 0 00:00:10  -  Total Remote Usage
		Usr 0 00:00:00, Sys 0 00:00:00  -  Total Local Usage
	0  -  Run Bytes Sent By Job
	7584148  -  Run Bytes Received By Job
	0  -  Total Bytes Sent By Job
	7584148  -  Total Bytes Received By Job
	Partitionable Resources :    Usage  Request Allocated 
	   Cpus                 :     0.99        4         4 
	   Disk (KB)            : 33777        7500     11127 
	   GPUs                 :                           0 
	   Memory (MB)          :    37       12000     12000 
	   TimeExecute (s)      : 11367                       
	   TimeSlotBusy (s)     : 11369                       

	Job terminated of its own accord at 2025-12-16T16:18:39Z with exit-code 0.
...
