000 (10613550.042.000) 12/16 14:40:58 Job submitted from host: <188.185.71.83:9618?addrs=188.185.71.83-9618+[2001-1458-d00-7--100-34d]-9618&alias=bigbird18.cern.ch&noUDP&sock=schedd_5052_d48c>
...
040 (10613550.042.000) 12/16 15:35:30 Started transferring input files
	Transferring to host: <188.185.214.105:9618?addrs=188.185.214.105-9618+[2001-1458-303-1c--100-65]-9618&alias=b9p29p1441.cern.ch&noUDP&sock=slot1_10_1404500_0e93_12685>
...
040 (10613550.042.000) 12/16 15:35:30 Finished transferring input files
...
001 (10613550.042.000) 12/16 15:35:30 Job executing on host: <188.185.214.105:9618?addrs=188.185.214.105-9618+[2001-1458-303-1c--100-65]-9618&alias=b9p29p1441.cern.ch&noUDP&sock=startd_1403926_0a79>
	SlotName: slot1_10@b9p29p1441.cern.ch
	CondorScratchDir = "/pool/condor/dir_279320"
	Cpus = 4
	Disk = 10907
	GPUs = 0
	Memory = 12000
...
006 (10613550.042.000) 12/16 15:35:44 Image size of job updated: 42128
	42  -  MemoryUsage of job (MB)
	42128  -  ResidentSetSize of job (KB)
...
006 (10613550.042.000) 12/16 15:40:45 Image size of job updated: 42548
	42  -  MemoryUsage of job (MB)
	42128  -  ResidentSetSize of job (KB)
...
006 (10613550.042.000) 12/16 17:16:42 Image size of job updated: 123420
	42  -  MemoryUsage of job (MB)
	42128  -  ResidentSetSize of job (KB)
...
040 (10613550.042.000) 12/16 17:16:43 Started transferring output files
...
040 (10613550.042.000) 12/16 17:16:43 Finished transferring output files
...
005 (10613550.042.000) 12/16 17:16:43 Job terminated.
	(1) Normal termination (return value 0)
		Usr 0 01:39:43, Sys 0 00:00:11  -  Run Remote Usage
		Usr 0 00:00:00, Sys 0 00:00:00  -  Run Local Usage
		Usr 0 01:39:43, Sys 0 00:00:11  -  Total Remote Usage
		Usr 0 00:00:00, Sys 0 00:00:00  -  Total Local Usage
	0  -  Run Bytes Sent By Job
	7584148  -  Run Bytes Received By Job
	0  -  Total Bytes Sent By Job
	7584148  -  Total Bytes Received By Job
	Partitionable Resources :    Usage  Request Allocated 
	   Cpus                 :     0.99        4         4 
	   Disk (KB)            : 33546        7500     10907 
	   GPUs                 :                           0 
	   Memory (MB)          :    42       12000     12000 
	   TimeExecute (s)      :  6072                       
	   TimeSlotBusy (s)     :  6073                       

	Job terminated of its own accord at 2025-12-16T16:16:42Z with exit-code 0.
...
