000 (10610887.164.000) 12/16 07:14:31 Job submitted from host: <188.185.71.83:9618?addrs=188.185.71.83-9618+[2001-1458-d00-7--100-34d]-9618&alias=bigbird18.cern.ch&noUDP&sock=schedd_5052_d48c>
...
040 (10610887.164.000) 12/16 07:44:44 Started transferring input files
	Transferring to host: <188.185.215.96:9618?addrs=188.185.215.96-9618+[2001-1458-303-1e--100-5c]-9618&alias=b9p31p5861.cern.ch&noUDP&sock=slot1_1_5071_ba67_90006>
...
040 (10610887.164.000) 12/16 07:44:44 Finished transferring input files
...
001 (10610887.164.000) 12/16 07:44:44 Job executing on host: <188.185.215.96:9618?addrs=188.185.215.96-9618+[2001-1458-303-1e--100-5c]-9618&alias=b9p31p5861.cern.ch&noUDP&sock=startd_4093_0939>
	SlotName: slot1_1@b9p31p5861.cern.ch
	CondorScratchDir = "/pool/condor/dir_1478969"
	Cpus = 4
	Disk = 10916
	GPUs = 0
	Memory = 12000
...
006 (10610887.164.000) 12/16 07:44:58 Image size of job updated: 39552
	39  -  MemoryUsage of job (MB)
	39552  -  ResidentSetSize of job (KB)
...
006 (10610887.164.000) 12/16 07:49:59 Image size of job updated: 39972
	39  -  MemoryUsage of job (MB)
	39552  -  ResidentSetSize of job (KB)
...
006 (10610887.164.000) 12/16 09:22:04 Image size of job updated: 120504
	39  -  MemoryUsage of job (MB)
	39552  -  ResidentSetSize of job (KB)
...
040 (10610887.164.000) 12/16 09:22:05 Started transferring output files
...
040 (10610887.164.000) 12/16 09:22:05 Finished transferring output files
...
005 (10610887.164.000) 12/16 09:22:06 Job terminated.
	(1) Normal termination (return value 0)
		Usr 0 01:35:53, Sys 0 00:00:08  -  Run Remote Usage
		Usr 0 00:00:00, Sys 0 00:00:00  -  Run Local Usage
		Usr 0 01:35:53, Sys 0 00:00:08  -  Total Remote Usage
		Usr 0 00:00:00, Sys 0 00:00:00  -  Total Local Usage
	0  -  Run Bytes Sent By Job
	7584148  -  Run Bytes Received By Job
	0  -  Total Bytes Sent By Job
	7584148  -  Total Bytes Received By Job
	Partitionable Resources :    Usage  Request Allocated 
	   Cpus                 :     0.99        4         4 
	   Disk (KB)            : 32921        7500     10916 
	   GPUs                 :                           0 
	   Memory (MB)          :    39       12000     12000 
	   TimeExecute (s)      :  5840                       
	   TimeSlotBusy (s)     :  5842                       

	Job terminated of its own accord at 2025-12-16T08:22:04Z with exit-code 0.
...
