000 (10610889.765.000) 12/16 07:15:01 Job submitted from host: <188.185.71.83:9618?addrs=188.185.71.83-9618+[2001-1458-d00-7--100-34d]-9618&alias=bigbird18.cern.ch&noUDP&sock=schedd_5052_d48c>
...
040 (10610889.765.000) 12/16 14:26:04 Started transferring input files
	Transferring to host: <188.185.196.9:9618?addrs=188.185.196.9-9618+[2001-1458-303-23--100-5]-9618&alias=b9p16p6656.cern.ch&noUDP&sock=slot1_26_415395_1b15_93503>
...
040 (10610889.765.000) 12/16 14:26:04 Finished transferring input files
...
001 (10610889.765.000) 12/16 14:26:04 Job executing on host: <188.185.196.9:9618?addrs=188.185.196.9-9618+[2001-1458-303-23--100-5]-9618&alias=b9p16p6656.cern.ch&noUDP&sock=startd_415349_71fa>
	SlotName: slot1_26@b9p16p6656.cern.ch
	CondorScratchDir = "/pool/condor/dir_1697338"
	Cpus = 4
	Disk = 11096
	GPUs = 0
	Memory = 12000
...
006 (10610889.765.000) 12/16 14:26:18 Image size of job updated: 31992
	32  -  MemoryUsage of job (MB)
	31992  -  ResidentSetSize of job (KB)
...
006 (10610889.765.000) 12/16 14:31:18 Image size of job updated: 32412
	32  -  MemoryUsage of job (MB)
	31992  -  ResidentSetSize of job (KB)
...
006 (10610889.765.000) 12/16 16:28:25 Image size of job updated: 117004
	32  -  MemoryUsage of job (MB)
	31992  -  ResidentSetSize of job (KB)
...
040 (10610889.765.000) 12/16 16:28:25 Started transferring output files
...
040 (10610889.765.000) 12/16 16:28:26 Finished transferring output files
...
005 (10610889.765.000) 12/16 16:28:26 Job terminated.
	(1) Normal termination (return value 0)
		Usr 0 02:01:13, Sys 0 00:00:10  -  Run Remote Usage
		Usr 0 00:00:00, Sys 0 00:00:00  -  Run Local Usage
		Usr 0 02:01:13, Sys 0 00:00:10  -  Total Remote Usage
		Usr 0 00:00:00, Sys 0 00:00:00  -  Total Local Usage
	0  -  Run Bytes Sent By Job
	7584148  -  Run Bytes Received By Job
	0  -  Total Bytes Sent By Job
	7584148  -  Total Bytes Received By Job
	Partitionable Resources :    Usage  Request Allocated 
	   Cpus                 :     0.99        4         4 
	   Disk (KB)            : 33823        7500     11096 
	   GPUs                 :                           0 
	   Memory (MB)          :    32       12000     12000 
	   TimeExecute (s)      :  7341                       
	   TimeSlotBusy (s)     :  7343                       

	Job terminated of its own accord at 2025-12-16T15:28:25Z with exit-code 0.
...
