000 (10610888.589.000) 12/16 07:14:44 Job submitted from host: <188.185.71.83:9618?addrs=188.185.71.83-9618+[2001-1458-d00-7--100-34d]-9618&alias=bigbird18.cern.ch&noUDP&sock=schedd_5052_d48c>
...
040 (10610888.589.000) 12/16 09:30:36 Started transferring input files
	Transferring to host: <188.185.211.217:9618?addrs=188.185.211.217-9618+[2001-1458-303-17--100-55]-9618&alias=b9p24p8616.cern.ch&noUDP&sock=slot1_13_1126130_359b_12848>
...
040 (10610888.589.000) 12/16 09:30:36 Finished transferring input files
...
001 (10610888.589.000) 12/16 09:30:36 Job executing on host: <188.185.211.217:9618?addrs=188.185.211.217-9618+[2001-1458-303-17--100-55]-9618&alias=b9p24p8616.cern.ch&noUDP&sock=startd_1125786_22b7>
	SlotName: slot1_13@b9p24p8616.cern.ch
	CondorScratchDir = "/pool/condor/dir_1559171"
	Cpus = 4
	Disk = 10998
	GPUs = 0
	Memory = 12000
...
006 (10610888.589.000) 12/16 09:30:49 Image size of job updated: 37524
	37  -  MemoryUsage of job (MB)
	37524  -  ResidentSetSize of job (KB)
...
006 (10610888.589.000) 12/16 09:35:49 Image size of job updated: 37944
	37  -  MemoryUsage of job (MB)
	37524  -  ResidentSetSize of job (KB)
...
006 (10610888.589.000) 12/16 10:57:41 Image size of job updated: 118476
	37  -  MemoryUsage of job (MB)
	37524  -  ResidentSetSize of job (KB)
...
040 (10610888.589.000) 12/16 10:57:42 Started transferring output files
...
040 (10610888.589.000) 12/16 10:57:42 Finished transferring output files
...
005 (10610888.589.000) 12/16 10:57:42 Job terminated.
	(1) Normal termination (return value 0)
		Usr 0 01:25:54, Sys 0 00:00:10  -  Run Remote Usage
		Usr 0 00:00:00, Sys 0 00:00:00  -  Run Local Usage
		Usr 0 01:25:54, Sys 0 00:00:10  -  Total Remote Usage
		Usr 0 00:00:00, Sys 0 00:00:00  -  Total Local Usage
	0  -  Run Bytes Sent By Job
	7584148  -  Run Bytes Received By Job
	0  -  Total Bytes Sent By Job
	7584148  -  Total Bytes Received By Job
	Partitionable Resources :    Usage  Request Allocated 
	   Cpus                 :     0.99        4         4 
	   Disk (KB)            : 32745        7500     10998 
	   GPUs                 :                           0 
	   Memory (MB)          :    37       12000     12000 
	   TimeExecute (s)      :  5225                       
	   TimeSlotBusy (s)     :  5227                       

	Job terminated of its own accord at 2025-12-16T09:57:41Z with exit-code 0.
...
