000 (10613550.383.000) 12/16 14:40:59 Job submitted from host: <188.185.71.83:9618?addrs=188.185.71.83-9618+[2001-1458-d00-7--100-34d]-9618&alias=bigbird18.cern.ch&noUDP&sock=schedd_5052_d48c>
...
040 (10613550.383.000) 12/16 16:00:15 Started transferring input files
	Transferring to host: <188.185.210.98:9618?addrs=188.185.210.98-9618+[2001-1458-303-1--100-5e]-9618&alias=b9p21p9138.cern.ch&noUDP&sock=slot1_9_1089933_25fb_13489>
...
040 (10613550.383.000) 12/16 16:00:15 Finished transferring input files
...
001 (10613550.383.000) 12/16 16:00:15 Job executing on host: <188.185.210.98:9618?addrs=188.185.210.98-9618+[2001-1458-303-1--100-5e]-9618&alias=b9p21p9138.cern.ch&noUDP&sock=startd_1089305_3437>
	SlotName: slot1_9@b9p21p9138.cern.ch
	CondorScratchDir = "/pool/condor/dir_1615123"
	Cpus = 4
	Disk = 11215
	GPUs = 0
	Memory = 12000
...
006 (10613550.383.000) 12/16 16:00:28 Image size of job updated: 37476
	37  -  MemoryUsage of job (MB)
	37476  -  ResidentSetSize of job (KB)
...
006 (10613550.383.000) 12/16 16:05:28 Image size of job updated: 37896
	37  -  MemoryUsage of job (MB)
	37476  -  ResidentSetSize of job (KB)
...
006 (10613550.383.000) 12/16 17:33:04 Image size of job updated: 118432
	37  -  MemoryUsage of job (MB)
	37476  -  ResidentSetSize of job (KB)
...
040 (10613550.383.000) 12/16 17:33:05 Started transferring output files
...
040 (10613550.383.000) 12/16 17:33:05 Finished transferring output files
...
005 (10613550.383.000) 12/16 17:33:05 Job terminated.
	(1) Normal termination (return value 0)
		Usr 0 01:30:39, Sys 0 00:00:12  -  Run Remote Usage
		Usr 0 00:00:00, Sys 0 00:00:00  -  Run Local Usage
		Usr 0 01:30:39, Sys 0 00:00:12  -  Total Remote Usage
		Usr 0 00:00:00, Sys 0 00:00:00  -  Total Local Usage
	0  -  Run Bytes Sent By Job
	7584148  -  Run Bytes Received By Job
	0  -  Total Bytes Sent By Job
	7584148  -  Total Bytes Received By Job
	Partitionable Resources :    Usage  Request Allocated 
	   Cpus                 :     0.99        4         4 
	   Disk (KB)            : 33633        7500     11215 
	   GPUs                 :                           0 
	   Memory (MB)          :    37       12000     12000 
	   TimeExecute (s)      :  5569                       
	   TimeSlotBusy (s)     :  5571                       

	Job terminated of its own accord at 2025-12-16T16:33:04Z with exit-code 0.
...
