000 (10613549.233.000) 12/16 14:40:44 Job submitted from host: <188.185.71.83:9618?addrs=188.185.71.83-9618+[2001-1458-d00-7--100-34d]-9618&alias=bigbird18.cern.ch&noUDP&sock=schedd_5052_d48c>
...
040 (10613549.233.000) 12/16 15:27:57 Started transferring input files
	Transferring to host: <188.185.212.82:9618?addrs=188.185.212.82-9618+[2001-1458-303-18--100-4e]-9618&alias=b9p25p1407.cern.ch&noUDP&sock=slot1_1_8191_0ce6_87050>
...
040 (10613549.233.000) 12/16 15:27:57 Finished transferring input files
...
001 (10613549.233.000) 12/16 15:27:57 Job executing on host: <188.185.212.82:9618?addrs=188.185.212.82-9618+[2001-1458-303-18--100-4e]-9618&alias=b9p25p1407.cern.ch&noUDP&sock=startd_7070_02aa>
	SlotName: slot1_1@b9p25p1407.cern.ch
	CondorScratchDir = "/pool/condor/dir_1795090"
	Cpus = 4
	Disk = 10997
	GPUs = 0
	Memory = 12000
...
006 (10613549.233.000) 12/16 15:28:10 Image size of job updated: 38024
	38  -  MemoryUsage of job (MB)
	38024  -  ResidentSetSize of job (KB)
...
006 (10613549.233.000) 12/16 15:33:10 Image size of job updated: 38444
	38  -  MemoryUsage of job (MB)
	38024  -  ResidentSetSize of job (KB)
...
006 (10613549.233.000) 12/16 16:44:22 Image size of job updated: 118964
	38  -  MemoryUsage of job (MB)
	38024  -  ResidentSetSize of job (KB)
...
040 (10613549.233.000) 12/16 16:44:22 Started transferring output files
...
040 (10613549.233.000) 12/16 16:44:22 Finished transferring output files
...
005 (10613549.233.000) 12/16 16:44:22 Job terminated.
	(1) Normal termination (return value 0)
		Usr 0 01:15:42, Sys 0 00:00:04  -  Run Remote Usage
		Usr 0 00:00:00, Sys 0 00:00:00  -  Run Local Usage
		Usr 0 01:15:42, Sys 0 00:00:04  -  Total Remote Usage
		Usr 0 00:00:00, Sys 0 00:00:00  -  Total Local Usage
	0  -  Run Bytes Sent By Job
	7584148  -  Run Bytes Received By Job
	0  -  Total Bytes Sent By Job
	7584148  -  Total Bytes Received By Job
	Partitionable Resources :    Usage  Request Allocated 
	   Cpus                 :     0.99        4         4 
	   Disk (KB)            : 32985        7500     10997 
	   GPUs                 :                           0 
	   Memory (MB)          :    38       12000     12000 
	   TimeExecute (s)      :  4585                       
	   TimeSlotBusy (s)     :  4586                       

	Job terminated of its own accord at 2025-12-16T15:44:22Z with exit-code 0.
...
