000 (10613550.843.000) 12/16 14:41:00 Job submitted from host: <188.185.71.83:9618?addrs=188.185.71.83-9618+[2001-1458-d00-7--100-34d]-9618&alias=bigbird18.cern.ch&noUDP&sock=schedd_5052_d48c>
...
040 (10613550.843.000) 12/16 16:51:40 Started transferring input files
	Transferring to host: <188.185.213.149:9618?addrs=188.185.213.149-9618+[2001-1458-303-1b--100-11]-9618&alias=b9p28p9569.cern.ch&noUDP&sock=slot1_3_4258_e566_111178>
...
040 (10613550.843.000) 12/16 16:51:40 Finished transferring input files
...
001 (10613550.843.000) 12/16 16:51:40 Job executing on host: <188.185.213.149:9618?addrs=188.185.213.149-9618+[2001-1458-303-1b--100-11]-9618&alias=b9p28p9569.cern.ch&noUDP&sock=startd_3644_0f33>
	SlotName: slot1_3@b9p28p9569.cern.ch
	CondorScratchDir = "/pool/condor/dir_2197928"
	Cpus = 4
	Disk = 10641
	GPUs = 0
	Memory = 12000
...
006 (10613550.843.000) 12/16 16:51:54 Image size of job updated: 37492
	37  -  MemoryUsage of job (MB)
	37492  -  ResidentSetSize of job (KB)
...
006 (10613550.843.000) 12/16 16:56:55 Image size of job updated: 37912
	37  -  MemoryUsage of job (MB)
	37492  -  ResidentSetSize of job (KB)
...
006 (10613550.843.000) 12/16 18:06:14 Image size of job updated: 118448
	37  -  MemoryUsage of job (MB)
	37492  -  ResidentSetSize of job (KB)
...
040 (10613550.843.000) 12/16 18:06:15 Started transferring output files
...
040 (10613550.843.000) 12/16 18:06:15 Finished transferring output files
...
005 (10613550.843.000) 12/16 18:06:15 Job terminated.
	(1) Normal termination (return value 0)
		Usr 0 01:13:51, Sys 0 00:00:04  -  Run Remote Usage
		Usr 0 00:00:00, Sys 0 00:00:00  -  Run Local Usage
		Usr 0 01:13:51, Sys 0 00:00:04  -  Total Remote Usage
		Usr 0 00:00:00, Sys 0 00:00:00  -  Total Local Usage
	0  -  Run Bytes Sent By Job
	7584148  -  Run Bytes Received By Job
	0  -  Total Bytes Sent By Job
	7584148  -  Total Bytes Received By Job
	Partitionable Resources :    Usage  Request Allocated 
	   Cpus                 :     0.99        4         4 
	   Disk (KB)            : 32853        7500     10641 
	   GPUs                 :                           0 
	   Memory (MB)          :    37       12000     12000 
	   TimeExecute (s)      :  4474                       
	   TimeSlotBusy (s)     :  4475                       

	Job terminated of its own accord at 2025-12-16T17:06:14Z with exit-code 0.
...
