000 (10610887.864.000) 12/16 07:14:32 Job submitted from host: <188.185.71.83:9618?addrs=188.185.71.83-9618+[2001-1458-d00-7--100-34d]-9618&alias=bigbird18.cern.ch&noUDP&sock=schedd_5052_d48c>
...
040 (10610887.864.000) 12/16 07:59:44 Started transferring input files
	Transferring to host: <188.185.193.142:9618?addrs=188.185.193.142-9618+[2001-1458-303-20--100-8a]-9618&alias=b9p19p7400.cern.ch&noUDP&sock=slot1_5_6144_c0f3_84648>
...
040 (10610887.864.000) 12/16 07:59:44 Finished transferring input files
...
001 (10610887.864.000) 12/16 07:59:44 Job executing on host: <188.185.193.142:9618?addrs=188.185.193.142-9618+[2001-1458-303-20--100-8a]-9618&alias=b9p19p7400.cern.ch&noUDP&sock=startd_4864_e0be>
	SlotName: slot1_5@b9p19p7400.cern.ch
	CondorScratchDir = "/pool/condor/dir_2942347"
	Cpus = 4
	Disk = 10945
	GPUs = 0
	Memory = 12000
...
006 (10610887.864.000) 12/16 07:59:59 Image size of job updated: 37464
	37  -  MemoryUsage of job (MB)
	37464  -  ResidentSetSize of job (KB)
...
006 (10610887.864.000) 12/16 08:04:59 Image size of job updated: 37884
	37  -  MemoryUsage of job (MB)
	37464  -  ResidentSetSize of job (KB)
...
040 (10610887.864.000) 12/16 11:06:43 Started transferring output files
...
040 (10610887.864.000) 12/16 11:06:44 Finished transferring output files
...
005 (10610887.864.000) 12/16 11:06:44 Job terminated.
	(1) Normal termination (return value 0)
		Usr 0 03:01:54, Sys 0 00:00:13  -  Run Remote Usage
		Usr 0 00:00:00, Sys 0 00:00:00  -  Run Local Usage
		Usr 0 03:01:54, Sys 0 00:00:13  -  Total Remote Usage
		Usr 0 00:00:00, Sys 0 00:00:00  -  Total Local Usage
	0  -  Run Bytes Sent By Job
	7584148  -  Run Bytes Received By Job
	0  -  Total Bytes Sent By Job
	7584148  -  Total Bytes Received By Job
	Partitionable Resources :    Usage  Request Allocated 
	   Cpus                 :     0.99        4         4 
	   Disk (KB)            : 32344        7500     10945 
	   GPUs                 :                           0 
	   Memory (MB)          :    37       12000     12000 
	   TimeExecute (s)      : 11219                       
	   TimeSlotBusy (s)     : 11221                       

	Job terminated of its own accord at 2025-12-16T10:06:43Z with exit-code 0.
...
