000 (10610888.400.000) 12/16 07:14:44 Job submitted from host: <188.185.71.83:9618?addrs=188.185.71.83-9618+[2001-1458-d00-7--100-34d]-9618&alias=bigbird18.cern.ch&noUDP&sock=schedd_5052_d48c>
...
040 (10610888.400.000) 12/16 09:22:05 Started transferring input files
	Transferring to host: <188.185.211.77:9618?addrs=188.185.211.77-9618+[2001-1458-303-16--100-49]-9618&alias=b9p23p1235.cern.ch&noUDP&sock=slot1_5_6376_37fc_94406>
...
001 (10610888.400.000) 12/16 09:22:05 Job executing on host: <188.185.211.77:9618?addrs=188.185.211.77-9618+[2001-1458-303-16--100-49]-9618&alias=b9p23p1235.cern.ch&noUDP&sock=startd_5459_ff98>
	SlotName: slot1_5@b9p23p1235.cern.ch
	CondorScratchDir = "/pool/condor/dir_3072186"
	Cpus = 4
	Disk = 11051
	GPUs = 0
	Memory = 12000
...
040 (10610888.400.000) 12/16 09:22:05 Finished transferring input files
...
006 (10610888.400.000) 12/16 09:22:19 Image size of job updated: 37568
	37  -  MemoryUsage of job (MB)
	37568  -  ResidentSetSize of job (KB)
...
006 (10610888.400.000) 12/16 09:27:19 Image size of job updated: 37992
	37  -  MemoryUsage of job (MB)
	37568  -  ResidentSetSize of job (KB)
...
006 (10610888.400.000) 12/16 10:54:06 Image size of job updated: 118524
	37  -  MemoryUsage of job (MB)
	37568  -  ResidentSetSize of job (KB)
...
040 (10610888.400.000) 12/16 10:54:06 Started transferring output files
...
040 (10610888.400.000) 12/16 10:54:06 Finished transferring output files
...
005 (10610888.400.000) 12/16 10:54:07 Job terminated.
	(1) Normal termination (return value 0)
		Usr 0 01:30:50, Sys 0 00:00:08  -  Run Remote Usage
		Usr 0 00:00:00, Sys 0 00:00:00  -  Run Local Usage
		Usr 0 01:30:50, Sys 0 00:00:08  -  Total Remote Usage
		Usr 0 00:00:00, Sys 0 00:00:00  -  Total Local Usage
	0  -  Run Bytes Sent By Job
	7584148  -  Run Bytes Received By Job
	0  -  Total Bytes Sent By Job
	7584148  -  Total Bytes Received By Job
	Partitionable Resources :    Usage  Request Allocated 
	   Cpus                 :     0.99        4         4 
	   Disk (KB)            : 32897        7500     11051 
	   GPUs                 :                           0 
	   Memory (MB)          :    37       12000     12000 
	   TimeExecute (s)      :  5521                       
	   TimeSlotBusy (s)     :  5522                       

	Job terminated of its own accord at 2025-12-16T09:54:05Z with exit-code 0.
...
