000 (10610888.489.000) 12/16 07:14:44 Job submitted from host: <188.185.71.83:9618?addrs=188.185.71.83-9618+[2001-1458-d00-7--100-34d]-9618&alias=bigbird18.cern.ch&noUDP&sock=schedd_5052_d48c>
...
040 (10610888.489.000) 12/16 09:27:04 Started transferring input files
	Transferring to host: <188.185.212.160:9618?addrs=188.185.212.160-9618+[2001-1458-303-19--100-1c]-9618&alias=b9p26p3438.cern.ch&noUDP&sock=slot1_11_6735_2aab_89893>
...
001 (10610888.489.000) 12/16 09:27:04 Job executing on host: <188.185.212.160:9618?addrs=188.185.212.160-9618+[2001-1458-303-19--100-1c]-9618&alias=b9p26p3438.cern.ch&noUDP&sock=startd_5745_2bae>
	SlotName: slot1_11@b9p26p3438.cern.ch
	CondorScratchDir = "/pool/condor/dir_875703"
	Cpus = 4
	Disk = 10980
	GPUs = 0
	Memory = 12000
...
040 (10610888.489.000) 12/16 09:27:04 Finished transferring input files
...
006 (10610888.489.000) 12/16 09:27:18 Image size of job updated: 42672
	42  -  MemoryUsage of job (MB)
	42672  -  ResidentSetSize of job (KB)
...
006 (10610888.489.000) 12/16 09:32:19 Image size of job updated: 42764
	42  -  MemoryUsage of job (MB)
	42672  -  ResidentSetSize of job (KB)
...
006 (10610888.489.000) 12/16 10:51:44 Image size of job updated: 123352
	42  -  MemoryUsage of job (MB)
	42672  -  ResidentSetSize of job (KB)
...
040 (10610888.489.000) 12/16 10:51:44 Started transferring output files
...
040 (10610888.489.000) 12/16 10:51:45 Finished transferring output files
...
005 (10610888.489.000) 12/16 10:51:45 Job terminated.
	(1) Normal termination (return value 0)
		Usr 0 01:23:40, Sys 0 00:00:08  -  Run Remote Usage
		Usr 0 00:00:00, Sys 0 00:00:00  -  Run Local Usage
		Usr 0 01:23:40, Sys 0 00:00:08  -  Total Remote Usage
		Usr 0 00:00:00, Sys 0 00:00:00  -  Total Local Usage
	0  -  Run Bytes Sent By Job
	7584148  -  Run Bytes Received By Job
	0  -  Total Bytes Sent By Job
	7584148  -  Total Bytes Received By Job
	Partitionable Resources :    Usage  Request Allocated 
	   Cpus                 :     0.99        4         4 
	   Disk (KB)            : 33038        7500     10980 
	   GPUs                 :                           0 
	   Memory (MB)          :    42       12000     12000 
	   TimeExecute (s)      :  5080                       
	   TimeSlotBusy (s)     :  5081                       

	Job terminated of its own accord at 2025-12-16T09:51:44Z with exit-code 0.
...
