000 (10613549.227.000) 12/16 14:40:44 Job submitted from host: <188.185.71.83:9618?addrs=188.185.71.83-9618+[2001-1458-d00-7--100-34d]-9618&alias=bigbird18.cern.ch&noUDP&sock=schedd_5052_d48c>
...
040 (10613549.227.000) 12/16 15:27:11 Started transferring input files
	Transferring to host: <128.142.161.89:9618?addrs=128.142.161.89-9618+[2001-1458-301-b8--100-17]-9618&alias=b9g03p5498.cern.ch&noUDP&sock=slot1_25_3511885_6eb3_105264>
...
040 (10613549.227.000) 12/16 15:27:11 Finished transferring input files
...
001 (10613549.227.000) 12/16 15:27:11 Job executing on host: <128.142.161.89:9618?addrs=128.142.161.89-9618+[2001-1458-301-b8--100-17]-9618&alias=b9g03p5498.cern.ch&noUDP&sock=startd_4074_00ec>
	SlotName: slot1_25@b9g03p5498.cern.ch
	CondorScratchDir = "/pool/condor/dir_3679551"
	Cpus = 4
	Disk = 11232
	GPUs = 0
	Memory = 12000
...
006 (10613549.227.000) 12/16 15:27:25 Image size of job updated: 26524
	26  -  MemoryUsage of job (MB)
	26524  -  ResidentSetSize of job (KB)
...
006 (10613549.227.000) 12/16 15:32:26 Image size of job updated: 26944
	26  -  MemoryUsage of job (MB)
	26524  -  ResidentSetSize of job (KB)
...
006 (10613549.227.000) 12/16 16:57:35 Image size of job updated: 35472
	35  -  MemoryUsage of job (MB)
	35472  -  ResidentSetSize of job (KB)
...
006 (10613549.227.000) 12/16 17:01:55 Image size of job updated: 126264
	35  -  MemoryUsage of job (MB)
	35472  -  ResidentSetSize of job (KB)
...
040 (10613549.227.000) 12/16 17:01:56 Started transferring output files
...
040 (10613549.227.000) 12/16 17:01:56 Finished transferring output files
...
005 (10613549.227.000) 12/16 17:01:56 Job terminated.
	(1) Normal termination (return value 0)
		Usr 0 01:34:04, Sys 0 00:00:05  -  Run Remote Usage
		Usr 0 00:00:00, Sys 0 00:00:00  -  Run Local Usage
		Usr 0 01:34:04, Sys 0 00:00:05  -  Total Remote Usage
		Usr 0 00:00:00, Sys 0 00:00:00  -  Total Local Usage
	0  -  Run Bytes Sent By Job
	7584148  -  Run Bytes Received By Job
	0  -  Total Bytes Sent By Job
	7584148  -  Total Bytes Received By Job
	Partitionable Resources :    Usage  Request Allocated 
	   Cpus                 :     0.99        4         4 
	   Disk (KB)            : 33358        7500     11232 
	   GPUs                 :                           0 
	   Memory (MB)          :    35       12000     12000 
	   TimeExecute (s)      :  5684                       
	   TimeSlotBusy (s)     :  5686                       

	Job terminated of its own accord at 2025-12-16T16:01:55Z with exit-code 0.
...
