000 (10613549.635.000) 12/16 14:40:45 Job submitted from host: <188.185.71.83:9618?addrs=188.185.71.83-9618+[2001-1458-d00-7--100-34d]-9618&alias=bigbird18.cern.ch&noUDP&sock=schedd_5052_d48c>
...
040 (10613549.635.000) 12/16 15:31:06 Started transferring input files
	Transferring to host: <188.185.214.212:9618?addrs=188.185.214.212-9618+[2001-1458-303-1d--100-50]-9618&alias=b9p30p4816.cern.ch&noUDP&sock=slot1_1_5038_7a06_90790>
...
040 (10613549.635.000) 12/16 15:31:06 Finished transferring input files
...
001 (10613549.635.000) 12/16 15:31:06 Job executing on host: <188.185.214.212:9618?addrs=188.185.214.212-9618+[2001-1458-303-1d--100-50]-9618&alias=b9p30p4816.cern.ch&noUDP&sock=startd_4082_7dae>
	SlotName: slot1_1@b9p30p4816.cern.ch
	CondorScratchDir = "/pool/condor/dir_3761970"
	Cpus = 4
	Disk = 11160
	GPUs = 0
	Memory = 12000
...
006 (10613549.635.000) 12/16 15:31:20 Image size of job updated: 40584
	40  -  MemoryUsage of job (MB)
	40584  -  ResidentSetSize of job (KB)
...
006 (10613549.635.000) 12/16 15:36:21 Image size of job updated: 40676
	40  -  MemoryUsage of job (MB)
	40584  -  ResidentSetSize of job (KB)
...
006 (10613549.635.000) 12/16 16:45:32 Image size of job updated: 121192
	40  -  MemoryUsage of job (MB)
	40584  -  ResidentSetSize of job (KB)
...
040 (10613549.635.000) 12/16 16:45:33 Started transferring output files
...
040 (10613549.635.000) 12/16 16:45:33 Finished transferring output files
...
005 (10613549.635.000) 12/16 16:45:33 Job terminated.
	(1) Normal termination (return value 0)
		Usr 0 01:13:38, Sys 0 00:00:05  -  Run Remote Usage
		Usr 0 00:00:00, Sys 0 00:00:00  -  Run Local Usage
		Usr 0 01:13:38, Sys 0 00:00:05  -  Total Remote Usage
		Usr 0 00:00:00, Sys 0 00:00:00  -  Total Local Usage
	0  -  Run Bytes Sent By Job
	7584148  -  Run Bytes Received By Job
	0  -  Total Bytes Sent By Job
	7584148  -  Total Bytes Received By Job
	Partitionable Resources :    Usage  Request Allocated 
	   Cpus                 :     0.99        4         4 
	   Disk (KB)            : 32895        7500     11160 
	   GPUs                 :                           0 
	   Memory (MB)          :    40       12000     12000 
	   TimeExecute (s)      :  4466                       
	   TimeSlotBusy (s)     :  4467                       

	Job terminated of its own accord at 2025-12-16T15:45:32Z with exit-code 0.
...
