000 (10610887.720.000) 12/16 07:14:31 Job submitted from host: <188.185.71.83:9618?addrs=188.185.71.83-9618+[2001-1458-d00-7--100-34d]-9618&alias=bigbird18.cern.ch&noUDP&sock=schedd_5052_d48c>
...
040 (10610887.720.000) 12/16 07:55:19 Started transferring input files
	Transferring to host: <128.142.33.207:9618?addrs=128.142.33.207-9618+[2001-1458-301-39--100-c]-9618&alias=b9g24p7173.cern.ch&noUDP&sock=slot1_3_4269_a587_94074>
...
040 (10610887.720.000) 12/16 07:55:19 Finished transferring input files
...
001 (10610887.720.000) 12/16 07:55:19 Job executing on host: <128.142.33.207:9618?addrs=128.142.33.207-9618+[2001-1458-301-39--100-c]-9618&alias=b9g24p7173.cern.ch&noUDP&sock=startd_3566_8ed0>
	SlotName: slot1_3@b9g24p7173.cern.ch
	CondorScratchDir = "/pool/condor/dir_2601208"
	Cpus = 4
	Disk = 11019
	GPUs = 0
	Memory = 12000
...
006 (10610887.720.000) 12/16 07:55:33 Image size of job updated: 40592
	40  -  MemoryUsage of job (MB)
	40592  -  ResidentSetSize of job (KB)
...
006 (10610887.720.000) 12/16 08:00:35 Image size of job updated: 40684
	40  -  MemoryUsage of job (MB)
	40592  -  ResidentSetSize of job (KB)
...
040 (10610887.720.000) 12/16 09:47:17 Started transferring output files
...
040 (10610887.720.000) 12/16 09:47:17 Finished transferring output files
...
005 (10610887.720.000) 12/16 09:47:17 Job terminated.
	(1) Normal termination (return value 0)
		Usr 0 01:48:15, Sys 0 00:00:14  -  Run Remote Usage
		Usr 0 00:00:00, Sys 0 00:00:00  -  Run Local Usage
		Usr 0 01:48:15, Sys 0 00:00:14  -  Total Remote Usage
		Usr 0 00:00:00, Sys 0 00:00:00  -  Total Local Usage
	0  -  Run Bytes Sent By Job
	7584148  -  Run Bytes Received By Job
	0  -  Total Bytes Sent By Job
	7584148  -  Total Bytes Received By Job
	Partitionable Resources :    Usage  Request Allocated 
	   Cpus                 :     0.98        4         4 
	   Disk (KB)            : 32649        7500     11019 
	   GPUs                 :                           0 
	   Memory (MB)          :    40       12000     12000 
	   TimeExecute (s)      :  6718                       
	   TimeSlotBusy (s)     :  6719                       

	Job terminated of its own accord at 2025-12-16T08:47:17Z with exit-code 0.
...
