000 (10610887.036.000) 12/16 07:14:31 Job submitted from host: <188.185.71.83:9618?addrs=188.185.71.83-9618+[2001-1458-d00-7--100-34d]-9618&alias=bigbird18.cern.ch&noUDP&sock=schedd_5052_d48c>
...
040 (10610887.036.000) 12/16 07:20:30 Started transferring input files
	Transferring to host: <188.185.207.56:9618?addrs=188.185.207.56-9618+[2001-1458-303-d--100-35]-9618&alias=b9p07p7813.cern.ch&noUDP&sock=slot1_20_8931_7284_80772>
...
040 (10610887.036.000) 12/16 07:20:30 Finished transferring input files
...
001 (10610887.036.000) 12/16 07:20:30 Job executing on host: <188.185.207.56:9618?addrs=188.185.207.56-9618+[2001-1458-303-d--100-35]-9618&alias=b9p07p7813.cern.ch&noUDP&sock=startd_7387_7230>
	SlotName: slot1_20@b9p07p7813.cern.ch
	CondorScratchDir = "/pool/condor/dir_958960"
	Cpus = 4
	Disk = 10837
	GPUs = 0
	Memory = 12000
...
006 (10610887.036.000) 12/16 07:20:44 Image size of job updated: 39636
	39  -  MemoryUsage of job (MB)
	39636  -  ResidentSetSize of job (KB)
...
006 (10610887.036.000) 12/16 07:25:44 Image size of job updated: 40016
	39  -  MemoryUsage of job (MB)
	39636  -  ResidentSetSize of job (KB)
...
006 (10610887.036.000) 12/16 08:55:36 Image size of job updated: 120680
	39  -  MemoryUsage of job (MB)
	39636  -  ResidentSetSize of job (KB)
...
040 (10610887.036.000) 12/16 08:55:37 Started transferring output files
...
040 (10610887.036.000) 12/16 08:55:37 Finished transferring output files
...
005 (10610887.036.000) 12/16 08:55:37 Job terminated.
	(1) Normal termination (return value 0)
		Usr 0 01:31:53, Sys 0 00:00:07  -  Run Remote Usage
		Usr 0 00:00:00, Sys 0 00:00:00  -  Run Local Usage
		Usr 0 01:31:53, Sys 0 00:00:07  -  Total Remote Usage
		Usr 0 00:00:00, Sys 0 00:00:00  -  Total Local Usage
	0  -  Run Bytes Sent By Job
	7584148  -  Run Bytes Received By Job
	0  -  Total Bytes Sent By Job
	7584148  -  Total Bytes Received By Job
	Partitionable Resources :    Usage  Request Allocated 
	   Cpus                 :     0.98        4         4 
	   Disk (KB)            : 33681        7500     10837 
	   GPUs                 :                           0 
	   Memory (MB)          :    39       12000     12000 
	   TimeExecute (s)      :  5706                       
	   TimeSlotBusy (s)     :  5707                       

	Job terminated of its own accord at 2025-12-16T07:55:36Z with exit-code 0.
...
