000 (10610888.703.000) 12/16 07:14:44 Job submitted from host: <188.185.71.83:9618?addrs=188.185.71.83-9618+[2001-1458-d00-7--100-34d]-9618&alias=bigbird18.cern.ch&noUDP&sock=schedd_5052_d48c>
...
040 (10610888.703.000) 12/16 09:36:12 Started transferring input files
	Transferring to host: <188.185.211.58:9618?addrs=188.185.211.58-9618+[2001-1458-303-16--100-36]-9618&alias=b9p23p3468.cern.ch&noUDP&sock=slot1_33_7233_0d7f_92170>
...
040 (10610888.703.000) 12/16 09:36:12 Finished transferring input files
...
001 (10610888.703.000) 12/16 09:36:12 Job executing on host: <188.185.211.58:9618?addrs=188.185.211.58-9618+[2001-1458-303-16--100-36]-9618&alias=b9p23p3468.cern.ch&noUDP&sock=startd_6622_b83d>
	SlotName: slot1_33@b9p23p3468.cern.ch
	CondorScratchDir = "/pool/condor/dir_3106354"
	Cpus = 4
	Disk = 11092
	GPUs = 0
	Memory = 12000
...
006 (10610888.703.000) 12/16 09:36:26 Image size of job updated: 37496
	37  -  MemoryUsage of job (MB)
	37496  -  ResidentSetSize of job (KB)
...
006 (10610888.703.000) 12/16 09:41:27 Image size of job updated: 37916
	37  -  MemoryUsage of job (MB)
	37496  -  ResidentSetSize of job (KB)
...
006 (10610888.703.000) 12/16 10:55:34 Image size of job updated: 118444
	37  -  MemoryUsage of job (MB)
	37496  -  ResidentSetSize of job (KB)
...
040 (10610888.703.000) 12/16 10:55:35 Started transferring output files
...
040 (10610888.703.000) 12/16 10:55:35 Finished transferring output files
...
005 (10610888.703.000) 12/16 10:55:36 Job terminated.
	(1) Normal termination (return value 0)
		Usr 0 01:18:29, Sys 0 00:00:05  -  Run Remote Usage
		Usr 0 00:00:00, Sys 0 00:00:00  -  Run Local Usage
		Usr 0 01:18:29, Sys 0 00:00:05  -  Total Remote Usage
		Usr 0 00:00:00, Sys 0 00:00:00  -  Total Local Usage
	0  -  Run Bytes Sent By Job
	7584148  -  Run Bytes Received By Job
	0  -  Total Bytes Sent By Job
	7584148  -  Total Bytes Received By Job
	Partitionable Resources :    Usage  Request Allocated 
	   Cpus                 :     0.99        4         4 
	   Disk (KB)            : 33243        7500     11092 
	   GPUs                 :                           0 
	   Memory (MB)          :    37       12000     12000 
	   TimeExecute (s)      :  4762                       
	   TimeSlotBusy (s)     :  4763                       

	Job terminated of its own accord at 2025-12-16T09:55:34Z with exit-code 0.
...
