000 (10610888.858.000) 12/16 07:14:45 Job submitted from host: <188.185.71.83:9618?addrs=188.185.71.83-9618+[2001-1458-d00-7--100-34d]-9618&alias=bigbird18.cern.ch&noUDP&sock=schedd_5052_d48c>
...
040 (10610888.858.000) 12/16 09:47:24 Started transferring input files
	Transferring to host: <188.185.213.38:9618?addrs=188.185.213.38-9618+[2001-1458-303-1a--100-22]-9618&alias=b9p27p1887.cern.ch&noUDP&sock=slot1_11_9101_3a4b_93419>
...
040 (10610888.858.000) 12/16 09:47:24 Finished transferring input files
...
001 (10610888.858.000) 12/16 09:47:24 Job executing on host: <188.185.213.38:9618?addrs=188.185.213.38-9618+[2001-1458-303-1a--100-22]-9618&alias=b9p27p1887.cern.ch&noUDP&sock=startd_7965_e7ee>
	SlotName: slot1_11@b9p27p1887.cern.ch
	CondorScratchDir = "/pool/condor/dir_1240152"
	Cpus = 4
	Disk = 10958
	GPUs = 0
	Memory = 12000
...
006 (10610888.858.000) 12/16 09:47:38 Image size of job updated: 42592
	42  -  MemoryUsage of job (MB)
	42592  -  ResidentSetSize of job (KB)
...
006 (10610888.858.000) 12/16 09:52:39 Image size of job updated: 42684
	42  -  MemoryUsage of job (MB)
	42592  -  ResidentSetSize of job (KB)
...
040 (10610888.858.000) 12/16 11:37:20 Started transferring output files
...
040 (10610888.858.000) 12/16 11:37:21 Finished transferring output files
...
005 (10610888.858.000) 12/16 11:37:21 Job terminated.
	(1) Normal termination (return value 0)
		Usr 0 01:48:22, Sys 0 00:00:08  -  Run Remote Usage
		Usr 0 00:00:00, Sys 0 00:00:00  -  Run Local Usage
		Usr 0 01:48:22, Sys 0 00:00:08  -  Total Remote Usage
		Usr 0 00:00:00, Sys 0 00:00:00  -  Total Local Usage
	0  -  Run Bytes Sent By Job
	7584148  -  Run Bytes Received By Job
	0  -  Total Bytes Sent By Job
	7584148  -  Total Bytes Received By Job
	Partitionable Resources :    Usage  Request Allocated 
	   Cpus                 :     0.97        4         4 
	   Disk (KB)            : 32010        7500     10958 
	   GPUs                 :                           0 
	   Memory (MB)          :    42       12000     12000 
	   TimeExecute (s)      :  6596                       
	   TimeSlotBusy (s)     :  6597                       

	Job terminated of its own accord at 2025-12-16T10:37:20Z with exit-code 0.
...
