000 (10613549.300.000) 12/16 14:40:44 Job submitted from host: <188.185.71.83:9618?addrs=188.185.71.83-9618+[2001-1458-d00-7--100-34d]-9618&alias=bigbird18.cern.ch&noUDP&sock=schedd_5052_d48c>
...
040 (10613549.300.000) 12/16 15:29:15 Started transferring input files
	Transferring to host: <188.185.206.188:9618?addrs=188.185.206.188-9618+[2001-1458-303-c--100-39]-9618&alias=b9p06p8127.cern.ch&noUDP&sock=slot1_2_468327_7cfd_10010>
...
040 (10613549.300.000) 12/16 15:29:15 Finished transferring input files
...
001 (10613549.300.000) 12/16 15:29:15 Job executing on host: <188.185.206.188:9618?addrs=188.185.206.188-9618+[2001-1458-303-c--100-39]-9618&alias=b9p06p8127.cern.ch&noUDP&sock=startd_467896_5109>
	SlotName: slot1_2@b9p06p8127.cern.ch
	CondorScratchDir = "/pool/condor/dir_45168"
	Cpus = 4
	Disk = 10893
	GPUs = 0
	Memory = 12000
...
006 (10613549.300.000) 12/16 15:29:29 Image size of job updated: 39652
	39  -  MemoryUsage of job (MB)
	39652  -  ResidentSetSize of job (KB)
...
006 (10613549.300.000) 12/16 15:34:30 Image size of job updated: 40056
	39  -  MemoryUsage of job (MB)
	39652  -  ResidentSetSize of job (KB)
...
040 (10613549.300.000) 12/16 17:13:26 Started transferring output files
...
040 (10613549.300.000) 12/16 17:13:27 Finished transferring output files
...
005 (10613549.300.000) 12/16 17:13:27 Job terminated.
	(1) Normal termination (return value 0)
		Usr 0 01:42:42, Sys 0 00:00:13  -  Run Remote Usage
		Usr 0 00:00:00, Sys 0 00:00:00  -  Run Local Usage
		Usr 0 01:42:42, Sys 0 00:00:13  -  Total Remote Usage
		Usr 0 00:00:00, Sys 0 00:00:00  -  Total Local Usage
	0  -  Run Bytes Sent By Job
	7584148  -  Run Bytes Received By Job
	0  -  Total Bytes Sent By Job
	7584148  -  Total Bytes Received By Job
	Partitionable Resources :    Usage  Request Allocated 
	   Cpus                 :     0.99        4         4 
	   Disk (KB)            : 32089        7500     10893 
	   GPUs                 :                           0 
	   Memory (MB)          :    39       12000     12000 
	   TimeExecute (s)      :  6251                       
	   TimeSlotBusy (s)     :  6253                       

	Job terminated of its own accord at 2025-12-16T16:13:26Z with exit-code 0.
...
