000 (10613550.514.000) 12/16 14:40:59 Job submitted from host: <188.185.71.83:9618?addrs=188.185.71.83-9618+[2001-1458-d00-7--100-34d]-9618&alias=bigbird18.cern.ch&noUDP&sock=schedd_5052_d48c>
...
040 (10613550.514.000) 12/16 16:17:23 Started transferring input files
	Transferring to host: <188.185.193.147:9618?addrs=188.185.193.147-9618+[2001-1458-303-20--100-8f]-9618&alias=b9p19p4528.cern.ch&noUDP&sock=slot1_4_438700_9629_11285>
...
040 (10613550.514.000) 12/16 16:17:23 Finished transferring input files
...
001 (10613550.514.000) 12/16 16:17:23 Job executing on host: <188.185.193.147:9618?addrs=188.185.193.147-9618+[2001-1458-303-20--100-8f]-9618&alias=b9p19p4528.cern.ch&noUDP&sock=startd_438474_4592>
	SlotName: slot1_4@b9p19p4528.cern.ch
	CondorScratchDir = "/pool/condor/dir_3199070"
	Cpus = 4
	Disk = 11159
	GPUs = 0
	Memory = 12000
...
006 (10613550.514.000) 12/16 16:17:37 Image size of job updated: 37976
	38  -  MemoryUsage of job (MB)
	37976  -  ResidentSetSize of job (KB)
...
006 (10613550.514.000) 12/16 16:22:38 Image size of job updated: 38396
	38  -  MemoryUsage of job (MB)
	37976  -  ResidentSetSize of job (KB)
...
040 (10613550.514.000) 12/16 18:31:24 Started transferring output files
...
040 (10613550.514.000) 12/16 18:31:24 Finished transferring output files
...
005 (10613550.514.000) 12/16 18:31:24 Job terminated.
	(1) Normal termination (return value 0)
		Usr 0 02:12:50, Sys 0 00:00:08  -  Run Remote Usage
		Usr 0 00:00:00, Sys 0 00:00:00  -  Run Local Usage
		Usr 0 02:12:50, Sys 0 00:00:08  -  Total Remote Usage
		Usr 0 00:00:00, Sys 0 00:00:00  -  Total Local Usage
	0  -  Run Bytes Sent By Job
	7584148  -  Run Bytes Received By Job
	0  -  Total Bytes Sent By Job
	7584148  -  Total Bytes Received By Job
	Partitionable Resources :    Usage  Request Allocated 
	   Cpus                 :     0.99        4         4 
	   Disk (KB)            : 32795        7500     11159 
	   GPUs                 :                           0 
	   Memory (MB)          :    38       12000     12000 
	   TimeExecute (s)      :  8040                       
	   TimeSlotBusy (s)     :  8041                       

	Job terminated of its own accord at 2025-12-16T17:31:23Z with exit-code 0.
...
