000 (10613549.474.000) 12/16 14:40:45 Job submitted from host: <188.185.71.83:9618?addrs=188.185.71.83-9618+[2001-1458-d00-7--100-34d]-9618&alias=bigbird18.cern.ch&noUDP&sock=schedd_5052_d48c>
...
040 (10613549.474.000) 12/16 15:30:12 Started transferring input files
	Transferring to host: <188.185.215.173:9618?addrs=188.185.215.173-9618+[2001-1458-303-26--100-29]-9618&alias=b9p18p4420.cern.ch&noUDP&sock=slot1_34_5625_123e_92593>
...
040 (10613549.474.000) 12/16 15:30:12 Finished transferring input files
...
001 (10613549.474.000) 12/16 15:30:12 Job executing on host: <188.185.215.173:9618?addrs=188.185.215.173-9618+[2001-1458-303-26--100-29]-9618&alias=b9p18p4420.cern.ch&noUDP&sock=startd_4589_4033>
	SlotName: slot1_34@b9p18p4420.cern.ch
	CondorScratchDir = "/pool/condor/dir_1785544"
	Cpus = 4
	Disk = 11048
	GPUs = 0
	Memory = 12000
...
006 (10613549.474.000) 12/16 15:30:26 Image size of job updated: 37516
	37  -  MemoryUsage of job (MB)
	37516  -  ResidentSetSize of job (KB)
...
006 (10613549.474.000) 12/16 15:35:27 Image size of job updated: 37936
	37  -  MemoryUsage of job (MB)
	37516  -  ResidentSetSize of job (KB)
...
006 (10613549.474.000) 12/16 16:48:53 Image size of job updated: 118472
	37  -  MemoryUsage of job (MB)
	37516  -  ResidentSetSize of job (KB)
...
040 (10613549.474.000) 12/16 16:48:53 Started transferring output files
...
040 (10613549.474.000) 12/16 16:48:54 Finished transferring output files
...
005 (10613549.474.000) 12/16 16:48:54 Job terminated.
	(1) Normal termination (return value 0)
		Usr 0 01:17:35, Sys 0 00:00:08  -  Run Remote Usage
		Usr 0 00:00:00, Sys 0 00:00:00  -  Run Local Usage
		Usr 0 01:17:35, Sys 0 00:00:08  -  Total Remote Usage
		Usr 0 00:00:00, Sys 0 00:00:00  -  Total Local Usage
	0  -  Run Bytes Sent By Job
	7584148  -  Run Bytes Received By Job
	0  -  Total Bytes Sent By Job
	7584148  -  Total Bytes Received By Job
	Partitionable Resources :    Usage  Request Allocated 
	   Cpus                 :     0.99        4         4 
	   Disk (KB)            : 33051        7500     11048 
	   GPUs                 :                           0 
	   Memory (MB)          :    37       12000     12000 
	   TimeExecute (s)      :  4721                       
	   TimeSlotBusy (s)     :  4722                       

	Job terminated of its own accord at 2025-12-16T15:48:53Z with exit-code 0.
...
