000 (10610888.948.000) 12/16 07:14:45 Job submitted from host: <188.185.71.83:9618?addrs=188.185.71.83-9618+[2001-1458-d00-7--100-34d]-9618&alias=bigbird18.cern.ch&noUDP&sock=schedd_5052_d48c>
...
040 (10610888.948.000) 12/16 10:03:10 Started transferring input files
	Transferring to host: <188.185.194.20:9618?addrs=188.185.194.20-9618+[2001-1458-303-21--100-10]-9618&alias=b9p20p9508.cern.ch&noUDP&sock=slot1_14_3386251_e9fe_11496>
...
040 (10610888.948.000) 12/16 10:03:10 Finished transferring input files
...
001 (10610888.948.000) 12/16 10:03:10 Job executing on host: <188.185.194.20:9618?addrs=188.185.194.20-9618+[2001-1458-303-21--100-10]-9618&alias=b9p20p9508.cern.ch&noUDP&sock=startd_3386212_5b81>
	SlotName: slot1_14@b9p20p9508.cern.ch
	CondorScratchDir = "/pool/condor/dir_3178852"
	Cpus = 4
	Disk = 11007
	GPUs = 0
	Memory = 12000
...
006 (10610888.948.000) 12/16 10:03:24 Image size of job updated: 37504
	37  -  MemoryUsage of job (MB)
	37504  -  ResidentSetSize of job (KB)
...
006 (10610888.948.000) 12/16 10:08:24 Image size of job updated: 37924
	37  -  MemoryUsage of job (MB)
	37504  -  ResidentSetSize of job (KB)
...
006 (10610888.948.000) 12/16 12:38:07 Image size of job updated: 118452
	37  -  MemoryUsage of job (MB)
	37504  -  ResidentSetSize of job (KB)
...
040 (10610888.948.000) 12/16 12:38:07 Started transferring output files
...
040 (10610888.948.000) 12/16 12:38:08 Finished transferring output files
...
005 (10610888.948.000) 12/16 12:38:08 Job terminated.
	(1) Normal termination (return value 0)
		Usr 0 02:33:43, Sys 0 00:00:08  -  Run Remote Usage
		Usr 0 00:00:00, Sys 0 00:00:00  -  Run Local Usage
		Usr 0 02:33:43, Sys 0 00:00:08  -  Total Remote Usage
		Usr 0 00:00:00, Sys 0 00:00:00  -  Total Local Usage
	0  -  Run Bytes Sent By Job
	7584148  -  Run Bytes Received By Job
	0  -  Total Bytes Sent By Job
	7584148  -  Total Bytes Received By Job
	Partitionable Resources :    Usage  Request Allocated 
	   Cpus                 :     0.99        4         4 
	   Disk (KB)            : 33239        7500     11007 
	   GPUs                 :                           0 
	   Memory (MB)          :    37       12000     12000 
	   TimeExecute (s)      :  9297                       
	   TimeSlotBusy (s)     :  9298                       

	Job terminated of its own accord at 2025-12-16T11:38:07Z with exit-code 0.
...
