000 (10610889.907.000) 12/16 07:15:01 Job submitted from host: <188.185.71.83:9618?addrs=188.185.71.83-9618+[2001-1458-d00-7--100-34d]-9618&alias=bigbird18.cern.ch&noUDP&sock=schedd_5052_d48c>
...
040 (10610889.907.000) 12/16 14:26:51 Started transferring input files
	Transferring to host: <188.185.211.231:9618?addrs=188.185.211.231-9618+[2001-1458-303-17--100-63]-9618&alias=b9p24p1762.cern.ch&noUDP&sock=slot1_6_5932_616a_87343>
...
040 (10610889.907.000) 12/16 14:26:51 Finished transferring input files
...
001 (10610889.907.000) 12/16 14:26:52 Job executing on host: <188.185.211.231:9618?addrs=188.185.211.231-9618+[2001-1458-303-17--100-63]-9618&alias=b9p24p1762.cern.ch&noUDP&sock=startd_5232_4b98>
	SlotName: slot1_6@b9p24p1762.cern.ch
	CondorScratchDir = "/pool/condor/dir_3686480"
	Cpus = 4
	Disk = 11097
	GPUs = 0
	Memory = 12000
...
006 (10610889.907.000) 12/16 14:27:06 Image size of job updated: 40084
	40  -  MemoryUsage of job (MB)
	40084  -  ResidentSetSize of job (KB)
...
006 (10610889.907.000) 12/16 14:32:06 Image size of job updated: 40176
	40  -  MemoryUsage of job (MB)
	40084  -  ResidentSetSize of job (KB)
...
040 (10610889.907.000) 12/16 15:52:28 Started transferring output files
...
040 (10610889.907.000) 12/16 15:52:29 Finished transferring output files
...
005 (10610889.907.000) 12/16 15:52:29 Job terminated.
	(1) Normal termination (return value 0)
		Usr 0 01:24:32, Sys 0 00:00:05  -  Run Remote Usage
		Usr 0 00:00:00, Sys 0 00:00:00  -  Run Local Usage
		Usr 0 01:24:32, Sys 0 00:00:05  -  Total Remote Usage
		Usr 0 00:00:00, Sys 0 00:00:00  -  Total Local Usage
	0  -  Run Bytes Sent By Job
	7584148  -  Run Bytes Received By Job
	0  -  Total Bytes Sent By Job
	7584148  -  Total Bytes Received By Job
	Partitionable Resources :    Usage  Request Allocated 
	   Cpus                 :     0.99        4         4 
	   Disk (KB)            : 33165        7500     11097 
	   GPUs                 :                           0 
	   Memory (MB)          :    40       12000     12000 
	   TimeExecute (s)      :  5137                       
	   TimeSlotBusy (s)     :  5138                       

	Job terminated of its own accord at 2025-12-16T14:52:28Z with exit-code 0.
...
