000 (10610888.662.000) 12/16 07:14:44 Job submitted from host: <188.185.71.83:9618?addrs=188.185.71.83-9618+[2001-1458-d00-7--100-34d]-9618&alias=bigbird18.cern.ch&noUDP&sock=schedd_5052_d48c>
...
040 (10610888.662.000) 12/16 09:33:56 Started transferring input files
	Transferring to host: <188.185.204.163:9618?addrs=188.185.204.163-9618+[2001-1458-303-8--100-97]-9618&alias=b9p02p1047.cern.ch&noUDP&sock=slot1_17_8840_5461_78395>
...
040 (10610888.662.000) 12/16 09:33:56 Finished transferring input files
...
001 (10610888.662.000) 12/16 09:33:56 Job executing on host: <188.185.204.163:9618?addrs=188.185.204.163-9618+[2001-1458-303-8--100-97]-9618&alias=b9p02p1047.cern.ch&noUDP&sock=startd_7384_6367>
	SlotName: slot1_17@b9p02p1047.cern.ch
	CondorScratchDir = "/pool/condor/dir_841954"
	Cpus = 4
	Disk = 10670
	GPUs = 0
	Memory = 12000
...
006 (10610888.662.000) 12/16 09:34:10 Image size of job updated: 39620
	39  -  MemoryUsage of job (MB)
	39620  -  ResidentSetSize of job (KB)
...
006 (10610888.662.000) 12/16 09:39:10 Image size of job updated: 40016
	39  -  MemoryUsage of job (MB)
	39620  -  ResidentSetSize of job (KB)
...
006 (10610888.662.000) 12/16 11:08:13 Image size of job updated: 120660
	39  -  MemoryUsage of job (MB)
	39620  -  ResidentSetSize of job (KB)
...
040 (10610888.662.000) 12/16 11:08:13 Started transferring output files
...
040 (10610888.662.000) 12/16 11:08:14 Finished transferring output files
...
005 (10610888.662.000) 12/16 11:08:14 Job terminated.
	(1) Normal termination (return value 0)
		Usr 0 01:32:47, Sys 0 00:00:07  -  Run Remote Usage
		Usr 0 00:00:00, Sys 0 00:00:00  -  Run Local Usage
		Usr 0 01:32:47, Sys 0 00:00:07  -  Total Remote Usage
		Usr 0 00:00:00, Sys 0 00:00:00  -  Total Local Usage
	0  -  Run Bytes Sent By Job
	7584148  -  Run Bytes Received By Job
	0  -  Total Bytes Sent By Job
	7584148  -  Total Bytes Received By Job
	Partitionable Resources :    Usage  Request Allocated 
	   Cpus                 :     0.99        4         4 
	   Disk (KB)            : 32709        7500     10670 
	   GPUs                 :                           0 
	   Memory (MB)          :    39       12000     12000 
	   TimeExecute (s)      :  5657                       
	   TimeSlotBusy (s)     :  5658                       

	Job terminated of its own accord at 2025-12-16T10:08:13Z with exit-code 0.
...
