000 (10610887.027.000) 12/16 07:14:31 Job submitted from host: <188.185.71.83:9618?addrs=188.185.71.83-9618+[2001-1458-d00-7--100-34d]-9618&alias=bigbird18.cern.ch&noUDP&sock=schedd_5052_d48c>
...
040 (10610887.027.000) 12/16 07:20:27 Started transferring input files
	Transferring to host: <188.185.209.229:9618?addrs=188.185.209.229-9618+[2001-1458-303-12--100-62]-9618&alias=b9p12p8471.cern.ch&noUDP&sock=slot1_13_10714_bb6d_76098>
...
040 (10610887.027.000) 12/16 07:20:27 Finished transferring input files
...
001 (10610887.027.000) 12/16 07:20:27 Job executing on host: <188.185.209.229:9618?addrs=188.185.209.229-9618+[2001-1458-303-12--100-62]-9618&alias=b9p12p8471.cern.ch&noUDP&sock=startd_9495_5bd4>
	SlotName: slot1_13@b9p12p8471.cern.ch
	CondorScratchDir = "/pool/condor/dir_4106884"
	Cpus = 4
	Disk = 10896
	GPUs = 0
	Memory = 12000
...
006 (10610887.027.000) 12/16 07:20:41 Image size of job updated: 37712
	37  -  MemoryUsage of job (MB)
	37712  -  ResidentSetSize of job (KB)
...
006 (10610887.027.000) 12/16 07:25:42 Image size of job updated: 38092
	37  -  MemoryUsage of job (MB)
	37712  -  ResidentSetSize of job (KB)
...
006 (10610887.027.000) 12/16 08:50:14 Image size of job updated: 118744
	37  -  MemoryUsage of job (MB)
	37712  -  ResidentSetSize of job (KB)
...
040 (10610887.027.000) 12/16 08:50:15 Started transferring output files
...
040 (10610887.027.000) 12/16 08:50:15 Finished transferring output files
...
005 (10610887.027.000) 12/16 08:50:15 Job terminated.
	(1) Normal termination (return value 0)
		Usr 0 01:28:17, Sys 0 00:00:06  -  Run Remote Usage
		Usr 0 00:00:00, Sys 0 00:00:00  -  Run Local Usage
		Usr 0 01:28:17, Sys 0 00:00:06  -  Total Remote Usage
		Usr 0 00:00:00, Sys 0 00:00:00  -  Total Local Usage
	0  -  Run Bytes Sent By Job
	7584148  -  Run Bytes Received By Job
	0  -  Total Bytes Sent By Job
	7584148  -  Total Bytes Received By Job
	Partitionable Resources :    Usage  Request Allocated 
	   Cpus                 :     0.99        4         4 
	   Disk (KB)            : 33236        7500     10896 
	   GPUs                 :                           0 
	   Memory (MB)          :    37       12000     12000 
	   TimeExecute (s)      :  5388                       
	   TimeSlotBusy (s)     :  5388                       

	Job terminated of its own accord at 2025-12-16T07:50:14Z with exit-code 0.
...
