000 (10610888.867.000) 12/16 07:14:45 Job submitted from host: <188.185.71.83:9618?addrs=188.185.71.83-9618+[2001-1458-d00-7--100-34d]-9618&alias=bigbird18.cern.ch&noUDP&sock=schedd_5052_d48c>
...
040 (10610888.867.000) 12/16 09:48:11 Started transferring input files
	Transferring to host: <188.185.211.157:9618?addrs=188.185.211.157-9618+[2001-1458-303-17--100-19]-9618&alias=b9p24p3601.cern.ch&noUDP&sock=slot1_20_6040_79ef_87991>
...
040 (10610888.867.000) 12/16 09:48:11 Finished transferring input files
...
001 (10610888.867.000) 12/16 09:48:11 Job executing on host: <188.185.211.157:9618?addrs=188.185.211.157-9618+[2001-1458-303-17--100-19]-9618&alias=b9p24p3601.cern.ch&noUDP&sock=startd_5343_6e9b>
	SlotName: slot1_20@b9p24p3601.cern.ch
	CondorScratchDir = "/pool/condor/dir_1164401"
	Cpus = 4
	Disk = 11202
	GPUs = 0
	Memory = 12000
...
006 (10610888.867.000) 12/16 09:48:26 Image size of job updated: 37452
	37  -  MemoryUsage of job (MB)
	37452  -  ResidentSetSize of job (KB)
...
006 (10610888.867.000) 12/16 09:53:27 Image size of job updated: 37904
	37  -  MemoryUsage of job (MB)
	37452  -  ResidentSetSize of job (KB)
...
040 (10610888.867.000) 12/16 11:42:34 Started transferring output files
...
040 (10610888.867.000) 12/16 11:42:35 Finished transferring output files
...
005 (10610888.867.000) 12/16 11:42:35 Job terminated.
	(1) Normal termination (return value 0)
		Usr 0 01:49:39, Sys 0 00:00:16  -  Run Remote Usage
		Usr 0 00:00:00, Sys 0 00:00:00  -  Run Local Usage
		Usr 0 01:49:39, Sys 0 00:00:16  -  Total Remote Usage
		Usr 0 00:00:00, Sys 0 00:00:00  -  Total Local Usage
	0  -  Run Bytes Sent By Job
	7584148  -  Run Bytes Received By Job
	0  -  Total Bytes Sent By Job
	7584148  -  Total Bytes Received By Job
	Partitionable Resources :    Usage  Request Allocated 
	   Cpus                 :     0.96        4         4 
	   Disk (KB)            : 32456        7500     11202 
	   GPUs                 :                           0 
	   Memory (MB)          :    37       12000     12000 
	   TimeExecute (s)      :  6862                       
	   TimeSlotBusy (s)     :  6864                       

	Job terminated of its own accord at 2025-12-16T10:42:33Z with exit-code 0.
...
