000 (10610889.200.000) 12/16 07:15:00 Job submitted from host: <188.185.71.83:9618?addrs=188.185.71.83-9618+[2001-1458-d00-7--100-34d]-9618&alias=bigbird18.cern.ch&noUDP&sock=schedd_5052_d48c>
...
040 (10610889.200.000) 12/16 13:31:18 Started transferring input files
	Transferring to host: <188.185.212.213:9618?addrs=188.185.212.213-9618+[2001-1458-303-19--100-51]-9618&alias=b9p26p9044.cern.ch&noUDP&sock=slot1_4_4093_a380_91463>
...
040 (10610889.200.000) 12/16 13:31:18 Finished transferring input files
...
001 (10610889.200.000) 12/16 13:31:18 Job executing on host: <188.185.212.213:9618?addrs=188.185.212.213-9618+[2001-1458-303-19--100-51]-9618&alias=b9p26p9044.cern.ch&noUDP&sock=startd_3447_ef0b>
	SlotName: slot1_4@b9p26p9044.cern.ch
	CondorScratchDir = "/pool/condor/dir_459557"
	Cpus = 4
	Disk = 11024
	GPUs = 0
	Memory = 12000
...
006 (10610889.200.000) 12/16 13:31:32 Image size of job updated: 37540
	37  -  MemoryUsage of job (MB)
	37540  -  ResidentSetSize of job (KB)
...
006 (10610889.200.000) 12/16 13:36:33 Image size of job updated: 37960
	37  -  MemoryUsage of job (MB)
	37540  -  ResidentSetSize of job (KB)
...
006 (10610889.200.000) 12/16 14:49:04 Image size of job updated: 118488
	37  -  MemoryUsage of job (MB)
	37540  -  ResidentSetSize of job (KB)
...
040 (10610889.200.000) 12/16 14:49:04 Started transferring output files
...
040 (10610889.200.000) 12/16 14:49:04 Finished transferring output files
...
005 (10610889.200.000) 12/16 14:49:05 Job terminated.
	(1) Normal termination (return value 0)
		Usr 0 01:16:53, Sys 0 00:00:09  -  Run Remote Usage
		Usr 0 00:00:00, Sys 0 00:00:00  -  Run Local Usage
		Usr 0 01:16:53, Sys 0 00:00:09  -  Total Remote Usage
		Usr 0 00:00:00, Sys 0 00:00:00  -  Total Local Usage
	0  -  Run Bytes Sent By Job
	7584148  -  Run Bytes Received By Job
	0  -  Total Bytes Sent By Job
	7584148  -  Total Bytes Received By Job
	Partitionable Resources :    Usage  Request Allocated 
	   Cpus                 :     0.99        4         4 
	   Disk (KB)            : 33109        7500     11024 
	   GPUs                 :                           0 
	   Memory (MB)          :    37       12000     12000 
	   TimeExecute (s)      :  4666                       
	   TimeSlotBusy (s)     :  4668                       

	Job terminated of its own accord at 2025-12-16T13:49:04Z with exit-code 0.
...
