000 (10610889.798.000) 12/16 07:15:01 Job submitted from host: <188.185.71.83:9618?addrs=188.185.71.83-9618+[2001-1458-d00-7--100-34d]-9618&alias=bigbird18.cern.ch&noUDP&sock=schedd_5052_d48c>
...
040 (10610889.798.000) 12/16 14:26:15 Started transferring input files
	Transferring to host: <188.185.215.54:9618?addrs=188.185.215.54-9618+[2001-1458-303-1e--100-32]-9618&alias=b9p31p5250.cern.ch&noUDP&sock=slot1_8_4029_8b7d_94883>
...
040 (10610889.798.000) 12/16 14:26:15 Finished transferring input files
...
001 (10610889.798.000) 12/16 14:26:15 Job executing on host: <188.185.215.54:9618?addrs=188.185.215.54-9618+[2001-1458-303-1e--100-32]-9618&alias=b9p31p5250.cern.ch&noUDP&sock=startd_3452_5d04>
	SlotName: slot1_8@b9p31p5250.cern.ch
	CondorScratchDir = "/pool/condor/dir_247045"
	Cpus = 4
	Disk = 10900
	GPUs = 0
	Memory = 12000
...
006 (10610889.798.000) 12/16 14:26:30 Image size of job updated: 25288
	25  -  MemoryUsage of job (MB)
	25288  -  ResidentSetSize of job (KB)
...
006 (10610889.798.000) 12/16 14:31:31 Image size of job updated: 25368
	25  -  MemoryUsage of job (MB)
	25288  -  ResidentSetSize of job (KB)
...
006 (10610889.798.000) 12/16 16:14:53 Image size of job updated: 116896
	25  -  MemoryUsage of job (MB)
	25288  -  ResidentSetSize of job (KB)
...
040 (10610889.798.000) 12/16 16:14:54 Started transferring output files
...
040 (10610889.798.000) 12/16 16:14:54 Finished transferring output files
...
005 (10610889.798.000) 12/16 16:14:54 Job terminated.
	(1) Normal termination (return value 0)
		Usr 0 01:45:59, Sys 0 00:00:16  -  Run Remote Usage
		Usr 0 00:00:00, Sys 0 00:00:00  -  Run Local Usage
		Usr 0 01:45:59, Sys 0 00:00:16  -  Total Remote Usage
		Usr 0 00:00:00, Sys 0 00:00:00  -  Total Local Usage
	0  -  Run Bytes Sent By Job
	7584148  -  Run Bytes Received By Job
	0  -  Total Bytes Sent By Job
	7584148  -  Total Bytes Received By Job
	Partitionable Resources :    Usage  Request Allocated 
	   Cpus                 :     0.99        4         4 
	   Disk (KB)            : 33186        7500     10900 
	   GPUs                 :                           0 
	   Memory (MB)          :    25       12000     12000 
	   TimeExecute (s)      :  6518                       
	   TimeSlotBusy (s)     :  6520                       

	Job terminated of its own accord at 2025-12-16T15:14:53Z with exit-code 0.
...
