000 (10613550.461.000) 12/16 14:40:59 Job submitted from host: <188.185.71.83:9618?addrs=188.185.71.83-9618+[2001-1458-d00-7--100-34d]-9618&alias=bigbird18.cern.ch&noUDP&sock=schedd_5052_d48c>
...
040 (10613550.461.000) 12/16 16:08:51 Started transferring input files
	Transferring to host: <188.185.215.34:9618?addrs=188.185.215.34-9618+[2001-1458-303-1e--100-1e]-9618&alias=b9p31p6592.cern.ch&noUDP&sock=slot1_6_7889_439a_89177>
...
040 (10613550.461.000) 12/16 16:08:51 Finished transferring input files
...
001 (10613550.461.000) 12/16 16:08:51 Job executing on host: <188.185.215.34:9618?addrs=188.185.215.34-9618+[2001-1458-303-1e--100-1e]-9618&alias=b9p31p6592.cern.ch&noUDP&sock=startd_7099_e6e9>
	SlotName: slot1_6@b9p31p6592.cern.ch
	CondorScratchDir = "/pool/condor/dir_936850"
	Cpus = 4
	Disk = 10976
	GPUs = 0
	Memory = 12000
...
006 (10613550.461.000) 12/16 16:09:04 Image size of job updated: 38548
	38  -  MemoryUsage of job (MB)
	38548  -  ResidentSetSize of job (KB)
...
006 (10613550.461.000) 12/16 16:14:04 Image size of job updated: 38640
	38  -  MemoryUsage of job (MB)
	38548  -  ResidentSetSize of job (KB)
...
040 (10613550.461.000) 12/16 17:42:58 Started transferring output files
...
040 (10613550.461.000) 12/16 17:42:58 Finished transferring output files
...
005 (10613550.461.000) 12/16 17:42:58 Job terminated.
	(1) Normal termination (return value 0)
		Usr 0 01:32:45, Sys 0 00:00:11  -  Run Remote Usage
		Usr 0 00:00:00, Sys 0 00:00:00  -  Run Local Usage
		Usr 0 01:32:45, Sys 0 00:00:11  -  Total Remote Usage
		Usr 0 00:00:00, Sys 0 00:00:00  -  Total Local Usage
	0  -  Run Bytes Sent By Job
	7584148  -  Run Bytes Received By Job
	0  -  Total Bytes Sent By Job
	7584148  -  Total Bytes Received By Job
	Partitionable Resources :    Usage  Request Allocated 
	   Cpus                 :     0.99        4         4 
	   Disk (KB)            : 32862        7500     10976 
	   GPUs                 :                           0 
	   Memory (MB)          :    38       12000     12000 
	   TimeExecute (s)      :  5646                       
	   TimeSlotBusy (s)     :  5648                       

	Job terminated of its own accord at 2025-12-16T16:42:57Z with exit-code 0.
...
