000 (10610888.661.000) 12/16 07:14:44 Job submitted from host: <188.185.71.83:9618?addrs=188.185.71.83-9618+[2001-1458-d00-7--100-34d]-9618&alias=bigbird18.cern.ch&noUDP&sock=schedd_5052_d48c>
...
040 (10610888.661.000) 12/16 09:33:54 Started transferring input files
	Transferring to host: <188.185.210.18:9618?addrs=188.185.210.18-9618+[2001-1458-303-1--100-e]-9618&alias=b9p21p5034.cern.ch&noUDP&sock=slot1_35_4272_c2a7_93769>
...
040 (10610888.661.000) 12/16 09:33:54 Finished transferring input files
...
001 (10610888.661.000) 12/16 09:33:54 Job executing on host: <188.185.210.18:9618?addrs=188.185.210.18-9618+[2001-1458-303-1--100-e]-9618&alias=b9p21p5034.cern.ch&noUDP&sock=startd_3646_6e64>
	SlotName: slot1_35@b9p21p5034.cern.ch
	CondorScratchDir = "/pool/condor/dir_3504217"
	Cpus = 4
	Disk = 11111
	GPUs = 0
	Memory = 12000
...
006 (10610888.661.000) 12/16 09:34:08 Image size of job updated: 37500
	37  -  MemoryUsage of job (MB)
	37500  -  ResidentSetSize of job (KB)
...
006 (10610888.661.000) 12/16 09:39:09 Image size of job updated: 37920
	37  -  MemoryUsage of job (MB)
	37500  -  ResidentSetSize of job (KB)
...
006 (10610888.661.000) 12/16 10:53:19 Image size of job updated: 118448
	37  -  MemoryUsage of job (MB)
	37500  -  ResidentSetSize of job (KB)
...
040 (10610888.661.000) 12/16 10:53:20 Started transferring output files
...
040 (10610888.661.000) 12/16 10:53:20 Finished transferring output files
...
005 (10610888.661.000) 12/16 10:53:20 Job terminated.
	(1) Normal termination (return value 0)
		Usr 0 01:18:32, Sys 0 00:00:07  -  Run Remote Usage
		Usr 0 00:00:00, Sys 0 00:00:00  -  Run Local Usage
		Usr 0 01:18:32, Sys 0 00:00:07  -  Total Remote Usage
		Usr 0 00:00:00, Sys 0 00:00:00  -  Total Local Usage
	0  -  Run Bytes Sent By Job
	7584148  -  Run Bytes Received By Job
	0  -  Total Bytes Sent By Job
	7584148  -  Total Bytes Received By Job
	Partitionable Resources :    Usage  Request Allocated 
	   Cpus                 :     0.99        4         4 
	   Disk (KB)            : 33621        7500     11111 
	   GPUs                 :                           0 
	   Memory (MB)          :    37       12000     12000 
	   TimeExecute (s)      :  4765                       
	   TimeSlotBusy (s)     :  4766                       

	Job terminated of its own accord at 2025-12-16T09:53:19Z with exit-code 0.
...
