000 (10613550.051.000) 12/16 14:40:58 Job submitted from host: <188.185.71.83:9618?addrs=188.185.71.83-9618+[2001-1458-d00-7--100-34d]-9618&alias=bigbird18.cern.ch&noUDP&sock=schedd_5052_d48c>
...
040 (10613550.051.000) 12/16 15:35:31 Started transferring input files
	Transferring to host: <188.185.214.23:9618?addrs=188.185.214.23-9618+[2001-1458-303-1c--100-13]-9618&alias=b9p29p7170.cern.ch&noUDP&sock=slot1_8_4604_af34_92973>
...
040 (10613550.051.000) 12/16 15:35:31 Finished transferring input files
...
001 (10613550.051.000) 12/16 15:35:31 Job executing on host: <188.185.214.23:9618?addrs=188.185.214.23-9618+[2001-1458-303-1c--100-13]-9618&alias=b9p29p7170.cern.ch&noUDP&sock=startd_3888_6c4f>
	SlotName: slot1_8@b9p29p7170.cern.ch
	CondorScratchDir = "/pool/condor/dir_2505516"
	Cpus = 4
	Disk = 11051
	GPUs = 0
	Memory = 12000
...
006 (10613550.051.000) 12/16 15:35:45 Image size of job updated: 37520
	37  -  MemoryUsage of job (MB)
	37520  -  ResidentSetSize of job (KB)
...
006 (10613550.051.000) 12/16 15:40:46 Image size of job updated: 37944
	37  -  MemoryUsage of job (MB)
	37520  -  ResidentSetSize of job (KB)
...
006 (10613550.051.000) 12/16 17:05:14 Image size of job updated: 118420
	37  -  MemoryUsage of job (MB)
	37520  -  ResidentSetSize of job (KB)
...
040 (10613550.051.000) 12/16 17:05:14 Started transferring output files
...
040 (10613550.051.000) 12/16 17:05:14 Finished transferring output files
...
005 (10613550.051.000) 12/16 17:05:14 Job terminated.
	(1) Normal termination (return value 0)
		Usr 0 01:28:36, Sys 0 00:00:06  -  Run Remote Usage
		Usr 0 00:00:00, Sys 0 00:00:00  -  Run Local Usage
		Usr 0 01:28:36, Sys 0 00:00:06  -  Total Remote Usage
		Usr 0 00:00:00, Sys 0 00:00:00  -  Total Local Usage
	0  -  Run Bytes Sent By Job
	7584148  -  Run Bytes Received By Job
	0  -  Total Bytes Sent By Job
	7584148  -  Total Bytes Received By Job
	Partitionable Resources :    Usage  Request Allocated 
	   Cpus                 :     0.99        4         4 
	   Disk (KB)            : 32490        7500     11051 
	   GPUs                 :                           0 
	   Memory (MB)          :    37       12000     12000 
	   TimeExecute (s)      :  5383                       
	   TimeSlotBusy (s)     :  5383                       

	Job terminated of its own accord at 2025-12-16T16:05:14Z with exit-code 0.
...
