000 (10613549.484.000) 12/16 14:40:45 Job submitted from host: <188.185.71.83:9618?addrs=188.185.71.83-9618+[2001-1458-d00-7--100-34d]-9618&alias=bigbird18.cern.ch&noUDP&sock=schedd_5052_d48c>
...
040 (10613549.484.000) 12/16 15:30:15 Started transferring input files
	Transferring to host: <188.185.194.125:9618?addrs=188.185.194.125-9618+[2001-1458-303-21--100-79]-9618&alias=b9p20p8620.cern.ch&noUDP&sock=slot1_16_9560_a27e_84402>
...
001 (10613549.484.000) 12/16 15:30:15 Job executing on host: <188.185.194.125:9618?addrs=188.185.194.125-9618+[2001-1458-303-21--100-79]-9618&alias=b9p20p8620.cern.ch&noUDP&sock=startd_8060_116d>
	SlotName: slot1_16@b9p20p8620.cern.ch
	CondorScratchDir = "/pool/condor/dir_2005443"
	Cpus = 4
	Disk = 11036
	GPUs = 0
	Memory = 12000
...
040 (10613549.484.000) 12/16 15:30:15 Finished transferring input files
...
006 (10613549.484.000) 12/16 15:30:29 Image size of job updated: 40084
	40  -  MemoryUsage of job (MB)
	40084  -  ResidentSetSize of job (KB)
...
006 (10613549.484.000) 12/16 15:35:30 Image size of job updated: 40504
	40  -  MemoryUsage of job (MB)
	40084  -  ResidentSetSize of job (KB)
...
006 (10613549.484.000) 12/16 18:12:28 Image size of job updated: 121028
	40  -  MemoryUsage of job (MB)
	40084  -  ResidentSetSize of job (KB)
...
040 (10613549.484.000) 12/16 18:12:28 Started transferring output files
...
040 (10613549.484.000) 12/16 18:12:29 Finished transferring output files
...
005 (10613549.484.000) 12/16 18:12:29 Job terminated.
	(1) Normal termination (return value 0)
		Usr 0 02:40:17, Sys 0 00:00:08  -  Run Remote Usage
		Usr 0 00:00:00, Sys 0 00:00:00  -  Run Local Usage
		Usr 0 02:40:17, Sys 0 00:00:08  -  Total Remote Usage
		Usr 0 00:00:00, Sys 0 00:00:00  -  Total Local Usage
	0  -  Run Bytes Sent By Job
	7584148  -  Run Bytes Received By Job
	0  -  Total Bytes Sent By Job
	7584148  -  Total Bytes Received By Job
	Partitionable Resources :    Usage  Request Allocated 
	   Cpus                 :     0.99        4         4 
	   Disk (KB)            : 33409        7500     11036 
	   GPUs                 :                           0 
	   Memory (MB)          :    40       12000     12000 
	   TimeExecute (s)      :  9733                       
	   TimeSlotBusy (s)     :  9734                       

	Job terminated of its own accord at 2025-12-16T17:12:28Z with exit-code 0.
...
