000 (10610889.559.000) 12/16 07:15:00 Job submitted from host: <188.185.71.83:9618?addrs=188.185.71.83-9618+[2001-1458-d00-7--100-34d]-9618&alias=bigbird18.cern.ch&noUDP&sock=schedd_5052_d48c>
...
040 (10610889.559.000) 12/16 14:13:52 Started transferring input files
	Transferring to host: <188.185.196.168:9618?addrs=188.185.196.168-9618+[2001-1458-303-23--100-a4]-9618&alias=b9p16p7936.cern.ch&noUDP&sock=slot1_3_3431_3325_87620>
...
040 (10610889.559.000) 12/16 14:13:52 Finished transferring input files
...
001 (10610889.559.000) 12/16 14:13:52 Job executing on host: <188.185.196.168:9618?addrs=188.185.196.168-9618+[2001-1458-303-23--100-a4]-9618&alias=b9p16p7936.cern.ch&noUDP&sock=startd_2801_d4dd>
	SlotName: slot1_3@b9p16p7936.cern.ch
	CondorScratchDir = "/pool/condor/dir_3405136"
	Cpus = 4
	Disk = 11038
	GPUs = 0
	Memory = 12000
...
006 (10610889.559.000) 12/16 14:14:06 Image size of job updated: 40040
	40  -  MemoryUsage of job (MB)
	40040  -  ResidentSetSize of job (KB)
...
006 (10610889.559.000) 12/16 14:19:07 Image size of job updated: 40460
	40  -  MemoryUsage of job (MB)
	40040  -  ResidentSetSize of job (KB)
...
006 (10610889.559.000) 12/16 16:05:49 Image size of job updated: 120992
	40  -  MemoryUsage of job (MB)
	40040  -  ResidentSetSize of job (KB)
...
040 (10610889.559.000) 12/16 16:05:49 Started transferring output files
...
040 (10610889.559.000) 12/16 16:05:50 Finished transferring output files
...
005 (10610889.559.000) 12/16 16:05:50 Job terminated.
	(1) Normal termination (return value 0)
		Usr 0 01:50:57, Sys 0 00:00:08  -  Run Remote Usage
		Usr 0 00:00:00, Sys 0 00:00:00  -  Run Local Usage
		Usr 0 01:50:57, Sys 0 00:00:08  -  Total Remote Usage
		Usr 0 00:00:00, Sys 0 00:00:00  -  Total Local Usage
	0  -  Run Bytes Sent By Job
	7584148  -  Run Bytes Received By Job
	0  -  Total Bytes Sent By Job
	7584148  -  Total Bytes Received By Job
	Partitionable Resources :    Usage  Request Allocated 
	   Cpus                 :     0.98        4         4 
	   Disk (KB)            : 33085        7500     11038 
	   GPUs                 :                           0 
	   Memory (MB)          :    40       12000     12000 
	   TimeExecute (s)      :  6717                       
	   TimeSlotBusy (s)     :  6719                       

	Job terminated of its own accord at 2025-12-16T15:05:49Z with exit-code 0.
...
