000 (10610889.226.000) 12/16 07:15:00 Job submitted from host: <188.185.71.83:9618?addrs=188.185.71.83-9618+[2001-1458-d00-7--100-34d]-9618&alias=bigbird18.cern.ch&noUDP&sock=schedd_5052_d48c>
...
040 (10610889.226.000) 12/16 13:32:09 Started transferring input files
	Transferring to host: <188.185.213.144:9618?addrs=188.185.213.144-9618+[2001-1458-303-1b--100-c]-9618&alias=b9p28p8138.cern.ch&noUDP&sock=slot1_1_4900_3e40_89880>
...
040 (10610889.226.000) 12/16 13:32:09 Finished transferring input files
...
001 (10610889.226.000) 12/16 13:32:09 Job executing on host: <188.185.213.144:9618?addrs=188.185.213.144-9618+[2001-1458-303-1b--100-c]-9618&alias=b9p28p8138.cern.ch&noUDP&sock=startd_4074_00ec>
	SlotName: slot1_1@b9p28p8138.cern.ch
	CondorScratchDir = "/pool/condor/dir_1888405"
	Cpus = 4
	Disk = 10876
	GPUs = 0
	Memory = 12000
...
006 (10610889.226.000) 12/16 13:32:23 Image size of job updated: 26680
	27  -  MemoryUsage of job (MB)
	26680  -  ResidentSetSize of job (KB)
...
006 (10610889.226.000) 12/16 13:37:24 Image size of job updated: 27100
	27  -  MemoryUsage of job (MB)
	26680  -  ResidentSetSize of job (KB)
...
040 (10610889.226.000) 12/16 14:55:48 Started transferring output files
...
040 (10610889.226.000) 12/16 14:55:48 Finished transferring output files
...
005 (10610889.226.000) 12/16 14:55:48 Job terminated.
	(1) Normal termination (return value 0)
		Usr 0 01:22:41, Sys 0 00:00:07  -  Run Remote Usage
		Usr 0 00:00:00, Sys 0 00:00:00  -  Run Local Usage
		Usr 0 01:22:41, Sys 0 00:00:07  -  Total Remote Usage
		Usr 0 00:00:00, Sys 0 00:00:00  -  Total Local Usage
	0  -  Run Bytes Sent By Job
	7584148  -  Run Bytes Received By Job
	0  -  Total Bytes Sent By Job
	7584148  -  Total Bytes Received By Job
	Partitionable Resources :    Usage  Request Allocated 
	   Cpus                 :     0.99        4         4 
	   Disk (KB)            : 32615        7500     10876 
	   GPUs                 :                           0 
	   Memory (MB)          :    27       12000     12000 
	   TimeExecute (s)      :  5018                       
	   TimeSlotBusy (s)     :  5020                       

	Job terminated of its own accord at 2025-12-16T13:55:47Z with exit-code 0.
...
