000 (10613550.220.000) 12/16 14:40:59 Job submitted from host: <188.185.71.83:9618?addrs=188.185.71.83-9618+[2001-1458-d00-7--100-34d]-9618&alias=bigbird18.cern.ch&noUDP&sock=schedd_5052_d48c>
...
040 (10613550.220.000) 12/16 15:46:01 Started transferring input files
	Transferring to host: <188.185.213.222:9618?addrs=188.185.213.222-9618+[2001-1458-303-1b--100-5a]-9618&alias=b9p28p3831.cern.ch&noUDP&sock=slot1_5_6619_6f26_95410>
...
040 (10613550.220.000) 12/16 15:46:01 Finished transferring input files
...
001 (10613550.220.000) 12/16 15:46:01 Job executing on host: <188.185.213.222:9618?addrs=188.185.213.222-9618+[2001-1458-303-1b--100-5a]-9618&alias=b9p28p3831.cern.ch&noUDP&sock=startd_5775_bf85>
	SlotName: slot1_5@b9p28p3831.cern.ch
	CondorScratchDir = "/pool/condor/dir_1317666"
	Cpus = 4
	Disk = 11171
	GPUs = 0
	Memory = 12000
...
006 (10613550.220.000) 12/16 15:46:14 Image size of job updated: 26712
	27  -  MemoryUsage of job (MB)
	26712  -  ResidentSetSize of job (KB)
...
006 (10613550.220.000) 12/16 15:51:14 Image size of job updated: 27132
	27  -  MemoryUsage of job (MB)
	26712  -  ResidentSetSize of job (KB)
...
006 (10613550.220.000) 12/16 17:11:03 Image size of job updated: 118448
	27  -  MemoryUsage of job (MB)
	26712  -  ResidentSetSize of job (KB)
...
040 (10613550.220.000) 12/16 17:11:04 Started transferring output files
...
040 (10613550.220.000) 12/16 17:11:04 Finished transferring output files
...
005 (10613550.220.000) 12/16 17:11:04 Job terminated.
	(1) Normal termination (return value 0)
		Usr 0 01:23:41, Sys 0 00:00:11  -  Run Remote Usage
		Usr 0 00:00:00, Sys 0 00:00:00  -  Run Local Usage
		Usr 0 01:23:41, Sys 0 00:00:11  -  Total Remote Usage
		Usr 0 00:00:00, Sys 0 00:00:00  -  Total Local Usage
	0  -  Run Bytes Sent By Job
	7584148  -  Run Bytes Received By Job
	0  -  Total Bytes Sent By Job
	7584148  -  Total Bytes Received By Job
	Partitionable Resources :    Usage  Request Allocated 
	   Cpus                 :     0.99        4         4 
	   Disk (KB)            : 33624        7500     11171 
	   GPUs                 :                           0 
	   Memory (MB)          :    27       12000     12000 
	   TimeExecute (s)      :  5102                       
	   TimeSlotBusy (s)     :  5104                       

	Job terminated of its own accord at 2025-12-16T16:11:03Z with exit-code 0.
...
