000 (10613549.027.000) 12/16 14:40:44 Job submitted from host: <188.185.71.83:9618?addrs=188.185.71.83-9618+[2001-1458-d00-7--100-34d]-9618&alias=bigbird18.cern.ch&noUDP&sock=schedd_5052_d48c>
...
040 (10613549.027.000) 12/16 14:47:12 Started transferring input files
	Transferring to host: <188.185.214.102:9618?addrs=188.185.214.102-9618+[2001-1458-303-1c--100-62]-9618&alias=b9p29p3838.cern.ch&noUDP&sock=slot1_14_6523_cb22_109951>
...
040 (10613549.027.000) 12/16 14:47:12 Finished transferring input files
...
001 (10613549.027.000) 12/16 14:47:12 Job executing on host: <188.185.214.102:9618?addrs=188.185.214.102-9618+[2001-1458-303-1c--100-62]-9618&alias=b9p29p3838.cern.ch&noUDP&sock=startd_5762_d4ca>
	SlotName: slot1_14@b9p29p3838.cern.ch
	CondorScratchDir = "/pool/condor/dir_426677"
	Cpus = 4
	Disk = 11025
	GPUs = 0
	Memory = 12000
...
006 (10613549.027.000) 12/16 14:47:26 Image size of job updated: 42572
	42  -  MemoryUsage of job (MB)
	42572  -  ResidentSetSize of job (KB)
...
006 (10613549.027.000) 12/16 14:52:27 Image size of job updated: 42664
	42  -  MemoryUsage of job (MB)
	42572  -  ResidentSetSize of job (KB)
...
006 (10613549.027.000) 12/16 15:37:30 Image size of job updated: 47996
	47  -  MemoryUsage of job (MB)
	47996  -  ResidentSetSize of job (KB)
...
040 (10613549.027.000) 12/16 16:04:01 Started transferring output files
...
040 (10613549.027.000) 12/16 16:04:01 Finished transferring output files
...
005 (10613549.027.000) 12/16 16:04:01 Job terminated.
	(1) Normal termination (return value 0)
		Usr 0 01:16:05, Sys 0 00:00:04  -  Run Remote Usage
		Usr 0 00:00:00, Sys 0 00:00:00  -  Run Local Usage
		Usr 0 01:16:05, Sys 0 00:00:04  -  Total Remote Usage
		Usr 0 00:00:00, Sys 0 00:00:00  -  Total Local Usage
	0  -  Run Bytes Sent By Job
	7584148  -  Run Bytes Received By Job
	0  -  Total Bytes Sent By Job
	7584148  -  Total Bytes Received By Job
	Partitionable Resources :    Usage  Request Allocated 
	   Cpus                 :     0.99        4         4 
	   Disk (KB)            : 32742        7500     11025 
	   GPUs                 :                           0 
	   Memory (MB)          :    47       12000     12000 
	   TimeExecute (s)      :  4608                       
	   TimeSlotBusy (s)     :  4609                       

	Job terminated of its own accord at 2025-12-16T15:04:00Z with exit-code 0.
...
