000 (10610888.238.000) 12/16 07:14:44 Job submitted from host: <188.185.71.83:9618?addrs=188.185.71.83-9618+[2001-1458-d00-7--100-34d]-9618&alias=bigbird18.cern.ch&noUDP&sock=schedd_5052_d48c>
...
040 (10610888.238.000) 12/16 09:09:10 Started transferring input files
	Transferring to host: <188.185.208.89:9618?addrs=188.185.208.89-9618+[2001-1458-303-f--100-56]-9618&alias=b9p09p5558.cern.ch&noUDP&sock=slot1_15_4988_3f44_79385>
...
040 (10610888.238.000) 12/16 09:09:10 Finished transferring input files
...
001 (10610888.238.000) 12/16 09:09:10 Job executing on host: <188.185.208.89:9618?addrs=188.185.208.89-9618+[2001-1458-303-f--100-56]-9618&alias=b9p09p5558.cern.ch&noUDP&sock=startd_4162_5d42>
	SlotName: slot1_15@b9p09p5558.cern.ch
	CondorScratchDir = "/pool/condor/dir_2552098"
	Cpus = 4
	Disk = 10393
	GPUs = 0
	Memory = 12000
...
006 (10610888.238.000) 12/16 09:09:24 Image size of job updated: 43760
	43  -  MemoryUsage of job (MB)
	43760  -  ResidentSetSize of job (KB)
...
006 (10610888.238.000) 12/16 09:14:25 Image size of job updated: 44164
	43  -  MemoryUsage of job (MB)
	43760  -  ResidentSetSize of job (KB)
...
006 (10610888.238.000) 12/16 10:50:21 Image size of job updated: 124768
	43  -  MemoryUsage of job (MB)
	43760  -  ResidentSetSize of job (KB)
...
040 (10610888.238.000) 12/16 10:50:22 Started transferring output files
...
040 (10610888.238.000) 12/16 10:50:23 Finished transferring output files
...
005 (10610888.238.000) 12/16 10:50:23 Job terminated.
	(1) Normal termination (return value 0)
		Usr 0 01:38:59, Sys 0 00:00:14  -  Run Remote Usage
		Usr 0 00:00:00, Sys 0 00:00:00  -  Run Local Usage
		Usr 0 01:38:59, Sys 0 00:00:14  -  Total Remote Usage
		Usr 0 00:00:00, Sys 0 00:00:00  -  Total Local Usage
	0  -  Run Bytes Sent By Job
	7584148  -  Run Bytes Received By Job
	0  -  Total Bytes Sent By Job
	7584148  -  Total Bytes Received By Job
	Partitionable Resources :    Usage  Request Allocated 
	   Cpus                 :     0.96        4         4 
	   Disk (KB)            : 32632        7500     10393 
	   GPUs                 :                           0 
	   Memory (MB)          :    43       12000     12000 
	   TimeExecute (s)      :  6071                       
	   TimeSlotBusy (s)     :  6074                       

	Job terminated of its own accord at 2025-12-16T09:50:21Z with exit-code 0.
...
