000 (10610887.613.000) 12/16 07:14:31 Job submitted from host: <188.185.71.83:9618?addrs=188.185.71.83-9618+[2001-1458-d00-7--100-34d]-9618&alias=bigbird18.cern.ch&noUDP&sock=schedd_5052_d48c>
...
040 (10610887.613.000) 12/16 07:54:40 Started transferring input files
	Transferring to host: <188.185.212.57:9618?addrs=188.185.212.57-9618+[2001-1458-303-18--100-35]-9618&alias=b9p25p1691.cern.ch&noUDP&sock=slot1_23_5524_e85a_91828>
...
040 (10610887.613.000) 12/16 07:54:40 Finished transferring input files
...
001 (10610887.613.000) 12/16 07:54:40 Job executing on host: <188.185.212.57:9618?addrs=188.185.212.57-9618+[2001-1458-303-18--100-35]-9618&alias=b9p25p1691.cern.ch&noUDP&sock=startd_4532_274d>
	SlotName: slot1_23@b9p25p1691.cern.ch
	CondorScratchDir = "/pool/condor/dir_1074108"
	Cpus = 4
	Disk = 10940
	GPUs = 0
	Memory = 12000
...
006 (10610887.613.000) 12/16 07:54:55 Image size of job updated: 37476
	37  -  MemoryUsage of job (MB)
	37476  -  ResidentSetSize of job (KB)
...
006 (10610887.613.000) 12/16 07:59:56 Image size of job updated: 37896
	37  -  MemoryUsage of job (MB)
	37476  -  ResidentSetSize of job (KB)
...
006 (10610887.613.000) 12/16 09:51:19 Image size of job updated: 118420
	37  -  MemoryUsage of job (MB)
	37476  -  ResidentSetSize of job (KB)
...
040 (10610887.613.000) 12/16 09:51:20 Started transferring output files
...
040 (10610887.613.000) 12/16 09:51:21 Finished transferring output files
...
005 (10610887.613.000) 12/16 09:51:21 Job terminated.
	(1) Normal termination (return value 0)
		Usr 0 01:52:39, Sys 0 00:00:13  -  Run Remote Usage
		Usr 0 00:00:00, Sys 0 00:00:00  -  Run Local Usage
		Usr 0 01:52:39, Sys 0 00:00:13  -  Total Remote Usage
		Usr 0 00:00:00, Sys 0 00:00:00  -  Total Local Usage
	0  -  Run Bytes Sent By Job
	7584148  -  Run Bytes Received By Job
	0  -  Total Bytes Sent By Job
	7584148  -  Total Bytes Received By Job
	Partitionable Resources :    Usage  Request Allocated 
	   Cpus                 :     0.96        4         4 
	   Disk (KB)            : 33233        7500     10940 
	   GPUs                 :                           0 
	   Memory (MB)          :    37       12000     12000 
	   TimeExecute (s)      :  6999                       
	   TimeSlotBusy (s)     :  7001                       

	Job terminated of its own accord at 2025-12-16T08:51:19Z with exit-code 0.
...
