000 (10610889.264.000) 12/16 07:15:00 Job submitted from host: <188.185.71.83:9618?addrs=188.185.71.83-9618+[2001-1458-d00-7--100-34d]-9618&alias=bigbird18.cern.ch&noUDP&sock=schedd_5052_d48c>
...
040 (10610889.264.000) 12/16 13:31:38 Started transferring input files
	Transferring to host: <188.185.196.135:9618?addrs=188.185.196.135-9618+[2001-1458-303-23--100-83]-9618&alias=b9p16p6625.cern.ch&noUDP&sock=slot1_4_5430_ad16_84048>
...
040 (10610889.264.000) 12/16 13:31:38 Finished transferring input files
...
001 (10610889.264.000) 12/16 13:31:38 Job executing on host: <188.185.196.135:9618?addrs=188.185.196.135-9618+[2001-1458-303-23--100-83]-9618&alias=b9p16p6625.cern.ch&noUDP&sock=startd_4289_79c9>
	SlotName: slot1_4@b9p16p6625.cern.ch
	CondorScratchDir = "/pool/condor/dir_3434330"
	Cpus = 4
	Disk = 11051
	GPUs = 0
	Memory = 12000
...
006 (10610889.264.000) 12/16 13:31:52 Image size of job updated: 40052
	40  -  MemoryUsage of job (MB)
	40052  -  ResidentSetSize of job (KB)
...
006 (10610889.264.000) 12/16 13:36:53 Image size of job updated: 40472
	40  -  MemoryUsage of job (MB)
	40052  -  ResidentSetSize of job (KB)
...
006 (10610889.264.000) 12/16 15:48:27 Image size of job updated: 120992
	40  -  MemoryUsage of job (MB)
	40052  -  ResidentSetSize of job (KB)
...
040 (10610889.264.000) 12/16 15:48:27 Started transferring output files
...
040 (10610889.264.000) 12/16 15:48:28 Finished transferring output files
...
005 (10610889.264.000) 12/16 15:48:28 Job terminated.
	(1) Normal termination (return value 0)
		Usr 0 02:15:01, Sys 0 00:00:10  -  Run Remote Usage
		Usr 0 00:00:00, Sys 0 00:00:00  -  Run Local Usage
		Usr 0 02:15:01, Sys 0 00:00:10  -  Total Remote Usage
		Usr 0 00:00:00, Sys 0 00:00:00  -  Total Local Usage
	0  -  Run Bytes Sent By Job
	7584148  -  Run Bytes Received By Job
	0  -  Total Bytes Sent By Job
	7584148  -  Total Bytes Received By Job
	Partitionable Resources :    Usage  Request Allocated 
	   Cpus                 :     0.96        4         4 
	   Disk (KB)            : 32767        7500     11051 
	   GPUs                 :                           0 
	   Memory (MB)          :    40       12000     12000 
	   TimeExecute (s)      :  8209                       
	   TimeSlotBusy (s)     :  8211                       

	Job terminated of its own accord at 2025-12-16T14:48:27Z with exit-code 0.
...
