000 (10610888.928.000) 12/16 07:14:45 Job submitted from host: <188.185.71.83:9618?addrs=188.185.71.83-9618+[2001-1458-d00-7--100-34d]-9618&alias=bigbird18.cern.ch&noUDP&sock=schedd_5052_d48c>
...
040 (10610888.928.000) 12/16 09:57:21 Started transferring input files
	Transferring to host: <128.142.161.85:9618?addrs=128.142.161.85-9618+[2001-1458-301-b8--100-13]-9618&alias=b9g03p2079.cern.ch&noUDP&sock=slot1_6_4109_e980_103388>
...
040 (10610888.928.000) 12/16 09:57:21 Finished transferring input files
...
001 (10610888.928.000) 12/16 09:57:21 Job executing on host: <128.142.161.85:9618?addrs=128.142.161.85-9618+[2001-1458-301-b8--100-13]-9618&alias=b9g03p2079.cern.ch&noUDP&sock=startd_3251_7e7b>
	SlotName: slot1_6@b9g03p2079.cern.ch
	CondorScratchDir = "/pool/condor/dir_3218494"
	Cpus = 4
	Disk = 11118
	GPUs = 0
	Memory = 12000
...
006 (10610888.928.000) 12/16 09:57:34 Image size of job updated: 41480
	41  -  MemoryUsage of job (MB)
	41480  -  ResidentSetSize of job (KB)
...
006 (10610888.928.000) 12/16 10:02:34 Image size of job updated: 41900
	41  -  MemoryUsage of job (MB)
	41480  -  ResidentSetSize of job (KB)
...
006 (10610888.928.000) 12/16 10:37:38 Image size of job updated: 48120
	47  -  MemoryUsage of job (MB)
	48120  -  ResidentSetSize of job (KB)
...
006 (10610888.928.000) 12/16 10:47:38 Image size of job updated: 48292
	48  -  MemoryUsage of job (MB)
	48292  -  ResidentSetSize of job (KB)
...
040 (10610888.928.000) 12/16 11:29:14 Started transferring output files
...
040 (10610888.928.000) 12/16 11:29:14 Finished transferring output files
...
005 (10610888.928.000) 12/16 11:29:14 Job terminated.
	(1) Normal termination (return value 0)
		Usr 0 01:31:18, Sys 0 00:00:04  -  Run Remote Usage
		Usr 0 00:00:00, Sys 0 00:00:00  -  Run Local Usage
		Usr 0 01:31:18, Sys 0 00:00:04  -  Total Remote Usage
		Usr 0 00:00:00, Sys 0 00:00:00  -  Total Local Usage
	0  -  Run Bytes Sent By Job
	7584148  -  Run Bytes Received By Job
	0  -  Total Bytes Sent By Job
	7584148  -  Total Bytes Received By Job
	Partitionable Resources :    Usage  Request Allocated 
	   Cpus                 :     1.00        4         4 
	   Disk (KB)            : 32670        7500     11118 
	   GPUs                 :                           0 
	   Memory (MB)          :    48       12000     12000 
	   TimeExecute (s)      :  5513                       
	   TimeSlotBusy (s)     :  5513                       

	Job terminated of its own accord at 2025-12-16T10:29:14Z with exit-code 0.
...
