000 (10610888.058.000) 12/16 07:14:44 Job submitted from host: <188.185.71.83:9618?addrs=188.185.71.83-9618+[2001-1458-d00-7--100-34d]-9618&alias=bigbird18.cern.ch&noUDP&sock=schedd_5052_d48c>
...
040 (10610888.058.000) 12/16 08:01:20 Started transferring input files
	Transferring to host: <188.185.212.226:9618?addrs=188.185.212.226-9618+[2001-1458-303-19--100-5e]-9618&alias=b9p26p0084.cern.ch&noUDP&sock=slot1_9_4120_a9a1_91575>
...
040 (10610888.058.000) 12/16 08:01:20 Finished transferring input files
...
001 (10610888.058.000) 12/16 08:01:20 Job executing on host: <188.185.212.226:9618?addrs=188.185.212.226-9618+[2001-1458-303-19--100-5e]-9618&alias=b9p26p0084.cern.ch&noUDP&sock=startd_3446_3f73>
	SlotName: slot1_9@b9p26p0084.cern.ch
	CondorScratchDir = "/pool/condor/dir_2590471"
	Cpus = 4
	Disk = 11016
	GPUs = 0
	Memory = 12000
...
006 (10610888.058.000) 12/16 08:01:33 Image size of job updated: 40064
	40  -  MemoryUsage of job (MB)
	40064  -  ResidentSetSize of job (KB)
...
006 (10610888.058.000) 12/16 08:06:33 Image size of job updated: 40484
	40  -  MemoryUsage of job (MB)
	40064  -  ResidentSetSize of job (KB)
...
040 (10610888.058.000) 12/16 09:31:06 Started transferring output files
...
040 (10610888.058.000) 12/16 09:31:07 Finished transferring output files
...
005 (10610888.058.000) 12/16 09:31:07 Job terminated.
	(1) Normal termination (return value 0)
		Usr 0 01:28:07, Sys 0 00:00:16  -  Run Remote Usage
		Usr 0 00:00:00, Sys 0 00:00:00  -  Run Local Usage
		Usr 0 01:28:07, Sys 0 00:00:16  -  Total Remote Usage
		Usr 0 00:00:00, Sys 0 00:00:00  -  Total Local Usage
	0  -  Run Bytes Sent By Job
	7584148  -  Run Bytes Received By Job
	0  -  Total Bytes Sent By Job
	7584148  -  Total Bytes Received By Job
	Partitionable Resources :    Usage  Request Allocated 
	   Cpus                 :     0.99        4         4 
	   Disk (KB)            : 33309        7500     11016 
	   GPUs                 :                           0 
	   Memory (MB)          :    40       12000     12000 
	   TimeExecute (s)      :  5386                       
	   TimeSlotBusy (s)     :  5389                       

	Job terminated of its own accord at 2025-12-16T08:31:06Z with exit-code 0.
...
