000 (10610888.559.000) 12/16 07:14:44 Job submitted from host: <188.185.71.83:9618?addrs=188.185.71.83-9618+[2001-1458-d00-7--100-34d]-9618&alias=bigbird18.cern.ch&noUDP&sock=schedd_5052_d48c>
...
040 (10610888.559.000) 12/16 09:29:37 Started transferring input files
	Transferring to host: <188.185.214.10:9618?addrs=188.185.214.10-9618+[2001-1458-303-1c--100-6]-9618&alias=b9p29p1341.cern.ch&noUDP&sock=slot1_13_5054_c007_110848>
...
040 (10610888.559.000) 12/16 09:29:37 Finished transferring input files
...
001 (10610888.559.000) 12/16 09:29:37 Job executing on host: <188.185.214.10:9618?addrs=188.185.214.10-9618+[2001-1458-303-1c--100-6]-9618&alias=b9p29p1341.cern.ch&noUDP&sock=startd_4065_d492>
	SlotName: slot1_13@b9p29p1341.cern.ch
	CondorScratchDir = "/pool/condor/dir_2291528"
	Cpus = 4
	Disk = 11021
	GPUs = 0
	Memory = 12000
...
006 (10610888.559.000) 12/16 09:29:51 Image size of job updated: 37980
	38  -  MemoryUsage of job (MB)
	37980  -  ResidentSetSize of job (KB)
...
006 (10610888.559.000) 12/16 09:34:52 Image size of job updated: 38072
	38  -  MemoryUsage of job (MB)
	37980  -  ResidentSetSize of job (KB)
...
040 (10610888.559.000) 12/16 10:47:01 Started transferring output files
...
040 (10610888.559.000) 12/16 10:47:01 Finished transferring output files
...
005 (10610888.559.000) 12/16 10:47:01 Job terminated.
	(1) Normal termination (return value 0)
		Usr 0 01:16:22, Sys 0 00:00:11  -  Run Remote Usage
		Usr 0 00:00:00, Sys 0 00:00:00  -  Run Local Usage
		Usr 0 01:16:22, Sys 0 00:00:11  -  Total Remote Usage
		Usr 0 00:00:00, Sys 0 00:00:00  -  Total Local Usage
	0  -  Run Bytes Sent By Job
	7584148  -  Run Bytes Received By Job
	0  -  Total Bytes Sent By Job
	7584148  -  Total Bytes Received By Job
	Partitionable Resources :    Usage  Request Allocated 
	   Cpus                 :     0.99        4         4 
	   Disk (KB)            : 32857        7500     11021 
	   GPUs                 :                           0 
	   Memory (MB)          :    38       12000     12000 
	   TimeExecute (s)      :  4643                       
	   TimeSlotBusy (s)     :  4644                       

	Job terminated of its own accord at 2025-12-16T09:47:00Z with exit-code 0.
...
