000 (10610889.946.000) 12/16 07:15:01 Job submitted from host: <188.185.71.83:9618?addrs=188.185.71.83-9618+[2001-1458-d00-7--100-34d]-9618&alias=bigbird18.cern.ch&noUDP&sock=schedd_5052_d48c>
...
040 (10610889.946.000) 12/16 14:27:04 Started transferring input files
	Transferring to host: <188.185.212.41:9618?addrs=188.185.212.41-9618+[2001-1458-303-18--100-25]-9618&alias=b9p25p9135.cern.ch&noUDP&sock=slot1_3_355889_bee1_13097>
...
040 (10610889.946.000) 12/16 14:27:04 Finished transferring input files
...
001 (10610889.946.000) 12/16 14:27:04 Job executing on host: <188.185.212.41:9618?addrs=188.185.212.41-9618+[2001-1458-303-18--100-25]-9618&alias=b9p25p9135.cern.ch&noUDP&sock=startd_355847_05bb>
	SlotName: slot1_3@b9p25p9135.cern.ch
	CondorScratchDir = "/pool/condor/dir_3515281"
	Cpus = 4
	Disk = 10938
	GPUs = 0
	Memory = 12000
...
006 (10610889.946.000) 12/16 14:27:17 Image size of job updated: 40044
	40  -  MemoryUsage of job (MB)
	40044  -  ResidentSetSize of job (KB)
...
006 (10610889.946.000) 12/16 14:32:17 Image size of job updated: 40464
	40  -  MemoryUsage of job (MB)
	40044  -  ResidentSetSize of job (KB)
...
006 (10610889.946.000) 12/16 15:45:40 Image size of job updated: 120996
	40  -  MemoryUsage of job (MB)
	40044  -  ResidentSetSize of job (KB)
...
040 (10610889.946.000) 12/16 15:45:41 Started transferring output files
...
040 (10610889.946.000) 12/16 15:45:41 Finished transferring output files
...
005 (10610889.946.000) 12/16 15:45:41 Job terminated.
	(1) Normal termination (return value 0)
		Usr 0 01:17:39, Sys 0 00:00:11  -  Run Remote Usage
		Usr 0 00:00:00, Sys 0 00:00:00  -  Run Local Usage
		Usr 0 01:17:39, Sys 0 00:00:11  -  Total Remote Usage
		Usr 0 00:00:00, Sys 0 00:00:00  -  Total Local Usage
	0  -  Run Bytes Sent By Job
	7584148  -  Run Bytes Received By Job
	0  -  Total Bytes Sent By Job
	7584148  -  Total Bytes Received By Job
	Partitionable Resources :    Usage  Request Allocated 
	   Cpus                 :     0.99        4         4 
	   Disk (KB)            : 32962        7500     10938 
	   GPUs                 :                           0 
	   Memory (MB)          :    40       12000     12000 
	   TimeExecute (s)      :  4716                       
	   TimeSlotBusy (s)     :  4717                       

	Job terminated of its own accord at 2025-12-16T14:45:40Z with exit-code 0.
...
