000 (10613550.930.000) 12/16 14:41:00 Job submitted from host: <188.185.71.83:9618?addrs=188.185.71.83-9618+[2001-1458-d00-7--100-34d]-9618&alias=bigbird18.cern.ch&noUDP&sock=schedd_5052_d48c>
...
040 (10613550.930.000) 12/16 16:54:41 Started transferring input files
	Transferring to host: <188.185.208.13:9618?addrs=188.185.208.13-9618+[2001-1458-303-f--100-a]-9618&alias=b9p09p5474.cern.ch&noUDP&sock=slot1_8_9187_d28f_80668>
...
040 (10613550.930.000) 12/16 16:54:41 Finished transferring input files
...
001 (10613550.930.000) 12/16 16:54:41 Job executing on host: <188.185.208.13:9618?addrs=188.185.208.13-9618+[2001-1458-303-f--100-a]-9618&alias=b9p09p5474.cern.ch&noUDP&sock=startd_7805_28c6>
	SlotName: slot1_8@b9p09p5474.cern.ch
	CondorScratchDir = "/pool/condor/dir_2810687"
	Cpus = 4
	Disk = 10913
	GPUs = 0
	Memory = 12000
...
006 (10613550.930.000) 12/16 16:54:56 Image size of job updated: 39632
	39  -  MemoryUsage of job (MB)
	39632  -  ResidentSetSize of job (KB)
...
006 (10613550.930.000) 12/16 16:59:57 Image size of job updated: 40036
	39  -  MemoryUsage of job (MB)
	39632  -  ResidentSetSize of job (KB)
...
006 (10613550.930.000) 12/16 18:17:25 Image size of job updated: 120640
	39  -  MemoryUsage of job (MB)
	39632  -  ResidentSetSize of job (KB)
...
040 (10613550.930.000) 12/16 18:17:25 Started transferring output files
...
040 (10613550.930.000) 12/16 18:17:25 Finished transferring output files
...
005 (10613550.930.000) 12/16 18:17:25 Job terminated.
	(1) Normal termination (return value 0)
		Usr 0 01:21:42, Sys 0 00:00:07  -  Run Remote Usage
		Usr 0 00:00:00, Sys 0 00:00:00  -  Run Local Usage
		Usr 0 01:21:42, Sys 0 00:00:07  -  Total Remote Usage
		Usr 0 00:00:00, Sys 0 00:00:00  -  Total Local Usage
	0  -  Run Bytes Sent By Job
	7584148  -  Run Bytes Received By Job
	0  -  Total Bytes Sent By Job
	7584148  -  Total Bytes Received By Job
	Partitionable Resources :    Usage  Request Allocated 
	   Cpus                 :     0.99        4         4 
	   Disk (KB)            : 33483        7500     10913 
	   GPUs                 :                           0 
	   Memory (MB)          :    39       12000     12000 
	   TimeExecute (s)      :  4964                       
	   TimeSlotBusy (s)     :  4964                       

	Job terminated of its own accord at 2025-12-16T17:17:25Z with exit-code 0.
...
