000 (10613550.363.000) 12/16 14:40:59 Job submitted from host: <188.185.71.83:9618?addrs=188.185.71.83-9618+[2001-1458-d00-7--100-34d]-9618&alias=bigbird18.cern.ch&noUDP&sock=schedd_5052_d48c>
...
040 (10613550.363.000) 12/16 15:58:09 Started transferring input files
	Transferring to host: <188.185.194.90:9618?addrs=188.185.194.90-9618+[2001-1458-303-21--100-56]-9618&alias=b9p20p0608.cern.ch&noUDP&sock=slot1_1_5325_b1b2_85688>
...
040 (10613550.363.000) 12/16 15:58:09 Finished transferring input files
...
001 (10613550.363.000) 12/16 15:58:09 Job executing on host: <188.185.194.90:9618?addrs=188.185.194.90-9618+[2001-1458-303-21--100-56]-9618&alias=b9p20p0608.cern.ch&noUDP&sock=startd_4197_5f13>
	SlotName: slot1_1@b9p20p0608.cern.ch
	CondorScratchDir = "/pool/condor/dir_3717870"
	Cpus = 4
	Disk = 11067
	GPUs = 0
	Memory = 12000
...
006 (10613550.363.000) 12/16 15:58:22 Image size of job updated: 40056
	40  -  MemoryUsage of job (MB)
	40056  -  ResidentSetSize of job (KB)
...
006 (10613550.363.000) 12/16 16:03:22 Image size of job updated: 40472
	40  -  MemoryUsage of job (MB)
	40056  -  ResidentSetSize of job (KB)
...
040 (10613550.363.000) 12/16 17:41:21 Started transferring output files
...
040 (10613550.363.000) 12/16 17:41:21 Finished transferring output files
...
005 (10613550.363.000) 12/16 17:41:22 Job terminated.
	(1) Normal termination (return value 0)
		Usr 0 01:42:11, Sys 0 00:00:07  -  Run Remote Usage
		Usr 0 00:00:00, Sys 0 00:00:00  -  Run Local Usage
		Usr 0 01:42:11, Sys 0 00:00:07  -  Total Remote Usage
		Usr 0 00:00:00, Sys 0 00:00:00  -  Total Local Usage
	0  -  Run Bytes Sent By Job
	7584148  -  Run Bytes Received By Job
	0  -  Total Bytes Sent By Job
	7584148  -  Total Bytes Received By Job
	Partitionable Resources :    Usage  Request Allocated 
	   Cpus                 :     1.00        4         4 
	   Disk (KB)            : 32261        7500     11067 
	   GPUs                 :                           0 
	   Memory (MB)          :    40       12000     12000 
	   TimeExecute (s)      :  6191                       
	   TimeSlotBusy (s)     :  6193                       

	Job terminated of its own accord at 2025-12-16T16:41:20Z with exit-code 0.
...
