000 (10613550.318.000) 12/16 14:40:59 Job submitted from host: <188.185.71.83:9618?addrs=188.185.71.83-9618+[2001-1458-d00-7--100-34d]-9618&alias=bigbird18.cern.ch&noUDP&sock=schedd_5052_d48c>
...
040 (10613550.318.000) 12/16 15:53:30 Started transferring input files
	Transferring to host: <188.185.214.18:9618?addrs=188.185.214.18-9618+[2001-1458-303-1c--100-e]-9618&alias=b9p29p4113.cern.ch&noUDP&sock=slot1_9_1188321_651c_14047>
...
040 (10613550.318.000) 12/16 15:53:30 Finished transferring input files
...
001 (10613550.318.000) 12/16 15:53:30 Job executing on host: <188.185.214.18:9618?addrs=188.185.214.18-9618+[2001-1458-303-1c--100-e]-9618&alias=b9p29p4113.cern.ch&noUDP&sock=startd_7200_2dfa>
	SlotName: slot1_9@b9p29p4113.cern.ch
	CondorScratchDir = "/pool/condor/dir_410030"
	Cpus = 4
	Disk = 11144
	GPUs = 0
	Memory = 12000
...
006 (10613550.318.000) 12/16 15:53:44 Image size of job updated: 37484
	37  -  MemoryUsage of job (MB)
	37484  -  ResidentSetSize of job (KB)
...
006 (10613550.318.000) 12/16 15:58:45 Image size of job updated: 37904
	37  -  MemoryUsage of job (MB)
	37484  -  ResidentSetSize of job (KB)
...
006 (10613550.318.000) 12/16 16:58:51 Image size of job updated: 46116
	46  -  MemoryUsage of job (MB)
	46116  -  ResidentSetSize of job (KB)
...
040 (10613550.318.000) 12/16 17:19:51 Started transferring output files
...
040 (10613550.318.000) 12/16 17:19:51 Finished transferring output files
...
005 (10613550.318.000) 12/16 17:19:51 Job terminated.
	(1) Normal termination (return value 0)
		Usr 0 01:25:04, Sys 0 00:00:12  -  Run Remote Usage
		Usr 0 00:00:00, Sys 0 00:00:00  -  Run Local Usage
		Usr 0 01:25:04, Sys 0 00:00:12  -  Total Remote Usage
		Usr 0 00:00:00, Sys 0 00:00:00  -  Total Local Usage
	0  -  Run Bytes Sent By Job
	7584148  -  Run Bytes Received By Job
	0  -  Total Bytes Sent By Job
	7584148  -  Total Bytes Received By Job
	Partitionable Resources :    Usage  Request Allocated 
	   Cpus                 :     0.99        4         4 
	   Disk (KB)            : 33472        7500     11144 
	   GPUs                 :                           0 
	   Memory (MB)          :    46       12000     12000 
	   TimeExecute (s)      :  5180                       
	   TimeSlotBusy (s)     :  5181                       

	Job terminated of its own accord at 2025-12-16T16:19:50Z with exit-code 0.
...
