000 (10610887.006.000) 12/16 07:14:30 Job submitted from host: <188.185.71.83:9618?addrs=188.185.71.83-9618+[2001-1458-d00-7--100-34d]-9618&alias=bigbird18.cern.ch&noUDP&sock=schedd_5052_d48c>
...
040 (10610887.006.000) 12/16 07:20:21 Started transferring input files
	Transferring to host: <188.185.214.199:9618?addrs=188.185.214.199-9618+[2001-1458-303-1d--100-43]-9618&alias=b9p30p9131.cern.ch&noUDP&sock=slot1_7_878281_2adc_12967>
...
040 (10610887.006.000) 12/16 07:20:21 Finished transferring input files
...
001 (10610887.006.000) 12/16 07:20:21 Job executing on host: <188.185.214.199:9618?addrs=188.185.214.199-9618+[2001-1458-303-1d--100-43]-9618&alias=b9p30p9131.cern.ch&noUDP&sock=startd_5746_db46>
	SlotName: slot1_7@b9p30p9131.cern.ch
	CondorScratchDir = "/pool/condor/dir_2450436"
	Cpus = 4
	Disk = 10963
	GPUs = 0
	Memory = 12000
...
006 (10610887.006.000) 12/16 07:20:36 Image size of job updated: 37476
	37  -  MemoryUsage of job (MB)
	37476  -  ResidentSetSize of job (KB)
...
006 (10610887.006.000) 12/16 07:25:37 Image size of job updated: 37896
	37  -  MemoryUsage of job (MB)
	37476  -  ResidentSetSize of job (KB)
...
006 (10610887.006.000) 12/16 09:03:04 Image size of job updated: 118432
	37  -  MemoryUsage of job (MB)
	37476  -  ResidentSetSize of job (KB)
...
040 (10610887.006.000) 12/16 09:03:05 Started transferring output files
...
040 (10610887.006.000) 12/16 09:03:06 Finished transferring output files
...
005 (10610887.006.000) 12/16 09:03:06 Job terminated.
	(1) Normal termination (return value 0)
		Usr 0 01:39:13, Sys 0 00:00:15  -  Run Remote Usage
		Usr 0 00:00:00, Sys 0 00:00:00  -  Run Local Usage
		Usr 0 01:39:13, Sys 0 00:00:15  -  Total Remote Usage
		Usr 0 00:00:00, Sys 0 00:00:00  -  Total Local Usage
	0  -  Run Bytes Sent By Job
	7584148  -  Run Bytes Received By Job
	0  -  Total Bytes Sent By Job
	7584148  -  Total Bytes Received By Job
	Partitionable Resources :    Usage  Request Allocated 
	   Cpus                 :     0.98        4         4 
	   Disk (KB)            : 33236        7500     10963 
	   GPUs                 :                           0 
	   Memory (MB)          :    37       12000     12000 
	   TimeExecute (s)      :  6163                       
	   TimeSlotBusy (s)     :  6166                       

	Job terminated of its own accord at 2025-12-16T08:03:04Z with exit-code 0.
...
