000 (10613550.371.000) 12/16 14:40:59 Job submitted from host: <188.185.71.83:9618?addrs=188.185.71.83-9618+[2001-1458-d00-7--100-34d]-9618&alias=bigbird18.cern.ch&noUDP&sock=schedd_5052_d48c>
...
040 (10613550.371.000) 12/16 15:58:36 Started transferring input files
	Transferring to host: <128.142.137.176:9618?addrs=128.142.137.176-9618+[2001-1458-301-5e--100-a4]-9618&alias=b9g19p4811.cern.ch&noUDP&sock=slot1_7_2879_440e_86242>
...
040 (10613550.371.000) 12/16 15:58:36 Finished transferring input files
...
001 (10613550.371.000) 12/16 15:58:36 Job executing on host: <128.142.137.176:9618?addrs=128.142.137.176-9618+[2001-1458-301-5e--100-a4]-9618&alias=b9g19p4811.cern.ch&noUDP&sock=startd_2477_982d>
	SlotName: slot1_7@b9g19p4811.cern.ch
	CondorScratchDir = "/pool/condor/dir_3686555"
	Cpus = 4
	Disk = 9882
	GPUs = 0
	Memory = 12000
...
006 (10613550.371.000) 12/16 15:58:50 Image size of job updated: 41464
	41  -  MemoryUsage of job (MB)
	41464  -  ResidentSetSize of job (KB)
...
006 (10613550.371.000) 12/16 16:03:51 Image size of job updated: 41820
	41  -  MemoryUsage of job (MB)
	41464  -  ResidentSetSize of job (KB)
...
006 (10613550.371.000) 12/16 18:12:30 Image size of job updated: 121896
	41  -  MemoryUsage of job (MB)
	41464  -  ResidentSetSize of job (KB)
...
040 (10613550.371.000) 12/16 18:12:31 Started transferring output files
...
040 (10613550.371.000) 12/16 18:12:33 Finished transferring output files
...
005 (10613550.371.000) 12/16 18:12:33 Job terminated.
	(1) Normal termination (return value 0)
		Usr 0 02:12:14, Sys 0 00:00:07  -  Run Remote Usage
		Usr 0 00:00:00, Sys 0 00:00:00  -  Run Local Usage
		Usr 0 02:12:14, Sys 0 00:00:07  -  Total Remote Usage
		Usr 0 00:00:00, Sys 0 00:00:00  -  Total Local Usage
	0  -  Run Bytes Sent By Job
	7584148  -  Run Bytes Received By Job
	0  -  Total Bytes Sent By Job
	7584148  -  Total Bytes Received By Job
	Partitionable Resources :    Usage  Request Allocated 
	   Cpus                 :     0.99        4         4 
	   Disk (KB)            : 32537        7500      9882 
	   GPUs                 :                           0 
	   Memory (MB)          :    41       12000     12000 
	   TimeExecute (s)      :  8034                       
	   TimeSlotBusy (s)     :  8037                       

	Job terminated of its own accord at 2025-12-16T17:12:30Z with exit-code 0.
...
