000 (10613550.532.000) 12/16 14:40:59 Job submitted from host: <188.185.71.83:9618?addrs=188.185.71.83-9618+[2001-1458-d00-7--100-34d]-9618&alias=bigbird18.cern.ch&noUDP&sock=schedd_5052_d48c>
...
040 (10613550.532.000) 12/16 16:22:40 Started transferring input files
	Transferring to host: <188.185.195.116:9618?addrs=188.185.195.116-9618+[2001-1458-303-22--100-70]-9618&alias=b9p17p7861.cern.ch&noUDP&sock=slot1_20_3803173_2df8_27168>
...
040 (10613550.532.000) 12/16 16:22:40 Finished transferring input files
...
001 (10613550.532.000) 12/16 16:22:40 Job executing on host: <188.185.195.116:9618?addrs=188.185.195.116-9618+[2001-1458-303-22--100-70]-9618&alias=b9p17p7861.cern.ch&noUDP&sock=startd_4089_4ad8>
	SlotName: slot1_20@b9p17p7861.cern.ch
	CondorScratchDir = "/pool/condor/dir_562145"
	Cpus = 4
	Disk = 11003
	GPUs = 0
	Memory = 12000
...
006 (10613550.532.000) 12/16 16:22:53 Image size of job updated: 39568
	39  -  MemoryUsage of job (MB)
	39568  -  ResidentSetSize of job (KB)
...
006 (10613550.532.000) 12/16 16:27:53 Image size of job updated: 39988
	39  -  MemoryUsage of job (MB)
	39568  -  ResidentSetSize of job (KB)
...
006 (10613550.532.000) 12/16 18:22:18 Image size of job updated: 120512
	39  -  MemoryUsage of job (MB)
	39568  -  ResidentSetSize of job (KB)
...
040 (10613550.532.000) 12/16 18:22:19 Started transferring output files
...
040 (10613550.532.000) 12/16 18:22:19 Finished transferring output files
...
005 (10613550.532.000) 12/16 18:22:19 Job terminated.
	(1) Normal termination (return value 0)
		Usr 0 01:56:23, Sys 0 00:00:10  -  Run Remote Usage
		Usr 0 00:00:00, Sys 0 00:00:00  -  Run Local Usage
		Usr 0 01:56:23, Sys 0 00:00:10  -  Total Remote Usage
		Usr 0 00:00:00, Sys 0 00:00:00  -  Total Local Usage
	0  -  Run Bytes Sent By Job
	7584148  -  Run Bytes Received By Job
	0  -  Total Bytes Sent By Job
	7584148  -  Total Bytes Received By Job
	Partitionable Resources :    Usage  Request Allocated 
	   Cpus                 :     0.99        4         4 
	   Disk (KB)            : 33685        7500     11003 
	   GPUs                 :                           0 
	   Memory (MB)          :    39       12000     12000 
	   TimeExecute (s)      :  7178                       
	   TimeSlotBusy (s)     :  7180                       

	Job terminated of its own accord at 2025-12-16T17:22:18Z with exit-code 0.
...
