000 (10610889.250.000) 12/16 07:15:00 Job submitted from host: <188.185.71.83:9618?addrs=188.185.71.83-9618+[2001-1458-d00-7--100-34d]-9618&alias=bigbird18.cern.ch&noUDP&sock=schedd_5052_d48c>
...
040 (10610889.250.000) 12/16 13:31:33 Started transferring input files
	Transferring to host: <188.185.211.164:9618?addrs=188.185.211.164-9618+[2001-1458-303-17--100-20]-9618&alias=b9p24p7471.cern.ch&noUDP&sock=slot1_3_4330_a069_92588>
...
040 (10610889.250.000) 12/16 13:31:33 Finished transferring input files
...
001 (10610889.250.000) 12/16 13:31:33 Job executing on host: <188.185.211.164:9618?addrs=188.185.211.164-9618+[2001-1458-303-17--100-20]-9618&alias=b9p24p7471.cern.ch&noUDP&sock=startd_3635_e2d9>
	SlotName: slot1_3@b9p24p7471.cern.ch
	CondorScratchDir = "/pool/condor/dir_76457"
	Cpus = 4
	Disk = 10925
	GPUs = 0
	Memory = 12000
...
006 (10610889.250.000) 12/16 13:31:47 Image size of job updated: 38032
	38  -  MemoryUsage of job (MB)
	38032  -  ResidentSetSize of job (KB)
...
006 (10610889.250.000) 12/16 13:36:47 Image size of job updated: 38452
	38  -  MemoryUsage of job (MB)
	38032  -  ResidentSetSize of job (KB)
...
006 (10610889.250.000) 12/16 15:00:39 Image size of job updated: 118988
	38  -  MemoryUsage of job (MB)
	38032  -  ResidentSetSize of job (KB)
...
040 (10610889.250.000) 12/16 15:00:40 Started transferring output files
...
040 (10610889.250.000) 12/16 15:00:40 Finished transferring output files
...
005 (10610889.250.000) 12/16 15:00:40 Job terminated.
	(1) Normal termination (return value 0)
		Usr 0 01:27:53, Sys 0 00:00:09  -  Run Remote Usage
		Usr 0 00:00:00, Sys 0 00:00:00  -  Run Local Usage
		Usr 0 01:27:53, Sys 0 00:00:09  -  Total Remote Usage
		Usr 0 00:00:00, Sys 0 00:00:00  -  Total Local Usage
	0  -  Run Bytes Sent By Job
	7584148  -  Run Bytes Received By Job
	0  -  Total Bytes Sent By Job
	7584148  -  Total Bytes Received By Job
	Partitionable Resources :    Usage  Request Allocated 
	   Cpus                 :     0.99        4         4 
	   Disk (KB)            : 34199        7500     10925 
	   GPUs                 :                           0 
	   Memory (MB)          :    38       12000     12000 
	   TimeExecute (s)      :  5346                       
	   TimeSlotBusy (s)     :  5348                       

	Job terminated of its own accord at 2025-12-16T14:00:39Z with exit-code 0.
...
