000 (10613549.023.000) 12/16 14:40:44 Job submitted from host: <188.185.71.83:9618?addrs=188.185.71.83-9618+[2001-1458-d00-7--100-34d]-9618&alias=bigbird18.cern.ch&noUDP&sock=schedd_5052_d48c>
...
040 (10613549.023.000) 12/16 14:46:31 Started transferring input files
	Transferring to host: <188.185.214.9:9618?addrs=188.185.214.9-9618+[2001-1458-303-1c--100-5]-9618&alias=b9p29p0597.cern.ch&noUDP&sock=slot1_3_1197108_a1a1_14884>
...
040 (10613549.023.000) 12/16 14:46:31 Finished transferring input files
...
001 (10613549.023.000) 12/16 14:46:31 Job executing on host: <188.185.214.9:9618?addrs=188.185.214.9-9618+[2001-1458-303-1c--100-5]-9618&alias=b9p29p0597.cern.ch&noUDP&sock=startd_1196988_c908>
	SlotName: slot1_3@b9p29p0597.cern.ch
	CondorScratchDir = "/pool/condor/dir_3152262"
	Cpus = 4
	Disk = 10916
	GPUs = 0
	Memory = 12000
...
006 (10613549.023.000) 12/16 14:46:45 Image size of job updated: 37500
	37  -  MemoryUsage of job (MB)
	37500  -  ResidentSetSize of job (KB)
...
006 (10613549.023.000) 12/16 14:51:46 Image size of job updated: 37920
	37  -  MemoryUsage of job (MB)
	37500  -  ResidentSetSize of job (KB)
...
006 (10613549.023.000) 12/16 15:36:49 Image size of job updated: 45432
	45  -  MemoryUsage of job (MB)
	45432  -  ResidentSetSize of job (KB)
...
040 (10613549.023.000) 12/16 16:00:53 Started transferring output files
...
040 (10613549.023.000) 12/16 16:00:54 Finished transferring output files
...
005 (10613549.023.000) 12/16 16:00:54 Job terminated.
	(1) Normal termination (return value 0)
		Usr 0 01:13:35, Sys 0 00:00:06  -  Run Remote Usage
		Usr 0 00:00:00, Sys 0 00:00:00  -  Run Local Usage
		Usr 0 01:13:35, Sys 0 00:00:06  -  Total Remote Usage
		Usr 0 00:00:00, Sys 0 00:00:00  -  Total Local Usage
	0  -  Run Bytes Sent By Job
	7584148  -  Run Bytes Received By Job
	0  -  Total Bytes Sent By Job
	7584148  -  Total Bytes Received By Job
	Partitionable Resources :    Usage  Request Allocated 
	   Cpus                 :     0.99        4         4 
	   Disk (KB)            : 33235        7500     10916 
	   GPUs                 :                           0 
	   Memory (MB)          :    45       12000     12000 
	   TimeExecute (s)      :  4462                       
	   TimeSlotBusy (s)     :  4463                       

	Job terminated of its own accord at 2025-12-16T15:00:53Z with exit-code 0.
...
