000 (10610887.183.000) 12/16 07:14:31 Job submitted from host: <188.185.71.83:9618?addrs=188.185.71.83-9618+[2001-1458-d00-7--100-34d]-9618&alias=bigbird18.cern.ch&noUDP&sock=schedd_5052_d48c>
...
040 (10610887.183.000) 12/16 07:44:50 Started transferring input files
	Transferring to host: <188.185.209.153:9618?addrs=188.185.209.153-9618+[2001-1458-303-12--100-16]-9618&alias=b9p12p2737.cern.ch&noUDP&sock=slot1_11_1242831_9f04_10457>
...
040 (10610887.183.000) 12/16 07:44:50 Finished transferring input files
...
001 (10610887.183.000) 12/16 07:44:50 Job executing on host: <188.185.209.153:9618?addrs=188.185.209.153-9618+[2001-1458-303-12--100-16]-9618&alias=b9p12p2737.cern.ch&noUDP&sock=startd_1242774_2c47>
	SlotName: slot1_11@b9p12p2737.cern.ch
	CondorScratchDir = "/pool/condor/dir_2598028"
	Cpus = 4
	Disk = 10940
	GPUs = 0
	Memory = 12000
...
006 (10610887.183.000) 12/16 07:45:04 Image size of job updated: 43708
	43  -  MemoryUsage of job (MB)
	43708  -  ResidentSetSize of job (KB)
...
006 (10610887.183.000) 12/16 07:50:04 Image size of job updated: 44088
	43  -  MemoryUsage of job (MB)
	43708  -  ResidentSetSize of job (KB)
...
006 (10610887.183.000) 12/16 09:19:43 Image size of job updated: 124732
	43  -  MemoryUsage of job (MB)
	43708  -  ResidentSetSize of job (KB)
...
040 (10610887.183.000) 12/16 09:19:44 Started transferring output files
...
040 (10610887.183.000) 12/16 09:19:44 Finished transferring output files
...
005 (10610887.183.000) 12/16 09:19:44 Job terminated.
	(1) Normal termination (return value 0)
		Usr 0 01:33:22, Sys 0 00:00:10  -  Run Remote Usage
		Usr 0 00:00:00, Sys 0 00:00:00  -  Run Local Usage
		Usr 0 01:33:22, Sys 0 00:00:10  -  Total Remote Usage
		Usr 0 00:00:00, Sys 0 00:00:00  -  Total Local Usage
	0  -  Run Bytes Sent By Job
	7584148  -  Run Bytes Received By Job
	0  -  Total Bytes Sent By Job
	7584148  -  Total Bytes Received By Job
	Partitionable Resources :    Usage  Request Allocated 
	   Cpus                 :     0.99        4         4 
	   Disk (KB)            : 32599        7500     10940 
	   GPUs                 :                           0 
	   Memory (MB)          :    43       12000     12000 
	   TimeExecute (s)      :  5693                       
	   TimeSlotBusy (s)     :  5695                       

	Job terminated of its own accord at 2025-12-16T08:19:43Z with exit-code 0.
...
