000 (10613550.741.000) 12/16 14:41:00 Job submitted from host: <188.185.71.83:9618?addrs=188.185.71.83-9618+[2001-1458-d00-7--100-34d]-9618&alias=bigbird18.cern.ch&noUDP&sock=schedd_5052_d48c>
...
040 (10613550.741.000) 12/16 16:49:03 Started transferring input files
	Transferring to host: <188.185.192.92:9618?addrs=188.185.192.92-9618+[2001-1458-303-1f--100-58]-9618&alias=b9p13p0561.cern.ch&noUDP&sock=slot1_7_5577_403c_86100>
...
040 (10613550.741.000) 12/16 16:49:03 Finished transferring input files
...
001 (10613550.741.000) 12/16 16:49:03 Job executing on host: <188.185.192.92:9618?addrs=188.185.192.92-9618+[2001-1458-303-1f--100-58]-9618&alias=b9p13p0561.cern.ch&noUDP&sock=startd_4037_9feb>
	SlotName: slot1_7@b9p13p0561.cern.ch
	CondorScratchDir = "/pool/condor/dir_4101386"
	Cpus = 4
	Disk = 10844
	GPUs = 0
	Memory = 12000
...
006 (10613550.741.000) 12/16 16:49:16 Image size of job updated: 26580
	26  -  MemoryUsage of job (MB)
	26580  -  ResidentSetSize of job (KB)
...
006 (10613550.741.000) 12/16 16:54:16 Image size of job updated: 27000
	26  -  MemoryUsage of job (MB)
	26580  -  ResidentSetSize of job (KB)
...
006 (10613550.741.000) 12/16 19:00:05 Image size of job updated: 116628
	26  -  MemoryUsage of job (MB)
	26580  -  ResidentSetSize of job (KB)
...
040 (10613550.741.000) 12/16 19:00:06 Started transferring output files
...
040 (10613550.741.000) 12/16 19:00:06 Finished transferring output files
...
005 (10613550.741.000) 12/16 19:00:06 Job terminated.
	(1) Normal termination (return value 0)
		Usr 0 02:09:46, Sys 0 00:00:11  -  Run Remote Usage
		Usr 0 00:00:00, Sys 0 00:00:00  -  Run Local Usage
		Usr 0 02:09:46, Sys 0 00:00:11  -  Total Remote Usage
		Usr 0 00:00:00, Sys 0 00:00:00  -  Total Local Usage
	0  -  Run Bytes Sent By Job
	7584148  -  Run Bytes Received By Job
	0  -  Total Bytes Sent By Job
	7584148  -  Total Bytes Received By Job
	Partitionable Resources :    Usage  Request Allocated 
	   Cpus                 :     0.99        4         4 
	   Disk (KB)            : 32927        7500     10844 
	   GPUs                 :                           0 
	   Memory (MB)          :    26       12000     12000 
	   TimeExecute (s)      :  7862                       
	   TimeSlotBusy (s)     :  7864                       

	Job terminated of its own accord at 2025-12-16T18:00:05Z with exit-code 0.
...
