000 (10610889.123.000) 12/16 07:15:00 Job submitted from host: <188.185.71.83:9618?addrs=188.185.71.83-9618+[2001-1458-d00-7--100-34d]-9618&alias=bigbird18.cern.ch&noUDP&sock=schedd_5052_d48c>
...
040 (10610889.123.000) 12/16 10:56:32 Started transferring input files
	Transferring to host: <128.142.192.202:9618?addrs=128.142.192.202-9618+[2001-1458-301-56--100-46]-9618&alias=b9g18p7650.cern.ch&noUDP&sock=slot1_4_3165_c75a_88652>
...
040 (10610889.123.000) 12/16 10:56:32 Finished transferring input files
...
001 (10610889.123.000) 12/16 10:56:32 Job executing on host: <128.142.192.202:9618?addrs=128.142.192.202-9618+[2001-1458-301-56--100-46]-9618&alias=b9g18p7650.cern.ch&noUDP&sock=startd_2637_5754>
	SlotName: slot1_4@b9g18p7650.cern.ch
	CondorScratchDir = "/pool/condor/dir_742100"
	Cpus = 4
	Disk = 11238
	GPUs = 0
	Memory = 12000
...
006 (10610889.123.000) 12/16 10:56:46 Image size of job updated: 39360
	39  -  MemoryUsage of job (MB)
	39360  -  ResidentSetSize of job (KB)
...
006 (10610889.123.000) 12/16 11:01:46 Image size of job updated: 39448
	39  -  MemoryUsage of job (MB)
	39360  -  ResidentSetSize of job (KB)
...
006 (10610889.123.000) 12/16 13:55:47 Image size of job updated: 120028
	39  -  MemoryUsage of job (MB)
	39360  -  ResidentSetSize of job (KB)
...
040 (10610889.123.000) 12/16 13:55:49 Started transferring output files
...
040 (10610889.123.000) 12/16 13:55:49 Finished transferring output files
...
005 (10610889.123.000) 12/16 13:55:49 Job terminated.
	(1) Normal termination (return value 0)
		Usr 0 02:53:00, Sys 0 00:00:14  -  Run Remote Usage
		Usr 0 00:00:00, Sys 0 00:00:00  -  Run Local Usage
		Usr 0 02:53:00, Sys 0 00:00:14  -  Total Remote Usage
		Usr 0 00:00:00, Sys 0 00:00:00  -  Total Local Usage
	0  -  Run Bytes Sent By Job
	7584148  -  Run Bytes Received By Job
	0  -  Total Bytes Sent By Job
	7584148  -  Total Bytes Received By Job
	Partitionable Resources :    Usage  Request Allocated 
	   Cpus                 :     0.97        4         4 
	   Disk (KB)            : 32787        7500     11238 
	   GPUs                 :                           0 
	   Memory (MB)          :    39       12000     12000 
	   TimeExecute (s)      : 10755                       
	   TimeSlotBusy (s)     : 10758                       

	Job terminated of its own accord at 2025-12-16T12:55:47Z with exit-code 0.
...
