000 (10610889.144.000) 12/16 07:15:00 Job submitted from host: <188.185.71.83:9618?addrs=188.185.71.83-9618+[2001-1458-d00-7--100-34d]-9618&alias=bigbird18.cern.ch&noUDP&sock=schedd_5052_d48c>
...
040 (10610889.144.000) 12/16 13:25:24 Started transferring input files
	Transferring to host: <188.185.192.24:9618?addrs=188.185.192.24-9618+[2001-1458-303-1f--100-14]-9618&alias=b9p13p3802.cern.ch&noUDP&sock=slot1_3_5977_164c_89366>
...
040 (10610889.144.000) 12/16 13:25:25 Finished transferring input files
...
001 (10610889.144.000) 12/16 13:25:25 Job executing on host: <188.185.192.24:9618?addrs=188.185.192.24-9618+[2001-1458-303-1f--100-14]-9618&alias=b9p13p3802.cern.ch&noUDP&sock=startd_4359_7d6a>
	SlotName: slot1_3@b9p13p3802.cern.ch
	CondorScratchDir = "/pool/condor/dir_3775724"
	Cpus = 4
	Disk = 38642
	GPUs = 0
	Memory = 12000
...
006 (10610889.144.000) 12/16 13:25:40 Image size of job updated: 45540
	45  -  MemoryUsage of job (MB)
	45540  -  ResidentSetSize of job (KB)
...
006 (10610889.144.000) 12/16 13:30:41 Image size of job updated: 45568
	45  -  MemoryUsage of job (MB)
	45540  -  ResidentSetSize of job (KB)
...
006 (10610889.144.000) 12/16 16:09:39 Image size of job updated: 125896
	45  -  MemoryUsage of job (MB)
	45540  -  ResidentSetSize of job (KB)
...
040 (10610889.144.000) 12/16 16:09:40 Started transferring output files
...
040 (10610889.144.000) 12/16 16:09:40 Finished transferring output files
...
005 (10610889.144.000) 12/16 16:09:40 Job terminated.
	(1) Normal termination (return value 0)
		Usr 0 02:41:25, Sys 0 00:00:09  -  Run Remote Usage
		Usr 0 00:00:00, Sys 0 00:00:00  -  Run Local Usage
		Usr 0 02:41:25, Sys 0 00:00:09  -  Total Remote Usage
		Usr 0 00:00:00, Sys 0 00:00:00  -  Total Local Usage
	0  -  Run Bytes Sent By Job
	7584148  -  Run Bytes Received By Job
	0  -  Total Bytes Sent By Job
	7584148  -  Total Bytes Received By Job
	Partitionable Resources :    Usage  Request Allocated 
	   Cpus                 :     0.99        4         4 
	   Disk (KB)            : 33017        7500     38642 
	   GPUs                 :                           0 
	   Memory (MB)          :    45       12000     12000 
	   TimeExecute (s)      :  9854                       
	   TimeSlotBusy (s)     :  9856                       

	Job terminated of its own accord at 2025-12-16T15:09:39Z with exit-code 0.
...
