000 (10613549.819.000) 12/16 14:40:45 Job submitted from host: <188.185.71.83:9618?addrs=188.185.71.83-9618+[2001-1458-d00-7--100-34d]-9618&alias=bigbird18.cern.ch&noUDP&sock=schedd_5052_d48c>
...
040 (10613549.819.000) 12/16 15:34:17 Started transferring input files
	Transferring to host: <188.185.213.138:9618?addrs=188.185.213.138-9618+[2001-1458-303-1b--100-6]-9618&alias=b9p28p3126.cern.ch&noUDP&sock=slot1_11_4538_2e72_91992>
...
040 (10613549.819.000) 12/16 15:34:17 Finished transferring input files
...
001 (10613549.819.000) 12/16 15:34:17 Job executing on host: <188.185.213.138:9618?addrs=188.185.213.138-9618+[2001-1458-303-1b--100-6]-9618&alias=b9p28p3126.cern.ch&noUDP&sock=startd_3852_bae6>
	SlotName: slot1_11@b9p28p3126.cern.ch
	CondorScratchDir = "/pool/condor/dir_1114486"
	Cpus = 4
	Disk = 11046
	GPUs = 0
	Memory = 12000
...
006 (10613549.819.000) 12/16 15:34:31 Image size of job updated: 37392
	37  -  MemoryUsage of job (MB)
	37392  -  ResidentSetSize of job (KB)
...
006 (10613549.819.000) 12/16 15:39:32 Image size of job updated: 37844
	37  -  MemoryUsage of job (MB)
	37392  -  ResidentSetSize of job (KB)
...
040 (10613549.819.000) 12/16 16:54:05 Started transferring output files
...
040 (10613549.819.000) 12/16 16:54:05 Finished transferring output files
...
005 (10613549.819.000) 12/16 16:54:05 Job terminated.
	(1) Normal termination (return value 0)
		Usr 0 01:18:51, Sys 0 00:00:06  -  Run Remote Usage
		Usr 0 00:00:00, Sys 0 00:00:00  -  Run Local Usage
		Usr 0 01:18:51, Sys 0 00:00:06  -  Total Remote Usage
		Usr 0 00:00:00, Sys 0 00:00:00  -  Total Local Usage
	0  -  Run Bytes Sent By Job
	7584148  -  Run Bytes Received By Job
	0  -  Total Bytes Sent By Job
	7584148  -  Total Bytes Received By Job
	Partitionable Resources :    Usage  Request Allocated 
	   Cpus                 :     0.99        4         4 
	   Disk (KB)            : 33242        7500     11046 
	   GPUs                 :                           0 
	   Memory (MB)          :    37       12000     12000 
	   TimeExecute (s)      :  4787                       
	   TimeSlotBusy (s)     :  4789                       

	Job terminated of its own accord at 2025-12-16T15:54:04Z with exit-code 0.
...
