000 (10610889.871.000) 12/16 07:15:01 Job submitted from host: <188.185.71.83:9618?addrs=188.185.71.83-9618+[2001-1458-d00-7--100-34d]-9618&alias=bigbird18.cern.ch&noUDP&sock=schedd_5052_d48c>
...
040 (10610889.871.000) 12/16 14:26:40 Started transferring input files
	Transferring to host: <188.185.210.150:9618?addrs=188.185.210.150-9618+[2001-1458-303-15--100-12]-9618&alias=b9p22p7910.cern.ch&noUDP&sock=slot1_3_992455_143f_12711>
...
040 (10610889.871.000) 12/16 14:26:40 Finished transferring input files
...
001 (10610889.871.000) 12/16 14:26:40 Job executing on host: <188.185.210.150:9618?addrs=188.185.210.150-9618+[2001-1458-303-15--100-12]-9618&alias=b9p22p7910.cern.ch&noUDP&sock=startd_991720_02c0>
	SlotName: slot1_3@b9p22p7910.cern.ch
	CondorScratchDir = "/pool/condor/dir_2268491"
	Cpus = 4
	Disk = 11031
	GPUs = 0
	Memory = 12000
...
006 (10610889.871.000) 12/16 14:26:54 Image size of job updated: 37484
	37  -  MemoryUsage of job (MB)
	37484  -  ResidentSetSize of job (KB)
...
006 (10610889.871.000) 12/16 14:31:56 Image size of job updated: 37904
	37  -  MemoryUsage of job (MB)
	37484  -  ResidentSetSize of job (KB)
...
006 (10610889.871.000) 12/16 16:01:39 Image size of job updated: 118436
	37  -  MemoryUsage of job (MB)
	37484  -  ResidentSetSize of job (KB)
...
040 (10610889.871.000) 12/16 16:01:39 Started transferring output files
...
040 (10610889.871.000) 12/16 16:01:40 Finished transferring output files
...
005 (10610889.871.000) 12/16 16:01:40 Job terminated.
	(1) Normal termination (return value 0)
		Usr 0 01:33:34, Sys 0 00:00:13  -  Run Remote Usage
		Usr 0 00:00:00, Sys 0 00:00:00  -  Run Local Usage
		Usr 0 01:33:34, Sys 0 00:00:13  -  Total Remote Usage
		Usr 0 00:00:00, Sys 0 00:00:00  -  Total Local Usage
	0  -  Run Bytes Sent By Job
	7584148  -  Run Bytes Received By Job
	0  -  Total Bytes Sent By Job
	7584148  -  Total Bytes Received By Job
	Partitionable Resources :    Usage  Request Allocated 
	   Cpus                 :     0.99        4         4 
	   Disk (KB)            : 33484        7500     11031 
	   GPUs                 :                           0 
	   Memory (MB)          :    37       12000     12000 
	   TimeExecute (s)      :  5699                       
	   TimeSlotBusy (s)     :  5701                       

	Job terminated of its own accord at 2025-12-16T15:01:39Z with exit-code 0.
...
