000 (10610887.321.000) 12/16 07:14:31 Job submitted from host: <188.185.71.83:9618?addrs=188.185.71.83-9618+[2001-1458-d00-7--100-34d]-9618&alias=bigbird18.cern.ch&noUDP&sock=schedd_5052_d48c>
...
040 (10610887.321.000) 12/16 07:49:33 Started transferring input files
	Transferring to host: <188.185.215.44:9618?addrs=188.185.215.44-9618+[2001-1458-303-1e--100-28]-9618&alias=b9p31p1334.cern.ch&noUDP&sock=slot1_15_1988574_071a_11652>
...
040 (10610887.321.000) 12/16 07:49:33 Finished transferring input files
...
001 (10610887.321.000) 12/16 07:49:33 Job executing on host: <188.185.215.44:9618?addrs=188.185.215.44-9618+[2001-1458-303-1e--100-28]-9618&alias=b9p31p1334.cern.ch&noUDP&sock=startd_5067_1e78>
	SlotName: slot1_15@b9p31p1334.cern.ch
	CondorScratchDir = "/pool/condor/dir_3582796"
	Cpus = 4
	Disk = 10974
	GPUs = 0
	Memory = 12000
...
006 (10610887.321.000) 12/16 07:49:47 Image size of job updated: 40520
	40  -  MemoryUsage of job (MB)
	40520  -  ResidentSetSize of job (KB)
...
006 (10610887.321.000) 12/16 07:54:48 Image size of job updated: 40612
	40  -  MemoryUsage of job (MB)
	40520  -  ResidentSetSize of job (KB)
...
040 (10610887.321.000) 12/16 09:11:06 Started transferring output files
...
040 (10610887.321.000) 12/16 09:11:06 Finished transferring output files
...
005 (10610887.321.000) 12/16 09:11:07 Job terminated.
	(1) Normal termination (return value 0)
		Usr 0 01:20:24, Sys 0 00:00:11  -  Run Remote Usage
		Usr 0 00:00:00, Sys 0 00:00:00  -  Run Local Usage
		Usr 0 01:20:24, Sys 0 00:00:11  -  Total Remote Usage
		Usr 0 00:00:00, Sys 0 00:00:00  -  Total Local Usage
	0  -  Run Bytes Sent By Job
	7584148  -  Run Bytes Received By Job
	0  -  Total Bytes Sent By Job
	7584148  -  Total Bytes Received By Job
	Partitionable Resources :    Usage  Request Allocated 
	   Cpus                 :     0.99        4         4 
	   Disk (KB)            : 33514        7500     10974 
	   GPUs                 :                           0 
	   Memory (MB)          :    40       12000     12000 
	   TimeExecute (s)      :  4892                       
	   TimeSlotBusy (s)     :  4893                       

	Job terminated of its own accord at 2025-12-16T08:11:05Z with exit-code 0.
...
