000 (10610889.267.000) 12/16 07:15:00 Job submitted from host: <188.185.71.83:9618?addrs=188.185.71.83-9618+[2001-1458-d00-7--100-34d]-9618&alias=bigbird18.cern.ch&noUDP&sock=schedd_5052_d48c>
...
040 (10610889.267.000) 12/16 13:31:38 Started transferring input files
	Transferring to host: <188.185.196.58:9618?addrs=188.185.196.58-9618+[2001-1458-303-23--100-36]-9618&alias=b9p16p5202.cern.ch&noUDP&sock=slot1_17_5000_b3c4_85681>
...
040 (10610889.267.000) 12/16 13:31:38 Finished transferring input files
...
001 (10610889.267.000) 12/16 13:31:38 Job executing on host: <188.185.196.58:9618?addrs=188.185.196.58-9618+[2001-1458-303-23--100-36]-9618&alias=b9p16p5202.cern.ch&noUDP&sock=startd_4017_e806>
	SlotName: slot1_17@b9p16p5202.cern.ch
	CondorScratchDir = "/pool/condor/dir_3993458"
	Cpus = 4
	Disk = 11003
	GPUs = 0
	Memory = 12000
...
006 (10610889.267.000) 12/16 13:31:52 Image size of job updated: 30648
	30  -  MemoryUsage of job (MB)
	30648  -  ResidentSetSize of job (KB)
...
006 (10610889.267.000) 12/16 13:36:53 Image size of job updated: 31068
	30  -  MemoryUsage of job (MB)
	30648  -  ResidentSetSize of job (KB)
...
006 (10610889.267.000) 12/16 16:26:48 Image size of job updated: 35108
	30  -  MemoryUsage of job (MB)
	30648  -  ResidentSetSize of job (KB)
...
040 (10610889.267.000) 12/16 16:26:49 Started transferring output files
...
040 (10610889.267.000) 12/16 16:26:49 Finished transferring output files
...
005 (10610889.267.000) 12/16 16:26:50 Job terminated.
	(1) Normal termination (return value 0)
		Usr 0 02:52:48, Sys 0 00:00:14  -  Run Remote Usage
		Usr 0 00:00:00, Sys 0 00:00:00  -  Run Local Usage
		Usr 0 02:52:48, Sys 0 00:00:14  -  Total Remote Usage
		Usr 0 00:00:00, Sys 0 00:00:00  -  Total Local Usage
	0  -  Run Bytes Sent By Job
	7584148  -  Run Bytes Received By Job
	0  -  Total Bytes Sent By Job
	7584148  -  Total Bytes Received By Job
	Partitionable Resources :    Usage  Request Allocated 
	   Cpus                 :     0.99        4         4 
	   Disk (KB)            : 32662        7500     11003 
	   GPUs                 :                           0 
	   Memory (MB)          :    30       12000     12000 
	   TimeExecute (s)      : 10510                       
	   TimeSlotBusy (s)     : 10511                       

	Job terminated of its own accord at 2025-12-16T15:26:48Z with exit-code 0.
...
