000 (10613550.709.000) 12/16 14:41:00 Job submitted from host: <188.185.71.83:9618?addrs=188.185.71.83-9618+[2001-1458-d00-7--100-34d]-9618&alias=bigbird18.cern.ch&noUDP&sock=schedd_5052_d48c>
...
040 (10613550.709.000) 12/16 16:48:12 Started transferring input files
	Transferring to host: <188.185.192.92:9618?addrs=188.185.192.92-9618+[2001-1458-303-1f--100-58]-9618&alias=b9p13p0561.cern.ch&noUDP&sock=slot1_26_5577_403c_86099>
...
040 (10613550.709.000) 12/16 16:48:12 Finished transferring input files
...
001 (10613550.709.000) 12/16 16:48:12 Job executing on host: <188.185.192.92:9618?addrs=188.185.192.92-9618+[2001-1458-303-1f--100-58]-9618&alias=b9p13p0561.cern.ch&noUDP&sock=startd_4037_9feb>
	SlotName: slot1_26@b9p13p0561.cern.ch
	CondorScratchDir = "/pool/condor/dir_4099685"
	Cpus = 4
	Disk = 10845
	GPUs = 0
	Memory = 12000
...
006 (10613550.709.000) 12/16 16:48:26 Image size of job updated: 33388
	33  -  MemoryUsage of job (MB)
	33388  -  ResidentSetSize of job (KB)
...
006 (10613550.709.000) 12/16 16:53:28 Image size of job updated: 33480
	33  -  MemoryUsage of job (MB)
	33388  -  ResidentSetSize of job (KB)
...
040 (10613550.709.000) 12/16 18:59:15 Started transferring output files
...
040 (10613550.709.000) 12/16 18:59:15 Finished transferring output files
...
005 (10613550.709.000) 12/16 18:59:15 Job terminated.
	(1) Normal termination (return value 0)
		Usr 0 02:09:45, Sys 0 00:00:11  -  Run Remote Usage
		Usr 0 00:00:00, Sys 0 00:00:00  -  Run Local Usage
		Usr 0 02:09:45, Sys 0 00:00:11  -  Total Remote Usage
		Usr 0 00:00:00, Sys 0 00:00:00  -  Total Local Usage
	0  -  Run Bytes Sent By Job
	7584148  -  Run Bytes Received By Job
	0  -  Total Bytes Sent By Job
	7584148  -  Total Bytes Received By Job
	Partitionable Resources :    Usage  Request Allocated 
	   Cpus                 :     0.99        4         4 
	   Disk (KB)            : 32483        7500     10845 
	   GPUs                 :                           0 
	   Memory (MB)          :    33       12000     12000 
	   TimeExecute (s)      :  7862                       
	   TimeSlotBusy (s)     :  7863                       

	Job terminated of its own accord at 2025-12-16T17:59:14Z with exit-code 0.
...
