000 (10610888.504.000) 12/16 07:14:44 Job submitted from host: <188.185.71.83:9618?addrs=188.185.71.83-9618+[2001-1458-d00-7--100-34d]-9618&alias=bigbird18.cern.ch&noUDP&sock=schedd_5052_d48c>
...
040 (10610888.504.000) 12/16 09:27:29 Started transferring input files
	Transferring to host: <188.185.205.174:9618?addrs=188.185.205.174-9618+[2001-1458-303-a--100-2b]-9618&alias=b9p04p6534.cern.ch&noUDP&sock=slot1_17_4273_7707_85233>
...
040 (10610888.504.000) 12/16 09:27:29 Finished transferring input files
...
001 (10610888.504.000) 12/16 09:27:29 Job executing on host: <188.185.205.174:9618?addrs=188.185.205.174-9618+[2001-1458-303-a--100-2b]-9618&alias=b9p04p6534.cern.ch&noUDP&sock=startd_3843_8e8c>
	SlotName: slot1_17@b9p04p6534.cern.ch
	CondorScratchDir = "/pool/condor/dir_972336"
	Cpus = 4
	Disk = 10632
	GPUs = 0
	Memory = 12000
...
006 (10610888.504.000) 12/16 09:27:43 Image size of job updated: 40116
	40  -  MemoryUsage of job (MB)
	40116  -  ResidentSetSize of job (KB)
...
006 (10610888.504.000) 12/16 09:32:44 Image size of job updated: 40144
	40  -  MemoryUsage of job (MB)
	40116  -  ResidentSetSize of job (KB)
...
040 (10610888.504.000) 12/16 11:04:58 Started transferring output files
...
040 (10610888.504.000) 12/16 11:04:58 Finished transferring output files
...
005 (10610888.504.000) 12/16 11:04:58 Job terminated.
	(1) Normal termination (return value 0)
		Usr 0 01:34:56, Sys 0 00:00:14  -  Run Remote Usage
		Usr 0 00:00:00, Sys 0 00:00:00  -  Run Local Usage
		Usr 0 01:34:56, Sys 0 00:00:14  -  Total Remote Usage
		Usr 0 00:00:00, Sys 0 00:00:00  -  Total Local Usage
	0  -  Run Bytes Sent By Job
	7584148  -  Run Bytes Received By Job
	0  -  Total Bytes Sent By Job
	7584148  -  Total Bytes Received By Job
	Partitionable Resources :    Usage  Request Allocated 
	   Cpus                 :     0.98        4         4 
	   Disk (KB)            : 32322        7500     10632 
	   GPUs                 :                           0 
	   Memory (MB)          :    40       12000     12000 
	   TimeExecute (s)      :  5848                       
	   TimeSlotBusy (s)     :  5849                       

	Job terminated of its own accord at 2025-12-16T10:04:57Z with exit-code 0.
...
