000 (10613550.972.000) 12/16 14:41:00 Job submitted from host: <188.185.71.83:9618?addrs=188.185.71.83-9618+[2001-1458-d00-7--100-34d]-9618&alias=bigbird18.cern.ch&noUDP&sock=schedd_5052_d48c>
...
040 (10613550.972.000) 12/16 16:56:32 Started transferring input files
	Transferring to host: <188.185.193.144:9618?addrs=188.185.193.144-9618+[2001-1458-303-20--100-8c]-9618&alias=b9p19p7803.cern.ch&noUDP&sock=slot1_4_7551_1ccc_85792>
...
040 (10613550.972.000) 12/16 16:56:32 Finished transferring input files
...
001 (10613550.972.000) 12/16 16:56:32 Job executing on host: <188.185.193.144:9618?addrs=188.185.193.144-9618+[2001-1458-303-20--100-8c]-9618&alias=b9p19p7803.cern.ch&noUDP&sock=startd_6099_fc34>
	SlotName: slot1_4@b9p19p7803.cern.ch
	CondorScratchDir = "/pool/condor/dir_3623262"
	Cpus = 4
	Disk = 10896
	GPUs = 0
	Memory = 12000
...
006 (10613550.972.000) 12/16 16:56:45 Image size of job updated: 36056
	36  -  MemoryUsage of job (MB)
	36056  -  ResidentSetSize of job (KB)
...
006 (10613550.972.000) 12/16 17:01:45 Image size of job updated: 36148
	36  -  MemoryUsage of job (MB)
	36056  -  ResidentSetSize of job (KB)
...
006 (10613550.972.000) 12/16 19:39:37 Image size of job updated: 116812
	36  -  MemoryUsage of job (MB)
	36056  -  ResidentSetSize of job (KB)
...
040 (10613550.972.000) 12/16 19:39:38 Started transferring output files
...
040 (10613550.972.000) 12/16 19:39:38 Finished transferring output files
...
005 (10613550.972.000) 12/16 19:39:38 Job terminated.
	(1) Normal termination (return value 0)
		Usr 0 02:40:14, Sys 0 00:00:14  -  Run Remote Usage
		Usr 0 00:00:00, Sys 0 00:00:00  -  Run Local Usage
		Usr 0 02:40:14, Sys 0 00:00:14  -  Total Remote Usage
		Usr 0 00:00:00, Sys 0 00:00:00  -  Total Local Usage
	0  -  Run Bytes Sent By Job
	7584148  -  Run Bytes Received By Job
	0  -  Total Bytes Sent By Job
	7584148  -  Total Bytes Received By Job
	Partitionable Resources :    Usage  Request Allocated 
	   Cpus                 :     0.99        4         4 
	   Disk (KB)            : 32844        7500     10896 
	   GPUs                 :                           0 
	   Memory (MB)          :    36       12000     12000 
	   TimeExecute (s)      :  9785                       
	   TimeSlotBusy (s)     :  9787                       

	Job terminated of its own accord at 2025-12-16T18:39:37Z with exit-code 0.
...
