000 (10610889.015.000) 12/16 07:15:00 Job submitted from host: <188.185.71.83:9618?addrs=188.185.71.83-9618+[2001-1458-d00-7--100-34d]-9618&alias=bigbird18.cern.ch&noUDP&sock=schedd_5052_d48c>
...
040 (10610889.015.000) 12/16 10:19:06 Started transferring input files
	Transferring to host: <128.142.51.209:9618?addrs=128.142.51.209-9618+[2001-1458-301-3--100-e]-9618&alias=b9g02p0891.cern.ch&noUDP&sock=slot1_18_7315_d443_89541>
...
040 (10610889.015.000) 12/16 10:19:06 Finished transferring input files
...
001 (10610889.015.000) 12/16 10:19:06 Job executing on host: <128.142.51.209:9618?addrs=128.142.51.209-9618+[2001-1458-301-3--100-e]-9618&alias=b9g02p0891.cern.ch&noUDP&sock=startd_5622_cd88>
	SlotName: slot1_18@b9g02p0891.cern.ch
	CondorScratchDir = "/pool/condor/dir_276655"
	Cpus = 4
	Disk = 11258
	GPUs = 0
	Memory = 12000
...
006 (10610889.015.000) 12/16 10:19:20 Image size of job updated: 37492
	37  -  MemoryUsage of job (MB)
	37492  -  ResidentSetSize of job (KB)
...
006 (10610889.015.000) 12/16 10:24:21 Image size of job updated: 37912
	37  -  MemoryUsage of job (MB)
	37492  -  ResidentSetSize of job (KB)
...
006 (10610889.015.000) 12/16 12:32:28 Image size of job updated: 118444
	37  -  MemoryUsage of job (MB)
	37492  -  ResidentSetSize of job (KB)
...
040 (10610889.015.000) 12/16 12:32:29 Started transferring output files
...
040 (10610889.015.000) 12/16 12:32:29 Finished transferring output files
...
005 (10610889.015.000) 12/16 12:32:29 Job terminated.
	(1) Normal termination (return value 0)
		Usr 0 02:12:11, Sys 0 00:00:08  -  Run Remote Usage
		Usr 0 00:00:00, Sys 0 00:00:00  -  Run Local Usage
		Usr 0 02:12:11, Sys 0 00:00:08  -  Total Remote Usage
		Usr 0 00:00:00, Sys 0 00:00:00  -  Total Local Usage
	0  -  Run Bytes Sent By Job
	7584148  -  Run Bytes Received By Job
	0  -  Total Bytes Sent By Job
	7584148  -  Total Bytes Received By Job
	Partitionable Resources :    Usage  Request Allocated 
	   Cpus                 :     1.00        4         4 
	   Disk (KB)            : 33514        7500     11258 
	   GPUs                 :                           0 
	   Memory (MB)          :    37       12000     12000 
	   TimeExecute (s)      :  8002                       
	   TimeSlotBusy (s)     :  8003                       

	Job terminated of its own accord at 2025-12-16T11:32:28Z with exit-code 0.
...
