000 (10610887.350.000) 12/16 07:14:31 Job submitted from host: <188.185.71.83:9618?addrs=188.185.71.83-9618+[2001-1458-d00-7--100-34d]-9618&alias=bigbird18.cern.ch&noUDP&sock=schedd_5052_d48c>
...
040 (10610887.350.000) 12/16 07:49:44 Started transferring input files
	Transferring to host: <188.185.193.169:9618?addrs=188.185.193.169-9618+[2001-1458-303-20--100-a5]-9618&alias=b9p19p3821.cern.ch&noUDP&sock=slot1_14_8008_1c3f_77942>
...
040 (10610887.350.000) 12/16 07:49:44 Finished transferring input files
...
001 (10610887.350.000) 12/16 07:49:44 Job executing on host: <188.185.193.169:9618?addrs=188.185.193.169-9618+[2001-1458-303-20--100-a5]-9618&alias=b9p19p3821.cern.ch&noUDP&sock=startd_7094_78f0>
	SlotName: slot1_14@b9p19p3821.cern.ch
	CondorScratchDir = "/pool/condor/dir_3133907"
	Cpus = 4
	Disk = 10999
	GPUs = 0
	Memory = 12000
...
006 (10610887.350.000) 12/16 07:49:58 Image size of job updated: 40036
	40  -  MemoryUsage of job (MB)
	40036  -  ResidentSetSize of job (KB)
...
006 (10610887.350.000) 12/16 07:54:59 Image size of job updated: 40456
	40  -  MemoryUsage of job (MB)
	40036  -  ResidentSetSize of job (KB)
...
006 (10610887.350.000) 12/16 10:41:38 Image size of job updated: 120988
	40  -  MemoryUsage of job (MB)
	40036  -  ResidentSetSize of job (KB)
...
040 (10610887.350.000) 12/16 10:41:38 Started transferring output files
...
040 (10610887.350.000) 12/16 10:41:39 Finished transferring output files
...
005 (10610887.350.000) 12/16 10:41:39 Job terminated.
	(1) Normal termination (return value 0)
		Usr 0 02:48:48, Sys 0 00:00:11  -  Run Remote Usage
		Usr 0 00:00:00, Sys 0 00:00:00  -  Run Local Usage
		Usr 0 02:48:48, Sys 0 00:00:11  -  Total Remote Usage
		Usr 0 00:00:00, Sys 0 00:00:00  -  Total Local Usage
	0  -  Run Bytes Sent By Job
	7584148  -  Run Bytes Received By Job
	0  -  Total Bytes Sent By Job
	7584148  -  Total Bytes Received By Job
	Partitionable Resources :    Usage  Request Allocated 
	   Cpus                 :     0.99        4         4 
	   Disk (KB)            : 33060        7500     10999 
	   GPUs                 :                           0 
	   Memory (MB)          :    40       12000     12000 
	   TimeExecute (s)      : 10314                       
	   TimeSlotBusy (s)     : 10316                       

	Job terminated of its own accord at 2025-12-16T09:41:38Z with exit-code 0.
...
