000 (10613549.652.000) 12/16 14:40:45 Job submitted from host: <188.185.71.83:9618?addrs=188.185.71.83-9618+[2001-1458-d00-7--100-34d]-9618&alias=bigbird18.cern.ch&noUDP&sock=schedd_5052_d48c>
...
040 (10613549.652.000) 12/16 15:31:12 Started transferring input files
	Transferring to host: <188.185.209.92:9618?addrs=188.185.209.92-9618+[2001-1458-303-11--100-59]-9618&alias=b9p11p6024.cern.ch&noUDP&sock=slot1_32_1112790_f8fc_17427>
...
040 (10613549.652.000) 12/16 15:31:12 Finished transferring input files
...
001 (10613549.652.000) 12/16 15:31:12 Job executing on host: <188.185.209.92:9618?addrs=188.185.209.92-9618+[2001-1458-303-11--100-59]-9618&alias=b9p11p6024.cern.ch&noUDP&sock=startd_3659_591f>
	SlotName: slot1_32@b9p11p6024.cern.ch
	CondorScratchDir = "/pool/condor/dir_1764308"
	Cpus = 4
	Disk = 10752
	GPUs = 0
	Memory = 12000
...
006 (10613549.652.000) 12/16 15:31:26 Image size of job updated: 40068
	40  -  MemoryUsage of job (MB)
	40068  -  ResidentSetSize of job (KB)
...
006 (10613549.652.000) 12/16 15:36:26 Image size of job updated: 40508
	40  -  MemoryUsage of job (MB)
	40068  -  ResidentSetSize of job (KB)
...
006 (10613549.652.000) 12/16 17:19:33 Image size of job updated: 121084
	40  -  MemoryUsage of job (MB)
	40068  -  ResidentSetSize of job (KB)
...
040 (10613549.652.000) 12/16 17:19:34 Started transferring output files
...
040 (10613549.652.000) 12/16 17:19:34 Finished transferring output files
...
005 (10613549.652.000) 12/16 17:19:34 Job terminated.
	(1) Normal termination (return value 0)
		Usr 0 01:45:31, Sys 0 00:00:16  -  Run Remote Usage
		Usr 0 00:00:00, Sys 0 00:00:00  -  Run Local Usage
		Usr 0 01:45:31, Sys 0 00:00:16  -  Total Remote Usage
		Usr 0 00:00:00, Sys 0 00:00:00  -  Total Local Usage
	0  -  Run Bytes Sent By Job
	7584148  -  Run Bytes Received By Job
	0  -  Total Bytes Sent By Job
	7584148  -  Total Bytes Received By Job
	Partitionable Resources :    Usage  Request Allocated 
	   Cpus                 :     0.96        4         4 
	   Disk (KB)            : 34427        7500     10752 
	   GPUs                 :                           0 
	   Memory (MB)          :    40       12000     12000 
	   TimeExecute (s)      :  6501                       
	   TimeSlotBusy (s)     :  6503                       

	Job terminated of its own accord at 2025-12-16T16:19:33Z with exit-code 0.
...
