000 (10610887.344.000) 12/16 07:14:31 Job submitted from host: <188.185.71.83:9618?addrs=188.185.71.83-9618+[2001-1458-d00-7--100-34d]-9618&alias=bigbird18.cern.ch&noUDP&sock=schedd_5052_d48c>
...
040 (10610887.344.000) 12/16 07:49:42 Started transferring input files
	Transferring to host: <188.185.196.124:9618?addrs=188.185.196.124-9618+[2001-1458-303-23--100-78]-9618&alias=b9p16p7082.cern.ch&noUDP&sock=slot1_12_3257_99de_84106>
...
040 (10610887.344.000) 12/16 07:49:42 Finished transferring input files
...
001 (10610887.344.000) 12/16 07:49:42 Job executing on host: <188.185.196.124:9618?addrs=188.185.196.124-9618+[2001-1458-303-23--100-78]-9618&alias=b9p16p7082.cern.ch&noUDP&sock=startd_2530_f2b2>
	SlotName: slot1_12@b9p16p7082.cern.ch
	CondorScratchDir = "/pool/condor/dir_1749559"
	Cpus = 4
	Disk = 11026
	GPUs = 0
	Memory = 12000
...
006 (10610887.344.000) 12/16 07:49:56 Image size of job updated: 40564
	40  -  MemoryUsage of job (MB)
	40564  -  ResidentSetSize of job (KB)
...
006 (10610887.344.000) 12/16 07:54:57 Image size of job updated: 40656
	40  -  MemoryUsage of job (MB)
	40564  -  ResidentSetSize of job (KB)
...
040 (10610887.344.000) 12/16 09:56:43 Started transferring output files
...
040 (10610887.344.000) 12/16 09:56:43 Finished transferring output files
...
005 (10610887.344.000) 12/16 09:56:43 Job terminated.
	(1) Normal termination (return value 0)
		Usr 0 02:05:54, Sys 0 00:00:06  -  Run Remote Usage
		Usr 0 00:00:00, Sys 0 00:00:00  -  Run Local Usage
		Usr 0 02:05:54, Sys 0 00:00:06  -  Total Remote Usage
		Usr 0 00:00:00, Sys 0 00:00:00  -  Total Local Usage
	0  -  Run Bytes Sent By Job
	7584148  -  Run Bytes Received By Job
	0  -  Total Bytes Sent By Job
	7584148  -  Total Bytes Received By Job
	Partitionable Resources :    Usage  Request Allocated 
	   Cpus                 :     0.99        4         4 
	   Disk (KB)            : 33360        7500     11026 
	   GPUs                 :                           0 
	   Memory (MB)          :    40       12000     12000 
	   TimeExecute (s)      :  7619                       
	   TimeSlotBusy (s)     :  7622                       

	Job terminated of its own accord at 2025-12-16T08:56:41Z with exit-code 0.
...
