000 (10610888.057.000) 12/16 07:14:44 Job submitted from host: <188.185.71.83:9618?addrs=188.185.71.83-9618+[2001-1458-d00-7--100-34d]-9618&alias=bigbird18.cern.ch&noUDP&sock=schedd_5052_d48c>
...
040 (10610888.057.000) 12/16 08:01:20 Started transferring input files
	Transferring to host: <188.185.207.43:9618?addrs=188.185.207.43-9618+[2001-1458-303-d--100-28]-9618&alias=b9p07p8370.cern.ch&noUDP&sock=slot1_8_4668_c737_79766>
...
040 (10610888.057.000) 12/16 08:01:20 Finished transferring input files
...
001 (10610888.057.000) 12/16 08:01:20 Job executing on host: <188.185.207.43:9618?addrs=188.185.207.43-9618+[2001-1458-303-d--100-28]-9618&alias=b9p07p8370.cern.ch&noUDP&sock=startd_3941_c6d4>
	SlotName: slot1_8@b9p07p8370.cern.ch
	CondorScratchDir = "/pool/condor/dir_3459821"
	Cpus = 4
	Disk = 10810
	GPUs = 0
	Memory = 12000
...
006 (10610888.057.000) 12/16 08:01:33 Image size of job updated: 39648
	39  -  MemoryUsage of job (MB)
	39648  -  ResidentSetSize of job (KB)
...
006 (10610888.057.000) 12/16 08:06:33 Image size of job updated: 40028
	39  -  MemoryUsage of job (MB)
	39648  -  ResidentSetSize of job (KB)
...
006 (10610888.057.000) 12/16 09:39:21 Image size of job updated: 120680
	39  -  MemoryUsage of job (MB)
	39648  -  ResidentSetSize of job (KB)
...
040 (10610888.057.000) 12/16 09:39:22 Started transferring output files
...
040 (10610888.057.000) 12/16 09:39:22 Finished transferring output files
...
005 (10610888.057.000) 12/16 09:39:22 Job terminated.
	(1) Normal termination (return value 0)
		Usr 0 01:36:10, Sys 0 00:00:11  -  Run Remote Usage
		Usr 0 00:00:00, Sys 0 00:00:00  -  Run Local Usage
		Usr 0 01:36:10, Sys 0 00:00:11  -  Total Remote Usage
		Usr 0 00:00:00, Sys 0 00:00:00  -  Total Local Usage
	0  -  Run Bytes Sent By Job
	7584148  -  Run Bytes Received By Job
	0  -  Total Bytes Sent By Job
	7584148  -  Total Bytes Received By Job
	Partitionable Resources :    Usage  Request Allocated 
	   Cpus                 :     0.98        4         4 
	   Disk (KB)            : 33135        7500     10810 
	   GPUs                 :                           0 
	   Memory (MB)          :    39       12000     12000 
	   TimeExecute (s)      :  5881                       
	   TimeSlotBusy (s)     :  5884                       

	Job terminated of its own accord at 2025-12-16T08:39:21Z with exit-code 0.
...
