000 (10613549.515.000) 12/16 14:40:45 Job submitted from host: <188.185.71.83:9618?addrs=188.185.71.83-9618+[2001-1458-d00-7--100-34d]-9618&alias=bigbird18.cern.ch&noUDP&sock=schedd_5052_d48c>
...
040 (10613549.515.000) 12/16 15:30:26 Started transferring input files
	Transferring to host: <188.185.208.136:9618?addrs=188.185.208.136-9618+[2001-1458-303-10--100-5]-9618&alias=b9p10p5730.cern.ch&noUDP&sock=slot1_11_11251_18e3_82837>
...
040 (10613549.515.000) 12/16 15:30:26 Finished transferring input files
...
001 (10613549.515.000) 12/16 15:30:26 Job executing on host: <188.185.208.136:9618?addrs=188.185.208.136-9618+[2001-1458-303-10--100-5]-9618&alias=b9p10p5730.cern.ch&noUDP&sock=startd_10843_f97f>
	SlotName: slot1_11@b9p10p5730.cern.ch
	CondorScratchDir = "/pool/condor/dir_574283"
	Cpus = 4
	Disk = 10916
	GPUs = 0
	Memory = 12000
...
006 (10613549.515.000) 12/16 15:30:40 Image size of job updated: 39628
	39  -  MemoryUsage of job (MB)
	39628  -  ResidentSetSize of job (KB)
...
006 (10613549.515.000) 12/16 15:35:41 Image size of job updated: 40008
	39  -  MemoryUsage of job (MB)
	39628  -  ResidentSetSize of job (KB)
...
040 (10613549.515.000) 12/16 17:04:38 Started transferring output files
...
040 (10613549.515.000) 12/16 17:04:39 Finished transferring output files
...
005 (10613549.515.000) 12/16 17:04:39 Job terminated.
	(1) Normal termination (return value 0)
		Usr 0 01:32:42, Sys 0 00:00:10  -  Run Remote Usage
		Usr 0 00:00:00, Sys 0 00:00:00  -  Run Local Usage
		Usr 0 01:32:42, Sys 0 00:00:10  -  Total Remote Usage
		Usr 0 00:00:00, Sys 0 00:00:00  -  Total Local Usage
	0  -  Run Bytes Sent By Job
	7584148  -  Run Bytes Received By Job
	0  -  Total Bytes Sent By Job
	7584148  -  Total Bytes Received By Job
	Partitionable Resources :    Usage  Request Allocated 
	   Cpus                 :     0.99        4         4 
	   Disk (KB)            : 32901        7500     10916 
	   GPUs                 :                           0 
	   Memory (MB)          :    39       12000     12000 
	   TimeExecute (s)      :  5652                       
	   TimeSlotBusy (s)     :  5653                       

	Job terminated of its own accord at 2025-12-16T16:04:38Z with exit-code 0.
...
