000 (10613549.682.000) 12/16 14:40:45 Job submitted from host: <188.185.71.83:9618?addrs=188.185.71.83-9618+[2001-1458-d00-7--100-34d]-9618&alias=bigbird18.cern.ch&noUDP&sock=schedd_5052_d48c>
...
040 (10613549.682.000) 12/16 15:31:23 Started transferring input files
	Transferring to host: <188.185.193.111:9618?addrs=188.185.193.111-9618+[2001-1458-303-20--100-6b]-9618&alias=b9p19p8956.cern.ch&noUDP&sock=slot1_20_5344_14d2_78180>
...
040 (10613549.682.000) 12/16 15:31:23 Finished transferring input files
...
001 (10613549.682.000) 12/16 15:31:23 Job executing on host: <188.185.193.111:9618?addrs=188.185.193.111-9618+[2001-1458-303-20--100-6b]-9618&alias=b9p19p8956.cern.ch&noUDP&sock=startd_4235_6fac>
	SlotName: slot1_20@b9p19p8956.cern.ch
	CondorScratchDir = "/pool/condor/dir_3040297"
	Cpus = 4
	Disk = 11017
	GPUs = 0
	Memory = 12000
...
006 (10613549.682.000) 12/16 15:31:37 Image size of job updated: 42088
	42  -  MemoryUsage of job (MB)
	42088  -  ResidentSetSize of job (KB)
...
006 (10613549.682.000) 12/16 15:36:38 Image size of job updated: 42180
	42  -  MemoryUsage of job (MB)
	42088  -  ResidentSetSize of job (KB)
...
006 (10613549.682.000) 12/16 18:01:43 Image size of job updated: 49356
	42  -  MemoryUsage of job (MB)
	42088  -  ResidentSetSize of job (KB)
...
040 (10613549.682.000) 12/16 18:01:44 Started transferring output files
...
040 (10613549.682.000) 12/16 18:01:44 Finished transferring output files
...
005 (10613549.682.000) 12/16 18:01:44 Job terminated.
	(1) Normal termination (return value 0)
		Usr 0 02:27:00, Sys 0 00:00:06  -  Run Remote Usage
		Usr 0 00:00:00, Sys 0 00:00:00  -  Run Local Usage
		Usr 0 02:27:00, Sys 0 00:00:06  -  Total Remote Usage
		Usr 0 00:00:00, Sys 0 00:00:00  -  Total Local Usage
	0  -  Run Bytes Sent By Job
	7584148  -  Run Bytes Received By Job
	0  -  Total Bytes Sent By Job
	7584148  -  Total Bytes Received By Job
	Partitionable Resources :    Usage  Request Allocated 
	   Cpus                 :     0.99        4         4 
	   Disk (KB)            : 32702        7500     11017 
	   GPUs                 :                           0 
	   Memory (MB)          :    42       12000     12000 
	   TimeExecute (s)      :  9020                       
	   TimeSlotBusy (s)     :  9022                       

	Job terminated of its own accord at 2025-12-16T17:01:43Z with exit-code 0.
...
