000 (10610887.996.000) 12/16 07:14:32 Job submitted from host: <188.185.71.83:9618?addrs=188.185.71.83-9618+[2001-1458-d00-7--100-34d]-9618&alias=bigbird18.cern.ch&noUDP&sock=schedd_5052_d48c>
...
040 (10610887.996.000) 12/16 08:00:27 Started transferring input files
	Transferring to host: <128.142.192.176:9618?addrs=128.142.192.176-9618+[2001-1458-301-56--100-2c]-9618&alias=b9g18p0460.cern.ch&noUDP&sock=slot1_22_4511_2851_110514>
...
040 (10610887.996.000) 12/16 08:00:27 Finished transferring input files
...
001 (10610887.996.000) 12/16 08:00:27 Job executing on host: <128.142.192.176:9618?addrs=128.142.192.176-9618+[2001-1458-301-56--100-2c]-9618&alias=b9g18p0460.cern.ch&noUDP&sock=startd_3859_8810>
	SlotName: slot1_22@b9g18p0460.cern.ch
	CondorScratchDir = "/pool/condor/dir_3662095"
	Cpus = 4
	Disk = 10911
	GPUs = 0
	Memory = 12000
...
006 (10610887.996.000) 12/16 08:00:41 Image size of job updated: 41352
	41  -  MemoryUsage of job (MB)
	41352  -  ResidentSetSize of job (KB)
...
006 (10610887.996.000) 12/16 08:05:42 Image size of job updated: 41444
	41  -  MemoryUsage of job (MB)
	41352  -  ResidentSetSize of job (KB)
...
006 (10610887.996.000) 12/16 10:12:25 Image size of job updated: 122044
	41  -  MemoryUsage of job (MB)
	41352  -  ResidentSetSize of job (KB)
...
040 (10610887.996.000) 12/16 10:12:26 Started transferring output files
...
040 (10610887.996.000) 12/16 10:12:26 Finished transferring output files
...
005 (10610887.996.000) 12/16 10:12:26 Job terminated.
	(1) Normal termination (return value 0)
		Usr 0 02:10:32, Sys 0 00:00:08  -  Run Remote Usage
		Usr 0 00:00:00, Sys 0 00:00:00  -  Run Local Usage
		Usr 0 02:10:32, Sys 0 00:00:08  -  Total Remote Usage
		Usr 0 00:00:00, Sys 0 00:00:00  -  Total Local Usage
	0  -  Run Bytes Sent By Job
	7584148  -  Run Bytes Received By Job
	0  -  Total Bytes Sent By Job
	7584148  -  Total Bytes Received By Job
	Partitionable Resources :    Usage  Request Allocated 
	   Cpus                 :     0.99        4         4 
	   Disk (KB)            : 33967        7500     10911 
	   GPUs                 :                           0 
	   Memory (MB)          :    41       12000     12000 
	   TimeExecute (s)      :  7918                       
	   TimeSlotBusy (s)     :  7919                       

	Job terminated of its own accord at 2025-12-16T09:12:25Z with exit-code 0.
...
