000 (10610888.404.000) 12/16 07:14:44 Job submitted from host: <188.185.71.83:9618?addrs=188.185.71.83-9618+[2001-1458-d00-7--100-34d]-9618&alias=bigbird18.cern.ch&noUDP&sock=schedd_5052_d48c>
...
040 (10610888.404.000) 12/16 09:22:16 Started transferring input files
	Transferring to host: <188.185.211.57:9618?addrs=188.185.211.57-9618+[2001-1458-303-16--100-35]-9618&alias=b9p23p9814.cern.ch&noUDP&sock=slot1_9_5407_7875_94701>
...
001 (10610888.404.000) 12/16 09:22:17 Job executing on host: <188.185.211.57:9618?addrs=188.185.211.57-9618+[2001-1458-303-16--100-35]-9618&alias=b9p23p9814.cern.ch&noUDP&sock=startd_4390_c0da>
	SlotName: slot1_9@b9p23p9814.cern.ch
	CondorScratchDir = "/pool/condor/dir_1364977"
	Cpus = 4
	Disk = 11065
	GPUs = 0
	Memory = 12000
...
040 (10610888.404.000) 12/16 09:22:17 Finished transferring input files
...
006 (10610888.404.000) 12/16 09:22:30 Image size of job updated: 41564
	41  -  MemoryUsage of job (MB)
	41564  -  ResidentSetSize of job (KB)
...
006 (10610888.404.000) 12/16 09:27:30 Image size of job updated: 41984
	41  -  MemoryUsage of job (MB)
	41564  -  ResidentSetSize of job (KB)
...
006 (10610888.404.000) 12/16 10:43:03 Image size of job updated: 122508
	41  -  MemoryUsage of job (MB)
	41564  -  ResidentSetSize of job (KB)
...
040 (10610888.404.000) 12/16 10:43:03 Started transferring output files
...
040 (10610888.404.000) 12/16 10:43:04 Finished transferring output files
...
005 (10610888.404.000) 12/16 10:43:04 Job terminated.
	(1) Normal termination (return value 0)
		Usr 0 01:19:45, Sys 0 00:00:10  -  Run Remote Usage
		Usr 0 00:00:00, Sys 0 00:00:00  -  Run Local Usage
		Usr 0 01:19:45, Sys 0 00:00:10  -  Total Remote Usage
		Usr 0 00:00:00, Sys 0 00:00:00  -  Total Local Usage
	0  -  Run Bytes Sent By Job
	7584148  -  Run Bytes Received By Job
	0  -  Total Bytes Sent By Job
	7584148  -  Total Bytes Received By Job
	Partitionable Resources :    Usage  Request Allocated 
	   Cpus                 :     0.99        4         4 
	   Disk (KB)            : 33032        7500     11065 
	   GPUs                 :                           0 
	   Memory (MB)          :    41       12000     12000 
	   TimeExecute (s)      :  4846                       
	   TimeSlotBusy (s)     :  4848                       

	Job terminated of its own accord at 2025-12-16T09:43:03Z with exit-code 0.
...
