000 (10613549.373.000) 12/16 14:40:44 Job submitted from host: <188.185.71.83:9618?addrs=188.185.71.83-9618+[2001-1458-d00-7--100-34d]-9618&alias=bigbird18.cern.ch&noUDP&sock=schedd_5052_d48c>
...
040 (10613549.373.000) 12/16 15:29:41 Started transferring input files
	Transferring to host: <188.185.193.54:9618?addrs=188.185.193.54-9618+[2001-1458-303-20--100-32]-9618&alias=b9p19p9927.cern.ch&noUDP&sock=slot1_3_10393_8f00_83114>
...
040 (10613549.373.000) 12/16 15:29:41 Finished transferring input files
...
001 (10613549.373.000) 12/16 15:29:41 Job executing on host: <188.185.193.54:9618?addrs=188.185.193.54-9618+[2001-1458-303-20--100-32]-9618&alias=b9p19p9927.cern.ch&noUDP&sock=startd_8509_0b73>
	SlotName: slot1_3@b9p19p9927.cern.ch
	CondorScratchDir = "/pool/condor/dir_1951964"
	Cpus = 4
	Disk = 10939
	GPUs = 0
	Memory = 12000
...
006 (10613549.373.000) 12/16 15:29:55 Image size of job updated: 35528
	35  -  MemoryUsage of job (MB)
	35528  -  ResidentSetSize of job (KB)
...
006 (10613549.373.000) 12/16 15:34:55 Image size of job updated: 35948
	35  -  MemoryUsage of job (MB)
	35528  -  ResidentSetSize of job (KB)
...
040 (10613549.373.000) 12/16 17:40:22 Started transferring output files
...
040 (10613549.373.000) 12/16 17:40:22 Finished transferring output files
...
005 (10613549.373.000) 12/16 17:40:22 Job terminated.
	(1) Normal termination (return value 0)
		Usr 0 02:07:18, Sys 0 00:00:07  -  Run Remote Usage
		Usr 0 00:00:00, Sys 0 00:00:00  -  Run Local Usage
		Usr 0 02:07:18, Sys 0 00:00:07  -  Total Remote Usage
		Usr 0 00:00:00, Sys 0 00:00:00  -  Total Local Usage
	0  -  Run Bytes Sent By Job
	7584148  -  Run Bytes Received By Job
	0  -  Total Bytes Sent By Job
	7584148  -  Total Bytes Received By Job
	Partitionable Resources :    Usage  Request Allocated 
	   Cpus                 :     0.99        4         4 
	   Disk (KB)            : 32550        7500     10939 
	   GPUs                 :                           0 
	   Memory (MB)          :    35       12000     12000 
	   TimeExecute (s)      :  7840                       
	   TimeSlotBusy (s)     :  7842                       

	Job terminated of its own accord at 2025-12-16T16:40:21Z with exit-code 0.
...
