000 (10610889.630.000) 12/16 07:15:01 Job submitted from host: <188.185.71.83:9618?addrs=188.185.71.83-9618+[2001-1458-d00-7--100-34d]-9618&alias=bigbird18.cern.ch&noUDP&sock=schedd_5052_d48c>
...
040 (10610889.630.000) 12/16 14:14:12 Started transferring input files
	Transferring to host: <188.185.207.174:9618?addrs=188.185.207.174-9618+[2001-1458-303-e--100-2b]-9618&alias=b9p08p4180.cern.ch&noUDP&sock=slot1_12_2063111_1651_8764>
...
040 (10610889.630.000) 12/16 14:14:12 Finished transferring input files
...
001 (10610889.630.000) 12/16 14:14:12 Job executing on host: <188.185.207.174:9618?addrs=188.185.207.174-9618+[2001-1458-303-e--100-2b]-9618&alias=b9p08p4180.cern.ch&noUDP&sock=startd_2061254_5fed>
	SlotName: slot1_12@b9p08p4180.cern.ch
	CondorScratchDir = "/pool/condor/dir_2145824"
	Cpus = 4
	Disk = 10865
	GPUs = 0
	Memory = 12000
...
006 (10610889.630.000) 12/16 14:14:26 Image size of job updated: 42096
	42  -  MemoryUsage of job (MB)
	42096  -  ResidentSetSize of job (KB)
...
006 (10610889.630.000) 12/16 14:19:27 Image size of job updated: 42544
	42  -  MemoryUsage of job (MB)
	42096  -  ResidentSetSize of job (KB)
...
040 (10610889.630.000) 12/16 16:03:31 Started transferring output files
...
040 (10610889.630.000) 12/16 16:03:31 Finished transferring output files
...
005 (10610889.630.000) 12/16 16:03:31 Job terminated.
	(1) Normal termination (return value 0)
		Usr 0 01:47:12, Sys 0 00:00:17  -  Run Remote Usage
		Usr 0 00:00:00, Sys 0 00:00:00  -  Run Local Usage
		Usr 0 01:47:12, Sys 0 00:00:17  -  Total Remote Usage
		Usr 0 00:00:00, Sys 0 00:00:00  -  Total Local Usage
	0  -  Run Bytes Sent By Job
	7584148  -  Run Bytes Received By Job
	0  -  Total Bytes Sent By Job
	7584148  -  Total Bytes Received By Job
	Partitionable Resources :    Usage  Request Allocated 
	   Cpus                 :     0.98        4         4 
	   Disk (KB)            : 32555        7500     10865 
	   GPUs                 :                           0 
	   Memory (MB)          :    42       12000     12000 
	   TimeExecute (s)      :  6558                       
	   TimeSlotBusy (s)     :  6560                       

	Job terminated of its own accord at 2025-12-16T15:03:30Z with exit-code 0.
...
