000 (10610887.454.000) 12/16 07:14:31 Job submitted from host: <188.185.71.83:9618?addrs=188.185.71.83-9618+[2001-1458-d00-7--100-34d]-9618&alias=bigbird18.cern.ch&noUDP&sock=schedd_5052_d48c>
...
040 (10610887.454.000) 12/16 07:50:25 Started transferring input files
	Transferring to host: <128.142.192.144:9618?addrs=128.142.192.144-9618+[2001-1458-301-56--100-c]-9618&alias=b9g18p2635.cern.ch&noUDP&sock=slot1_38_5142_c10a_90204>
...
040 (10610887.454.000) 12/16 07:50:25 Finished transferring input files
...
001 (10610887.454.000) 12/16 07:50:25 Job executing on host: <128.142.192.144:9618?addrs=128.142.192.144-9618+[2001-1458-301-56--100-c]-9618&alias=b9g18p2635.cern.ch&noUDP&sock=startd_4107_a38d>
	SlotName: slot1_38@b9g18p2635.cern.ch
	CondorScratchDir = "/pool/condor/dir_3314292"
	Cpus = 4
	Disk = 10942
	GPUs = 0
	Memory = 12000
...
006 (10610887.454.000) 12/16 07:50:39 Image size of job updated: 25068
	25  -  MemoryUsage of job (MB)
	25068  -  ResidentSetSize of job (KB)
...
006 (10610887.454.000) 12/16 07:55:40 Image size of job updated: 25156
	25  -  MemoryUsage of job (MB)
	25068  -  ResidentSetSize of job (KB)
...
006 (10610887.454.000) 12/16 09:52:20 Image size of job updated: 116524
	25  -  MemoryUsage of job (MB)
	25068  -  ResidentSetSize of job (KB)
...
040 (10610887.454.000) 12/16 09:52:21 Started transferring output files
...
040 (10610887.454.000) 12/16 09:52:21 Finished transferring output files
...
005 (10610887.454.000) 12/16 09:52:21 Job terminated.
	(1) Normal termination (return value 0)
		Usr 0 01:59:56, Sys 0 00:00:08  -  Run Remote Usage
		Usr 0 00:00:00, Sys 0 00:00:00  -  Run Local Usage
		Usr 0 01:59:56, Sys 0 00:00:08  -  Total Remote Usage
		Usr 0 00:00:00, Sys 0 00:00:00  -  Total Local Usage
	0  -  Run Bytes Sent By Job
	7584148  -  Run Bytes Received By Job
	0  -  Total Bytes Sent By Job
	7584148  -  Total Bytes Received By Job
	Partitionable Resources :    Usage  Request Allocated 
	   Cpus                 :     0.99        4         4 
	   Disk (KB)            : 33321        7500     10942 
	   GPUs                 :                           0 
	   Memory (MB)          :    25       12000     12000 
	   TimeExecute (s)      :  7315                       
	   TimeSlotBusy (s)     :  7316                       

	Job terminated of its own accord at 2025-12-16T08:52:20Z with exit-code 0.
...
