000 (10610889.286.000) 12/16 07:15:00 Job submitted from host: <188.185.71.83:9618?addrs=188.185.71.83-9618+[2001-1458-d00-7--100-34d]-9618&alias=bigbird18.cern.ch&noUDP&sock=schedd_5052_d48c>
...
040 (10610889.286.000) 12/16 13:31:45 Started transferring input files
	Transferring to host: <188.185.204.147:9618?addrs=188.185.204.147-9618+[2001-1458-303-8--100-87]-9618&alias=b9p02p8294.cern.ch&noUDP&sock=slot1_10_10654_74ea_79428>
...
040 (10610889.286.000) 12/16 13:31:45 Finished transferring input files
...
001 (10610889.286.000) 12/16 13:31:45 Job executing on host: <188.185.204.147:9618?addrs=188.185.204.147-9618+[2001-1458-303-8--100-87]-9618&alias=b9p02p8294.cern.ch&noUDP&sock=startd_9123_3299>
	SlotName: slot1_10@b9p02p8294.cern.ch
	CondorScratchDir = "/pool/condor/dir_183407"
	Cpus = 4
	Disk = 10782
	GPUs = 0
	Memory = 12000
...
006 (10610889.286.000) 12/16 13:31:59 Image size of job updated: 28420
	28  -  MemoryUsage of job (MB)
	28420  -  ResidentSetSize of job (KB)
...
006 (10610889.286.000) 12/16 13:37:00 Image size of job updated: 28800
	28  -  MemoryUsage of job (MB)
	28420  -  ResidentSetSize of job (KB)
...
006 (10610889.286.000) 12/16 15:18:49 Image size of job updated: 118496
	28  -  MemoryUsage of job (MB)
	28420  -  ResidentSetSize of job (KB)
...
040 (10610889.286.000) 12/16 15:18:50 Started transferring output files
...
040 (10610889.286.000) 12/16 15:18:50 Finished transferring output files
...
005 (10610889.286.000) 12/16 15:18:50 Job terminated.
	(1) Normal termination (return value 0)
		Usr 0 01:44:34, Sys 0 00:00:17  -  Run Remote Usage
		Usr 0 00:00:00, Sys 0 00:00:00  -  Run Local Usage
		Usr 0 01:44:34, Sys 0 00:00:17  -  Total Remote Usage
		Usr 0 00:00:00, Sys 0 00:00:00  -  Total Local Usage
	0  -  Run Bytes Sent By Job
	7584148  -  Run Bytes Received By Job
	0  -  Total Bytes Sent By Job
	7584148  -  Total Bytes Received By Job
	Partitionable Resources :    Usage  Request Allocated 
	   Cpus                 :     0.99        4         4 
	   Disk (KB)            : 32512        7500     10782 
	   GPUs                 :                           0 
	   Memory (MB)          :    28       12000     12000 
	   TimeExecute (s)      :  6424                       
	   TimeSlotBusy (s)     :  6426                       

	Job terminated of its own accord at 2025-12-16T14:18:49Z with exit-code 0.
...
