000 (10613550.556.000) 12/16 14:40:59 Job submitted from host: <188.185.71.83:9618?addrs=188.185.71.83-9618+[2001-1458-d00-7--100-34d]-9618&alias=bigbird18.cern.ch&noUDP&sock=schedd_5052_d48c>
...
040 (10613550.556.000) 12/16 16:31:46 Started transferring input files
	Transferring to host: <128.142.132.179:9618?addrs=128.142.132.179-9618+[2001-1458-301-5a--100-a7]-9618&alias=b9g12p2820.cern.ch&noUDP&sock=slot1_4_2858_782d_87866>
...
040 (10613550.556.000) 12/16 16:31:46 Finished transferring input files
...
001 (10613550.556.000) 12/16 16:31:46 Job executing on host: <128.142.132.179:9618?addrs=128.142.132.179-9618+[2001-1458-301-5a--100-a7]-9618&alias=b9g12p2820.cern.ch&noUDP&sock=startd_2454_d180>
	SlotName: slot1_4@b9g12p2820.cern.ch
	CondorScratchDir = "/pool/condor/dir_3212494"
	Cpus = 4
	Disk = 9839
	GPUs = 0
	Memory = 12000
...
006 (10613550.556.000) 12/16 16:32:00 Image size of job updated: 40436
	40  -  MemoryUsage of job (MB)
	40436  -  ResidentSetSize of job (KB)
...
006 (10613550.556.000) 12/16 16:37:01 Image size of job updated: 40524
	40  -  MemoryUsage of job (MB)
	40436  -  ResidentSetSize of job (KB)
...
006 (10613550.556.000) 12/16 18:33:47 Image size of job updated: 121048
	40  -  MemoryUsage of job (MB)
	40436  -  ResidentSetSize of job (KB)
...
040 (10613550.556.000) 12/16 18:33:48 Started transferring output files
...
040 (10613550.556.000) 12/16 18:33:48 Finished transferring output files
...
005 (10613550.556.000) 12/16 18:33:48 Job terminated.
	(1) Normal termination (return value 0)
		Usr 0 02:00:58, Sys 0 00:00:07  -  Run Remote Usage
		Usr 0 00:00:00, Sys 0 00:00:00  -  Run Local Usage
		Usr 0 02:00:58, Sys 0 00:00:07  -  Total Remote Usage
		Usr 0 00:00:00, Sys 0 00:00:00  -  Total Local Usage
	0  -  Run Bytes Sent By Job
	7584148  -  Run Bytes Received By Job
	0  -  Total Bytes Sent By Job
	7584148  -  Total Bytes Received By Job
	Partitionable Resources :    Usage  Request Allocated 
	   Cpus                 :     1.00        4         4 
	   Disk (KB)            : 32680        7500      9839 
	   GPUs                 :                           0 
	   Memory (MB)          :    40       12000     12000 
	   TimeExecute (s)      :  7321                       
	   TimeSlotBusy (s)     :  7322                       

	Job terminated of its own accord at 2025-12-16T17:33:47Z with exit-code 0.
...
