000 (10610889.623.000) 12/16 07:15:01 Job submitted from host: <188.185.71.83:9618?addrs=188.185.71.83-9618+[2001-1458-d00-7--100-34d]-9618&alias=bigbird18.cern.ch&noUDP&sock=schedd_5052_d48c>
...
040 (10610889.623.000) 12/16 14:14:10 Started transferring input files
	Transferring to host: <188.185.206.226:9618?addrs=188.185.206.226-9618+[2001-1458-303-c--100-5f]-9618&alias=b9p06p9688.cern.ch&noUDP&sock=slot1_16_2596581_f64e_20515>
...
040 (10610889.623.000) 12/16 14:14:10 Finished transferring input files
...
001 (10610889.623.000) 12/16 14:14:10 Job executing on host: <188.185.206.226:9618?addrs=188.185.206.226-9618+[2001-1458-303-c--100-5f]-9618&alias=b9p06p9688.cern.ch&noUDP&sock=startd_4886_f7d3>
	SlotName: slot1_16@b9p06p9688.cern.ch
	CondorScratchDir = "/pool/condor/dir_3914638"
	Cpus = 4
	Disk = 10831
	GPUs = 0
	Memory = 12000
...
006 (10610889.623.000) 12/16 14:14:24 Image size of job updated: 31784
	32  -  MemoryUsage of job (MB)
	31784  -  ResidentSetSize of job (KB)
...
006 (10610889.623.000) 12/16 14:19:25 Image size of job updated: 32216
	32  -  MemoryUsage of job (MB)
	31784  -  ResidentSetSize of job (KB)
...
040 (10610889.623.000) 12/16 15:50:51 Started transferring output files
...
040 (10610889.623.000) 12/16 15:50:51 Finished transferring output files
...
005 (10610889.623.000) 12/16 15:50:51 Job terminated.
	(1) Normal termination (return value 0)
		Usr 0 01:34:28, Sys 0 00:00:16  -  Run Remote Usage
		Usr 0 00:00:00, Sys 0 00:00:00  -  Run Local Usage
		Usr 0 01:34:28, Sys 0 00:00:16  -  Total Remote Usage
		Usr 0 00:00:00, Sys 0 00:00:00  -  Total Local Usage
	0  -  Run Bytes Sent By Job
	7584148  -  Run Bytes Received By Job
	0  -  Total Bytes Sent By Job
	7584148  -  Total Bytes Received By Job
	Partitionable Resources :    Usage  Request Allocated 
	   Cpus                 :     0.99        4         4 
	   Disk (KB)            : 33516        7500     10831 
	   GPUs                 :                           0 
	   Memory (MB)          :    32       12000     12000 
	   TimeExecute (s)      :  5800                       
	   TimeSlotBusy (s)     :  5801                       

	Job terminated of its own accord at 2025-12-16T14:50:50Z with exit-code 0.
...
