000 (10613550.013.000) 12/16 14:40:58 Job submitted from host: <188.185.71.83:9618?addrs=188.185.71.83-9618+[2001-1458-d00-7--100-34d]-9618&alias=bigbird18.cern.ch&noUDP&sock=schedd_5052_d48c>
...
040 (10613550.013.000) 12/16 15:35:21 Started transferring input files
	Transferring to host: <188.185.206.203:9618?addrs=188.185.206.203-9618+[2001-1458-303-c--100-48]-9618&alias=b9p06p2344.cern.ch&noUDP&sock=slot1_13_7025_7f77_78305>
...
040 (10613550.013.000) 12/16 15:35:21 Finished transferring input files
...
001 (10613550.013.000) 12/16 15:35:21 Job executing on host: <188.185.206.203:9618?addrs=188.185.206.203-9618+[2001-1458-303-c--100-48]-9618&alias=b9p06p2344.cern.ch&noUDP&sock=startd_6167_a0a5>
	SlotName: slot1_13@b9p06p2344.cern.ch
	CondorScratchDir = "/pool/condor/dir_2299613"
	Cpus = 4
	Disk = 10990
	GPUs = 0
	Memory = 12000
...
006 (10613550.013.000) 12/16 15:35:35 Image size of job updated: 39644
	39  -  MemoryUsage of job (MB)
	39644  -  ResidentSetSize of job (KB)
...
006 (10613550.013.000) 12/16 15:40:36 Image size of job updated: 40024
	39  -  MemoryUsage of job (MB)
	39644  -  ResidentSetSize of job (KB)
...
006 (10613550.013.000) 12/16 17:18:10 Image size of job updated: 120676
	39  -  MemoryUsage of job (MB)
	39644  -  ResidentSetSize of job (KB)
...
040 (10613550.013.000) 12/16 17:18:11 Started transferring output files
...
040 (10613550.013.000) 12/16 17:18:11 Finished transferring output files
...
005 (10613550.013.000) 12/16 17:18:11 Job terminated.
	(1) Normal termination (return value 0)
		Usr 0 01:40:38, Sys 0 00:00:09  -  Run Remote Usage
		Usr 0 00:00:00, Sys 0 00:00:00  -  Run Local Usage
		Usr 0 01:40:38, Sys 0 00:00:09  -  Total Remote Usage
		Usr 0 00:00:00, Sys 0 00:00:00  -  Total Local Usage
	0  -  Run Bytes Sent By Job
	7584148  -  Run Bytes Received By Job
	0  -  Total Bytes Sent By Job
	7584148  -  Total Bytes Received By Job
	Partitionable Resources :    Usage  Request Allocated 
	   Cpus                 :     0.98        4         4 
	   Disk (KB)            : 33194        7500     10990 
	   GPUs                 :                           0 
	   Memory (MB)          :    39       12000     12000 
	   TimeExecute (s)      :  6169                       
	   TimeSlotBusy (s)     :  6170                       

	Job terminated of its own accord at 2025-12-16T16:18:10Z with exit-code 0.
...
