000 (10613550.333.000) 12/16 14:40:59 Job submitted from host: <188.185.71.83:9618?addrs=188.185.71.83-9618+[2001-1458-d00-7--100-34d]-9618&alias=bigbird18.cern.ch&noUDP&sock=schedd_5052_d48c>
...
040 (10613550.333.000) 12/16 15:55:03 Started transferring input files
	Transferring to host: <188.185.213.12:9618?addrs=188.185.213.12-9618+[2001-1458-303-1a--100-8]-9618&alias=b9p27p7000.cern.ch&noUDP&sock=slot1_10_3957_d07a_92239>
...
040 (10613550.333.000) 12/16 15:55:03 Finished transferring input files
...
001 (10613550.333.000) 12/16 15:55:03 Job executing on host: <188.185.213.12:9618?addrs=188.185.213.12-9618+[2001-1458-303-1a--100-8]-9618&alias=b9p27p7000.cern.ch&noUDP&sock=startd_3308_9761>
	SlotName: slot1_10@b9p27p7000.cern.ch
	CondorScratchDir = "/pool/condor/dir_2063141"
	Cpus = 4
	Disk = 10962
	GPUs = 0
	Memory = 12000
...
006 (10613550.333.000) 12/16 15:55:16 Image size of job updated: 37508
	37  -  MemoryUsage of job (MB)
	37508  -  ResidentSetSize of job (KB)
...
006 (10613550.333.000) 12/16 16:00:16 Image size of job updated: 37928
	37  -  MemoryUsage of job (MB)
	37508  -  ResidentSetSize of job (KB)
...
006 (10613550.333.000) 12/16 17:18:59 Image size of job updated: 118448
	37  -  MemoryUsage of job (MB)
	37508  -  ResidentSetSize of job (KB)
...
040 (10613550.333.000) 12/16 17:19:00 Started transferring output files
...
040 (10613550.333.000) 12/16 17:19:00 Finished transferring output files
...
005 (10613550.333.000) 12/16 17:19:00 Job terminated.
	(1) Normal termination (return value 0)
		Usr 0 01:22:57, Sys 0 00:00:07  -  Run Remote Usage
		Usr 0 00:00:00, Sys 0 00:00:00  -  Run Local Usage
		Usr 0 01:22:57, Sys 0 00:00:07  -  Total Remote Usage
		Usr 0 00:00:00, Sys 0 00:00:00  -  Total Local Usage
	0  -  Run Bytes Sent By Job
	7584148  -  Run Bytes Received By Job
	0  -  Total Bytes Sent By Job
	7584148  -  Total Bytes Received By Job
	Partitionable Resources :    Usage  Request Allocated 
	   Cpus                 :     0.99        4         4 
	   Disk (KB)            : 33407        7500     10962 
	   GPUs                 :                           0 
	   Memory (MB)          :    37       12000     12000 
	   TimeExecute (s)      :  5036                       
	   TimeSlotBusy (s)     :  5038                       

	Job terminated of its own accord at 2025-12-16T16:18:59Z with exit-code 0.
...
