000 (10613550.268.000) 12/16 14:40:59 Job submitted from host: <188.185.71.83:9618?addrs=188.185.71.83-9618+[2001-1458-d00-7--100-34d]-9618&alias=bigbird18.cern.ch&noUDP&sock=schedd_5052_d48c>
...
040 (10613550.268.000) 12/16 15:49:41 Started transferring input files
	Transferring to host: <188.185.209.219:9618?addrs=188.185.209.219-9618+[2001-1458-303-12--100-58]-9618&alias=b9p12p3924.cern.ch&noUDP&sock=slot1_7_2279411_012d_19514>
...
040 (10613550.268.000) 12/16 15:49:41 Finished transferring input files
...
001 (10613550.268.000) 12/16 15:49:41 Job executing on host: <188.185.209.219:9618?addrs=188.185.209.219-9618+[2001-1458-303-12--100-58]-9618&alias=b9p12p3924.cern.ch&noUDP&sock=startd_3892_2ab0>
	SlotName: slot1_7@b9p12p3924.cern.ch
	CondorScratchDir = "/pool/condor/dir_419088"
	Cpus = 4
	Disk = 10835
	GPUs = 0
	Memory = 12000
...
006 (10613550.268.000) 12/16 15:49:55 Image size of job updated: 42252
	42  -  MemoryUsage of job (MB)
	42252  -  ResidentSetSize of job (KB)
...
006 (10613550.268.000) 12/16 15:54:56 Image size of job updated: 42636
	42  -  MemoryUsage of job (MB)
	42252  -  ResidentSetSize of job (KB)
...
040 (10613550.268.000) 12/16 17:26:53 Started transferring output files
...
040 (10613550.268.000) 12/16 17:26:53 Finished transferring output files
...
005 (10613550.268.000) 12/16 17:26:53 Job terminated.
	(1) Normal termination (return value 0)
		Usr 0 01:35:44, Sys 0 00:00:09  -  Run Remote Usage
		Usr 0 00:00:00, Sys 0 00:00:00  -  Run Local Usage
		Usr 0 01:35:44, Sys 0 00:00:09  -  Total Remote Usage
		Usr 0 00:00:00, Sys 0 00:00:00  -  Total Local Usage
	0  -  Run Bytes Sent By Job
	7584148  -  Run Bytes Received By Job
	0  -  Total Bytes Sent By Job
	7584148  -  Total Bytes Received By Job
	Partitionable Resources :    Usage  Request Allocated 
	   Cpus                 :     0.99        4         4 
	   Disk (KB)            : 32726        7500     10835 
	   GPUs                 :                           0 
	   Memory (MB)          :    42       12000     12000 
	   TimeExecute (s)      :  5831                       
	   TimeSlotBusy (s)     :  5832                       

	Job terminated of its own accord at 2025-12-16T16:26:52Z with exit-code 0.
...
