000 (10613550.480.000) 12/16 14:40:59 Job submitted from host: <188.185.71.83:9618?addrs=188.185.71.83-9618+[2001-1458-d00-7--100-34d]-9618&alias=bigbird18.cern.ch&noUDP&sock=schedd_5052_d48c>
...
040 (10613550.480.000) 12/16 16:11:31 Started transferring input files
	Transferring to host: <188.185.213.211:9618?addrs=188.185.213.211-9618+[2001-1458-303-1b--100-4f]-9618&alias=b9p28p7857.cern.ch&noUDP&sock=slot1_1_5267_d3ef_93927>
...
040 (10613550.480.000) 12/16 16:11:31 Finished transferring input files
...
001 (10613550.480.000) 12/16 16:11:31 Job executing on host: <188.185.213.211:9618?addrs=188.185.213.211-9618+[2001-1458-303-1b--100-4f]-9618&alias=b9p28p7857.cern.ch&noUDP&sock=startd_4303_141d>
	SlotName: slot1_1@b9p28p7857.cern.ch
	CondorScratchDir = "/pool/condor/dir_2627586"
	Cpus = 4
	Disk = 11009
	GPUs = 0
	Memory = 12000
...
006 (10613550.480.000) 12/16 16:11:45 Image size of job updated: 37500
	37  -  MemoryUsage of job (MB)
	37500  -  ResidentSetSize of job (KB)
...
006 (10613550.480.000) 12/16 16:16:46 Image size of job updated: 37920
	37  -  MemoryUsage of job (MB)
	37500  -  ResidentSetSize of job (KB)
...
006 (10613550.480.000) 12/16 17:50:00 Image size of job updated: 45108
	37  -  MemoryUsage of job (MB)
	37500  -  ResidentSetSize of job (KB)
...
040 (10613550.480.000) 12/16 17:50:01 Started transferring output files
...
040 (10613550.480.000) 12/16 17:50:01 Finished transferring output files
...
005 (10613550.480.000) 12/16 17:50:01 Job terminated.
	(1) Normal termination (return value 0)
		Usr 0 01:36:46, Sys 0 00:00:11  -  Run Remote Usage
		Usr 0 00:00:00, Sys 0 00:00:00  -  Run Local Usage
		Usr 0 01:36:46, Sys 0 00:00:11  -  Total Remote Usage
		Usr 0 00:00:00, Sys 0 00:00:00  -  Total Local Usage
	0  -  Run Bytes Sent By Job
	7584148  -  Run Bytes Received By Job
	0  -  Total Bytes Sent By Job
	7584148  -  Total Bytes Received By Job
	Partitionable Resources :    Usage  Request Allocated 
	   Cpus                 :     0.99        4         4 
	   Disk (KB)            : 33000        7500     11009 
	   GPUs                 :                           0 
	   Memory (MB)          :    37       12000     12000 
	   TimeExecute (s)      :  5909                       
	   TimeSlotBusy (s)     :  5910                       

	Job terminated of its own accord at 2025-12-16T16:50:00Z with exit-code 0.
...
