000 (10613549.333.000) 12/16 14:40:44 Job submitted from host: <188.185.71.83:9618?addrs=188.185.71.83-9618+[2001-1458-d00-7--100-34d]-9618&alias=bigbird18.cern.ch&noUDP&sock=schedd_5052_d48c>
...
040 (10613549.333.000) 12/16 15:29:37 Started transferring input files
	Transferring to host: <188.185.196.52:9618?addrs=188.185.196.52-9618+[2001-1458-303-23--100-30]-9618&alias=b9p16p0444.cern.ch&noUDP&sock=slot1_3_6490_8ac1_80019>
...
040 (10613549.333.000) 12/16 15:29:37 Finished transferring input files
...
001 (10613549.333.000) 12/16 15:29:37 Job executing on host: <188.185.196.52:9618?addrs=188.185.196.52-9618+[2001-1458-303-23--100-30]-9618&alias=b9p16p0444.cern.ch&noUDP&sock=startd_5243_d723>
	SlotName: slot1_3@b9p16p0444.cern.ch
	CondorScratchDir = "/pool/condor/dir_2136489"
	Cpus = 4
	Disk = 11117
	GPUs = 0
	Memory = 12000
...
006 (10613549.333.000) 12/16 15:29:51 Image size of job updated: 37492
	37  -  MemoryUsage of job (MB)
	37492  -  ResidentSetSize of job (KB)
...
006 (10613549.333.000) 12/16 15:34:52 Image size of job updated: 37916
	37  -  MemoryUsage of job (MB)
	37492  -  ResidentSetSize of job (KB)
...
040 (10613549.333.000) 12/16 17:56:20 Started transferring output files
...
040 (10613549.333.000) 12/16 17:56:20 Finished transferring output files
...
005 (10613549.333.000) 12/16 17:56:20 Job terminated.
	(1) Normal termination (return value 0)
		Usr 0 02:21:27, Sys 0 00:00:06  -  Run Remote Usage
		Usr 0 00:00:00, Sys 0 00:00:00  -  Run Local Usage
		Usr 0 02:21:27, Sys 0 00:00:06  -  Total Remote Usage
		Usr 0 00:00:00, Sys 0 00:00:00  -  Total Local Usage
	0  -  Run Bytes Sent By Job
	7584148  -  Run Bytes Received By Job
	0  -  Total Bytes Sent By Job
	7584148  -  Total Bytes Received By Job
	Partitionable Resources :    Usage  Request Allocated 
	   Cpus                 :     0.99        4         4 
	   Disk (KB)            : 32768        7500     11117 
	   GPUs                 :                           0 
	   Memory (MB)          :    37       12000     12000 
	   TimeExecute (s)      :  8802                       
	   TimeSlotBusy (s)     :  8804                       

	Job terminated of its own accord at 2025-12-16T16:56:19Z with exit-code 0.
...
