000 (10610889.592.000) 12/16 07:15:01 Job submitted from host: <188.185.71.83:9618?addrs=188.185.71.83-9618+[2001-1458-d00-7--100-34d]-9618&alias=bigbird18.cern.ch&noUDP&sock=schedd_5052_d48c>
...
040 (10610889.592.000) 12/16 14:14:02 Started transferring input files
	Transferring to host: <188.185.192.180:9618?addrs=188.185.192.180-9618+[2001-1458-303-1f--100-b0]-9618&alias=b9p13p0492.cern.ch&noUDP&sock=slot1_6_7828_48b7_89514>
...
040 (10610889.592.000) 12/16 14:14:02 Finished transferring input files
...
001 (10610889.592.000) 12/16 14:14:02 Job executing on host: <188.185.192.180:9618?addrs=188.185.192.180-9618+[2001-1458-303-1f--100-b0]-9618&alias=b9p13p0492.cern.ch&noUDP&sock=startd_6601_50bf>
	SlotName: slot1_6@b9p13p0492.cern.ch
	CondorScratchDir = "/pool/condor/dir_2579071"
	Cpus = 4
	Disk = 11081
	GPUs = 0
	Memory = 12000
...
006 (10610889.592.000) 12/16 14:14:16 Image size of job updated: 24756
	25  -  MemoryUsage of job (MB)
	24756  -  ResidentSetSize of job (KB)
...
006 (10610889.592.000) 12/16 14:19:17 Image size of job updated: 25176
	25  -  MemoryUsage of job (MB)
	24756  -  ResidentSetSize of job (KB)
...
040 (10610889.592.000) 12/16 16:27:47 Started transferring output files
...
040 (10610889.592.000) 12/16 16:27:47 Finished transferring output files
...
005 (10610889.592.000) 12/16 16:27:47 Job terminated.
	(1) Normal termination (return value 0)
		Usr 0 02:11:34, Sys 0 00:00:06  -  Run Remote Usage
		Usr 0 00:00:00, Sys 0 00:00:00  -  Run Local Usage
		Usr 0 02:11:34, Sys 0 00:00:06  -  Total Remote Usage
		Usr 0 00:00:00, Sys 0 00:00:00  -  Total Local Usage
	0  -  Run Bytes Sent By Job
	7584148  -  Run Bytes Received By Job
	0  -  Total Bytes Sent By Job
	7584148  -  Total Bytes Received By Job
	Partitionable Resources :    Usage  Request Allocated 
	   Cpus                 :     0.97        4         4 
	   Disk (KB)            : 33060        7500     11081 
	   GPUs                 :                           0 
	   Memory (MB)          :    25       12000     12000 
	   TimeExecute (s)      :  8023                       
	   TimeSlotBusy (s)     :  8026                       

	Job terminated of its own accord at 2025-12-16T15:27:45Z with exit-code 0.
...
