000 (10610888.852.000) 12/16 07:14:45 Job submitted from host: <188.185.71.83:9618?addrs=188.185.71.83-9618+[2001-1458-d00-7--100-34d]-9618&alias=bigbird18.cern.ch&noUDP&sock=schedd_5052_d48c>
...
040 (10610888.852.000) 12/16 09:46:44 Started transferring input files
	Transferring to host: <128.142.161.79:9618?addrs=128.142.161.79-9618+[2001-1458-301-b8--100-d]-9618&alias=b9g03p9237.cern.ch&noUDP&sock=slot1_8_637875_646c_103974>
...
040 (10610888.852.000) 12/16 09:46:44 Finished transferring input files
...
001 (10610888.852.000) 12/16 09:46:44 Job executing on host: <128.142.161.79:9618?addrs=128.142.161.79-9618+[2001-1458-301-b8--100-d]-9618&alias=b9g03p9237.cern.ch&noUDP&sock=startd_8030_7d95>
	SlotName: slot1_8@b9g03p9237.cern.ch
	CondorScratchDir = "/pool/condor/dir_2526512"
	Cpus = 4
	Disk = 11269
	GPUs = 0
	Memory = 12000
...
006 (10610888.852.000) 12/16 09:46:58 Image size of job updated: 37528
	37  -  MemoryUsage of job (MB)
	37528  -  ResidentSetSize of job (KB)
...
006 (10610888.852.000) 12/16 09:51:58 Image size of job updated: 37948
	37  -  MemoryUsage of job (MB)
	37528  -  ResidentSetSize of job (KB)
...
006 (10610888.852.000) 12/16 11:02:03 Image size of job updated: 44748
	44  -  MemoryUsage of job (MB)
	44748  -  ResidentSetSize of job (KB)
...
040 (10610888.852.000) 12/16 11:29:51 Started transferring output files
...
040 (10610888.852.000) 12/16 11:29:51 Finished transferring output files
...
005 (10610888.852.000) 12/16 11:29:51 Job terminated.
	(1) Normal termination (return value 0)
		Usr 0 01:41:55, Sys 0 00:00:06  -  Run Remote Usage
		Usr 0 00:00:00, Sys 0 00:00:00  -  Run Local Usage
		Usr 0 01:41:55, Sys 0 00:00:06  -  Total Remote Usage
		Usr 0 00:00:00, Sys 0 00:00:00  -  Total Local Usage
	0  -  Run Bytes Sent By Job
	7584148  -  Run Bytes Received By Job
	0  -  Total Bytes Sent By Job
	7584148  -  Total Bytes Received By Job
	Partitionable Resources :    Usage  Request Allocated 
	   Cpus                 :     0.99        4         4 
	   Disk (KB)            : 32615        7500     11269 
	   GPUs                 :                           0 
	   Memory (MB)          :    44       12000     12000 
	   TimeExecute (s)      :  6186                       
	   TimeSlotBusy (s)     :  6187                       

	Job terminated of its own accord at 2025-12-16T10:29:50Z with exit-code 0.
...
