000 (10610888.140.000) 12/16 07:14:44 Job submitted from host: <188.185.71.83:9618?addrs=188.185.71.83-9618+[2001-1458-d00-7--100-34d]-9618&alias=bigbird18.cern.ch&noUDP&sock=schedd_5052_d48c>
...
040 (10610888.140.000) 12/16 08:52:13 Started transferring input files
	Transferring to host: <188.185.215.158:9618?addrs=188.185.215.158-9618+[2001-1458-303-26--100-1a]-9618&alias=b9p18p8340.cern.ch&noUDP&sock=slot1_12_9250_3631_92>
...
040 (10610888.140.000) 12/16 08:52:13 Finished transferring input files
...
001 (10610888.140.000) 12/16 08:52:13 Job executing on host: <188.185.215.158:9618?addrs=188.185.215.158-9618+[2001-1458-303-26--100-1a]-9618&alias=b9p18p8340.cern.ch&noUDP&sock=startd_7961_298d>
	SlotName: slot1_12@b9p18p8340.cern.ch
	CondorScratchDir = "/pool/condor/dir_52997"
	Cpus = 4
	Disk = 11088
	GPUs = 0
	Memory = 12000
...
006 (10610888.140.000) 12/16 08:52:27 Image size of job updated: 37528
	37  -  MemoryUsage of job (MB)
	37528  -  ResidentSetSize of job (KB)
...
006 (10610888.140.000) 12/16 08:57:28 Image size of job updated: 37948
	37  -  MemoryUsage of job (MB)
	37528  -  ResidentSetSize of job (KB)
...
022 (10610888.140.000) 12/16 09:53:47 Job disconnected, attempting to reconnect
    Socket between submit and execute hosts closed unexpectedly
    Trying to reconnect to slot1_12@b9p18p8340.cern.ch <188.185.215.158:9618?addrs=188.185.215.158-9618+[2001-1458-303-26--100-1a]-9618&alias=b9p18p8340.cern.ch&noUDP&sock=startd_7961_298d>
...
024 (10610888.140.000) 12/16 11:23:47 Job reconnection failed
    Job disconnected too long: JobLeaseDuration (5400 seconds) expired
    Can not reconnect to slot1_12@b9p18p8340.cern.ch, rescheduling job
...
004 (10610888.140.000) 12/16 11:23:57 Job was evicted.
	(0) CPU times
		Usr 0 00:55:04, Sys 0 00:00:01  -  Run Remote Usage
		Usr 0 00:00:00, Sys 0 00:00:00  -  Run Local Usage
	0  -  Run Bytes Sent By Job
	7584148  -  Run Bytes Received By Job
	Job disconnected too long: JobLeaseDuration (5400 seconds) expired
	Partitionable Resources :    Usage  Request Allocated 
	   Cpus                 :     1.00        4         4 
	   Disk (KB)            : 32771        7500     11088 
	   GPUs                 :                           0 
	   Memory (MB)          :    37       12000     12000 
...
040 (10610888.140.000) 12/16 13:25:22 Finished transferring input files
...
009 (10610888.140.000) 12/16 13:25:23 Job was aborted.
	Job removed by SYSTEM_PERIODIC_REMOVE due to wall time exceeded allowed max.
...
