000 (10613550.203.000) 12/16 14:40:59 Job submitted from host: <188.185.71.83:9618?addrs=188.185.71.83-9618+[2001-1458-d00-7--100-34d]-9618&alias=bigbird18.cern.ch&noUDP&sock=schedd_5052_d48c>
...
040 (10613550.203.000) 12/16 15:44:52 Started transferring input files
	Transferring to host: <188.185.215.11:9618?addrs=188.185.215.11-9618+[2001-1458-303-1e--100-7]-9618&alias=b9p31p9393.cern.ch&noUDP&sock=slot1_17_7257_f680_92501>
...
040 (10613550.203.000) 12/16 15:44:52 Finished transferring input files
...
001 (10613550.203.000) 12/16 15:44:52 Job executing on host: <188.185.215.11:9618?addrs=188.185.215.11-9618+[2001-1458-303-1e--100-7]-9618&alias=b9p31p9393.cern.ch&noUDP&sock=startd_6693_6b76>
	SlotName: slot1_17@b9p31p9393.cern.ch
	CondorScratchDir = "/pool/condor/dir_2667928"
	Cpus = 4
	Disk = 11096
	GPUs = 0
	Memory = 12000
...
006 (10613550.203.000) 12/16 15:45:06 Image size of job updated: 40568
	40  -  MemoryUsage of job (MB)
	40568  -  ResidentSetSize of job (KB)
...
006 (10613550.203.000) 12/16 15:50:07 Image size of job updated: 40660
	40  -  MemoryUsage of job (MB)
	40568  -  ResidentSetSize of job (KB)
...
006 (10613550.203.000) 12/16 17:04:49 Image size of job updated: 121244
	40  -  MemoryUsage of job (MB)
	40568  -  ResidentSetSize of job (KB)
...
040 (10613550.203.000) 12/16 17:04:49 Started transferring output files
...
040 (10613550.203.000) 12/16 17:04:49 Finished transferring output files
...
005 (10613550.203.000) 12/16 17:04:49 Job terminated.
	(1) Normal termination (return value 0)
		Usr 0 01:18:57, Sys 0 00:00:10  -  Run Remote Usage
		Usr 0 00:00:00, Sys 0 00:00:00  -  Run Local Usage
		Usr 0 01:18:57, Sys 0 00:00:10  -  Total Remote Usage
		Usr 0 00:00:00, Sys 0 00:00:00  -  Total Local Usage
	0  -  Run Bytes Sent By Job
	7584148  -  Run Bytes Received By Job
	0  -  Total Bytes Sent By Job
	7584148  -  Total Bytes Received By Job
	Partitionable Resources :    Usage  Request Allocated 
	   Cpus                 :     0.99        4         4 
	   Disk (KB)            : 32646        7500     11096 
	   GPUs                 :                           0 
	   Memory (MB)          :    40       12000     12000 
	   TimeExecute (s)      :  4797                       
	   TimeSlotBusy (s)     :  4797                       

	Job terminated of its own accord at 2025-12-16T16:04:49Z with exit-code 0.
...
