000 (10610888.776.000) 12/16 07:14:44 Job submitted from host: <188.185.71.83:9618?addrs=188.185.71.83-9618+[2001-1458-d00-7--100-34d]-9618&alias=bigbird18.cern.ch&noUDP&sock=schedd_5052_d48c>
...
040 (10610888.776.000) 12/16 09:41:13 Started transferring input files
	Transferring to host: <128.142.161.107:9618?addrs=128.142.161.107-9618+[2001-1458-301-b8--100-29]-9618&alias=b9g03p5993.cern.ch&noUDP&sock=slot1_3_1428452_6861_107260>
...
040 (10610888.776.000) 12/16 09:41:13 Finished transferring input files
...
001 (10610888.776.000) 12/16 09:41:13 Job executing on host: <128.142.161.107:9618?addrs=128.142.161.107-9618+[2001-1458-301-b8--100-29]-9618&alias=b9g03p5993.cern.ch&noUDP&sock=startd_3684_7efd>
	SlotName: slot1_3@b9g03p5993.cern.ch
	CondorScratchDir = "/pool/condor/dir_3216756"
	Cpus = 4
	Disk = 11447
	GPUs = 0
	Memory = 12000
...
006 (10610888.776.000) 12/16 09:41:26 Image size of job updated: 1644
	2  -  MemoryUsage of job (MB)
	1644  -  ResidentSetSize of job (KB)
...
006 (10610888.776.000) 12/16 09:46:26 Image size of job updated: 40508
	39  -  MemoryUsage of job (MB)
	39628  -  ResidentSetSize of job (KB)
...
006 (10610888.776.000) 12/16 11:09:40 Image size of job updated: 121044
	39  -  MemoryUsage of job (MB)
	39628  -  ResidentSetSize of job (KB)
...
040 (10610888.776.000) 12/16 11:09:41 Started transferring output files
...
040 (10610888.776.000) 12/16 11:09:41 Finished transferring output files
...
005 (10610888.776.000) 12/16 11:09:41 Job terminated.
	(1) Normal termination (return value 0)
		Usr 0 01:27:28, Sys 0 00:00:04  -  Run Remote Usage
		Usr 0 00:00:00, Sys 0 00:00:00  -  Run Local Usage
		Usr 0 01:27:28, Sys 0 00:00:04  -  Total Remote Usage
		Usr 0 00:00:00, Sys 0 00:00:00  -  Total Local Usage
	0  -  Run Bytes Sent By Job
	7584148  -  Run Bytes Received By Job
	0  -  Total Bytes Sent By Job
	7584148  -  Total Bytes Received By Job
	Partitionable Resources :    Usage  Request Allocated 
	   Cpus                 :     1.00        4         4 
	   Disk (KB)            : 33556        7500     11447 
	   GPUs                 :                           0 
	   Memory (MB)          :    39       12000     12000 
	   TimeExecute (s)      :  5307                       
	   TimeSlotBusy (s)     :  5308                       

	Job terminated of its own accord at 2025-12-16T10:09:40Z with exit-code 0.
...
