000 (10613549.972.000) 12/16 14:40:45 Job submitted from host: <188.185.71.83:9618?addrs=188.185.71.83-9618+[2001-1458-d00-7--100-34d]-9618&alias=bigbird18.cern.ch&noUDP&sock=schedd_5052_d48c>
...
040 (10613549.972.000) 12/16 15:35:07 Started transferring input files
	Transferring to host: <128.142.161.102:9618?addrs=128.142.161.102-9618+[2001-1458-301-b8--100-24]-9618&alias=b9g03p0525.cern.ch&noUDP&sock=slot1_3_3458683_cf7f_68550>
...
040 (10613549.972.000) 12/16 15:35:07 Finished transferring input files
...
001 (10613549.972.000) 12/16 15:35:07 Job executing on host: <128.142.161.102:9618?addrs=128.142.161.102-9618+[2001-1458-301-b8--100-24]-9618&alias=b9g03p0525.cern.ch&noUDP&sock=startd_4457_b5b2>
	SlotName: slot1_3@b9g03p0525.cern.ch
	CondorScratchDir = "/pool/condor/dir_723264"
	Cpus = 4
	Disk = 11131
	GPUs = 0
	Memory = 12000
...
006 (10613549.972.000) 12/16 15:35:21 Image size of job updated: 29776
	30  -  MemoryUsage of job (MB)
	29776  -  ResidentSetSize of job (KB)
...
006 (10613549.972.000) 12/16 15:40:22 Image size of job updated: 29868
	30  -  MemoryUsage of job (MB)
	29776  -  ResidentSetSize of job (KB)
...
006 (10613549.972.000) 12/16 17:20:34 Image size of job updated: 36132
	36  -  MemoryUsage of job (MB)
	36132  -  ResidentSetSize of job (KB)
...
006 (10613549.972.000) 12/16 17:21:31 Image size of job updated: 37012
	36  -  MemoryUsage of job (MB)
	36132  -  ResidentSetSize of job (KB)
...
040 (10613549.972.000) 12/16 17:21:32 Started transferring output files
...
040 (10613549.972.000) 12/16 17:21:32 Finished transferring output files
...
005 (10613549.972.000) 12/16 17:21:32 Job terminated.
	(1) Normal termination (return value 0)
		Usr 0 01:45:11, Sys 0 00:00:08  -  Run Remote Usage
		Usr 0 00:00:00, Sys 0 00:00:00  -  Run Local Usage
		Usr 0 01:45:11, Sys 0 00:00:08  -  Total Remote Usage
		Usr 0 00:00:00, Sys 0 00:00:00  -  Total Local Usage
	0  -  Run Bytes Sent By Job
	7584148  -  Run Bytes Received By Job
	0  -  Total Bytes Sent By Job
	7584148  -  Total Bytes Received By Job
	Partitionable Resources :    Usage  Request Allocated 
	   Cpus                 :     0.99        4         4 
	   Disk (KB)            : 34079        7500     11131 
	   GPUs                 :                           0 
	   Memory (MB)          :    36       12000     12000 
	   TimeExecute (s)      :  6384                       
	   TimeSlotBusy (s)     :  6385                       

	Job terminated of its own accord at 2025-12-16T16:21:31Z with exit-code 0.
...
