000 (10610888.979.000) 12/16 07:14:45 Job submitted from host: <188.185.71.83:9618?addrs=188.185.71.83-9618+[2001-1458-d00-7--100-34d]-9618&alias=bigbird18.cern.ch&noUDP&sock=schedd_5052_d48c>
...
040 (10610888.979.000) 12/16 10:12:38 Started transferring input files
	Transferring to host: <128.142.192.195:9618?addrs=128.142.192.195-9618+[2001-1458-301-56--100-3f]-9618&alias=b9g18p1888.cern.ch&noUDP&sock=slot1_5_3185_dedb_108497>
...
040 (10610888.979.000) 12/16 10:12:38 Finished transferring input files
...
001 (10610888.979.000) 12/16 10:12:38 Job executing on host: <128.142.192.195:9618?addrs=128.142.192.195-9618+[2001-1458-301-56--100-3f]-9618&alias=b9g18p1888.cern.ch&noUDP&sock=startd_2701_3d64>
	SlotName: slot1_5@b9g18p1888.cern.ch
	CondorScratchDir = "/pool/condor/dir_1711023"
	Cpus = 4
	Disk = 11031
	GPUs = 0
	Memory = 12000
...
006 (10610888.979.000) 12/16 10:12:52 Image size of job updated: 39436
	39  -  MemoryUsage of job (MB)
	39436  -  ResidentSetSize of job (KB)
...
006 (10610888.979.000) 12/16 10:17:53 Image size of job updated: 39856
	39  -  MemoryUsage of job (MB)
	39436  -  ResidentSetSize of job (KB)
...
006 (10610888.979.000) 12/16 11:47:37 Image size of job updated: 120296
	39  -  MemoryUsage of job (MB)
	39436  -  ResidentSetSize of job (KB)
...
040 (10610888.979.000) 12/16 11:47:38 Started transferring output files
...
040 (10610888.979.000) 12/16 11:47:39 Finished transferring output files
...
005 (10610888.979.000) 12/16 11:47:39 Job terminated.
	(1) Normal termination (return value 0)
		Usr 0 01:34:08, Sys 0 00:00:05  -  Run Remote Usage
		Usr 0 00:00:00, Sys 0 00:00:00  -  Run Local Usage
		Usr 0 01:34:08, Sys 0 00:00:05  -  Total Remote Usage
		Usr 0 00:00:00, Sys 0 00:00:00  -  Total Local Usage
	0  -  Run Bytes Sent By Job
	7584148  -  Run Bytes Received By Job
	0  -  Total Bytes Sent By Job
	7584148  -  Total Bytes Received By Job
	Partitionable Resources :    Usage  Request Allocated 
	   Cpus                 :     0.99        4         4 
	   Disk (KB)            : 32851        7500     11031 
	   GPUs                 :                           0 
	   Memory (MB)          :    39       12000     12000 
	   TimeExecute (s)      :  5699                       
	   TimeSlotBusy (s)     :  5701                       

	Job terminated of its own accord at 2025-12-16T10:47:37Z with exit-code 0.
...
