000 (10610888.295.000) 12/16 07:14:44 Job submitted from host: <188.185.71.83:9618?addrs=188.185.71.83-9618+[2001-1458-d00-7--100-34d]-9618&alias=bigbird18.cern.ch&noUDP&sock=schedd_5052_d48c>
...
040 (10610888.295.000) 12/16 09:15:05 Started transferring input files
	Transferring to host: <188.185.213.100:9618?addrs=188.185.213.100-9618+[2001-1458-303-1a--100-60]-9618&alias=b9p27p7105.cern.ch&noUDP&sock=slot1_9_5249_252f_94505>
...
040 (10610888.295.000) 12/16 09:15:05 Finished transferring input files
...
001 (10610888.295.000) 12/16 09:15:05 Job executing on host: <188.185.213.100:9618?addrs=188.185.213.100-9618+[2001-1458-303-1a--100-60]-9618&alias=b9p27p7105.cern.ch&noUDP&sock=startd_4333_a7f4>
	SlotName: slot1_9@b9p27p7105.cern.ch
	CondorScratchDir = "/pool/condor/dir_4110034"
	Cpus = 4
	Disk = 11147
	GPUs = 0
	Memory = 12000
...
006 (10610888.295.000) 12/16 09:15:19 Image size of job updated: 42104
	42  -  MemoryUsage of job (MB)
	42104  -  ResidentSetSize of job (KB)
...
006 (10610888.295.000) 12/16 09:20:20 Image size of job updated: 42524
	42  -  MemoryUsage of job (MB)
	42104  -  ResidentSetSize of job (KB)
...
006 (10610888.295.000) 12/16 10:44:59 Image size of job updated: 123052
	42  -  MemoryUsage of job (MB)
	42104  -  ResidentSetSize of job (KB)
...
040 (10610888.295.000) 12/16 10:44:59 Started transferring output files
...
040 (10610888.295.000) 12/16 10:45:00 Finished transferring output files
...
005 (10610888.295.000) 12/16 10:45:00 Job terminated.
	(1) Normal termination (return value 0)
		Usr 0 01:28:43, Sys 0 00:00:06  -  Run Remote Usage
		Usr 0 00:00:00, Sys 0 00:00:00  -  Run Local Usage
		Usr 0 01:28:43, Sys 0 00:00:06  -  Total Remote Usage
		Usr 0 00:00:00, Sys 0 00:00:00  -  Total Local Usage
	0  -  Run Bytes Sent By Job
	7584148  -  Run Bytes Received By Job
	0  -  Total Bytes Sent By Job
	7584148  -  Total Bytes Received By Job
	Partitionable Resources :    Usage  Request Allocated 
	   Cpus                 :     0.99        4         4 
	   Disk (KB)            : 33328        7500     11147 
	   GPUs                 :                           0 
	   Memory (MB)          :    42       12000     12000 
	   TimeExecute (s)      :  5394                       
	   TimeSlotBusy (s)     :  5395                       

	Job terminated of its own accord at 2025-12-16T09:44:59Z with exit-code 0.
...
