000 (10610889.409.000) 12/16 07:15:00 Job submitted from host: <188.185.71.83:9618?addrs=188.185.71.83-9618+[2001-1458-d00-7--100-34d]-9618&alias=bigbird18.cern.ch&noUDP&sock=schedd_5052_d48c>
...
040 (10610889.409.000) 12/16 14:08:59 Started transferring input files
	Transferring to host: <188.185.214.212:9618?addrs=188.185.214.212-9618+[2001-1458-303-1d--100-50]-9618&alias=b9p30p4816.cern.ch&noUDP&sock=slot1_1_5038_7a06_90705>
...
040 (10610889.409.000) 12/16 14:08:59 Finished transferring input files
...
001 (10610889.409.000) 12/16 14:08:59 Job executing on host: <188.185.214.212:9618?addrs=188.185.214.212-9618+[2001-1458-303-1d--100-50]-9618&alias=b9p30p4816.cern.ch&noUDP&sock=startd_4082_7dae>
	SlotName: slot1_1@b9p30p4816.cern.ch
	CondorScratchDir = "/pool/condor/dir_3650090"
	Cpus = 4
	Disk = 10991
	GPUs = 0
	Memory = 12000
...
006 (10610889.409.000) 12/16 14:09:13 Image size of job updated: 40076
	40  -  MemoryUsage of job (MB)
	40076  -  ResidentSetSize of job (KB)
...
006 (10610889.409.000) 12/16 14:14:14 Image size of job updated: 40496
	40  -  MemoryUsage of job (MB)
	40076  -  ResidentSetSize of job (KB)
...
040 (10610889.409.000) 12/16 15:29:19 Started transferring output files
...
040 (10610889.409.000) 12/16 15:29:19 Finished transferring output files
...
005 (10610889.409.000) 12/16 15:29:19 Job terminated.
	(1) Normal termination (return value 0)
		Usr 0 01:19:21, Sys 0 00:00:08  -  Run Remote Usage
		Usr 0 00:00:00, Sys 0 00:00:00  -  Run Local Usage
		Usr 0 01:19:21, Sys 0 00:00:08  -  Total Remote Usage
		Usr 0 00:00:00, Sys 0 00:00:00  -  Total Local Usage
	0  -  Run Bytes Sent By Job
	7584148  -  Run Bytes Received By Job
	0  -  Total Bytes Sent By Job
	7584148  -  Total Bytes Received By Job
	Partitionable Resources :    Usage  Request Allocated 
	   Cpus                 :     0.99        4         4 
	   Disk (KB)            : 32998        7500     10991 
	   GPUs                 :                           0 
	   Memory (MB)          :    40       12000     12000 
	   TimeExecute (s)      :  4819                       
	   TimeSlotBusy (s)     :  4821                       

	Job terminated of its own accord at 2025-12-16T14:29:18Z with exit-code 0.
...
