000 (10610887.187.000) 12/16 07:14:31 Job submitted from host: <188.185.71.83:9618?addrs=188.185.71.83-9618+[2001-1458-d00-7--100-34d]-9618&alias=bigbird18.cern.ch&noUDP&sock=schedd_5052_d48c>
...
040 (10610887.187.000) 12/16 07:44:51 Started transferring input files
	Transferring to host: <188.185.209.42:9618?addrs=188.185.209.42-9618+[2001-1458-303-11--100-27]-9618&alias=b9p11p1459.cern.ch&noUDP&sock=slot1_14_6010_56ad_87518>
...
040 (10610887.187.000) 12/16 07:44:51 Finished transferring input files
...
001 (10610887.187.000) 12/16 07:44:51 Job executing on host: <188.185.209.42:9618?addrs=188.185.209.42-9618+[2001-1458-303-11--100-27]-9618&alias=b9p11p1459.cern.ch&noUDP&sock=startd_4999_7a07>
	SlotName: slot1_14@b9p11p1459.cern.ch
	CondorScratchDir = "/pool/condor/dir_2285595"
	Cpus = 4
	Disk = 10747
	GPUs = 0
	Memory = 12000
...
006 (10610887.187.000) 12/16 07:45:05 Image size of job updated: 41712
	41  -  MemoryUsage of job (MB)
	41712  -  ResidentSetSize of job (KB)
...
006 (10610887.187.000) 12/16 07:50:06 Image size of job updated: 42088
	41  -  MemoryUsage of job (MB)
	41712  -  ResidentSetSize of job (KB)
...
006 (10610887.187.000) 12/16 09:25:16 Image size of job updated: 122736
	120  -  MemoryUsage of job (MB)
	122736  -  ResidentSetSize of job (KB)
...
040 (10610887.187.000) 12/16 09:25:21 Started transferring output files
...
040 (10610887.187.000) 12/16 09:25:22 Finished transferring output files
...
005 (10610887.187.000) 12/16 09:25:22 Job terminated.
	(1) Normal termination (return value 0)
		Usr 0 01:38:05, Sys 0 00:00:16  -  Run Remote Usage
		Usr 0 00:00:00, Sys 0 00:00:00  -  Run Local Usage
		Usr 0 01:38:05, Sys 0 00:00:16  -  Total Remote Usage
		Usr 0 00:00:00, Sys 0 00:00:00  -  Total Local Usage
	0  -  Run Bytes Sent By Job
	7584148  -  Run Bytes Received By Job
	0  -  Total Bytes Sent By Job
	7584148  -  Total Bytes Received By Job
	Partitionable Resources :    Usage  Request Allocated 
	   Cpus                 :     0.98        4         4 
	   Disk (KB)            : 33359        7500     10747 
	   GPUs                 :                           0 
	   Memory (MB)          :   120       12000     12000 
	   TimeExecute (s)      :  6030                       
	   TimeSlotBusy (s)     :  6032                       

	Job terminated of its own accord at 2025-12-16T08:25:21Z with exit-code 0.
...
