000 (10610888.243.000) 12/16 07:14:44 Job submitted from host: <188.185.71.83:9618?addrs=188.185.71.83-9618+[2001-1458-d00-7--100-34d]-9618&alias=bigbird18.cern.ch&noUDP&sock=schedd_5052_d48c>
...
040 (10610888.243.000) 12/16 09:09:51 Started transferring input files
	Transferring to host: <188.185.214.199:9618?addrs=188.185.214.199-9618+[2001-1458-303-1d--100-43]-9618&alias=b9p30p9131.cern.ch&noUDP&sock=slot1_10_878281_2adc_13037>
...
040 (10610888.243.000) 12/16 09:09:51 Finished transferring input files
...
001 (10610888.243.000) 12/16 09:09:51 Job executing on host: <188.185.214.199:9618?addrs=188.185.214.199-9618+[2001-1458-303-1d--100-43]-9618&alias=b9p30p9131.cern.ch&noUDP&sock=startd_5746_db46>
	SlotName: slot1_10@b9p30p9131.cern.ch
	CondorScratchDir = "/pool/condor/dir_2518388"
	Cpus = 4
	Disk = 11084
	GPUs = 0
	Memory = 12000
...
006 (10610888.243.000) 12/16 09:10:06 Image size of job updated: 39428
	39  -  MemoryUsage of job (MB)
	39428  -  ResidentSetSize of job (KB)
...
006 (10610888.243.000) 12/16 09:15:06 Image size of job updated: 39868
	39  -  MemoryUsage of job (MB)
	39428  -  ResidentSetSize of job (KB)
...
040 (10610888.243.000) 12/16 10:37:02 Started transferring output files
...
040 (10610888.243.000) 12/16 10:37:03 Finished transferring output files
...
005 (10610888.243.000) 12/16 10:37:03 Job terminated.
	(1) Normal termination (return value 0)
		Usr 0 01:25:55, Sys 0 00:00:07  -  Run Remote Usage
		Usr 0 00:00:00, Sys 0 00:00:00  -  Run Local Usage
		Usr 0 01:25:55, Sys 0 00:00:07  -  Total Remote Usage
		Usr 0 00:00:00, Sys 0 00:00:00  -  Total Local Usage
	0  -  Run Bytes Sent By Job
	7584148  -  Run Bytes Received By Job
	0  -  Total Bytes Sent By Job
	7584148  -  Total Bytes Received By Job
	Partitionable Resources :    Usage  Request Allocated 
	   Cpus                 :     0.99        4         4 
	   Disk (KB)            : 32780        7500     11084 
	   GPUs                 :                           0 
	   Memory (MB)          :    39       12000     12000 
	   TimeExecute (s)      :  5231                       
	   TimeSlotBusy (s)     :  5232                       

	Job terminated of its own accord at 2025-12-16T09:37:02Z with exit-code 0.
...
