000 (10610889.093.000) 12/16 07:15:00 Job submitted from host: <188.185.71.83:9618?addrs=188.185.71.83-9618+[2001-1458-d00-7--100-34d]-9618&alias=bigbird18.cern.ch&noUDP&sock=schedd_5052_d48c>
...
040 (10610889.093.000) 12/16 10:42:49 Started transferring input files
	Transferring to host: <128.142.192.169:9618?addrs=128.142.192.169-9618+[2001-1458-301-56--100-25]-9618&alias=b9g18p4493.cern.ch&noUDP&sock=slot1_1_2453622_69f9_11038>
...
040 (10610889.093.000) 12/16 10:42:49 Finished transferring input files
...
001 (10610889.093.000) 12/16 10:42:49 Job executing on host: <128.142.192.169:9618?addrs=128.142.192.169-9618+[2001-1458-301-56--100-25]-9618&alias=b9g18p4493.cern.ch&noUDP&sock=startd_3252_2e13>
	SlotName: slot1_1@b9g18p4493.cern.ch
	CondorScratchDir = "/pool/condor/dir_654033"
	Cpus = 4
	Disk = 11111
	GPUs = 0
	Memory = 12000
...
006 (10610889.093.000) 12/16 10:43:03 Image size of job updated: 39088
	39  -  MemoryUsage of job (MB)
	39088  -  ResidentSetSize of job (KB)
...
006 (10610889.093.000) 12/16 10:48:04 Image size of job updated: 39508
	39  -  MemoryUsage of job (MB)
	39088  -  ResidentSetSize of job (KB)
...
006 (10610889.093.000) 12/16 13:06:39 Image size of job updated: 119964
	39  -  MemoryUsage of job (MB)
	39088  -  ResidentSetSize of job (KB)
...
040 (10610889.093.000) 12/16 13:06:40 Started transferring output files
...
040 (10610889.093.000) 12/16 13:06:40 Finished transferring output files
...
005 (10610889.093.000) 12/16 13:06:40 Job terminated.
	(1) Normal termination (return value 0)
		Usr 0 02:22:11, Sys 0 00:00:10  -  Run Remote Usage
		Usr 0 00:00:00, Sys 0 00:00:00  -  Run Local Usage
		Usr 0 02:22:11, Sys 0 00:00:10  -  Total Remote Usage
		Usr 0 00:00:00, Sys 0 00:00:00  -  Total Local Usage
	0  -  Run Bytes Sent By Job
	7584148  -  Run Bytes Received By Job
	0  -  Total Bytes Sent By Job
	7584148  -  Total Bytes Received By Job
	Partitionable Resources :    Usage  Request Allocated 
	   Cpus                 :     0.99        4         4 
	   Disk (KB)            : 33479        7500     11111 
	   GPUs                 :                           0 
	   Memory (MB)          :    39       12000     12000 
	   TimeExecute (s)      :  8630                       
	   TimeSlotBusy (s)     :  8631                       

	Job terminated of its own accord at 2025-12-16T12:06:39Z with exit-code 0.
...
