000 (10610887.882.000) 12/16 07:14:32 Job submitted from host: <188.185.71.83:9618?addrs=188.185.71.83-9618+[2001-1458-d00-7--100-34d]-9618&alias=bigbird18.cern.ch&noUDP&sock=schedd_5052_d48c>
...
040 (10610887.882.000) 12/16 07:59:50 Started transferring input files
	Transferring to host: <188.185.196.107:9618?addrs=188.185.196.107-9618+[2001-1458-303-23--100-67]-9618&alias=b9p16p2482.cern.ch&noUDP&sock=slot1_9_3212_e4fc_41717>
...
040 (10610887.882.000) 12/16 07:59:50 Finished transferring input files
...
001 (10610887.882.000) 12/16 07:59:50 Job executing on host: <188.185.196.107:9618?addrs=188.185.196.107-9618+[2001-1458-303-23--100-67]-9618&alias=b9p16p2482.cern.ch&noUDP&sock=startd_2618_4f08>
	SlotName: slot1_9@b9p16p2482.cern.ch
	CondorScratchDir = "/pool/condor/dir_3161266"
	Cpus = 4
	Disk = 10928
	GPUs = 0
	Memory = 12000
...
006 (10610887.882.000) 12/16 08:00:04 Image size of job updated: 40072
	40  -  MemoryUsage of job (MB)
	40072  -  ResidentSetSize of job (KB)
...
006 (10610887.882.000) 12/16 08:05:05 Image size of job updated: 40164
	40  -  MemoryUsage of job (MB)
	40072  -  ResidentSetSize of job (KB)
...
006 (10610887.882.000) 12/16 10:37:01 Image size of job updated: 71844
	40  -  MemoryUsage of job (MB)
	40072  -  ResidentSetSize of job (KB)
...
040 (10610887.882.000) 12/16 10:37:02 Started transferring output files
...
040 (10610887.882.000) 12/16 10:37:02 Finished transferring output files
...
005 (10610887.882.000) 12/16 10:37:02 Job terminated.
	(1) Normal termination (return value 0)
		Usr 0 02:33:59, Sys 0 00:00:16  -  Run Remote Usage
		Usr 0 00:00:00, Sys 0 00:00:00  -  Run Local Usage
		Usr 0 02:33:59, Sys 0 00:00:16  -  Total Remote Usage
		Usr 0 00:00:00, Sys 0 00:00:00  -  Total Local Usage
	0  -  Run Bytes Sent By Job
	7584148  -  Run Bytes Received By Job
	0  -  Total Bytes Sent By Job
	7584148  -  Total Bytes Received By Job
	Partitionable Resources :    Usage  Request Allocated 
	   Cpus                 :     0.99        4         4 
	   Disk (KB)            : 32688        7500     10928 
	   GPUs                 :                           0 
	   Memory (MB)          :    40       12000     12000 
	   TimeExecute (s)      :  9431                       
	   TimeSlotBusy (s)     :  9433                       

	Job terminated of its own accord at 2025-12-16T09:37:01Z with exit-code 0.
...
