000 (10613549.357.000) 12/16 14:40:44 Job submitted from host: <188.185.71.83:9618?addrs=188.185.71.83-9618+[2001-1458-d00-7--100-34d]-9618&alias=bigbird18.cern.ch&noUDP&sock=schedd_5052_d48c>
...
040 (10613549.357.000) 12/16 15:29:33 Started transferring input files
	Transferring to host: <188.185.194.125:9618?addrs=188.185.194.125-9618+[2001-1458-303-21--100-79]-9618&alias=b9p20p8620.cern.ch&noUDP&sock=slot1_12_9560_a27e_84400>
...
040 (10613549.357.000) 12/16 15:29:33 Finished transferring input files
...
001 (10613549.357.000) 12/16 15:29:33 Job executing on host: <188.185.194.125:9618?addrs=188.185.194.125-9618+[2001-1458-303-21--100-79]-9618&alias=b9p20p8620.cern.ch&noUDP&sock=startd_8060_116d>
	SlotName: slot1_12@b9p20p8620.cern.ch
	CondorScratchDir = "/pool/condor/dir_2003393"
	Cpus = 4
	Disk = 11036
	GPUs = 0
	Memory = 12000
...
006 (10613549.357.000) 12/16 15:29:47 Image size of job updated: 37504
	37  -  MemoryUsage of job (MB)
	37504  -  ResidentSetSize of job (KB)
...
006 (10613549.357.000) 12/16 15:34:48 Image size of job updated: 37924
	37  -  MemoryUsage of job (MB)
	37504  -  ResidentSetSize of job (KB)
...
006 (10613549.357.000) 12/16 18:11:55 Image size of job updated: 118480
	37  -  MemoryUsage of job (MB)
	37504  -  ResidentSetSize of job (KB)
...
040 (10613549.357.000) 12/16 18:11:56 Started transferring output files
...
040 (10613549.357.000) 12/16 18:11:56 Finished transferring output files
...
005 (10613549.357.000) 12/16 18:11:56 Job terminated.
	(1) Normal termination (return value 0)
		Usr 0 02:40:26, Sys 0 00:00:08  -  Run Remote Usage
		Usr 0 00:00:00, Sys 0 00:00:00  -  Run Local Usage
		Usr 0 02:40:26, Sys 0 00:00:08  -  Total Remote Usage
		Usr 0 00:00:00, Sys 0 00:00:00  -  Total Local Usage
	0  -  Run Bytes Sent By Job
	7584148  -  Run Bytes Received By Job
	0  -  Total Bytes Sent By Job
	7584148  -  Total Bytes Received By Job
	Partitionable Resources :    Usage  Request Allocated 
	   Cpus                 :     0.99        4         4 
	   Disk (KB)            : 33960        7500     11036 
	   GPUs                 :                           0 
	   Memory (MB)          :    37       12000     12000 
	   TimeExecute (s)      :  9742                       
	   TimeSlotBusy (s)     :  9744                       

	Job terminated of its own accord at 2025-12-16T17:11:55Z with exit-code 0.
...
