000 (10610887.636.000) 12/16 07:14:31 Job submitted from host: <188.185.71.83:9618?addrs=188.185.71.83-9618+[2001-1458-d00-7--100-34d]-9618&alias=bigbird18.cern.ch&noUDP&sock=schedd_5052_d48c>
...
040 (10610887.636.000) 12/16 07:54:49 Started transferring input files
	Transferring to host: <188.185.204.243:9618?addrs=188.185.204.243-9618+[2001-1458-303-8--100-70]-9618&alias=b9p02p9109.cern.ch&noUDP&sock=slot1_6_3608711_1bd4_70004>
...
040 (10610887.636.000) 12/16 07:54:49 Finished transferring input files
...
001 (10610887.636.000) 12/16 07:54:49 Job executing on host: <188.185.204.243:9618?addrs=188.185.204.243-9618+[2001-1458-303-8--100-70]-9618&alias=b9p02p9109.cern.ch&noUDP&sock=startd_3336_cc08>
	SlotName: slot1_6@b9p02p9109.cern.ch
	CondorScratchDir = "/pool/condor/dir_1914630"
	Cpus = 4
	Disk = 11008
	GPUs = 0
	Memory = 12000
...
006 (10610887.636.000) 12/16 07:55:03 Image size of job updated: 40156
	40  -  MemoryUsage of job (MB)
	40156  -  ResidentSetSize of job (KB)
...
006 (10610887.636.000) 12/16 09:30:41 Image size of job updated: 120872
	40  -  MemoryUsage of job (MB)
	40156  -  ResidentSetSize of job (KB)
...
040 (10610887.636.000) 12/16 09:30:42 Started transferring output files
...
040 (10610887.636.000) 12/16 09:30:42 Finished transferring output files
...
005 (10610887.636.000) 12/16 09:30:42 Job terminated.
	(1) Normal termination (return value 0)
		Usr 0 01:34:31, Sys 0 00:00:06  -  Run Remote Usage
		Usr 0 00:00:00, Sys 0 00:00:00  -  Run Local Usage
		Usr 0 01:34:31, Sys 0 00:00:06  -  Total Remote Usage
		Usr 0 00:00:00, Sys 0 00:00:00  -  Total Local Usage
	0  -  Run Bytes Sent By Job
	7584148  -  Run Bytes Received By Job
	0  -  Total Bytes Sent By Job
	7584148  -  Total Bytes Received By Job
	Partitionable Resources :    Usage  Request Allocated 
	   Cpus                 :     0.99        4         4 
	   Disk (KB)            : 33036        7500     11008 
	   GPUs                 :                           0 
	   Memory (MB)          :    40       12000     12000 
	   TimeExecute (s)      :  5752                       
	   TimeSlotBusy (s)     :  5754                       

	Job terminated of its own accord at 2025-12-16T08:30:41Z with exit-code 0.
...
