000 (10610889.677.000) 12/16 07:15:01 Job submitted from host: <188.185.71.83:9618?addrs=188.185.71.83-9618+[2001-1458-d00-7--100-34d]-9618&alias=bigbird18.cern.ch&noUDP&sock=schedd_5052_d48c>
...
040 (10610889.677.000) 12/16 14:25:34 Started transferring input files
	Transferring to host: <188.185.211.223:9618?addrs=188.185.211.223-9618+[2001-1458-303-17--100-5b]-9618&alias=b9p24p0145.cern.ch&noUDP&sock=slot1_7_7238_935f_93986>
...
040 (10610889.677.000) 12/16 14:25:34 Finished transferring input files
...
001 (10610889.677.000) 12/16 14:25:34 Job executing on host: <188.185.211.223:9618?addrs=188.185.211.223-9618+[2001-1458-303-17--100-5b]-9618&alias=b9p24p0145.cern.ch&noUDP&sock=startd_6762_bf7f>
	SlotName: slot1_7@b9p24p0145.cern.ch
	CondorScratchDir = "/pool/condor/dir_1071385"
	Cpus = 4
	Disk = 10827
	GPUs = 0
	Memory = 12000
...
006 (10610889.677.000) 12/16 14:25:49 Image size of job updated: 24760
	25  -  MemoryUsage of job (MB)
	24760  -  ResidentSetSize of job (KB)
...
006 (10610889.677.000) 12/16 14:30:49 Image size of job updated: 25180
	25  -  MemoryUsage of job (MB)
	24760  -  ResidentSetSize of job (KB)
...
006 (10610889.677.000) 12/16 16:20:02 Image size of job updated: 31120
	25  -  MemoryUsage of job (MB)
	24760  -  ResidentSetSize of job (KB)
...
040 (10610889.677.000) 12/16 16:20:03 Started transferring output files
...
040 (10610889.677.000) 12/16 16:20:03 Finished transferring output files
...
005 (10610889.677.000) 12/16 16:20:03 Job terminated.
	(1) Normal termination (return value 0)
		Usr 0 01:50:12, Sys 0 00:00:32  -  Run Remote Usage
		Usr 0 00:00:00, Sys 0 00:00:00  -  Run Local Usage
		Usr 0 01:50:12, Sys 0 00:00:32  -  Total Remote Usage
		Usr 0 00:00:00, Sys 0 00:00:00  -  Total Local Usage
	0  -  Run Bytes Sent By Job
	7584148  -  Run Bytes Received By Job
	0  -  Total Bytes Sent By Job
	7584148  -  Total Bytes Received By Job
	Partitionable Resources :    Usage  Request Allocated 
	   Cpus                 :     0.98        4         4 
	   Disk (KB)            : 33432        7500     10827 
	   GPUs                 :                           0 
	   Memory (MB)          :    25       12000     12000 
	   TimeExecute (s)      :  6868                       
	   TimeSlotBusy (s)     :  6869                       

	Job terminated of its own accord at 2025-12-16T15:20:02Z with exit-code 0.
...
