000 (10610889.730.000) 12/16 07:15:01 Job submitted from host: <188.185.71.83:9618?addrs=188.185.71.83-9618+[2001-1458-d00-7--100-34d]-9618&alias=bigbird18.cern.ch&noUDP&sock=schedd_5052_d48c>
...
040 (10610889.730.000) 12/16 14:25:53 Started transferring input files
	Transferring to host: <128.142.161.106:9618?addrs=128.142.161.106-9618+[2001-1458-301-b8--100-28]-9618&alias=b9g03p7607.cern.ch&noUDP&sock=slot1_7_528989_5ae0_12176>
...
040 (10610889.730.000) 12/16 14:25:53 Finished transferring input files
...
001 (10610889.730.000) 12/16 14:25:53 Job executing on host: <128.142.161.106:9618?addrs=128.142.161.106-9618+[2001-1458-301-b8--100-28]-9618&alias=b9g03p7607.cern.ch&noUDP&sock=startd_2632_e95b>
	SlotName: slot1_7@b9g03p7607.cern.ch
	CondorScratchDir = "/pool/condor/dir_327789"
	Cpus = 4
	Disk = 11160
	GPUs = 0
	Memory = 12000
...
006 (10610889.730.000) 12/16 14:26:06 Image size of job updated: 37480
	37  -  MemoryUsage of job (MB)
	37480  -  ResidentSetSize of job (KB)
...
006 (10610889.730.000) 12/16 14:31:06 Image size of job updated: 37900
	37  -  MemoryUsage of job (MB)
	37480  -  ResidentSetSize of job (KB)
...
006 (10610889.730.000) 12/16 16:06:39 Image size of job updated: 118428
	37  -  MemoryUsage of job (MB)
	37480  -  ResidentSetSize of job (KB)
...
040 (10610889.730.000) 12/16 16:06:40 Started transferring output files
...
040 (10610889.730.000) 12/16 16:06:40 Finished transferring output files
...
005 (10610889.730.000) 12/16 16:06:40 Job terminated.
	(1) Normal termination (return value 0)
		Usr 0 01:40:12, Sys 0 00:00:03  -  Run Remote Usage
		Usr 0 00:00:00, Sys 0 00:00:00  -  Run Local Usage
		Usr 0 01:40:12, Sys 0 00:00:03  -  Total Remote Usage
		Usr 0 00:00:00, Sys 0 00:00:00  -  Total Local Usage
	0  -  Run Bytes Sent By Job
	7584148  -  Run Bytes Received By Job
	0  -  Total Bytes Sent By Job
	7584148  -  Total Bytes Received By Job
	Partitionable Resources :    Usage  Request Allocated 
	   Cpus                 :     1.00        4         4 
	   Disk (KB)            : 33455        7500     11160 
	   GPUs                 :                           0 
	   Memory (MB)          :    37       12000     12000 
	   TimeExecute (s)      :  6046                       
	   TimeSlotBusy (s)     :  6048                       

	Job terminated of its own accord at 2025-12-16T15:06:39Z with exit-code 0.
...
