000 (10610889.762.000) 12/16 07:15:01 Job submitted from host: <188.185.71.83:9618?addrs=188.185.71.83-9618+[2001-1458-d00-7--100-34d]-9618&alias=bigbird18.cern.ch&noUDP&sock=schedd_5052_d48c>
...
040 (10610889.762.000) 12/16 14:26:02 Started transferring input files
	Transferring to host: <188.185.211.141:9618?addrs=188.185.211.141-9618+[2001-1458-303-17--100-9]-9618&alias=b9p24p2350.cern.ch&noUDP&sock=slot1_2_4206_41e4_92692>
...
040 (10610889.762.000) 12/16 14:26:02 Finished transferring input files
...
001 (10610889.762.000) 12/16 14:26:02 Job executing on host: <188.185.211.141:9618?addrs=188.185.211.141-9618+[2001-1458-303-17--100-9]-9618&alias=b9p24p2350.cern.ch&noUDP&sock=startd_3579_798b>
	SlotName: slot1_2@b9p24p2350.cern.ch
	CondorScratchDir = "/pool/condor/dir_3484603"
	Cpus = 4
	Disk = 11013
	GPUs = 0
	Memory = 12000
...
006 (10610889.762.000) 12/16 14:26:16 Image size of job updated: 37516
	37  -  MemoryUsage of job (MB)
	37516  -  ResidentSetSize of job (KB)
...
006 (10610889.762.000) 12/16 14:31:16 Image size of job updated: 37936
	37  -  MemoryUsage of job (MB)
	37516  -  ResidentSetSize of job (KB)
...
006 (10610889.762.000) 12/16 15:50:35 Image size of job updated: 118492
	37  -  MemoryUsage of job (MB)
	37516  -  ResidentSetSize of job (KB)
...
040 (10610889.762.000) 12/16 15:50:36 Started transferring output files
...
040 (10610889.762.000) 12/16 15:50:36 Finished transferring output files
...
005 (10610889.762.000) 12/16 15:50:36 Job terminated.
	(1) Normal termination (return value 0)
		Usr 0 01:23:31, Sys 0 00:00:08  -  Run Remote Usage
		Usr 0 00:00:00, Sys 0 00:00:00  -  Run Local Usage
		Usr 0 01:23:31, Sys 0 00:00:08  -  Total Remote Usage
		Usr 0 00:00:00, Sys 0 00:00:00  -  Total Local Usage
	0  -  Run Bytes Sent By Job
	7584148  -  Run Bytes Received By Job
	0  -  Total Bytes Sent By Job
	7584148  -  Total Bytes Received By Job
	Partitionable Resources :    Usage  Request Allocated 
	   Cpus                 :     0.99        4         4 
	   Disk (KB)            : 32564        7500     11013 
	   GPUs                 :                           0 
	   Memory (MB)          :    37       12000     12000 
	   TimeExecute (s)      :  5073                       
	   TimeSlotBusy (s)     :  5074                       

	Job terminated of its own accord at 2025-12-16T14:50:35Z with exit-code 0.
...
