000 (10613549.020.000) 12/16 14:40:44 Job submitted from host: <188.185.71.83:9618?addrs=188.185.71.83-9618+[2001-1458-d00-7--100-34d]-9618&alias=bigbird18.cern.ch&noUDP&sock=schedd_5052_d48c>
...
040 (10613549.020.000) 12/16 14:46:14 Started transferring input files
	Transferring to host: <188.185.213.163:9618?addrs=188.185.213.163-9618+[2001-1458-303-1b--100-1f]-9618&alias=b9p28p6164.cern.ch&noUDP&sock=slot1_13_6185_a455_110241>
...
040 (10613549.020.000) 12/16 14:46:14 Finished transferring input files
...
001 (10613549.020.000) 12/16 14:46:14 Job executing on host: <188.185.213.163:9618?addrs=188.185.213.163-9618+[2001-1458-303-1b--100-1f]-9618&alias=b9p28p6164.cern.ch&noUDP&sock=startd_5450_d33d>
	SlotName: slot1_13@b9p28p6164.cern.ch
	CondorScratchDir = "/pool/condor/dir_1061424"
	Cpus = 4
	Disk = 10884
	GPUs = 0
	Memory = 12000
...
006 (10613549.020.000) 12/16 14:46:28 Image size of job updated: 40048
	40  -  MemoryUsage of job (MB)
	40048  -  ResidentSetSize of job (KB)
...
006 (10613549.020.000) 12/16 14:51:29 Image size of job updated: 40468
	40  -  MemoryUsage of job (MB)
	40048  -  ResidentSetSize of job (KB)
...
006 (10613549.020.000) 12/16 16:01:02 Image size of job updated: 121004
	40  -  MemoryUsage of job (MB)
	40048  -  ResidentSetSize of job (KB)
...
040 (10613549.020.000) 12/16 16:01:03 Started transferring output files
...
040 (10613549.020.000) 12/16 16:01:03 Finished transferring output files
...
005 (10613549.020.000) 12/16 16:01:03 Job terminated.
	(1) Normal termination (return value 0)
		Usr 0 01:13:55, Sys 0 00:00:08  -  Run Remote Usage
		Usr 0 00:00:00, Sys 0 00:00:00  -  Run Local Usage
		Usr 0 01:13:55, Sys 0 00:00:08  -  Total Remote Usage
		Usr 0 00:00:00, Sys 0 00:00:00  -  Total Local Usage
	0  -  Run Bytes Sent By Job
	7584148  -  Run Bytes Received By Job
	0  -  Total Bytes Sent By Job
	7584148  -  Total Bytes Received By Job
	Partitionable Resources :    Usage  Request Allocated 
	   Cpus                 :     0.99        4         4 
	   Disk (KB)            : 33363        7500     10884 
	   GPUs                 :                           0 
	   Memory (MB)          :    40       12000     12000 
	   TimeExecute (s)      :  4488                       
	   TimeSlotBusy (s)     :  4489                       

	Job terminated of its own accord at 2025-12-16T15:01:02Z with exit-code 0.
...
