000 (10610889.284.000) 12/16 07:15:00 Job submitted from host: <188.185.71.83:9618?addrs=188.185.71.83-9618+[2001-1458-d00-7--100-34d]-9618&alias=bigbird18.cern.ch&noUDP&sock=schedd_5052_d48c>
...
040 (10610889.284.000) 12/16 13:31:44 Started transferring input files
	Transferring to host: <188.185.215.181:9618?addrs=188.185.215.181-9618+[2001-1458-303-26--100-31]-9618&alias=b9p18p4824.cern.ch&noUDP&sock=slot1_5_5945_8a4b_90331>
...
040 (10610889.284.000) 12/16 13:31:44 Finished transferring input files
...
001 (10610889.284.000) 12/16 13:31:44 Job executing on host: <188.185.215.181:9618?addrs=188.185.215.181-9618+[2001-1458-303-26--100-31]-9618&alias=b9p18p4824.cern.ch&noUDP&sock=startd_5185_0ea5>
	SlotName: slot1_5@b9p18p4824.cern.ch
	CondorScratchDir = "/pool/condor/dir_678677"
	Cpus = 4
	Disk = 10976
	GPUs = 0
	Memory = 12000
...
006 (10610889.284.000) 12/16 13:31:58 Image size of job updated: 25340
	25  -  MemoryUsage of job (MB)
	25340  -  ResidentSetSize of job (KB)
...
006 (10610889.284.000) 12/16 13:36:58 Image size of job updated: 25732
	25  -  MemoryUsage of job (MB)
	25340  -  ResidentSetSize of job (KB)
...
040 (10610889.284.000) 12/16 15:18:53 Started transferring output files
...
040 (10610889.284.000) 12/16 15:18:55 Finished transferring output files
...
005 (10610889.284.000) 12/16 15:18:55 Job terminated.
	(1) Normal termination (return value 0)
		Usr 0 01:44:38, Sys 0 00:00:22  -  Run Remote Usage
		Usr 0 00:00:00, Sys 0 00:00:00  -  Run Local Usage
		Usr 0 01:44:38, Sys 0 00:00:22  -  Total Remote Usage
		Usr 0 00:00:00, Sys 0 00:00:00  -  Total Local Usage
	0  -  Run Bytes Sent By Job
	7584148  -  Run Bytes Received By Job
	0  -  Total Bytes Sent By Job
	7584148  -  Total Bytes Received By Job
	Partitionable Resources :    Usage  Request Allocated 
	   Cpus                 :     0.98        4         4 
	   Disk (KB)            : 33489        7500     10976 
	   GPUs                 :                           0 
	   Memory (MB)          :    25       12000     12000 
	   TimeExecute (s)      :  6428                       
	   TimeSlotBusy (s)     :  6432                       

	Job terminated of its own accord at 2025-12-16T14:18:52Z with exit-code 0.
...
