000 (10613550.353.000) 12/16 14:40:59 Job submitted from host: <188.185.71.83:9618?addrs=188.185.71.83-9618+[2001-1458-d00-7--100-34d]-9618&alias=bigbird18.cern.ch&noUDP&sock=schedd_5052_d48c>
...
040 (10613550.353.000) 12/16 15:57:06 Started transferring input files
	Transferring to host: <188.185.215.186:9618?addrs=188.185.215.186-9618+[2001-1458-303-26--100-36]-9618&alias=b9p18p2250.cern.ch&noUDP&sock=slot1_1_5905_5b49_92270>
...
040 (10613550.353.000) 12/16 15:57:06 Finished transferring input files
...
001 (10613550.353.000) 12/16 15:57:06 Job executing on host: <188.185.215.186:9618?addrs=188.185.215.186-9618+[2001-1458-303-26--100-36]-9618&alias=b9p18p2250.cern.ch&noUDP&sock=startd_5255_1246>
	SlotName: slot1_1@b9p18p2250.cern.ch
	CondorScratchDir = "/pool/condor/dir_2122859"
	Cpus = 4
	Disk = 11015
	GPUs = 0
	Memory = 12000
...
006 (10613550.353.000) 12/16 15:57:20 Image size of job updated: 37508
	37  -  MemoryUsage of job (MB)
	37508  -  ResidentSetSize of job (KB)
...
006 (10613550.353.000) 12/16 16:02:20 Image size of job updated: 37932
	37  -  MemoryUsage of job (MB)
	37508  -  ResidentSetSize of job (KB)
...
040 (10613550.353.000) 12/16 17:24:15 Started transferring output files
...
040 (10613550.353.000) 12/16 17:24:15 Finished transferring output files
...
005 (10613550.353.000) 12/16 17:24:15 Job terminated.
	(1) Normal termination (return value 0)
		Usr 0 01:25:41, Sys 0 00:00:15  -  Run Remote Usage
		Usr 0 00:00:00, Sys 0 00:00:00  -  Run Local Usage
		Usr 0 01:25:41, Sys 0 00:00:15  -  Total Remote Usage
		Usr 0 00:00:00, Sys 0 00:00:00  -  Total Local Usage
	0  -  Run Bytes Sent By Job
	7584148  -  Run Bytes Received By Job
	0  -  Total Bytes Sent By Job
	7584148  -  Total Bytes Received By Job
	Partitionable Resources :    Usage  Request Allocated 
	   Cpus                 :     0.99        4         4 
	   Disk (KB)            : 32484        7500     11015 
	   GPUs                 :                           0 
	   Memory (MB)          :    37       12000     12000 
	   TimeExecute (s)      :  5229                       
	   TimeSlotBusy (s)     :  5229                       

	Job terminated of its own accord at 2025-12-16T16:24:15Z with exit-code 0.
...
