000 (10610889.347.000) 12/16 07:15:00 Job submitted from host: <188.185.71.83:9618?addrs=188.185.71.83-9618+[2001-1458-d00-7--100-34d]-9618&alias=bigbird18.cern.ch&noUDP&sock=schedd_5052_d48c>
...
040 (10610889.347.000) 12/16 13:32:11 Started transferring input files
	Transferring to host: <188.185.215.64:9618?addrs=188.185.215.64-9618+[2001-1458-303-1e--100-3c]-9618&alias=b9p31p9925.cern.ch&noUDP&sock=slot1_29_4071_233f_93177>
...
040 (10610889.347.000) 12/16 13:32:11 Finished transferring input files
...
001 (10610889.347.000) 12/16 13:32:11 Job executing on host: <188.185.215.64:9618?addrs=188.185.215.64-9618+[2001-1458-303-1e--100-3c]-9618&alias=b9p31p9925.cern.ch&noUDP&sock=startd_3400_b217>
	SlotName: slot1_29@b9p31p9925.cern.ch
	CondorScratchDir = "/pool/condor/dir_145618"
	Cpus = 4
	Disk = 10921
	GPUs = 0
	Memory = 12000
...
006 (10610889.347.000) 12/16 13:32:25 Image size of job updated: 40072
	40  -  MemoryUsage of job (MB)
	40072  -  ResidentSetSize of job (KB)
...
006 (10610889.347.000) 12/16 13:37:26 Image size of job updated: 40492
	40  -  MemoryUsage of job (MB)
	40072  -  ResidentSetSize of job (KB)
...
006 (10610889.347.000) 12/16 14:48:29 Image size of job updated: 121024
	40  -  MemoryUsage of job (MB)
	40072  -  ResidentSetSize of job (KB)
...
040 (10610889.347.000) 12/16 14:48:29 Started transferring output files
...
040 (10610889.347.000) 12/16 14:48:29 Finished transferring output files
...
005 (10610889.347.000) 12/16 14:48:29 Job terminated.
	(1) Normal termination (return value 0)
		Usr 0 01:15:27, Sys 0 00:00:07  -  Run Remote Usage
		Usr 0 00:00:00, Sys 0 00:00:00  -  Run Local Usage
		Usr 0 01:15:27, Sys 0 00:00:07  -  Total Remote Usage
		Usr 0 00:00:00, Sys 0 00:00:00  -  Total Local Usage
	0  -  Run Bytes Sent By Job
	7584148  -  Run Bytes Received By Job
	0  -  Total Bytes Sent By Job
	7584148  -  Total Bytes Received By Job
	Partitionable Resources :    Usage  Request Allocated 
	   Cpus                 :     1.00        4         4 
	   Disk (KB)            : 33071        7500     10921 
	   GPUs                 :                           0 
	   Memory (MB)          :    40       12000     12000 
	   TimeExecute (s)      :  4578                       
	   TimeSlotBusy (s)     :  4578                       

	Job terminated of its own accord at 2025-12-16T13:48:29Z with exit-code 0.
...
