000 (10613549.975.000) 12/16 14:40:45 Job submitted from host: <188.185.71.83:9618?addrs=188.185.71.83-9618+[2001-1458-d00-7--100-34d]-9618&alias=bigbird18.cern.ch&noUDP&sock=schedd_5052_d48c>
...
040 (10613549.975.000) 12/16 15:35:08 Started transferring input files
	Transferring to host: <188.185.214.23:9618?addrs=188.185.214.23-9618+[2001-1458-303-1c--100-13]-9618&alias=b9p29p7170.cern.ch&noUDP&sock=slot1_7_4604_af34_92972>
...
040 (10613549.975.000) 12/16 15:35:08 Finished transferring input files
...
001 (10613549.975.000) 12/16 15:35:08 Job executing on host: <188.185.214.23:9618?addrs=188.185.214.23-9618+[2001-1458-303-1c--100-13]-9618&alias=b9p29p7170.cern.ch&noUDP&sock=startd_3888_6c4f>
	SlotName: slot1_7@b9p29p7170.cern.ch
	CondorScratchDir = "/pool/condor/dir_2504713"
	Cpus = 4
	Disk = 11053
	GPUs = 0
	Memory = 12000
...
006 (10613549.975.000) 12/16 15:35:22 Image size of job updated: 40072
	40  -  MemoryUsage of job (MB)
	40072  -  ResidentSetSize of job (KB)
...
006 (10613549.975.000) 12/16 15:40:23 Image size of job updated: 40492
	40  -  MemoryUsage of job (MB)
	40072  -  ResidentSetSize of job (KB)
...
006 (10613549.975.000) 12/16 17:06:04 Image size of job updated: 121016
	40  -  MemoryUsage of job (MB)
	40072  -  ResidentSetSize of job (KB)
...
040 (10613549.975.000) 12/16 17:06:05 Started transferring output files
...
040 (10613549.975.000) 12/16 17:06:05 Finished transferring output files
...
005 (10613549.975.000) 12/16 17:06:05 Job terminated.
	(1) Normal termination (return value 0)
		Usr 0 01:29:48, Sys 0 00:00:06  -  Run Remote Usage
		Usr 0 00:00:00, Sys 0 00:00:00  -  Run Local Usage
		Usr 0 01:29:48, Sys 0 00:00:06  -  Total Remote Usage
		Usr 0 00:00:00, Sys 0 00:00:00  -  Total Local Usage
	0  -  Run Bytes Sent By Job
	7584148  -  Run Bytes Received By Job
	0  -  Total Bytes Sent By Job
	7584148  -  Total Bytes Received By Job
	Partitionable Resources :    Usage  Request Allocated 
	   Cpus                 :     0.99        4         4 
	   Disk (KB)            : 32902        7500     11053 
	   GPUs                 :                           0 
	   Memory (MB)          :    40       12000     12000 
	   TimeExecute (s)      :  5456                       
	   TimeSlotBusy (s)     :  5457                       

	Job terminated of its own accord at 2025-12-16T16:06:04Z with exit-code 0.
...
