000 (10610889.020.000) 12/16 07:15:00 Job submitted from host: <188.185.71.83:9618?addrs=188.185.71.83-9618+[2001-1458-d00-7--100-34d]-9618&alias=bigbird18.cern.ch&noUDP&sock=schedd_5052_d48c>
...
040 (10610889.020.000) 12/16 10:20:17 Started transferring input files
	Transferring to host: <188.185.192.120:9618?addrs=188.185.192.120-9618+[2001-1458-303-1f--100-74]-9618&alias=b9p13p2670.cern.ch&noUDP&sock=slot1_17_5209_f62d_80746>
...
040 (10610889.020.000) 12/16 10:20:18 Finished transferring input files
...
001 (10610889.020.000) 12/16 10:20:18 Job executing on host: <188.185.192.120:9618?addrs=188.185.192.120-9618+[2001-1458-303-1f--100-74]-9618&alias=b9p13p2670.cern.ch&noUDP&sock=startd_4197_5f13>
	SlotName: slot1_17@b9p13p2670.cern.ch
	CondorScratchDir = "/pool/condor/dir_3465708"
	Cpus = 4
	Disk = 11046
	GPUs = 0
	Memory = 12000
...
006 (10610889.020.000) 12/16 10:20:31 Image size of job updated: 28580
	28  -  MemoryUsage of job (MB)
	28580  -  ResidentSetSize of job (KB)
...
006 (10610889.020.000) 12/16 10:25:31 Image size of job updated: 28608
	28  -  MemoryUsage of job (MB)
	28580  -  ResidentSetSize of job (KB)
...
006 (10610889.020.000) 12/16 12:08:35 Image size of job updated: 119744
	28  -  MemoryUsage of job (MB)
	28580  -  ResidentSetSize of job (KB)
...
040 (10610889.020.000) 12/16 12:08:35 Started transferring output files
...
040 (10610889.020.000) 12/16 12:08:35 Finished transferring output files
...
005 (10610889.020.000) 12/16 12:08:35 Job terminated.
	(1) Normal termination (return value 0)
		Usr 0 01:47:16, Sys 0 00:00:06  -  Run Remote Usage
		Usr 0 00:00:00, Sys 0 00:00:00  -  Run Local Usage
		Usr 0 01:47:16, Sys 0 00:00:06  -  Total Remote Usage
		Usr 0 00:00:00, Sys 0 00:00:00  -  Total Local Usage
	0  -  Run Bytes Sent By Job
	7584148  -  Run Bytes Received By Job
	0  -  Total Bytes Sent By Job
	7584148  -  Total Bytes Received By Job
	Partitionable Resources :    Usage  Request Allocated 
	   Cpus                 :     0.94        4         4 
	   Disk (KB)            : 32549        7500     11046 
	   GPUs                 :                           0 
	   Memory (MB)          :    28       12000     12000 
	   TimeExecute (s)      :  6497                       
	   TimeSlotBusy (s)     :  6498                       

	Job terminated of its own accord at 2025-12-16T11:08:35Z with exit-code 0.
...
