000 (10610888.779.000) 12/16 07:14:44 Job submitted from host: <188.185.71.83:9618?addrs=188.185.71.83-9618+[2001-1458-d00-7--100-34d]-9618&alias=bigbird18.cern.ch&noUDP&sock=schedd_5052_d48c>
...
040 (10610888.779.000) 12/16 09:41:29 Started transferring input files
	Transferring to host: <188.185.211.226:9618?addrs=188.185.211.226-9618+[2001-1458-303-17--100-5e]-9618&alias=b9p24p9899.cern.ch&noUDP&sock=slot1_3_5039_2e66_89460>
...
040 (10610888.779.000) 12/16 09:41:29 Finished transferring input files
...
001 (10610888.779.000) 12/16 09:41:29 Job executing on host: <188.185.211.226:9618?addrs=188.185.211.226-9618+[2001-1458-303-17--100-5e]-9618&alias=b9p24p9899.cern.ch&noUDP&sock=startd_4130_6a3a>
	SlotName: slot1_3@b9p24p9899.cern.ch
	CondorScratchDir = "/pool/condor/dir_4107303"
	Cpus = 4
	Disk = 11070
	GPUs = 0
	Memory = 12000
...
006 (10610888.779.000) 12/16 09:41:42 Image size of job updated: 37528
	37  -  MemoryUsage of job (MB)
	37528  -  ResidentSetSize of job (KB)
...
006 (10610888.779.000) 12/16 09:46:42 Image size of job updated: 37952
	37  -  MemoryUsage of job (MB)
	37528  -  ResidentSetSize of job (KB)
...
006 (10610888.779.000) 12/16 11:10:21 Image size of job updated: 118484
	37  -  MemoryUsage of job (MB)
	37528  -  ResidentSetSize of job (KB)
...
040 (10610888.779.000) 12/16 11:10:21 Started transferring output files
...
040 (10610888.779.000) 12/16 11:10:22 Finished transferring output files
...
005 (10610888.779.000) 12/16 11:10:22 Job terminated.
	(1) Normal termination (return value 0)
		Usr 0 01:27:24, Sys 0 00:00:15  -  Run Remote Usage
		Usr 0 00:00:00, Sys 0 00:00:00  -  Run Local Usage
		Usr 0 01:27:24, Sys 0 00:00:15  -  Total Remote Usage
		Usr 0 00:00:00, Sys 0 00:00:00  -  Total Local Usage
	0  -  Run Bytes Sent By Job
	7584148  -  Run Bytes Received By Job
	0  -  Total Bytes Sent By Job
	7584148  -  Total Bytes Received By Job
	Partitionable Resources :    Usage  Request Allocated 
	   Cpus                 :     0.99        4         4 
	   Disk (KB)            : 33114        7500     11070 
	   GPUs                 :                           0 
	   Memory (MB)          :    37       12000     12000 
	   TimeExecute (s)      :  5332                       
	   TimeSlotBusy (s)     :  5334                       

	Job terminated of its own accord at 2025-12-16T10:10:21Z with exit-code 0.
...
