000 (10610889.369.000) 12/16 07:15:00 Job submitted from host: <188.185.71.83:9618?addrs=188.185.71.83-9618+[2001-1458-d00-7--100-34d]-9618&alias=bigbird18.cern.ch&noUDP&sock=schedd_5052_d48c>
...
040 (10610889.369.000) 12/16 13:38:19 Started transferring input files
	Transferring to host: <128.142.209.68:9618?addrs=128.142.209.68-9618+[2001-1458-301-22--100-4]-9618&alias=b9g41p6711.cern.ch&noUDP&sock=slot1_10_3747491_2c60_13212>
...
040 (10610889.369.000) 12/16 13:38:19 Finished transferring input files
...
001 (10610889.369.000) 12/16 13:38:19 Job executing on host: <128.142.209.68:9618?addrs=128.142.209.68-9618+[2001-1458-301-22--100-4]-9618&alias=b9g41p6711.cern.ch&noUDP&sock=startd_2775_ff66>
	SlotName: slot1_10@b9g41p6711.cern.ch
	CondorScratchDir = "/pool/condor/dir_162550"
	Cpus = 4
	Disk = 14029
	GPUs = 0
	Memory = 12000
...
006 (10610889.369.000) 12/16 13:38:33 Image size of job updated: 40056
	40  -  MemoryUsage of job (MB)
	40056  -  ResidentSetSize of job (KB)
...
006 (10610889.369.000) 12/16 13:43:34 Image size of job updated: 40476
	40  -  MemoryUsage of job (MB)
	40056  -  ResidentSetSize of job (KB)
...
006 (10610889.369.000) 12/16 14:42:40 Image size of job updated: 121000
	40  -  MemoryUsage of job (MB)
	40056  -  ResidentSetSize of job (KB)
...
040 (10610889.369.000) 12/16 14:42:41 Started transferring output files
...
040 (10610889.369.000) 12/16 14:42:41 Finished transferring output files
...
005 (10610889.369.000) 12/16 14:42:41 Job terminated.
	(1) Normal termination (return value 0)
		Usr 0 01:03:34, Sys 0 00:00:06  -  Run Remote Usage
		Usr 0 00:00:00, Sys 0 00:00:00  -  Run Local Usage
		Usr 0 01:03:34, Sys 0 00:00:06  -  Total Remote Usage
		Usr 0 00:00:00, Sys 0 00:00:00  -  Total Local Usage
	0  -  Run Bytes Sent By Job
	7584148  -  Run Bytes Received By Job
	0  -  Total Bytes Sent By Job
	7584148  -  Total Bytes Received By Job
	Partitionable Resources :    Usage  Request Allocated 
	   Cpus                 :     0.99        4         4 
	   Disk (KB)            : 33200        7500     14029 
	   GPUs                 :                           0 
	   Memory (MB)          :    40       12000     12000 
	   TimeExecute (s)      :  3861                       
	   TimeSlotBusy (s)     :  3863                       

	Job terminated of its own accord at 2025-12-16T13:42:40Z with exit-code 0.
...
