000 (10613549.561.000) 12/16 14:40:45 Job submitted from host: <188.185.71.83:9618?addrs=188.185.71.83-9618+[2001-1458-d00-7--100-34d]-9618&alias=bigbird18.cern.ch&noUDP&sock=schedd_5052_d48c>
...
040 (10613549.561.000) 12/16 15:30:41 Started transferring input files
	Transferring to host: <188.185.209.35:9618?addrs=188.185.209.35-9618+[2001-1458-303-11--100-20]-9618&alias=b9p11p8066.cern.ch&noUDP&sock=slot1_17_4350_b7ea_80362>
...
040 (10613549.561.000) 12/16 15:30:41 Finished transferring input files
...
001 (10613549.561.000) 12/16 15:30:41 Job executing on host: <188.185.209.35:9618?addrs=188.185.209.35-9618+[2001-1458-303-11--100-20]-9618&alias=b9p11p8066.cern.ch&noUDP&sock=startd_3660_08b7>
	SlotName: slot1_17@b9p11p8066.cern.ch
	CondorScratchDir = "/pool/condor/dir_841464"
	Cpus = 4
	Disk = 10691
	GPUs = 0
	Memory = 12000
...
006 (10613549.561.000) 12/16 15:30:55 Image size of job updated: 39636
	39  -  MemoryUsage of job (MB)
	39636  -  ResidentSetSize of job (KB)
...
006 (10613549.561.000) 12/16 15:35:56 Image size of job updated: 40016
	39  -  MemoryUsage of job (MB)
	39636  -  ResidentSetSize of job (KB)
...
006 (10613549.561.000) 12/16 17:02:16 Image size of job updated: 120660
	39  -  MemoryUsage of job (MB)
	39636  -  ResidentSetSize of job (KB)
...
040 (10613549.561.000) 12/16 17:02:16 Started transferring output files
...
040 (10613549.561.000) 12/16 17:02:16 Finished transferring output files
...
005 (10613549.561.000) 12/16 17:02:17 Job terminated.
	(1) Normal termination (return value 0)
		Usr 0 01:30:08, Sys 0 00:00:09  -  Run Remote Usage
		Usr 0 00:00:00, Sys 0 00:00:00  -  Run Local Usage
		Usr 0 01:30:08, Sys 0 00:00:09  -  Total Remote Usage
		Usr 0 00:00:00, Sys 0 00:00:00  -  Total Local Usage
	0  -  Run Bytes Sent By Job
	7584148  -  Run Bytes Received By Job
	0  -  Total Bytes Sent By Job
	7584148  -  Total Bytes Received By Job
	Partitionable Resources :    Usage  Request Allocated 
	   Cpus                 :     0.99        4         4 
	   Disk (KB)            : 33318        7500     10691 
	   GPUs                 :                           0 
	   Memory (MB)          :    39       12000     12000 
	   TimeExecute (s)      :  5495                       
	   TimeSlotBusy (s)     :  5495                       

	Job terminated of its own accord at 2025-12-16T16:02:16Z with exit-code 0.
...
