000 (10613550.168.000) 12/16 14:40:59 Job submitted from host: <188.185.71.83:9618?addrs=188.185.71.83-9618+[2001-1458-d00-7--100-34d]-9618&alias=bigbird18.cern.ch&noUDP&sock=schedd_5052_d48c>
...
040 (10613550.168.000) 12/16 15:42:28 Started transferring input files
	Transferring to host: <188.185.214.202:9618?addrs=188.185.214.202-9618+[2001-1458-303-1d--100-46]-9618&alias=b9p30p6624.cern.ch&noUDP&sock=slot1_8_289655_e69c_13172>
...
040 (10613550.168.000) 12/16 15:42:28 Finished transferring input files
...
001 (10613550.168.000) 12/16 15:42:28 Job executing on host: <188.185.214.202:9618?addrs=188.185.214.202-9618+[2001-1458-303-1d--100-46]-9618&alias=b9p30p6624.cern.ch&noUDP&sock=startd_289326_263d>
	SlotName: slot1_8@b9p30p6624.cern.ch
	CondorScratchDir = "/pool/condor/dir_997866"
	Cpus = 4
	Disk = 10976
	GPUs = 0
	Memory = 12000
...
006 (10613550.168.000) 12/16 15:42:42 Image size of job updated: 42144
	42  -  MemoryUsage of job (MB)
	42144  -  ResidentSetSize of job (KB)
...
006 (10613550.168.000) 12/16 15:47:42 Image size of job updated: 42236
	42  -  MemoryUsage of job (MB)
	42144  -  ResidentSetSize of job (KB)
...
006 (10613550.168.000) 12/16 17:20:57 Image size of job updated: 122856
	42  -  MemoryUsage of job (MB)
	42144  -  ResidentSetSize of job (KB)
...
040 (10613550.168.000) 12/16 17:20:58 Started transferring output files
...
040 (10613550.168.000) 12/16 17:20:58 Finished transferring output files
...
005 (10613550.168.000) 12/16 17:20:58 Job terminated.
	(1) Normal termination (return value 0)
		Usr 0 01:36:54, Sys 0 00:00:12  -  Run Remote Usage
		Usr 0 00:00:00, Sys 0 00:00:00  -  Run Local Usage
		Usr 0 01:36:54, Sys 0 00:00:12  -  Total Remote Usage
		Usr 0 00:00:00, Sys 0 00:00:00  -  Total Local Usage
	0  -  Run Bytes Sent By Job
	7584148  -  Run Bytes Received By Job
	0  -  Total Bytes Sent By Job
	7584148  -  Total Bytes Received By Job
	Partitionable Resources :    Usage  Request Allocated 
	   Cpus                 :     0.99        4         4 
	   Disk (KB)            : 33628        7500     10976 
	   GPUs                 :                           0 
	   Memory (MB)          :    42       12000     12000 
	   TimeExecute (s)      :  5909                       
	   TimeSlotBusy (s)     :  5910                       

	Job terminated of its own accord at 2025-12-16T16:20:57Z with exit-code 0.
...
