000 (10613550.629.000) 12/16 14:41:00 Job submitted from host: <188.185.71.83:9618?addrs=188.185.71.83-9618+[2001-1458-d00-7--100-34d]-9618&alias=bigbird18.cern.ch&noUDP&sock=schedd_5052_d48c>
...
040 (10613550.629.000) 12/16 16:44:50 Started transferring input files
	Transferring to host: <188.185.213.188:9618?addrs=188.185.213.188-9618+[2001-1458-303-1b--100-38]-9618&alias=b9p28p4370.cern.ch&noUDP&sock=slot1_1_3047642_3dd4_14751>
...
040 (10613550.629.000) 12/16 16:44:51 Finished transferring input files
...
001 (10613550.629.000) 12/16 16:44:51 Job executing on host: <188.185.213.188:9618?addrs=188.185.213.188-9618+[2001-1458-303-1b--100-38]-9618&alias=b9p28p4370.cern.ch&noUDP&sock=startd_3046853_4f63>
	SlotName: slot1_1@b9p28p4370.cern.ch
	CondorScratchDir = "/pool/condor/dir_2299293"
	Cpus = 4
	Disk = 11046
	GPUs = 0
	Memory = 12000
...
006 (10613550.629.000) 12/16 16:45:04 Image size of job updated: 37512
	37  -  MemoryUsage of job (MB)
	37512  -  ResidentSetSize of job (KB)
...
006 (10613550.629.000) 12/16 16:50:04 Image size of job updated: 37936
	37  -  MemoryUsage of job (MB)
	37512  -  ResidentSetSize of job (KB)
...
006 (10613550.629.000) 12/16 18:00:11 Image size of job updated: 118408
	37  -  MemoryUsage of job (MB)
	37512  -  ResidentSetSize of job (KB)
...
040 (10613550.629.000) 12/16 18:00:12 Started transferring output files
...
040 (10613550.629.000) 12/16 18:00:12 Finished transferring output files
...
005 (10613550.629.000) 12/16 18:00:12 Job terminated.
	(1) Normal termination (return value 0)
		Usr 0 01:14:31, Sys 0 00:00:07  -  Run Remote Usage
		Usr 0 00:00:00, Sys 0 00:00:00  -  Run Local Usage
		Usr 0 01:14:31, Sys 0 00:00:07  -  Total Remote Usage
		Usr 0 00:00:00, Sys 0 00:00:00  -  Total Local Usage
	0  -  Run Bytes Sent By Job
	7584148  -  Run Bytes Received By Job
	0  -  Total Bytes Sent By Job
	7584148  -  Total Bytes Received By Job
	Partitionable Resources :    Usage  Request Allocated 
	   Cpus                 :     0.99        4         4 
	   Disk (KB)            : 32749        7500     11046 
	   GPUs                 :                           0 
	   Memory (MB)          :    37       12000     12000 
	   TimeExecute (s)      :  4520                       
	   TimeSlotBusy (s)     :  4522                       

	Job terminated of its own accord at 2025-12-16T17:00:11Z with exit-code 0.
...
