000 (10610887.390.000) 12/16 07:14:31 Job submitted from host: <188.185.71.83:9618?addrs=188.185.71.83-9618+[2001-1458-d00-7--100-34d]-9618&alias=bigbird18.cern.ch&noUDP&sock=schedd_5052_d48c>
...
040 (10610887.390.000) 12/16 07:49:55 Started transferring input files
	Transferring to host: <188.185.215.66:9618?addrs=188.185.215.66-9618+[2001-1458-303-1e--100-3e]-9618&alias=b9p31p9078.cern.ch&noUDP&sock=slot1_25_6861_f1f0_93607>
...
040 (10610887.390.000) 12/16 07:49:55 Finished transferring input files
...
001 (10610887.390.000) 12/16 07:49:55 Job executing on host: <188.185.215.66:9618?addrs=188.185.215.66-9618+[2001-1458-303-1e--100-3e]-9618&alias=b9p31p9078.cern.ch&noUDP&sock=startd_5729_322a>
	SlotName: slot1_25@b9p31p9078.cern.ch
	CondorScratchDir = "/pool/condor/dir_803101"
	Cpus = 4
	Disk = 10962
	GPUs = 0
	Memory = 12000
...
006 (10610887.390.000) 12/16 07:50:09 Image size of job updated: 37172
	37  -  MemoryUsage of job (MB)
	37172  -  ResidentSetSize of job (KB)
...
006 (10610887.390.000) 12/16 07:55:11 Image size of job updated: 37592
	37  -  MemoryUsage of job (MB)
	37172  -  ResidentSetSize of job (KB)
...
006 (10610887.390.000) 12/16 09:26:30 Image size of job updated: 118180
	37  -  MemoryUsage of job (MB)
	37172  -  ResidentSetSize of job (KB)
...
040 (10610887.390.000) 12/16 09:26:30 Started transferring output files
...
040 (10610887.390.000) 12/16 09:26:31 Finished transferring output files
...
005 (10610887.390.000) 12/16 09:26:31 Job terminated.
	(1) Normal termination (return value 0)
		Usr 0 01:34:31, Sys 0 00:00:13  -  Run Remote Usage
		Usr 0 00:00:00, Sys 0 00:00:00  -  Run Local Usage
		Usr 0 01:34:31, Sys 0 00:00:13  -  Total Remote Usage
		Usr 0 00:00:00, Sys 0 00:00:00  -  Total Local Usage
	0  -  Run Bytes Sent By Job
	7584148  -  Run Bytes Received By Job
	0  -  Total Bytes Sent By Job
	7584148  -  Total Bytes Received By Job
	Partitionable Resources :    Usage  Request Allocated 
	   Cpus                 :     0.99        4         4 
	   Disk (KB)            : 33269        7500     10962 
	   GPUs                 :                           0 
	   Memory (MB)          :    37       12000     12000 
	   TimeExecute (s)      :  5795                       
	   TimeSlotBusy (s)     :  5796                       

	Job terminated of its own accord at 2025-12-16T08:26:30Z with exit-code 0.
...
