000 (10610887.092.000) 12/16 07:14:31 Job submitted from host: <188.185.71.83:9618?addrs=188.185.71.83-9618+[2001-1458-d00-7--100-34d]-9618&alias=bigbird18.cern.ch&noUDP&sock=schedd_5052_d48c>
...
040 (10610887.092.000) 12/16 07:24:57 Started transferring input files
	Transferring to host: <128.142.137.190:9618?addrs=128.142.137.190-9618+[2001-1458-301-5e--100-b2]-9618&alias=b9g19p4927.cern.ch&noUDP&sock=slot1_8_2882_612e_85677>
...
040 (10610887.092.000) 12/16 07:24:57 Finished transferring input files
...
001 (10610887.092.000) 12/16 07:24:57 Job executing on host: <128.142.137.190:9618?addrs=128.142.137.190-9618+[2001-1458-301-5e--100-b2]-9618&alias=b9g19p4927.cern.ch&noUDP&sock=startd_2468_6bd3>
	SlotName: slot1_8@b9g19p4927.cern.ch
	CondorScratchDir = "/pool/condor/dir_2804459"
	Cpus = 4
	Disk = 9417
	GPUs = 0
	Memory = 12000
...
006 (10610887.092.000) 12/16 07:25:12 Image size of job updated: 40904
	40  -  MemoryUsage of job (MB)
	40904  -  ResidentSetSize of job (KB)
...
006 (10610887.092.000) 12/16 07:30:13 Image size of job updated: 41260
	40  -  MemoryUsage of job (MB)
	40904  -  ResidentSetSize of job (KB)
...
006 (10610887.092.000) 12/16 10:53:33 Image size of job updated: 121344
	40  -  MemoryUsage of job (MB)
	40904  -  ResidentSetSize of job (KB)
...
040 (10610887.092.000) 12/16 10:53:35 Started transferring output files
...
040 (10610887.092.000) 12/16 10:53:35 Finished transferring output files
...
005 (10610887.092.000) 12/16 10:53:35 Job terminated.
	(1) Normal termination (return value 0)
		Usr 0 03:21:16, Sys 0 00:00:19  -  Run Remote Usage
		Usr 0 00:00:00, Sys 0 00:00:00  -  Run Local Usage
		Usr 0 03:21:16, Sys 0 00:00:19  -  Total Remote Usage
		Usr 0 00:00:00, Sys 0 00:00:00  -  Total Local Usage
	0  -  Run Bytes Sent By Job
	7584148  -  Run Bytes Received By Job
	0  -  Total Bytes Sent By Job
	7584148  -  Total Bytes Received By Job
	Partitionable Resources :    Usage  Request Allocated 
	   Cpus                 :     0.96        4         4 
	   Disk (KB)            : 33724        7500      9417 
	   GPUs                 :                           0 
	   Memory (MB)          :    40       12000     12000 
	   TimeExecute (s)      : 12516                       
	   TimeSlotBusy (s)     : 12518                       

	Job terminated of its own accord at 2025-12-16T09:53:33Z with exit-code 0.
...
