000 (10613550.432.000) 12/16 14:40:59 Job submitted from host: <188.185.71.83:9618?addrs=188.185.71.83-9618+[2001-1458-d00-7--100-34d]-9618&alias=bigbird18.cern.ch&noUDP&sock=schedd_5052_d48c>
...
040 (10613550.432.000) 12/16 16:04:15 Started transferring input files
	Transferring to host: <188.185.194.187:9618?addrs=188.185.194.187-9618+[2001-1458-303-21--100-b7]-9618&alias=b9p20p9130.cern.ch&noUDP&sock=slot1_20_8249_eaa9_85028>
...
040 (10613550.432.000) 12/16 16:04:15 Finished transferring input files
...
001 (10613550.432.000) 12/16 16:04:15 Job executing on host: <188.185.194.187:9618?addrs=188.185.194.187-9618+[2001-1458-303-21--100-b7]-9618&alias=b9p20p9130.cern.ch&noUDP&sock=startd_7285_7b87>
	SlotName: slot1_20@b9p20p9130.cern.ch
	CondorScratchDir = "/pool/condor/dir_1931673"
	Cpus = 4
	Disk = 11144
	GPUs = 0
	Memory = 12000
...
006 (10613550.432.000) 12/16 16:04:29 Image size of job updated: 37536
	37  -  MemoryUsage of job (MB)
	37536  -  ResidentSetSize of job (KB)
...
006 (10613550.432.000) 12/16 16:09:29 Image size of job updated: 37960
	37  -  MemoryUsage of job (MB)
	37536  -  ResidentSetSize of job (KB)
...
006 (10613550.432.000) 12/16 18:19:12 Image size of job updated: 118428
	37  -  MemoryUsage of job (MB)
	37536  -  ResidentSetSize of job (KB)
...
040 (10613550.432.000) 12/16 18:19:13 Started transferring output files
...
040 (10613550.432.000) 12/16 18:19:13 Finished transferring output files
...
005 (10613550.432.000) 12/16 18:19:13 Job terminated.
	(1) Normal termination (return value 0)
		Usr 0 02:11:03, Sys 0 00:00:06  -  Run Remote Usage
		Usr 0 00:00:00, Sys 0 00:00:00  -  Run Local Usage
		Usr 0 02:11:03, Sys 0 00:00:06  -  Total Remote Usage
		Usr 0 00:00:00, Sys 0 00:00:00  -  Total Local Usage
	0  -  Run Bytes Sent By Job
	7584148  -  Run Bytes Received By Job
	0  -  Total Bytes Sent By Job
	7584148  -  Total Bytes Received By Job
	Partitionable Resources :    Usage  Request Allocated 
	   Cpus                 :     0.99        4         4 
	   Disk (KB)            : 32981        7500     11144 
	   GPUs                 :                           0 
	   Memory (MB)          :    37       12000     12000 
	   TimeExecute (s)      :  8097                       
	   TimeSlotBusy (s)     :  8098                       

	Job terminated of its own accord at 2025-12-16T17:19:12Z with exit-code 0.
...
