000 (10610887.817.000) 12/16 07:14:32 Job submitted from host: <188.185.71.83:9618?addrs=188.185.71.83-9618+[2001-1458-d00-7--100-34d]-9618&alias=bigbird18.cern.ch&noUDP&sock=schedd_5052_d48c>
...
040 (10610887.817.000) 12/16 07:55:49 Started transferring input files
	Transferring to host: <188.185.192.148:9618?addrs=188.185.192.148-9618+[2001-1458-303-1f--100-90]-9618&alias=b9p13p8090.cern.ch&noUDP&sock=slot1_27_5415_1b75_82239>
...
040 (10610887.817.000) 12/16 07:55:49 Finished transferring input files
...
001 (10610887.817.000) 12/16 07:55:49 Job executing on host: <188.185.192.148:9618?addrs=188.185.192.148-9618+[2001-1458-303-1f--100-90]-9618&alias=b9p13p8090.cern.ch&noUDP&sock=startd_4279_9dd7>
	SlotName: slot1_27@b9p13p8090.cern.ch
	CondorScratchDir = "/pool/condor/dir_2994362"
	Cpus = 4
	Disk = 11107
	GPUs = 0
	Memory = 12000
...
006 (10610887.817.000) 12/16 07:56:03 Image size of job updated: 41576
	41  -  MemoryUsage of job (MB)
	41576  -  ResidentSetSize of job (KB)
...
006 (10610887.817.000) 12/16 08:01:04 Image size of job updated: 41996
	41  -  MemoryUsage of job (MB)
	41576  -  ResidentSetSize of job (KB)
...
006 (10610887.817.000) 12/16 09:35:53 Image size of job updated: 122532
	41  -  MemoryUsage of job (MB)
	41576  -  ResidentSetSize of job (KB)
...
040 (10610887.817.000) 12/16 09:35:53 Started transferring output files
...
040 (10610887.817.000) 12/16 09:35:53 Finished transferring output files
...
005 (10610887.817.000) 12/16 09:35:54 Job terminated.
	(1) Normal termination (return value 0)
		Usr 0 01:39:09, Sys 0 00:00:08  -  Run Remote Usage
		Usr 0 00:00:00, Sys 0 00:00:00  -  Run Local Usage
		Usr 0 01:39:09, Sys 0 00:00:08  -  Total Remote Usage
		Usr 0 00:00:00, Sys 0 00:00:00  -  Total Local Usage
	0  -  Run Bytes Sent By Job
	7584148  -  Run Bytes Received By Job
	0  -  Total Bytes Sent By Job
	7584148  -  Total Bytes Received By Job
	Partitionable Resources :    Usage  Request Allocated 
	   Cpus                 :     1.00        4         4 
	   Disk (KB)            : 33127        7500     11107 
	   GPUs                 :                           0 
	   Memory (MB)          :    41       12000     12000 
	   TimeExecute (s)      :  6004                       
	   TimeSlotBusy (s)     :  6004                       

	Job terminated of its own accord at 2025-12-16T08:35:53Z with exit-code 0.
...
