000 (10610888.311.000) 12/16 07:14:44 Job submitted from host: <188.185.71.83:9618?addrs=188.185.71.83-9618+[2001-1458-d00-7--100-34d]-9618&alias=bigbird18.cern.ch&noUDP&sock=schedd_5052_d48c>
...
040 (10610888.311.000) 12/16 09:16:09 Started transferring input files
	Transferring to host: <188.185.209.185:9618?addrs=188.185.209.185-9618+[2001-1458-303-12--100-36]-9618&alias=b9p12p2405.cern.ch&noUDP&sock=slot1_17_4108_3520_81730>
...
040 (10610888.311.000) 12/16 09:16:09 Finished transferring input files
...
001 (10610888.311.000) 12/16 09:16:09 Job executing on host: <188.185.209.185:9618?addrs=188.185.209.185-9618+[2001-1458-303-12--100-36]-9618&alias=b9p12p2405.cern.ch&noUDP&sock=startd_3588_a5e5>
	SlotName: slot1_17@b9p12p2405.cern.ch
	CondorScratchDir = "/pool/condor/dir_476524"
	Cpus = 4
	Disk = 10597
	GPUs = 0
	Memory = 12000
...
006 (10610888.311.000) 12/16 09:16:23 Image size of job updated: 26736
	27  -  MemoryUsage of job (MB)
	26736  -  ResidentSetSize of job (KB)
...
006 (10610888.311.000) 12/16 09:21:24 Image size of job updated: 27152
	27  -  MemoryUsage of job (MB)
	26736  -  ResidentSetSize of job (KB)
...
006 (10610888.311.000) 12/16 10:58:04 Image size of job updated: 118616
	27  -  MemoryUsage of job (MB)
	26736  -  ResidentSetSize of job (KB)
...
040 (10610888.311.000) 12/16 10:58:04 Started transferring output files
...
040 (10610888.311.000) 12/16 10:58:05 Finished transferring output files
...
005 (10610888.311.000) 12/16 10:58:05 Job terminated.
	(1) Normal termination (return value 0)
		Usr 0 01:38:26, Sys 0 00:00:13  -  Run Remote Usage
		Usr 0 00:00:00, Sys 0 00:00:00  -  Run Local Usage
		Usr 0 01:38:26, Sys 0 00:00:13  -  Total Remote Usage
		Usr 0 00:00:00, Sys 0 00:00:00  -  Total Local Usage
	0  -  Run Bytes Sent By Job
	7584148  -  Run Bytes Received By Job
	0  -  Total Bytes Sent By Job
	7584148  -  Total Bytes Received By Job
	Partitionable Resources :    Usage  Request Allocated 
	   Cpus                 :     0.99        4         4 
	   Disk (KB)            : 33071        7500     10597 
	   GPUs                 :                           0 
	   Memory (MB)          :    27       12000     12000 
	   TimeExecute (s)      :  6115                       
	   TimeSlotBusy (s)     :  6116                       

	Job terminated of its own accord at 2025-12-16T09:58:04Z with exit-code 0.
...
