000 (10610889.088.000) 12/16 07:15:00 Job submitted from host: <188.185.71.83:9618?addrs=188.185.71.83-9618+[2001-1458-d00-7--100-34d]-9618&alias=bigbird18.cern.ch&noUDP&sock=schedd_5052_d48c>
...
040 (10610889.088.000) 12/16 10:39:03 Started transferring input files
	Transferring to host: <188.185.196.154:9618?addrs=188.185.196.154-9618+[2001-1458-303-23--100-96]-9618&alias=b9p16p3324.cern.ch&noUDP&sock=slot1_16_7078_d759_82741>
...
040 (10610889.088.000) 12/16 10:39:03 Finished transferring input files
...
001 (10610889.088.000) 12/16 10:39:03 Job executing on host: <188.185.196.154:9618?addrs=188.185.196.154-9618+[2001-1458-303-23--100-96]-9618&alias=b9p16p3324.cern.ch&noUDP&sock=startd_5907_4a05>
	SlotName: slot1_16@b9p16p3324.cern.ch
	CondorScratchDir = "/pool/condor/dir_3519723"
	Cpus = 4
	Disk = 11227
	GPUs = 0
	Memory = 12000
...
006 (10610889.088.000) 12/16 10:39:17 Image size of job updated: 40620
	40  -  MemoryUsage of job (MB)
	40620  -  ResidentSetSize of job (KB)
...
006 (10610889.088.000) 12/16 10:44:18 Image size of job updated: 40708
	40  -  MemoryUsage of job (MB)
	40620  -  ResidentSetSize of job (KB)
...
006 (10610889.088.000) 12/16 13:13:20 Image size of job updated: 121296
	40  -  MemoryUsage of job (MB)
	40620  -  ResidentSetSize of job (KB)
...
040 (10610889.088.000) 12/16 13:13:21 Started transferring output files
...
040 (10610889.088.000) 12/16 13:13:21 Finished transferring output files
...
005 (10610889.088.000) 12/16 13:13:21 Job terminated.
	(1) Normal termination (return value 0)
		Usr 0 02:32:35, Sys 0 00:00:06  -  Run Remote Usage
		Usr 0 00:00:00, Sys 0 00:00:00  -  Run Local Usage
		Usr 0 02:32:35, Sys 0 00:00:06  -  Total Remote Usage
		Usr 0 00:00:00, Sys 0 00:00:00  -  Total Local Usage
	0  -  Run Bytes Sent By Job
	7584148  -  Run Bytes Received By Job
	0  -  Total Bytes Sent By Job
	7584148  -  Total Bytes Received By Job
	Partitionable Resources :    Usage  Request Allocated 
	   Cpus                 :     0.99        4         4 
	   Disk (KB)            : 32916        7500     11227 
	   GPUs                 :                           0 
	   Memory (MB)          :    40       12000     12000 
	   TimeExecute (s)      :  9257                       
	   TimeSlotBusy (s)     :  9258                       

	Job terminated of its own accord at 2025-12-16T12:13:20Z with exit-code 0.
...
