000 (10613550.250.000) 12/16 14:40:59 Job submitted from host: <188.185.71.83:9618?addrs=188.185.71.83-9618+[2001-1458-d00-7--100-34d]-9618&alias=bigbird18.cern.ch&noUDP&sock=schedd_5052_d48c>
...
040 (10613550.250.000) 12/16 15:48:10 Started transferring input files
	Transferring to host: <188.185.208.58:9618?addrs=188.185.208.58-9618+[2001-1458-303-f--100-37]-9618&alias=b9p09p3569.cern.ch&noUDP&sock=slot1_1_3065941_8add_11456>
...
040 (10613550.250.000) 12/16 15:48:10 Finished transferring input files
...
001 (10613550.250.000) 12/16 15:48:10 Job executing on host: <188.185.208.58:9618?addrs=188.185.208.58-9618+[2001-1458-303-f--100-37]-9618&alias=b9p09p3569.cern.ch&noUDP&sock=startd_3065065_3a30>
	SlotName: slot1_1@b9p09p3569.cern.ch
	CondorScratchDir = "/pool/condor/dir_3090155"
	Cpus = 4
	Disk = 10907
	GPUs = 0
	Memory = 12000
...
006 (10613550.250.000) 12/16 15:48:24 Image size of job updated: 40144
	40  -  MemoryUsage of job (MB)
	40144  -  ResidentSetSize of job (KB)
...
006 (10613550.250.000) 12/16 15:53:25 Image size of job updated: 40552
	40  -  MemoryUsage of job (MB)
	40144  -  ResidentSetSize of job (KB)
...
040 (10613550.250.000) 12/16 17:06:50 Started transferring output files
...
040 (10613550.250.000) 12/16 17:06:50 Finished transferring output files
...
005 (10613550.250.000) 12/16 17:06:50 Job terminated.
	(1) Normal termination (return value 0)
		Usr 0 01:17:26, Sys 0 00:00:10  -  Run Remote Usage
		Usr 0 00:00:00, Sys 0 00:00:00  -  Run Local Usage
		Usr 0 01:17:26, Sys 0 00:00:10  -  Total Remote Usage
		Usr 0 00:00:00, Sys 0 00:00:00  -  Total Local Usage
	0  -  Run Bytes Sent By Job
	7584148  -  Run Bytes Received By Job
	0  -  Total Bytes Sent By Job
	7584148  -  Total Bytes Received By Job
	Partitionable Resources :    Usage  Request Allocated 
	   Cpus                 :     0.99        4         4 
	   Disk (KB)            : 32907        7500     10907 
	   GPUs                 :                           0 
	   Memory (MB)          :    40       12000     12000 
	   TimeExecute (s)      :  4719                       
	   TimeSlotBusy (s)     :  4720                       

	Job terminated of its own accord at 2025-12-16T16:06:49Z with exit-code 0.
...
