000 (10613549.318.000) 12/16 14:40:44 Job submitted from host: <188.185.71.83:9618?addrs=188.185.71.83-9618+[2001-1458-d00-7--100-34d]-9618&alias=bigbird18.cern.ch&noUDP&sock=schedd_5052_d48c>
...
040 (10613549.318.000) 12/16 15:29:21 Started transferring input files
	Transferring to host: <188.185.211.184:9618?addrs=188.185.211.184-9618+[2001-1458-303-17--100-34]-9618&alias=b9p24p6475.cern.ch&noUDP&sock=slot1_3_6907_5b32_92123>
...
040 (10613549.318.000) 12/16 15:29:21 Finished transferring input files
...
001 (10613549.318.000) 12/16 15:29:21 Job executing on host: <188.185.211.184:9618?addrs=188.185.211.184-9618+[2001-1458-303-17--100-34]-9618&alias=b9p24p6475.cern.ch&noUDP&sock=startd_5885_32f0>
	SlotName: slot1_3@b9p24p6475.cern.ch
	CondorScratchDir = "/pool/condor/dir_903144"
	Cpus = 4
	Disk = 10918
	GPUs = 0
	Memory = 12000
...
006 (10613549.318.000) 12/16 15:29:35 Image size of job updated: 25320
	25  -  MemoryUsage of job (MB)
	25320  -  ResidentSetSize of job (KB)
...
006 (10613549.318.000) 12/16 15:34:36 Image size of job updated: 25740
	25  -  MemoryUsage of job (MB)
	25320  -  ResidentSetSize of job (KB)
...
006 (10613549.318.000) 12/16 17:08:52 Image size of job updated: 117148
	25  -  MemoryUsage of job (MB)
	25320  -  ResidentSetSize of job (KB)
...
040 (10613549.318.000) 12/16 17:08:53 Started transferring output files
...
040 (10613549.318.000) 12/16 17:08:53 Finished transferring output files
...
005 (10613549.318.000) 12/16 17:08:53 Job terminated.
	(1) Normal termination (return value 0)
		Usr 0 01:37:19, Sys 0 00:00:17  -  Run Remote Usage
		Usr 0 00:00:00, Sys 0 00:00:00  -  Run Local Usage
		Usr 0 01:37:19, Sys 0 00:00:17  -  Total Remote Usage
		Usr 0 00:00:00, Sys 0 00:00:00  -  Total Local Usage
	0  -  Run Bytes Sent By Job
	7584148  -  Run Bytes Received By Job
	0  -  Total Bytes Sent By Job
	7584148  -  Total Bytes Received By Job
	Partitionable Resources :    Usage  Request Allocated 
	   Cpus                 :     0.99        4         4 
	   Disk (KB)            : 33026        7500     10918 
	   GPUs                 :                           0 
	   Memory (MB)          :    25       12000     12000 
	   TimeExecute (s)      :  5971                       
	   TimeSlotBusy (s)     :  5973                       

	Job terminated of its own accord at 2025-12-16T16:08:52Z with exit-code 0.
...
