000 (10610887.535.000) 12/16 07:14:31 Job submitted from host: <188.185.71.83:9618?addrs=188.185.71.83-9618+[2001-1458-d00-7--100-34d]-9618&alias=bigbird18.cern.ch&noUDP&sock=schedd_5052_d48c>
...
040 (10610887.535.000) 12/16 07:50:44 Started transferring input files
	Transferring to host: <188.185.214.34:9618?addrs=188.185.214.34-9618+[2001-1458-303-1c--100-1e]-9618&alias=b9p29p8712.cern.ch&noUDP&sock=slot1_29_4494_2df0_90916>
...
040 (10610887.535.000) 12/16 07:50:44 Finished transferring input files
...
001 (10610887.535.000) 12/16 07:50:44 Job executing on host: <188.185.214.34:9618?addrs=188.185.214.34-9618+[2001-1458-303-1c--100-1e]-9618&alias=b9p29p8712.cern.ch&noUDP&sock=startd_3813_fab5>
	SlotName: slot1_29@b9p29p8712.cern.ch
	CondorScratchDir = "/pool/condor/dir_267439"
	Cpus = 4
	Disk = 11021
	GPUs = 0
	Memory = 12000
...
006 (10610887.535.000) 12/16 07:50:58 Image size of job updated: 39512
	39  -  MemoryUsage of job (MB)
	39512  -  ResidentSetSize of job (KB)
...
006 (10610887.535.000) 12/16 07:55:59 Image size of job updated: 39932
	39  -  MemoryUsage of job (MB)
	39512  -  ResidentSetSize of job (KB)
...
040 (10610887.535.000) 12/16 09:07:59 Started transferring output files
...
040 (10610887.535.000) 12/16 09:07:59 Finished transferring output files
...
005 (10610887.535.000) 12/16 09:07:59 Job terminated.
	(1) Normal termination (return value 0)
		Usr 0 01:16:27, Sys 0 00:00:04  -  Run Remote Usage
		Usr 0 00:00:00, Sys 0 00:00:00  -  Run Local Usage
		Usr 0 01:16:27, Sys 0 00:00:04  -  Total Remote Usage
		Usr 0 00:00:00, Sys 0 00:00:00  -  Total Local Usage
	0  -  Run Bytes Sent By Job
	7584148  -  Run Bytes Received By Job
	0  -  Total Bytes Sent By Job
	7584148  -  Total Bytes Received By Job
	Partitionable Resources :    Usage  Request Allocated 
	   Cpus                 :     0.99        4         4 
	   Disk (KB)            : 32993        7500     11021 
	   GPUs                 :                           0 
	   Memory (MB)          :    39       12000     12000 
	   TimeExecute (s)      :  4635                       
	   TimeSlotBusy (s)     :  4635                       

	Job terminated of its own accord at 2025-12-16T08:07:59Z with exit-code 0.
...
