000 (10610887.258.000) 12/16 07:14:31 Job submitted from host: <188.185.71.83:9618?addrs=188.185.71.83-9618+[2001-1458-d00-7--100-34d]-9618&alias=bigbird18.cern.ch&noUDP&sock=schedd_5052_d48c>
...
040 (10610887.258.000) 12/16 07:45:14 Started transferring input files
	Transferring to host: <188.185.207.62:9618?addrs=188.185.207.62-9618+[2001-1458-303-d--100-3b]-9618&alias=b9p07p7998.cern.ch&noUDP&sock=slot1_8_4525_0591_77848>
...
040 (10610887.258.000) 12/16 07:45:14 Finished transferring input files
...
001 (10610887.258.000) 12/16 07:45:14 Job executing on host: <188.185.207.62:9618?addrs=188.185.207.62-9618+[2001-1458-303-d--100-3b]-9618&alias=b9p07p7998.cern.ch&noUDP&sock=startd_3748_650d>
	SlotName: slot1_8@b9p07p7998.cern.ch
	CondorScratchDir = "/pool/condor/dir_813511"
	Cpus = 4
	Disk = 10909
	GPUs = 0
	Memory = 12000
...
006 (10610887.258.000) 12/16 07:45:28 Image size of job updated: 40768
	40  -  MemoryUsage of job (MB)
	40768  -  ResidentSetSize of job (KB)
...
006 (10610887.258.000) 12/16 07:50:29 Image size of job updated: 40828
	40  -  MemoryUsage of job (MB)
	40768  -  ResidentSetSize of job (KB)
...
006 (10610887.258.000) 12/16 09:28:58 Image size of job updated: 121468
	40  -  MemoryUsage of job (MB)
	40768  -  ResidentSetSize of job (KB)
...
040 (10610887.258.000) 12/16 09:28:59 Started transferring output files
...
040 (10610887.258.000) 12/16 09:28:59 Finished transferring output files
...
005 (10610887.258.000) 12/16 09:28:59 Job terminated.
	(1) Normal termination (return value 0)
		Usr 0 01:42:14, Sys 0 00:00:09  -  Run Remote Usage
		Usr 0 00:00:00, Sys 0 00:00:00  -  Run Local Usage
		Usr 0 01:42:14, Sys 0 00:00:09  -  Total Remote Usage
		Usr 0 00:00:00, Sys 0 00:00:00  -  Total Local Usage
	0  -  Run Bytes Sent By Job
	7584148  -  Run Bytes Received By Job
	0  -  Total Bytes Sent By Job
	7584148  -  Total Bytes Received By Job
	Partitionable Resources :    Usage  Request Allocated 
	   Cpus                 :     0.99        4         4 
	   Disk (KB)            : 33486        7500     10909 
	   GPUs                 :                           0 
	   Memory (MB)          :    40       12000     12000 
	   TimeExecute (s)      :  6224                       
	   TimeSlotBusy (s)     :  6225                       

	Job terminated of its own accord at 2025-12-16T08:28:58Z with exit-code 0.
...
