000 (10610889.228.000) 12/16 07:15:00 Job submitted from host: <188.185.71.83:9618?addrs=188.185.71.83-9618+[2001-1458-d00-7--100-34d]-9618&alias=bigbird18.cern.ch&noUDP&sock=schedd_5052_d48c>
...
040 (10610889.228.000) 12/16 13:31:27 Started transferring input files
	Transferring to host: <188.185.206.136:9618?addrs=188.185.206.136-9618+[2001-1458-303-c--100-5]-9618&alias=b9p06p5258.cern.ch&noUDP&sock=slot1_2_7195_473e_80059>
...
040 (10610889.228.000) 12/16 13:31:27 Finished transferring input files
...
001 (10610889.228.000) 12/16 13:31:27 Job executing on host: <188.185.206.136:9618?addrs=188.185.206.136-9618+[2001-1458-303-c--100-5]-9618&alias=b9p06p5258.cern.ch&noUDP&sock=startd_6235_4516>
	SlotName: slot1_2@b9p06p5258.cern.ch
	CondorScratchDir = "/pool/condor/dir_3367529"
	Cpus = 4
	Disk = 10901
	GPUs = 0
	Memory = 12000
...
006 (10610889.228.000) 12/16 13:31:41 Image size of job updated: 39624
	39  -  MemoryUsage of job (MB)
	39624  -  ResidentSetSize of job (KB)
...
006 (10610889.228.000) 12/16 13:36:42 Image size of job updated: 40004
	39  -  MemoryUsage of job (MB)
	39624  -  ResidentSetSize of job (KB)
...
006 (10610889.228.000) 12/16 15:10:22 Image size of job updated: 120652
	39  -  MemoryUsage of job (MB)
	39624  -  ResidentSetSize of job (KB)
...
040 (10610889.228.000) 12/16 15:10:22 Started transferring output files
...
040 (10610889.228.000) 12/16 15:10:23 Finished transferring output files
...
005 (10610889.228.000) 12/16 15:10:23 Job terminated.
	(1) Normal termination (return value 0)
		Usr 0 01:37:31, Sys 0 00:00:08  -  Run Remote Usage
		Usr 0 00:00:00, Sys 0 00:00:00  -  Run Local Usage
		Usr 0 01:37:31, Sys 0 00:00:08  -  Total Remote Usage
		Usr 0 00:00:00, Sys 0 00:00:00  -  Total Local Usage
	0  -  Run Bytes Sent By Job
	7584148  -  Run Bytes Received By Job
	0  -  Total Bytes Sent By Job
	7584148  -  Total Bytes Received By Job
	Partitionable Resources :    Usage  Request Allocated 
	   Cpus                 :     0.99        4         4 
	   Disk (KB)            : 32804        7500     10901 
	   GPUs                 :                           0 
	   Memory (MB)          :    39       12000     12000 
	   TimeExecute (s)      :  5935                       
	   TimeSlotBusy (s)     :  5937                       

	Job terminated of its own accord at 2025-12-16T14:10:22Z with exit-code 0.
...
