000 (10613550.610.000) 12/16 14:40:59 Job submitted from host: <188.185.71.83:9618?addrs=188.185.71.83-9618+[2001-1458-d00-7--100-34d]-9618&alias=bigbird18.cern.ch&noUDP&sock=schedd_5052_d48c>
...
040 (10613550.610.000) 12/16 16:43:53 Started transferring input files
	Transferring to host: <188.185.214.62:9618?addrs=188.185.214.62-9618+[2001-1458-303-1c--100-3a]-9618&alias=b9p29p3548.cern.ch&noUDP&sock=slot1_15_9287_4813_108518>
...
040 (10613550.610.000) 12/16 16:43:53 Finished transferring input files
...
001 (10613550.610.000) 12/16 16:43:53 Job executing on host: <188.185.214.62:9618?addrs=188.185.214.62-9618+[2001-1458-303-1c--100-3a]-9618&alias=b9p29p3548.cern.ch&noUDP&sock=startd_8649_12b5>
	SlotName: slot1_15@b9p29p3548.cern.ch
	CondorScratchDir = "/pool/condor/dir_192351"
	Cpus = 4
	Disk = 10955
	GPUs = 0
	Memory = 12000
...
006 (10613550.610.000) 12/16 16:44:06 Image size of job updated: 37468
	37  -  MemoryUsage of job (MB)
	37468  -  ResidentSetSize of job (KB)
...
006 (10613550.610.000) 12/16 16:49:06 Image size of job updated: 37888
	37  -  MemoryUsage of job (MB)
	37468  -  ResidentSetSize of job (KB)
...
006 (10613550.610.000) 12/16 17:49:11 Image size of job updated: 43668
	43  -  MemoryUsage of job (MB)
	43668  -  ResidentSetSize of job (KB)
...
006 (10613550.610.000) 12/16 17:58:56 Image size of job updated: 125444
	43  -  MemoryUsage of job (MB)
	43668  -  ResidentSetSize of job (KB)
...
040 (10613550.610.000) 12/16 17:58:57 Started transferring output files
...
040 (10613550.610.000) 12/16 17:58:57 Finished transferring output files
...
005 (10613550.610.000) 12/16 17:58:57 Job terminated.
	(1) Normal termination (return value 0)
		Usr 0 01:14:19, Sys 0 00:00:04  -  Run Remote Usage
		Usr 0 00:00:00, Sys 0 00:00:00  -  Run Local Usage
		Usr 0 01:14:19, Sys 0 00:00:04  -  Total Remote Usage
		Usr 0 00:00:00, Sys 0 00:00:00  -  Total Local Usage
	0  -  Run Bytes Sent By Job
	7584148  -  Run Bytes Received By Job
	0  -  Total Bytes Sent By Job
	7584148  -  Total Bytes Received By Job
	Partitionable Resources :    Usage  Request Allocated 
	   Cpus                 :     0.99        4         4 
	   Disk (KB)            : 33459        7500     10955 
	   GPUs                 :                           0 
	   Memory (MB)          :    43       12000     12000 
	   TimeExecute (s)      :  4503                       
	   TimeSlotBusy (s)     :  4504                       

	Job terminated of its own accord at 2025-12-16T16:58:56Z with exit-code 0.
...
