000 (10610887.342.000) 12/16 07:14:31 Job submitted from host: <188.185.71.83:9618?addrs=188.185.71.83-9618+[2001-1458-d00-7--100-34d]-9618&alias=bigbird18.cern.ch&noUDP&sock=schedd_5052_d48c>
...
040 (10610887.342.000) 12/16 07:49:40 Started transferring input files
	Transferring to host: <128.142.161.107:9618?addrs=128.142.161.107-9618+[2001-1458-301-b8--100-29]-9618&alias=b9g03p5993.cern.ch&noUDP&sock=slot1_9_1428452_6861_107158>
...
040 (10610887.342.000) 12/16 07:49:40 Finished transferring input files
...
001 (10610887.342.000) 12/16 07:49:40 Job executing on host: <128.142.161.107:9618?addrs=128.142.161.107-9618+[2001-1458-301-b8--100-29]-9618&alias=b9g03p5993.cern.ch&noUDP&sock=startd_3684_7efd>
	SlotName: slot1_9@b9g03p5993.cern.ch
	CondorScratchDir = "/pool/condor/dir_2961534"
	Cpus = 4
	Disk = 11210
	GPUs = 0
	Memory = 12000
...
006 (10610887.342.000) 12/16 07:49:53 Image size of job updated: 1644
	2  -  MemoryUsage of job (MB)
	1644  -  ResidentSetSize of job (KB)
...
006 (10610887.342.000) 12/16 07:54:53 Image size of job updated: 25172
	24  -  MemoryUsage of job (MB)
	24312  -  ResidentSetSize of job (KB)
...
006 (10610887.342.000) 12/16 09:43:54 Image size of job updated: 116584
	24  -  MemoryUsage of job (MB)
	24312  -  ResidentSetSize of job (KB)
...
040 (10610887.342.000) 12/16 09:43:55 Started transferring output files
...
040 (10610887.342.000) 12/16 09:43:55 Finished transferring output files
...
005 (10610887.342.000) 12/16 09:43:55 Job terminated.
	(1) Normal termination (return value 0)
		Usr 0 01:52:22, Sys 0 00:00:07  -  Run Remote Usage
		Usr 0 00:00:00, Sys 0 00:00:00  -  Run Local Usage
		Usr 0 01:52:22, Sys 0 00:00:07  -  Total Remote Usage
		Usr 0 00:00:00, Sys 0 00:00:00  -  Total Local Usage
	0  -  Run Bytes Sent By Job
	7584148  -  Run Bytes Received By Job
	0  -  Total Bytes Sent By Job
	7584148  -  Total Bytes Received By Job
	Partitionable Resources :    Usage  Request Allocated 
	   Cpus                 :     0.99        4         4 
	   Disk (KB)            : 34216        7500     11210 
	   GPUs                 :                           0 
	   Memory (MB)          :    24       12000     12000 
	   TimeExecute (s)      :  6854                       
	   TimeSlotBusy (s)     :  6855                       

	Job terminated of its own accord at 2025-12-16T08:43:54Z with exit-code 0.
...
