000 (10613549.149.000) 12/16 14:40:44 Job submitted from host: <188.185.71.83:9618?addrs=188.185.71.83-9618+[2001-1458-d00-7--100-34d]-9618&alias=bigbird18.cern.ch&noUDP&sock=schedd_5052_d48c>
...
040 (10613549.149.000) 12/16 15:12:26 Started transferring input files
	Transferring to host: <188.185.207.12:9618?addrs=188.185.207.12-9618+[2001-1458-303-d--100-9]-9618&alias=b9p07p0675.cern.ch&noUDP&sock=slot1_13_4462_a1ef_77635>
...
040 (10613549.149.000) 12/16 15:12:26 Finished transferring input files
...
001 (10613549.149.000) 12/16 15:12:26 Job executing on host: <188.185.207.12:9618?addrs=188.185.207.12-9618+[2001-1458-303-d--100-9]-9618&alias=b9p07p0675.cern.ch&noUDP&sock=startd_3761_4fc8>
	SlotName: slot1_13@b9p07p0675.cern.ch
	CondorScratchDir = "/pool/condor/dir_3574317"
	Cpus = 4
	Disk = 10662
	GPUs = 0
	Memory = 12000
...
006 (10613549.149.000) 12/16 15:12:40 Image size of job updated: 37708
	37  -  MemoryUsage of job (MB)
	37708  -  ResidentSetSize of job (KB)
...
006 (10613549.149.000) 12/16 15:17:41 Image size of job updated: 38076
	37  -  MemoryUsage of job (MB)
	37708  -  ResidentSetSize of job (KB)
...
040 (10613549.149.000) 12/16 16:48:00 Started transferring output files
...
040 (10613549.149.000) 12/16 16:48:01 Finished transferring output files
...
005 (10613549.149.000) 12/16 16:48:01 Job terminated.
	(1) Normal termination (return value 0)
		Usr 0 01:34:12, Sys 0 00:00:08  -  Run Remote Usage
		Usr 0 00:00:00, Sys 0 00:00:00  -  Run Local Usage
		Usr 0 01:34:12, Sys 0 00:00:08  -  Total Remote Usage
		Usr 0 00:00:00, Sys 0 00:00:00  -  Total Local Usage
	0  -  Run Bytes Sent By Job
	7584148  -  Run Bytes Received By Job
	0  -  Total Bytes Sent By Job
	7584148  -  Total Bytes Received By Job
	Partitionable Resources :    Usage  Request Allocated 
	   Cpus                 :     0.99        4         4 
	   Disk (KB)            : 32927        7500     10662 
	   GPUs                 :                           0 
	   Memory (MB)          :    37       12000     12000 
	   TimeExecute (s)      :  5734                       
	   TimeSlotBusy (s)     :  5735                       

	Job terminated of its own accord at 2025-12-16T15:48:00Z with exit-code 0.
...
