000 (10610889.139.000) 12/16 07:15:00 Job submitted from host: <188.185.71.83:9618?addrs=188.185.71.83-9618+[2001-1458-d00-7--100-34d]-9618&alias=bigbird18.cern.ch&noUDP&sock=schedd_5052_d48c>
...
040 (10610889.139.000) 12/16 13:25:23 Started transferring input files
	Transferring to host: <188.185.193.171:9618?addrs=188.185.193.171-9618+[2001-1458-303-20--100-a7]-9618&alias=b9p19p9189.cern.ch&noUDP&sock=slot1_1_6001_ff4d_80709>
...
040 (10610889.139.000) 12/16 13:25:25 Finished transferring input files
...
001 (10610889.139.000) 12/16 13:25:25 Job executing on host: <188.185.193.171:9618?addrs=188.185.193.171-9618+[2001-1458-303-20--100-a7]-9618&alias=b9p19p9189.cern.ch&noUDP&sock=startd_4875_6c49>
	SlotName: slot1_1@b9p19p9189.cern.ch
	CondorScratchDir = "/pool/condor/dir_2113477"
	Cpus = 4
	Disk = 38656
	GPUs = 0
	Memory = 12000
...
006 (10610889.139.000) 12/16 13:25:38 Image size of job updated: 40044
	40  -  MemoryUsage of job (MB)
	40044  -  ResidentSetSize of job (KB)
...
006 (10610889.139.000) 12/16 13:30:38 Image size of job updated: 40464
	40  -  MemoryUsage of job (MB)
	40044  -  ResidentSetSize of job (KB)
...
006 (10610889.139.000) 12/16 15:40:46 Image size of job updated: 120996
	40  -  MemoryUsage of job (MB)
	40044  -  ResidentSetSize of job (KB)
...
040 (10610889.139.000) 12/16 15:40:46 Started transferring output files
...
040 (10610889.139.000) 12/16 15:40:46 Finished transferring output files
...
005 (10610889.139.000) 12/16 15:40:46 Job terminated.
	(1) Normal termination (return value 0)
		Usr 0 02:13:57, Sys 0 00:00:10  -  Run Remote Usage
		Usr 0 00:00:00, Sys 0 00:00:00  -  Run Local Usage
		Usr 0 02:13:57, Sys 0 00:00:10  -  Total Remote Usage
		Usr 0 00:00:00, Sys 0 00:00:00  -  Total Local Usage
	0  -  Run Bytes Sent By Job
	7584148  -  Run Bytes Received By Job
	0  -  Total Bytes Sent By Job
	7584148  -  Total Bytes Received By Job
	Partitionable Resources :    Usage  Request Allocated 
	   Cpus                 :     1.00        4         4 
	   Disk (KB)            : 33224        7500     38656 
	   GPUs                 :                           0 
	   Memory (MB)          :    40       12000     12000 
	   TimeExecute (s)      :  8121                       
	   TimeSlotBusy (s)     :  8123                       

	Job terminated of its own accord at 2025-12-16T14:40:46Z with exit-code 0.
...
