000 (10613549.916.000) 12/16 14:40:45 Job submitted from host: <188.185.71.83:9618?addrs=188.185.71.83-9618+[2001-1458-d00-7--100-34d]-9618&alias=bigbird18.cern.ch&noUDP&sock=schedd_5052_d48c>
...
040 (10613549.916.000) 12/16 15:34:48 Started transferring input files
	Transferring to host: <188.185.211.104:9618?addrs=188.185.211.104-9618+[2001-1458-303-16--100-64]-9618&alias=b9p23p5412.cern.ch&noUDP&sock=slot1_24_6103_dd91_88935>
...
040 (10613549.916.000) 12/16 15:34:48 Finished transferring input files
...
001 (10613549.916.000) 12/16 15:34:48 Job executing on host: <188.185.211.104:9618?addrs=188.185.211.104-9618+[2001-1458-303-16--100-64]-9618&alias=b9p23p5412.cern.ch&noUDP&sock=startd_5319_f855>
	SlotName: slot1_24@b9p23p5412.cern.ch
	CondorScratchDir = "/pool/condor/dir_849772"
	Cpus = 4
	Disk = 11065
	GPUs = 0
	Memory = 12000
...
006 (10613549.916.000) 12/16 15:35:02 Image size of job updated: 37516
	37  -  MemoryUsage of job (MB)
	37516  -  ResidentSetSize of job (KB)
...
040 (10613549.916.000) 12/16 16:57:52 Started transferring output files
...
040 (10613549.916.000) 12/16 16:57:53 Finished transferring output files
...
005 (10613549.916.000) 12/16 16:57:53 Job terminated.
	(1) Normal termination (return value 0)
		Usr 0 01:21:53, Sys 0 00:00:09  -  Run Remote Usage
		Usr 0 00:00:00, Sys 0 00:00:00  -  Run Local Usage
		Usr 0 01:21:53, Sys 0 00:00:09  -  Total Remote Usage
		Usr 0 00:00:00, Sys 0 00:00:00  -  Total Local Usage
	0  -  Run Bytes Sent By Job
	7584148  -  Run Bytes Received By Job
	0  -  Total Bytes Sent By Job
	7584148  -  Total Bytes Received By Job
	Partitionable Resources :    Usage  Request Allocated 
	   Cpus                 :     0.99        4         4 
	   Disk (KB)            : 33663        7500     11065 
	   GPUs                 :                           0 
	   Memory (MB)          :    37       12000     12000 
	   TimeExecute (s)      :  4984                       
	   TimeSlotBusy (s)     :  4985                       

	Job terminated of its own accord at 2025-12-16T15:57:52Z with exit-code 0.
...
