000 (10610887.632.000) 12/16 07:14:31 Job submitted from host: <188.185.71.83:9618?addrs=188.185.71.83-9618+[2001-1458-d00-7--100-34d]-9618&alias=bigbird18.cern.ch&noUDP&sock=schedd_5052_d48c>
...
040 (10610887.632.000) 12/16 07:54:48 Started transferring input files
	Transferring to host: <188.185.214.145:9618?addrs=188.185.214.145-9618+[2001-1458-303-1d--100-d]-9618&alias=b9p30p1671.cern.ch&noUDP&sock=slot1_45_7296_7122_94165>
...
040 (10610887.632.000) 12/16 07:54:48 Finished transferring input files
...
001 (10610887.632.000) 12/16 07:54:48 Job executing on host: <188.185.214.145:9618?addrs=188.185.214.145-9618+[2001-1458-303-1d--100-d]-9618&alias=b9p30p1671.cern.ch&noUDP&sock=startd_6631_e497>
	SlotName: slot1_45@b9p30p1671.cern.ch
	CondorScratchDir = "/pool/condor/dir_4150841"
	Cpus = 4
	Disk = 10925
	GPUs = 0
	Memory = 12000
...
006 (10610887.632.000) 12/16 07:55:02 Image size of job updated: 37516
	37  -  MemoryUsage of job (MB)
	37516  -  ResidentSetSize of job (KB)
...
006 (10610887.632.000) 12/16 08:00:04 Image size of job updated: 37940
	37  -  MemoryUsage of job (MB)
	37516  -  ResidentSetSize of job (KB)
...
006 (10610887.632.000) 12/16 09:43:22 Image size of job updated: 118480
	37  -  MemoryUsage of job (MB)
	37516  -  ResidentSetSize of job (KB)
...
040 (10610887.632.000) 12/16 09:43:22 Started transferring output files
...
040 (10610887.632.000) 12/16 09:43:23 Finished transferring output files
...
005 (10610887.632.000) 12/16 09:43:23 Job terminated.
	(1) Normal termination (return value 0)
		Usr 0 01:44:35, Sys 0 00:00:16  -  Run Remote Usage
		Usr 0 00:00:00, Sys 0 00:00:00  -  Run Local Usage
		Usr 0 01:44:35, Sys 0 00:00:16  -  Total Remote Usage
		Usr 0 00:00:00, Sys 0 00:00:00  -  Total Local Usage
	0  -  Run Bytes Sent By Job
	7584148  -  Run Bytes Received By Job
	0  -  Total Bytes Sent By Job
	7584148  -  Total Bytes Received By Job
	Partitionable Resources :    Usage  Request Allocated 
	   Cpus                 :     0.99        4         4 
	   Disk (KB)            : 32884        7500     10925 
	   GPUs                 :                           0 
	   Memory (MB)          :    37       12000     12000 
	   TimeExecute (s)      :  6514                       
	   TimeSlotBusy (s)     :  6516                       

	Job terminated of its own accord at 2025-12-16T08:43:22Z with exit-code 0.
...
