000 (10613550.474.000) 12/16 14:40:59 Job submitted from host: <188.185.71.83:9618?addrs=188.185.71.83-9618+[2001-1458-d00-7--100-34d]-9618&alias=bigbird18.cern.ch&noUDP&sock=schedd_5052_d48c>
...
040 (10613550.474.000) 12/16 16:10:59 Started transferring input files
	Transferring to host: <188.185.209.75:9618?addrs=188.185.209.75-9618+[2001-1458-303-11--100-48]-9618&alias=b9p11p9087.cern.ch&noUDP&sock=slot1_12_4929_ad22_84281>
...
040 (10613550.474.000) 12/16 16:10:59 Finished transferring input files
...
001 (10613550.474.000) 12/16 16:10:59 Job executing on host: <188.185.209.75:9618?addrs=188.185.209.75-9618+[2001-1458-303-11--100-48]-9618&alias=b9p11p9087.cern.ch&noUDP&sock=startd_4177_a72e>
	SlotName: slot1_12@b9p11p9087.cern.ch
	CondorScratchDir = "/pool/condor/dir_4028112"
	Cpus = 4
	Disk = 10680
	GPUs = 0
	Memory = 12000
...
006 (10613550.474.000) 12/16 16:11:13 Image size of job updated: 26268
	26  -  MemoryUsage of job (MB)
	26268  -  ResidentSetSize of job (KB)
...
006 (10613550.474.000) 12/16 16:16:14 Image size of job updated: 26648
	26  -  MemoryUsage of job (MB)
	26268  -  ResidentSetSize of job (KB)
...
040 (10613550.474.000) 12/16 17:38:03 Started transferring output files
...
040 (10613550.474.000) 12/16 17:38:03 Finished transferring output files
...
005 (10613550.474.000) 12/16 17:38:03 Job terminated.
	(1) Normal termination (return value 0)
		Usr 0 01:25:22, Sys 0 00:00:07  -  Run Remote Usage
		Usr 0 00:00:00, Sys 0 00:00:00  -  Run Local Usage
		Usr 0 01:25:22, Sys 0 00:00:07  -  Total Remote Usage
		Usr 0 00:00:00, Sys 0 00:00:00  -  Total Local Usage
	0  -  Run Bytes Sent By Job
	7584148  -  Run Bytes Received By Job
	0  -  Total Bytes Sent By Job
	7584148  -  Total Bytes Received By Job
	Partitionable Resources :    Usage  Request Allocated 
	   Cpus                 :     0.99        4         4 
	   Disk (KB)            : 33981        7500     10680 
	   GPUs                 :                           0 
	   Memory (MB)          :    26       12000     12000 
	   TimeExecute (s)      :  5223                       
	   TimeSlotBusy (s)     :  5224                       

	Job terminated of its own accord at 2025-12-16T16:38:02Z with exit-code 0.
...
