000 (10613550.794.000) 12/16 14:41:00 Job submitted from host: <188.185.71.83:9618?addrs=188.185.71.83-9618+[2001-1458-d00-7--100-34d]-9618&alias=bigbird18.cern.ch&noUDP&sock=schedd_5052_d48c>
...
040 (10613550.794.000) 12/16 16:50:31 Started transferring input files
	Transferring to host: <188.185.214.9:9618?addrs=188.185.214.9-9618+[2001-1458-303-1c--100-5]-9618&alias=b9p29p0597.cern.ch&noUDP&sock=slot1_17_1197108_a1a1_14990>
...
040 (10613550.794.000) 12/16 16:50:31 Finished transferring input files
...
001 (10613550.794.000) 12/16 16:50:31 Job executing on host: <188.185.214.9:9618?addrs=188.185.214.9-9618+[2001-1458-303-1c--100-5]-9618&alias=b9p29p0597.cern.ch&noUDP&sock=startd_1196988_c908>
	SlotName: slot1_17@b9p29p0597.cern.ch
	CondorScratchDir = "/pool/condor/dir_3224929"
	Cpus = 4
	Disk = 10951
	GPUs = 0
	Memory = 12000
...
006 (10613550.794.000) 12/16 16:50:44 Image size of job updated: 40024
	40  -  MemoryUsage of job (MB)
	40024  -  ResidentSetSize of job (KB)
...
006 (10613550.794.000) 12/16 16:55:44 Image size of job updated: 40116
	40  -  MemoryUsage of job (MB)
	40024  -  ResidentSetSize of job (KB)
...
006 (10613550.794.000) 12/16 18:01:07 Image size of job updated: 120696
	40  -  MemoryUsage of job (MB)
	40024  -  ResidentSetSize of job (KB)
...
040 (10613550.794.000) 12/16 18:01:07 Started transferring output files
...
040 (10613550.794.000) 12/16 18:01:08 Finished transferring output files
...
005 (10613550.794.000) 12/16 18:01:08 Job terminated.
	(1) Normal termination (return value 0)
		Usr 0 01:09:46, Sys 0 00:00:08  -  Run Remote Usage
		Usr 0 00:00:00, Sys 0 00:00:00  -  Run Local Usage
		Usr 0 01:09:46, Sys 0 00:00:08  -  Total Remote Usage
		Usr 0 00:00:00, Sys 0 00:00:00  -  Total Local Usage
	0  -  Run Bytes Sent By Job
	7584148  -  Run Bytes Received By Job
	0  -  Total Bytes Sent By Job
	7584148  -  Total Bytes Received By Job
	Partitionable Resources :    Usage  Request Allocated 
	   Cpus                 :     0.99        4         4 
	   Disk (KB)            : 33284        7500     10951 
	   GPUs                 :                           0 
	   Memory (MB)          :    40       12000     12000 
	   TimeExecute (s)      :  4236                       
	   TimeSlotBusy (s)     :  4237                       

	Job terminated of its own accord at 2025-12-16T17:01:07Z with exit-code 0.
...
