000 (10613549.230.000) 12/16 14:40:44 Job submitted from host: <188.185.71.83:9618?addrs=188.185.71.83-9618+[2001-1458-d00-7--100-34d]-9618&alias=bigbird18.cern.ch&noUDP&sock=schedd_5052_d48c>
...
040 (10613549.230.000) 12/16 15:27:31 Started transferring input files
	Transferring to host: <128.142.33.218:9618?addrs=128.142.33.218-9618+[2001-1458-301-39--100-17]-9618&alias=b9g24p9845.cern.ch&noUDP&sock=slot1_30_10506_2d64_95328>
...
040 (10613549.230.000) 12/16 15:27:31 Finished transferring input files
...
001 (10613549.230.000) 12/16 15:27:31 Job executing on host: <128.142.33.218:9618?addrs=128.142.33.218-9618+[2001-1458-301-39--100-17]-9618&alias=b9g24p9845.cern.ch&noUDP&sock=startd_10087_6be5>
	SlotName: slot1_30@b9g24p9845.cern.ch
	CondorScratchDir = "/pool/condor/dir_816137"
	Cpus = 4
	Disk = 10976
	GPUs = 0
	Memory = 12000
...
006 (10613549.230.000) 12/16 15:27:44 Image size of job updated: 42080
	42  -  MemoryUsage of job (MB)
	42080  -  ResidentSetSize of job (KB)
...
006 (10613549.230.000) 12/16 15:32:44 Image size of job updated: 42172
	42  -  MemoryUsage of job (MB)
	42080  -  ResidentSetSize of job (KB)
...
006 (10613549.230.000) 12/16 16:58:48 Image size of job updated: 122748
	42  -  MemoryUsage of job (MB)
	42080  -  ResidentSetSize of job (KB)
...
040 (10613549.230.000) 12/16 16:58:48 Started transferring output files
...
040 (10613549.230.000) 12/16 16:58:48 Finished transferring output files
...
005 (10613549.230.000) 12/16 16:58:48 Job terminated.
	(1) Normal termination (return value 0)
		Usr 0 01:29:24, Sys 0 00:00:14  -  Run Remote Usage
		Usr 0 00:00:00, Sys 0 00:00:00  -  Run Local Usage
		Usr 0 01:29:24, Sys 0 00:00:14  -  Total Remote Usage
		Usr 0 00:00:00, Sys 0 00:00:00  -  Total Local Usage
	0  -  Run Bytes Sent By Job
	7584148  -  Run Bytes Received By Job
	0  -  Total Bytes Sent By Job
	7584148  -  Total Bytes Received By Job
	Partitionable Resources :    Usage  Request Allocated 
	   Cpus                 :     0.99        4         4 
	   Disk (KB)            : 33631        7500     10976 
	   GPUs                 :                           0 
	   Memory (MB)          :    42       12000     12000 
	   TimeExecute (s)      :  5477                       
	   TimeSlotBusy (s)     :  5478                       

	Job terminated of its own accord at 2025-12-16T15:58:48Z with exit-code 0.
...
