000 (10610887.679.000) 12/16 07:14:31 Job submitted from host: <188.185.71.83:9618?addrs=188.185.71.83-9618+[2001-1458-d00-7--100-34d]-9618&alias=bigbird18.cern.ch&noUDP&sock=schedd_5052_d48c>
...
040 (10610887.679.000) 12/16 07:55:02 Started transferring input files
	Transferring to host: <188.185.211.233:9618?addrs=188.185.211.233-9618+[2001-1458-303-17--100-65]-9618&alias=b9p24p5936.cern.ch&noUDP&sock=slot1_8_6949_f2f4_93154>
...
040 (10610887.679.000) 12/16 07:55:02 Finished transferring input files
...
001 (10610887.679.000) 12/16 07:55:02 Job executing on host: <188.185.211.233:9618?addrs=188.185.211.233-9618+[2001-1458-303-17--100-65]-9618&alias=b9p24p5936.cern.ch&noUDP&sock=startd_5795_776a>
	SlotName: slot1_8@b9p24p5936.cern.ch
	CondorScratchDir = "/pool/condor/dir_3105803"
	Cpus = 4
	Disk = 10944
	GPUs = 0
	Memory = 12000
...
006 (10610887.679.000) 12/16 07:55:16 Image size of job updated: 39512
	39  -  MemoryUsage of job (MB)
	39512  -  ResidentSetSize of job (KB)
...
006 (10610887.679.000) 12/16 08:00:17 Image size of job updated: 39932
	39  -  MemoryUsage of job (MB)
	39512  -  ResidentSetSize of job (KB)
...
040 (10610887.679.000) 12/16 09:36:44 Started transferring output files
...
040 (10610887.679.000) 12/16 09:36:44 Finished transferring output files
...
005 (10610887.679.000) 12/16 09:36:44 Job terminated.
	(1) Normal termination (return value 0)
		Usr 0 01:39:35, Sys 0 00:00:10  -  Run Remote Usage
		Usr 0 00:00:00, Sys 0 00:00:00  -  Run Local Usage
		Usr 0 01:39:35, Sys 0 00:00:10  -  Total Remote Usage
		Usr 0 00:00:00, Sys 0 00:00:00  -  Total Local Usage
	0  -  Run Bytes Sent By Job
	7584148  -  Run Bytes Received By Job
	0  -  Total Bytes Sent By Job
	7584148  -  Total Bytes Received By Job
	Partitionable Resources :    Usage  Request Allocated 
	   Cpus                 :     0.99        4         4 
	   Disk (KB)            : 32324        7500     10944 
	   GPUs                 :                           0 
	   Memory (MB)          :    39       12000     12000 
	   TimeExecute (s)      :  6101                       
	   TimeSlotBusy (s)     :  6102                       

	Job terminated of its own accord at 2025-12-16T08:36:43Z with exit-code 0.
...
