000 (10610887.407.000) 12/16 07:14:31 Job submitted from host: <188.185.71.83:9618?addrs=188.185.71.83-9618+[2001-1458-d00-7--100-34d]-9618&alias=bigbird18.cern.ch&noUDP&sock=schedd_5052_d48c>
...
040 (10610887.407.000) 12/16 07:50:21 Started transferring input files
	Transferring to host: <188.185.193.154:9618?addrs=188.185.193.154-9618+[2001-1458-303-20--100-96]-9618&alias=b9p19p4407.cern.ch&noUDP&sock=slot1_17_2666803_b6b6_25596>
...
040 (10610887.407.000) 12/16 07:50:21 Finished transferring input files
...
001 (10610887.407.000) 12/16 07:50:21 Job executing on host: <188.185.193.154:9618?addrs=188.185.193.154-9618+[2001-1458-303-20--100-96]-9618&alias=b9p19p4407.cern.ch&noUDP&sock=startd_4540_a40f>
	SlotName: slot1_17@b9p19p4407.cern.ch
	CondorScratchDir = "/pool/condor/dir_3444091"
	Cpus = 4
	Disk = 11020
	GPUs = 0
	Memory = 12000
...
006 (10610887.407.000) 12/16 07:50:35 Image size of job updated: 42112
	42  -  MemoryUsage of job (MB)
	42112  -  ResidentSetSize of job (KB)
...
006 (10610887.407.000) 12/16 07:55:36 Image size of job updated: 42532
	42  -  MemoryUsage of job (MB)
	42112  -  ResidentSetSize of job (KB)
...
006 (10610887.407.000) 12/16 09:44:45 Image size of job updated: 123072
	42  -  MemoryUsage of job (MB)
	42112  -  ResidentSetSize of job (KB)
...
040 (10610887.407.000) 12/16 09:44:46 Started transferring output files
...
040 (10610887.407.000) 12/16 09:44:46 Finished transferring output files
...
005 (10610887.407.000) 12/16 09:44:46 Job terminated.
	(1) Normal termination (return value 0)
		Usr 0 01:53:02, Sys 0 00:00:16  -  Run Remote Usage
		Usr 0 00:00:00, Sys 0 00:00:00  -  Run Local Usage
		Usr 0 01:53:02, Sys 0 00:00:16  -  Total Remote Usage
		Usr 0 00:00:00, Sys 0 00:00:00  -  Total Local Usage
	0  -  Run Bytes Sent By Job
	7584148  -  Run Bytes Received By Job
	0  -  Total Bytes Sent By Job
	7584148  -  Total Bytes Received By Job
	Partitionable Resources :    Usage  Request Allocated 
	   Cpus                 :     0.99        4         4 
	   Disk (KB)            : 32922        7500     11020 
	   GPUs                 :                           0 
	   Memory (MB)          :    42       12000     12000 
	   TimeExecute (s)      :  6864                       
	   TimeSlotBusy (s)     :  6865                       

	Job terminated of its own accord at 2025-12-16T08:44:45Z with exit-code 0.
...
