000 (10610889.198.000) 12/16 07:15:00 Job submitted from host: <188.185.71.83:9618?addrs=188.185.71.83-9618+[2001-1458-d00-7--100-34d]-9618&alias=bigbird18.cern.ch&noUDP&sock=schedd_5052_d48c>
...
040 (10610889.198.000) 12/16 13:31:26 Started transferring input files
	Transferring to host: <188.185.211.58:9618?addrs=188.185.211.58-9618+[2001-1458-303-16--100-36]-9618&alias=b9p23p3468.cern.ch&noUDP&sock=slot1_13_7233_0d7f_92364>
...
040 (10610889.198.000) 12/16 13:31:26 Finished transferring input files
...
001 (10610889.198.000) 12/16 13:31:26 Job executing on host: <188.185.211.58:9618?addrs=188.185.211.58-9618+[2001-1458-303-16--100-36]-9618&alias=b9p23p3468.cern.ch&noUDP&sock=startd_6622_b83d>
	SlotName: slot1_13@b9p23p3468.cern.ch
	CondorScratchDir = "/pool/condor/dir_3327480"
	Cpus = 4
	Disk = 11025
	GPUs = 0
	Memory = 12000
...
006 (10610889.198.000) 12/16 13:31:40 Image size of job updated: 37500
	37  -  MemoryUsage of job (MB)
	37500  -  ResidentSetSize of job (KB)
...
006 (10610889.198.000) 12/16 13:36:41 Image size of job updated: 37920
	37  -  MemoryUsage of job (MB)
	37500  -  ResidentSetSize of job (KB)
...
040 (10610889.198.000) 12/16 15:05:18 Started transferring output files
...
040 (10610889.198.000) 12/16 15:05:18 Finished transferring output files
...
005 (10610889.198.000) 12/16 15:05:18 Job terminated.
	(1) Normal termination (return value 0)
		Usr 0 01:32:24, Sys 0 00:00:10  -  Run Remote Usage
		Usr 0 00:00:00, Sys 0 00:00:00  -  Run Local Usage
		Usr 0 01:32:24, Sys 0 00:00:10  -  Total Remote Usage
		Usr 0 00:00:00, Sys 0 00:00:00  -  Total Local Usage
	0  -  Run Bytes Sent By Job
	7584148  -  Run Bytes Received By Job
	0  -  Total Bytes Sent By Job
	7584148  -  Total Bytes Received By Job
	Partitionable Resources :    Usage  Request Allocated 
	   Cpus                 :     0.99        4         4 
	   Disk (KB)            : 32595        7500     11025 
	   GPUs                 :                           0 
	   Memory (MB)          :    37       12000     12000 
	   TimeExecute (s)      :  5631                       
	   TimeSlotBusy (s)     :  5633                       

	Job terminated of its own accord at 2025-12-16T14:05:17Z with exit-code 0.
...
