000 (10613550.095.000) 12/16 14:40:59 Job submitted from host: <188.185.71.83:9618?addrs=188.185.71.83-9618+[2001-1458-d00-7--100-34d]-9618&alias=bigbird18.cern.ch&noUDP&sock=schedd_5052_d48c>
...
040 (10613550.095.000) 12/16 15:35:48 Started transferring input files
	Transferring to host: <188.185.210.84:9618?addrs=188.185.210.84-9618+[2001-1458-303-1--100-50]-9618&alias=b9p21p5907.cern.ch&noUDP&sock=slot1_7_5619_d7fe_116551>
...
040 (10613550.095.000) 12/16 15:35:48 Finished transferring input files
...
001 (10613550.095.000) 12/16 15:35:48 Job executing on host: <188.185.210.84:9618?addrs=188.185.210.84-9618+[2001-1458-303-1--100-50]-9618&alias=b9p21p5907.cern.ch&noUDP&sock=startd_4688_2813>
	SlotName: slot1_7@b9p21p5907.cern.ch
	CondorScratchDir = "/pool/condor/dir_4019985"
	Cpus = 4
	Disk = 10981
	GPUs = 0
	Memory = 12000
...
006 (10613550.095.000) 12/16 15:36:02 Image size of job updated: 37500
	37  -  MemoryUsage of job (MB)
	37500  -  ResidentSetSize of job (KB)
...
006 (10613550.095.000) 12/16 15:41:03 Image size of job updated: 37920
	37  -  MemoryUsage of job (MB)
	37500  -  ResidentSetSize of job (KB)
...
006 (10613550.095.000) 12/16 17:05:04 Image size of job updated: 118460
	37  -  MemoryUsage of job (MB)
	37500  -  ResidentSetSize of job (KB)
...
040 (10613550.095.000) 12/16 17:05:05 Started transferring output files
...
040 (10613550.095.000) 12/16 17:05:05 Finished transferring output files
...
005 (10613550.095.000) 12/16 17:05:05 Job terminated.
	(1) Normal termination (return value 0)
		Usr 0 01:28:03, Sys 0 00:00:09  -  Run Remote Usage
		Usr 0 00:00:00, Sys 0 00:00:00  -  Run Local Usage
		Usr 0 01:28:03, Sys 0 00:00:09  -  Total Remote Usage
		Usr 0 00:00:00, Sys 0 00:00:00  -  Total Local Usage
	0  -  Run Bytes Sent By Job
	7584148  -  Run Bytes Received By Job
	0  -  Total Bytes Sent By Job
	7584148  -  Total Bytes Received By Job
	Partitionable Resources :    Usage  Request Allocated 
	   Cpus                 :     0.99        4         4 
	   Disk (KB)            : 33308        7500     10981 
	   GPUs                 :                           0 
	   Memory (MB)          :    37       12000     12000 
	   TimeExecute (s)      :  5356                       
	   TimeSlotBusy (s)     :  5357                       

	Job terminated of its own accord at 2025-12-16T16:05:04Z with exit-code 0.
...
