000 (10613550.621.000) 12/16 14:40:59 Job submitted from host: <188.185.71.83:9618?addrs=188.185.71.83-9618+[2001-1458-d00-7--100-34d]-9618&alias=bigbird18.cern.ch&noUDP&sock=schedd_5052_d48c>
...
040 (10613550.621.000) 12/16 16:44:36 Started transferring input files
	Transferring to host: <188.185.214.68:9618?addrs=188.185.214.68-9618+[2001-1458-303-1c--100-40]-9618&alias=b9p29p9608.cern.ch&noUDP&sock=slot1_15_10040_d691_109576>
...
040 (10613550.621.000) 12/16 16:44:36 Finished transferring input files
...
001 (10613550.621.000) 12/16 16:44:36 Job executing on host: <188.185.214.68:9618?addrs=188.185.214.68-9618+[2001-1458-303-1c--100-40]-9618&alias=b9p29p9608.cern.ch&noUDP&sock=startd_9082_1337>
	SlotName: slot1_15@b9p29p9608.cern.ch
	CondorScratchDir = "/pool/condor/dir_3490818"
	Cpus = 4
	Disk = 11088
	GPUs = 0
	Memory = 12000
...
006 (10613550.621.000) 12/16 16:44:49 Image size of job updated: 37496
	37  -  MemoryUsage of job (MB)
	37496  -  ResidentSetSize of job (KB)
...
006 (10613550.621.000) 12/16 16:49:49 Image size of job updated: 37916
	37  -  MemoryUsage of job (MB)
	37496  -  ResidentSetSize of job (KB)
...
006 (10613550.621.000) 12/16 17:39:54 Image size of job updated: 44480
	44  -  MemoryUsage of job (MB)
	44480  -  ResidentSetSize of job (KB)
...
040 (10613550.621.000) 12/16 17:59:48 Started transferring output files
...
040 (10613550.621.000) 12/16 17:59:48 Finished transferring output files
...
005 (10613550.621.000) 12/16 17:59:49 Job terminated.
	(1) Normal termination (return value 0)
		Usr 0 01:14:14, Sys 0 00:00:09  -  Run Remote Usage
		Usr 0 00:00:00, Sys 0 00:00:00  -  Run Local Usage
		Usr 0 01:14:14, Sys 0 00:00:09  -  Total Remote Usage
		Usr 0 00:00:00, Sys 0 00:00:00  -  Total Local Usage
	0  -  Run Bytes Sent By Job
	7584148  -  Run Bytes Received By Job
	0  -  Total Bytes Sent By Job
	7584148  -  Total Bytes Received By Job
	Partitionable Resources :    Usage  Request Allocated 
	   Cpus                 :     0.99        4         4 
	   Disk (KB)            : 32588        7500     11088 
	   GPUs                 :                           0 
	   Memory (MB)          :    44       12000     12000 
	   TimeExecute (s)      :  4512                       
	   TimeSlotBusy (s)     :  4513                       

	Job terminated of its own accord at 2025-12-16T16:59:48Z with exit-code 0.
...
