000 (10610889.857.000) 12/16 07:15:01 Job submitted from host: <188.185.71.83:9618?addrs=188.185.71.83-9618+[2001-1458-d00-7--100-34d]-9618&alias=bigbird18.cern.ch&noUDP&sock=schedd_5052_d48c>
...
040 (10610889.857.000) 12/16 14:26:35 Started transferring input files
	Transferring to host: <188.185.214.26:9618?addrs=188.185.214.26-9618+[2001-1458-303-1c--100-16]-9618&alias=b9p29p0550.cern.ch&noUDP&sock=slot1_12_6799_42ae_90323>
...
040 (10610889.857.000) 12/16 14:26:35 Finished transferring input files
...
001 (10610889.857.000) 12/16 14:26:35 Job executing on host: <188.185.214.26:9618?addrs=188.185.214.26-9618+[2001-1458-303-1c--100-16]-9618&alias=b9p29p0550.cern.ch&noUDP&sock=startd_5906_9a6d>
	SlotName: slot1_12@b9p29p0550.cern.ch
	CondorScratchDir = "/pool/condor/dir_1290106"
	Cpus = 4
	Disk = 10926
	GPUs = 0
	Memory = 12000
...
006 (10610889.857.000) 12/16 14:26:49 Image size of job updated: 37520
	37  -  MemoryUsage of job (MB)
	37520  -  ResidentSetSize of job (KB)
...
006 (10610889.857.000) 12/16 14:31:50 Image size of job updated: 37944
	37  -  MemoryUsage of job (MB)
	37520  -  ResidentSetSize of job (KB)
...
040 (10610889.857.000) 12/16 15:47:33 Started transferring output files
...
040 (10610889.857.000) 12/16 15:47:34 Finished transferring output files
...
005 (10610889.857.000) 12/16 15:47:34 Job terminated.
	(1) Normal termination (return value 0)
		Usr 0 01:19:53, Sys 0 00:00:09  -  Run Remote Usage
		Usr 0 00:00:00, Sys 0 00:00:00  -  Run Local Usage
		Usr 0 01:19:53, Sys 0 00:00:09  -  Total Remote Usage
		Usr 0 00:00:00, Sys 0 00:00:00  -  Total Local Usage
	0  -  Run Bytes Sent By Job
	7584148  -  Run Bytes Received By Job
	0  -  Total Bytes Sent By Job
	7584148  -  Total Bytes Received By Job
	Partitionable Resources :    Usage  Request Allocated 
	   Cpus                 :     0.96        4         4 
	   Disk (KB)            : 32857        7500     10926 
	   GPUs                 :                           0 
	   Memory (MB)          :    37       12000     12000 
	   TimeExecute (s)      :  4858                       
	   TimeSlotBusy (s)     :  4860                       

	Job terminated of its own accord at 2025-12-16T14:47:33Z with exit-code 0.
...
