000 (10613550.922.000) 12/16 14:41:00 Job submitted from host: <188.185.71.83:9618?addrs=188.185.71.83-9618+[2001-1458-d00-7--100-34d]-9618&alias=bigbird18.cern.ch&noUDP&sock=schedd_5052_d48c>
...
040 (10613550.922.000) 12/16 16:54:21 Started transferring input files
	Transferring to host: <188.185.212.107:9618?addrs=188.185.212.107-9618+[2001-1458-303-18--100-67]-9618&alias=b9p25p4759.cern.ch&noUDP&sock=slot1_8_5474_ad98_87359>
...
040 (10613550.922.000) 12/16 16:54:21 Finished transferring input files
...
001 (10613550.922.000) 12/16 16:54:21 Job executing on host: <188.185.212.107:9618?addrs=188.185.212.107-9618+[2001-1458-303-18--100-67]-9618&alias=b9p25p4759.cern.ch&noUDP&sock=startd_4483_8b29>
	SlotName: slot1_8@b9p25p4759.cern.ch
	CondorScratchDir = "/pool/condor/dir_1081244"
	Cpus = 4
	Disk = 10884
	GPUs = 0
	Memory = 12000
...
006 (10613550.922.000) 12/16 16:54:35 Image size of job updated: 37500
	37  -  MemoryUsage of job (MB)
	37500  -  ResidentSetSize of job (KB)
...
006 (10613550.922.000) 12/16 16:59:36 Image size of job updated: 37924
	37  -  MemoryUsage of job (MB)
	37500  -  ResidentSetSize of job (KB)
...
040 (10613550.922.000) 12/16 18:11:47 Started transferring output files
...
040 (10613550.922.000) 12/16 18:11:47 Finished transferring output files
...
005 (10613550.922.000) 12/16 18:11:47 Job terminated.
	(1) Normal termination (return value 0)
		Usr 0 01:16:24, Sys 0 00:00:08  -  Run Remote Usage
		Usr 0 00:00:00, Sys 0 00:00:00  -  Run Local Usage
		Usr 0 01:16:24, Sys 0 00:00:08  -  Total Remote Usage
		Usr 0 00:00:00, Sys 0 00:00:00  -  Total Local Usage
	0  -  Run Bytes Sent By Job
	7584148  -  Run Bytes Received By Job
	0  -  Total Bytes Sent By Job
	7584148  -  Total Bytes Received By Job
	Partitionable Resources :    Usage  Request Allocated 
	   Cpus                 :     0.99        4         4 
	   Disk (KB)            : 32834        7500     10884 
	   GPUs                 :                           0 
	   Memory (MB)          :    37       12000     12000 
	   TimeExecute (s)      :  4645                       
	   TimeSlotBusy (s)     :  4646                       

	Job terminated of its own accord at 2025-12-16T17:11:46Z with exit-code 0.
...
