000 (10610889.396.000) 12/16 07:15:00 Job submitted from host: <188.185.71.83:9618?addrs=188.185.71.83-9618+[2001-1458-d00-7--100-34d]-9618&alias=bigbird18.cern.ch&noUDP&sock=schedd_5052_d48c>
...
040 (10610889.396.000) 12/16 14:08:54 Started transferring input files
	Transferring to host: <188.185.215.37:9618?addrs=188.185.215.37-9618+[2001-1458-303-1e--100-21]-9618&alias=b9p31p9311.cern.ch&noUDP&sock=slot1_6_3916552_f11a_94111>
...
040 (10610889.396.000) 12/16 14:08:54 Finished transferring input files
...
001 (10610889.396.000) 12/16 14:08:54 Job executing on host: <188.185.215.37:9618?addrs=188.185.215.37-9618+[2001-1458-303-1e--100-21]-9618&alias=b9p31p9311.cern.ch&noUDP&sock=startd_3916511_5cf1>
	SlotName: slot1_6@b9p31p9311.cern.ch
	CondorScratchDir = "/pool/condor/dir_3434039"
	Cpus = 4
	Disk = 10922
	GPUs = 0
	Memory = 12000
...
006 (10610889.396.000) 12/16 14:09:08 Image size of job updated: 39588
	39  -  MemoryUsage of job (MB)
	39588  -  ResidentSetSize of job (KB)
...
006 (10610889.396.000) 12/16 14:14:09 Image size of job updated: 40008
	39  -  MemoryUsage of job (MB)
	39588  -  ResidentSetSize of job (KB)
...
006 (10610889.396.000) 12/16 15:24:00 Image size of job updated: 120540
	39  -  MemoryUsage of job (MB)
	39588  -  ResidentSetSize of job (KB)
...
040 (10610889.396.000) 12/16 15:24:00 Started transferring output files
...
040 (10610889.396.000) 12/16 15:24:00 Finished transferring output files
...
005 (10610889.396.000) 12/16 15:24:00 Job terminated.
	(1) Normal termination (return value 0)
		Usr 0 01:14:14, Sys 0 00:00:08  -  Run Remote Usage
		Usr 0 00:00:00, Sys 0 00:00:00  -  Run Local Usage
		Usr 0 01:14:14, Sys 0 00:00:08  -  Total Remote Usage
		Usr 0 00:00:00, Sys 0 00:00:00  -  Total Local Usage
	0  -  Run Bytes Sent By Job
	7584148  -  Run Bytes Received By Job
	0  -  Total Bytes Sent By Job
	7584148  -  Total Bytes Received By Job
	Partitionable Resources :    Usage  Request Allocated 
	   Cpus                 :     0.99        4         4 
	   Disk (KB)            : 32896        7500     10922 
	   GPUs                 :                           0 
	   Memory (MB)          :    39       12000     12000 
	   TimeExecute (s)      :  4506                       
	   TimeSlotBusy (s)     :  4507                       

	Job terminated of its own accord at 2025-12-16T14:24:00Z with exit-code 0.
...
