000 (10610888.354.000) 12/16 07:14:44 Job submitted from host: <188.185.71.83:9618?addrs=188.185.71.83-9618+[2001-1458-d00-7--100-34d]-9618&alias=bigbird18.cern.ch&noUDP&sock=schedd_5052_d48c>
...
040 (10610888.354.000) 12/16 09:19:21 Started transferring input files
	Transferring to host: <188.185.211.171:9618?addrs=188.185.211.171-9618+[2001-1458-303-17--100-27]-9618&alias=b9p24p0247.cern.ch&noUDP&sock=slot1_15_9769_e4e6_92716>
...
040 (10610888.354.000) 12/16 09:19:22 Finished transferring input files
...
001 (10610888.354.000) 12/16 09:19:22 Job executing on host: <188.185.211.171:9618?addrs=188.185.211.171-9618+[2001-1458-303-17--100-27]-9618&alias=b9p24p0247.cern.ch&noUDP&sock=startd_8968_e16b>
	SlotName: slot1_15@b9p24p0247.cern.ch
	CondorScratchDir = "/pool/condor/dir_2316907"
	Cpus = 4
	Disk = 11618
	GPUs = 0
	Memory = 12000
...
006 (10610888.354.000) 12/16 09:19:35 Image size of job updated: 37508
	37  -  MemoryUsage of job (MB)
	37508  -  ResidentSetSize of job (KB)
...
006 (10610888.354.000) 12/16 09:24:35 Image size of job updated: 37928
	37  -  MemoryUsage of job (MB)
	37508  -  ResidentSetSize of job (KB)
...
006 (10610888.354.000) 12/16 10:51:15 Image size of job updated: 118452
	37  -  MemoryUsage of job (MB)
	37508  -  ResidentSetSize of job (KB)
...
040 (10610888.354.000) 12/16 10:51:16 Started transferring output files
...
040 (10610888.354.000) 12/16 10:51:16 Finished transferring output files
...
005 (10610888.354.000) 12/16 10:51:16 Job terminated.
	(1) Normal termination (return value 0)
		Usr 0 01:30:38, Sys 0 00:00:07  -  Run Remote Usage
		Usr 0 00:00:00, Sys 0 00:00:00  -  Run Local Usage
		Usr 0 01:30:38, Sys 0 00:00:07  -  Total Remote Usage
		Usr 0 00:00:00, Sys 0 00:00:00  -  Total Local Usage
	0  -  Run Bytes Sent By Job
	7584148  -  Run Bytes Received By Job
	0  -  Total Bytes Sent By Job
	7584148  -  Total Bytes Received By Job
	Partitionable Resources :    Usage  Request Allocated 
	   Cpus                 :     0.99        4         4 
	   Disk (KB)            : 33097        7500     11618 
	   GPUs                 :                           0 
	   Memory (MB)          :    37       12000     12000 
	   TimeExecute (s)      :  5513                       
	   TimeSlotBusy (s)     :  5515                       

	Job terminated of its own accord at 2025-12-16T09:51:15Z with exit-code 0.
...
