000 (10610888.072.000) 12/16 07:14:44 Job submitted from host: <188.185.71.83:9618?addrs=188.185.71.83-9618+[2001-1458-d00-7--100-34d]-9618&alias=bigbird18.cern.ch&noUDP&sock=schedd_5052_d48c>
...
040 (10610888.072.000) 12/16 08:01:23 Started transferring input files
	Transferring to host: <188.185.209.199:9618?addrs=188.185.209.199-9618+[2001-1458-303-12--100-44]-9618&alias=b9p12p6840.cern.ch&noUDP&sock=slot1_12_4600_ddb4_82444>
...
040 (10610888.072.000) 12/16 08:01:23 Finished transferring input files
...
001 (10610888.072.000) 12/16 08:01:23 Job executing on host: <188.185.209.199:9618?addrs=188.185.209.199-9618+[2001-1458-303-12--100-44]-9618&alias=b9p12p6840.cern.ch&noUDP&sock=startd_3879_3ff5>
	SlotName: slot1_12@b9p12p6840.cern.ch
	CondorScratchDir = "/pool/condor/dir_334102"
	Cpus = 4
	Disk = 10698
	GPUs = 0
	Memory = 12000
...
006 (10610888.072.000) 12/16 08:01:37 Image size of job updated: 39624
	39  -  MemoryUsage of job (MB)
	39624  -  ResidentSetSize of job (KB)
...
006 (10610888.072.000) 12/16 08:06:38 Image size of job updated: 40004
	39  -  MemoryUsage of job (MB)
	39624  -  ResidentSetSize of job (KB)
...
006 (10610888.072.000) 12/16 09:52:59 Image size of job updated: 120652
	39  -  MemoryUsage of job (MB)
	39624  -  ResidentSetSize of job (KB)
...
040 (10610888.072.000) 12/16 09:52:59 Started transferring output files
...
040 (10610888.072.000) 12/16 09:53:00 Finished transferring output files
...
005 (10610888.072.000) 12/16 09:53:00 Job terminated.
	(1) Normal termination (return value 0)
		Usr 0 01:47:07, Sys 0 00:00:14  -  Run Remote Usage
		Usr 0 00:00:00, Sys 0 00:00:00  -  Run Local Usage
		Usr 0 01:47:07, Sys 0 00:00:14  -  Total Remote Usage
		Usr 0 00:00:00, Sys 0 00:00:00  -  Total Local Usage
	0  -  Run Bytes Sent By Job
	7584148  -  Run Bytes Received By Job
	0  -  Total Bytes Sent By Job
	7584148  -  Total Bytes Received By Job
	Partitionable Resources :    Usage  Request Allocated 
	   Cpus                 :     0.99        4         4 
	   Disk (KB)            : 32942        7500     10698 
	   GPUs                 :                           0 
	   Memory (MB)          :    39       12000     12000 
	   TimeExecute (s)      :  6696                       
	   TimeSlotBusy (s)     :  6697                       

	Job terminated of its own accord at 2025-12-16T08:52:59Z with exit-code 0.
...
