000 (10613549.117.000) 12/16 14:40:44 Job submitted from host: <188.185.71.83:9618?addrs=188.185.71.83-9618+[2001-1458-d00-7--100-34d]-9618&alias=bigbird18.cern.ch&noUDP&sock=schedd_5052_d48c>
...
040 (10613549.117.000) 12/16 15:05:14 Started transferring input files
	Transferring to host: <188.185.204.200:9618?addrs=188.185.204.200-9618+[2001-1458-303-8--100-bc]-9618&alias=b9p02p1911.cern.ch&noUDP&sock=slot1_7_7296_7122_82220>
...
040 (10613549.117.000) 12/16 15:05:14 Finished transferring input files
...
001 (10613549.117.000) 12/16 15:05:14 Job executing on host: <188.185.204.200:9618?addrs=188.185.204.200-9618+[2001-1458-303-8--100-bc]-9618&alias=b9p02p1911.cern.ch&noUDP&sock=startd_6288_9f9b>
	SlotName: slot1_7@b9p02p1911.cern.ch
	CondorScratchDir = "/pool/condor/dir_2169453"
	Cpus = 4
	Disk = 10618
	GPUs = 0
	Memory = 12000
...
006 (10613549.117.000) 12/16 15:05:28 Image size of job updated: 28032
	28  -  MemoryUsage of job (MB)
	28032  -  ResidentSetSize of job (KB)
...
006 (10613549.117.000) 12/16 15:10:29 Image size of job updated: 28412
	28  -  MemoryUsage of job (MB)
	28032  -  ResidentSetSize of job (KB)
...
006 (10613549.117.000) 12/16 16:37:12 Image size of job updated: 118112
	28  -  MemoryUsage of job (MB)
	28032  -  ResidentSetSize of job (KB)
...
040 (10613549.117.000) 12/16 16:37:13 Started transferring output files
...
040 (10613549.117.000) 12/16 16:37:13 Finished transferring output files
...
005 (10613549.117.000) 12/16 16:37:13 Job terminated.
	(1) Normal termination (return value 0)
		Usr 0 01:29:20, Sys 0 00:00:11  -  Run Remote Usage
		Usr 0 00:00:00, Sys 0 00:00:00  -  Run Local Usage
		Usr 0 01:29:20, Sys 0 00:00:11  -  Total Remote Usage
		Usr 0 00:00:00, Sys 0 00:00:00  -  Total Local Usage
	0  -  Run Bytes Sent By Job
	7584148  -  Run Bytes Received By Job
	0  -  Total Bytes Sent By Job
	7584148  -  Total Bytes Received By Job
	Partitionable Resources :    Usage  Request Allocated 
	   Cpus                 :     0.98        4         4 
	   Disk (KB)            : 32455        7500     10618 
	   GPUs                 :                           0 
	   Memory (MB)          :    28       12000     12000 
	   TimeExecute (s)      :  5518                       
	   TimeSlotBusy (s)     :  5519                       

	Job terminated of its own accord at 2025-12-16T15:37:12Z with exit-code 0.
...
