000 (10613550.589.000) 12/16 14:40:59 Job submitted from host: <188.185.71.83:9618?addrs=188.185.71.83-9618+[2001-1458-d00-7--100-34d]-9618&alias=bigbird18.cern.ch&noUDP&sock=schedd_5052_d48c>
...
040 (10613550.589.000) 12/16 16:41:48 Started transferring input files
	Transferring to host: <188.185.195.38:9618?addrs=188.185.195.38-9618+[2001-1458-303-22--100-22]-9618&alias=b9p17p6084.cern.ch&noUDP&sock=slot1_8_999792_a8c9_84467>
...
040 (10613550.589.000) 12/16 16:41:48 Finished transferring input files
...
001 (10613550.589.000) 12/16 16:41:48 Job executing on host: <188.185.195.38:9618?addrs=188.185.195.38-9618+[2001-1458-303-22--100-22]-9618&alias=b9p17p6084.cern.ch&noUDP&sock=startd_6582_4873>
	SlotName: slot1_8@b9p17p6084.cern.ch
	CondorScratchDir = "/pool/condor/dir_1234979"
	Cpus = 4
	Disk = 11077
	GPUs = 0
	Memory = 12000
...
006 (10613550.589.000) 12/16 16:42:02 Image size of job updated: 40020
	40  -  MemoryUsage of job (MB)
	40020  -  ResidentSetSize of job (KB)
...
006 (10613550.589.000) 12/16 16:47:03 Image size of job updated: 40112
	40  -  MemoryUsage of job (MB)
	40020  -  ResidentSetSize of job (KB)
...
006 (10613550.589.000) 12/16 19:13:17 Image size of job updated: 120684
	40  -  MemoryUsage of job (MB)
	40020  -  ResidentSetSize of job (KB)
...
040 (10613550.589.000) 12/16 19:13:18 Started transferring output files
...
040 (10613550.589.000) 12/16 19:13:19 Finished transferring output files
...
005 (10613550.589.000) 12/16 19:13:19 Job terminated.
	(1) Normal termination (return value 0)
		Usr 0 02:30:02, Sys 0 00:00:07  -  Run Remote Usage
		Usr 0 00:00:00, Sys 0 00:00:00  -  Run Local Usage
		Usr 0 02:30:02, Sys 0 00:00:07  -  Total Remote Usage
		Usr 0 00:00:00, Sys 0 00:00:00  -  Total Local Usage
	0  -  Run Bytes Sent By Job
	7584148  -  Run Bytes Received By Job
	0  -  Total Bytes Sent By Job
	7584148  -  Total Bytes Received By Job
	Partitionable Resources :    Usage  Request Allocated 
	   Cpus                 :     0.99        4         4 
	   Disk (KB)            : 33225        7500     11077 
	   GPUs                 :                           0 
	   Memory (MB)          :    40       12000     12000 
	   TimeExecute (s)      :  9089                       
	   TimeSlotBusy (s)     :  9091                       

	Job terminated of its own accord at 2025-12-16T18:13:17Z with exit-code 0.
...
