000 (10613549.260.000) 12/16 14:40:44 Job submitted from host: <188.185.71.83:9618?addrs=188.185.71.83-9618+[2001-1458-d00-7--100-34d]-9618&alias=bigbird18.cern.ch&noUDP&sock=schedd_5052_d48c>
...
040 (10613549.260.000) 12/16 15:30:33 Started transferring input files
	Transferring to host: <128.142.33.222:9618?addrs=128.142.33.222-9618+[2001-1458-301-39--100-1b]-9618&alias=b9g24p9189.cern.ch&noUDP&sock=slot1_13_3714980_3b96_13696>
...
040 (10613549.260.000) 12/16 15:30:33 Finished transferring input files
...
001 (10613549.260.000) 12/16 15:30:33 Job executing on host: <128.142.33.222:9618?addrs=128.142.33.222-9618+[2001-1458-301-39--100-1b]-9618&alias=b9g24p9189.cern.ch&noUDP&sock=startd_2888_819a>
	SlotName: slot1_13@b9g24p9189.cern.ch
	CondorScratchDir = "/pool/condor/dir_981150"
	Cpus = 4
	Disk = 11033
	GPUs = 0
	Memory = 12000
...
006 (10613549.260.000) 12/16 15:30:46 Image size of job updated: 42056
	42  -  MemoryUsage of job (MB)
	42056  -  ResidentSetSize of job (KB)
...
006 (10613549.260.000) 12/16 15:35:47 Image size of job updated: 42476
	42  -  MemoryUsage of job (MB)
	42056  -  ResidentSetSize of job (KB)
...
040 (10613549.260.000) 12/16 16:50:34 Started transferring output files
...
040 (10613549.260.000) 12/16 16:50:34 Finished transferring output files
...
005 (10613549.260.000) 12/16 16:50:34 Job terminated.
	(1) Normal termination (return value 0)
		Usr 0 01:19:04, Sys 0 00:00:06  -  Run Remote Usage
		Usr 0 00:00:00, Sys 0 00:00:00  -  Run Local Usage
		Usr 0 01:19:04, Sys 0 00:00:06  -  Total Remote Usage
		Usr 0 00:00:00, Sys 0 00:00:00  -  Total Local Usage
	0  -  Run Bytes Sent By Job
	7584148  -  Run Bytes Received By Job
	0  -  Total Bytes Sent By Job
	7584148  -  Total Bytes Received By Job
	Partitionable Resources :    Usage  Request Allocated 
	   Cpus                 :     0.99        4         4 
	   Disk (KB)            : 32791        7500     11033 
	   GPUs                 :                           0 
	   Memory (MB)          :    42       12000     12000 
	   TimeExecute (s)      :  4800                       
	   TimeSlotBusy (s)     :  4801                       

	Job terminated of its own accord at 2025-12-16T15:50:33Z with exit-code 0.
...
