000 (10610889.044.000) 12/16 07:15:00 Job submitted from host: <188.185.71.83:9618?addrs=188.185.71.83-9618+[2001-1458-d00-7--100-34d]-9618&alias=bigbird18.cern.ch&noUDP&sock=schedd_5052_d48c>
...
040 (10610889.044.000) 12/16 10:28:00 Started transferring input files
	Transferring to host: <128.142.192.185:9618?addrs=128.142.192.185-9618+[2001-1458-301-56--100-35]-9618&alias=b9g18p5987.cern.ch&noUDP&sock=slot1_27_4250_4266_89217>
...
040 (10610889.044.000) 12/16 10:28:00 Finished transferring input files
...
001 (10610889.044.000) 12/16 10:28:00 Job executing on host: <128.142.192.185:9618?addrs=128.142.192.185-9618+[2001-1458-301-56--100-35]-9618&alias=b9g18p5987.cern.ch&noUDP&sock=startd_3622_f81e>
	SlotName: slot1_27@b9g18p5987.cern.ch
	CondorScratchDir = "/pool/condor/dir_811541"
	Cpus = 4
	Disk = 11050
	GPUs = 0
	Memory = 12000
...
006 (10610889.044.000) 12/16 10:28:14 Image size of job updated: 34024
	34  -  MemoryUsage of job (MB)
	34024  -  ResidentSetSize of job (KB)
...
006 (10610889.044.000) 12/16 10:33:16 Image size of job updated: 34112
	34  -  MemoryUsage of job (MB)
	34024  -  ResidentSetSize of job (KB)
...
006 (10610889.044.000) 12/16 12:49:36 Image size of job updated: 119604
	34  -  MemoryUsage of job (MB)
	34024  -  ResidentSetSize of job (KB)
...
040 (10610889.044.000) 12/16 12:49:37 Started transferring output files
...
040 (10610889.044.000) 12/16 12:49:37 Finished transferring output files
...
005 (10610889.044.000) 12/16 12:49:37 Job terminated.
	(1) Normal termination (return value 0)
		Usr 0 02:20:04, Sys 0 00:00:11  -  Run Remote Usage
		Usr 0 00:00:00, Sys 0 00:00:00  -  Run Local Usage
		Usr 0 02:20:04, Sys 0 00:00:11  -  Total Remote Usage
		Usr 0 00:00:00, Sys 0 00:00:00  -  Total Local Usage
	0  -  Run Bytes Sent By Job
	7584148  -  Run Bytes Received By Job
	0  -  Total Bytes Sent By Job
	7584148  -  Total Bytes Received By Job
	Partitionable Resources :    Usage  Request Allocated 
	   Cpus                 :     0.99        4         4 
	   Disk (KB)            : 32735        7500     11050 
	   GPUs                 :                           0 
	   Memory (MB)          :    34       12000     12000 
	   TimeExecute (s)      :  8496                       
	   TimeSlotBusy (s)     :  8497                       

	Job terminated of its own accord at 2025-12-16T11:49:36Z with exit-code 0.
...
