000 (10610887.691.000) 12/16 07:14:31 Job submitted from host: <188.185.71.83:9618?addrs=188.185.71.83-9618+[2001-1458-d00-7--100-34d]-9618&alias=bigbird18.cern.ch&noUDP&sock=schedd_5052_d48c>
...
040 (10610887.691.000) 12/16 07:55:07 Started transferring input files
	Transferring to host: <128.142.161.113:9618?addrs=128.142.161.113-9618+[2001-1458-301-b8--100-2f]-9618&alias=b9g03p5497.cern.ch&noUDP&sock=slot1_6_3545033_3277_108219>
...
040 (10610887.691.000) 12/16 07:55:07 Finished transferring input files
...
001 (10610887.691.000) 12/16 07:55:07 Job executing on host: <128.142.161.113:9618?addrs=128.142.161.113-9618+[2001-1458-301-b8--100-2f]-9618&alias=b9g03p5497.cern.ch&noUDP&sock=startd_5925_a2ba>
	SlotName: slot1_6@b9g03p5497.cern.ch
	CondorScratchDir = "/pool/condor/dir_2801171"
	Cpus = 4
	Disk = 11221
	GPUs = 0
	Memory = 12000
...
006 (10610887.691.000) 12/16 07:55:20 Image size of job updated: 40076
	40  -  MemoryUsage of job (MB)
	40076  -  ResidentSetSize of job (KB)
...
006 (10610887.691.000) 12/16 08:00:20 Image size of job updated: 40496
	40  -  MemoryUsage of job (MB)
	40076  -  ResidentSetSize of job (KB)
...
006 (10610887.691.000) 12/16 09:58:07 Image size of job updated: 121056
	40  -  MemoryUsage of job (MB)
	40076  -  ResidentSetSize of job (KB)
...
040 (10610887.691.000) 12/16 09:58:08 Started transferring output files
...
040 (10610887.691.000) 12/16 09:58:08 Finished transferring output files
...
005 (10610887.691.000) 12/16 09:58:08 Job terminated.
	(1) Normal termination (return value 0)
		Usr 0 02:02:02, Sys 0 00:00:07  -  Run Remote Usage
		Usr 0 00:00:00, Sys 0 00:00:00  -  Run Local Usage
		Usr 0 02:02:02, Sys 0 00:00:07  -  Total Remote Usage
		Usr 0 00:00:00, Sys 0 00:00:00  -  Total Local Usage
	0  -  Run Bytes Sent By Job
	7584148  -  Run Bytes Received By Job
	0  -  Total Bytes Sent By Job
	7584148  -  Total Bytes Received By Job
	Partitionable Resources :    Usage  Request Allocated 
	   Cpus                 :     1.00        4         4 
	   Disk (KB)            : 33181        7500     11221 
	   GPUs                 :                           0 
	   Memory (MB)          :    40       12000     12000 
	   TimeExecute (s)      :  7380                       
	   TimeSlotBusy (s)     :  7382                       

	Job terminated of its own accord at 2025-12-16T08:58:07Z with exit-code 0.
...
