000 (10610889.740.000) 12/16 07:15:01 Job submitted from host: <188.185.71.83:9618?addrs=188.185.71.83-9618+[2001-1458-d00-7--100-34d]-9618&alias=bigbird18.cern.ch&noUDP&sock=schedd_5052_d48c>
...
040 (10610889.740.000) 12/16 14:25:55 Started transferring input files
	Transferring to host: <188.185.213.222:9618?addrs=188.185.213.222-9618+[2001-1458-303-1b--100-5a]-9618&alias=b9p28p3831.cern.ch&noUDP&sock=slot1_5_6619_6f26_95338>
...
040 (10610889.740.000) 12/16 14:25:55 Finished transferring input files
...
001 (10610889.740.000) 12/16 14:25:55 Job executing on host: <188.185.213.222:9618?addrs=188.185.213.222-9618+[2001-1458-303-1b--100-5a]-9618&alias=b9p28p3831.cern.ch&noUDP&sock=startd_5775_bf85>
	SlotName: slot1_5@b9p28p3831.cern.ch
	CondorScratchDir = "/pool/condor/dir_1209303"
	Cpus = 4
	Disk = 11001
	GPUs = 0
	Memory = 12000
...
006 (10610889.740.000) 12/16 14:26:09 Image size of job updated: 33660
	33  -  MemoryUsage of job (MB)
	33660  -  ResidentSetSize of job (KB)
...
006 (10610889.740.000) 12/16 14:31:10 Image size of job updated: 34080
	33  -  MemoryUsage of job (MB)
	33660  -  ResidentSetSize of job (KB)
...
006 (10610889.740.000) 12/16 15:45:59 Image size of job updated: 120500
	33  -  MemoryUsage of job (MB)
	33660  -  ResidentSetSize of job (KB)
...
040 (10610889.740.000) 12/16 15:46:00 Started transferring output files
...
040 (10610889.740.000) 12/16 15:46:00 Finished transferring output files
...
005 (10610889.740.000) 12/16 15:46:00 Job terminated.
	(1) Normal termination (return value 0)
		Usr 0 01:19:05, Sys 0 00:00:08  -  Run Remote Usage
		Usr 0 00:00:00, Sys 0 00:00:00  -  Run Local Usage
		Usr 0 01:19:05, Sys 0 00:00:08  -  Total Remote Usage
		Usr 0 00:00:00, Sys 0 00:00:00  -  Total Local Usage
	0  -  Run Bytes Sent By Job
	7584148  -  Run Bytes Received By Job
	0  -  Total Bytes Sent By Job
	7584148  -  Total Bytes Received By Job
	Partitionable Resources :    Usage  Request Allocated 
	   Cpus                 :     0.99        4         4 
	   Disk (KB)            : 33532        7500     11001 
	   GPUs                 :                           0 
	   Memory (MB)          :    33       12000     12000 
	   TimeExecute (s)      :  4804                       
	   TimeSlotBusy (s)     :  4805                       

	Job terminated of its own accord at 2025-12-16T14:45:59Z with exit-code 0.
...
