000 (10610888.440.000) 12/16 07:14:44 Job submitted from host: <188.185.71.83:9618?addrs=188.185.71.83-9618+[2001-1458-d00-7--100-34d]-9618&alias=bigbird18.cern.ch&noUDP&sock=schedd_5052_d48c>
...
040 (10610888.440.000) 12/16 09:24:55 Started transferring input files
	Transferring to host: <188.185.209.12:9618?addrs=188.185.209.12-9618+[2001-1458-303-11--100-9]-9618&alias=b9p11p3922.cern.ch&noUDP&sock=slot1_16_2116563_db4e_67103>
...
001 (10610888.440.000) 12/16 09:24:55 Job executing on host: <188.185.209.12:9618?addrs=188.185.209.12-9618+[2001-1458-303-11--100-9]-9618&alias=b9p11p3922.cern.ch&noUDP&sock=startd_7254_3817>
	SlotName: slot1_16@b9p11p3922.cern.ch
	CondorScratchDir = "/pool/condor/dir_644766"
	Cpus = 4
	Disk = 10992
	GPUs = 0
	Memory = 12000
...
040 (10610888.440.000) 12/16 09:24:55 Finished transferring input files
...
006 (10610888.440.000) 12/16 09:25:09 Image size of job updated: 40204
	40  -  MemoryUsage of job (MB)
	40204  -  ResidentSetSize of job (KB)
...
006 (10610888.440.000) 12/16 09:30:10 Image size of job updated: 40584
	40  -  MemoryUsage of job (MB)
	40204  -  ResidentSetSize of job (KB)
...
006 (10610888.440.000) 12/16 10:52:34 Image size of job updated: 121236
	40  -  MemoryUsage of job (MB)
	40204  -  ResidentSetSize of job (KB)
...
040 (10610888.440.000) 12/16 10:52:35 Started transferring output files
...
040 (10610888.440.000) 12/16 10:52:35 Finished transferring output files
...
005 (10610888.440.000) 12/16 10:52:35 Job terminated.
	(1) Normal termination (return value 0)
		Usr 0 01:26:32, Sys 0 00:00:08  -  Run Remote Usage
		Usr 0 00:00:00, Sys 0 00:00:00  -  Run Local Usage
		Usr 0 01:26:32, Sys 0 00:00:08  -  Total Remote Usage
		Usr 0 00:00:00, Sys 0 00:00:00  -  Total Local Usage
	0  -  Run Bytes Sent By Job
	7584148  -  Run Bytes Received By Job
	0  -  Total Bytes Sent By Job
	7584148  -  Total Bytes Received By Job
	Partitionable Resources :    Usage  Request Allocated 
	   Cpus                 :     0.99        4         4 
	   Disk (KB)            : 33892        7500     10992 
	   GPUs                 :                           0 
	   Memory (MB)          :    40       12000     12000 
	   TimeExecute (s)      :  5259                       
	   TimeSlotBusy (s)     :  5260                       

	Job terminated of its own accord at 2025-12-16T09:52:34Z with exit-code 0.
...
