000 (10613550.001.000) 12/16 14:40:58 Job submitted from host: <188.185.71.83:9618?addrs=188.185.71.83-9618+[2001-1458-d00-7--100-34d]-9618&alias=bigbird18.cern.ch&noUDP&sock=schedd_5052_d48c>
...
040 (10613550.001.000) 12/16 15:35:17 Started transferring input files
	Transferring to host: <188.185.194.67:9618?addrs=188.185.194.67-9618+[2001-1458-303-21--100-3f]-9618&alias=b9p20p6532.cern.ch&noUDP&sock=slot1_13_7913_2c9b_80696>
...
040 (10613550.001.000) 12/16 15:35:17 Finished transferring input files
...
001 (10613550.001.000) 12/16 15:35:17 Job executing on host: <188.185.194.67:9618?addrs=188.185.194.67-9618+[2001-1458-303-21--100-3f]-9618&alias=b9p20p6532.cern.ch&noUDP&sock=startd_6669_f530>
	SlotName: slot1_13@b9p20p6532.cern.ch
	CondorScratchDir = "/pool/condor/dir_3583083"
	Cpus = 4
	Disk = 11066
	GPUs = 0
	Memory = 12000
...
006 (10613550.001.000) 12/16 15:35:30 Image size of job updated: 40584
	40  -  MemoryUsage of job (MB)
	40584  -  ResidentSetSize of job (KB)
...
006 (10613550.001.000) 12/16 15:40:30 Image size of job updated: 40676
	40  -  MemoryUsage of job (MB)
	40584  -  ResidentSetSize of job (KB)
...
006 (10613550.001.000) 12/16 17:15:40 Image size of job updated: 121264
	119  -  MemoryUsage of job (MB)
	121264  -  ResidentSetSize of job (KB)
...
040 (10613550.001.000) 12/16 17:15:45 Started transferring output files
...
040 (10613550.001.000) 12/16 17:15:45 Finished transferring output files
...
005 (10613550.001.000) 12/16 17:15:45 Job terminated.
	(1) Normal termination (return value 0)
		Usr 0 01:39:29, Sys 0 00:00:08  -  Run Remote Usage
		Usr 0 00:00:00, Sys 0 00:00:00  -  Run Local Usage
		Usr 0 01:39:29, Sys 0 00:00:08  -  Total Remote Usage
		Usr 0 00:00:00, Sys 0 00:00:00  -  Total Local Usage
	0  -  Run Bytes Sent By Job
	7584148  -  Run Bytes Received By Job
	0  -  Total Bytes Sent By Job
	7584148  -  Total Bytes Received By Job
	Partitionable Resources :    Usage  Request Allocated 
	   Cpus                 :     0.99        4         4 
	   Disk (KB)            : 32741        7500     11066 
	   GPUs                 :                           0 
	   Memory (MB)          :   119       12000     12000 
	   TimeExecute (s)      :  6027                       
	   TimeSlotBusy (s)     :  6028                       

	Job terminated of its own accord at 2025-12-16T16:15:44Z with exit-code 0.
...
