000 (10613550.481.000) 12/16 14:40:59 Job submitted from host: <188.185.71.83:9618?addrs=188.185.71.83-9618+[2001-1458-d00-7--100-34d]-9618&alias=bigbird18.cern.ch&noUDP&sock=schedd_5052_d48c>
...
040 (10613550.481.000) 12/16 16:11:47 Started transferring input files
	Transferring to host: <188.185.204.181:9618?addrs=188.185.204.181-9618+[2001-1458-303-8--100-a9]-9618&alias=b9p02p9149.cern.ch&noUDP&sock=slot1_7_563058_0c2a_9367>
...
040 (10613550.481.000) 12/16 16:11:47 Finished transferring input files
...
001 (10613550.481.000) 12/16 16:11:47 Job executing on host: <188.185.204.181:9618?addrs=188.185.204.181-9618+[2001-1458-303-8--100-a9]-9618&alias=b9p02p9149.cern.ch&noUDP&sock=startd_541751_b41c>
	SlotName: slot1_7@b9p02p9149.cern.ch
	CondorScratchDir = "/pool/condor/dir_3137114"
	Cpus = 4
	Disk = 10798
	GPUs = 0
	Memory = 12000
...
006 (10613550.481.000) 12/16 16:12:01 Image size of job updated: 30296
	30  -  MemoryUsage of job (MB)
	30296  -  ResidentSetSize of job (KB)
...
006 (10613550.481.000) 12/16 16:17:02 Image size of job updated: 30328
	30  -  MemoryUsage of job (MB)
	30296  -  ResidentSetSize of job (KB)
...
040 (10613550.481.000) 12/16 17:53:55 Started transferring output files
...
040 (10613550.481.000) 12/16 17:53:55 Finished transferring output files
...
005 (10613550.481.000) 12/16 17:53:55 Job terminated.
	(1) Normal termination (return value 0)
		Usr 0 01:40:14, Sys 0 00:00:17  -  Run Remote Usage
		Usr 0 00:00:00, Sys 0 00:00:00  -  Run Local Usage
		Usr 0 01:40:14, Sys 0 00:00:17  -  Total Remote Usage
		Usr 0 00:00:00, Sys 0 00:00:00  -  Total Local Usage
	0  -  Run Bytes Sent By Job
	7584148  -  Run Bytes Received By Job
	0  -  Total Bytes Sent By Job
	7584148  -  Total Bytes Received By Job
	Partitionable Resources :    Usage  Request Allocated 
	   Cpus                 :     0.99        4         4 
	   Disk (KB)            : 33265        7500     10798 
	   GPUs                 :                           0 
	   Memory (MB)          :    30       12000     12000 
	   TimeExecute (s)      :  6127                       
	   TimeSlotBusy (s)     :  6129                       

	Job terminated of its own accord at 2025-12-16T16:53:54Z with exit-code 0.
...
