000 (10610889.373.000) 12/16 07:15:00 Job submitted from host: <188.185.71.83:9618?addrs=188.185.71.83-9618+[2001-1458-d00-7--100-34d]-9618&alias=bigbird18.cern.ch&noUDP&sock=schedd_5052_d48c>
...
040 (10610889.373.000) 12/16 13:38:22 Started transferring input files
	Transferring to host: <188.185.211.196:9618?addrs=188.185.211.196-9618+[2001-1458-303-17--100-40]-9618&alias=b9p24p9657.cern.ch&noUDP&sock=slot1_47_7293_5402_13401>
...
040 (10610889.373.000) 12/16 13:38:22 Finished transferring input files
...
001 (10610889.373.000) 12/16 13:38:22 Job executing on host: <188.185.211.196:9618?addrs=188.185.211.196-9618+[2001-1458-303-17--100-40]-9618&alias=b9p24p9657.cern.ch&noUDP&sock=startd_6507_d6d8>
	SlotName: slot1_47@b9p24p9657.cern.ch
	CondorScratchDir = "/pool/condor/dir_141386"
	Cpus = 4
	Disk = 10976
	GPUs = 0
	Memory = 12000
...
006 (10610889.373.000) 12/16 13:38:37 Image size of job updated: 37452
	37  -  MemoryUsage of job (MB)
	37452  -  ResidentSetSize of job (KB)
...
006 (10610889.373.000) 12/16 13:43:38 Image size of job updated: 37876
	37  -  MemoryUsage of job (MB)
	37452  -  ResidentSetSize of job (KB)
...
006 (10610889.373.000) 12/16 15:08:29 Image size of job updated: 118488
	37  -  MemoryUsage of job (MB)
	37452  -  ResidentSetSize of job (KB)
...
040 (10610889.373.000) 12/16 15:08:29 Started transferring output files
...
040 (10610889.373.000) 12/16 15:08:30 Finished transferring output files
...
005 (10610889.373.000) 12/16 15:08:30 Job terminated.
	(1) Normal termination (return value 0)
		Usr 0 01:28:48, Sys 0 00:00:08  -  Run Remote Usage
		Usr 0 00:00:00, Sys 0 00:00:00  -  Run Local Usage
		Usr 0 01:28:48, Sys 0 00:00:08  -  Total Remote Usage
		Usr 0 00:00:00, Sys 0 00:00:00  -  Total Local Usage
	0  -  Run Bytes Sent By Job
	7584148  -  Run Bytes Received By Job
	0  -  Total Bytes Sent By Job
	7584148  -  Total Bytes Received By Job
	Partitionable Resources :    Usage  Request Allocated 
	   Cpus                 :     0.99        4         4 
	   Disk (KB)            : 33292        7500     10976 
	   GPUs                 :                           0 
	   Memory (MB)          :    37       12000     12000 
	   TimeExecute (s)      :  5407                       
	   TimeSlotBusy (s)     :  5408                       

	Job terminated of its own accord at 2025-12-16T14:08:29Z with exit-code 0.
...
