000 (10613549.696.000) 12/16 14:40:45 Job submitted from host: <188.185.71.83:9618?addrs=188.185.71.83-9618+[2001-1458-d00-7--100-34d]-9618&alias=bigbird18.cern.ch&noUDP&sock=schedd_5052_d48c>
...
040 (10613549.696.000) 12/16 15:31:27 Started transferring input files
	Transferring to host: <188.185.215.71:9618?addrs=188.185.215.71-9618+[2001-1458-303-1e--100-43]-9618&alias=b9p31p1696.cern.ch&noUDP&sock=slot1_1_9587_a89f_92759>
...
040 (10613549.696.000) 12/16 15:31:27 Finished transferring input files
...
001 (10613549.696.000) 12/16 15:31:27 Job executing on host: <188.185.215.71:9618?addrs=188.185.215.71-9618+[2001-1458-303-1e--100-43]-9618&alias=b9p31p1696.cern.ch&noUDP&sock=startd_8660_9e40>
	SlotName: slot1_1@b9p31p1696.cern.ch
	CondorScratchDir = "/pool/condor/dir_2270091"
	Cpus = 4
	Disk = 10975
	GPUs = 0
	Memory = 12000
...
006 (10613549.696.000) 12/16 15:31:41 Image size of job updated: 37504
	37  -  MemoryUsage of job (MB)
	37504  -  ResidentSetSize of job (KB)
...
006 (10613549.696.000) 12/16 15:36:42 Image size of job updated: 37924
	37  -  MemoryUsage of job (MB)
	37504  -  ResidentSetSize of job (KB)
...
040 (10613549.696.000) 12/16 16:57:37 Started transferring output files
...
040 (10613549.696.000) 12/16 16:57:38 Finished transferring output files
...
005 (10613549.696.000) 12/16 16:57:38 Job terminated.
	(1) Normal termination (return value 0)
		Usr 0 01:24:52, Sys 0 00:00:11  -  Run Remote Usage
		Usr 0 00:00:00, Sys 0 00:00:00  -  Run Local Usage
		Usr 0 01:24:52, Sys 0 00:00:11  -  Total Remote Usage
		Usr 0 00:00:00, Sys 0 00:00:00  -  Total Local Usage
	0  -  Run Bytes Sent By Job
	7584148  -  Run Bytes Received By Job
	0  -  Total Bytes Sent By Job
	7584148  -  Total Bytes Received By Job
	Partitionable Resources :    Usage  Request Allocated 
	   Cpus                 :     0.99        4         4 
	   Disk (KB)            : 33530        7500     10975 
	   GPUs                 :                           0 
	   Memory (MB)          :    37       12000     12000 
	   TimeExecute (s)      :  5170                       
	   TimeSlotBusy (s)     :  5172                       

	Job terminated of its own accord at 2025-12-16T15:57:37Z with exit-code 0.
...
