000 (10610888.599.000) 12/16 07:14:44 Job submitted from host: <188.185.71.83:9618?addrs=188.185.71.83-9618+[2001-1458-d00-7--100-34d]-9618&alias=bigbird18.cern.ch&noUDP&sock=schedd_5052_d48c>
...
040 (10610888.599.000) 12/16 09:31:00 Started transferring input files
	Transferring to host: <188.185.212.150:9618?addrs=188.185.212.150-9618+[2001-1458-303-19--100-12]-9618&alias=b9p26p2685.cern.ch&noUDP&sock=slot1_2_4533_a891_26324>
...
001 (10610888.599.000) 12/16 09:31:00 Job executing on host: <188.185.212.150:9618?addrs=188.185.212.150-9618+[2001-1458-303-19--100-12]-9618&alias=b9p26p2685.cern.ch&noUDP&sock=startd_3866_5539>
	SlotName: slot1_2@b9p26p2685.cern.ch
	CondorScratchDir = "/pool/condor/dir_1022971"
	Cpus = 4
	Disk = 11245
	GPUs = 0
	Memory = 12000
...
040 (10610888.599.000) 12/16 09:31:00 Finished transferring input files
...
006 (10610888.599.000) 12/16 09:31:14 Image size of job updated: 37500
	37  -  MemoryUsage of job (MB)
	37500  -  ResidentSetSize of job (KB)
...
006 (10610888.599.000) 12/16 09:36:14 Image size of job updated: 37920
	37  -  MemoryUsage of job (MB)
	37500  -  ResidentSetSize of job (KB)
...
006 (10610888.599.000) 12/16 11:08:11 Image size of job updated: 118448
	37  -  MemoryUsage of job (MB)
	37500  -  ResidentSetSize of job (KB)
...
040 (10610888.599.000) 12/16 11:08:12 Started transferring output files
...
040 (10610888.599.000) 12/16 11:08:12 Finished transferring output files
...
005 (10610888.599.000) 12/16 11:08:12 Job terminated.
	(1) Normal termination (return value 0)
		Usr 0 01:35:59, Sys 0 00:00:09  -  Run Remote Usage
		Usr 0 00:00:00, Sys 0 00:00:00  -  Run Local Usage
		Usr 0 01:35:59, Sys 0 00:00:09  -  Total Remote Usage
		Usr 0 00:00:00, Sys 0 00:00:00  -  Total Local Usage
	0  -  Run Bytes Sent By Job
	7584148  -  Run Bytes Received By Job
	0  -  Total Bytes Sent By Job
	7584148  -  Total Bytes Received By Job
	Partitionable Resources :    Usage  Request Allocated 
	   Cpus                 :     0.99        4         4 
	   Disk (KB)            : 32173        7500     11245 
	   GPUs                 :                           0 
	   Memory (MB)          :    37       12000     12000 
	   TimeExecute (s)      :  5831                       
	   TimeSlotBusy (s)     :  5832                       

	Job terminated of its own accord at 2025-12-16T10:08:11Z with exit-code 0.
...
