000 (10613550.463.000) 12/16 14:40:59 Job submitted from host: <188.185.71.83:9618?addrs=188.185.71.83-9618+[2001-1458-d00-7--100-34d]-9618&alias=bigbird18.cern.ch&noUDP&sock=schedd_5052_d48c>
...
040 (10613550.463.000) 12/16 16:09:05 Started transferring input files
	Transferring to host: <128.142.192.153:9618?addrs=128.142.192.153-9618+[2001-1458-301-56--100-15]-9618&alias=b9g18p2987.cern.ch&noUDP&sock=slot1_12_3406_95c4_87976>
...
040 (10613550.463.000) 12/16 16:09:05 Finished transferring input files
...
001 (10613550.463.000) 12/16 16:09:05 Job executing on host: <128.142.192.153:9618?addrs=128.142.192.153-9618+[2001-1458-301-56--100-15]-9618&alias=b9g18p2987.cern.ch&noUDP&sock=startd_2892_3ffb>
	SlotName: slot1_12@b9g18p2987.cern.ch
	CondorScratchDir = "/pool/condor/dir_3234709"
	Cpus = 4
	Disk = 11118
	GPUs = 0
	Memory = 12000
...
006 (10613550.463.000) 12/16 16:09:19 Image size of job updated: 41412
	41  -  MemoryUsage of job (MB)
	41412  -  ResidentSetSize of job (KB)
...
006 (10613550.463.000) 12/16 16:14:20 Image size of job updated: 41500
	41  -  MemoryUsage of job (MB)
	41412  -  ResidentSetSize of job (KB)
...
006 (10613550.463.000) 12/16 18:03:58 Image size of job updated: 122076
	41  -  MemoryUsage of job (MB)
	41412  -  ResidentSetSize of job (KB)
...
040 (10613550.463.000) 12/16 18:03:59 Started transferring output files
...
040 (10613550.463.000) 12/16 18:04:00 Finished transferring output files
...
005 (10613550.463.000) 12/16 18:04:00 Job terminated.
	(1) Normal termination (return value 0)
		Usr 0 01:52:32, Sys 0 00:00:10  -  Run Remote Usage
		Usr 0 00:00:00, Sys 0 00:00:00  -  Run Local Usage
		Usr 0 01:52:32, Sys 0 00:00:10  -  Total Remote Usage
		Usr 0 00:00:00, Sys 0 00:00:00  -  Total Local Usage
	0  -  Run Bytes Sent By Job
	7584148  -  Run Bytes Received By Job
	0  -  Total Bytes Sent By Job
	7584148  -  Total Bytes Received By Job
	Partitionable Resources :    Usage  Request Allocated 
	   Cpus                 :     0.99        4         4 
	   Disk (KB)            : 33107        7500     11118 
	   GPUs                 :                           0 
	   Memory (MB)          :    41       12000     12000 
	   TimeExecute (s)      :  6893                       
	   TimeSlotBusy (s)     :  6895                       

	Job terminated of its own accord at 2025-12-16T17:03:58Z with exit-code 0.
...
