000 (10610887.174.000) 12/16 07:14:31 Job submitted from host: <188.185.71.83:9618?addrs=188.185.71.83-9618+[2001-1458-d00-7--100-34d]-9618&alias=bigbird18.cern.ch&noUDP&sock=schedd_5052_d48c>
...
040 (10610887.174.000) 12/16 07:44:46 Started transferring input files
	Transferring to host: <188.185.211.153:9618?addrs=188.185.211.153-9618+[2001-1458-303-17--100-15]-9618&alias=b9p24p0629.cern.ch&noUDP&sock=slot1_5_1715689_dbe1_11943>
...
040 (10610887.174.000) 12/16 07:44:46 Finished transferring input files
...
001 (10610887.174.000) 12/16 07:44:46 Job executing on host: <188.185.211.153:9618?addrs=188.185.211.153-9618+[2001-1458-303-17--100-15]-9618&alias=b9p24p0629.cern.ch&noUDP&sock=startd_3900_a772>
	SlotName: slot1_5@b9p24p0629.cern.ch
	CondorScratchDir = "/pool/condor/dir_1826613"
	Cpus = 4
	Disk = 10935
	GPUs = 0
	Memory = 12000
...
006 (10610887.174.000) 12/16 07:45:00 Image size of job updated: 37480
	37  -  MemoryUsage of job (MB)
	37480  -  ResidentSetSize of job (KB)
...
006 (10610887.174.000) 12/16 07:50:01 Image size of job updated: 37900
	37  -  MemoryUsage of job (MB)
	37480  -  ResidentSetSize of job (KB)
...
006 (10610887.174.000) 12/16 09:07:30 Image size of job updated: 118432
	37  -  MemoryUsage of job (MB)
	37480  -  ResidentSetSize of job (KB)
...
040 (10610887.174.000) 12/16 09:07:31 Started transferring output files
...
040 (10610887.174.000) 12/16 09:07:31 Finished transferring output files
...
005 (10610887.174.000) 12/16 09:07:31 Job terminated.
	(1) Normal termination (return value 0)
		Usr 0 01:21:43, Sys 0 00:00:07  -  Run Remote Usage
		Usr 0 00:00:00, Sys 0 00:00:00  -  Run Local Usage
		Usr 0 01:21:43, Sys 0 00:00:07  -  Total Remote Usage
		Usr 0 00:00:00, Sys 0 00:00:00  -  Total Local Usage
	0  -  Run Bytes Sent By Job
	7584148  -  Run Bytes Received By Job
	0  -  Total Bytes Sent By Job
	7584148  -  Total Bytes Received By Job
	Partitionable Resources :    Usage  Request Allocated 
	   Cpus                 :     0.99        4         4 
	   Disk (KB)            : 32941        7500     10935 
	   GPUs                 :                           0 
	   Memory (MB)          :    37       12000     12000 
	   TimeExecute (s)      :  4964                       
	   TimeSlotBusy (s)     :  4965                       

	Job terminated of its own accord at 2025-12-16T08:07:30Z with exit-code 0.
...
