000 (10610887.358.000) 12/16 07:14:31 Job submitted from host: <188.185.71.83:9618?addrs=188.185.71.83-9618+[2001-1458-d00-7--100-34d]-9618&alias=bigbird18.cern.ch&noUDP&sock=schedd_5052_d48c>
...
040 (10610887.358.000) 12/16 07:49:47 Started transferring input files
	Transferring to host: <188.185.214.234:9618?addrs=188.185.214.234-9618+[2001-1458-303-1d--100-66]-9618&alias=b9p30p9988.cern.ch&noUDP&sock=slot1_6_5777_2b44_93355>
...
040 (10610887.358.000) 12/16 07:49:47 Finished transferring input files
...
001 (10610887.358.000) 12/16 07:49:47 Job executing on host: <188.185.214.234:9618?addrs=188.185.214.234-9618+[2001-1458-303-1d--100-66]-9618&alias=b9p30p9988.cern.ch&noUDP&sock=startd_4967_86ff>
	SlotName: slot1_6@b9p30p9988.cern.ch
	CondorScratchDir = "/pool/condor/dir_154949"
	Cpus = 4
	Disk = 10880
	GPUs = 0
	Memory = 12000
...
006 (10610887.358.000) 12/16 07:50:01 Image size of job updated: 38012
	38  -  MemoryUsage of job (MB)
	38012  -  ResidentSetSize of job (KB)
...
006 (10610887.358.000) 12/16 07:55:02 Image size of job updated: 38104
	38  -  MemoryUsage of job (MB)
	38012  -  ResidentSetSize of job (KB)
...
040 (10610887.358.000) 12/16 09:43:15 Started transferring output files
...
040 (10610887.358.000) 12/16 09:43:16 Finished transferring output files
...
005 (10610887.358.000) 12/16 09:43:16 Job terminated.
	(1) Normal termination (return value 0)
		Usr 0 01:50:47, Sys 0 00:00:19  -  Run Remote Usage
		Usr 0 00:00:00, Sys 0 00:00:00  -  Run Local Usage
		Usr 0 01:50:47, Sys 0 00:00:19  -  Total Remote Usage
		Usr 0 00:00:00, Sys 0 00:00:00  -  Total Local Usage
	0  -  Run Bytes Sent By Job
	7584148  -  Run Bytes Received By Job
	0  -  Total Bytes Sent By Job
	7584148  -  Total Bytes Received By Job
	Partitionable Resources :    Usage  Request Allocated 
	   Cpus                 :     0.99        4         4 
	   Disk (KB)            : 32033        7500     10880 
	   GPUs                 :                           0 
	   Memory (MB)          :    38       12000     12000 
	   TimeExecute (s)      :  6808                       
	   TimeSlotBusy (s)     :  6810                       

	Job terminated of its own accord at 2025-12-16T08:43:15Z with exit-code 0.
...
