000 (10613549.228.000) 12/16 14:40:44 Job submitted from host: <188.185.71.83:9618?addrs=188.185.71.83-9618+[2001-1458-d00-7--100-34d]-9618&alias=bigbird18.cern.ch&noUDP&sock=schedd_5052_d48c>
...
040 (10613549.228.000) 12/16 15:27:15 Started transferring input files
	Transferring to host: <188.185.213.170:9618?addrs=188.185.213.170-9618+[2001-1458-303-1b--100-26]-9618&alias=b9p28p2120.cern.ch&noUDP&sock=slot1_28_5140_584a_110906>
...
040 (10613549.228.000) 12/16 15:27:15 Finished transferring input files
...
001 (10613549.228.000) 12/16 15:27:15 Job executing on host: <188.185.213.170:9618?addrs=188.185.213.170-9618+[2001-1458-303-1b--100-26]-9618&alias=b9p28p2120.cern.ch&noUDP&sock=startd_4234_c014>
	SlotName: slot1_28@b9p28p2120.cern.ch
	CondorScratchDir = "/pool/condor/dir_3808801"
	Cpus = 4
	Disk = 10949
	GPUs = 0
	Memory = 12000
...
006 (10613549.228.000) 12/16 15:27:28 Image size of job updated: 37516
	37  -  MemoryUsage of job (MB)
	37516  -  ResidentSetSize of job (KB)
...
006 (10613549.228.000) 12/16 15:32:29 Image size of job updated: 37936
	37  -  MemoryUsage of job (MB)
	37516  -  ResidentSetSize of job (KB)
...
040 (10613549.228.000) 12/16 16:43:43 Started transferring output files
...
040 (10613549.228.000) 12/16 16:43:43 Finished transferring output files
...
005 (10613549.228.000) 12/16 16:43:43 Job terminated.
	(1) Normal termination (return value 0)
		Usr 0 01:15:37, Sys 0 00:00:06  -  Run Remote Usage
		Usr 0 00:00:00, Sys 0 00:00:00  -  Run Local Usage
		Usr 0 01:15:37, Sys 0 00:00:06  -  Total Remote Usage
		Usr 0 00:00:00, Sys 0 00:00:00  -  Total Local Usage
	0  -  Run Bytes Sent By Job
	7584148  -  Run Bytes Received By Job
	0  -  Total Bytes Sent By Job
	7584148  -  Total Bytes Received By Job
	Partitionable Resources :    Usage  Request Allocated 
	   Cpus                 :     0.99        4         4 
	   Disk (KB)            : 32790        7500     10949 
	   GPUs                 :                           0 
	   Memory (MB)          :    37       12000     12000 
	   TimeExecute (s)      :  4588                       
	   TimeSlotBusy (s)     :  4588                       

	Job terminated of its own accord at 2025-12-16T15:43:43Z with exit-code 0.
...
