000 (10613549.486.000) 12/16 14:40:45 Job submitted from host: <188.185.71.83:9618?addrs=188.185.71.83-9618+[2001-1458-d00-7--100-34d]-9618&alias=bigbird18.cern.ch&noUDP&sock=schedd_5052_d48c>
...
040 (10613549.486.000) 12/16 15:30:16 Started transferring input files
	Transferring to host: <188.185.213.29:9618?addrs=188.185.213.29-9618+[2001-1458-303-1a--100-19]-9618&alias=b9p27p4542.cern.ch&noUDP&sock=slot1_5_3736658_5847_12329>
...
040 (10613549.486.000) 12/16 15:30:16 Finished transferring input files
...
001 (10613549.486.000) 12/16 15:30:16 Job executing on host: <188.185.213.29:9618?addrs=188.185.213.29-9618+[2001-1458-303-1a--100-19]-9618&alias=b9p27p4542.cern.ch&noUDP&sock=startd_6931_ab00>
	SlotName: slot1_5@b9p27p4542.cern.ch
	CondorScratchDir = "/pool/condor/dir_1703643"
	Cpus = 4
	Disk = 11006
	GPUs = 0
	Memory = 12000
...
006 (10613549.486.000) 12/16 15:30:30 Image size of job updated: 39504
	39  -  MemoryUsage of job (MB)
	39504  -  ResidentSetSize of job (KB)
...
006 (10613549.486.000) 12/16 15:35:31 Image size of job updated: 39924
	39  -  MemoryUsage of job (MB)
	39504  -  ResidentSetSize of job (KB)
...
006 (10613549.486.000) 12/16 16:49:24 Image size of job updated: 120456
	39  -  MemoryUsage of job (MB)
	39504  -  ResidentSetSize of job (KB)
...
040 (10613549.486.000) 12/16 16:49:25 Started transferring output files
...
040 (10613549.486.000) 12/16 16:49:25 Finished transferring output files
...
005 (10613549.486.000) 12/16 16:49:25 Job terminated.
	(1) Normal termination (return value 0)
		Usr 0 01:18:12, Sys 0 00:00:07  -  Run Remote Usage
		Usr 0 00:00:00, Sys 0 00:00:00  -  Run Local Usage
		Usr 0 01:18:12, Sys 0 00:00:07  -  Total Remote Usage
		Usr 0 00:00:00, Sys 0 00:00:00  -  Total Local Usage
	0  -  Run Bytes Sent By Job
	7584148  -  Run Bytes Received By Job
	0  -  Total Bytes Sent By Job
	7584148  -  Total Bytes Received By Job
	Partitionable Resources :    Usage  Request Allocated 
	   Cpus                 :     0.99        4         4 
	   Disk (KB)            : 33164        7500     11006 
	   GPUs                 :                           0 
	   Memory (MB)          :    39       12000     12000 
	   TimeExecute (s)      :  4748                       
	   TimeSlotBusy (s)     :  4749                       

	Job terminated of its own accord at 2025-12-16T15:49:24Z with exit-code 0.
...
