000 (10610887.343.000) 12/16 07:14:31 Job submitted from host: <188.185.71.83:9618?addrs=188.185.71.83-9618+[2001-1458-d00-7--100-34d]-9618&alias=bigbird18.cern.ch&noUDP&sock=schedd_5052_d48c>
...
040 (10610887.343.000) 12/16 07:49:42 Started transferring input files
	Transferring to host: <188.185.212.60:9618?addrs=188.185.212.60-9618+[2001-1458-303-18--100-38]-9618&alias=b9p25p5962.cern.ch&noUDP&sock=slot1_14_4316_c329_91459>
...
040 (10610887.343.000) 12/16 07:49:42 Finished transferring input files
...
001 (10610887.343.000) 12/16 07:49:42 Job executing on host: <188.185.212.60:9618?addrs=188.185.212.60-9618+[2001-1458-303-18--100-38]-9618&alias=b9p25p5962.cern.ch&noUDP&sock=startd_3640_50d2>
	SlotName: slot1_14@b9p25p5962.cern.ch
	CondorScratchDir = "/pool/condor/dir_608245"
	Cpus = 4
	Disk = 11022
	GPUs = 0
	Memory = 12000
...
006 (10610887.343.000) 12/16 07:49:57 Image size of job updated: 37504
	37  -  MemoryUsage of job (MB)
	37504  -  ResidentSetSize of job (KB)
...
006 (10610887.343.000) 12/16 07:54:59 Image size of job updated: 37924
	37  -  MemoryUsage of job (MB)
	37504  -  ResidentSetSize of job (KB)
...
040 (10610887.343.000) 12/16 09:49:47 Started transferring output files
...
040 (10610887.343.000) 12/16 09:49:48 Finished transferring output files
...
005 (10610887.343.000) 12/16 09:49:48 Job terminated.
	(1) Normal termination (return value 0)
		Usr 0 01:54:22, Sys 0 00:00:18  -  Run Remote Usage
		Usr 0 00:00:00, Sys 0 00:00:00  -  Run Local Usage
		Usr 0 01:54:22, Sys 0 00:00:18  -  Total Remote Usage
		Usr 0 00:00:00, Sys 0 00:00:00  -  Total Local Usage
	0  -  Run Bytes Sent By Job
	7584148  -  Run Bytes Received By Job
	0  -  Total Bytes Sent By Job
	7584148  -  Total Bytes Received By Job
	Partitionable Resources :    Usage  Request Allocated 
	   Cpus                 :     0.97        4         4 
	   Disk (KB)            : 32455        7500     11022 
	   GPUs                 :                           0 
	   Memory (MB)          :    37       12000     12000 
	   TimeExecute (s)      :  7204                       
	   TimeSlotBusy (s)     :  7207                       

	Job terminated of its own accord at 2025-12-16T08:49:46Z with exit-code 0.
...
