000 (10610889.806.000) 12/16 07:15:01 Job submitted from host: <188.185.71.83:9618?addrs=188.185.71.83-9618+[2001-1458-d00-7--100-34d]-9618&alias=bigbird18.cern.ch&noUDP&sock=schedd_5052_d48c>
...
040 (10610889.806.000) 12/16 14:26:18 Started transferring input files
	Transferring to host: <188.185.204.181:9618?addrs=188.185.204.181-9618+[2001-1458-303-8--100-a9]-9618&alias=b9p02p9149.cern.ch&noUDP&sock=slot1_7_563058_0c2a_9296>
...
040 (10610889.806.000) 12/16 14:26:18 Finished transferring input files
...
001 (10610889.806.000) 12/16 14:26:18 Job executing on host: <188.185.204.181:9618?addrs=188.185.204.181-9618+[2001-1458-303-8--100-a9]-9618&alias=b9p02p9149.cern.ch&noUDP&sock=startd_541751_b41c>
	SlotName: slot1_7@b9p02p9149.cern.ch
	CondorScratchDir = "/pool/condor/dir_2489989"
	Cpus = 4
	Disk = 10764
	GPUs = 0
	Memory = 12000
...
006 (10610889.806.000) 12/16 14:26:32 Image size of job updated: 40156
	40  -  MemoryUsage of job (MB)
	40156  -  ResidentSetSize of job (KB)
...
006 (10610889.806.000) 12/16 14:31:32 Image size of job updated: 40560
	40  -  MemoryUsage of job (MB)
	40156  -  ResidentSetSize of job (KB)
...
040 (10610889.806.000) 12/16 16:11:46 Started transferring output files
...
040 (10610889.806.000) 12/16 16:11:46 Finished transferring output files
...
005 (10610889.806.000) 12/16 16:11:46 Job terminated.
	(1) Normal termination (return value 0)
		Usr 0 01:43:33, Sys 0 00:00:17  -  Run Remote Usage
		Usr 0 00:00:00, Sys 0 00:00:00  -  Run Local Usage
		Usr 0 01:43:33, Sys 0 00:00:17  -  Total Remote Usage
		Usr 0 00:00:00, Sys 0 00:00:00  -  Total Local Usage
	0  -  Run Bytes Sent By Job
	7584148  -  Run Bytes Received By Job
	0  -  Total Bytes Sent By Job
	7584148  -  Total Bytes Received By Job
	Partitionable Resources :    Usage  Request Allocated 
	   Cpus                 :     0.98        4         4 
	   Disk (KB)            : 32311        7500     10764 
	   GPUs                 :                           0 
	   Memory (MB)          :    40       12000     12000 
	   TimeExecute (s)      :  6327                       
	   TimeSlotBusy (s)     :  6329                       

	Job terminated of its own accord at 2025-12-16T15:11:45Z with exit-code 0.
...
