000 (10613549.355.000) 12/16 14:40:44 Job submitted from host: <188.185.71.83:9618?addrs=188.185.71.83-9618+[2001-1458-d00-7--100-34d]-9618&alias=bigbird18.cern.ch&noUDP&sock=schedd_5052_d48c>
...
040 (10613549.355.000) 12/16 15:29:37 Started transferring input files
	Transferring to host: <188.185.192.170:9618?addrs=188.185.192.170-9618+[2001-1458-303-1f--100-a6]-9618&alias=b9p13p0624.cern.ch&noUDP&sock=slot1_3_8653_9239_86183>
...
040 (10613549.355.000) 12/16 15:29:37 Finished transferring input files
...
001 (10613549.355.000) 12/16 15:29:37 Job executing on host: <188.185.192.170:9618?addrs=188.185.192.170-9618+[2001-1458-303-1f--100-a6]-9618&alias=b9p13p0624.cern.ch&noUDP&sock=startd_7409_8945>
	SlotName: slot1_3@b9p13p0624.cern.ch
	CondorScratchDir = "/pool/condor/dir_2487482"
	Cpus = 4
	Disk = 10978
	GPUs = 0
	Memory = 12000
...
006 (10613549.355.000) 12/16 15:29:51 Image size of job updated: 37480
	37  -  MemoryUsage of job (MB)
	37480  -  ResidentSetSize of job (KB)
...
006 (10613549.355.000) 12/16 15:34:52 Image size of job updated: 37900
	37  -  MemoryUsage of job (MB)
	37480  -  ResidentSetSize of job (KB)
...
006 (10613549.355.000) 12/16 17:45:04 Image size of job updated: 55684
	55  -  MemoryUsage of job (MB)
	55684  -  ResidentSetSize of job (KB)
...
040 (10613549.355.000) 12/16 17:45:05 Started transferring output files
...
040 (10613549.355.000) 12/16 17:45:06 Finished transferring output files
...
005 (10613549.355.000) 12/16 17:45:06 Job terminated.
	(1) Normal termination (return value 0)
		Usr 0 02:13:37, Sys 0 00:00:13  -  Run Remote Usage
		Usr 0 00:00:00, Sys 0 00:00:00  -  Run Local Usage
		Usr 0 02:13:37, Sys 0 00:00:13  -  Total Remote Usage
		Usr 0 00:00:00, Sys 0 00:00:00  -  Total Local Usage
	0  -  Run Bytes Sent By Job
	7584148  -  Run Bytes Received By Job
	0  -  Total Bytes Sent By Job
	7584148  -  Total Bytes Received By Job
	Partitionable Resources :    Usage  Request Allocated 
	   Cpus                 :     0.99        4         4 
	   Disk (KB)            : 33276        7500     10978 
	   GPUs                 :                           0 
	   Memory (MB)          :    55       12000     12000 
	   TimeExecute (s)      :  8127                       
	   TimeSlotBusy (s)     :  8130                       

	Job terminated of its own accord at 2025-12-16T16:45:04Z with exit-code 0.
...
