000 (10613550.898.000) 12/16 14:41:00 Job submitted from host: <188.185.71.83:9618?addrs=188.185.71.83-9618+[2001-1458-d00-7--100-34d]-9618&alias=bigbird18.cern.ch&noUDP&sock=schedd_5052_d48c>
...
040 (10613550.898.000) 12/16 16:53:19 Started transferring input files
	Transferring to host: <188.185.193.124:9618?addrs=188.185.193.124-9618+[2001-1458-303-20--100-78]-9618&alias=b9p19p8329.cern.ch&noUDP&sock=slot1_4_5255_5f6f_83834>
...
040 (10613550.898.000) 12/16 16:53:19 Finished transferring input files
...
001 (10613550.898.000) 12/16 16:53:19 Job executing on host: <188.185.193.124:9618?addrs=188.185.193.124-9618+[2001-1458-303-20--100-78]-9618&alias=b9p19p8329.cern.ch&noUDP&sock=startd_4228_a282>
	SlotName: slot1_4@b9p19p8329.cern.ch
	CondorScratchDir = "/pool/condor/dir_3151457"
	Cpus = 4
	Disk = 10977
	GPUs = 0
	Memory = 12000
...
006 (10613550.898.000) 12/16 16:53:33 Image size of job updated: 30104
	30  -  MemoryUsage of job (MB)
	30104  -  ResidentSetSize of job (KB)
...
040 (10613550.898.000) 12/16 19:40:29 Started transferring output files
...
040 (10613550.898.000) 12/16 19:40:30 Finished transferring output files
...
005 (10613550.898.000) 12/16 19:40:30 Job terminated.
	(1) Normal termination (return value 0)
		Usr 0 02:44:56, Sys 0 00:00:11  -  Run Remote Usage
		Usr 0 00:00:00, Sys 0 00:00:00  -  Run Local Usage
		Usr 0 02:44:56, Sys 0 00:00:11  -  Total Remote Usage
		Usr 0 00:00:00, Sys 0 00:00:00  -  Total Local Usage
	0  -  Run Bytes Sent By Job
	7584148  -  Run Bytes Received By Job
	0  -  Total Bytes Sent By Job
	7584148  -  Total Bytes Received By Job
	Partitionable Resources :    Usage  Request Allocated 
	   Cpus                 :     0.99        4         4 
	   Disk (KB)            : 34343        7500     10977 
	   GPUs                 :                           0 
	   Memory (MB)          :    30       12000     12000 
	   TimeExecute (s)      : 10029                       
	   TimeSlotBusy (s)     : 10031                       

	Job terminated of its own accord at 2025-12-16T18:40:28Z with exit-code 0.
...
