000 (10610888.388.000) 12/16 07:14:44 Job submitted from host: <188.185.71.83:9618?addrs=188.185.71.83-9618+[2001-1458-d00-7--100-34d]-9618&alias=bigbird18.cern.ch&noUDP&sock=schedd_5052_d48c>
...
040 (10610888.388.000) 12/16 09:21:33 Started transferring input files
	Transferring to host: <188.185.212.181:9618?addrs=188.185.212.181-9618+[2001-1458-303-19--100-31]-9618&alias=b9p26p2175.cern.ch&noUDP&sock=slot1_4_3549_5769_93492>
...
001 (10610888.388.000) 12/16 09:21:33 Job executing on host: <188.185.212.181:9618?addrs=188.185.212.181-9618+[2001-1458-303-19--100-31]-9618&alias=b9p26p2175.cern.ch&noUDP&sock=startd_3033_f6d5>
	SlotName: slot1_4@b9p26p2175.cern.ch
	CondorScratchDir = "/pool/condor/dir_4180188"
	Cpus = 4
	Disk = 11142
	GPUs = 0
	Memory = 12000
...
040 (10610888.388.000) 12/16 09:21:33 Finished transferring input files
...
006 (10610888.388.000) 12/16 09:21:47 Image size of job updated: 37484
	37  -  MemoryUsage of job (MB)
	37484  -  ResidentSetSize of job (KB)
...
006 (10610888.388.000) 12/16 09:26:48 Image size of job updated: 37904
	37  -  MemoryUsage of job (MB)
	37484  -  ResidentSetSize of job (KB)
...
006 (10610888.388.000) 12/16 10:51:41 Image size of job updated: 118428
	37  -  MemoryUsage of job (MB)
	37484  -  ResidentSetSize of job (KB)
...
040 (10610888.388.000) 12/16 10:51:42 Started transferring output files
...
040 (10610888.388.000) 12/16 10:51:42 Finished transferring output files
...
005 (10610888.388.000) 12/16 10:51:42 Job terminated.
	(1) Normal termination (return value 0)
		Usr 0 01:29:00, Sys 0 00:00:09  -  Run Remote Usage
		Usr 0 00:00:00, Sys 0 00:00:00  -  Run Local Usage
		Usr 0 01:29:00, Sys 0 00:00:09  -  Total Remote Usage
		Usr 0 00:00:00, Sys 0 00:00:00  -  Total Local Usage
	0  -  Run Bytes Sent By Job
	7584148  -  Run Bytes Received By Job
	0  -  Total Bytes Sent By Job
	7584148  -  Total Bytes Received By Job
	Partitionable Resources :    Usage  Request Allocated 
	   Cpus                 :     0.99        4         4 
	   Disk (KB)            : 33080        7500     11142 
	   GPUs                 :                           0 
	   Memory (MB)          :    37       12000     12000 
	   TimeExecute (s)      :  5408                       
	   TimeSlotBusy (s)     :  5409                       

	Job terminated of its own accord at 2025-12-16T09:51:41Z with exit-code 0.
...
