000 (10610887.871.000) 12/16 07:14:32 Job submitted from host: <188.185.71.83:9618?addrs=188.185.71.83-9618+[2001-1458-d00-7--100-34d]-9618&alias=bigbird18.cern.ch&noUDP&sock=schedd_5052_d48c>
...
040 (10610887.871.000) 12/16 07:59:46 Started transferring input files
	Transferring to host: <188.185.215.200:9618?addrs=188.185.215.200-9618+[2001-1458-303-26--100-44]-9618&alias=b9p18p2899.cern.ch&noUDP&sock=slot1_7_4442_8a6e_94595>
...
040 (10610887.871.000) 12/16 07:59:46 Finished transferring input files
...
001 (10610887.871.000) 12/16 07:59:46 Job executing on host: <188.185.215.200:9618?addrs=188.185.215.200-9618+[2001-1458-303-26--100-44]-9618&alias=b9p18p2899.cern.ch&noUDP&sock=startd_3772_db52>
	SlotName: slot1_7@b9p18p2899.cern.ch
	CondorScratchDir = "/pool/condor/dir_3248854"
	Cpus = 4
	Disk = 10964
	GPUs = 0
	Memory = 12000
...
006 (10610887.871.000) 12/16 08:00:00 Image size of job updated: 38008
	38  -  MemoryUsage of job (MB)
	38008  -  ResidentSetSize of job (KB)
...
006 (10610887.871.000) 12/16 08:05:01 Image size of job updated: 38428
	38  -  MemoryUsage of job (MB)
	38008  -  ResidentSetSize of job (KB)
...
040 (10610887.871.000) 12/16 09:50:11 Started transferring output files
...
040 (10610887.871.000) 12/16 09:50:11 Finished transferring output files
...
005 (10610887.871.000) 12/16 09:50:11 Job terminated.
	(1) Normal termination (return value 0)
		Usr 0 01:46:21, Sys 0 00:00:22  -  Run Remote Usage
		Usr 0 00:00:00, Sys 0 00:00:00  -  Run Local Usage
		Usr 0 01:46:21, Sys 0 00:00:22  -  Total Remote Usage
		Usr 0 00:00:00, Sys 0 00:00:00  -  Total Local Usage
	0  -  Run Bytes Sent By Job
	7584148  -  Run Bytes Received By Job
	0  -  Total Bytes Sent By Job
	7584148  -  Total Bytes Received By Job
	Partitionable Resources :    Usage  Request Allocated 
	   Cpus                 :     0.98        4         4 
	   Disk (KB)            : 32025        7500     10964 
	   GPUs                 :                           0 
	   Memory (MB)          :    38       12000     12000 
	   TimeExecute (s)      :  6624                       
	   TimeSlotBusy (s)     :  6626                       

	Job terminated of its own accord at 2025-12-16T08:50:10Z with exit-code 0.
...
