000 (10613550.529.000) 12/16 14:40:59 Job submitted from host: <188.185.71.83:9618?addrs=188.185.71.83-9618+[2001-1458-d00-7--100-34d]-9618&alias=bigbird18.cern.ch&noUDP&sock=schedd_5052_d48c>
...
040 (10613550.529.000) 12/16 16:21:38 Started transferring input files
	Transferring to host: <188.185.196.21:9618?addrs=188.185.196.21-9618+[2001-1458-303-23--100-11]-9618&alias=b9p16p7886.cern.ch&noUDP&sock=slot1_16_7872_4939_81753>
...
001 (10613550.529.000) 12/16 16:21:38 Job executing on host: <188.185.196.21:9618?addrs=188.185.196.21-9618+[2001-1458-303-23--100-11]-9618&alias=b9p16p7886.cern.ch&noUDP&sock=startd_6484_102b>
	SlotName: slot1_16@b9p16p7886.cern.ch
	CondorScratchDir = "/pool/condor/dir_3800818"
	Cpus = 4
	Disk = 11067
	GPUs = 0
	Memory = 12000
...
040 (10613550.529.000) 12/16 16:21:38 Finished transferring input files
...
006 (10613550.529.000) 12/16 16:21:52 Image size of job updated: 42080
	42  -  MemoryUsage of job (MB)
	42080  -  ResidentSetSize of job (KB)
...
006 (10613550.529.000) 12/16 16:26:52 Image size of job updated: 42500
	42  -  MemoryUsage of job (MB)
	42080  -  ResidentSetSize of job (KB)
...
040 (10613550.529.000) 12/16 17:56:38 Started transferring output files
...
040 (10613550.529.000) 12/16 17:56:38 Finished transferring output files
...
005 (10613550.529.000) 12/16 17:56:38 Job terminated.
	(1) Normal termination (return value 0)
		Usr 0 01:34:16, Sys 0 00:00:05  -  Run Remote Usage
		Usr 0 00:00:00, Sys 0 00:00:00  -  Run Local Usage
		Usr 0 01:34:16, Sys 0 00:00:05  -  Total Remote Usage
		Usr 0 00:00:00, Sys 0 00:00:00  -  Total Local Usage
	0  -  Run Bytes Sent By Job
	7584148  -  Run Bytes Received By Job
	0  -  Total Bytes Sent By Job
	7584148  -  Total Bytes Received By Job
	Partitionable Resources :    Usage  Request Allocated 
	   Cpus                 :     0.99        4         4 
	   Disk (KB)            : 32239        7500     11067 
	   GPUs                 :                           0 
	   Memory (MB)          :    42       12000     12000 
	   TimeExecute (s)      :  5700                       
	   TimeSlotBusy (s)     :  5700                       

	Job terminated of its own accord at 2025-12-16T16:56:38Z with exit-code 0.
...
