000 (10610888.972.000) 12/16 07:14:45 Job submitted from host: <188.185.71.83:9618?addrs=188.185.71.83-9618+[2001-1458-d00-7--100-34d]-9618&alias=bigbird18.cern.ch&noUDP&sock=schedd_5052_d48c>
...
040 (10610888.972.000) 12/16 10:12:35 Started transferring input files
	Transferring to host: <188.185.194.98:9618?addrs=188.185.194.98-9618+[2001-1458-303-21--100-5e]-9618&alias=b9p20p1491.cern.ch&noUDP&sock=slot1_4_7848_6038_81857>
...
040 (10610888.972.000) 12/16 10:12:35 Finished transferring input files
...
001 (10610888.972.000) 12/16 10:12:35 Job executing on host: <188.185.194.98:9618?addrs=188.185.194.98-9618+[2001-1458-303-21--100-5e]-9618&alias=b9p20p1491.cern.ch&noUDP&sock=startd_6526_df25>
	SlotName: slot1_4@b9p20p1491.cern.ch
	CondorScratchDir = "/pool/condor/dir_3118952"
	Cpus = 4
	Disk = 11083
	GPUs = 0
	Memory = 12000
...
006 (10610888.972.000) 12/16 10:12:49 Image size of job updated: 35552
	35  -  MemoryUsage of job (MB)
	35552  -  ResidentSetSize of job (KB)
...
006 (10610888.972.000) 12/16 10:17:50 Image size of job updated: 35972
	35  -  MemoryUsage of job (MB)
	35552  -  ResidentSetSize of job (KB)
...
040 (10610888.972.000) 12/16 12:18:06 Started transferring output files
...
040 (10610888.972.000) 12/16 12:18:06 Finished transferring output files
...
005 (10610888.972.000) 12/16 12:18:06 Job terminated.
	(1) Normal termination (return value 0)
		Usr 0 02:04:30, Sys 0 00:00:06  -  Run Remote Usage
		Usr 0 00:00:00, Sys 0 00:00:00  -  Run Local Usage
		Usr 0 02:04:30, Sys 0 00:00:06  -  Total Remote Usage
		Usr 0 00:00:00, Sys 0 00:00:00  -  Total Local Usage
	0  -  Run Bytes Sent By Job
	7584148  -  Run Bytes Received By Job
	0  -  Total Bytes Sent By Job
	7584148  -  Total Bytes Received By Job
	Partitionable Resources :    Usage  Request Allocated 
	   Cpus                 :     0.99        4         4 
	   Disk (KB)            : 32539        7500     11083 
	   GPUs                 :                           0 
	   Memory (MB)          :    35       12000     12000 
	   TimeExecute (s)      :  7530                       
	   TimeSlotBusy (s)     :  7531                       

	Job terminated of its own accord at 2025-12-16T11:18:05Z with exit-code 0.
...
