000 (10610888.312.000) 12/16 07:14:44 Job submitted from host: <188.185.71.83:9618?addrs=188.185.71.83-9618+[2001-1458-d00-7--100-34d]-9618&alias=bigbird18.cern.ch&noUDP&sock=schedd_5052_d48c>
...
040 (10610888.312.000) 12/16 09:16:12 Started transferring input files
	Transferring to host: <188.185.208.219:9618?addrs=188.185.208.219-9618+[2001-1458-303-10--100-58]-9618&alias=b9p10p7427.cern.ch&noUDP&sock=slot1_20_7540_5cac_77044>
...
040 (10610888.312.000) 12/16 09:16:12 Finished transferring input files
...
001 (10610888.312.000) 12/16 09:16:12 Job executing on host: <188.185.208.219:9618?addrs=188.185.208.219-9618+[2001-1458-303-10--100-58]-9618&alias=b9p10p7427.cern.ch&noUDP&sock=startd_6779_689b>
	SlotName: slot1_20@b9p10p7427.cern.ch
	CondorScratchDir = "/pool/condor/dir_1261400"
	Cpus = 4
	Disk = 10974
	GPUs = 0
	Memory = 12000
...
006 (10610888.312.000) 12/16 09:16:26 Image size of job updated: 39656
	39  -  MemoryUsage of job (MB)
	39656  -  ResidentSetSize of job (KB)
...
006 (10610888.312.000) 12/16 09:21:26 Image size of job updated: 40036
	39  -  MemoryUsage of job (MB)
	39656  -  ResidentSetSize of job (KB)
...
006 (10610888.312.000) 12/16 10:55:19 Image size of job updated: 120692
	39  -  MemoryUsage of job (MB)
	39656  -  ResidentSetSize of job (KB)
...
040 (10610888.312.000) 12/16 10:55:20 Started transferring output files
...
040 (10610888.312.000) 12/16 10:55:20 Finished transferring output files
...
005 (10610888.312.000) 12/16 10:55:20 Job terminated.
	(1) Normal termination (return value 0)
		Usr 0 01:37:46, Sys 0 00:00:08  -  Run Remote Usage
		Usr 0 00:00:00, Sys 0 00:00:00  -  Run Local Usage
		Usr 0 01:37:46, Sys 0 00:00:08  -  Total Remote Usage
		Usr 0 00:00:00, Sys 0 00:00:00  -  Total Local Usage
	0  -  Run Bytes Sent By Job
	7584148  -  Run Bytes Received By Job
	0  -  Total Bytes Sent By Job
	7584148  -  Total Bytes Received By Job
	Partitionable Resources :    Usage  Request Allocated 
	   Cpus                 :     0.99        4         4 
	   Disk (KB)            : 32493        7500     10974 
	   GPUs                 :                           0 
	   Memory (MB)          :    39       12000     12000 
	   TimeExecute (s)      :  5947                       
	   TimeSlotBusy (s)     :  5948                       

	Job terminated of its own accord at 2025-12-16T09:55:19Z with exit-code 0.
...
