000 (10613549.367.000) 12/16 14:40:44 Job submitted from host: <188.185.71.83:9618?addrs=188.185.71.83-9618+[2001-1458-d00-7--100-34d]-9618&alias=bigbird18.cern.ch&noUDP&sock=schedd_5052_d48c>
...
040 (10613549.367.000) 12/16 15:29:50 Started transferring input files
	Transferring to host: <188.185.210.161:9618?addrs=188.185.210.161-9618+[2001-1458-303-15--100-1d]-9618&alias=b9p22p1905.cern.ch&noUDP&sock=slot1_11_1765665_78d1_11223>
...
040 (10613549.367.000) 12/16 15:29:50 Finished transferring input files
...
001 (10613549.367.000) 12/16 15:29:50 Job executing on host: <188.185.210.161:9618?addrs=188.185.210.161-9618+[2001-1458-303-15--100-1d]-9618&alias=b9p22p1905.cern.ch&noUDP&sock=startd_6329_befd>
	SlotName: slot1_11@b9p22p1905.cern.ch
	CondorScratchDir = "/pool/condor/dir_365209"
	Cpus = 4
	Disk = 10891
	GPUs = 0
	Memory = 12000
...
006 (10613549.367.000) 12/16 15:30:04 Image size of job updated: 41596
	41  -  MemoryUsage of job (MB)
	41596  -  ResidentSetSize of job (KB)
...
006 (10613549.367.000) 12/16 15:35:05 Image size of job updated: 42016
	41  -  MemoryUsage of job (MB)
	41596  -  ResidentSetSize of job (KB)
...
006 (10613549.367.000) 12/16 17:01:59 Image size of job updated: 122544
	41  -  MemoryUsage of job (MB)
	41596  -  ResidentSetSize of job (KB)
...
040 (10613549.367.000) 12/16 17:01:59 Started transferring output files
...
040 (10613549.367.000) 12/16 17:02:00 Finished transferring output files
...
005 (10613549.367.000) 12/16 17:02:00 Job terminated.
	(1) Normal termination (return value 0)
		Usr 0 01:30:20, Sys 0 00:00:14  -  Run Remote Usage
		Usr 0 00:00:00, Sys 0 00:00:00  -  Run Local Usage
		Usr 0 01:30:20, Sys 0 00:00:14  -  Total Remote Usage
		Usr 0 00:00:00, Sys 0 00:00:00  -  Total Local Usage
	0  -  Run Bytes Sent By Job
	7584148  -  Run Bytes Received By Job
	0  -  Total Bytes Sent By Job
	7584148  -  Total Bytes Received By Job
	Partitionable Resources :    Usage  Request Allocated 
	   Cpus                 :     0.99        4         4 
	   Disk (KB)            : 33118        7500     10891 
	   GPUs                 :                           0 
	   Memory (MB)          :    41       12000     12000 
	   TimeExecute (s)      :  5529                       
	   TimeSlotBusy (s)     :  5531                       

	Job terminated of its own accord at 2025-12-16T16:01:59Z with exit-code 0.
...
