000 (10610888.512.000) 12/16 07:14:44 Job submitted from host: <188.185.71.83:9618?addrs=188.185.71.83-9618+[2001-1458-d00-7--100-34d]-9618&alias=bigbird18.cern.ch&noUDP&sock=schedd_5052_d48c>
...
040 (10610888.512.000) 12/16 09:27:57 Started transferring input files
	Transferring to host: <188.185.213.173:9618?addrs=188.185.213.173-9618+[2001-1458-303-1b--100-29]-9618&alias=b9p28p7806.cern.ch&noUDP&sock=slot1_6_7799_d9d6_108517>
...
040 (10610888.512.000) 12/16 09:27:57 Finished transferring input files
...
001 (10610888.512.000) 12/16 09:27:57 Job executing on host: <188.185.213.173:9618?addrs=188.185.213.173-9618+[2001-1458-303-1b--100-29]-9618&alias=b9p28p7806.cern.ch&noUDP&sock=startd_7103_a54a>
	SlotName: slot1_6@b9p28p7806.cern.ch
	CondorScratchDir = "/pool/condor/dir_4023705"
	Cpus = 4
	Disk = 11268
	GPUs = 0
	Memory = 12000
...
006 (10610888.512.000) 12/16 09:28:11 Image size of job updated: 40548
	40  -  MemoryUsage of job (MB)
	40548  -  ResidentSetSize of job (KB)
...
006 (10610888.512.000) 12/16 09:33:12 Image size of job updated: 40640
	40  -  MemoryUsage of job (MB)
	40548  -  ResidentSetSize of job (KB)
...
040 (10610888.512.000) 12/16 10:41:16 Started transferring output files
...
040 (10610888.512.000) 12/16 10:41:16 Finished transferring output files
...
005 (10610888.512.000) 12/16 10:41:16 Job terminated.
	(1) Normal termination (return value 0)
		Usr 0 01:12:41, Sys 0 00:00:03  -  Run Remote Usage
		Usr 0 00:00:00, Sys 0 00:00:00  -  Run Local Usage
		Usr 0 01:12:41, Sys 0 00:00:03  -  Total Remote Usage
		Usr 0 00:00:00, Sys 0 00:00:00  -  Total Local Usage
	0  -  Run Bytes Sent By Job
	7584148  -  Run Bytes Received By Job
	0  -  Total Bytes Sent By Job
	7584148  -  Total Bytes Received By Job
	Partitionable Resources :    Usage  Request Allocated 
	   Cpus                 :     0.99        4         4 
	   Disk (KB)            : 32405        7500     11268 
	   GPUs                 :                           0 
	   Memory (MB)          :    40       12000     12000 
	   TimeExecute (s)      :  4398                       
	   TimeSlotBusy (s)     :  4399                       

	Job terminated of its own accord at 2025-12-16T09:41:15Z with exit-code 0.
...
