000 (10610888.485.000) 12/16 07:14:44 Job submitted from host: <188.185.71.83:9618?addrs=188.185.71.83-9618+[2001-1458-d00-7--100-34d]-9618&alias=bigbird18.cern.ch&noUDP&sock=schedd_5052_d48c>
...
040 (10610888.485.000) 12/16 09:26:55 Started transferring input files
	Transferring to host: <188.185.210.161:9618?addrs=188.185.210.161-9618+[2001-1458-303-15--100-1d]-9618&alias=b9p22p1905.cern.ch&noUDP&sock=slot1_16_1765665_78d1_10891>
...
040 (10610888.485.000) 12/16 09:26:55 Finished transferring input files
...
001 (10610888.485.000) 12/16 09:26:55 Job executing on host: <188.185.210.161:9618?addrs=188.185.210.161-9618+[2001-1458-303-15--100-1d]-9618&alias=b9p22p1905.cern.ch&noUDP&sock=startd_6329_befd>
	SlotName: slot1_16@b9p22p1905.cern.ch
	CondorScratchDir = "/pool/condor/dir_3289268"
	Cpus = 4
	Disk = 10934
	GPUs = 0
	Memory = 12000
...
006 (10610888.485.000) 12/16 09:27:08 Image size of job updated: 37516
	37  -  MemoryUsage of job (MB)
	37516  -  ResidentSetSize of job (KB)
...
006 (10610888.485.000) 12/16 09:32:09 Image size of job updated: 37936
	37  -  MemoryUsage of job (MB)
	37516  -  ResidentSetSize of job (KB)
...
006 (10610888.485.000) 12/16 10:45:51 Image size of job updated: 118472
	37  -  MemoryUsage of job (MB)
	37516  -  ResidentSetSize of job (KB)
...
040 (10610888.485.000) 12/16 10:45:51 Started transferring output files
...
040 (10610888.485.000) 12/16 10:45:52 Finished transferring output files
...
005 (10610888.485.000) 12/16 10:45:52 Job terminated.
	(1) Normal termination (return value 0)
		Usr 0 01:18:03, Sys 0 00:00:06  -  Run Remote Usage
		Usr 0 00:00:00, Sys 0 00:00:00  -  Run Local Usage
		Usr 0 01:18:03, Sys 0 00:00:06  -  Total Remote Usage
		Usr 0 00:00:00, Sys 0 00:00:00  -  Total Local Usage
	0  -  Run Bytes Sent By Job
	7584148  -  Run Bytes Received By Job
	0  -  Total Bytes Sent By Job
	7584148  -  Total Bytes Received By Job
	Partitionable Resources :    Usage  Request Allocated 
	   Cpus                 :     0.99        4         4 
	   Disk (KB)            : 33194        7500     10934 
	   GPUs                 :                           0 
	   Memory (MB)          :    37       12000     12000 
	   TimeExecute (s)      :  4736                       
	   TimeSlotBusy (s)     :  4738                       

	Job terminated of its own accord at 2025-12-16T09:45:51Z with exit-code 0.
...
