000 (10610888.660.000) 12/16 07:14:44 Job submitted from host: <188.185.71.83:9618?addrs=188.185.71.83-9618+[2001-1458-d00-7--100-34d]-9618&alias=bigbird18.cern.ch&noUDP&sock=schedd_5052_d48c>
...
040 (10610888.660.000) 12/16 09:33:54 Started transferring input files
	Transferring to host: <188.185.214.18:9618?addrs=188.185.214.18-9618+[2001-1458-303-1c--100-e]-9618&alias=b9p29p4113.cern.ch&noUDP&sock=slot1_9_1188321_651c_13665>
...
040 (10610888.660.000) 12/16 09:33:54 Finished transferring input files
...
001 (10610888.660.000) 12/16 09:33:54 Job executing on host: <188.185.214.18:9618?addrs=188.185.214.18-9618+[2001-1458-303-1c--100-e]-9618&alias=b9p29p4113.cern.ch&noUDP&sock=startd_7200_2dfa>
	SlotName: slot1_9@b9p29p4113.cern.ch
	CondorScratchDir = "/pool/condor/dir_3711154"
	Cpus = 4
	Disk = 11117
	GPUs = 0
	Memory = 12000
...
006 (10610888.660.000) 12/16 09:34:08 Image size of job updated: 37492
	37  -  MemoryUsage of job (MB)
	37492  -  ResidentSetSize of job (KB)
...
006 (10610888.660.000) 12/16 09:39:09 Image size of job updated: 37912
	37  -  MemoryUsage of job (MB)
	37492  -  ResidentSetSize of job (KB)
...
006 (10610888.660.000) 12/16 11:04:06 Image size of job updated: 118440
	37  -  MemoryUsage of job (MB)
	37492  -  ResidentSetSize of job (KB)
...
040 (10610888.660.000) 12/16 11:04:07 Started transferring output files
...
040 (10610888.660.000) 12/16 11:04:07 Finished transferring output files
...
005 (10610888.660.000) 12/16 11:04:07 Job terminated.
	(1) Normal termination (return value 0)
		Usr 0 01:28:54, Sys 0 00:00:11  -  Run Remote Usage
		Usr 0 00:00:00, Sys 0 00:00:00  -  Run Local Usage
		Usr 0 01:28:54, Sys 0 00:00:11  -  Total Remote Usage
		Usr 0 00:00:00, Sys 0 00:00:00  -  Total Local Usage
	0  -  Run Bytes Sent By Job
	7584148  -  Run Bytes Received By Job
	0  -  Total Bytes Sent By Job
	7584148  -  Total Bytes Received By Job
	Partitionable Resources :    Usage  Request Allocated 
	   Cpus                 :     0.98        4         4 
	   Disk (KB)            : 33081        7500     11117 
	   GPUs                 :                           0 
	   Memory (MB)          :    37       12000     12000 
	   TimeExecute (s)      :  5412                       
	   TimeSlotBusy (s)     :  5413                       

	Job terminated of its own accord at 2025-12-16T10:04:06Z with exit-code 0.
...
