000 (10610889.911.000) 12/16 07:15:01 Job submitted from host: <188.185.71.83:9618?addrs=188.185.71.83-9618+[2001-1458-d00-7--100-34d]-9618&alias=bigbird18.cern.ch&noUDP&sock=schedd_5052_d48c>
...
040 (10610889.911.000) 12/16 14:26:54 Started transferring input files
	Transferring to host: <188.185.207.65:9618?addrs=188.185.207.65-9618+[2001-1458-303-d--100-3e]-9618&alias=b9p07p8840.cern.ch&noUDP&sock=slot1_10_10857_7d13_82453>
...
040 (10610889.911.000) 12/16 14:26:54 Finished transferring input files
...
001 (10610889.911.000) 12/16 14:26:54 Job executing on host: <188.185.207.65:9618?addrs=188.185.207.65-9618+[2001-1458-303-d--100-3e]-9618&alias=b9p07p8840.cern.ch&noUDP&sock=startd_10356_eedf>
	SlotName: slot1_10@b9p07p8840.cern.ch
	CondorScratchDir = "/pool/condor/dir_1928542"
	Cpus = 4
	Disk = 10839
	GPUs = 0
	Memory = 12000
...
006 (10610889.911.000) 12/16 14:27:08 Image size of job updated: 38192
	38  -  MemoryUsage of job (MB)
	38192  -  ResidentSetSize of job (KB)
...
006 (10610889.911.000) 12/16 14:32:08 Image size of job updated: 38220
	38  -  MemoryUsage of job (MB)
	38192  -  ResidentSetSize of job (KB)
...
040 (10610889.911.000) 12/16 16:12:33 Started transferring output files
...
040 (10610889.911.000) 12/16 16:12:33 Finished transferring output files
...
005 (10610889.911.000) 12/16 16:12:33 Job terminated.
	(1) Normal termination (return value 0)
		Usr 0 01:43:20, Sys 0 00:00:19  -  Run Remote Usage
		Usr 0 00:00:00, Sys 0 00:00:00  -  Run Local Usage
		Usr 0 01:43:20, Sys 0 00:00:19  -  Total Remote Usage
		Usr 0 00:00:00, Sys 0 00:00:00  -  Total Local Usage
	0  -  Run Bytes Sent By Job
	7584148  -  Run Bytes Received By Job
	0  -  Total Bytes Sent By Job
	7584148  -  Total Bytes Received By Job
	Partitionable Resources :    Usage  Request Allocated 
	   Cpus                 :     0.98        4         4 
	   Disk (KB)            : 32279        7500     10839 
	   GPUs                 :                           0 
	   Memory (MB)          :    38       12000     12000 
	   TimeExecute (s)      :  6338                       
	   TimeSlotBusy (s)     :  6341                       

	Job terminated of its own accord at 2025-12-16T15:12:32Z with exit-code 0.
...
