000 (10610888.736.000) 12/16 07:14:44 Job submitted from host: <188.185.71.83:9618?addrs=188.185.71.83-9618+[2001-1458-d00-7--100-34d]-9618&alias=bigbird18.cern.ch&noUDP&sock=schedd_5052_d48c>
...
040 (10610888.736.000) 12/16 09:38:21 Started transferring input files
	Transferring to host: <188.185.210.217:9618?addrs=188.185.210.217-9618+[2001-1458-303-15--100-55]-9618&alias=b9p22p3596.cern.ch&noUDP&sock=slot1_31_1481396_3eca_13212>
...
040 (10610888.736.000) 12/16 09:38:21 Finished transferring input files
...
001 (10610888.736.000) 12/16 09:38:21 Job executing on host: <188.185.210.217:9618?addrs=188.185.210.217-9618+[2001-1458-303-15--100-55]-9618&alias=b9p22p3596.cern.ch&noUDP&sock=startd_1480943_4c03>
	SlotName: slot1_31@b9p22p3596.cern.ch
	CondorScratchDir = "/pool/condor/dir_1521696"
	Cpus = 4
	Disk = 11048
	GPUs = 0
	Memory = 12000
...
006 (10610888.736.000) 12/16 09:38:35 Image size of job updated: 37488
	37  -  MemoryUsage of job (MB)
	37488  -  ResidentSetSize of job (KB)
...
006 (10610888.736.000) 12/16 09:43:36 Image size of job updated: 37908
	37  -  MemoryUsage of job (MB)
	37488  -  ResidentSetSize of job (KB)
...
040 (10610888.736.000) 12/16 11:03:10 Started transferring output files
...
040 (10610888.736.000) 12/16 11:03:10 Finished transferring output files
...
005 (10610888.736.000) 12/16 11:03:10 Job terminated.
	(1) Normal termination (return value 0)
		Usr 0 01:23:42, Sys 0 00:00:09  -  Run Remote Usage
		Usr 0 00:00:00, Sys 0 00:00:00  -  Run Local Usage
		Usr 0 01:23:42, Sys 0 00:00:09  -  Total Remote Usage
		Usr 0 00:00:00, Sys 0 00:00:00  -  Total Local Usage
	0  -  Run Bytes Sent By Job
	7584148  -  Run Bytes Received By Job
	0  -  Total Bytes Sent By Job
	7584148  -  Total Bytes Received By Job
	Partitionable Resources :    Usage  Request Allocated 
	   Cpus                 :     0.99        4         4 
	   Disk (KB)            : 32560        7500     11048 
	   GPUs                 :                           0 
	   Memory (MB)          :    37       12000     12000 
	   TimeExecute (s)      :  5088                       
	   TimeSlotBusy (s)     :  5089                       

	Job terminated of its own accord at 2025-12-16T10:03:09Z with exit-code 0.
...
