000 (10610887.341.000) 12/16 07:14:31 Job submitted from host: <188.185.71.83:9618?addrs=188.185.71.83-9618+[2001-1458-d00-7--100-34d]-9618&alias=bigbird18.cern.ch&noUDP&sock=schedd_5052_d48c>
...
040 (10610887.341.000) 12/16 07:49:41 Started transferring input files
	Transferring to host: <188.185.212.57:9618?addrs=188.185.212.57-9618+[2001-1458-303-18--100-35]-9618&alias=b9p25p1691.cern.ch&noUDP&sock=slot1_22_5524_e85a_91820>
...
040 (10610887.341.000) 12/16 07:49:41 Finished transferring input files
...
001 (10610887.341.000) 12/16 07:49:41 Job executing on host: <188.185.212.57:9618?addrs=188.185.212.57-9618+[2001-1458-303-18--100-35]-9618&alias=b9p25p1691.cern.ch&noUDP&sock=startd_4532_274d>
	SlotName: slot1_22@b9p25p1691.cern.ch
	CondorScratchDir = "/pool/condor/dir_1068714"
	Cpus = 4
	Disk = 10933
	GPUs = 0
	Memory = 12000
...
006 (10610887.341.000) 12/16 07:49:56 Image size of job updated: 37388
	37  -  MemoryUsage of job (MB)
	37388  -  ResidentSetSize of job (KB)
...
006 (10610887.341.000) 12/16 07:54:57 Image size of job updated: 37832
	37  -  MemoryUsage of job (MB)
	37388  -  ResidentSetSize of job (KB)
...
040 (10610887.341.000) 12/16 09:47:43 Started transferring output files
...
040 (10610887.341.000) 12/16 09:47:44 Finished transferring output files
...
005 (10610887.341.000) 12/16 09:47:44 Job terminated.
	(1) Normal termination (return value 0)
		Usr 0 01:53:57, Sys 0 00:00:13  -  Run Remote Usage
		Usr 0 00:00:00, Sys 0 00:00:00  -  Run Local Usage
		Usr 0 01:53:57, Sys 0 00:00:13  -  Total Remote Usage
		Usr 0 00:00:00, Sys 0 00:00:00  -  Total Local Usage
	0  -  Run Bytes Sent By Job
	7584148  -  Run Bytes Received By Job
	0  -  Total Bytes Sent By Job
	7584148  -  Total Bytes Received By Job
	Partitionable Resources :    Usage  Request Allocated 
	   Cpus                 :     0.97        4         4 
	   Disk (KB)            : 32647        7500     10933 
	   GPUs                 :                           0 
	   Memory (MB)          :    37       12000     12000 
	   TimeExecute (s)      :  7082                       
	   TimeSlotBusy (s)     :  7084                       

	Job terminated of its own accord at 2025-12-16T08:47:43Z with exit-code 0.
...
