000 (10610887.692.000) 12/16 07:14:31 Job submitted from host: <188.185.71.83:9618?addrs=188.185.71.83-9618+[2001-1458-d00-7--100-34d]-9618&alias=bigbird18.cern.ch&noUDP&sock=schedd_5052_d48c>
...
040 (10610887.692.000) 12/16 07:55:08 Started transferring input files
	Transferring to host: <188.185.214.53:9618?addrs=188.185.214.53-9618+[2001-1458-303-1c--100-31]-9618&alias=b9p29p4388.cern.ch&noUDP&sock=slot1_5_1849311_a55b_14929>
...
040 (10610887.692.000) 12/16 07:55:08 Finished transferring input files
...
001 (10610887.692.000) 12/16 07:55:08 Job executing on host: <188.185.214.53:9618?addrs=188.185.214.53-9618+[2001-1458-303-1c--100-31]-9618&alias=b9p29p4388.cern.ch&noUDP&sock=startd_1848834_ec4d>
	SlotName: slot1_5@b9p29p4388.cern.ch
	CondorScratchDir = "/pool/condor/dir_3935582"
	Cpus = 4
	Disk = 10872
	GPUs = 0
	Memory = 12000
...
006 (10610887.692.000) 12/16 07:55:22 Image size of job updated: 35604
	35  -  MemoryUsage of job (MB)
	35604  -  ResidentSetSize of job (KB)
...
006 (10610887.692.000) 12/16 08:00:23 Image size of job updated: 36024
	35  -  MemoryUsage of job (MB)
	35604  -  ResidentSetSize of job (KB)
...
006 (10610887.692.000) 12/16 09:10:40 Image size of job updated: 116624
	35  -  MemoryUsage of job (MB)
	35604  -  ResidentSetSize of job (KB)
...
040 (10610887.692.000) 12/16 09:10:41 Started transferring output files
...
040 (10610887.692.000) 12/16 09:10:41 Finished transferring output files
...
005 (10610887.692.000) 12/16 09:10:41 Job terminated.
	(1) Normal termination (return value 0)
		Usr 0 01:14:32, Sys 0 00:00:12  -  Run Remote Usage
		Usr 0 00:00:00, Sys 0 00:00:00  -  Run Local Usage
		Usr 0 01:14:32, Sys 0 00:00:12  -  Total Remote Usage
		Usr 0 00:00:00, Sys 0 00:00:00  -  Total Local Usage
	0  -  Run Bytes Sent By Job
	7584148  -  Run Bytes Received By Job
	0  -  Total Bytes Sent By Job
	7584148  -  Total Bytes Received By Job
	Partitionable Resources :    Usage  Request Allocated 
	   Cpus                 :     0.99        4         4 
	   Disk (KB)            : 33402        7500     10872 
	   GPUs                 :                           0 
	   Memory (MB)          :    35       12000     12000 
	   TimeExecute (s)      :  4532                       
	   TimeSlotBusy (s)     :  4534                       

	Job terminated of its own accord at 2025-12-16T08:10:40Z with exit-code 0.
...
