000 (10610888.832.000) 12/16 07:14:45 Job submitted from host: <188.185.71.83:9618?addrs=188.185.71.83-9618+[2001-1458-d00-7--100-34d]-9618&alias=bigbird18.cern.ch&noUDP&sock=schedd_5052_d48c>
...
040 (10610888.832.000) 12/16 09:44:59 Started transferring input files
	Transferring to host: <188.185.205.222:9618?addrs=188.185.205.222-9618+[2001-1458-303-a--100-5b]-9618&alias=b9p04p6496.cern.ch&noUDP&sock=slot1_20_4030_3fdd_78937>
...
040 (10610888.832.000) 12/16 09:44:59 Finished transferring input files
...
001 (10610888.832.000) 12/16 09:44:59 Job executing on host: <188.185.205.222:9618?addrs=188.185.205.222-9618+[2001-1458-303-a--100-5b]-9618&alias=b9p04p6496.cern.ch&noUDP&sock=startd_3557_6276>
	SlotName: slot1_20@b9p04p6496.cern.ch
	CondorScratchDir = "/pool/condor/dir_1475249"
	Cpus = 4
	Disk = 10805
	GPUs = 0
	Memory = 12000
...
006 (10610888.832.000) 12/16 09:45:13 Image size of job updated: 37712
	37  -  MemoryUsage of job (MB)
	37712  -  ResidentSetSize of job (KB)
...
006 (10610888.832.000) 12/16 09:50:14 Image size of job updated: 38092
	37  -  MemoryUsage of job (MB)
	37712  -  ResidentSetSize of job (KB)
...
006 (10610888.832.000) 12/16 11:25:36 Image size of job updated: 118732
	37  -  MemoryUsage of job (MB)
	37712  -  ResidentSetSize of job (KB)
...
040 (10610888.832.000) 12/16 11:25:36 Started transferring output files
...
040 (10610888.832.000) 12/16 11:25:37 Finished transferring output files
...
005 (10610888.832.000) 12/16 11:25:37 Job terminated.
	(1) Normal termination (return value 0)
		Usr 0 01:38:07, Sys 0 00:00:18  -  Run Remote Usage
		Usr 0 00:00:00, Sys 0 00:00:00  -  Run Local Usage
		Usr 0 01:38:07, Sys 0 00:00:18  -  Total Remote Usage
		Usr 0 00:00:00, Sys 0 00:00:00  -  Total Local Usage
	0  -  Run Bytes Sent By Job
	7584148  -  Run Bytes Received By Job
	0  -  Total Bytes Sent By Job
	7584148  -  Total Bytes Received By Job
	Partitionable Resources :    Usage  Request Allocated 
	   Cpus                 :     0.99        4         4 
	   Disk (KB)            : 32906        7500     10805 
	   GPUs                 :                           0 
	   Memory (MB)          :    37       12000     12000 
	   TimeExecute (s)      :  6037                       
	   TimeSlotBusy (s)     :  6038                       

	Job terminated of its own accord at 2025-12-16T10:25:36Z with exit-code 0.
...
