000 (10610889.845.000) 12/16 07:15:01 Job submitted from host: <188.185.71.83:9618?addrs=188.185.71.83-9618+[2001-1458-d00-7--100-34d]-9618&alias=bigbird18.cern.ch&noUDP&sock=schedd_5052_d48c>
...
040 (10610889.845.000) 12/16 14:26:30 Started transferring input files
	Transferring to host: <188.185.214.84:9618?addrs=188.185.214.84-9618+[2001-1458-303-1c--100-50]-9618&alias=b9p29p0222.cern.ch&noUDP&sock=slot1_5_4144_92a2_108817>
...
040 (10610889.845.000) 12/16 14:26:30 Finished transferring input files
...
001 (10610889.845.000) 12/16 14:26:30 Job executing on host: <188.185.214.84:9618?addrs=188.185.214.84-9618+[2001-1458-303-1c--100-50]-9618&alias=b9p29p0222.cern.ch&noUDP&sock=startd_3504_07f1>
	SlotName: slot1_5@b9p29p0222.cern.ch
	CondorScratchDir = "/pool/condor/dir_79903"
	Cpus = 4
	Disk = 10984
	GPUs = 0
	Memory = 12000
...
006 (10610889.845.000) 12/16 14:26:43 Image size of job updated: 37468
	37  -  MemoryUsage of job (MB)
	37468  -  ResidentSetSize of job (KB)
...
006 (10610889.845.000) 12/16 14:31:43 Image size of job updated: 37888
	37  -  MemoryUsage of job (MB)
	37468  -  ResidentSetSize of job (KB)
...
006 (10610889.845.000) 12/16 15:31:47 Image size of job updated: 43636
	43  -  MemoryUsage of job (MB)
	43636  -  ResidentSetSize of job (KB)
...
040 (10610889.845.000) 12/16 15:40:43 Started transferring output files
...
040 (10610889.845.000) 12/16 15:40:43 Finished transferring output files
...
005 (10610889.845.000) 12/16 15:40:43 Job terminated.
	(1) Normal termination (return value 0)
		Usr 0 01:13:34, Sys 0 00:00:03  -  Run Remote Usage
		Usr 0 00:00:00, Sys 0 00:00:00  -  Run Local Usage
		Usr 0 01:13:34, Sys 0 00:00:03  -  Total Remote Usage
		Usr 0 00:00:00, Sys 0 00:00:00  -  Total Local Usage
	0  -  Run Bytes Sent By Job
	7584148  -  Run Bytes Received By Job
	0  -  Total Bytes Sent By Job
	7584148  -  Total Bytes Received By Job
	Partitionable Resources :    Usage  Request Allocated 
	   Cpus                 :     0.99        4         4 
	   Disk (KB)            : 32968        7500     10984 
	   GPUs                 :                           0 
	   Memory (MB)          :    43       12000     12000 
	   TimeExecute (s)      :  4452                       
	   TimeSlotBusy (s)     :  4453                       

	Job terminated of its own accord at 2025-12-16T14:40:42Z with exit-code 0.
...
