000 (10610887.923.000) 12/16 07:14:32 Job submitted from host: <188.185.71.83:9618?addrs=188.185.71.83-9618+[2001-1458-d00-7--100-34d]-9618&alias=bigbird18.cern.ch&noUDP&sock=schedd_5052_d48c>
...
040 (10610887.923.000) 12/16 08:00:02 Started transferring input files
	Transferring to host: <188.185.215.55:9618?addrs=188.185.215.55-9618+[2001-1458-303-1e--100-33]-9618&alias=b9p31p0555.cern.ch&noUDP&sock=slot1_13_2963992_3fcb_12629>
...
040 (10610887.923.000) 12/16 08:00:02 Finished transferring input files
...
001 (10610887.923.000) 12/16 08:00:02 Job executing on host: <188.185.215.55:9618?addrs=188.185.215.55-9618+[2001-1458-303-1e--100-33]-9618&alias=b9p31p0555.cern.ch&noUDP&sock=startd_2964_a2cd>
	SlotName: slot1_13@b9p31p0555.cern.ch
	CondorScratchDir = "/pool/condor/dir_213242"
	Cpus = 4
	Disk = 11020
	GPUs = 0
	Memory = 12000
...
006 (10610887.923.000) 12/16 08:00:16 Image size of job updated: 40036
	40  -  MemoryUsage of job (MB)
	40036  -  ResidentSetSize of job (KB)
...
006 (10610887.923.000) 12/16 08:05:17 Image size of job updated: 40456
	40  -  MemoryUsage of job (MB)
	40036  -  ResidentSetSize of job (KB)
...
006 (10610887.923.000) 12/16 09:34:59 Image size of job updated: 121000
	40  -  MemoryUsage of job (MB)
	40036  -  ResidentSetSize of job (KB)
...
040 (10610887.923.000) 12/16 09:34:59 Started transferring output files
...
040 (10610887.923.000) 12/16 09:35:00 Finished transferring output files
...
005 (10610887.923.000) 12/16 09:35:00 Job terminated.
	(1) Normal termination (return value 0)
		Usr 0 01:33:32, Sys 0 00:00:10  -  Run Remote Usage
		Usr 0 00:00:00, Sys 0 00:00:00  -  Run Local Usage
		Usr 0 01:33:32, Sys 0 00:00:10  -  Total Remote Usage
		Usr 0 00:00:00, Sys 0 00:00:00  -  Total Local Usage
	0  -  Run Bytes Sent By Job
	7584148  -  Run Bytes Received By Job
	0  -  Total Bytes Sent By Job
	7584148  -  Total Bytes Received By Job
	Partitionable Resources :    Usage  Request Allocated 
	   Cpus                 :     1.00        4         4 
	   Disk (KB)            : 32490        7500     11020 
	   GPUs                 :                           0 
	   Memory (MB)          :    40       12000     12000 
	   TimeExecute (s)      :  5697                       
	   TimeSlotBusy (s)     :  5699                       

	Job terminated of its own accord at 2025-12-16T08:34:59Z with exit-code 0.
...
