000 (10613549.958.000) 12/16 14:40:45 Job submitted from host: <188.185.71.83:9618?addrs=188.185.71.83-9618+[2001-1458-d00-7--100-34d]-9618&alias=bigbird18.cern.ch&noUDP&sock=schedd_5052_d48c>
...
040 (10613549.958.000) 12/16 15:35:02 Started transferring input files
	Transferring to host: <188.185.208.62:9618?addrs=188.185.208.62-9618+[2001-1458-303-f--100-3b]-9618&alias=b9p09p0726.cern.ch&noUDP&sock=slot1_14_4589_1d94_82931>
...
040 (10613549.958.000) 12/16 15:35:02 Finished transferring input files
...
001 (10613549.958.000) 12/16 15:35:02 Job executing on host: <188.185.208.62:9618?addrs=188.185.208.62-9618+[2001-1458-303-f--100-3b]-9618&alias=b9p09p0726.cern.ch&noUDP&sock=startd_3854_1a17>
	SlotName: slot1_14@b9p09p0726.cern.ch
	CondorScratchDir = "/pool/condor/dir_3214069"
	Cpus = 4
	Disk = 10758
	GPUs = 0
	Memory = 12000
...
006 (10613549.958.000) 12/16 15:35:16 Image size of job updated: 39664
	39  -  MemoryUsage of job (MB)
	39664  -  ResidentSetSize of job (KB)
...
006 (10613549.958.000) 12/16 15:40:17 Image size of job updated: 40068
	39  -  MemoryUsage of job (MB)
	39664  -  ResidentSetSize of job (KB)
...
006 (10613549.958.000) 12/16 16:47:29 Image size of job updated: 120684
	39  -  MemoryUsage of job (MB)
	39664  -  ResidentSetSize of job (KB)
...
040 (10613549.958.000) 12/16 16:47:29 Started transferring output files
...
040 (10613549.958.000) 12/16 16:47:29 Finished transferring output files
...
005 (10613549.958.000) 12/16 16:47:29 Job terminated.
	(1) Normal termination (return value 0)
		Usr 0 01:11:20, Sys 0 00:00:08  -  Run Remote Usage
		Usr 0 00:00:00, Sys 0 00:00:00  -  Run Local Usage
		Usr 0 01:11:20, Sys 0 00:00:08  -  Total Remote Usage
		Usr 0 00:00:00, Sys 0 00:00:00  -  Total Local Usage
	0  -  Run Bytes Sent By Job
	7584148  -  Run Bytes Received By Job
	0  -  Total Bytes Sent By Job
	7584148  -  Total Bytes Received By Job
	Partitionable Resources :    Usage  Request Allocated 
	   Cpus                 :     0.99        4         4 
	   Disk (KB)            : 33000        7500     10758 
	   GPUs                 :                           0 
	   Memory (MB)          :    39       12000     12000 
	   TimeExecute (s)      :  4347                       
	   TimeSlotBusy (s)     :  4347                       

	Job terminated of its own accord at 2025-12-16T15:47:29Z with exit-code 0.
...
