000 (10610889.289.000) 12/16 07:15:00 Job submitted from host: <188.185.71.83:9618?addrs=188.185.71.83-9618+[2001-1458-d00-7--100-34d]-9618&alias=bigbird18.cern.ch&noUDP&sock=schedd_5052_d48c>
...
040 (10610889.289.000) 12/16 13:31:45 Started transferring input files
	Transferring to host: <188.185.212.46:9618?addrs=188.185.212.46-9618+[2001-1458-303-18--100-2a]-9618&alias=b9p25p8468.cern.ch&noUDP&sock=slot1_12_4430_15ed_93940>
...
040 (10610889.289.000) 12/16 13:31:45 Finished transferring input files
...
001 (10610889.289.000) 12/16 13:31:45 Job executing on host: <188.185.212.46:9618?addrs=188.185.212.46-9618+[2001-1458-303-18--100-2a]-9618&alias=b9p25p8468.cern.ch&noUDP&sock=startd_3750_c43d>
	SlotName: slot1_12@b9p25p8468.cern.ch
	CondorScratchDir = "/pool/condor/dir_659600"
	Cpus = 4
	Disk = 10945
	GPUs = 0
	Memory = 12000
...
006 (10610889.289.000) 12/16 13:31:59 Image size of job updated: 40044
	40  -  MemoryUsage of job (MB)
	40044  -  ResidentSetSize of job (KB)
...
006 (10610889.289.000) 12/16 13:37:00 Image size of job updated: 40464
	40  -  MemoryUsage of job (MB)
	40044  -  ResidentSetSize of job (KB)
...
006 (10610889.289.000) 12/16 15:00:09 Image size of job updated: 120996
	40  -  MemoryUsage of job (MB)
	40044  -  ResidentSetSize of job (KB)
...
040 (10610889.289.000) 12/16 15:00:09 Started transferring output files
...
040 (10610889.289.000) 12/16 15:00:09 Finished transferring output files
...
005 (10610889.289.000) 12/16 15:00:09 Job terminated.
	(1) Normal termination (return value 0)
		Usr 0 01:27:14, Sys 0 00:00:07  -  Run Remote Usage
		Usr 0 00:00:00, Sys 0 00:00:00  -  Run Local Usage
		Usr 0 01:27:14, Sys 0 00:00:07  -  Total Remote Usage
		Usr 0 00:00:00, Sys 0 00:00:00  -  Total Local Usage
	0  -  Run Bytes Sent By Job
	7584148  -  Run Bytes Received By Job
	0  -  Total Bytes Sent By Job
	7584148  -  Total Bytes Received By Job
	Partitionable Resources :    Usage  Request Allocated 
	   Cpus                 :     0.99        4         4 
	   Disk (KB)            : 33707        7500     10945 
	   GPUs                 :                           0 
	   Memory (MB)          :    40       12000     12000 
	   TimeExecute (s)      :  5304                       
	   TimeSlotBusy (s)     :  5304                       

	Job terminated of its own accord at 2025-12-16T14:00:09Z with exit-code 0.
...
