000 (10610887.881.000) 12/16 07:14:32 Job submitted from host: <188.185.71.83:9618?addrs=188.185.71.83-9618+[2001-1458-d00-7--100-34d]-9618&alias=bigbird18.cern.ch&noUDP&sock=schedd_5052_d48c>
...
040 (10610887.881.000) 12/16 07:59:48 Started transferring input files
	Transferring to host: <188.185.193.95:9618?addrs=188.185.193.95-9618+[2001-1458-303-20--100-5b]-9618&alias=b9p19p0505.cern.ch&noUDP&sock=slot1_1_5493_10b8_82613>
...
040 (10610887.881.000) 12/16 07:59:48 Finished transferring input files
...
001 (10610887.881.000) 12/16 07:59:48 Job executing on host: <188.185.193.95:9618?addrs=188.185.193.95-9618+[2001-1458-303-20--100-5b]-9618&alias=b9p19p0505.cern.ch&noUDP&sock=startd_4393_cfa3>
	SlotName: slot1_1@b9p19p0505.cern.ch
	CondorScratchDir = "/pool/condor/dir_1453887"
	Cpus = 4
	Disk = 11095
	GPUs = 0
	Memory = 12000
...
006 (10610887.881.000) 12/16 08:00:01 Image size of job updated: 40028
	40  -  MemoryUsage of job (MB)
	40028  -  ResidentSetSize of job (KB)
...
006 (10610887.881.000) 12/16 08:05:01 Image size of job updated: 40448
	40  -  MemoryUsage of job (MB)
	40028  -  ResidentSetSize of job (KB)
...
006 (10610887.881.000) 12/16 10:35:44 Image size of job updated: 120972
	40  -  MemoryUsage of job (MB)
	40028  -  ResidentSetSize of job (KB)
...
040 (10610887.881.000) 12/16 10:35:45 Started transferring output files
...
040 (10610887.881.000) 12/16 10:35:45 Finished transferring output files
...
005 (10610887.881.000) 12/16 10:35:45 Job terminated.
	(1) Normal termination (return value 0)
		Usr 0 02:34:25, Sys 0 00:00:07  -  Run Remote Usage
		Usr 0 00:00:00, Sys 0 00:00:00  -  Run Local Usage
		Usr 0 02:34:25, Sys 0 00:00:07  -  Total Remote Usage
		Usr 0 00:00:00, Sys 0 00:00:00  -  Total Local Usage
	0  -  Run Bytes Sent By Job
	7584148  -  Run Bytes Received By Job
	0  -  Total Bytes Sent By Job
	7584148  -  Total Bytes Received By Job
	Partitionable Resources :    Usage  Request Allocated 
	   Cpus                 :     0.97        4         4 
	   Disk (KB)            : 32885        7500     11095 
	   GPUs                 :                           0 
	   Memory (MB)          :    40       12000     12000 
	   TimeExecute (s)      :  9356                       
	   TimeSlotBusy (s)     :  9357                       

	Job terminated of its own accord at 2025-12-16T09:35:44Z with exit-code 0.
...
