000 (10610888.834.000) 12/16 07:14:45 Job submitted from host: <188.185.71.83:9618?addrs=188.185.71.83-9618+[2001-1458-d00-7--100-34d]-9618&alias=bigbird18.cern.ch&noUDP&sock=schedd_5052_d48c>
...
040 (10610888.834.000) 12/16 09:44:59 Started transferring input files
	Transferring to host: <188.185.211.230:9618?addrs=188.185.211.230-9618+[2001-1458-303-17--100-62]-9618&alias=b9p24p7140.cern.ch&noUDP&sock=slot1_1_9252_9ef1_92024>
...
040 (10610888.834.000) 12/16 09:44:59 Finished transferring input files
...
001 (10610888.834.000) 12/16 09:44:59 Job executing on host: <188.185.211.230:9618?addrs=188.185.211.230-9618+[2001-1458-303-17--100-62]-9618&alias=b9p24p7140.cern.ch&noUDP&sock=startd_8641_95f3>
	SlotName: slot1_1@b9p24p7140.cern.ch
	CondorScratchDir = "/pool/condor/dir_1879212"
	Cpus = 4
	Disk = 11135
	GPUs = 0
	Memory = 12000
...
006 (10610888.834.000) 12/16 09:45:14 Image size of job updated: 42124
	42  -  MemoryUsage of job (MB)
	42124  -  ResidentSetSize of job (KB)
...
006 (10610888.834.000) 12/16 09:50:15 Image size of job updated: 42548
	42  -  MemoryUsage of job (MB)
	42124  -  ResidentSetSize of job (KB)
...
040 (10610888.834.000) 12/16 11:14:05 Started transferring output files
...
040 (10610888.834.000) 12/16 11:14:05 Finished transferring output files
...
005 (10610888.834.000) 12/16 11:14:05 Job terminated.
	(1) Normal termination (return value 0)
		Usr 0 01:27:28, Sys 0 00:00:11  -  Run Remote Usage
		Usr 0 00:00:00, Sys 0 00:00:00  -  Run Local Usage
		Usr 0 01:27:28, Sys 0 00:00:11  -  Total Remote Usage
		Usr 0 00:00:00, Sys 0 00:00:00  -  Total Local Usage
	0  -  Run Bytes Sent By Job
	7584148  -  Run Bytes Received By Job
	0  -  Total Bytes Sent By Job
	7584148  -  Total Bytes Received By Job
	Partitionable Resources :    Usage  Request Allocated 
	   Cpus                 :     0.99        4         4 
	   Disk (KB)            : 32402        7500     11135 
	   GPUs                 :                           0 
	   Memory (MB)          :    42       12000     12000 
	   TimeExecute (s)      :  5345                       
	   TimeSlotBusy (s)     :  5346                       

	Job terminated of its own accord at 2025-12-16T10:14:04Z with exit-code 0.
...
