000 (10610889.545.000) 12/16 07:15:00 Job submitted from host: <188.185.71.83:9618?addrs=188.185.71.83-9618+[2001-1458-d00-7--100-34d]-9618&alias=bigbird18.cern.ch&noUDP&sock=schedd_5052_d48c>
...
040 (10610889.545.000) 12/16 14:09:43 Started transferring input files
	Transferring to host: <128.142.161.73:9618?addrs=128.142.161.73-9618+[2001-1458-301-b8--100-7]-9618&alias=b9g03p4186.cern.ch&noUDP&sock=slot1_32_1990966_687b_113933>
...
040 (10610889.545.000) 12/16 14:09:43 Finished transferring input files
...
001 (10610889.545.000) 12/16 14:09:43 Job executing on host: <128.142.161.73:9618?addrs=128.142.161.73-9618+[2001-1458-301-b8--100-7]-9618&alias=b9g03p4186.cern.ch&noUDP&sock=startd_4371_b88d>
	SlotName: slot1_32@b9g03p4186.cern.ch
	CondorScratchDir = "/pool/condor/dir_874303"
	Cpus = 4
	Disk = 11134
	GPUs = 0
	Memory = 12000
...
006 (10610889.545.000) 12/16 14:09:57 Image size of job updated: 40036
	40  -  MemoryUsage of job (MB)
	40036  -  ResidentSetSize of job (KB)
...
006 (10610889.545.000) 12/16 14:14:58 Image size of job updated: 40456
	40  -  MemoryUsage of job (MB)
	40036  -  ResidentSetSize of job (KB)
...
006 (10610889.545.000) 12/16 16:26:00 Image size of job updated: 120988
	40  -  MemoryUsage of job (MB)
	40036  -  ResidentSetSize of job (KB)
...
040 (10610889.545.000) 12/16 16:26:01 Started transferring output files
...
040 (10610889.545.000) 12/16 16:26:01 Finished transferring output files
...
005 (10610889.545.000) 12/16 16:26:01 Job terminated.
	(1) Normal termination (return value 0)
		Usr 0 02:14:45, Sys 0 00:00:06  -  Run Remote Usage
		Usr 0 00:00:00, Sys 0 00:00:00  -  Run Local Usage
		Usr 0 02:14:45, Sys 0 00:00:06  -  Total Remote Usage
		Usr 0 00:00:00, Sys 0 00:00:00  -  Total Local Usage
	0  -  Run Bytes Sent By Job
	7584148  -  Run Bytes Received By Job
	0  -  Total Bytes Sent By Job
	7584148  -  Total Bytes Received By Job
	Partitionable Resources :    Usage  Request Allocated 
	   Cpus                 :     0.99        4         4 
	   Disk (KB)            : 33849        7500     11134 
	   GPUs                 :                           0 
	   Memory (MB)          :    40       12000     12000 
	   TimeExecute (s)      :  8177                       
	   TimeSlotBusy (s)     :  8178                       

	Job terminated of its own accord at 2025-12-16T15:26:00Z with exit-code 0.
...
