000 (10613549.630.000) 12/16 14:40:45 Job submitted from host: <188.185.71.83:9618?addrs=188.185.71.83-9618+[2001-1458-d00-7--100-34d]-9618&alias=bigbird18.cern.ch&noUDP&sock=schedd_5052_d48c>
...
040 (10613549.630.000) 12/16 15:31:05 Started transferring input files
	Transferring to host: <188.185.213.223:9618?addrs=188.185.213.223-9618+[2001-1458-303-1b--100-5b]-9618&alias=b9p28p1071.cern.ch&noUDP&sock=slot1_11_3096_2977_108520>
...
040 (10613549.630.000) 12/16 15:31:05 Finished transferring input files
...
001 (10613549.630.000) 12/16 15:31:05 Job executing on host: <188.185.213.223:9618?addrs=188.185.213.223-9618+[2001-1458-303-1b--100-5b]-9618&alias=b9p28p1071.cern.ch&noUDP&sock=startd_2642_c54e>
	SlotName: slot1_11@b9p28p1071.cern.ch
	CondorScratchDir = "/pool/condor/dir_2199798"
	Cpus = 4
	Disk = 11090
	GPUs = 0
	Memory = 12000
...
006 (10613549.630.000) 12/16 15:31:19 Image size of job updated: 40072
	40  -  MemoryUsage of job (MB)
	40072  -  ResidentSetSize of job (KB)
...
006 (10613549.630.000) 12/16 15:36:20 Image size of job updated: 40492
	40  -  MemoryUsage of job (MB)
	40072  -  ResidentSetSize of job (KB)
...
006 (10613549.630.000) 12/16 16:41:27 Image size of job updated: 46068
	45  -  MemoryUsage of job (MB)
	46068  -  ResidentSetSize of job (KB)
...
006 (10613549.630.000) 12/16 16:45:25 Image size of job updated: 127848
	45  -  MemoryUsage of job (MB)
	46068  -  ResidentSetSize of job (KB)
...
040 (10613549.630.000) 12/16 16:45:25 Started transferring output files
...
040 (10613549.630.000) 12/16 16:45:25 Finished transferring output files
...
005 (10613549.630.000) 12/16 16:45:26 Job terminated.
	(1) Normal termination (return value 0)
		Usr 0 01:13:38, Sys 0 00:00:04  -  Run Remote Usage
		Usr 0 00:00:00, Sys 0 00:00:00  -  Run Local Usage
		Usr 0 01:13:38, Sys 0 00:00:04  -  Total Remote Usage
		Usr 0 00:00:00, Sys 0 00:00:00  -  Total Local Usage
	0  -  Run Bytes Sent By Job
	7584148  -  Run Bytes Received By Job
	0  -  Total Bytes Sent By Job
	7584148  -  Total Bytes Received By Job
	Partitionable Resources :    Usage  Request Allocated 
	   Cpus                 :     0.99        4         4 
	   Disk (KB)            : 32943        7500     11090 
	   GPUs                 :                           0 
	   Memory (MB)          :    45       12000     12000 
	   TimeExecute (s)      :  4460                       
	   TimeSlotBusy (s)     :  4460                       

	Job terminated of its own accord at 2025-12-16T15:45:25Z with exit-code 0.
...
