000 (10610889.735.000) 12/16 07:15:01 Job submitted from host: <188.185.71.83:9618?addrs=188.185.71.83-9618+[2001-1458-d00-7--100-34d]-9618&alias=bigbird18.cern.ch&noUDP&sock=schedd_5052_d48c>
...
040 (10610889.735.000) 12/16 14:25:54 Started transferring input files
	Transferring to host: <188.185.215.11:9618?addrs=188.185.215.11-9618+[2001-1458-303-1e--100-7]-9618&alias=b9p31p9393.cern.ch&noUDP&sock=slot1_17_7257_f680_92458>
...
040 (10610889.735.000) 12/16 14:25:54 Finished transferring input files
...
001 (10610889.735.000) 12/16 14:25:54 Job executing on host: <188.185.215.11:9618?addrs=188.185.215.11-9618+[2001-1458-303-1e--100-7]-9618&alias=b9p31p9393.cern.ch&noUDP&sock=startd_6693_6b76>
	SlotName: slot1_17@b9p31p9393.cern.ch
	CondorScratchDir = "/pool/condor/dir_2336108"
	Cpus = 4
	Disk = 10971
	GPUs = 0
	Memory = 12000
...
006 (10610889.735.000) 12/16 14:26:08 Image size of job updated: 37468
	37  -  MemoryUsage of job (MB)
	37468  -  ResidentSetSize of job (KB)
...
006 (10610889.735.000) 12/16 14:31:09 Image size of job updated: 37888
	37  -  MemoryUsage of job (MB)
	37468  -  ResidentSetSize of job (KB)
...
006 (10610889.735.000) 12/16 15:44:51 Image size of job updated: 118412
	37  -  MemoryUsage of job (MB)
	37468  -  ResidentSetSize of job (KB)
...
040 (10610889.735.000) 12/16 15:44:52 Started transferring output files
...
040 (10610889.735.000) 12/16 15:44:52 Finished transferring output files
...
005 (10610889.735.000) 12/16 15:44:52 Job terminated.
	(1) Normal termination (return value 0)
		Usr 0 01:18:03, Sys 0 00:00:07  -  Run Remote Usage
		Usr 0 00:00:00, Sys 0 00:00:00  -  Run Local Usage
		Usr 0 01:18:03, Sys 0 00:00:07  -  Total Remote Usage
		Usr 0 00:00:00, Sys 0 00:00:00  -  Total Local Usage
	0  -  Run Bytes Sent By Job
	7584148  -  Run Bytes Received By Job
	0  -  Total Bytes Sent By Job
	7584148  -  Total Bytes Received By Job
	Partitionable Resources :    Usage  Request Allocated 
	   Cpus                 :     0.99        4         4 
	   Disk (KB)            : 32296        7500     10971 
	   GPUs                 :                           0 
	   Memory (MB)          :    37       12000     12000 
	   TimeExecute (s)      :  4737                       
	   TimeSlotBusy (s)     :  4739                       

	Job terminated of its own accord at 2025-12-16T14:44:51Z with exit-code 0.
...
