000 (10610889.075.000) 12/16 07:15:00 Job submitted from host: <188.185.71.83:9618?addrs=188.185.71.83-9618+[2001-1458-d00-7--100-34d]-9618&alias=bigbird18.cern.ch&noUDP&sock=schedd_5052_d48c>
...
040 (10610889.075.000) 12/16 10:35:29 Started transferring input files
	Transferring to host: <188.185.195.137:9618?addrs=188.185.195.137-9618+[2001-1458-303-22--100-85]-9618&alias=b9p17p0989.cern.ch&noUDP&sock=slot1_15_5690_dea0_81379>
...
040 (10610889.075.000) 12/16 10:35:29 Finished transferring input files
...
001 (10610889.075.000) 12/16 10:35:29 Job executing on host: <188.185.195.137:9618?addrs=188.185.195.137-9618+[2001-1458-303-22--100-85]-9618&alias=b9p17p0989.cern.ch&noUDP&sock=startd_4566_7985>
	SlotName: slot1_15@b9p17p0989.cern.ch
	CondorScratchDir = "/pool/condor/dir_1766938"
	Cpus = 4
	Disk = 11175
	GPUs = 0
	Memory = 12000
...
006 (10610889.075.000) 12/16 10:35:43 Image size of job updated: 40044
	40  -  MemoryUsage of job (MB)
	40044  -  ResidentSetSize of job (KB)
...
006 (10610889.075.000) 12/16 10:40:44 Image size of job updated: 40468
	40  -  MemoryUsage of job (MB)
	40044  -  ResidentSetSize of job (KB)
...
040 (10610889.075.000) 12/16 13:14:22 Started transferring output files
...
040 (10610889.075.000) 12/16 13:14:22 Finished transferring output files
...
005 (10610889.075.000) 12/16 13:14:22 Job terminated.
	(1) Normal termination (return value 0)
		Usr 0 02:37:11, Sys 0 00:00:07  -  Run Remote Usage
		Usr 0 00:00:00, Sys 0 00:00:00  -  Run Local Usage
		Usr 0 02:37:11, Sys 0 00:00:07  -  Total Remote Usage
		Usr 0 00:00:00, Sys 0 00:00:00  -  Total Local Usage
	0  -  Run Bytes Sent By Job
	7584148  -  Run Bytes Received By Job
	0  -  Total Bytes Sent By Job
	7584148  -  Total Bytes Received By Job
	Partitionable Resources :    Usage  Request Allocated 
	   Cpus                 :     0.99        4         4 
	   Disk (KB)            : 32420        7500     11175 
	   GPUs                 :                           0 
	   Memory (MB)          :    40       12000     12000 
	   TimeExecute (s)      :  9532                       
	   TimeSlotBusy (s)     :  9533                       

	Job terminated of its own accord at 2025-12-16T12:14:21Z with exit-code 0.
...
