000 (10613549.998.000) 12/16 14:40:45 Job submitted from host: <188.185.71.83:9618?addrs=188.185.71.83-9618+[2001-1458-d00-7--100-34d]-9618&alias=bigbird18.cern.ch&noUDP&sock=schedd_5052_d48c>
...
040 (10613549.998.000) 12/16 15:35:16 Started transferring input files
	Transferring to host: <188.185.213.173:9618?addrs=188.185.213.173-9618+[2001-1458-303-1b--100-29]-9618&alias=b9p28p7806.cern.ch&noUDP&sock=slot1_10_7799_d9d6_108955>
...
040 (10613549.998.000) 12/16 15:35:16 Finished transferring input files
...
001 (10613549.998.000) 12/16 15:35:16 Job executing on host: <188.185.213.173:9618?addrs=188.185.213.173-9618+[2001-1458-303-1b--100-29]-9618&alias=b9p28p7806.cern.ch&noUDP&sock=startd_7103_a54a>
	SlotName: slot1_10@b9p28p7806.cern.ch
	CondorScratchDir = "/pool/condor/dir_1420415"
	Cpus = 4
	Disk = 11054
	GPUs = 0
	Memory = 12000
...
006 (10613549.998.000) 12/16 15:35:30 Image size of job updated: 40040
	40  -  MemoryUsage of job (MB)
	40040  -  ResidentSetSize of job (KB)
...
006 (10613549.998.000) 12/16 15:40:31 Image size of job updated: 40460
	40  -  MemoryUsage of job (MB)
	40040  -  ResidentSetSize of job (KB)
...
006 (10613549.998.000) 12/16 16:50:15 Image size of job updated: 120996
	40  -  MemoryUsage of job (MB)
	40040  -  ResidentSetSize of job (KB)
...
040 (10613549.998.000) 12/16 16:50:15 Started transferring output files
...
040 (10613549.998.000) 12/16 16:50:16 Finished transferring output files
...
005 (10613549.998.000) 12/16 16:50:16 Job terminated.
	(1) Normal termination (return value 0)
		Usr 0 01:14:14, Sys 0 00:00:05  -  Run Remote Usage
		Usr 0 00:00:00, Sys 0 00:00:00  -  Run Local Usage
		Usr 0 01:14:14, Sys 0 00:00:05  -  Total Remote Usage
		Usr 0 00:00:00, Sys 0 00:00:00  -  Total Local Usage
	0  -  Run Bytes Sent By Job
	7584148  -  Run Bytes Received By Job
	0  -  Total Bytes Sent By Job
	7584148  -  Total Bytes Received By Job
	Partitionable Resources :    Usage  Request Allocated 
	   Cpus                 :     0.99        4         4 
	   Disk (KB)            : 32952        7500     11054 
	   GPUs                 :                           0 
	   Memory (MB)          :    40       12000     12000 
	   TimeExecute (s)      :  4499                       
	   TimeSlotBusy (s)     :  4500                       

	Job terminated of its own accord at 2025-12-16T15:50:15Z with exit-code 0.
...
