000 (10610888.374.000) 12/16 07:14:44 Job submitted from host: <188.185.71.83:9618?addrs=188.185.71.83-9618+[2001-1458-d00-7--100-34d]-9618&alias=bigbird18.cern.ch&noUDP&sock=schedd_5052_d48c>
...
040 (10610888.374.000) 12/16 09:20:38 Started transferring input files
	Transferring to host: <188.185.210.148:9618?addrs=188.185.210.148-9618+[2001-1458-303-15--100-10]-9618&alias=b9p22p2244.cern.ch&noUDP&sock=slot1_2_4135279_e679_14604>
...
040 (10610888.374.000) 12/16 09:20:38 Finished transferring input files
...
001 (10610888.374.000) 12/16 09:20:38 Job executing on host: <188.185.210.148:9618?addrs=188.185.210.148-9618+[2001-1458-303-15--100-10]-9618&alias=b9p22p2244.cern.ch&noUDP&sock=startd_4134817_1f03>
	SlotName: slot1_2@b9p22p2244.cern.ch
	CondorScratchDir = "/pool/condor/dir_804809"
	Cpus = 4
	Disk = 10976
	GPUs = 0
	Memory = 12000
...
006 (10610888.374.000) 12/16 09:20:52 Image size of job updated: 37484
	37  -  MemoryUsage of job (MB)
	37484  -  ResidentSetSize of job (KB)
...
006 (10610888.374.000) 12/16 09:25:53 Image size of job updated: 37904
	37  -  MemoryUsage of job (MB)
	37484  -  ResidentSetSize of job (KB)
...
006 (10610888.374.000) 12/16 10:41:17 Image size of job updated: 118428
	37  -  MemoryUsage of job (MB)
	37484  -  ResidentSetSize of job (KB)
...
040 (10610888.374.000) 12/16 10:41:17 Started transferring output files
...
040 (10610888.374.000) 12/16 10:41:18 Finished transferring output files
...
005 (10610888.374.000) 12/16 10:41:18 Job terminated.
	(1) Normal termination (return value 0)
		Usr 0 01:19:47, Sys 0 00:00:05  -  Run Remote Usage
		Usr 0 00:00:00, Sys 0 00:00:00  -  Run Local Usage
		Usr 0 01:19:47, Sys 0 00:00:05  -  Total Remote Usage
		Usr 0 00:00:00, Sys 0 00:00:00  -  Total Local Usage
	0  -  Run Bytes Sent By Job
	7584148  -  Run Bytes Received By Job
	0  -  Total Bytes Sent By Job
	7584148  -  Total Bytes Received By Job
	Partitionable Resources :    Usage  Request Allocated 
	   Cpus                 :     0.99        4         4 
	   Disk (KB)            : 32924        7500     10976 
	   GPUs                 :                           0 
	   Memory (MB)          :    37       12000     12000 
	   TimeExecute (s)      :  4839                       
	   TimeSlotBusy (s)     :  4840                       

	Job terminated of its own accord at 2025-12-16T09:41:17Z with exit-code 0.
...
