000 (10613549.807.000) 12/16 14:40:45 Job submitted from host: <188.185.71.83:9618?addrs=188.185.71.83-9618+[2001-1458-d00-7--100-34d]-9618&alias=bigbird18.cern.ch&noUDP&sock=schedd_5052_d48c>
...
040 (10613549.807.000) 12/16 15:34:13 Started transferring input files
	Transferring to host: <188.185.195.25:9618?addrs=188.185.195.25-9618+[2001-1458-303-22--100-15]-9618&alias=b9p17p0523.cern.ch&noUDP&sock=slot1_3_4837_da9e_84066>
...
040 (10613549.807.000) 12/16 15:34:13 Finished transferring input files
...
001 (10613549.807.000) 12/16 15:34:13 Job executing on host: <188.185.195.25:9618?addrs=188.185.195.25-9618+[2001-1458-303-22--100-15]-9618&alias=b9p17p0523.cern.ch&noUDP&sock=startd_3763_aef8>
	SlotName: slot1_3@b9p17p0523.cern.ch
	CondorScratchDir = "/pool/condor/dir_2977783"
	Cpus = 4
	Disk = 11018
	GPUs = 0
	Memory = 12000
...
006 (10613549.807.000) 12/16 15:34:27 Image size of job updated: 37468
	37  -  MemoryUsage of job (MB)
	37468  -  ResidentSetSize of job (KB)
...
006 (10613549.807.000) 12/16 15:39:28 Image size of job updated: 37888
	37  -  MemoryUsage of job (MB)
	37468  -  ResidentSetSize of job (KB)
...
006 (10613549.807.000) 12/16 17:37:57 Image size of job updated: 47112
	37  -  MemoryUsage of job (MB)
	37468  -  ResidentSetSize of job (KB)
...
040 (10613549.807.000) 12/16 17:37:57 Started transferring output files
...
040 (10613549.807.000) 12/16 17:37:57 Finished transferring output files
...
005 (10613549.807.000) 12/16 17:37:57 Job terminated.
	(1) Normal termination (return value 0)
		Usr 0 02:02:23, Sys 0 00:00:07  -  Run Remote Usage
		Usr 0 00:00:00, Sys 0 00:00:00  -  Run Local Usage
		Usr 0 02:02:23, Sys 0 00:00:07  -  Total Remote Usage
		Usr 0 00:00:00, Sys 0 00:00:00  -  Total Local Usage
	0  -  Run Bytes Sent By Job
	7584148  -  Run Bytes Received By Job
	0  -  Total Bytes Sent By Job
	7584148  -  Total Bytes Received By Job
	Partitionable Resources :    Usage  Request Allocated 
	   Cpus                 :     0.99        4         4 
	   Disk (KB)            : 32901        7500     11018 
	   GPUs                 :                           0 
	   Memory (MB)          :    37       12000     12000 
	   TimeExecute (s)      :  7424                       
	   TimeSlotBusy (s)     :  7425                       

	Job terminated of its own accord at 2025-12-16T16:37:57Z with exit-code 0.
...
