000 (10613550.031.000) 12/16 14:40:58 Job submitted from host: <188.185.71.83:9618?addrs=188.185.71.83-9618+[2001-1458-d00-7--100-34d]-9618&alias=bigbird18.cern.ch&noUDP&sock=schedd_5052_d48c>
...
040 (10613550.031.000) 12/16 15:35:27 Started transferring input files
	Transferring to host: <188.185.206.151:9618?addrs=188.185.206.151-9618+[2001-1458-303-c--100-14]-9618&alias=b9p06p7463.cern.ch&noUDP&sock=slot1_25_6056_bfef_81442>
...
040 (10613550.031.000) 12/16 15:35:27 Finished transferring input files
...
001 (10613550.031.000) 12/16 15:35:27 Job executing on host: <188.185.206.151:9618?addrs=188.185.206.151-9618+[2001-1458-303-c--100-14]-9618&alias=b9p06p7463.cern.ch&noUDP&sock=startd_4960_b9d5>
	SlotName: slot1_25@b9p06p7463.cern.ch
	CondorScratchDir = "/pool/condor/dir_4127589"
	Cpus = 4
	Disk = 10764
	GPUs = 0
	Memory = 12000
...
006 (10613550.031.000) 12/16 15:35:41 Image size of job updated: 41692
	41  -  MemoryUsage of job (MB)
	41692  -  ResidentSetSize of job (KB)
...
006 (10613550.031.000) 12/16 15:40:42 Image size of job updated: 42100
	41  -  MemoryUsage of job (MB)
	41692  -  ResidentSetSize of job (KB)
...
040 (10613550.031.000) 12/16 16:58:27 Started transferring output files
...
040 (10613550.031.000) 12/16 16:58:27 Finished transferring output files
...
005 (10613550.031.000) 12/16 16:58:27 Job terminated.
	(1) Normal termination (return value 0)
		Usr 0 01:19:47, Sys 0 00:00:15  -  Run Remote Usage
		Usr 0 00:00:00, Sys 0 00:00:00  -  Run Local Usage
		Usr 0 01:19:47, Sys 0 00:00:15  -  Total Remote Usage
		Usr 0 00:00:00, Sys 0 00:00:00  -  Total Local Usage
	0  -  Run Bytes Sent By Job
	7584148  -  Run Bytes Received By Job
	0  -  Total Bytes Sent By Job
	7584148  -  Total Bytes Received By Job
	Partitionable Resources :    Usage  Request Allocated 
	   Cpus                 :     0.99        4         4 
	   Disk (KB)            : 32414        7500     10764 
	   GPUs                 :                           0 
	   Memory (MB)          :    41       12000     12000 
	   TimeExecute (s)      :  4979                       
	   TimeSlotBusy (s)     :  4980                       

	Job terminated of its own accord at 2025-12-16T15:58:26Z with exit-code 0.
...
