000 (10610888.940.000) 12/16 07:14:45 Job submitted from host: <188.185.71.83:9618?addrs=188.185.71.83-9618+[2001-1458-d00-7--100-34d]-9618&alias=bigbird18.cern.ch&noUDP&sock=schedd_5052_d48c>
...
040 (10610888.940.000) 12/16 10:00:24 Started transferring input files
	Transferring to host: <188.185.192.44:9618?addrs=188.185.192.44-9618+[2001-1458-303-1f--100-28]-9618&alias=b9p13p9542.cern.ch&noUDP&sock=slot1_2_6276_c278_86812>
...
040 (10610888.940.000) 12/16 10:00:24 Finished transferring input files
...
001 (10610888.940.000) 12/16 10:00:24 Job executing on host: <188.185.192.44:9618?addrs=188.185.192.44-9618+[2001-1458-303-1f--100-28]-9618&alias=b9p13p9542.cern.ch&noUDP&sock=startd_4619_d40a>
	SlotName: slot1_2@b9p13p9542.cern.ch
	CondorScratchDir = "/pool/condor/dir_4035478"
	Cpus = 4
	Disk = 11263
	GPUs = 0
	Memory = 12000
...
006 (10610888.940.000) 12/16 10:00:38 Image size of job updated: 37468
	37  -  MemoryUsage of job (MB)
	37468  -  ResidentSetSize of job (KB)
...
006 (10610888.940.000) 12/16 10:05:39 Image size of job updated: 37888
	37  -  MemoryUsage of job (MB)
	37468  -  ResidentSetSize of job (KB)
...
006 (10610888.940.000) 12/16 11:59:23 Image size of job updated: 118428
	37  -  MemoryUsage of job (MB)
	37468  -  ResidentSetSize of job (KB)
...
040 (10610888.940.000) 12/16 11:59:23 Started transferring output files
...
040 (10610888.940.000) 12/16 11:59:23 Finished transferring output files
...
005 (10610888.940.000) 12/16 11:59:24 Job terminated.
	(1) Normal termination (return value 0)
		Usr 0 01:57:45, Sys 0 00:00:05  -  Run Remote Usage
		Usr 0 00:00:00, Sys 0 00:00:00  -  Run Local Usage
		Usr 0 01:57:45, Sys 0 00:00:05  -  Total Remote Usage
		Usr 0 00:00:00, Sys 0 00:00:00  -  Total Local Usage
	0  -  Run Bytes Sent By Job
	7584148  -  Run Bytes Received By Job
	0  -  Total Bytes Sent By Job
	7584148  -  Total Bytes Received By Job
	Partitionable Resources :    Usage  Request Allocated 
	   Cpus                 :     1.00        4         4 
	   Disk (KB)            : 33897        7500     11263 
	   GPUs                 :                           0 
	   Memory (MB)          :    37       12000     12000 
	   TimeExecute (s)      :  7139                       
	   TimeSlotBusy (s)     :  7139                       

	Job terminated of its own accord at 2025-12-16T10:59:23Z with exit-code 0.
...
