000 (10610887.205.000) 12/16 07:14:31 Job submitted from host: <188.185.71.83:9618?addrs=188.185.71.83-9618+[2001-1458-d00-7--100-34d]-9618&alias=bigbird18.cern.ch&noUDP&sock=schedd_5052_d48c>
...
040 (10610887.205.000) 12/16 07:44:57 Started transferring input files
	Transferring to host: <188.185.208.154:9618?addrs=188.185.208.154-9618+[2001-1458-303-10--100-17]-9618&alias=b9p10p8914.cern.ch&noUDP&sock=slot1_7_3757_e572_79609>
...
040 (10610887.205.000) 12/16 07:44:57 Finished transferring input files
...
001 (10610887.205.000) 12/16 07:44:57 Job executing on host: <188.185.208.154:9618?addrs=188.185.208.154-9618+[2001-1458-303-10--100-17]-9618&alias=b9p10p8914.cern.ch&noUDP&sock=startd_3310_f691>
	SlotName: slot1_7@b9p10p8914.cern.ch
	CondorScratchDir = "/pool/condor/dir_1787606"
	Cpus = 4
	Disk = 10971
	GPUs = 0
	Memory = 12000
...
006 (10610887.205.000) 12/16 07:45:11 Image size of job updated: 39644
	39  -  MemoryUsage of job (MB)
	39644  -  ResidentSetSize of job (KB)
...
006 (10610887.205.000) 12/16 07:50:12 Image size of job updated: 40024
	39  -  MemoryUsage of job (MB)
	39644  -  ResidentSetSize of job (KB)
...
006 (10610887.205.000) 12/16 09:32:01 Image size of job updated: 120672
	39  -  MemoryUsage of job (MB)
	39644  -  ResidentSetSize of job (KB)
...
040 (10610887.205.000) 12/16 09:32:02 Started transferring output files
...
040 (10610887.205.000) 12/16 09:32:02 Finished transferring output files
...
005 (10610887.205.000) 12/16 09:32:03 Job terminated.
	(1) Normal termination (return value 0)
		Usr 0 01:45:18, Sys 0 00:00:12  -  Run Remote Usage
		Usr 0 00:00:00, Sys 0 00:00:00  -  Run Local Usage
		Usr 0 01:45:18, Sys 0 00:00:12  -  Total Remote Usage
		Usr 0 00:00:00, Sys 0 00:00:00  -  Total Local Usage
	0  -  Run Bytes Sent By Job
	7584148  -  Run Bytes Received By Job
	0  -  Total Bytes Sent By Job
	7584148  -  Total Bytes Received By Job
	Partitionable Resources :    Usage  Request Allocated 
	   Cpus                 :     0.99        4         4 
	   Disk (KB)            : 33156        7500     10971 
	   GPUs                 :                           0 
	   Memory (MB)          :    39       12000     12000 
	   TimeExecute (s)      :  6424                       
	   TimeSlotBusy (s)     :  6426                       

	Job terminated of its own accord at 2025-12-16T08:32:01Z with exit-code 0.
...
