000 (10613549.029.000) 12/16 14:40:44 Job submitted from host: <188.185.71.83:9618?addrs=188.185.71.83-9618+[2001-1458-d00-7--100-34d]-9618&alias=bigbird18.cern.ch&noUDP&sock=schedd_5052_d48c>
...
040 (10613549.029.000) 12/16 14:47:22 Started transferring input files
	Transferring to host: <188.185.214.65:9618?addrs=188.185.214.65-9618+[2001-1458-303-1c--100-3d]-9618&alias=b9p29p0733.cern.ch&noUDP&sock=slot1_6_5117_23a9_110788>
...
040 (10613549.029.000) 12/16 14:47:22 Finished transferring input files
...
001 (10613549.029.000) 12/16 14:47:22 Job executing on host: <188.185.214.65:9618?addrs=188.185.214.65-9618+[2001-1458-303-1c--100-3d]-9618&alias=b9p29p0733.cern.ch&noUDP&sock=startd_4180_b5f6>
	SlotName: slot1_6@b9p29p0733.cern.ch
	CondorScratchDir = "/pool/condor/dir_1363970"
	Cpus = 4
	Disk = 10886
	GPUs = 0
	Memory = 12000
...
006 (10613549.029.000) 12/16 14:47:36 Image size of job updated: 37484
	37  -  MemoryUsage of job (MB)
	37484  -  ResidentSetSize of job (KB)
...
006 (10613549.029.000) 12/16 14:52:37 Image size of job updated: 37904
	37  -  MemoryUsage of job (MB)
	37484  -  ResidentSetSize of job (KB)
...
006 (10613549.029.000) 12/16 15:32:39 Image size of job updated: 38600
	38  -  MemoryUsage of job (MB)
	38600  -  ResidentSetSize of job (KB)
...
006 (10613549.029.000) 12/16 15:37:40 Image size of job updated: 44772
	44  -  MemoryUsage of job (MB)
	44772  -  ResidentSetSize of job (KB)
...
006 (10613549.029.000) 12/16 16:02:48 Image size of job updated: 126552
	44  -  MemoryUsage of job (MB)
	44772  -  ResidentSetSize of job (KB)
...
040 (10613549.029.000) 12/16 16:02:48 Started transferring output files
...
040 (10613549.029.000) 12/16 16:02:49 Finished transferring output files
...
005 (10613549.029.000) 12/16 16:02:49 Job terminated.
	(1) Normal termination (return value 0)
		Usr 0 01:14:40, Sys 0 00:00:06  -  Run Remote Usage
		Usr 0 00:00:00, Sys 0 00:00:00  -  Run Local Usage
		Usr 0 01:14:40, Sys 0 00:00:06  -  Total Remote Usage
		Usr 0 00:00:00, Sys 0 00:00:00  -  Total Local Usage
	0  -  Run Bytes Sent By Job
	7584148  -  Run Bytes Received By Job
	0  -  Total Bytes Sent By Job
	7584148  -  Total Bytes Received By Job
	Partitionable Resources :    Usage  Request Allocated 
	   Cpus                 :     0.99        4         4 
	   Disk (KB)            : 32985        7500     10886 
	   GPUs                 :                           0 
	   Memory (MB)          :    44       12000     12000 
	   TimeExecute (s)      :  4526                       
	   TimeSlotBusy (s)     :  4527                       

	Job terminated of its own accord at 2025-12-16T15:02:48Z with exit-code 0.
...
