000 (10610888.278.000) 12/16 07:14:44 Job submitted from host: <188.185.71.83:9618?addrs=188.185.71.83-9618+[2001-1458-d00-7--100-34d]-9618&alias=bigbird18.cern.ch&noUDP&sock=schedd_5052_d48c>
...
040 (10610888.278.000) 12/16 09:13:37 Started transferring input files
	Transferring to host: <188.185.206.157:9618?addrs=188.185.206.157-9618+[2001-1458-303-c--100-1a]-9618&alias=b9p06p7146.cern.ch&noUDP&sock=slot1_6_5138_ef8a_81772>
...
040 (10610888.278.000) 12/16 09:13:37 Finished transferring input files
...
001 (10610888.278.000) 12/16 09:13:37 Job executing on host: <188.185.206.157:9618?addrs=188.185.206.157-9618+[2001-1458-303-c--100-1a]-9618&alias=b9p06p7146.cern.ch&noUDP&sock=startd_4388_61a9>
	SlotName: slot1_6@b9p06p7146.cern.ch
	CondorScratchDir = "/pool/condor/dir_168760"
	Cpus = 4
	Disk = 10939
	GPUs = 0
	Memory = 12000
...
006 (10610888.278.000) 12/16 09:13:51 Image size of job updated: 40144
	40  -  MemoryUsage of job (MB)
	40144  -  ResidentSetSize of job (KB)
...
006 (10610888.278.000) 12/16 09:18:51 Image size of job updated: 40176
	40  -  MemoryUsage of job (MB)
	40144  -  ResidentSetSize of job (KB)
...
006 (10610888.278.000) 12/16 10:54:44 Image size of job updated: 120848
	40  -  MemoryUsage of job (MB)
	40144  -  ResidentSetSize of job (KB)
...
040 (10610888.278.000) 12/16 10:54:45 Started transferring output files
...
040 (10610888.278.000) 12/16 10:54:45 Finished transferring output files
...
005 (10610888.278.000) 12/16 10:54:45 Job terminated.
	(1) Normal termination (return value 0)
		Usr 0 01:38:52, Sys 0 00:00:14  -  Run Remote Usage
		Usr 0 00:00:00, Sys 0 00:00:00  -  Run Local Usage
		Usr 0 01:38:52, Sys 0 00:00:14  -  Total Remote Usage
		Usr 0 00:00:00, Sys 0 00:00:00  -  Total Local Usage
	0  -  Run Bytes Sent By Job
	7584148  -  Run Bytes Received By Job
	0  -  Total Bytes Sent By Job
	7584148  -  Total Bytes Received By Job
	Partitionable Resources :    Usage  Request Allocated 
	   Cpus                 :     0.97        4         4 
	   Disk (KB)            : 33365        7500     10939 
	   GPUs                 :                           0 
	   Memory (MB)          :    40       12000     12000 
	   TimeExecute (s)      :  6067                       
	   TimeSlotBusy (s)     :  6068                       

	Job terminated of its own accord at 2025-12-16T09:54:44Z with exit-code 0.
...
