000 (10610889.645.000) 12/16 07:15:01 Job submitted from host: <188.185.71.83:9618?addrs=188.185.71.83-9618+[2001-1458-d00-7--100-34d]-9618&alias=bigbird18.cern.ch&noUDP&sock=schedd_5052_d48c>
...
040 (10610889.645.000) 12/16 14:14:21 Started transferring input files
	Transferring to host: <188.185.210.182:9618?addrs=188.185.210.182-9618+[2001-1458-303-15--100-32]-9618&alias=b9p22p0222.cern.ch&noUDP&sock=slot1_1_7306_7ce2_94405>
...
040 (10610889.645.000) 12/16 14:14:21 Finished transferring input files
...
001 (10610889.645.000) 12/16 14:14:21 Job executing on host: <188.185.210.182:9618?addrs=188.185.210.182-9618+[2001-1458-303-15--100-32]-9618&alias=b9p22p0222.cern.ch&noUDP&sock=startd_6773_4b0a>
	SlotName: slot1_1@b9p22p0222.cern.ch
	CondorScratchDir = "/pool/condor/dir_3684053"
	Cpus = 4
	Disk = 10939
	GPUs = 0
	Memory = 12000
...
006 (10610889.645.000) 12/16 14:14:35 Image size of job updated: 37504
	37  -  MemoryUsage of job (MB)
	37504  -  ResidentSetSize of job (KB)
...
006 (10610889.645.000) 12/16 14:19:36 Image size of job updated: 37924
	37  -  MemoryUsage of job (MB)
	37504  -  ResidentSetSize of job (KB)
...
040 (10610889.645.000) 12/16 15:29:30 Started transferring output files
...
040 (10610889.645.000) 12/16 15:29:30 Finished transferring output files
...
005 (10610889.645.000) 12/16 15:29:30 Job terminated.
	(1) Normal termination (return value 0)
		Usr 0 01:14:27, Sys 0 00:00:04  -  Run Remote Usage
		Usr 0 00:00:00, Sys 0 00:00:00  -  Run Local Usage
		Usr 0 01:14:27, Sys 0 00:00:04  -  Total Remote Usage
		Usr 0 00:00:00, Sys 0 00:00:00  -  Total Local Usage
	0  -  Run Bytes Sent By Job
	7584148  -  Run Bytes Received By Job
	0  -  Total Bytes Sent By Job
	7584148  -  Total Bytes Received By Job
	Partitionable Resources :    Usage  Request Allocated 
	   Cpus                 :     0.99        4         4 
	   Disk (KB)            : 32752        7500     10939 
	   GPUs                 :                           0 
	   Memory (MB)          :    37       12000     12000 
	   TimeExecute (s)      :  4509                       
	   TimeSlotBusy (s)     :  4510                       

	Job terminated of its own accord at 2025-12-16T14:29:30Z with exit-code 0.
...
