000 (10613549.726.000) 12/16 14:40:45 Job submitted from host: <188.185.71.83:9618?addrs=188.185.71.83-9618+[2001-1458-d00-7--100-34d]-9618&alias=bigbird18.cern.ch&noUDP&sock=schedd_5052_d48c>
...
040 (10613549.726.000) 12/16 15:31:36 Started transferring input files
	Transferring to host: <188.185.195.111:9618?addrs=188.185.195.111-9618+[2001-1458-303-22--100-6b]-9618&alias=b9p17p0693.cern.ch&noUDP&sock=slot1_24_5778_dfa4_85605>
...
040 (10613549.726.000) 12/16 15:31:36 Finished transferring input files
...
001 (10613549.726.000) 12/16 15:31:36 Job executing on host: <188.185.195.111:9618?addrs=188.185.195.111-9618+[2001-1458-303-22--100-6b]-9618&alias=b9p17p0693.cern.ch&noUDP&sock=startd_4542_033f>
	SlotName: slot1_24@b9p17p0693.cern.ch
	CondorScratchDir = "/pool/condor/dir_1028665"
	Cpus = 4
	Disk = 11053
	GPUs = 0
	Memory = 12000
...
006 (10613549.726.000) 12/16 15:31:50 Image size of job updated: 40028
	40  -  MemoryUsage of job (MB)
	40028  -  ResidentSetSize of job (KB)
...
006 (10613549.726.000) 12/16 15:36:51 Image size of job updated: 40448
	40  -  MemoryUsage of job (MB)
	40028  -  ResidentSetSize of job (KB)
...
040 (10613549.726.000) 12/16 17:27:37 Started transferring output files
...
040 (10613549.726.000) 12/16 17:27:37 Finished transferring output files
...
005 (10613549.726.000) 12/16 17:27:37 Job terminated.
	(1) Normal termination (return value 0)
		Usr 0 01:54:52, Sys 0 00:00:05  -  Run Remote Usage
		Usr 0 00:00:00, Sys 0 00:00:00  -  Run Local Usage
		Usr 0 01:54:52, Sys 0 00:00:05  -  Total Remote Usage
		Usr 0 00:00:00, Sys 0 00:00:00  -  Total Local Usage
	0  -  Run Bytes Sent By Job
	7584148  -  Run Bytes Received By Job
	0  -  Total Bytes Sent By Job
	7584148  -  Total Bytes Received By Job
	Partitionable Resources :    Usage  Request Allocated 
	   Cpus                 :     1.00        4         4 
	   Disk (KB)            : 32586        7500     11053 
	   GPUs                 :                           0 
	   Memory (MB)          :    40       12000     12000 
	   TimeExecute (s)      :  6960                       
	   TimeSlotBusy (s)     :  6961                       

	Job terminated of its own accord at 2025-12-16T16:27:36Z with exit-code 0.
...
