000 (10613550.575.000) 12/16 14:40:59 Job submitted from host: <188.185.71.83:9618?addrs=188.185.71.83-9618+[2001-1458-d00-7--100-34d]-9618&alias=bigbird18.cern.ch&noUDP&sock=schedd_5052_d48c>
...
040 (10613550.575.000) 12/16 16:38:22 Started transferring input files
	Transferring to host: <188.185.193.135:9618?addrs=188.185.193.135-9618+[2001-1458-303-20--100-83]-9618&alias=b9p19p8190.cern.ch&noUDP&sock=slot1_1_5477_cab8_81641>
...
040 (10613550.575.000) 12/16 16:38:22 Finished transferring input files
...
001 (10613550.575.000) 12/16 16:38:22 Job executing on host: <188.185.193.135:9618?addrs=188.185.193.135-9618+[2001-1458-303-20--100-83]-9618&alias=b9p19p8190.cern.ch&noUDP&sock=startd_4368_a9c4>
	SlotName: slot1_1@b9p19p8190.cern.ch
	CondorScratchDir = "/pool/condor/dir_3810336"
	Cpus = 4
	Disk = 11074
	GPUs = 0
	Memory = 12000
...
006 (10613550.575.000) 12/16 16:38:36 Image size of job updated: 37492
	37  -  MemoryUsage of job (MB)
	37492  -  ResidentSetSize of job (KB)
...
006 (10613550.575.000) 12/16 19:22:14 Image size of job updated: 118488
	37  -  MemoryUsage of job (MB)
	37492  -  ResidentSetSize of job (KB)
...
040 (10613550.575.000) 12/16 19:22:15 Started transferring output files
...
040 (10613550.575.000) 12/16 19:22:15 Finished transferring output files
...
005 (10613550.575.000) 12/16 19:22:15 Job terminated.
	(1) Normal termination (return value 0)
		Usr 0 02:37:01, Sys 0 00:00:09  -  Run Remote Usage
		Usr 0 00:00:00, Sys 0 00:00:00  -  Run Local Usage
		Usr 0 02:37:01, Sys 0 00:00:09  -  Total Remote Usage
		Usr 0 00:00:00, Sys 0 00:00:00  -  Total Local Usage
	0  -  Run Bytes Sent By Job
	7584148  -  Run Bytes Received By Job
	0  -  Total Bytes Sent By Job
	7584148  -  Total Bytes Received By Job
	Partitionable Resources :    Usage  Request Allocated 
	   Cpus                 :     0.97        4         4 
	   Disk (KB)            : 33067        7500     11074 
	   GPUs                 :                           0 
	   Memory (MB)          :    37       12000     12000 
	   TimeExecute (s)      :  9832                       
	   TimeSlotBusy (s)     :  9833                       

	Job terminated of its own accord at 2025-12-16T18:22:14Z with exit-code 0.
...
