000 (10610889.443.000) 12/16 07:15:00 Job submitted from host: <188.185.71.83:9618?addrs=188.185.71.83-9618+[2001-1458-d00-7--100-34d]-9618&alias=bigbird18.cern.ch&noUDP&sock=schedd_5052_d48c>
...
040 (10610889.443.000) 12/16 14:09:10 Started transferring input files
	Transferring to host: <188.185.195.176:9618?addrs=188.185.195.176-9618+[2001-1458-303-22--100-ac]-9618&alias=b9p17p6908.cern.ch&noUDP&sock=slot1_10_6550_d143_80552>
...
040 (10610889.443.000) 12/16 14:09:10 Finished transferring input files
...
001 (10610889.443.000) 12/16 14:09:10 Job executing on host: <188.185.195.176:9618?addrs=188.185.195.176-9618+[2001-1458-303-22--100-ac]-9618&alias=b9p17p6908.cern.ch&noUDP&sock=startd_5620_6e57>
	SlotName: slot1_10@b9p17p6908.cern.ch
	CondorScratchDir = "/pool/condor/dir_2721469"
	Cpus = 4
	Disk = 11039
	GPUs = 0
	Memory = 12000
...
006 (10610889.443.000) 12/16 14:09:24 Image size of job updated: 42724
	42  -  MemoryUsage of job (MB)
	42724  -  ResidentSetSize of job (KB)
...
006 (10610889.443.000) 12/16 14:14:25 Image size of job updated: 42792
	42  -  MemoryUsage of job (MB)
	42724  -  ResidentSetSize of job (KB)
...
040 (10610889.443.000) 12/16 16:21:45 Started transferring output files
...
040 (10610889.443.000) 12/16 16:21:45 Finished transferring output files
...
005 (10610889.443.000) 12/16 16:21:45 Job terminated.
	(1) Normal termination (return value 0)
		Usr 0 02:10:42, Sys 0 00:00:07  -  Run Remote Usage
		Usr 0 00:00:00, Sys 0 00:00:00  -  Run Local Usage
		Usr 0 02:10:42, Sys 0 00:00:07  -  Total Remote Usage
		Usr 0 00:00:00, Sys 0 00:00:00  -  Total Local Usage
	0  -  Run Bytes Sent By Job
	7584148  -  Run Bytes Received By Job
	0  -  Total Bytes Sent By Job
	7584148  -  Total Bytes Received By Job
	Partitionable Resources :    Usage  Request Allocated 
	   Cpus                 :     0.99        4         4 
	   Disk (KB)            : 33563        7500     11039 
	   GPUs                 :                           0 
	   Memory (MB)          :    42       12000     12000 
	   TimeExecute (s)      :  7954                       
	   TimeSlotBusy (s)     :  7956                       

	Job terminated of its own accord at 2025-12-16T15:21:44Z with exit-code 0.
...
