000 (10610888.833.000) 12/16 07:14:45 Job submitted from host: <188.185.71.83:9618?addrs=188.185.71.83-9618+[2001-1458-d00-7--100-34d]-9618&alias=bigbird18.cern.ch&noUDP&sock=schedd_5052_d48c>
...
040 (10610888.833.000) 12/16 09:44:59 Started transferring input files
	Transferring to host: <188.185.205.162:9618?addrs=188.185.205.162-9618+[2001-1458-303-a--100-1f]-9618&alias=b9p04p5294.cern.ch&noUDP&sock=slot1_24_49524_e357_10427>
...
040 (10610888.833.000) 12/16 09:44:59 Finished transferring input files
...
001 (10610888.833.000) 12/16 09:44:59 Job executing on host: <188.185.205.162:9618?addrs=188.185.205.162-9618+[2001-1458-303-a--100-1f]-9618&alias=b9p04p5294.cern.ch&noUDP&sock=startd_6264_2955>
	SlotName: slot1_24@b9p04p5294.cern.ch
	CondorScratchDir = "/pool/condor/dir_2866446"
	Cpus = 4
	Disk = 10827
	GPUs = 0
	Memory = 12000
...
006 (10610888.833.000) 12/16 09:45:13 Image size of job updated: 37732
	37  -  MemoryUsage of job (MB)
	37732  -  ResidentSetSize of job (KB)
...
006 (10610888.833.000) 12/16 09:50:14 Image size of job updated: 38136
	37  -  MemoryUsage of job (MB)
	37732  -  ResidentSetSize of job (KB)
...
006 (10610888.833.000) 12/16 11:26:49 Image size of job updated: 118744
	37  -  MemoryUsage of job (MB)
	37732  -  ResidentSetSize of job (KB)
...
040 (10610888.833.000) 12/16 11:26:50 Started transferring output files
...
040 (10610888.833.000) 12/16 11:26:50 Finished transferring output files
...
005 (10610888.833.000) 12/16 11:26:50 Job terminated.
	(1) Normal termination (return value 0)
		Usr 0 01:40:11, Sys 0 00:00:10  -  Run Remote Usage
		Usr 0 00:00:00, Sys 0 00:00:00  -  Run Local Usage
		Usr 0 01:40:11, Sys 0 00:00:10  -  Total Remote Usage
		Usr 0 00:00:00, Sys 0 00:00:00  -  Total Local Usage
	0  -  Run Bytes Sent By Job
	7584148  -  Run Bytes Received By Job
	0  -  Total Bytes Sent By Job
	7584148  -  Total Bytes Received By Job
	Partitionable Resources :    Usage  Request Allocated 
	   Cpus                 :     0.99        4         4 
	   Disk (KB)            : 33305        7500     10827 
	   GPUs                 :                           0 
	   Memory (MB)          :    37       12000     12000 
	   TimeExecute (s)      :  6110                       
	   TimeSlotBusy (s)     :  6111                       

	Job terminated of its own accord at 2025-12-16T10:26:49Z with exit-code 0.
...
