000 (10610887.121.000) 12/16 07:14:31 Job submitted from host: <188.185.71.83:9618?addrs=188.185.71.83-9618+[2001-1458-d00-7--100-34d]-9618&alias=bigbird18.cern.ch&noUDP&sock=schedd_5052_d48c>
...
040 (10610887.121.000) 12/16 07:44:28 Started transferring input files
	Transferring to host: <188.185.210.186:9618?addrs=188.185.210.186-9618+[2001-1458-303-15--100-36]-9618&alias=b9p22p7769.cern.ch&noUDP&sock=slot1_21_3147867_d220_12448>
...
040 (10610887.121.000) 12/16 07:44:28 Finished transferring input files
...
001 (10610887.121.000) 12/16 07:44:28 Job executing on host: <188.185.210.186:9618?addrs=188.185.210.186-9618+[2001-1458-303-15--100-36]-9618&alias=b9p22p7769.cern.ch&noUDP&sock=startd_3535_4b60>
	SlotName: slot1_21@b9p22p7769.cern.ch
	CondorScratchDir = "/pool/condor/dir_1678449"
	Cpus = 4
	Disk = 10919
	GPUs = 0
	Memory = 12000
...
006 (10610887.121.000) 12/16 07:44:42 Image size of job updated: 26684
	27  -  MemoryUsage of job (MB)
	26684  -  ResidentSetSize of job (KB)
...
006 (10610887.121.000) 12/16 07:49:42 Image size of job updated: 27104
	27  -  MemoryUsage of job (MB)
	26684  -  ResidentSetSize of job (KB)
...
040 (10610887.121.000) 12/16 09:37:51 Started transferring output files
...
040 (10610887.121.000) 12/16 09:37:52 Finished transferring output files
...
005 (10610887.121.000) 12/16 09:37:52 Job terminated.
	(1) Normal termination (return value 0)
		Usr 0 01:49:01, Sys 0 00:00:17  -  Run Remote Usage
		Usr 0 00:00:00, Sys 0 00:00:00  -  Run Local Usage
		Usr 0 01:49:01, Sys 0 00:00:17  -  Total Remote Usage
		Usr 0 00:00:00, Sys 0 00:00:00  -  Total Local Usage
	0  -  Run Bytes Sent By Job
	7584148  -  Run Bytes Received By Job
	0  -  Total Bytes Sent By Job
	7584148  -  Total Bytes Received By Job
	Partitionable Resources :    Usage  Request Allocated 
	   Cpus                 :     0.97        4         4 
	   Disk (KB)            : 32337        7500     10919 
	   GPUs                 :                           0 
	   Memory (MB)          :    27       12000     12000 
	   TimeExecute (s)      :  6802                       
	   TimeSlotBusy (s)     :  6804                       

	Job terminated of its own accord at 2025-12-16T08:37:50Z with exit-code 0.
...
