000 (10610889.553.000) 12/16 07:15:00 Job submitted from host: <188.185.71.83:9618?addrs=188.185.71.83-9618+[2001-1458-d00-7--100-34d]-9618&alias=bigbird18.cern.ch&noUDP&sock=schedd_5052_d48c>
...
040 (10610889.553.000) 12/16 14:09:45 Started transferring input files
	Transferring to host: <188.185.193.185:9618?addrs=188.185.193.185-9618+[2001-1458-303-20--100-b5]-9618&alias=b9p19p8898.cern.ch&noUDP&sock=slot1_3_7998_107e_83627>
...
040 (10610889.553.000) 12/16 14:09:45 Finished transferring input files
...
001 (10610889.553.000) 12/16 14:09:45 Job executing on host: <188.185.193.185:9618?addrs=188.185.193.185-9618+[2001-1458-303-20--100-b5]-9618&alias=b9p19p8898.cern.ch&noUDP&sock=startd_6838_e0b1>
	SlotName: slot1_3@b9p19p8898.cern.ch
	CondorScratchDir = "/pool/condor/dir_2540023"
	Cpus = 4
	Disk = 10953
	GPUs = 0
	Memory = 12000
...
006 (10610889.553.000) 12/16 14:09:59 Image size of job updated: 40032
	40  -  MemoryUsage of job (MB)
	40032  -  ResidentSetSize of job (KB)
...
006 (10610889.553.000) 12/16 14:15:00 Image size of job updated: 40452
	40  -  MemoryUsage of job (MB)
	40032  -  ResidentSetSize of job (KB)
...
040 (10610889.553.000) 12/16 16:38:35 Started transferring output files
...
040 (10610889.553.000) 12/16 16:38:35 Finished transferring output files
...
005 (10610889.553.000) 12/16 16:38:36 Job terminated.
	(1) Normal termination (return value 0)
		Usr 0 02:26:46, Sys 0 00:00:07  -  Run Remote Usage
		Usr 0 00:00:00, Sys 0 00:00:00  -  Run Local Usage
		Usr 0 02:26:46, Sys 0 00:00:07  -  Total Remote Usage
		Usr 0 00:00:00, Sys 0 00:00:00  -  Total Local Usage
	0  -  Run Bytes Sent By Job
	7584148  -  Run Bytes Received By Job
	0  -  Total Bytes Sent By Job
	7584148  -  Total Bytes Received By Job
	Partitionable Resources :    Usage  Request Allocated 
	   Cpus                 :     0.99        4         4 
	   Disk (KB)            : 32813        7500     10953 
	   GPUs                 :                           0 
	   Memory (MB)          :    40       12000     12000 
	   TimeExecute (s)      :  8929                       
	   TimeSlotBusy (s)     :  8930                       

	Job terminated of its own accord at 2025-12-16T15:38:34Z with exit-code 0.
...
