000 (10610887.206.000) 12/16 07:14:31 Job submitted from host: <188.185.71.83:9618?addrs=188.185.71.83-9618+[2001-1458-d00-7--100-34d]-9618&alias=bigbird18.cern.ch&noUDP&sock=schedd_5052_d48c>
...
040 (10610887.206.000) 12/16 07:44:58 Started transferring input files
	Transferring to host: <128.142.209.45:9618?addrs=128.142.209.45-9618+[2001-1458-301-21--100-d]-9618&alias=b9g41p3234.cern.ch&noUDP&sock=slot1_5_3204_41fb_103062>
...
040 (10610887.206.000) 12/16 07:44:58 Finished transferring input files
...
001 (10610887.206.000) 12/16 07:44:58 Job executing on host: <128.142.209.45:9618?addrs=128.142.209.45-9618+[2001-1458-301-21--100-d]-9618&alias=b9g41p3234.cern.ch&noUDP&sock=startd_2631_39c3>
	SlotName: slot1_5@b9g41p3234.cern.ch
	CondorScratchDir = "/pool/condor/dir_257010"
	Cpus = 4
	Disk = 14000
	GPUs = 0
	Memory = 12000
...
006 (10610887.206.000) 12/16 07:45:12 Image size of job updated: 38036
	38  -  MemoryUsage of job (MB)
	38036  -  ResidentSetSize of job (KB)
...
006 (10610887.206.000) 12/16 07:50:12 Image size of job updated: 38128
	38  -  MemoryUsage of job (MB)
	38036  -  ResidentSetSize of job (KB)
...
006 (10610887.206.000) 12/16 08:48:49 Image size of job updated: 118744
	38  -  MemoryUsage of job (MB)
	38036  -  ResidentSetSize of job (KB)
...
040 (10610887.206.000) 12/16 08:48:50 Started transferring output files
...
040 (10610887.206.000) 12/16 08:48:50 Finished transferring output files
...
005 (10610887.206.000) 12/16 08:48:50 Job terminated.
	(1) Normal termination (return value 0)
		Usr 0 01:02:59, Sys 0 00:00:06  -  Run Remote Usage
		Usr 0 00:00:00, Sys 0 00:00:00  -  Run Local Usage
		Usr 0 01:02:59, Sys 0 00:00:06  -  Total Remote Usage
		Usr 0 00:00:00, Sys 0 00:00:00  -  Total Local Usage
	0  -  Run Bytes Sent By Job
	7584148  -  Run Bytes Received By Job
	0  -  Total Bytes Sent By Job
	7584148  -  Total Bytes Received By Job
	Partitionable Resources :    Usage  Request Allocated 
	   Cpus                 :     0.99        4         4 
	   Disk (KB)            : 33103        7500     14000 
	   GPUs                 :                           0 
	   Memory (MB)          :    38       12000     12000 
	   TimeExecute (s)      :  3831                       
	   TimeSlotBusy (s)     :  3833                       

	Job terminated of its own accord at 2025-12-16T07:48:49Z with exit-code 0.
...
