000 (10610887.437.000) 12/16 07:14:31 Job submitted from host: <188.185.71.83:9618?addrs=188.185.71.83-9618+[2001-1458-d00-7--100-34d]-9618&alias=bigbird18.cern.ch&noUDP&sock=schedd_5052_d48c>
...
040 (10610887.437.000) 12/16 07:50:08 Started transferring input files
	Transferring to host: <188.185.194.140:9618?addrs=188.185.194.140-9618+[2001-1458-303-21--100-88]-9618&alias=b9p20p8682.cern.ch&noUDP&sock=slot1_12_9492_b8fb_84697>
...
040 (10610887.437.000) 12/16 07:50:08 Finished transferring input files
...
001 (10610887.437.000) 12/16 07:50:08 Job executing on host: <188.185.194.140:9618?addrs=188.185.194.140-9618+[2001-1458-303-21--100-88]-9618&alias=b9p20p8682.cern.ch&noUDP&sock=startd_8036_9b27>
	SlotName: slot1_12@b9p20p8682.cern.ch
	CondorScratchDir = "/pool/condor/dir_4121702"
	Cpus = 4
	Disk = 11071
	GPUs = 0
	Memory = 12000
...
006 (10610887.437.000) 12/16 07:50:22 Image size of job updated: 42680
	42  -  MemoryUsage of job (MB)
	42680  -  ResidentSetSize of job (KB)
...
006 (10610887.437.000) 12/16 07:55:23 Image size of job updated: 42772
	42  -  MemoryUsage of job (MB)
	42680  -  ResidentSetSize of job (KB)
...
006 (10610887.437.000) 12/16 09:49:47 Image size of job updated: 123396
	42  -  MemoryUsage of job (MB)
	42680  -  ResidentSetSize of job (KB)
...
040 (10610887.437.000) 12/16 09:49:48 Started transferring output files
...
040 (10610887.437.000) 12/16 09:49:48 Finished transferring output files
...
005 (10610887.437.000) 12/16 09:49:48 Job terminated.
	(1) Normal termination (return value 0)
		Usr 0 01:58:36, Sys 0 00:00:05  -  Run Remote Usage
		Usr 0 00:00:00, Sys 0 00:00:00  -  Run Local Usage
		Usr 0 01:58:36, Sys 0 00:00:05  -  Total Remote Usage
		Usr 0 00:00:00, Sys 0 00:00:00  -  Total Local Usage
	0  -  Run Bytes Sent By Job
	7584148  -  Run Bytes Received By Job
	0  -  Total Bytes Sent By Job
	7584148  -  Total Bytes Received By Job
	Partitionable Resources :    Usage  Request Allocated 
	   Cpus                 :     1.00        4         4 
	   Disk (KB)            : 33052        7500     11071 
	   GPUs                 :                           0 
	   Memory (MB)          :    42       12000     12000 
	   TimeExecute (s)      :  7179                       
	   TimeSlotBusy (s)     :  7181                       

	Job terminated of its own accord at 2025-12-16T08:49:47Z with exit-code 0.
...
