000 (10610887.620.000) 12/16 07:14:31 Job submitted from host: <188.185.71.83:9618?addrs=188.185.71.83-9618+[2001-1458-d00-7--100-34d]-9618&alias=bigbird18.cern.ch&noUDP&sock=schedd_5052_d48c>
...
040 (10610887.620.000) 12/16 07:54:43 Started transferring input files
	Transferring to host: <188.185.215.198:9618?addrs=188.185.215.198-9618+[2001-1458-303-26--100-42]-9618&alias=b9p18p0908.cern.ch&noUDP&sock=slot1_14_3311_a620_95565>
...
040 (10610887.620.000) 12/16 07:54:43 Finished transferring input files
...
001 (10610887.620.000) 12/16 07:54:43 Job executing on host: <188.185.215.198:9618?addrs=188.185.215.198-9618+[2001-1458-303-26--100-42]-9618&alias=b9p18p0908.cern.ch&noUDP&sock=startd_2798_c614>
	SlotName: slot1_14@b9p18p0908.cern.ch
	CondorScratchDir = "/pool/condor/dir_1299744"
	Cpus = 4
	Disk = 10892
	GPUs = 0
	Memory = 12000
...
006 (10610887.620.000) 12/16 07:54:59 Image size of job updated: 37468
	37  -  MemoryUsage of job (MB)
	37468  -  ResidentSetSize of job (KB)
...
006 (10610887.620.000) 12/16 08:00:00 Image size of job updated: 37888
	37  -  MemoryUsage of job (MB)
	37468  -  ResidentSetSize of job (KB)
...
040 (10610887.620.000) 12/16 10:01:54 Started transferring output files
...
040 (10610887.620.000) 12/16 10:01:55 Finished transferring output files
...
005 (10610887.620.000) 12/16 10:01:55 Job terminated.
	(1) Normal termination (return value 0)
		Usr 0 02:02:20, Sys 0 00:00:16  -  Run Remote Usage
		Usr 0 00:00:00, Sys 0 00:00:00  -  Run Local Usage
		Usr 0 02:02:20, Sys 0 00:00:16  -  Total Remote Usage
		Usr 0 00:00:00, Sys 0 00:00:00  -  Total Local Usage
	0  -  Run Bytes Sent By Job
	7584148  -  Run Bytes Received By Job
	0  -  Total Bytes Sent By Job
	7584148  -  Total Bytes Received By Job
	Partitionable Resources :    Usage  Request Allocated 
	   Cpus                 :     0.97        4         4 
	   Disk (KB)            : 32107        7500     10892 
	   GPUs                 :                           0 
	   Memory (MB)          :    37       12000     12000 
	   TimeExecute (s)      :  7630                       
	   TimeSlotBusy (s)     :  7632                       

	Job terminated of its own accord at 2025-12-16T09:01:53Z with exit-code 0.
...
