000 (10610889.846.000) 12/16 07:15:01 Job submitted from host: <188.185.71.83:9618?addrs=188.185.71.83-9618+[2001-1458-d00-7--100-34d]-9618&alias=bigbird18.cern.ch&noUDP&sock=schedd_5052_d48c>
...
040 (10610889.846.000) 12/16 14:26:30 Started transferring input files
	Transferring to host: <188.185.214.10:9618?addrs=188.185.214.10-9618+[2001-1458-303-1c--100-6]-9618&alias=b9p29p1341.cern.ch&noUDP&sock=slot1_10_5054_c007_111119>
...
040 (10610889.846.000) 12/16 14:26:30 Finished transferring input files
...
001 (10610889.846.000) 12/16 14:26:30 Job executing on host: <188.185.214.10:9618?addrs=188.185.214.10-9618+[2001-1458-303-1c--100-6]-9618&alias=b9p29p1341.cern.ch&noUDP&sock=startd_4065_d492>
	SlotName: slot1_10@b9p29p1341.cern.ch
	CondorScratchDir = "/pool/condor/dir_3732708"
	Cpus = 4
	Disk = 10953
	GPUs = 0
	Memory = 12000
...
006 (10610889.846.000) 12/16 14:26:44 Image size of job updated: 41580
	41  -  MemoryUsage of job (MB)
	41580  -  ResidentSetSize of job (KB)
...
006 (10610889.846.000) 12/16 14:31:45 Image size of job updated: 42004
	41  -  MemoryUsage of job (MB)
	41580  -  ResidentSetSize of job (KB)
...
006 (10610889.846.000) 12/16 15:26:52 Image size of job updated: 47304
	47  -  MemoryUsage of job (MB)
	47304  -  ResidentSetSize of job (KB)
...
040 (10610889.846.000) 12/16 15:41:49 Started transferring output files
...
040 (10610889.846.000) 12/16 15:41:49 Finished transferring output files
...
005 (10610889.846.000) 12/16 15:41:50 Job terminated.
	(1) Normal termination (return value 0)
		Usr 0 01:14:38, Sys 0 00:00:04  -  Run Remote Usage
		Usr 0 00:00:00, Sys 0 00:00:00  -  Run Local Usage
		Usr 0 01:14:38, Sys 0 00:00:04  -  Total Remote Usage
		Usr 0 00:00:00, Sys 0 00:00:00  -  Total Local Usage
	0  -  Run Bytes Sent By Job
	7584148  -  Run Bytes Received By Job
	0  -  Total Bytes Sent By Job
	7584148  -  Total Bytes Received By Job
	Partitionable Resources :    Usage  Request Allocated 
	   Cpus                 :     0.99        4         4 
	   Disk (KB)            : 33598        7500     10953 
	   GPUs                 :                           0 
	   Memory (MB)          :    47       12000     12000 
	   TimeExecute (s)      :  4519                       
	   TimeSlotBusy (s)     :  4519                       

	Job terminated of its own accord at 2025-12-16T14:41:49Z with exit-code 0.
...
