000 (10610889.098.000) 12/16 07:15:00 Job submitted from host: <188.185.71.83:9618?addrs=188.185.71.83-9618+[2001-1458-d00-7--100-34d]-9618&alias=bigbird18.cern.ch&noUDP&sock=schedd_5052_d48c>
...
040 (10610889.098.000) 12/16 10:43:02 Started transferring input files
	Transferring to host: <128.142.161.80:9618?addrs=128.142.161.80-9618+[2001-1458-301-b8--100-e]-9618&alias=b9g03p6247.cern.ch&noUDP&sock=slot1_5_3288044_32c4_111061>
...
040 (10610889.098.000) 12/16 10:43:02 Finished transferring input files
...
001 (10610889.098.000) 12/16 10:43:02 Job executing on host: <128.142.161.80:9618?addrs=128.142.161.80-9618+[2001-1458-301-b8--100-e]-9618&alias=b9g03p6247.cern.ch&noUDP&sock=startd_6103_ba95>
	SlotName: slot1_5@b9g03p6247.cern.ch
	CondorScratchDir = "/pool/condor/dir_1262048"
	Cpus = 4
	Disk = 11267
	GPUs = 0
	Memory = 12000
...
006 (10610889.098.000) 12/16 10:43:16 Image size of job updated: 40588
	40  -  MemoryUsage of job (MB)
	40588  -  ResidentSetSize of job (KB)
...
006 (10610889.098.000) 12/16 10:48:17 Image size of job updated: 40680
	40  -  MemoryUsage of job (MB)
	40588  -  ResidentSetSize of job (KB)
...
006 (10610889.098.000) 12/16 12:13:27 Image size of job updated: 46000
	45  -  MemoryUsage of job (MB)
	46000  -  ResidentSetSize of job (KB)
...
006 (10610889.098.000) 12/16 12:32:53 Image size of job updated: 46676
	45  -  MemoryUsage of job (MB)
	46000  -  ResidentSetSize of job (KB)
...
040 (10610889.098.000) 12/16 12:32:54 Started transferring output files
...
040 (10610889.098.000) 12/16 12:32:54 Finished transferring output files
...
005 (10610889.098.000) 12/16 12:32:54 Job terminated.
	(1) Normal termination (return value 0)
		Usr 0 01:48:27, Sys 0 00:00:10  -  Run Remote Usage
		Usr 0 00:00:00, Sys 0 00:00:00  -  Run Local Usage
		Usr 0 01:48:27, Sys 0 00:00:10  -  Total Remote Usage
		Usr 0 00:00:00, Sys 0 00:00:00  -  Total Local Usage
	0  -  Run Bytes Sent By Job
	7584148  -  Run Bytes Received By Job
	0  -  Total Bytes Sent By Job
	7584148  -  Total Bytes Received By Job
	Partitionable Resources :    Usage  Request Allocated 
	   Cpus                 :     1.00        4         4 
	   Disk (KB)            : 33258        7500     11267 
	   GPUs                 :                           0 
	   Memory (MB)          :    45       12000     12000 
	   TimeExecute (s)      :  6591                       
	   TimeSlotBusy (s)     :  6592                       

	Job terminated of its own accord at 2025-12-16T11:32:53Z with exit-code 0.
...
