000 (10610887.938.000) 12/16 07:14:32 Job submitted from host: <188.185.71.83:9618?addrs=188.185.71.83-9618+[2001-1458-d00-7--100-34d]-9618&alias=bigbird18.cern.ch&noUDP&sock=schedd_5052_d48c>
...
040 (10610887.938.000) 12/16 08:00:06 Started transferring input files
	Transferring to host: <188.185.194.51:9618?addrs=188.185.194.51-9618+[2001-1458-303-21--100-2f]-9618&alias=b9p20p4709.cern.ch&noUDP&sock=slot1_2_4173405_1dc7_25581>
...
040 (10610887.938.000) 12/16 08:00:06 Finished transferring input files
...
001 (10610887.938.000) 12/16 08:00:06 Job executing on host: <188.185.194.51:9618?addrs=188.185.194.51-9618+[2001-1458-303-21--100-2f]-9618&alias=b9p20p4709.cern.ch&noUDP&sock=startd_4825_208c>
	SlotName: slot1_2@b9p20p4709.cern.ch
	CondorScratchDir = "/pool/condor/dir_3484158"
	Cpus = 4
	Disk = 10970
	GPUs = 0
	Memory = 12000
...
006 (10610887.938.000) 12/16 08:00:20 Image size of job updated: 36132
	36  -  MemoryUsage of job (MB)
	36132  -  ResidentSetSize of job (KB)
...
006 (10610887.938.000) 12/16 08:05:21 Image size of job updated: 36556
	36  -  MemoryUsage of job (MB)
	36132  -  ResidentSetSize of job (KB)
...
006 (10610887.938.000) 12/16 10:26:09 Image size of job updated: 117112
	36  -  MemoryUsage of job (MB)
	36132  -  ResidentSetSize of job (KB)
...
040 (10610887.938.000) 12/16 10:26:10 Started transferring output files
...
040 (10610887.938.000) 12/16 10:26:10 Finished transferring output files
...
005 (10610887.938.000) 12/16 10:26:10 Job terminated.
	(1) Normal termination (return value 0)
		Usr 0 02:22:36, Sys 0 00:00:19  -  Run Remote Usage
		Usr 0 00:00:00, Sys 0 00:00:00  -  Run Local Usage
		Usr 0 02:22:36, Sys 0 00:00:19  -  Total Remote Usage
		Usr 0 00:00:00, Sys 0 00:00:00  -  Total Local Usage
	0  -  Run Bytes Sent By Job
	7584148  -  Run Bytes Received By Job
	0  -  Total Bytes Sent By Job
	7584148  -  Total Bytes Received By Job
	Partitionable Resources :    Usage  Request Allocated 
	   Cpus                 :     0.99        4         4 
	   Disk (KB)            : 33797        7500     10970 
	   GPUs                 :                           0 
	   Memory (MB)          :    36       12000     12000 
	   TimeExecute (s)      :  8763                       
	   TimeSlotBusy (s)     :  8764                       

	Job terminated of its own accord at 2025-12-16T09:26:09Z with exit-code 0.
...
