000 (10610887.145.000) 12/16 07:14:31 Job submitted from host: <188.185.71.83:9618?addrs=188.185.71.83-9618+[2001-1458-d00-7--100-34d]-9618&alias=bigbird18.cern.ch&noUDP&sock=schedd_5052_d48c>
...
040 (10610887.145.000) 12/16 07:44:36 Started transferring input files
	Transferring to host: <188.185.213.180:9618?addrs=188.185.213.180-9618+[2001-1458-303-1b--100-30]-9618&alias=b9p28p7628.cern.ch&noUDP&sock=slot1_10_4281_1a07_112570>
...
040 (10610887.145.000) 12/16 07:44:36 Finished transferring input files
...
001 (10610887.145.000) 12/16 07:44:36 Job executing on host: <188.185.213.180:9618?addrs=188.185.213.180-9618+[2001-1458-303-1b--100-30]-9618&alias=b9p28p7628.cern.ch&noUDP&sock=startd_3596_22a7>
	SlotName: slot1_10@b9p28p7628.cern.ch
	CondorScratchDir = "/pool/condor/dir_129434"
	Cpus = 4
	Disk = 10907
	GPUs = 0
	Memory = 12000
...
006 (10610887.145.000) 12/16 07:44:50 Image size of job updated: 40048
	40  -  MemoryUsage of job (MB)
	40048  -  ResidentSetSize of job (KB)
...
006 (10610887.145.000) 12/16 07:49:51 Image size of job updated: 40468
	40  -  MemoryUsage of job (MB)
	40048  -  ResidentSetSize of job (KB)
...
040 (10610887.145.000) 12/16 09:02:11 Started transferring output files
...
040 (10610887.145.000) 12/16 09:02:11 Finished transferring output files
...
005 (10610887.145.000) 12/16 09:02:11 Job terminated.
	(1) Normal termination (return value 0)
		Usr 0 01:16:33, Sys 0 00:00:11  -  Run Remote Usage
		Usr 0 00:00:00, Sys 0 00:00:00  -  Run Local Usage
		Usr 0 01:16:33, Sys 0 00:00:11  -  Total Remote Usage
		Usr 0 00:00:00, Sys 0 00:00:00  -  Total Local Usage
	0  -  Run Bytes Sent By Job
	7584148  -  Run Bytes Received By Job
	0  -  Total Bytes Sent By Job
	7584148  -  Total Bytes Received By Job
	Partitionable Resources :    Usage  Request Allocated 
	   Cpus                 :     0.99        4         4 
	   Disk (KB)            : 33107        7500     10907 
	   GPUs                 :                           0 
	   Memory (MB)          :    40       12000     12000 
	   TimeExecute (s)      :  4654                       
	   TimeSlotBusy (s)     :  4655                       

	Job terminated of its own accord at 2025-12-16T08:02:10Z with exit-code 0.
...
