000 (10610889.675.000) 12/16 07:15:01 Job submitted from host: <188.185.71.83:9618?addrs=188.185.71.83-9618+[2001-1458-d00-7--100-34d]-9618&alias=bigbird18.cern.ch&noUDP&sock=schedd_5052_d48c>
...
040 (10610889.675.000) 12/16 14:25:33 Started transferring input files
	Transferring to host: <188.185.210.10:9618?addrs=188.185.210.10-9618+[2001-1458-303-1--100-6]-9618&alias=b9p21p6774.cern.ch&noUDP&sock=slot1_1_6292_0879_92050>
...
040 (10610889.675.000) 12/16 14:25:33 Finished transferring input files
...
001 (10610889.675.000) 12/16 14:25:33 Job executing on host: <188.185.210.10:9618?addrs=188.185.210.10-9618+[2001-1458-303-1--100-6]-9618&alias=b9p21p6774.cern.ch&noUDP&sock=startd_5515_68e5>
	SlotName: slot1_1@b9p21p6774.cern.ch
	CondorScratchDir = "/pool/condor/dir_2059284"
	Cpus = 4
	Disk = 10861
	GPUs = 0
	Memory = 12000
...
006 (10610889.675.000) 12/16 14:25:47 Image size of job updated: 35572
	35  -  MemoryUsage of job (MB)
	35572  -  ResidentSetSize of job (KB)
...
006 (10610889.675.000) 12/16 14:30:48 Image size of job updated: 35992
	35  -  MemoryUsage of job (MB)
	35572  -  ResidentSetSize of job (KB)
...
006 (10610889.675.000) 12/16 16:04:40 Image size of job updated: 120508
	35  -  MemoryUsage of job (MB)
	35572  -  ResidentSetSize of job (KB)
...
040 (10610889.675.000) 12/16 16:04:40 Started transferring output files
...
040 (10610889.675.000) 12/16 16:04:41 Finished transferring output files
...
005 (10610889.675.000) 12/16 16:04:41 Job terminated.
	(1) Normal termination (return value 0)
		Usr 0 01:37:13, Sys 0 00:00:16  -  Run Remote Usage
		Usr 0 00:00:00, Sys 0 00:00:00  -  Run Local Usage
		Usr 0 01:37:13, Sys 0 00:00:16  -  Total Remote Usage
		Usr 0 00:00:00, Sys 0 00:00:00  -  Total Local Usage
	0  -  Run Bytes Sent By Job
	7584148  -  Run Bytes Received By Job
	0  -  Total Bytes Sent By Job
	7584148  -  Total Bytes Received By Job
	Partitionable Resources :    Usage  Request Allocated 
	   Cpus                 :     0.99        4         4 
	   Disk (KB)            : 32594        7500     10861 
	   GPUs                 :                           0 
	   Memory (MB)          :    35       12000     12000 
	   TimeExecute (s)      :  5947                       
	   TimeSlotBusy (s)     :  5948                       

	Job terminated of its own accord at 2025-12-16T15:04:40Z with exit-code 0.
...
