000 (10613549.729.000) 12/16 14:40:45 Job submitted from host: <188.185.71.83:9618?addrs=188.185.71.83-9618+[2001-1458-d00-7--100-34d]-9618&alias=bigbird18.cern.ch&noUDP&sock=schedd_5052_d48c>
...
040 (10613549.729.000) 12/16 15:31:38 Started transferring input files
	Transferring to host: <188.185.214.64:9618?addrs=188.185.214.64-9618+[2001-1458-303-1c--100-3c]-9618&alias=b9p29p7875.cern.ch&noUDP&sock=slot1_18_6107_af11_107581>
...
040 (10613549.729.000) 12/16 15:31:38 Finished transferring input files
...
001 (10613549.729.000) 12/16 15:31:38 Job executing on host: <188.185.214.64:9618?addrs=188.185.214.64-9618+[2001-1458-303-1c--100-3c]-9618&alias=b9p29p7875.cern.ch&noUDP&sock=startd_5391_5b27>
	SlotName: slot1_18@b9p29p7875.cern.ch
	CondorScratchDir = "/pool/condor/dir_3502254"
	Cpus = 4
	Disk = 10761
	GPUs = 0
	Memory = 12000
...
006 (10613549.729.000) 12/16 15:31:52 Image size of job updated: 37512
	37  -  MemoryUsage of job (MB)
	37512  -  ResidentSetSize of job (KB)
...
006 (10613549.729.000) 12/16 15:36:53 Image size of job updated: 37932
	37  -  MemoryUsage of job (MB)
	37512  -  ResidentSetSize of job (KB)
...
006 (10613549.729.000) 12/16 16:50:15 Image size of job updated: 118456
	37  -  MemoryUsage of job (MB)
	37512  -  ResidentSetSize of job (KB)
...
040 (10613549.729.000) 12/16 16:50:15 Started transferring output files
...
040 (10613549.729.000) 12/16 16:50:16 Finished transferring output files
...
005 (10613549.729.000) 12/16 16:50:16 Job terminated.
	(1) Normal termination (return value 0)
		Usr 0 01:17:38, Sys 0 00:00:08  -  Run Remote Usage
		Usr 0 00:00:00, Sys 0 00:00:00  -  Run Local Usage
		Usr 0 01:17:38, Sys 0 00:00:08  -  Total Remote Usage
		Usr 0 00:00:00, Sys 0 00:00:00  -  Total Local Usage
	0  -  Run Bytes Sent By Job
	7584148  -  Run Bytes Received By Job
	0  -  Total Bytes Sent By Job
	7584148  -  Total Bytes Received By Job
	Partitionable Resources :    Usage  Request Allocated 
	   Cpus                 :     0.99        4         4 
	   Disk (KB)            : 33912        7500     10761 
	   GPUs                 :                           0 
	   Memory (MB)          :    37       12000     12000 
	   TimeExecute (s)      :  4717                       
	   TimeSlotBusy (s)     :  4718                       

	Job terminated of its own accord at 2025-12-16T15:50:15Z with exit-code 0.
...
