000 (10610888.355.000) 12/16 07:14:44 Job submitted from host: <188.185.71.83:9618?addrs=188.185.71.83-9618+[2001-1458-d00-7--100-34d]-9618&alias=bigbird18.cern.ch&noUDP&sock=schedd_5052_d48c>
...
040 (10610888.355.000) 12/16 09:19:24 Started transferring input files
	Transferring to host: <188.185.214.26:9618?addrs=188.185.214.26-9618+[2001-1458-303-1c--100-16]-9618&alias=b9p29p0550.cern.ch&noUDP&sock=slot1_12_6799_42ae_89978>
...
001 (10610888.355.000) 12/16 09:19:24 Job executing on host: <188.185.214.26:9618?addrs=188.185.214.26-9618+[2001-1458-303-1c--100-16]-9618&alias=b9p29p0550.cern.ch&noUDP&sock=startd_5906_9a6d>
	SlotName: slot1_12@b9p29p0550.cern.ch
	CondorScratchDir = "/pool/condor/dir_80113"
	Cpus = 4
	Disk = 11174
	GPUs = 0
	Memory = 12000
...
040 (10610888.355.000) 12/16 09:19:24 Finished transferring input files
...
006 (10610888.355.000) 12/16 09:19:38 Image size of job updated: 40040
	40  -  MemoryUsage of job (MB)
	40040  -  ResidentSetSize of job (KB)
...
006 (10610888.355.000) 12/16 09:24:39 Image size of job updated: 40132
	40  -  MemoryUsage of job (MB)
	40040  -  ResidentSetSize of job (KB)
...
006 (10610888.355.000) 12/16 10:34:08 Image size of job updated: 120708
	40  -  MemoryUsage of job (MB)
	40040  -  ResidentSetSize of job (KB)
...
040 (10610888.355.000) 12/16 10:34:09 Started transferring output files
...
040 (10610888.355.000) 12/16 10:34:09 Finished transferring output files
...
005 (10610888.355.000) 12/16 10:34:09 Job terminated.
	(1) Normal termination (return value 0)
		Usr 0 01:13:58, Sys 0 00:00:05  -  Run Remote Usage
		Usr 0 00:00:00, Sys 0 00:00:00  -  Run Local Usage
		Usr 0 01:13:58, Sys 0 00:00:05  -  Total Remote Usage
		Usr 0 00:00:00, Sys 0 00:00:00  -  Total Local Usage
	0  -  Run Bytes Sent By Job
	7584148  -  Run Bytes Received By Job
	0  -  Total Bytes Sent By Job
	7584148  -  Total Bytes Received By Job
	Partitionable Resources :    Usage  Request Allocated 
	   Cpus                 :     0.99        4         4 
	   Disk (KB)            : 33088        7500     11174 
	   GPUs                 :                           0 
	   Memory (MB)          :    40       12000     12000 
	   TimeExecute (s)      :  4484                       
	   TimeSlotBusy (s)     :  4485                       

	Job terminated of its own accord at 2025-12-16T09:34:08Z with exit-code 0.
...
