000 (10610889.265.000) 12/16 07:15:00 Job submitted from host: <188.185.71.83:9618?addrs=188.185.71.83-9618+[2001-1458-d00-7--100-34d]-9618&alias=bigbird18.cern.ch&noUDP&sock=schedd_5052_d48c>
...
040 (10610889.265.000) 12/16 13:32:01 Started transferring input files
	Transferring to host: <188.185.192.55:9618?addrs=188.185.192.55-9618+[2001-1458-303-1f--100-33]-9618&alias=b9p13p2541.cern.ch&noUDP&sock=slot1_7_1302849_bb4d_85870>
...
040 (10610889.265.000) 12/16 13:32:01 Finished transferring input files
...
001 (10610889.265.000) 12/16 13:32:01 Job executing on host: <188.185.192.55:9618?addrs=188.185.192.55-9618+[2001-1458-303-1f--100-33]-9618&alias=b9p13p2541.cern.ch&noUDP&sock=startd_8671_29ca>
	SlotName: slot1_7@b9p13p2541.cern.ch
	CondorScratchDir = "/pool/condor/dir_3640251"
	Cpus = 4
	Disk = 11106
	GPUs = 0
	Memory = 12000
...
006 (10610889.265.000) 12/16 13:32:15 Image size of job updated: 40524
	40  -  MemoryUsage of job (MB)
	40524  -  ResidentSetSize of job (KB)
...
006 (10610889.265.000) 12/16 13:37:16 Image size of job updated: 40616
	40  -  MemoryUsage of job (MB)
	40524  -  ResidentSetSize of job (KB)
...
006 (10610889.265.000) 12/16 15:19:50 Image size of job updated: 116240
	40  -  MemoryUsage of job (MB)
	40524  -  ResidentSetSize of job (KB)
...
040 (10610889.265.000) 12/16 15:19:51 Started transferring output files
...
040 (10610889.265.000) 12/16 15:19:51 Finished transferring output files
...
005 (10610889.265.000) 12/16 15:19:51 Job terminated.
	(1) Normal termination (return value 0)
		Usr 0 01:46:56, Sys 0 00:00:08  -  Run Remote Usage
		Usr 0 00:00:00, Sys 0 00:00:00  -  Run Local Usage
		Usr 0 01:46:56, Sys 0 00:00:08  -  Total Remote Usage
		Usr 0 00:00:00, Sys 0 00:00:00  -  Total Local Usage
	0  -  Run Bytes Sent By Job
	7584148  -  Run Bytes Received By Job
	0  -  Total Bytes Sent By Job
	7584148  -  Total Bytes Received By Job
	Partitionable Resources :    Usage  Request Allocated 
	   Cpus                 :     1.00        4         4 
	   Disk (KB)            : 33493        7500     11106 
	   GPUs                 :                           0 
	   Memory (MB)          :    40       12000     12000 
	   TimeExecute (s)      :  6469                       
	   TimeSlotBusy (s)     :  6471                       

	Job terminated of its own accord at 2025-12-16T14:19:50Z with exit-code 0.
...
