000 (10610888.497.000) 12/16 07:14:44 Job submitted from host: <188.185.71.83:9618?addrs=188.185.71.83-9618+[2001-1458-d00-7--100-34d]-9618&alias=bigbird18.cern.ch&noUDP&sock=schedd_5052_d48c>
...
040 (10610888.497.000) 12/16 09:27:16 Started transferring input files
	Transferring to host: <188.185.212.69:9618?addrs=188.185.212.69-9618+[2001-1458-303-18--100-41]-9618&alias=b9p25p7966.cern.ch&noUDP&sock=slot1_12_5747_0803_92137>
...
040 (10610888.497.000) 12/16 09:27:16 Finished transferring input files
...
001 (10610888.497.000) 12/16 09:27:16 Job executing on host: <188.185.212.69:9618?addrs=188.185.212.69-9618+[2001-1458-303-18--100-41]-9618&alias=b9p25p7966.cern.ch&noUDP&sock=startd_5066_6edf>
	SlotName: slot1_12@b9p25p7966.cern.ch
	CondorScratchDir = "/pool/condor/dir_3691773"
	Cpus = 4
	Disk = 11053
	GPUs = 0
	Memory = 12000
...
006 (10610888.497.000) 12/16 09:27:29 Image size of job updated: 40052
	40  -  MemoryUsage of job (MB)
	40052  -  ResidentSetSize of job (KB)
...
006 (10610888.497.000) 12/16 09:32:29 Image size of job updated: 40472
	40  -  MemoryUsage of job (MB)
	40052  -  ResidentSetSize of job (KB)
...
006 (10610888.497.000) 12/16 10:58:24 Image size of job updated: 41548
	40  -  MemoryUsage of job (MB)
	40052  -  ResidentSetSize of job (KB)
...
040 (10610888.497.000) 12/16 10:58:25 Started transferring output files
...
040 (10610888.497.000) 12/16 10:58:25 Finished transferring output files
...
005 (10610888.497.000) 12/16 10:58:25 Job terminated.
	(1) Normal termination (return value 0)
		Usr 0 01:29:47, Sys 0 00:00:13  -  Run Remote Usage
		Usr 0 00:00:00, Sys 0 00:00:00  -  Run Local Usage
		Usr 0 01:29:47, Sys 0 00:00:13  -  Total Remote Usage
		Usr 0 00:00:00, Sys 0 00:00:00  -  Total Local Usage
	0  -  Run Bytes Sent By Job
	7584148  -  Run Bytes Received By Job
	0  -  Total Bytes Sent By Job
	7584148  -  Total Bytes Received By Job
	Partitionable Resources :    Usage  Request Allocated 
	   Cpus                 :     0.99        4         4 
	   Disk (KB)            : 32838        7500     11053 
	   GPUs                 :                           0 
	   Memory (MB)          :    40       12000     12000 
	   TimeExecute (s)      :  5468                       
	   TimeSlotBusy (s)     :  5470                       

	Job terminated of its own accord at 2025-12-16T09:58:24Z with exit-code 0.
...
