000 (10613549.156.000) 12/16 14:40:44 Job submitted from host: <188.185.71.83:9618?addrs=188.185.71.83-9618+[2001-1458-d00-7--100-34d]-9618&alias=bigbird18.cern.ch&noUDP&sock=schedd_5052_d48c>
...
040 (10613549.156.000) 12/16 15:13:03 Started transferring input files
	Transferring to host: <188.185.213.62:9618?addrs=188.185.213.62-9618+[2001-1458-303-1a--100-3a]-9618&alias=b9p27p8631.cern.ch&noUDP&sock=slot1_19_5676_0160_93133>
...
001 (10613549.156.000) 12/16 15:13:03 Job executing on host: <188.185.213.62:9618?addrs=188.185.213.62-9618+[2001-1458-303-1a--100-3a]-9618&alias=b9p27p8631.cern.ch&noUDP&sock=startd_4897_835e>
	SlotName: slot1_19@b9p27p8631.cern.ch
	CondorScratchDir = "/pool/condor/dir_1627638"
	Cpus = 4
	Disk = 11087
	GPUs = 0
	Memory = 12000
...
040 (10613549.156.000) 12/16 15:13:03 Finished transferring input files
...
006 (10613549.156.000) 12/16 15:13:17 Image size of job updated: 40076
	40  -  MemoryUsage of job (MB)
	40076  -  ResidentSetSize of job (KB)
...
006 (10613549.156.000) 12/16 15:18:18 Image size of job updated: 40496
	40  -  MemoryUsage of job (MB)
	40076  -  ResidentSetSize of job (KB)
...
006 (10613549.156.000) 12/16 16:44:58 Image size of job updated: 121056
	40  -  MemoryUsage of job (MB)
	40076  -  ResidentSetSize of job (KB)
...
040 (10613549.156.000) 12/16 16:44:58 Started transferring output files
...
040 (10613549.156.000) 12/16 16:44:59 Finished transferring output files
...
005 (10613549.156.000) 12/16 16:44:59 Job terminated.
	(1) Normal termination (return value 0)
		Usr 0 01:30:18, Sys 0 00:00:12  -  Run Remote Usage
		Usr 0 00:00:00, Sys 0 00:00:00  -  Run Local Usage
		Usr 0 01:30:18, Sys 0 00:00:12  -  Total Remote Usage
		Usr 0 00:00:00, Sys 0 00:00:00  -  Total Local Usage
	0  -  Run Bytes Sent By Job
	7584148  -  Run Bytes Received By Job
	0  -  Total Bytes Sent By Job
	7584148  -  Total Bytes Received By Job
	Partitionable Resources :    Usage  Request Allocated 
	   Cpus                 :     0.99        4         4 
	   Disk (KB)            : 32942        7500     11087 
	   GPUs                 :                           0 
	   Memory (MB)          :    40       12000     12000 
	   TimeExecute (s)      :  5515                       
	   TimeSlotBusy (s)     :  5517                       

	Job terminated of its own accord at 2025-12-16T15:44:58Z with exit-code 0.
...
