000 (10613549.305.000) 12/16 14:40:44 Job submitted from host: <188.185.71.83:9618?addrs=188.185.71.83-9618+[2001-1458-d00-7--100-34d]-9618&alias=bigbird18.cern.ch&noUDP&sock=schedd_5052_d48c>
...
040 (10613549.305.000) 12/16 15:29:17 Started transferring input files
	Transferring to host: <188.185.211.94:9618?addrs=188.185.211.94-9618+[2001-1458-303-16--100-5a]-9618&alias=b9p23p1890.cern.ch&noUDP&sock=slot1_7_4571_6ed3_50810>
...
040 (10613549.305.000) 12/16 15:29:17 Finished transferring input files
...
001 (10613549.305.000) 12/16 15:29:17 Job executing on host: <188.185.211.94:9618?addrs=188.185.211.94-9618+[2001-1458-303-16--100-5a]-9618&alias=b9p23p1890.cern.ch&noUDP&sock=startd_3870_139a>
	SlotName: slot1_7@b9p23p1890.cern.ch
	CondorScratchDir = "/pool/condor/dir_399899"
	Cpus = 4
	Disk = 10975
	GPUs = 0
	Memory = 12000
...
006 (10613549.305.000) 12/16 15:29:31 Image size of job updated: 28624
	28  -  MemoryUsage of job (MB)
	28624  -  ResidentSetSize of job (KB)
...
006 (10613549.305.000) 12/16 15:34:32 Image size of job updated: 29048
	28  -  MemoryUsage of job (MB)
	28624  -  ResidentSetSize of job (KB)
...
006 (10613549.305.000) 12/16 16:57:14 Image size of job updated: 120460
	28  -  MemoryUsage of job (MB)
	28624  -  ResidentSetSize of job (KB)
...
040 (10613549.305.000) 12/16 16:57:14 Started transferring output files
...
040 (10613549.305.000) 12/16 16:57:14 Finished transferring output files
...
005 (10613549.305.000) 12/16 16:57:14 Job terminated.
	(1) Normal termination (return value 0)
		Usr 0 01:26:30, Sys 0 00:00:13  -  Run Remote Usage
		Usr 0 00:00:00, Sys 0 00:00:00  -  Run Local Usage
		Usr 0 01:26:30, Sys 0 00:00:13  -  Total Remote Usage
		Usr 0 00:00:00, Sys 0 00:00:00  -  Total Local Usage
	0  -  Run Bytes Sent By Job
	7584148  -  Run Bytes Received By Job
	0  -  Total Bytes Sent By Job
	7584148  -  Total Bytes Received By Job
	Partitionable Resources :    Usage  Request Allocated 
	   Cpus                 :     0.98        4         4 
	   Disk (KB)            : 32712        7500     10975 
	   GPUs                 :                           0 
	   Memory (MB)          :    28       12000     12000 
	   TimeExecute (s)      :  5277                       
	   TimeSlotBusy (s)     :  5278                       

	Job terminated of its own accord at 2025-12-16T15:57:14Z with exit-code 0.
...
