000 (10610888.308.000) 12/16 07:14:44 Job submitted from host: <188.185.71.83:9618?addrs=188.185.71.83-9618+[2001-1458-d00-7--100-34d]-9618&alias=bigbird18.cern.ch&noUDP&sock=schedd_5052_d48c>
...
040 (10610888.308.000) 12/16 09:16:05 Started transferring input files
	Transferring to host: <188.185.213.212:9618?addrs=188.185.213.212-9618+[2001-1458-303-1b--100-50]-9618&alias=b9p28p2314.cern.ch&noUDP&sock=slot1_27_3151_ea19_110998>
...
040 (10610888.308.000) 12/16 09:16:05 Finished transferring input files
...
001 (10610888.308.000) 12/16 09:16:05 Job executing on host: <188.185.213.212:9618?addrs=188.185.213.212-9618+[2001-1458-303-1b--100-50]-9618&alias=b9p28p2314.cern.ch&noUDP&sock=startd_2685_43e0>
	SlotName: slot1_27@b9p28p2314.cern.ch
	CondorScratchDir = "/pool/condor/dir_1580395"
	Cpus = 4
	Disk = 11382
	GPUs = 0
	Memory = 12000
...
006 (10610888.308.000) 12/16 09:16:19 Image size of job updated: 37508
	37  -  MemoryUsage of job (MB)
	37508  -  ResidentSetSize of job (KB)
...
006 (10610888.308.000) 12/16 09:21:20 Image size of job updated: 37928
	37  -  MemoryUsage of job (MB)
	37508  -  ResidentSetSize of job (KB)
...
040 (10610888.308.000) 12/16 10:31:49 Started transferring output files
...
040 (10610888.308.000) 12/16 10:31:49 Finished transferring output files
...
005 (10610888.308.000) 12/16 10:31:49 Job terminated.
	(1) Normal termination (return value 0)
		Usr 0 01:15:01, Sys 0 00:00:04  -  Run Remote Usage
		Usr 0 00:00:00, Sys 0 00:00:00  -  Run Local Usage
		Usr 0 01:15:01, Sys 0 00:00:04  -  Total Remote Usage
		Usr 0 00:00:00, Sys 0 00:00:00  -  Total Local Usage
	0  -  Run Bytes Sent By Job
	7584148  -  Run Bytes Received By Job
	0  -  Total Bytes Sent By Job
	7584148  -  Total Bytes Received By Job
	Partitionable Resources :    Usage  Request Allocated 
	   Cpus                 :     0.99        4         4 
	   Disk (KB)            : 33042        7500     11382 
	   GPUs                 :                           0 
	   Memory (MB)          :    37       12000     12000 
	   TimeExecute (s)      :  4543                       
	   TimeSlotBusy (s)     :  4544                       

	Job terminated of its own accord at 2025-12-16T09:31:48Z with exit-code 0.
...
