000 (10610889.311.000) 12/16 07:15:00 Job submitted from host: <188.185.71.83:9618?addrs=188.185.71.83-9618+[2001-1458-d00-7--100-34d]-9618&alias=bigbird18.cern.ch&noUDP&sock=schedd_5052_d48c>
...
040 (10610889.311.000) 12/16 13:32:08 Started transferring input files
	Transferring to host: <188.185.212.26:9618?addrs=188.185.212.26-9618+[2001-1458-303-18--100-16]-9618&alias=b9p25p8286.cern.ch&noUDP&sock=slot1_12_4893_4fa0_92341>
...
040 (10610889.311.000) 12/16 13:32:08 Finished transferring input files
...
001 (10610889.311.000) 12/16 13:32:08 Job executing on host: <188.185.212.26:9618?addrs=188.185.212.26-9618+[2001-1458-303-18--100-16]-9618&alias=b9p25p8286.cern.ch&noUDP&sock=startd_3965_3d1a>
	SlotName: slot1_12@b9p25p8286.cern.ch
	CondorScratchDir = "/pool/condor/dir_1948062"
	Cpus = 4
	Disk = 10933
	GPUs = 0
	Memory = 12000
...
006 (10610889.311.000) 12/16 13:32:22 Image size of job updated: 37516
	37  -  MemoryUsage of job (MB)
	37516  -  ResidentSetSize of job (KB)
...
006 (10610889.311.000) 12/16 13:37:23 Image size of job updated: 37936
	37  -  MemoryUsage of job (MB)
	37516  -  ResidentSetSize of job (KB)
...
006 (10610889.311.000) 12/16 15:05:00 Image size of job updated: 118460
	37  -  MemoryUsage of job (MB)
	37516  -  ResidentSetSize of job (KB)
...
040 (10610889.311.000) 12/16 15:05:01 Started transferring output files
...
040 (10610889.311.000) 12/16 15:05:02 Finished transferring output files
...
005 (10610889.311.000) 12/16 15:05:02 Job terminated.
	(1) Normal termination (return value 0)
		Usr 0 01:31:40, Sys 0 00:00:09  -  Run Remote Usage
		Usr 0 00:00:00, Sys 0 00:00:00  -  Run Local Usage
		Usr 0 01:31:40, Sys 0 00:00:09  -  Total Remote Usage
		Usr 0 00:00:00, Sys 0 00:00:00  -  Total Local Usage
	0  -  Run Bytes Sent By Job
	7584148  -  Run Bytes Received By Job
	0  -  Total Bytes Sent By Job
	7584148  -  Total Bytes Received By Job
	Partitionable Resources :    Usage  Request Allocated 
	   Cpus                 :     0.99        4         4 
	   Disk (KB)            : 32998        7500     10933 
	   GPUs                 :                           0 
	   Memory (MB)          :    37       12000     12000 
	   TimeExecute (s)      :  5572                       
	   TimeSlotBusy (s)     :  5575                       

	Job terminated of its own accord at 2025-12-16T14:05:00Z with exit-code 0.
...
