000 (10613549.579.000) 12/16 14:40:45 Job submitted from host: <188.185.71.83:9618?addrs=188.185.71.83-9618+[2001-1458-d00-7--100-34d]-9618&alias=bigbird18.cern.ch&noUDP&sock=schedd_5052_d48c>
...
040 (10613549.579.000) 12/16 15:30:47 Started transferring input files
	Transferring to host: <188.185.205.159:9618?addrs=188.185.205.159-9618+[2001-1458-303-a--100-1c]-9618&alias=b9p04p0179.cern.ch&noUDP&sock=slot1_12_4649_6416_85495>
...
040 (10613549.579.000) 12/16 15:30:47 Finished transferring input files
...
001 (10613549.579.000) 12/16 15:30:47 Job executing on host: <188.185.205.159:9618?addrs=188.185.205.159-9618+[2001-1458-303-a--100-1c]-9618&alias=b9p04p0179.cern.ch&noUDP&sock=startd_3959_1f88>
	SlotName: slot1_12@b9p04p0179.cern.ch
	CondorScratchDir = "/pool/condor/dir_638239"
	Cpus = 4
	Disk = 10862
	GPUs = 0
	Memory = 12000
...
006 (10613549.579.000) 12/16 15:31:01 Image size of job updated: 39644
	39  -  MemoryUsage of job (MB)
	39644  -  ResidentSetSize of job (KB)
...
006 (10613549.579.000) 12/16 15:36:02 Image size of job updated: 40024
	39  -  MemoryUsage of job (MB)
	39644  -  ResidentSetSize of job (KB)
...
040 (10613549.579.000) 12/16 16:53:08 Started transferring output files
...
040 (10613549.579.000) 12/16 16:53:08 Finished transferring output files
...
005 (10613549.579.000) 12/16 16:53:08 Job terminated.
	(1) Normal termination (return value 0)
		Usr 0 01:19:55, Sys 0 00:00:09  -  Run Remote Usage
		Usr 0 00:00:00, Sys 0 00:00:00  -  Run Local Usage
		Usr 0 01:19:55, Sys 0 00:00:09  -  Total Remote Usage
		Usr 0 00:00:00, Sys 0 00:00:00  -  Total Local Usage
	0  -  Run Bytes Sent By Job
	7584148  -  Run Bytes Received By Job
	0  -  Total Bytes Sent By Job
	7584148  -  Total Bytes Received By Job
	Partitionable Resources :    Usage  Request Allocated 
	   Cpus                 :     0.97        4         4 
	   Disk (KB)            : 33586        7500     10862 
	   GPUs                 :                           0 
	   Memory (MB)          :    39       12000     12000 
	   TimeExecute (s)      :  4940                       
	   TimeSlotBusy (s)     :  4941                       

	Job terminated of its own accord at 2025-12-16T15:53:07Z with exit-code 0.
...
