000 (10610888.934.000) 12/16 07:14:45 Job submitted from host: <188.185.71.83:9618?addrs=188.185.71.83-9618+[2001-1458-d00-7--100-34d]-9618&alias=bigbird18.cern.ch&noUDP&sock=schedd_5052_d48c>
...
040 (10610888.934.000) 12/16 09:59:12 Started transferring input files
	Transferring to host: <188.185.193.88:9618?addrs=188.185.193.88-9618+[2001-1458-303-20--100-54]-9618&alias=b9p19p1950.cern.ch&noUDP&sock=slot1_7_7151_46bc_80793>
...
040 (10610888.934.000) 12/16 09:59:12 Finished transferring input files
...
001 (10610888.934.000) 12/16 09:59:12 Job executing on host: <188.185.193.88:9618?addrs=188.185.193.88-9618+[2001-1458-303-20--100-54]-9618&alias=b9p19p1950.cern.ch&noUDP&sock=startd_5927_01ea>
	SlotName: slot1_7@b9p19p1950.cern.ch
	CondorScratchDir = "/pool/condor/dir_1155283"
	Cpus = 4
	Disk = 11194
	GPUs = 0
	Memory = 12000
...
006 (10610888.934.000) 12/16 09:59:26 Image size of job updated: 39596
	39  -  MemoryUsage of job (MB)
	39596  -  ResidentSetSize of job (KB)
...
006 (10610888.934.000) 12/16 10:04:27 Image size of job updated: 40016
	39  -  MemoryUsage of job (MB)
	39596  -  ResidentSetSize of job (KB)
...
006 (10610888.934.000) 12/16 11:42:31 Image size of job updated: 120552
	39  -  MemoryUsage of job (MB)
	39596  -  ResidentSetSize of job (KB)
...
040 (10610888.934.000) 12/16 11:42:32 Started transferring output files
...
040 (10610888.934.000) 12/16 11:42:32 Finished transferring output files
...
005 (10610888.934.000) 12/16 11:42:32 Job terminated.
	(1) Normal termination (return value 0)
		Usr 0 01:42:29, Sys 0 00:00:07  -  Run Remote Usage
		Usr 0 00:00:00, Sys 0 00:00:00  -  Run Local Usage
		Usr 0 01:42:29, Sys 0 00:00:07  -  Total Remote Usage
		Usr 0 00:00:00, Sys 0 00:00:00  -  Total Local Usage
	0  -  Run Bytes Sent By Job
	7584148  -  Run Bytes Received By Job
	0  -  Total Bytes Sent By Job
	7584148  -  Total Bytes Received By Job
	Partitionable Resources :    Usage  Request Allocated 
	   Cpus                 :     0.99        4         4 
	   Disk (KB)            : 32764        7500     11194 
	   GPUs                 :                           0 
	   Memory (MB)          :    39       12000     12000 
	   TimeExecute (s)      :  6199                       
	   TimeSlotBusy (s)     :  6200                       

	Job terminated of its own accord at 2025-12-16T10:42:31Z with exit-code 0.
...
