000 (10610889.951.000) 12/16 07:15:01 Job submitted from host: <188.185.71.83:9618?addrs=188.185.71.83-9618+[2001-1458-d00-7--100-34d]-9618&alias=bigbird18.cern.ch&noUDP&sock=schedd_5052_d48c>
...
040 (10610889.951.000) 12/16 14:27:07 Started transferring input files
	Transferring to host: <188.185.209.179:9618?addrs=188.185.209.179-9618+[2001-1458-303-12--100-30]-9618&alias=b9p12p8505.cern.ch&noUDP&sock=slot1_17_5918_842a_82740>
...
040 (10610889.951.000) 12/16 14:27:07 Finished transferring input files
...
001 (10610889.951.000) 12/16 14:27:07 Job executing on host: <188.185.209.179:9618?addrs=188.185.209.179-9618+[2001-1458-303-12--100-30]-9618&alias=b9p12p8505.cern.ch&noUDP&sock=startd_4923_58d4>
	SlotName: slot1_17@b9p12p8505.cern.ch
	CondorScratchDir = "/pool/condor/dir_95124"
	Cpus = 4
	Disk = 10947
	GPUs = 0
	Memory = 12000
...
006 (10610889.951.000) 12/16 14:27:21 Image size of job updated: 40124
	40  -  MemoryUsage of job (MB)
	40124  -  ResidentSetSize of job (KB)
...
040 (10610889.951.000) 12/16 16:03:59 Started transferring output files
...
040 (10610889.951.000) 12/16 16:03:59 Finished transferring output files
...
005 (10610889.951.000) 12/16 16:03:59 Job terminated.
	(1) Normal termination (return value 0)
		Usr 0 01:35:07, Sys 0 00:00:09  -  Run Remote Usage
		Usr 0 00:00:00, Sys 0 00:00:00  -  Run Local Usage
		Usr 0 01:35:07, Sys 0 00:00:09  -  Total Remote Usage
		Usr 0 00:00:00, Sys 0 00:00:00  -  Total Local Usage
	0  -  Run Bytes Sent By Job
	7584148  -  Run Bytes Received By Job
	0  -  Total Bytes Sent By Job
	7584148  -  Total Bytes Received By Job
	Partitionable Resources :    Usage  Request Allocated 
	   Cpus                 :     0.99        4         4 
	   Disk (KB)            : 33085        7500     10947 
	   GPUs                 :                           0 
	   Memory (MB)          :    40       12000     12000 
	   TimeExecute (s)      :  5811                       
	   TimeSlotBusy (s)     :  5813                       

	Job terminated of its own accord at 2025-12-16T15:03:58Z with exit-code 0.
...
