000 (10610888.144.000) 12/16 07:14:44 Job submitted from host: <188.185.71.83:9618?addrs=188.185.71.83-9618+[2001-1458-d00-7--100-34d]-9618&alias=bigbird18.cern.ch&noUDP&sock=schedd_5052_d48c>
...
040 (10610888.144.000) 12/16 08:53:43 Started transferring input files
	Transferring to host: <188.185.206.142:9618?addrs=188.185.206.142-9618+[2001-1458-303-c--100-b]-9618&alias=b9p06p3480.cern.ch&noUDP&sock=slot1_8_2828553_38a7_10603>
...
040 (10610888.144.000) 12/16 08:53:43 Finished transferring input files
...
001 (10610888.144.000) 12/16 08:53:43 Job executing on host: <188.185.206.142:9618?addrs=188.185.206.142-9618+[2001-1458-303-c--100-b]-9618&alias=b9p06p3480.cern.ch&noUDP&sock=startd_4411_2857>
	SlotName: slot1_8@b9p06p3480.cern.ch
	CondorScratchDir = "/pool/condor/dir_3082258"
	Cpus = 4
	Disk = 10787
	GPUs = 0
	Memory = 12000
...
006 (10610888.144.000) 12/16 08:53:57 Image size of job updated: 42700
	42  -  MemoryUsage of job (MB)
	42700  -  ResidentSetSize of job (KB)
...
006 (10610888.144.000) 12/16 08:58:58 Image size of job updated: 42764
	42  -  MemoryUsage of job (MB)
	42700  -  ResidentSetSize of job (KB)
...
040 (10610888.144.000) 12/16 10:17:48 Started transferring output files
...
040 (10610888.144.000) 12/16 10:17:48 Finished transferring output files
...
005 (10610888.144.000) 12/16 10:17:49 Job terminated.
	(1) Normal termination (return value 0)
		Usr 0 01:22:50, Sys 0 00:00:07  -  Run Remote Usage
		Usr 0 00:00:00, Sys 0 00:00:00  -  Run Local Usage
		Usr 0 01:22:50, Sys 0 00:00:07  -  Total Remote Usage
		Usr 0 00:00:00, Sys 0 00:00:00  -  Total Local Usage
	0  -  Run Bytes Sent By Job
	7584148  -  Run Bytes Received By Job
	0  -  Total Bytes Sent By Job
	7584148  -  Total Bytes Received By Job
	Partitionable Resources :    Usage  Request Allocated 
	   Cpus                 :     0.98        4         4 
	   Disk (KB)            : 32544        7500     10787 
	   GPUs                 :                           0 
	   Memory (MB)          :    42       12000     12000 
	   TimeExecute (s)      :  5045                       
	   TimeSlotBusy (s)     :  5046                       

	Job terminated of its own accord at 2025-12-16T09:17:48Z with exit-code 0.
...
