000 (10613549.720.000) 12/16 14:40:45 Job submitted from host: <188.185.71.83:9618?addrs=188.185.71.83-9618+[2001-1458-d00-7--100-34d]-9618&alias=bigbird18.cern.ch&noUDP&sock=schedd_5052_d48c>
...
040 (10613549.720.000) 12/16 15:31:35 Started transferring input files
	Transferring to host: <128.142.33.213:9618?addrs=128.142.33.213-9618+[2001-1458-301-39--100-12]-9618&alias=b9g24p3253.cern.ch&noUDP&sock=slot1_15_8671_40fa_93725>
...
040 (10613549.720.000) 12/16 15:31:35 Finished transferring input files
...
001 (10613549.720.000) 12/16 15:31:35 Job executing on host: <128.142.33.213:9618?addrs=128.142.33.213-9618+[2001-1458-301-39--100-12]-9618&alias=b9g24p3253.cern.ch&noUDP&sock=startd_7682_caa0>
	SlotName: slot1_15@b9g24p3253.cern.ch
	CondorScratchDir = "/pool/condor/dir_3357615"
	Cpus = 4
	Disk = 10952
	GPUs = 0
	Memory = 12000
...
006 (10613549.720.000) 12/16 15:31:49 Image size of job updated: 37476
	37  -  MemoryUsage of job (MB)
	37476  -  ResidentSetSize of job (KB)
...
006 (10613549.720.000) 12/16 15:36:50 Image size of job updated: 37896
	37  -  MemoryUsage of job (MB)
	37476  -  ResidentSetSize of job (KB)
...
006 (10613549.720.000) 12/16 17:10:45 Image size of job updated: 118424
	37  -  MemoryUsage of job (MB)
	37476  -  ResidentSetSize of job (KB)
...
040 (10613549.720.000) 12/16 17:10:46 Started transferring output files
...
040 (10613549.720.000) 12/16 17:10:46 Finished transferring output files
...
005 (10613549.720.000) 12/16 17:10:46 Job terminated.
	(1) Normal termination (return value 0)
		Usr 0 01:37:49, Sys 0 00:00:10  -  Run Remote Usage
		Usr 0 00:00:00, Sys 0 00:00:00  -  Run Local Usage
		Usr 0 01:37:49, Sys 0 00:00:10  -  Total Remote Usage
		Usr 0 00:00:00, Sys 0 00:00:00  -  Total Local Usage
	0  -  Run Bytes Sent By Job
	7584148  -  Run Bytes Received By Job
	0  -  Total Bytes Sent By Job
	7584148  -  Total Bytes Received By Job
	Partitionable Resources :    Usage  Request Allocated 
	   Cpus                 :     0.99        4         4 
	   Disk (KB)            : 33748        7500     10952 
	   GPUs                 :                           0 
	   Memory (MB)          :    37       12000     12000 
	   TimeExecute (s)      :  5950                       
	   TimeSlotBusy (s)     :  5951                       

	Job terminated of its own accord at 2025-12-16T16:10:45Z with exit-code 0.
...
