000 (10613549.690.000) 12/16 14:40:45 Job submitted from host: <188.185.71.83:9618?addrs=188.185.71.83-9618+[2001-1458-d00-7--100-34d]-9618&alias=bigbird18.cern.ch&noUDP&sock=schedd_5052_d48c>
...
040 (10613549.690.000) 12/16 15:31:25 Started transferring input files
	Transferring to host: <188.185.211.102:9618?addrs=188.185.211.102-9618+[2001-1458-303-16--100-62]-9618&alias=b9p23p8574.cern.ch&noUDP&sock=slot1_13_191958_86b7_11462>
...
040 (10613549.690.000) 12/16 15:31:25 Finished transferring input files
...
001 (10613549.690.000) 12/16 15:31:25 Job executing on host: <188.185.211.102:9618?addrs=188.185.211.102-9618+[2001-1458-303-16--100-62]-9618&alias=b9p23p8574.cern.ch&noUDP&sock=startd_191471_c233>
	SlotName: slot1_13@b9p23p8574.cern.ch
	CondorScratchDir = "/pool/condor/dir_2624552"
	Cpus = 4
	Disk = 10942
	GPUs = 0
	Memory = 12000
...
006 (10613549.690.000) 12/16 15:31:39 Image size of job updated: 37516
	37  -  MemoryUsage of job (MB)
	37516  -  ResidentSetSize of job (KB)
...
006 (10613549.690.000) 12/16 15:36:40 Image size of job updated: 37936
	37  -  MemoryUsage of job (MB)
	37516  -  ResidentSetSize of job (KB)
...
006 (10613549.690.000) 12/16 17:39:15 Image size of job updated: 118468
	37  -  MemoryUsage of job (MB)
	37516  -  ResidentSetSize of job (KB)
...
040 (10613549.690.000) 12/16 17:39:16 Started transferring output files
...
040 (10613549.690.000) 12/16 17:39:16 Finished transferring output files
...
005 (10613549.690.000) 12/16 17:39:16 Job terminated.
	(1) Normal termination (return value 0)
		Usr 0 02:05:03, Sys 0 00:00:10  -  Run Remote Usage
		Usr 0 00:00:00, Sys 0 00:00:00  -  Run Local Usage
		Usr 0 02:05:03, Sys 0 00:00:10  -  Total Remote Usage
		Usr 0 00:00:00, Sys 0 00:00:00  -  Total Local Usage
	0  -  Run Bytes Sent By Job
	7584148  -  Run Bytes Received By Job
	0  -  Total Bytes Sent By Job
	7584148  -  Total Bytes Received By Job
	Partitionable Resources :    Usage  Request Allocated 
	   Cpus                 :     0.96        4         4 
	   Disk (KB)            : 33305        7500     10942 
	   GPUs                 :                           0 
	   Memory (MB)          :    37       12000     12000 
	   TimeExecute (s)      :  7670                       
	   TimeSlotBusy (s)     :  7671                       

	Job terminated of its own accord at 2025-12-16T16:39:15Z with exit-code 0.
...
