000 (10613550.354.000) 12/16 14:40:59 Job submitted from host: <188.185.71.83:9618?addrs=188.185.71.83-9618+[2001-1458-d00-7--100-34d]-9618&alias=bigbird18.cern.ch&noUDP&sock=schedd_5052_d48c>
...
040 (10613550.354.000) 12/16 15:57:14 Started transferring input files
	Transferring to host: <188.185.209.62:9618?addrs=188.185.209.62-9618+[2001-1458-303-11--100-3b]-9618&alias=b9p11p6954.cern.ch&noUDP&sock=slot1_13_10260_d91a_80014>
...
040 (10613550.354.000) 12/16 15:57:14 Finished transferring input files
...
001 (10613550.354.000) 12/16 15:57:14 Job executing on host: <188.185.209.62:9618?addrs=188.185.209.62-9618+[2001-1458-303-11--100-3b]-9618&alias=b9p11p6954.cern.ch&noUDP&sock=startd_8976_5e2d>
	SlotName: slot1_13@b9p11p6954.cern.ch
	CondorScratchDir = "/pool/condor/dir_46686"
	Cpus = 4
	Disk = 10922
	GPUs = 0
	Memory = 12000
...
006 (10613550.354.000) 12/16 15:57:28 Image size of job updated: 42124
	42  -  MemoryUsage of job (MB)
	42124  -  ResidentSetSize of job (KB)
...
006 (10613550.354.000) 12/16 16:02:28 Image size of job updated: 42156
	42  -  MemoryUsage of job (MB)
	42124  -  ResidentSetSize of job (KB)
...
006 (10613550.354.000) 12/16 17:31:47 Image size of job updated: 122832
	42  -  MemoryUsage of job (MB)
	42124  -  ResidentSetSize of job (KB)
...
040 (10613550.354.000) 12/16 17:31:48 Started transferring output files
...
040 (10613550.354.000) 12/16 17:31:48 Finished transferring output files
...
005 (10613550.354.000) 12/16 17:31:48 Job terminated.
	(1) Normal termination (return value 0)
		Usr 0 01:33:04, Sys 0 00:00:08  -  Run Remote Usage
		Usr 0 00:00:00, Sys 0 00:00:00  -  Run Local Usage
		Usr 0 01:33:04, Sys 0 00:00:08  -  Total Remote Usage
		Usr 0 00:00:00, Sys 0 00:00:00  -  Total Local Usage
	0  -  Run Bytes Sent By Job
	7584148  -  Run Bytes Received By Job
	0  -  Total Bytes Sent By Job
	7584148  -  Total Bytes Received By Job
	Partitionable Resources :    Usage  Request Allocated 
	   Cpus                 :     0.98        4         4 
	   Disk (KB)            : 32491        7500     10922 
	   GPUs                 :                           0 
	   Memory (MB)          :    42       12000     12000 
	   TimeExecute (s)      :  5673                       
	   TimeSlotBusy (s)     :  5674                       

	Job terminated of its own accord at 2025-12-16T16:31:47Z with exit-code 0.
...
