000 (10613550.755.000) 12/16 14:41:00 Job submitted from host: <188.185.71.83:9618?addrs=188.185.71.83-9618+[2001-1458-d00-7--100-34d]-9618&alias=bigbird18.cern.ch&noUDP&sock=schedd_5052_d48c>
...
040 (10613550.755.000) 12/16 16:49:33 Started transferring input files
	Transferring to host: <188.185.213.49:9618?addrs=188.185.213.49-9618+[2001-1458-303-1a--100-2d]-9618&alias=b9p27p3241.cern.ch&noUDP&sock=slot1_2_132481_9964_13292>
...
040 (10613550.755.000) 12/16 16:49:33 Finished transferring input files
...
001 (10613550.755.000) 12/16 16:49:33 Job executing on host: <188.185.213.49:9618?addrs=188.185.213.49-9618+[2001-1458-303-1a--100-2d]-9618&alias=b9p27p3241.cern.ch&noUDP&sock=startd_6406_8fc8>
	SlotName: slot1_2@b9p27p3241.cern.ch
	CondorScratchDir = "/pool/condor/dir_488646"
	Cpus = 4
	Disk = 11044
	GPUs = 0
	Memory = 12000
...
006 (10613550.755.000) 12/16 16:49:47 Image size of job updated: 38004
	38  -  MemoryUsage of job (MB)
	38004  -  ResidentSetSize of job (KB)
...
006 (10613550.755.000) 12/16 16:54:48 Image size of job updated: 38096
	38  -  MemoryUsage of job (MB)
	38004  -  ResidentSetSize of job (KB)
...
040 (10613550.755.000) 12/16 18:07:57 Started transferring output files
...
040 (10613550.755.000) 12/16 18:07:57 Finished transferring output files
...
005 (10613550.755.000) 12/16 18:07:57 Job terminated.
	(1) Normal termination (return value 0)
		Usr 0 01:17:26, Sys 0 00:00:07  -  Run Remote Usage
		Usr 0 00:00:00, Sys 0 00:00:00  -  Run Local Usage
		Usr 0 01:17:26, Sys 0 00:00:07  -  Total Remote Usage
		Usr 0 00:00:00, Sys 0 00:00:00  -  Total Local Usage
	0  -  Run Bytes Sent By Job
	7584148  -  Run Bytes Received By Job
	0  -  Total Bytes Sent By Job
	7584148  -  Total Bytes Received By Job
	Partitionable Resources :    Usage  Request Allocated 
	   Cpus                 :     0.99        4         4 
	   Disk (KB)            : 32688        7500     11044 
	   GPUs                 :                           0 
	   Memory (MB)          :    38       12000     12000 
	   TimeExecute (s)      :  4703                       
	   TimeSlotBusy (s)     :  4704                       

	Job terminated of its own accord at 2025-12-16T17:07:56Z with exit-code 0.
...
