000 (10613550.124.000) 12/16 14:40:59 Job submitted from host: <188.185.71.83:9618?addrs=188.185.71.83-9618+[2001-1458-d00-7--100-34d]-9618&alias=bigbird18.cern.ch&noUDP&sock=schedd_5052_d48c>
...
040 (10613550.124.000) 12/16 15:38:43 Started transferring input files
	Transferring to host: <188.185.210.96:9618?addrs=188.185.210.96-9618+[2001-1458-303-1--100-5c]-9618&alias=b9p21p4456.cern.ch&noUDP&sock=slot1_26_5937_e74b_91541>
...
040 (10613550.124.000) 12/16 15:38:43 Finished transferring input files
...
001 (10613550.124.000) 12/16 15:38:43 Job executing on host: <188.185.210.96:9618?addrs=188.185.210.96-9618+[2001-1458-303-1--100-5c]-9618&alias=b9p21p4456.cern.ch&noUDP&sock=startd_5095_531f>
	SlotName: slot1_26@b9p21p4456.cern.ch
	CondorScratchDir = "/pool/condor/dir_413707"
	Cpus = 4
	Disk = 10857
	GPUs = 0
	Memory = 12000
...
006 (10613550.124.000) 12/16 15:38:56 Image size of job updated: 38032
	38  -  MemoryUsage of job (MB)
	38032  -  ResidentSetSize of job (KB)
...
006 (10613550.124.000) 12/16 15:43:56 Image size of job updated: 38452
	38  -  MemoryUsage of job (MB)
	38032  -  ResidentSetSize of job (KB)
...
006 (10613550.124.000) 12/16 16:44:03 Image size of job updated: 46948
	46  -  MemoryUsage of job (MB)
	46948  -  ResidentSetSize of job (KB)
...
040 (10613550.124.000) 12/16 16:59:37 Started transferring output files
...
040 (10613550.124.000) 12/16 16:59:38 Finished transferring output files
...
005 (10613550.124.000) 12/16 16:59:38 Job terminated.
	(1) Normal termination (return value 0)
		Usr 0 01:19:46, Sys 0 00:00:07  -  Run Remote Usage
		Usr 0 00:00:00, Sys 0 00:00:00  -  Run Local Usage
		Usr 0 01:19:46, Sys 0 00:00:07  -  Total Remote Usage
		Usr 0 00:00:00, Sys 0 00:00:00  -  Total Local Usage
	0  -  Run Bytes Sent By Job
	7584148  -  Run Bytes Received By Job
	0  -  Total Bytes Sent By Job
	7584148  -  Total Bytes Received By Job
	Partitionable Resources :    Usage  Request Allocated 
	   Cpus                 :     0.99        4         4 
	   Disk (KB)            : 32781        7500     10857 
	   GPUs                 :                           0 
	   Memory (MB)          :    46       12000     12000 
	   TimeExecute (s)      :  4854                       
	   TimeSlotBusy (s)     :  4856                       

	Job terminated of its own accord at 2025-12-16T15:59:37Z with exit-code 0.
...
