000 (10613549.206.000) 12/16 14:40:44 Job submitted from host: <188.185.71.83:9618?addrs=188.185.71.83-9618+[2001-1458-d00-7--100-34d]-9618&alias=bigbird18.cern.ch&noUDP&sock=schedd_5052_d48c>
...
040 (10613549.206.000) 12/16 15:25:10 Started transferring input files
	Transferring to host: <188.185.215.198:9618?addrs=188.185.215.198-9618+[2001-1458-303-26--100-42]-9618&alias=b9p18p0908.cern.ch&noUDP&sock=slot1_7_3311_a620_95949>
...
040 (10613549.206.000) 12/16 15:25:10 Finished transferring input files
...
001 (10613549.206.000) 12/16 15:25:10 Job executing on host: <188.185.215.198:9618?addrs=188.185.215.198-9618+[2001-1458-303-26--100-42]-9618&alias=b9p18p0908.cern.ch&noUDP&sock=startd_2798_c614>
	SlotName: slot1_7@b9p18p0908.cern.ch
	CondorScratchDir = "/pool/condor/dir_1732059"
	Cpus = 4
	Disk = 11348
	GPUs = 0
	Memory = 12000
...
006 (10613549.206.000) 12/16 15:25:24 Image size of job updated: 26524
	26  -  MemoryUsage of job (MB)
	26524  -  ResidentSetSize of job (KB)
...
006 (10613549.206.000) 12/16 15:30:25 Image size of job updated: 26616
	26  -  MemoryUsage of job (MB)
	26524  -  ResidentSetSize of job (KB)
...
006 (10613549.206.000) 12/16 17:09:33 Image size of job updated: 30820
	26  -  MemoryUsage of job (MB)
	26524  -  ResidentSetSize of job (KB)
...
040 (10613549.206.000) 12/16 17:09:34 Started transferring output files
...
040 (10613549.206.000) 12/16 17:09:34 Finished transferring output files
...
005 (10613549.206.000) 12/16 17:09:34 Job terminated.
	(1) Normal termination (return value 0)
		Usr 0 01:42:09, Sys 0 00:00:18  -  Run Remote Usage
		Usr 0 00:00:00, Sys 0 00:00:00  -  Run Local Usage
		Usr 0 01:42:09, Sys 0 00:00:18  -  Total Remote Usage
		Usr 0 00:00:00, Sys 0 00:00:00  -  Total Local Usage
	0  -  Run Bytes Sent By Job
	7584148  -  Run Bytes Received By Job
	0  -  Total Bytes Sent By Job
	7584148  -  Total Bytes Received By Job
	Partitionable Resources :    Usage  Request Allocated 
	   Cpus                 :     0.98        4         4 
	   Disk (KB)            : 32878        7500     11348 
	   GPUs                 :                           0 
	   Memory (MB)          :    26       12000     12000 
	   TimeExecute (s)      :  6263                       
	   TimeSlotBusy (s)     :  6264                       

	Job terminated of its own accord at 2025-12-16T16:09:33Z with exit-code 0.
...
