000 (10613550.425.000) 12/16 14:40:59 Job submitted from host: <188.185.71.83:9618?addrs=188.185.71.83-9618+[2001-1458-d00-7--100-34d]-9618&alias=bigbird18.cern.ch&noUDP&sock=schedd_5052_d48c>
...
040 (10613550.425.000) 12/16 16:03:26 Started transferring input files
	Transferring to host: <188.185.212.142:9618?addrs=188.185.212.142-9618+[2001-1458-303-19--100-a]-9618&alias=b9p26p6648.cern.ch&noUDP&sock=slot1_9_4637_ef96_93240>
...
040 (10613550.425.000) 12/16 16:03:26 Finished transferring input files
...
001 (10613550.425.000) 12/16 16:03:26 Job executing on host: <188.185.212.142:9618?addrs=188.185.212.142-9618+[2001-1458-303-19--100-a]-9618&alias=b9p26p6648.cern.ch&noUDP&sock=startd_3879_3ff5>
	SlotName: slot1_9@b9p26p6648.cern.ch
	CondorScratchDir = "/pool/condor/dir_404701"
	Cpus = 4
	Disk = 11166
	GPUs = 0
	Memory = 12000
...
006 (10613550.425.000) 12/16 16:03:40 Image size of job updated: 37524
	37  -  MemoryUsage of job (MB)
	37524  -  ResidentSetSize of job (KB)
...
006 (10613550.425.000) 12/16 16:08:41 Image size of job updated: 37944
	37  -  MemoryUsage of job (MB)
	37524  -  ResidentSetSize of job (KB)
...
006 (10613550.425.000) 12/16 17:39:00 Image size of job updated: 118480
	37  -  MemoryUsage of job (MB)
	37524  -  ResidentSetSize of job (KB)
...
040 (10613550.425.000) 12/16 17:39:01 Started transferring output files
...
040 (10613550.425.000) 12/16 17:39:01 Finished transferring output files
...
005 (10613550.425.000) 12/16 17:39:01 Job terminated.
	(1) Normal termination (return value 0)
		Usr 0 01:34:14, Sys 0 00:00:08  -  Run Remote Usage
		Usr 0 00:00:00, Sys 0 00:00:00  -  Run Local Usage
		Usr 0 01:34:14, Sys 0 00:00:08  -  Total Remote Usage
		Usr 0 00:00:00, Sys 0 00:00:00  -  Total Local Usage
	0  -  Run Bytes Sent By Job
	7584148  -  Run Bytes Received By Job
	0  -  Total Bytes Sent By Job
	7584148  -  Total Bytes Received By Job
	Partitionable Resources :    Usage  Request Allocated 
	   Cpus                 :     0.99        4         4 
	   Disk (KB)            : 32406        7500     11166 
	   GPUs                 :                           0 
	   Memory (MB)          :    37       12000     12000 
	   TimeExecute (s)      :  5734                       
	   TimeSlotBusy (s)     :  5735                       

	Job terminated of its own accord at 2025-12-16T16:39:00Z with exit-code 0.
...
