000 (10610887.937.000) 12/16 07:14:32 Job submitted from host: <188.185.71.83:9618?addrs=188.185.71.83-9618+[2001-1458-d00-7--100-34d]-9618&alias=bigbird18.cern.ch&noUDP&sock=schedd_5052_d48c>
...
040 (10610887.937.000) 12/16 08:00:06 Started transferring input files
	Transferring to host: <188.185.211.42:9618?addrs=188.185.211.42-9618+[2001-1458-303-16--100-26]-9618&alias=b9p23p7005.cern.ch&noUDP&sock=slot1_8_8153_46a5_92669>
...
040 (10610887.937.000) 12/16 08:00:06 Finished transferring input files
...
001 (10610887.937.000) 12/16 08:00:06 Job executing on host: <188.185.211.42:9618?addrs=188.185.211.42-9618+[2001-1458-303-16--100-26]-9618&alias=b9p23p7005.cern.ch&noUDP&sock=startd_7207_fb24>
	SlotName: slot1_8@b9p23p7005.cern.ch
	CondorScratchDir = "/pool/condor/dir_2609264"
	Cpus = 4
	Disk = 10962
	GPUs = 0
	Memory = 12000
...
006 (10610887.937.000) 12/16 08:00:20 Image size of job updated: 40064
	40  -  MemoryUsage of job (MB)
	40064  -  ResidentSetSize of job (KB)
...
006 (10610887.937.000) 12/16 09:57:31 Image size of job updated: 121016
	40  -  MemoryUsage of job (MB)
	40064  -  ResidentSetSize of job (KB)
...
040 (10610887.937.000) 12/16 09:57:32 Started transferring output files
...
040 (10610887.937.000) 12/16 09:57:32 Finished transferring output files
...
005 (10610887.937.000) 12/16 09:57:32 Job terminated.
	(1) Normal termination (return value 0)
		Usr 0 01:53:25, Sys 0 00:00:13  -  Run Remote Usage
		Usr 0 00:00:00, Sys 0 00:00:00  -  Run Local Usage
		Usr 0 01:53:25, Sys 0 00:00:13  -  Total Remote Usage
		Usr 0 00:00:00, Sys 0 00:00:00  -  Total Local Usage
	0  -  Run Bytes Sent By Job
	7584148  -  Run Bytes Received By Job
	0  -  Total Bytes Sent By Job
	7584148  -  Total Bytes Received By Job
	Partitionable Resources :    Usage  Request Allocated 
	   Cpus                 :     0.99        4         4 
	   Disk (KB)            : 32601        7500     10962 
	   GPUs                 :                           0 
	   Memory (MB)          :    40       12000     12000 
	   TimeExecute (s)      :  7045                       
	   TimeSlotBusy (s)     :  7046                       

	Job terminated of its own accord at 2025-12-16T08:57:31Z with exit-code 0.
...
