000 (10610887.204.000) 12/16 07:14:31 Job submitted from host: <188.185.71.83:9618?addrs=188.185.71.83-9618+[2001-1458-d00-7--100-34d]-9618&alias=bigbird18.cern.ch&noUDP&sock=schedd_5052_d48c>
...
040 (10610887.204.000) 12/16 07:44:57 Started transferring input files
	Transferring to host: <188.185.206.147:9618?addrs=188.185.206.147-9618+[2001-1458-303-c--100-10]-9618&alias=b9p06p5677.cern.ch&noUDP&sock=slot1_14_4070_6edf_87547>
...
040 (10610887.204.000) 12/16 07:44:57 Finished transferring input files
...
001 (10610887.204.000) 12/16 07:44:57 Job executing on host: <188.185.206.147:9618?addrs=188.185.206.147-9618+[2001-1458-303-c--100-10]-9618&alias=b9p06p5677.cern.ch&noUDP&sock=startd_3612_1c2b>
	SlotName: slot1_14@b9p06p5677.cern.ch
	CondorScratchDir = "/pool/condor/dir_2019848"
	Cpus = 4
	Disk = 10863
	GPUs = 0
	Memory = 12000
...
006 (10610887.204.000) 12/16 07:45:11 Image size of job updated: 37784
	37  -  MemoryUsage of job (MB)
	37784  -  ResidentSetSize of job (KB)
...
006 (10610887.204.000) 12/16 07:50:12 Image size of job updated: 38188
	37  -  MemoryUsage of job (MB)
	37784  -  ResidentSetSize of job (KB)
...
006 (10610887.204.000) 12/16 09:25:37 Image size of job updated: 118788
	37  -  MemoryUsage of job (MB)
	37784  -  ResidentSetSize of job (KB)
...
040 (10610887.204.000) 12/16 09:25:38 Started transferring output files
...
040 (10610887.204.000) 12/16 09:25:38 Finished transferring output files
...
005 (10610887.204.000) 12/16 09:25:38 Job terminated.
	(1) Normal termination (return value 0)
		Usr 0 01:38:45, Sys 0 00:00:09  -  Run Remote Usage
		Usr 0 00:00:00, Sys 0 00:00:00  -  Run Local Usage
		Usr 0 01:38:45, Sys 0 00:00:09  -  Total Remote Usage
		Usr 0 00:00:00, Sys 0 00:00:00  -  Total Local Usage
	0  -  Run Bytes Sent By Job
	7584148  -  Run Bytes Received By Job
	0  -  Total Bytes Sent By Job
	7584148  -  Total Bytes Received By Job
	Partitionable Resources :    Usage  Request Allocated 
	   Cpus                 :     0.99        4         4 
	   Disk (KB)            : 32871        7500     10863 
	   GPUs                 :                           0 
	   Memory (MB)          :    37       12000     12000 
	   TimeExecute (s)      :  6040                       
	   TimeSlotBusy (s)     :  6042                       

	Job terminated of its own accord at 2025-12-16T08:25:37Z with exit-code 0.
...
