000 (10613549.784.000) 12/16 14:40:45 Job submitted from host: <188.185.71.83:9618?addrs=188.185.71.83-9618+[2001-1458-d00-7--100-34d]-9618&alias=bigbird18.cern.ch&noUDP&sock=schedd_5052_d48c>
...
040 (10613549.784.000) 12/16 15:34:05 Started transferring input files
	Transferring to host: <128.142.137.202:9618?addrs=128.142.137.202-9618+[2001-1458-301-5e--100-be]-9618&alias=b9g19p5651.cern.ch&noUDP&sock=slot1_2_2844_9aed_87396>
...
040 (10613549.784.000) 12/16 15:34:05 Finished transferring input files
...
001 (10613549.784.000) 12/16 15:34:05 Job executing on host: <128.142.137.202:9618?addrs=128.142.137.202-9618+[2001-1458-301-5e--100-be]-9618&alias=b9g19p5651.cern.ch&noUDP&sock=startd_2467_bc3b>
	SlotName: slot1_2@b9g19p5651.cern.ch
	CondorScratchDir = "/pool/condor/dir_1533252"
	Cpus = 4
	Disk = 9866
	GPUs = 0
	Memory = 12000
...
006 (10613549.784.000) 12/16 15:34:19 Image size of job updated: 43512
	43  -  MemoryUsage of job (MB)
	43512  -  ResidentSetSize of job (KB)
...
006 (10613549.784.000) 12/16 15:39:20 Image size of job updated: 43840
	43  -  MemoryUsage of job (MB)
	43512  -  ResidentSetSize of job (KB)
...
040 (10613549.784.000) 12/16 17:15:46 Started transferring output files
...
040 (10613549.784.000) 12/16 17:15:48 Finished transferring output files
...
005 (10613549.784.000) 12/16 17:15:48 Job terminated.
	(1) Normal termination (return value 0)
		Usr 0 01:40:18, Sys 0 00:00:14  -  Run Remote Usage
		Usr 0 00:00:00, Sys 0 00:00:00  -  Run Local Usage
		Usr 0 01:40:18, Sys 0 00:00:14  -  Total Remote Usage
		Usr 0 00:00:00, Sys 0 00:00:00  -  Total Local Usage
	0  -  Run Bytes Sent By Job
	7584148  -  Run Bytes Received By Job
	0  -  Total Bytes Sent By Job
	7584148  -  Total Bytes Received By Job
	Partitionable Resources :    Usage  Request Allocated 
	   Cpus                 :     0.99        4         4 
	   Disk (KB)            : 32295        7500      9866 
	   GPUs                 :                           0 
	   Memory (MB)          :    43       12000     12000 
	   TimeExecute (s)      :  6101                       
	   TimeSlotBusy (s)     :  6104                       

	Job terminated of its own accord at 2025-12-16T16:15:46Z with exit-code 0.
...
