000 (10610887.858.000) 12/16 07:14:32 Job submitted from host: <188.185.71.83:9618?addrs=188.185.71.83-9618+[2001-1458-d00-7--100-34d]-9618&alias=bigbird18.cern.ch&noUDP&sock=schedd_5052_d48c>
...
040 (10610887.858.000) 12/16 07:59:42 Started transferring input files
	Transferring to host: <188.185.215.94:9618?addrs=188.185.215.94-9618+[2001-1458-303-1e--100-5a]-9618&alias=b9p31p9539.cern.ch&noUDP&sock=slot1_10_2831013_838b_12167>
...
040 (10610887.858.000) 12/16 07:59:42 Finished transferring input files
...
001 (10610887.858.000) 12/16 07:59:42 Job executing on host: <188.185.215.94:9618?addrs=188.185.215.94-9618+[2001-1458-303-1e--100-5a]-9618&alias=b9p31p9539.cern.ch&noUDP&sock=startd_2830750_a075>
	SlotName: slot1_10@b9p31p9539.cern.ch
	CondorScratchDir = "/pool/condor/dir_3986200"
	Cpus = 4
	Disk = 11021
	GPUs = 0
	Memory = 12000
...
006 (10610887.858.000) 12/16 07:59:58 Image size of job updated: 25240
	15  -  MemoryUsage of job (MB)
	15100  -  ResidentSetSize of job (KB)
...
006 (10610887.858.000) 12/16 08:04:58 Image size of job updated: 37860
	36  -  MemoryUsage of job (MB)
	36428  -  ResidentSetSize of job (KB)
...
006 (10610887.858.000) 12/16 08:09:59 Image size of job updated: 37860
	36  -  MemoryUsage of job (MB)
	36572  -  ResidentSetSize of job (KB)
...
006 (10610887.858.000) 12/16 09:00:05 Image size of job updated: 37860
	36  -  MemoryUsage of job (MB)
	36680  -  ResidentSetSize of job (KB)
...
006 (10610887.858.000) 12/16 09:54:41 Image size of job updated: 118464
	36  -  MemoryUsage of job (MB)
	36680  -  ResidentSetSize of job (KB)
...
040 (10610887.858.000) 12/16 09:54:42 Started transferring output files
...
040 (10610887.858.000) 12/16 09:54:43 Finished transferring output files
...
005 (10610887.858.000) 12/16 09:54:43 Job terminated.
	(1) Normal termination (return value 0)
		Usr 0 01:50:46, Sys 0 00:00:15  -  Run Remote Usage
		Usr 0 00:00:00, Sys 0 00:00:00  -  Run Local Usage
		Usr 0 01:50:46, Sys 0 00:00:15  -  Total Remote Usage
		Usr 0 00:00:00, Sys 0 00:00:00  -  Total Local Usage
	0  -  Run Bytes Sent By Job
	7584148  -  Run Bytes Received By Job
	0  -  Total Bytes Sent By Job
	7584148  -  Total Bytes Received By Job
	Partitionable Resources :    Usage  Request Allocated 
	   Cpus                 :     0.97        4         4 
	   Disk (KB)            : 33491        7500     11021 
	   GPUs                 :                           0 
	   Memory (MB)          :    36       12000     12000 
	   TimeExecute (s)      :  6899                       
	   TimeSlotBusy (s)     :  6902                       

	Job terminated of its own accord at 2025-12-16T08:54:41Z with exit-code 0.
...
