000 (10613549.256.000) 12/16 14:40:44 Job submitted from host: <188.185.71.83:9618?addrs=188.185.71.83-9618+[2001-1458-d00-7--100-34d]-9618&alias=bigbird18.cern.ch&noUDP&sock=schedd_5052_d48c>
...
040 (10613549.256.000) 12/16 15:29:00 Started transferring input files
	Transferring to host: <188.185.213.223:9618?addrs=188.185.213.223-9618+[2001-1458-303-1b--100-5b]-9618&alias=b9p28p1071.cern.ch&noUDP&sock=slot1_20_3096_2977_108518>
...
040 (10613549.256.000) 12/16 15:29:00 Finished transferring input files
...
001 (10613549.256.000) 12/16 15:29:00 Job executing on host: <188.185.213.223:9618?addrs=188.185.213.223-9618+[2001-1458-303-1b--100-5b]-9618&alias=b9p28p1071.cern.ch&noUDP&sock=startd_2642_c54e>
	SlotName: slot1_20@b9p28p1071.cern.ch
	CondorScratchDir = "/pool/condor/dir_2199098"
	Cpus = 4
	Disk = 11017
	GPUs = 0
	Memory = 12000
...
006 (10613549.256.000) 12/16 15:29:14 Image size of job updated: 40040
	40  -  MemoryUsage of job (MB)
	40040  -  ResidentSetSize of job (KB)
...
006 (10613549.256.000) 12/16 15:34:15 Image size of job updated: 40460
	40  -  MemoryUsage of job (MB)
	40040  -  ResidentSetSize of job (KB)
...
006 (10613549.256.000) 12/16 16:29:19 Image size of job updated: 45216
	45  -  MemoryUsage of job (MB)
	45216  -  ResidentSetSize of job (KB)
...
006 (10613549.256.000) 12/16 16:34:19 Image size of job updated: 47016
	46  -  MemoryUsage of job (MB)
	47016  -  ResidentSetSize of job (KB)
...
040 (10613549.256.000) 12/16 16:44:39 Started transferring output files
...
040 (10613549.256.000) 12/16 16:44:39 Finished transferring output files
...
005 (10613549.256.000) 12/16 16:44:39 Job terminated.
	(1) Normal termination (return value 0)
		Usr 0 01:15:00, Sys 0 00:00:03  -  Run Remote Usage
		Usr 0 00:00:00, Sys 0 00:00:00  -  Run Local Usage
		Usr 0 01:15:00, Sys 0 00:00:03  -  Total Remote Usage
		Usr 0 00:00:00, Sys 0 00:00:00  -  Total Local Usage
	0  -  Run Bytes Sent By Job
	7584148  -  Run Bytes Received By Job
	0  -  Total Bytes Sent By Job
	7584148  -  Total Bytes Received By Job
	Partitionable Resources :    Usage  Request Allocated 
	   Cpus                 :     0.99        4         4 
	   Disk (KB)            : 33541        7500     11017 
	   GPUs                 :                           0 
	   Memory (MB)          :    46       12000     12000 
	   TimeExecute (s)      :  4538                       
	   TimeSlotBusy (s)     :  4539                       

	Job terminated of its own accord at 2025-12-16T15:44:38Z with exit-code 0.
...
