000 (10610888.066.000) 12/16 07:14:44 Job submitted from host: <188.185.71.83:9618?addrs=188.185.71.83-9618+[2001-1458-d00-7--100-34d]-9618&alias=bigbird18.cern.ch&noUDP&sock=schedd_5052_d48c>
...
040 (10610888.066.000) 12/16 08:01:21 Started transferring input files
	Transferring to host: <188.185.207.189:9618?addrs=188.185.207.189-9618+[2001-1458-303-e--100-3a]-9618&alias=b9p08p2358.cern.ch&noUDP&sock=slot1_2_6706_bbca_81017>
...
040 (10610888.066.000) 12/16 08:01:21 Finished transferring input files
...
001 (10610888.066.000) 12/16 08:01:21 Job executing on host: <188.185.207.189:9618?addrs=188.185.207.189-9618+[2001-1458-303-e--100-3a]-9618&alias=b9p08p2358.cern.ch&noUDP&sock=startd_5626_8be9>
	SlotName: slot1_2@b9p08p2358.cern.ch
	CondorScratchDir = "/pool/condor/dir_593537"
	Cpus = 4
	Disk = 10815
	GPUs = 0
	Memory = 12000
...
006 (10610888.066.000) 12/16 08:01:35 Image size of job updated: 40172
	40  -  MemoryUsage of job (MB)
	40172  -  ResidentSetSize of job (KB)
...
006 (10610888.066.000) 12/16 08:06:36 Image size of job updated: 40552
	40  -  MemoryUsage of job (MB)
	40172  -  ResidentSetSize of job (KB)
...
006 (10610888.066.000) 12/16 09:44:35 Image size of job updated: 121204
	40  -  MemoryUsage of job (MB)
	40172  -  ResidentSetSize of job (KB)
...
040 (10610888.066.000) 12/16 09:44:36 Started transferring output files
...
040 (10610888.066.000) 12/16 09:44:36 Finished transferring output files
...
005 (10610888.066.000) 12/16 09:44:36 Job terminated.
	(1) Normal termination (return value 0)
		Usr 0 01:41:09, Sys 0 00:00:12  -  Run Remote Usage
		Usr 0 00:00:00, Sys 0 00:00:00  -  Run Local Usage
		Usr 0 01:41:09, Sys 0 00:00:12  -  Total Remote Usage
		Usr 0 00:00:00, Sys 0 00:00:00  -  Total Local Usage
	0  -  Run Bytes Sent By Job
	7584148  -  Run Bytes Received By Job
	0  -  Total Bytes Sent By Job
	7584148  -  Total Bytes Received By Job
	Partitionable Resources :    Usage  Request Allocated 
	   Cpus                 :     0.99        4         4 
	   Disk (KB)            : 33376        7500     10815 
	   GPUs                 :                           0 
	   Memory (MB)          :    40       12000     12000 
	   TimeExecute (s)      :  6194                       
	   TimeSlotBusy (s)     :  6195                       

	Job terminated of its own accord at 2025-12-16T08:44:35Z with exit-code 0.
...
