000 (10613550.839.000) 12/16 14:41:00 Job submitted from host: <188.185.71.83:9618?addrs=188.185.71.83-9618+[2001-1458-d00-7--100-34d]-9618&alias=bigbird18.cern.ch&noUDP&sock=schedd_5052_d48c>
...
040 (10613550.839.000) 12/16 16:51:35 Started transferring input files
	Transferring to host: <188.185.212.147:9618?addrs=188.185.212.147-9618+[2001-1458-303-19--100-f]-9618&alias=b9p26p9843.cern.ch&noUDP&sock=slot1_4_3107_e997_93713>
...
040 (10613550.839.000) 12/16 16:51:35 Finished transferring input files
...
001 (10613550.839.000) 12/16 16:51:35 Job executing on host: <188.185.212.147:9618?addrs=188.185.212.147-9618+[2001-1458-303-19--100-f]-9618&alias=b9p26p9843.cern.ch&noUDP&sock=startd_2670_f9f5>
	SlotName: slot1_4@b9p26p9843.cern.ch
	CondorScratchDir = "/pool/condor/dir_1734077"
	Cpus = 4
	Disk = 10830
	GPUs = 0
	Memory = 12000
...
006 (10613550.839.000) 12/16 16:51:49 Image size of job updated: 42108
	42  -  MemoryUsage of job (MB)
	42108  -  ResidentSetSize of job (KB)
...
006 (10613550.839.000) 12/16 16:56:49 Image size of job updated: 42528
	42  -  MemoryUsage of job (MB)
	42108  -  ResidentSetSize of job (KB)
...
040 (10613550.839.000) 12/16 18:04:52 Started transferring output files
...
040 (10613550.839.000) 12/16 18:04:52 Finished transferring output files
...
005 (10613550.839.000) 12/16 18:04:52 Job terminated.
	(1) Normal termination (return value 0)
		Usr 0 01:12:36, Sys 0 00:00:05  -  Run Remote Usage
		Usr 0 00:00:00, Sys 0 00:00:00  -  Run Local Usage
		Usr 0 01:12:36, Sys 0 00:00:05  -  Total Remote Usage
		Usr 0 00:00:00, Sys 0 00:00:00  -  Total Local Usage
	0  -  Run Bytes Sent By Job
	7584148  -  Run Bytes Received By Job
	0  -  Total Bytes Sent By Job
	7584148  -  Total Bytes Received By Job
	Partitionable Resources :    Usage  Request Allocated 
	   Cpus                 :     1.00        4         4 
	   Disk (KB)            : 32462        7500     10830 
	   GPUs                 :                           0 
	   Memory (MB)          :    42       12000     12000 
	   TimeExecute (s)      :  4396                       
	   TimeSlotBusy (s)     :  4397                       

	Job terminated of its own accord at 2025-12-16T17:04:51Z with exit-code 0.
...
