000 (10613550.113.000) 12/16 14:40:59 Job submitted from host: <188.185.71.83:9618?addrs=188.185.71.83-9618+[2001-1458-d00-7--100-34d]-9618&alias=bigbird18.cern.ch&noUDP&sock=schedd_5052_d48c>
...
040 (10613550.113.000) 12/16 15:37:07 Started transferring input files
	Transferring to host: <188.185.196.85:9618?addrs=188.185.196.85-9618+[2001-1458-303-23--100-51]-9618&alias=b9p16p2609.cern.ch&noUDP&sock=slot1_1_7496_5c2a_82444>
...
040 (10613550.113.000) 12/16 15:37:07 Finished transferring input files
...
001 (10613550.113.000) 12/16 15:37:07 Job executing on host: <188.185.196.85:9618?addrs=188.185.196.85-9618+[2001-1458-303-23--100-51]-9618&alias=b9p16p2609.cern.ch&noUDP&sock=startd_6814_6a6c>
	SlotName: slot1_1@b9p16p2609.cern.ch
	CondorScratchDir = "/pool/condor/dir_2458006"
	Cpus = 4
	Disk = 11106
	GPUs = 0
	Memory = 12000
...
006 (10613550.113.000) 12/16 15:37:20 Image size of job updated: 37592
	37  -  MemoryUsage of job (MB)
	37592  -  ResidentSetSize of job (KB)
...
006 (10613550.113.000) 12/16 15:42:21 Image size of job updated: 38016
	37  -  MemoryUsage of job (MB)
	37592  -  ResidentSetSize of job (KB)
...
006 (10613550.113.000) 12/16 17:12:14 Image size of job updated: 118568
	37  -  MemoryUsage of job (MB)
	37592  -  ResidentSetSize of job (KB)
...
040 (10613550.113.000) 12/16 17:12:14 Started transferring output files
...
040 (10613550.113.000) 12/16 17:12:14 Finished transferring output files
...
005 (10613550.113.000) 12/16 17:12:14 Job terminated.
	(1) Normal termination (return value 0)
		Usr 0 01:34:26, Sys 0 00:00:04  -  Run Remote Usage
		Usr 0 00:00:00, Sys 0 00:00:00  -  Run Local Usage
		Usr 0 01:34:26, Sys 0 00:00:04  -  Total Remote Usage
		Usr 0 00:00:00, Sys 0 00:00:00  -  Total Local Usage
	0  -  Run Bytes Sent By Job
	7584148  -  Run Bytes Received By Job
	0  -  Total Bytes Sent By Job
	7584148  -  Total Bytes Received By Job
	Partitionable Resources :    Usage  Request Allocated 
	   Cpus                 :     1.00        4         4 
	   Disk (KB)            : 33852        7500     11106 
	   GPUs                 :                           0 
	   Memory (MB)          :    37       12000     12000 
	   TimeExecute (s)      :  5707                       
	   TimeSlotBusy (s)     :  5707                       

	Job terminated of its own accord at 2025-12-16T16:12:14Z with exit-code 0.
...
