000 (10613550.150.000) 12/16 14:40:59 Job submitted from host: <188.185.71.83:9618?addrs=188.185.71.83-9618+[2001-1458-d00-7--100-34d]-9618&alias=bigbird18.cern.ch&noUDP&sock=schedd_5052_d48c>
...
040 (10613550.150.000) 12/16 15:41:09 Started transferring input files
	Transferring to host: <188.185.212.158:9618?addrs=188.185.212.158-9618+[2001-1458-303-19--100-1a]-9618&alias=b9p26p2947.cern.ch&noUDP&sock=slot1_13_5557_28bb_91571>
...
040 (10613550.150.000) 12/16 15:41:09 Finished transferring input files
...
001 (10613550.150.000) 12/16 15:41:09 Job executing on host: <188.185.212.158:9618?addrs=188.185.212.158-9618+[2001-1458-303-19--100-1a]-9618&alias=b9p26p2947.cern.ch&noUDP&sock=startd_4587_e102>
	SlotName: slot1_13@b9p26p2947.cern.ch
	CondorScratchDir = "/pool/condor/dir_3421426"
	Cpus = 4
	Disk = 10979
	GPUs = 0
	Memory = 12000
...
006 (10613550.150.000) 12/16 15:41:23 Image size of job updated: 36004
	36  -  MemoryUsage of job (MB)
	36004  -  ResidentSetSize of job (KB)
...
006 (10613550.150.000) 12/16 15:46:24 Image size of job updated: 36096
	36  -  MemoryUsage of job (MB)
	36004  -  ResidentSetSize of job (KB)
...
006 (10613550.150.000) 12/16 16:56:55 Image size of job updated: 116700
	36  -  MemoryUsage of job (MB)
	36004  -  ResidentSetSize of job (KB)
...
040 (10613550.150.000) 12/16 16:56:55 Started transferring output files
...
040 (10613550.150.000) 12/16 16:56:55 Finished transferring output files
...
005 (10613550.150.000) 12/16 16:56:55 Job terminated.
	(1) Normal termination (return value 0)
		Usr 0 01:14:58, Sys 0 00:00:05  -  Run Remote Usage
		Usr 0 00:00:00, Sys 0 00:00:00  -  Run Local Usage
		Usr 0 01:14:58, Sys 0 00:00:05  -  Total Remote Usage
		Usr 0 00:00:00, Sys 0 00:00:00  -  Total Local Usage
	0  -  Run Bytes Sent By Job
	7584148  -  Run Bytes Received By Job
	0  -  Total Bytes Sent By Job
	7584148  -  Total Bytes Received By Job
	Partitionable Resources :    Usage  Request Allocated 
	   Cpus                 :     0.99        4         4 
	   Disk (KB)            : 33234        7500     10979 
	   GPUs                 :                           0 
	   Memory (MB)          :    36       12000     12000 
	   TimeExecute (s)      :  4546                       
	   TimeSlotBusy (s)     :  4546                       

	Job terminated of its own accord at 2025-12-16T15:56:55Z with exit-code 0.
...
