000 (10610889.118.000) 12/16 07:15:00 Job submitted from host: <188.185.71.83:9618?addrs=188.185.71.83-9618+[2001-1458-d00-7--100-34d]-9618&alias=bigbird18.cern.ch&noUDP&sock=schedd_5052_d48c>
...
040 (10610889.118.000) 12/16 10:52:34 Started transferring input files
	Transferring to host: <188.185.196.70:9618?addrs=188.185.196.70-9618+[2001-1458-303-23--100-42]-9618&alias=b9p16p4422.cern.ch&noUDP&sock=slot1_2_3175_d31a_86672>
...
040 (10610889.118.000) 12/16 10:52:34 Finished transferring input files
...
001 (10610889.118.000) 12/16 10:52:34 Job executing on host: <188.185.196.70:9618?addrs=188.185.196.70-9618+[2001-1458-303-23--100-42]-9618&alias=b9p16p4422.cern.ch&noUDP&sock=startd_2565_f483>
	SlotName: slot1_2@b9p16p4422.cern.ch
	CondorScratchDir = "/pool/condor/dir_1653634"
	Cpus = 4
	Disk = 11084
	GPUs = 0
	Memory = 12000
...
006 (10610889.118.000) 12/16 10:52:48 Image size of job updated: 42092
	42  -  MemoryUsage of job (MB)
	42092  -  ResidentSetSize of job (KB)
...
006 (10610889.118.000) 12/16 10:57:49 Image size of job updated: 42184
	42  -  MemoryUsage of job (MB)
	42092  -  ResidentSetSize of job (KB)
...
040 (10610889.118.000) 12/16 13:36:49 Started transferring output files
...
040 (10610889.118.000) 12/16 13:36:49 Finished transferring output files
...
005 (10610889.118.000) 12/16 13:36:49 Job terminated.
	(1) Normal termination (return value 0)
		Usr 0 02:42:21, Sys 0 00:00:11  -  Run Remote Usage
		Usr 0 00:00:00, Sys 0 00:00:00  -  Run Local Usage
		Usr 0 02:42:21, Sys 0 00:00:11  -  Total Remote Usage
		Usr 0 00:00:00, Sys 0 00:00:00  -  Total Local Usage
	0  -  Run Bytes Sent By Job
	7584148  -  Run Bytes Received By Job
	0  -  Total Bytes Sent By Job
	7584148  -  Total Bytes Received By Job
	Partitionable Resources :    Usage  Request Allocated 
	   Cpus                 :     0.99        4         4 
	   Disk (KB)            : 32684        7500     11084 
	   GPUs                 :                           0 
	   Memory (MB)          :    42       12000     12000 
	   TimeExecute (s)      :  9854                       
	   TimeSlotBusy (s)     :  9855                       

	Job terminated of its own accord at 2025-12-16T12:36:48Z with exit-code 0.
...
