000 (10613550.048.000) 12/16 14:40:58 Job submitted from host: <188.185.71.83:9618?addrs=188.185.71.83-9618+[2001-1458-d00-7--100-34d]-9618&alias=bigbird18.cern.ch&noUDP&sock=schedd_5052_d48c>
...
040 (10613550.048.000) 12/16 15:35:38 Started transferring input files
	Transferring to host: <188.185.206.135:9618?addrs=188.185.206.135-9618+[2001-1458-303-c--100-4]-9618&alias=b9p06p6909.cern.ch&noUDP&sock=slot1_13_4845_7d9e_88469>
...
040 (10613550.048.000) 12/16 15:35:38 Finished transferring input files
...
001 (10613550.048.000) 12/16 15:35:38 Job executing on host: <188.185.206.135:9618?addrs=188.185.206.135-9618+[2001-1458-303-c--100-4]-9618&alias=b9p06p6909.cern.ch&noUDP&sock=startd_4087_eba8>
	SlotName: slot1_13@b9p06p6909.cern.ch
	CondorScratchDir = "/pool/condor/dir_3381400"
	Cpus = 4
	Disk = 10897
	GPUs = 0
	Memory = 12000
...
006 (10613550.048.000) 12/16 15:35:52 Image size of job updated: 42216
	42  -  MemoryUsage of job (MB)
	42216  -  ResidentSetSize of job (KB)
...
006 (10613550.048.000) 12/16 15:40:53 Image size of job updated: 42596
	42  -  MemoryUsage of job (MB)
	42216  -  ResidentSetSize of job (KB)
...
006 (10613550.048.000) 12/16 17:04:46 Image size of job updated: 123248
	42  -  MemoryUsage of job (MB)
	42216  -  ResidentSetSize of job (KB)
...
040 (10613550.048.000) 12/16 17:04:47 Started transferring output files
...
040 (10613550.048.000) 12/16 17:04:47 Finished transferring output files
...
005 (10613550.048.000) 12/16 17:04:47 Job terminated.
	(1) Normal termination (return value 0)
		Usr 0 01:27:08, Sys 0 00:00:08  -  Run Remote Usage
		Usr 0 00:00:00, Sys 0 00:00:00  -  Run Local Usage
		Usr 0 01:27:08, Sys 0 00:00:08  -  Total Remote Usage
		Usr 0 00:00:00, Sys 0 00:00:00  -  Total Local Usage
	0  -  Run Bytes Sent By Job
	7584148  -  Run Bytes Received By Job
	0  -  Total Bytes Sent By Job
	7584148  -  Total Bytes Received By Job
	Partitionable Resources :    Usage  Request Allocated 
	   Cpus                 :     0.99        4         4 
	   Disk (KB)            : 32839        7500     10897 
	   GPUs                 :                           0 
	   Memory (MB)          :    42       12000     12000 
	   TimeExecute (s)      :  5348                       
	   TimeSlotBusy (s)     :  5349                       

	Job terminated of its own accord at 2025-12-16T16:04:46Z with exit-code 0.
...
