000 (10610887.178.000) 12/16 07:14:31 Job submitted from host: <188.185.71.83:9618?addrs=188.185.71.83-9618+[2001-1458-d00-7--100-34d]-9618&alias=bigbird18.cern.ch&noUDP&sock=schedd_5052_d48c>
...
040 (10610887.178.000) 12/16 07:44:47 Started transferring input files
	Transferring to host: <188.185.209.185:9618?addrs=188.185.209.185-9618+[2001-1458-303-12--100-36]-9618&alias=b9p12p2405.cern.ch&noUDP&sock=slot1_17_4108_3520_81659>
...
040 (10610887.178.000) 12/16 07:44:47 Finished transferring input files
...
001 (10610887.178.000) 12/16 07:44:47 Job executing on host: <188.185.209.185:9618?addrs=188.185.209.185-9618+[2001-1458-303-12--100-36]-9618&alias=b9p12p2405.cern.ch&noUDP&sock=startd_3588_a5e5>
	SlotName: slot1_17@b9p12p2405.cern.ch
	CondorScratchDir = "/pool/condor/dir_188829"
	Cpus = 4
	Disk = 10869
	GPUs = 0
	Memory = 12000
...
006 (10610887.178.000) 12/16 07:45:01 Image size of job updated: 42100
	42  -  MemoryUsage of job (MB)
	42100  -  ResidentSetSize of job (KB)
...
006 (10610887.178.000) 12/16 07:50:02 Image size of job updated: 42480
	42  -  MemoryUsage of job (MB)
	42100  -  ResidentSetSize of job (KB)
...
040 (10610887.178.000) 12/16 09:16:08 Started transferring output files
...
040 (10610887.178.000) 12/16 09:16:08 Finished transferring output files
...
005 (10610887.178.000) 12/16 09:16:08 Job terminated.
	(1) Normal termination (return value 0)
		Usr 0 01:29:11, Sys 0 00:00:11  -  Run Remote Usage
		Usr 0 00:00:00, Sys 0 00:00:00  -  Run Local Usage
		Usr 0 01:29:11, Sys 0 00:00:11  -  Total Remote Usage
		Usr 0 00:00:00, Sys 0 00:00:00  -  Total Local Usage
	0  -  Run Bytes Sent By Job
	7584148  -  Run Bytes Received By Job
	0  -  Total Bytes Sent By Job
	7584148  -  Total Bytes Received By Job
	Partitionable Resources :    Usage  Request Allocated 
	   Cpus                 :     0.99        4         4 
	   Disk (KB)            : 33394        7500     10869 
	   GPUs                 :                           0 
	   Memory (MB)          :    42       12000     12000 
	   TimeExecute (s)      :  5480                       
	   TimeSlotBusy (s)     :  5481                       

	Job terminated of its own accord at 2025-12-16T08:16:07Z with exit-code 0.
...
