000 (10610889.410.000) 12/16 07:15:00 Job submitted from host: <188.185.71.83:9618?addrs=188.185.71.83-9618+[2001-1458-d00-7--100-34d]-9618&alias=bigbird18.cern.ch&noUDP&sock=schedd_5052_d48c>
...
040 (10610889.410.000) 12/16 14:08:58 Started transferring input files
	Transferring to host: <188.185.215.18:9618?addrs=188.185.215.18-9618+[2001-1458-303-1e--100-e]-9618&alias=b9p31p5850.cern.ch&noUDP&sock=slot1_22_9839_3729_93620>
...
040 (10610889.410.000) 12/16 14:08:58 Finished transferring input files
...
001 (10610889.410.000) 12/16 14:08:58 Job executing on host: <188.185.215.18:9618?addrs=188.185.215.18-9618+[2001-1458-303-1e--100-e]-9618&alias=b9p31p5850.cern.ch&noUDP&sock=startd_9089_e061>
	SlotName: slot1_22@b9p31p5850.cern.ch
	CondorScratchDir = "/pool/condor/dir_2028466"
	Cpus = 4
	Disk = 10910
	GPUs = 0
	Memory = 12000
...
006 (10610889.410.000) 12/16 14:09:12 Image size of job updated: 28736
	29  -  MemoryUsage of job (MB)
	28736  -  ResidentSetSize of job (KB)
...
006 (10610889.410.000) 12/16 14:14:13 Image size of job updated: 29156
	29  -  MemoryUsage of job (MB)
	28736  -  ResidentSetSize of job (KB)
...
040 (10610889.410.000) 12/16 15:30:24 Started transferring output files
...
040 (10610889.410.000) 12/16 15:30:24 Finished transferring output files
...
005 (10610889.410.000) 12/16 15:30:24 Job terminated.
	(1) Normal termination (return value 0)
		Usr 0 01:20:26, Sys 0 00:00:08  -  Run Remote Usage
		Usr 0 00:00:00, Sys 0 00:00:00  -  Run Local Usage
		Usr 0 01:20:26, Sys 0 00:00:08  -  Total Remote Usage
		Usr 0 00:00:00, Sys 0 00:00:00  -  Total Local Usage
	0  -  Run Bytes Sent By Job
	7584148  -  Run Bytes Received By Job
	0  -  Total Bytes Sent By Job
	7584148  -  Total Bytes Received By Job
	Partitionable Resources :    Usage  Request Allocated 
	   Cpus                 :     0.99        4         4 
	   Disk (KB)            : 32364        7500     10910 
	   GPUs                 :                           0 
	   Memory (MB)          :    29       12000     12000 
	   TimeExecute (s)      :  4885                       
	   TimeSlotBusy (s)     :  4886                       

	Job terminated of its own accord at 2025-12-16T14:30:23Z with exit-code 0.
...
