000 (10613550.457.000) 12/16 14:40:59 Job submitted from host: <188.185.71.83:9618?addrs=188.185.71.83-9618+[2001-1458-d00-7--100-34d]-9618&alias=bigbird18.cern.ch&noUDP&sock=schedd_5052_d48c>
...
040 (10613550.457.000) 12/16 16:08:18 Started transferring input files
	Transferring to host: <128.142.192.142:9618?addrs=128.142.192.142-9618+[2001-1458-301-56--100-a]-9618&alias=b9g18p1267.cern.ch&noUDP&sock=slot1_4_3574_f4ca_108280>
...
040 (10613550.457.000) 12/16 16:08:18 Finished transferring input files
...
001 (10613550.457.000) 12/16 16:08:18 Job executing on host: <128.142.192.142:9618?addrs=128.142.192.142-9618+[2001-1458-301-56--100-a]-9618&alias=b9g18p1267.cern.ch&noUDP&sock=startd_3310_f691>
	SlotName: slot1_4@b9g18p1267.cern.ch
	CondorScratchDir = "/pool/condor/dir_203140"
	Cpus = 4
	Disk = 11029
	GPUs = 0
	Memory = 12000
...
006 (10613550.457.000) 12/16 16:08:32 Image size of job updated: 39732
	39  -  MemoryUsage of job (MB)
	39732  -  ResidentSetSize of job (KB)
...
006 (10613550.457.000) 12/16 16:13:33 Image size of job updated: 39820
	39  -  MemoryUsage of job (MB)
	39732  -  ResidentSetSize of job (KB)
...
006 (10613550.457.000) 12/16 17:53:44 Image size of job updated: 45856
	45  -  MemoryUsage of job (MB)
	45856  -  ResidentSetSize of job (KB)
...
006 (10613550.457.000) 12/16 17:58:53 Image size of job updated: 127632
	45  -  MemoryUsage of job (MB)
	45856  -  ResidentSetSize of job (KB)
...
040 (10613550.457.000) 12/16 17:58:54 Started transferring output files
...
040 (10613550.457.000) 12/16 17:58:54 Finished transferring output files
...
005 (10613550.457.000) 12/16 17:58:54 Job terminated.
	(1) Normal termination (return value 0)
		Usr 0 01:49:09, Sys 0 00:00:06  -  Run Remote Usage
		Usr 0 00:00:00, Sys 0 00:00:00  -  Run Local Usage
		Usr 0 01:49:09, Sys 0 00:00:06  -  Total Remote Usage
		Usr 0 00:00:00, Sys 0 00:00:00  -  Total Local Usage
	0  -  Run Bytes Sent By Job
	7584148  -  Run Bytes Received By Job
	0  -  Total Bytes Sent By Job
	7584148  -  Total Bytes Received By Job
	Partitionable Resources :    Usage  Request Allocated 
	   Cpus                 :     0.99        4         4 
	   Disk (KB)            : 32789        7500     11029 
	   GPUs                 :                           0 
	   Memory (MB)          :    45       12000     12000 
	   TimeExecute (s)      :  6635                       
	   TimeSlotBusy (s)     :  6636                       

	Job terminated of its own accord at 2025-12-16T16:58:53Z with exit-code 0.
...
