000 (10610887.002.000) 12/16 07:14:30 Job submitted from host: <188.185.71.83:9618?addrs=188.185.71.83-9618+[2001-1458-d00-7--100-34d]-9618&alias=bigbird18.cern.ch&noUDP&sock=schedd_5052_d48c>
...
040 (10610887.002.000) 12/16 07:16:23 Started transferring input files
	Transferring to host: <188.185.210.28:9618?addrs=188.185.210.28-9618+[2001-1458-303-1--100-18]-9618&alias=b9p21p8200.cern.ch&noUDP&sock=slot1_6_766232_82b0_12498>
...
040 (10610887.002.000) 12/16 07:16:24 Finished transferring input files
...
001 (10610887.002.000) 12/16 07:16:24 Job executing on host: <188.185.210.28:9618?addrs=188.185.210.28-9618+[2001-1458-303-1--100-18]-9618&alias=b9p21p8200.cern.ch&noUDP&sock=startd_4086_3c0f>
	SlotName: slot1_6@b9p21p8200.cern.ch
	CondorScratchDir = "/pool/condor/dir_1792689"
	Cpus = 4
	Disk = 10951
	GPUs = 0
	Memory = 12000
...
006 (10610887.002.000) 12/16 07:16:37 Image size of job updated: 37988
	38  -  MemoryUsage of job (MB)
	37988  -  ResidentSetSize of job (KB)
...
006 (10610887.002.000) 12/16 07:21:37 Image size of job updated: 38408
	38  -  MemoryUsage of job (MB)
	37988  -  ResidentSetSize of job (KB)
...
006 (10610887.002.000) 12/16 08:58:59 Image size of job updated: 118940
	38  -  MemoryUsage of job (MB)
	37988  -  ResidentSetSize of job (KB)
...
040 (10610887.002.000) 12/16 08:59:00 Started transferring output files
...
040 (10610887.002.000) 12/16 08:59:00 Finished transferring output files
...
005 (10610887.002.000) 12/16 08:59:00 Job terminated.
	(1) Normal termination (return value 0)
		Usr 0 01:41:07, Sys 0 00:00:09  -  Run Remote Usage
		Usr 0 00:00:00, Sys 0 00:00:00  -  Run Local Usage
		Usr 0 01:41:07, Sys 0 00:00:09  -  Total Remote Usage
		Usr 0 00:00:00, Sys 0 00:00:00  -  Total Local Usage
	0  -  Run Bytes Sent By Job
	7584148  -  Run Bytes Received By Job
	0  -  Total Bytes Sent By Job
	7584148  -  Total Bytes Received By Job
	Partitionable Resources :    Usage  Request Allocated 
	   Cpus                 :     0.99        4         4 
	   Disk (KB)            : 33702        7500     10951 
	   GPUs                 :                           0 
	   Memory (MB)          :    38       12000     12000 
	   TimeExecute (s)      :  6155                       
	   TimeSlotBusy (s)     :  6157                       

	Job terminated of its own accord at 2025-12-16T07:58:59Z with exit-code 0.
...
