000 (10613549.220.000) 12/16 14:40:44 Job submitted from host: <188.185.71.83:9618?addrs=188.185.71.83-9618+[2001-1458-d00-7--100-34d]-9618&alias=bigbird18.cern.ch&noUDP&sock=schedd_5052_d48c>
...
040 (10613549.220.000) 12/16 15:26:33 Started transferring input files
	Transferring to host: <188.185.213.83:9618?addrs=188.185.213.83-9618+[2001-1458-303-1a--100-4f]-9618&alias=b9p27p4214.cern.ch&noUDP&sock=slot1_32_5619_d7fe_93796>
...
040 (10613549.220.000) 12/16 15:26:33 Finished transferring input files
...
001 (10613549.220.000) 12/16 15:26:33 Job executing on host: <188.185.213.83:9618?addrs=188.185.213.83-9618+[2001-1458-303-1a--100-4f]-9618&alias=b9p27p4214.cern.ch&noUDP&sock=startd_4725_8914>
	SlotName: slot1_32@b9p27p4214.cern.ch
	CondorScratchDir = "/pool/condor/dir_1778445"
	Cpus = 4
	Disk = 11094
	GPUs = 0
	Memory = 12000
...
006 (10613549.220.000) 12/16 15:26:47 Image size of job updated: 37476
	37  -  MemoryUsage of job (MB)
	37476  -  ResidentSetSize of job (KB)
...
006 (10613549.220.000) 12/16 15:31:48 Image size of job updated: 37896
	37  -  MemoryUsage of job (MB)
	37476  -  ResidentSetSize of job (KB)
...
040 (10613549.220.000) 12/16 16:51:56 Started transferring output files
...
040 (10613549.220.000) 12/16 16:51:57 Finished transferring output files
...
005 (10613549.220.000) 12/16 16:51:57 Job terminated.
	(1) Normal termination (return value 0)
		Usr 0 01:23:15, Sys 0 00:00:10  -  Run Remote Usage
		Usr 0 00:00:00, Sys 0 00:00:00  -  Run Local Usage
		Usr 0 01:23:15, Sys 0 00:00:10  -  Total Remote Usage
		Usr 0 00:00:00, Sys 0 00:00:00  -  Total Local Usage
	0  -  Run Bytes Sent By Job
	7584148  -  Run Bytes Received By Job
	0  -  Total Bytes Sent By Job
	7584148  -  Total Bytes Received By Job
	Partitionable Resources :    Usage  Request Allocated 
	   Cpus                 :     0.99        4         4 
	   Disk (KB)            : 33873        7500     11094 
	   GPUs                 :                           0 
	   Memory (MB)          :    37       12000     12000 
	   TimeExecute (s)      :  5123                       
	   TimeSlotBusy (s)     :  5124                       

	Job terminated of its own accord at 2025-12-16T15:51:56Z with exit-code 0.
...
