000 (10610889.788.000) 12/16 07:15:01 Job submitted from host: <188.185.71.83:9618?addrs=188.185.71.83-9618+[2001-1458-d00-7--100-34d]-9618&alias=bigbird18.cern.ch&noUDP&sock=schedd_5052_d48c>
...
040 (10610889.788.000) 12/16 14:26:12 Started transferring input files
	Transferring to host: <188.185.214.41:9618?addrs=188.185.214.41-9618+[2001-1458-303-1c--100-25]-9618&alias=b9p29p3727.cern.ch&noUDP&sock=slot1_1_7956_78bd_91230>
...
040 (10610889.788.000) 12/16 14:26:12 Finished transferring input files
...
001 (10610889.788.000) 12/16 14:26:12 Job executing on host: <188.185.214.41:9618?addrs=188.185.214.41-9618+[2001-1458-303-1c--100-25]-9618&alias=b9p29p3727.cern.ch&noUDP&sock=startd_7068_a37a>
	SlotName: slot1_1@b9p29p3727.cern.ch
	CondorScratchDir = "/pool/condor/dir_2942750"
	Cpus = 4
	Disk = 10953
	GPUs = 0
	Memory = 12000
...
006 (10610889.788.000) 12/16 14:26:27 Image size of job updated: 36592
	36  -  MemoryUsage of job (MB)
	36592  -  ResidentSetSize of job (KB)
...
006 (10610889.788.000) 12/16 14:31:28 Image size of job updated: 37040
	36  -  MemoryUsage of job (MB)
	36592  -  ResidentSetSize of job (KB)
...
006 (10610889.788.000) 12/16 16:07:48 Image size of job updated: 117636
	36  -  MemoryUsage of job (MB)
	36592  -  ResidentSetSize of job (KB)
...
040 (10610889.788.000) 12/16 16:07:49 Started transferring output files
...
040 (10610889.788.000) 12/16 16:07:49 Finished transferring output files
...
005 (10610889.788.000) 12/16 16:07:50 Job terminated.
	(1) Normal termination (return value 0)
		Usr 0 01:39:25, Sys 0 00:00:11  -  Run Remote Usage
		Usr 0 00:00:00, Sys 0 00:00:00  -  Run Local Usage
		Usr 0 01:39:25, Sys 0 00:00:11  -  Total Remote Usage
		Usr 0 00:00:00, Sys 0 00:00:00  -  Total Local Usage
	0  -  Run Bytes Sent By Job
	7584148  -  Run Bytes Received By Job
	0  -  Total Bytes Sent By Job
	7584148  -  Total Bytes Received By Job
	Partitionable Resources :    Usage  Request Allocated 
	   Cpus                 :     0.99        4         4 
	   Disk (KB)            : 33368        7500     10953 
	   GPUs                 :                           0 
	   Memory (MB)          :    36       12000     12000 
	   TimeExecute (s)      :  6096                       
	   TimeSlotBusy (s)     :  6098                       

	Job terminated of its own accord at 2025-12-16T15:07:48Z with exit-code 0.
...
