000 (10613549.971.000) 12/16 14:40:45 Job submitted from host: <188.185.71.83:9618?addrs=188.185.71.83-9618+[2001-1458-d00-7--100-34d]-9618&alias=bigbird18.cern.ch&noUDP&sock=schedd_5052_d48c>
...
040 (10613549.971.000) 12/16 15:35:07 Started transferring input files
	Transferring to host: <188.185.206.135:9618?addrs=188.185.206.135-9618+[2001-1458-303-c--100-4]-9618&alias=b9p06p6909.cern.ch&noUDP&sock=slot1_11_4845_7d9e_88468>
...
040 (10613549.971.000) 12/16 15:35:07 Finished transferring input files
...
001 (10613549.971.000) 12/16 15:35:07 Job executing on host: <188.185.206.135:9618?addrs=188.185.206.135-9618+[2001-1458-303-c--100-4]-9618&alias=b9p06p6909.cern.ch&noUDP&sock=startd_4087_eba8>
	SlotName: slot1_11@b9p06p6909.cern.ch
	CondorScratchDir = "/pool/condor/dir_3376460"
	Cpus = 4
	Disk = 10903
	GPUs = 0
	Memory = 12000
...
006 (10613549.971.000) 12/16 15:35:21 Image size of job updated: 40180
	40  -  MemoryUsage of job (MB)
	40180  -  ResidentSetSize of job (KB)
...
006 (10613549.971.000) 12/16 15:40:22 Image size of job updated: 40584
	40  -  MemoryUsage of job (MB)
	40180  -  ResidentSetSize of job (KB)
...
006 (10613549.971.000) 12/16 17:01:51 Image size of job updated: 121180
	40  -  MemoryUsage of job (MB)
	40180  -  ResidentSetSize of job (KB)
...
040 (10613549.971.000) 12/16 17:01:52 Started transferring output files
...
040 (10613549.971.000) 12/16 17:01:52 Finished transferring output files
...
005 (10613549.971.000) 12/16 17:01:52 Job terminated.
	(1) Normal termination (return value 0)
		Usr 0 01:24:47, Sys 0 00:00:07  -  Run Remote Usage
		Usr 0 00:00:00, Sys 0 00:00:00  -  Run Local Usage
		Usr 0 01:24:47, Sys 0 00:00:07  -  Total Remote Usage
		Usr 0 00:00:00, Sys 0 00:00:00  -  Total Local Usage
	0  -  Run Bytes Sent By Job
	7584148  -  Run Bytes Received By Job
	0  -  Total Bytes Sent By Job
	7584148  -  Total Bytes Received By Job
	Partitionable Resources :    Usage  Request Allocated 
	   Cpus                 :     0.99        4         4 
	   Disk (KB)            : 32652        7500     10903 
	   GPUs                 :                           0 
	   Memory (MB)          :    40       12000     12000 
	   TimeExecute (s)      :  5204                       
	   TimeSlotBusy (s)     :  5205                       

	Job terminated of its own accord at 2025-12-16T16:01:51Z with exit-code 0.
...
