000 (10610887.827.000) 12/16 07:14:32 Job submitted from host: <188.185.71.83:9618?addrs=188.185.71.83-9618+[2001-1458-d00-7--100-34d]-9618&alias=bigbird18.cern.ch&noUDP&sock=schedd_5052_d48c>
...
040 (10610887.827.000) 12/16 07:59:31 Started transferring input files
	Transferring to host: <188.185.214.84:9618?addrs=188.185.214.84-9618+[2001-1458-303-1c--100-50]-9618&alias=b9p29p0222.cern.ch&noUDP&sock=slot1_25_4144_92a2_108433>
...
040 (10610887.827.000) 12/16 07:59:31 Finished transferring input files
...
001 (10610887.827.000) 12/16 07:59:31 Job executing on host: <188.185.214.84:9618?addrs=188.185.214.84-9618+[2001-1458-303-1c--100-50]-9618&alias=b9p29p0222.cern.ch&noUDP&sock=startd_3504_07f1>
	SlotName: slot1_25@b9p29p0222.cern.ch
	CondorScratchDir = "/pool/condor/dir_3904703"
	Cpus = 4
	Disk = 10968
	GPUs = 0
	Memory = 12000
...
006 (10610887.827.000) 12/16 07:59:45 Image size of job updated: 40128
	40  -  MemoryUsage of job (MB)
	40128  -  ResidentSetSize of job (KB)
...
006 (10610887.827.000) 12/16 08:04:46 Image size of job updated: 40216
	40  -  MemoryUsage of job (MB)
	40128  -  ResidentSetSize of job (KB)
...
040 (10610887.827.000) 12/16 09:06:34 Started transferring output files
...
040 (10610887.827.000) 12/16 09:06:34 Finished transferring output files
...
005 (10610887.827.000) 12/16 09:06:34 Job terminated.
	(1) Normal termination (return value 0)
		Usr 0 01:06:19, Sys 0 00:00:06  -  Run Remote Usage
		Usr 0 00:00:00, Sys 0 00:00:00  -  Run Local Usage
		Usr 0 01:06:19, Sys 0 00:00:06  -  Total Remote Usage
		Usr 0 00:00:00, Sys 0 00:00:00  -  Total Local Usage
	0  -  Run Bytes Sent By Job
	7584148  -  Run Bytes Received By Job
	0  -  Total Bytes Sent By Job
	7584148  -  Total Bytes Received By Job
	Partitionable Resources :    Usage  Request Allocated 
	   Cpus                 :     0.99        4         4 
	   Disk (KB)            : 32292        7500     10968 
	   GPUs                 :                           0 
	   Memory (MB)          :    40       12000     12000 
	   TimeExecute (s)      :  4022                       
	   TimeSlotBusy (s)     :  4023                       

	Job terminated of its own accord at 2025-12-16T08:06:33Z with exit-code 0.
...
