000 (10610889.723.000) 12/16 07:15:01 Job submitted from host: <188.185.71.83:9618?addrs=188.185.71.83-9618+[2001-1458-d00-7--100-34d]-9618&alias=bigbird18.cern.ch&noUDP&sock=schedd_5052_d48c>
...
040 (10610889.723.000) 12/16 14:25:50 Started transferring input files
	Transferring to host: <188.185.212.90:9618?addrs=188.185.212.90-9618+[2001-1458-303-18--100-56]-9618&alias=b9p25p6987.cern.ch&noUDP&sock=slot1_2_6363_0f1c_91124>
...
040 (10610889.723.000) 12/16 14:25:50 Finished transferring input files
...
001 (10610889.723.000) 12/16 14:25:50 Job executing on host: <188.185.212.90:9618?addrs=188.185.212.90-9618+[2001-1458-303-18--100-56]-9618&alias=b9p25p6987.cern.ch&noUDP&sock=startd_5537_7ffb>
	SlotName: slot1_2@b9p25p6987.cern.ch
	CondorScratchDir = "/pool/condor/dir_3637216"
	Cpus = 4
	Disk = 10946
	GPUs = 0
	Memory = 12000
...
006 (10610889.723.000) 12/16 14:26:04 Image size of job updated: 41608
	41  -  MemoryUsage of job (MB)
	41608  -  ResidentSetSize of job (KB)
...
006 (10610889.723.000) 12/16 14:31:05 Image size of job updated: 42028
	41  -  MemoryUsage of job (MB)
	41608  -  ResidentSetSize of job (KB)
...
040 (10610889.723.000) 12/16 15:46:20 Started transferring output files
...
040 (10610889.723.000) 12/16 15:46:21 Finished transferring output files
...
005 (10610889.723.000) 12/16 15:46:21 Job terminated.
	(1) Normal termination (return value 0)
		Usr 0 01:19:32, Sys 0 00:00:07  -  Run Remote Usage
		Usr 0 00:00:00, Sys 0 00:00:00  -  Run Local Usage
		Usr 0 01:19:32, Sys 0 00:00:07  -  Total Remote Usage
		Usr 0 00:00:00, Sys 0 00:00:00  -  Total Local Usage
	0  -  Run Bytes Sent By Job
	7584148  -  Run Bytes Received By Job
	0  -  Total Bytes Sent By Job
	7584148  -  Total Bytes Received By Job
	Partitionable Resources :    Usage  Request Allocated 
	   Cpus                 :     0.99        4         4 
	   Disk (KB)            : 34024        7500     10946 
	   GPUs                 :                           0 
	   Memory (MB)          :    41       12000     12000 
	   TimeExecute (s)      :  4830                       
	   TimeSlotBusy (s)     :  4832                       

	Job terminated of its own accord at 2025-12-16T14:46:20Z with exit-code 0.
...
