000 (10613550.982.000) 12/16 14:41:00 Job submitted from host: <188.185.71.83:9618?addrs=188.185.71.83-9618+[2001-1458-d00-7--100-34d]-9618&alias=bigbird18.cern.ch&noUDP&sock=schedd_5052_d48c>
...
040 (10613550.982.000) 12/16 16:57:05 Started transferring input files
	Transferring to host: <188.185.214.42:9618?addrs=188.185.214.42-9618+[2001-1458-303-1c--100-26]-9618&alias=b9p29p6338.cern.ch&noUDP&sock=slot1_12_6909_c3f2_91122>
...
040 (10613550.982.000) 12/16 16:57:05 Finished transferring input files
...
001 (10613550.982.000) 12/16 16:57:05 Job executing on host: <188.185.214.42:9618?addrs=188.185.214.42-9618+[2001-1458-303-1c--100-26]-9618&alias=b9p29p6338.cern.ch&noUDP&sock=startd_5956_e629>
	SlotName: slot1_12@b9p29p6338.cern.ch
	CondorScratchDir = "/pool/condor/dir_2166727"
	Cpus = 4
	Disk = 10768
	GPUs = 0
	Memory = 12000
...
006 (10613550.982.000) 12/16 16:57:19 Image size of job updated: 41584
	41  -  MemoryUsage of job (MB)
	41584  -  ResidentSetSize of job (KB)
...
006 (10613550.982.000) 12/16 17:02:19 Image size of job updated: 42004
	41  -  MemoryUsage of job (MB)
	41584  -  ResidentSetSize of job (KB)
...
040 (10613550.982.000) 12/16 18:12:57 Started transferring output files
...
040 (10613550.982.000) 12/16 18:12:58 Finished transferring output files
...
005 (10613550.982.000) 12/16 18:12:58 Job terminated.
	(1) Normal termination (return value 0)
		Usr 0 01:14:59, Sys 0 00:00:05  -  Run Remote Usage
		Usr 0 00:00:00, Sys 0 00:00:00  -  Run Local Usage
		Usr 0 01:14:59, Sys 0 00:00:05  -  Total Remote Usage
		Usr 0 00:00:00, Sys 0 00:00:00  -  Total Local Usage
	0  -  Run Bytes Sent By Job
	7584148  -  Run Bytes Received By Job
	0  -  Total Bytes Sent By Job
	7584148  -  Total Bytes Received By Job
	Partitionable Resources :    Usage  Request Allocated 
	   Cpus                 :     0.99        4         4 
	   Disk (KB)            : 32146        7500     10768 
	   GPUs                 :                           0 
	   Memory (MB)          :    41       12000     12000 
	   TimeExecute (s)      :  4552                       
	   TimeSlotBusy (s)     :  4553                       

	Job terminated of its own accord at 2025-12-16T17:12:57Z with exit-code 0.
...
