000 (10613550.873.000) 12/16 14:41:00 Job submitted from host: <188.185.71.83:9618?addrs=188.185.71.83-9618+[2001-1458-d00-7--100-34d]-9618&alias=bigbird18.cern.ch&noUDP&sock=schedd_5052_d48c>
...
040 (10613550.873.000) 12/16 16:52:22 Started transferring input files
	Transferring to host: <188.185.192.94:9618?addrs=188.185.192.94-9618+[2001-1458-303-1f--100-5a]-9618&alias=b9p13p0998.cern.ch&noUDP&sock=slot1_5_4040_4b9d_88974>
...
040 (10613550.873.000) 12/16 16:52:22 Finished transferring input files
...
001 (10613550.873.000) 12/16 16:52:22 Job executing on host: <188.185.192.94:9618?addrs=188.185.192.94-9618+[2001-1458-303-1f--100-5a]-9618&alias=b9p13p0998.cern.ch&noUDP&sock=startd_3002_b366>
	SlotName: slot1_5@b9p13p0998.cern.ch
	CondorScratchDir = "/pool/condor/dir_741043"
	Cpus = 4
	Disk = 11076
	GPUs = 0
	Memory = 12000
...
006 (10613550.873.000) 12/16 16:52:36 Image size of job updated: 24748
	25  -  MemoryUsage of job (MB)
	24748  -  ResidentSetSize of job (KB)
...
006 (10613550.873.000) 12/16 16:57:37 Image size of job updated: 25168
	25  -  MemoryUsage of job (MB)
	24748  -  ResidentSetSize of job (KB)
...
006 (10613550.873.000) 12/16 19:30:48 Image size of job updated: 116580
	25  -  MemoryUsage of job (MB)
	24748  -  ResidentSetSize of job (KB)
...
040 (10613550.873.000) 12/16 19:30:49 Started transferring output files
...
040 (10613550.873.000) 12/16 19:30:49 Finished transferring output files
...
005 (10613550.873.000) 12/16 19:30:49 Job terminated.
	(1) Normal termination (return value 0)
		Usr 0 02:34:51, Sys 0 00:00:23  -  Run Remote Usage
		Usr 0 00:00:00, Sys 0 00:00:00  -  Run Local Usage
		Usr 0 02:34:51, Sys 0 00:00:23  -  Total Remote Usage
		Usr 0 00:00:00, Sys 0 00:00:00  -  Total Local Usage
	0  -  Run Bytes Sent By Job
	7584148  -  Run Bytes Received By Job
	0  -  Total Bytes Sent By Job
	7584148  -  Total Bytes Received By Job
	Partitionable Resources :    Usage  Request Allocated 
	   Cpus                 :     0.99        4         4 
	   Disk (KB)            : 33076        7500     11076 
	   GPUs                 :                           0 
	   Memory (MB)          :    25       12000     12000 
	   TimeExecute (s)      :  9506                       
	   TimeSlotBusy (s)     :  9507                       

	Job terminated of its own accord at 2025-12-16T18:30:48Z with exit-code 0.
...
