000 (10610889.908.000) 12/16 07:15:01 Job submitted from host: <188.185.71.83:9618?addrs=188.185.71.83-9618+[2001-1458-d00-7--100-34d]-9618&alias=bigbird18.cern.ch&noUDP&sock=schedd_5052_d48c>
...
040 (10610889.908.000) 12/16 14:26:52 Started transferring input files
	Transferring to host: <188.185.192.40:9618?addrs=188.185.192.40-9618+[2001-1458-303-1f--100-24]-9618&alias=b9p13p2679.cern.ch&noUDP&sock=slot1_3_7253_2500_89260>
...
001 (10610889.908.000) 12/16 14:26:52 Job executing on host: <188.185.192.40:9618?addrs=188.185.192.40-9618+[2001-1458-303-1f--100-24]-9618&alias=b9p13p2679.cern.ch&noUDP&sock=startd_5826_bada>
	SlotName: slot1_3@b9p13p2679.cern.ch
	CondorScratchDir = "/pool/condor/dir_4065640"
	Cpus = 4
	Disk = 11102
	GPUs = 0
	Memory = 12000
...
040 (10610889.908.000) 12/16 14:26:52 Finished transferring input files
...
006 (10610889.908.000) 12/16 14:27:06 Image size of job updated: 40560
	40  -  MemoryUsage of job (MB)
	40560  -  ResidentSetSize of job (KB)
...
006 (10610889.908.000) 12/16 14:32:06 Image size of job updated: 40652
	40  -  MemoryUsage of job (MB)
	40560  -  ResidentSetSize of job (KB)
...
006 (10610889.908.000) 12/16 17:04:12 Image size of job updated: 121172
	40  -  MemoryUsage of job (MB)
	40560  -  ResidentSetSize of job (KB)
...
040 (10610889.908.000) 12/16 17:04:13 Started transferring output files
...
040 (10610889.908.000) 12/16 17:04:13 Finished transferring output files
...
005 (10610889.908.000) 12/16 17:04:13 Job terminated.
	(1) Normal termination (return value 0)
		Usr 0 02:36:01, Sys 0 00:00:06  -  Run Remote Usage
		Usr 0 00:00:00, Sys 0 00:00:00  -  Run Local Usage
		Usr 0 02:36:01, Sys 0 00:00:06  -  Total Remote Usage
		Usr 0 00:00:00, Sys 0 00:00:00  -  Total Local Usage
	0  -  Run Bytes Sent By Job
	7584148  -  Run Bytes Received By Job
	0  -  Total Bytes Sent By Job
	7584148  -  Total Bytes Received By Job
	Partitionable Resources :    Usage  Request Allocated 
	   Cpus                 :     0.99        4         4 
	   Disk (KB)            : 33439        7500     11102 
	   GPUs                 :                           0 
	   Memory (MB)          :    40       12000     12000 
	   TimeExecute (s)      :  9440                       
	   TimeSlotBusy (s)     :  9442                       

	Job terminated of its own accord at 2025-12-16T16:04:12Z with exit-code 0.
...
