000 (10610888.969.000) 12/16 07:14:45 Job submitted from host: <188.185.71.83:9618?addrs=188.185.71.83-9618+[2001-1458-d00-7--100-34d]-9618&alias=bigbird18.cern.ch&noUDP&sock=schedd_5052_d48c>
...
040 (10610888.969.000) 12/16 10:12:33 Started transferring input files
	Transferring to host: <188.185.193.185:9618?addrs=188.185.193.185-9618+[2001-1458-303-20--100-b5]-9618&alias=b9p19p8898.cern.ch&noUDP&sock=slot1_12_7998_107e_83413>
...
040 (10610888.969.000) 12/16 10:12:33 Finished transferring input files
...
001 (10610888.969.000) 12/16 10:12:33 Job executing on host: <188.185.193.185:9618?addrs=188.185.193.185-9618+[2001-1458-303-20--100-b5]-9618&alias=b9p19p8898.cern.ch&noUDP&sock=startd_6838_e0b1>
	SlotName: slot1_12@b9p19p8898.cern.ch
	CondorScratchDir = "/pool/condor/dir_1704818"
	Cpus = 4
	Disk = 11110
	GPUs = 0
	Memory = 12000
...
006 (10610888.969.000) 12/16 10:12:47 Image size of job updated: 37500
	37  -  MemoryUsage of job (MB)
	37500  -  ResidentSetSize of job (KB)
...
006 (10610888.969.000) 12/16 10:17:48 Image size of job updated: 37920
	37  -  MemoryUsage of job (MB)
	37500  -  ResidentSetSize of job (KB)
...
006 (10610888.969.000) 12/16 12:32:24 Image size of job updated: 118448
	37  -  MemoryUsage of job (MB)
	37500  -  ResidentSetSize of job (KB)
...
040 (10610888.969.000) 12/16 12:32:25 Started transferring output files
...
040 (10610888.969.000) 12/16 12:32:25 Finished transferring output files
...
005 (10610888.969.000) 12/16 12:32:25 Job terminated.
	(1) Normal termination (return value 0)
		Usr 0 02:18:17, Sys 0 00:00:08  -  Run Remote Usage
		Usr 0 00:00:00, Sys 0 00:00:00  -  Run Local Usage
		Usr 0 02:18:17, Sys 0 00:00:08  -  Total Remote Usage
		Usr 0 00:00:00, Sys 0 00:00:00  -  Total Local Usage
	0  -  Run Bytes Sent By Job
	7584148  -  Run Bytes Received By Job
	0  -  Total Bytes Sent By Job
	7584148  -  Total Bytes Received By Job
	Partitionable Resources :    Usage  Request Allocated 
	   Cpus                 :     0.99        4         4 
	   Disk (KB)            : 32616        7500     11110 
	   GPUs                 :                           0 
	   Memory (MB)          :    37       12000     12000 
	   TimeExecute (s)      :  8391                       
	   TimeSlotBusy (s)     :  8392                       

	Job terminated of its own accord at 2025-12-16T11:32:24Z with exit-code 0.
...
