000 (10613550.097.000) 12/16 14:40:59 Job submitted from host: <188.185.71.83:9618?addrs=188.185.71.83-9618+[2001-1458-d00-7--100-34d]-9618&alias=bigbird18.cern.ch&noUDP&sock=schedd_5052_d48c>
...
040 (10613550.097.000) 12/16 15:35:49 Started transferring input files
	Transferring to host: <188.185.210.138:9618?addrs=188.185.210.138-9618+[2001-1458-303-15--100-6]-9618&alias=b9p22p4394.cern.ch&noUDP&sock=slot1_17_5339_8ef2_91744>
...
040 (10613550.097.000) 12/16 15:35:49 Finished transferring input files
...
001 (10613550.097.000) 12/16 15:35:49 Job executing on host: <188.185.210.138:9618?addrs=188.185.210.138-9618+[2001-1458-303-15--100-6]-9618&alias=b9p22p4394.cern.ch&noUDP&sock=startd_4349_a178>
	SlotName: slot1_17@b9p22p4394.cern.ch
	CondorScratchDir = "/pool/condor/dir_1956166"
	Cpus = 4
	Disk = 10970
	GPUs = 0
	Memory = 12000
...
006 (10613550.097.000) 12/16 15:36:03 Image size of job updated: 37488
	37  -  MemoryUsage of job (MB)
	37488  -  ResidentSetSize of job (KB)
...
006 (10613550.097.000) 12/16 15:41:04 Image size of job updated: 37908
	37  -  MemoryUsage of job (MB)
	37488  -  ResidentSetSize of job (KB)
...
006 (10613550.097.000) 12/16 16:51:17 Image size of job updated: 118440
	37  -  MemoryUsage of job (MB)
	37488  -  ResidentSetSize of job (KB)
...
040 (10613550.097.000) 12/16 16:51:18 Started transferring output files
...
040 (10613550.097.000) 12/16 16:51:18 Finished transferring output files
...
005 (10613550.097.000) 12/16 16:51:18 Job terminated.
	(1) Normal termination (return value 0)
		Usr 0 01:14:41, Sys 0 00:00:06  -  Run Remote Usage
		Usr 0 00:00:00, Sys 0 00:00:00  -  Run Local Usage
		Usr 0 01:14:41, Sys 0 00:00:06  -  Total Remote Usage
		Usr 0 00:00:00, Sys 0 00:00:00  -  Total Local Usage
	0  -  Run Bytes Sent By Job
	7584148  -  Run Bytes Received By Job
	0  -  Total Bytes Sent By Job
	7584148  -  Total Bytes Received By Job
	Partitionable Resources :    Usage  Request Allocated 
	   Cpus                 :     0.99        4         4 
	   Disk (KB)            : 32561        7500     10970 
	   GPUs                 :                           0 
	   Memory (MB)          :    37       12000     12000 
	   TimeExecute (s)      :  4528                       
	   TimeSlotBusy (s)     :  4529                       

	Job terminated of its own accord at 2025-12-16T15:51:17Z with exit-code 0.
...
