000 (10610889.449.000) 12/16 07:15:00 Job submitted from host: <188.185.71.83:9618?addrs=188.185.71.83-9618+[2001-1458-d00-7--100-34d]-9618&alias=bigbird18.cern.ch&noUDP&sock=schedd_5052_d48c>
...
040 (10610889.449.000) 12/16 14:09:11 Started transferring input files
	Transferring to host: <188.185.211.47:9618?addrs=188.185.211.47-9618+[2001-1458-303-16--100-2b]-9618&alias=b9p23p3488.cern.ch&noUDP&sock=slot1_6_1826295_cab3_11908>
...
040 (10610889.449.000) 12/16 14:09:11 Finished transferring input files
...
001 (10610889.449.000) 12/16 14:09:11 Job executing on host: <188.185.211.47:9618?addrs=188.185.211.47-9618+[2001-1458-303-16--100-2b]-9618&alias=b9p23p3488.cern.ch&noUDP&sock=startd_1826088_0f1a>
	SlotName: slot1_6@b9p23p3488.cern.ch
	CondorScratchDir = "/pool/condor/dir_76180"
	Cpus = 4
	Disk = 10968
	GPUs = 0
	Memory = 12000
...
006 (10610889.449.000) 12/16 14:09:25 Image size of job updated: 41580
	41  -  MemoryUsage of job (MB)
	41580  -  ResidentSetSize of job (KB)
...
006 (10610889.449.000) 12/16 14:14:26 Image size of job updated: 42000
	41  -  MemoryUsage of job (MB)
	41580  -  ResidentSetSize of job (KB)
...
006 (10610889.449.000) 12/16 15:26:37 Image size of job updated: 122520
	41  -  MemoryUsage of job (MB)
	41580  -  ResidentSetSize of job (KB)
...
040 (10610889.449.000) 12/16 15:26:38 Started transferring output files
...
040 (10610889.449.000) 12/16 15:26:38 Finished transferring output files
...
005 (10610889.449.000) 12/16 15:26:38 Job terminated.
	(1) Normal termination (return value 0)
		Usr 0 01:16:35, Sys 0 00:00:08  -  Run Remote Usage
		Usr 0 00:00:00, Sys 0 00:00:00  -  Run Local Usage
		Usr 0 01:16:35, Sys 0 00:00:08  -  Total Remote Usage
		Usr 0 00:00:00, Sys 0 00:00:00  -  Total Local Usage
	0  -  Run Bytes Sent By Job
	7584148  -  Run Bytes Received By Job
	0  -  Total Bytes Sent By Job
	7584148  -  Total Bytes Received By Job
	Partitionable Resources :    Usage  Request Allocated 
	   Cpus                 :     0.99        4         4 
	   Disk (KB)            : 33292        7500     10968 
	   GPUs                 :                           0 
	   Memory (MB)          :    41       12000     12000 
	   TimeExecute (s)      :  4646                       
	   TimeSlotBusy (s)     :  4647                       

	Job terminated of its own accord at 2025-12-16T14:26:37Z with exit-code 0.
...
