000 (10610887.855.000) 12/16 07:14:32 Job submitted from host: <188.185.71.83:9618?addrs=188.185.71.83-9618+[2001-1458-d00-7--100-34d]-9618&alias=bigbird18.cern.ch&noUDP&sock=schedd_5052_d48c>
...
040 (10610887.855.000) 12/16 07:59:41 Started transferring input files
	Transferring to host: <188.185.192.120:9618?addrs=188.185.192.120-9618+[2001-1458-303-1f--100-74]-9618&alias=b9p13p2670.cern.ch&noUDP&sock=slot1_17_5209_f62d_80635>
...
040 (10610887.855.000) 12/16 07:59:41 Finished transferring input files
...
001 (10610887.855.000) 12/16 07:59:41 Job executing on host: <188.185.192.120:9618?addrs=188.185.192.120-9618+[2001-1458-303-1f--100-74]-9618&alias=b9p13p2670.cern.ch&noUDP&sock=startd_4197_5f13>
	SlotName: slot1_17@b9p13p2670.cern.ch
	CondorScratchDir = "/pool/condor/dir_3381314"
	Cpus = 4
	Disk = 10966
	GPUs = 0
	Memory = 12000
...
006 (10610887.855.000) 12/16 07:59:55 Image size of job updated: 40536
	40  -  MemoryUsage of job (MB)
	40536  -  ResidentSetSize of job (KB)
...
006 (10610887.855.000) 12/16 08:04:56 Image size of job updated: 40628
	40  -  MemoryUsage of job (MB)
	40536  -  ResidentSetSize of job (KB)
...
040 (10610887.855.000) 12/16 10:20:17 Started transferring output files
...
040 (10610887.855.000) 12/16 10:20:17 Finished transferring output files
...
005 (10610887.855.000) 12/16 10:20:17 Job terminated.
	(1) Normal termination (return value 0)
		Usr 0 02:19:09, Sys 0 00:00:10  -  Run Remote Usage
		Usr 0 00:00:00, Sys 0 00:00:00  -  Run Local Usage
		Usr 0 02:19:09, Sys 0 00:00:10  -  Total Remote Usage
		Usr 0 00:00:00, Sys 0 00:00:00  -  Total Local Usage
	0  -  Run Bytes Sent By Job
	7584148  -  Run Bytes Received By Job
	0  -  Total Bytes Sent By Job
	7584148  -  Total Bytes Received By Job
	Partitionable Resources :    Usage  Request Allocated 
	   Cpus                 :     0.99        4         4 
	   Disk (KB)            : 33021        7500     10966 
	   GPUs                 :                           0 
	   Memory (MB)          :    40       12000     12000 
	   TimeExecute (s)      :  8435                       
	   TimeSlotBusy (s)     :  8437                       

	Job terminated of its own accord at 2025-12-16T09:20:16Z with exit-code 0.
...
