000 (10610888.652.000) 12/16 07:14:44 Job submitted from host: <188.185.71.83:9618?addrs=188.185.71.83-9618+[2001-1458-d00-7--100-34d]-9618&alias=bigbird18.cern.ch&noUDP&sock=schedd_5052_d48c>
...
040 (10610888.652.000) 12/16 09:33:29 Started transferring input files
	Transferring to host: <188.185.204.163:9618?addrs=188.185.204.163-9618+[2001-1458-303-8--100-97]-9618&alias=b9p02p1047.cern.ch&noUDP&sock=slot1_12_8840_5461_78394>
...
040 (10610888.652.000) 12/16 09:33:29 Finished transferring input files
...
001 (10610888.652.000) 12/16 09:33:29 Job executing on host: <188.185.204.163:9618?addrs=188.185.204.163-9618+[2001-1458-303-8--100-97]-9618&alias=b9p02p1047.cern.ch&noUDP&sock=startd_7384_6367>
	SlotName: slot1_12@b9p02p1047.cern.ch
	CondorScratchDir = "/pool/condor/dir_840198"
	Cpus = 4
	Disk = 10670
	GPUs = 0
	Memory = 12000
...
006 (10610888.652.000) 12/16 09:33:43 Image size of job updated: 39604
	39  -  MemoryUsage of job (MB)
	39604  -  ResidentSetSize of job (KB)
...
006 (10610888.652.000) 12/16 09:38:44 Image size of job updated: 39984
	39  -  MemoryUsage of job (MB)
	39604  -  ResidentSetSize of job (KB)
...
040 (10610888.652.000) 12/16 11:04:06 Started transferring output files
...
040 (10610888.652.000) 12/16 11:04:06 Finished transferring output files
...
005 (10610888.652.000) 12/16 11:04:06 Job terminated.
	(1) Normal termination (return value 0)
		Usr 0 01:29:03, Sys 0 00:00:08  -  Run Remote Usage
		Usr 0 00:00:00, Sys 0 00:00:00  -  Run Local Usage
		Usr 0 01:29:03, Sys 0 00:00:08  -  Total Remote Usage
		Usr 0 00:00:00, Sys 0 00:00:00  -  Total Local Usage
	0  -  Run Bytes Sent By Job
	7584148  -  Run Bytes Received By Job
	0  -  Total Bytes Sent By Job
	7584148  -  Total Bytes Received By Job
	Partitionable Resources :    Usage  Request Allocated 
	   Cpus                 :     0.99        4         4 
	   Disk (KB)            : 33823        7500     10670 
	   GPUs                 :                           0 
	   Memory (MB)          :    39       12000     12000 
	   TimeExecute (s)      :  5436                       
	   TimeSlotBusy (s)     :  5437                       

	Job terminated of its own accord at 2025-12-16T10:04:05Z with exit-code 0.
...
