000 (10610889.032.000) 12/16 07:15:00 Job submitted from host: <188.185.71.83:9618?addrs=188.185.71.83-9618+[2001-1458-d00-7--100-34d]-9618&alias=bigbird18.cern.ch&noUDP&sock=schedd_5052_d48c>
...
040 (10610889.032.000) 12/16 10:23:52 Started transferring input files
	Transferring to host: <188.185.194.108:9618?addrs=188.185.194.108-9618+[2001-1458-303-21--100-68]-9618&alias=b9p20p9212.cern.ch&noUDP&sock=slot1_32_7040_1117_80860>
...
040 (10610889.032.000) 12/16 10:23:52 Finished transferring input files
...
001 (10610889.032.000) 12/16 10:23:52 Job executing on host: <188.185.194.108:9618?addrs=188.185.194.108-9618+[2001-1458-303-21--100-68]-9618&alias=b9p20p9212.cern.ch&noUDP&sock=startd_5761_2532>
	SlotName: slot1_32@b9p20p9212.cern.ch
	CondorScratchDir = "/pool/condor/dir_3403849"
	Cpus = 4
	Disk = 11131
	GPUs = 0
	Memory = 12000
...
006 (10610889.032.000) 12/16 10:24:06 Image size of job updated: 40036
	40  -  MemoryUsage of job (MB)
	40036  -  ResidentSetSize of job (KB)
...
006 (10610889.032.000) 12/16 10:29:07 Image size of job updated: 40456
	40  -  MemoryUsage of job (MB)
	40036  -  ResidentSetSize of job (KB)
...
040 (10610889.032.000) 12/16 12:44:10 Started transferring output files
...
040 (10610889.032.000) 12/16 12:44:10 Finished transferring output files
...
005 (10610889.032.000) 12/16 12:44:10 Job terminated.
	(1) Normal termination (return value 0)
		Usr 0 02:19:03, Sys 0 00:00:07  -  Run Remote Usage
		Usr 0 00:00:00, Sys 0 00:00:00  -  Run Local Usage
		Usr 0 02:19:03, Sys 0 00:00:07  -  Total Remote Usage
		Usr 0 00:00:00, Sys 0 00:00:00  -  Total Local Usage
	0  -  Run Bytes Sent By Job
	7584148  -  Run Bytes Received By Job
	0  -  Total Bytes Sent By Job
	7584148  -  Total Bytes Received By Job
	Partitionable Resources :    Usage  Request Allocated 
	   Cpus                 :     0.99        4         4 
	   Disk (KB)            : 32995        7500     11131 
	   GPUs                 :                           0 
	   Memory (MB)          :    40       12000     12000 
	   TimeExecute (s)      :  8417                       
	   TimeSlotBusy (s)     :  8418                       

	Job terminated of its own accord at 2025-12-16T11:44:09Z with exit-code 0.
...
