000 (10613550.503.000) 12/16 14:40:59 Job submitted from host: <188.185.71.83:9618?addrs=188.185.71.83-9618+[2001-1458-d00-7--100-34d]-9618&alias=bigbird18.cern.ch&noUDP&sock=schedd_5052_d48c>
...
040 (10613550.503.000) 12/16 16:16:02 Started transferring input files
	Transferring to host: <188.185.192.140:9618?addrs=188.185.192.140-9618+[2001-1458-303-1f--100-88]-9618&alias=b9p13p5937.cern.ch&noUDP&sock=slot1_35_6234_2ab7_87709>
...
040 (10613550.503.000) 12/16 16:16:02 Finished transferring input files
...
001 (10613550.503.000) 12/16 16:16:02 Job executing on host: <188.185.192.140:9618?addrs=188.185.192.140-9618+[2001-1458-303-1f--100-88]-9618&alias=b9p13p5937.cern.ch&noUDP&sock=startd_4715_ad21>
	SlotName: slot1_35@b9p13p5937.cern.ch
	CondorScratchDir = "/pool/condor/dir_471824"
	Cpus = 4
	Disk = 11068
	GPUs = 0
	Memory = 12000
...
006 (10613550.503.000) 12/16 16:16:16 Image size of job updated: 40592
	40  -  MemoryUsage of job (MB)
	40592  -  ResidentSetSize of job (KB)
...
006 (10613550.503.000) 12/16 16:21:17 Image size of job updated: 40684
	40  -  MemoryUsage of job (MB)
	40592  -  ResidentSetSize of job (KB)
...
040 (10613550.503.000) 12/16 17:58:38 Started transferring output files
...
040 (10613550.503.000) 12/16 17:58:38 Finished transferring output files
...
005 (10613550.503.000) 12/16 17:58:38 Job terminated.
	(1) Normal termination (return value 0)
		Usr 0 01:41:44, Sys 0 00:00:05  -  Run Remote Usage
		Usr 0 00:00:00, Sys 0 00:00:00  -  Run Local Usage
		Usr 0 01:41:44, Sys 0 00:00:05  -  Total Remote Usage
		Usr 0 00:00:00, Sys 0 00:00:00  -  Total Local Usage
	0  -  Run Bytes Sent By Job
	7584148  -  Run Bytes Received By Job
	0  -  Total Bytes Sent By Job
	7584148  -  Total Bytes Received By Job
	Partitionable Resources :    Usage  Request Allocated 
	   Cpus                 :     0.99        4         4 
	   Disk (KB)            : 32923        7500     11068 
	   GPUs                 :                           0 
	   Memory (MB)          :    40       12000     12000 
	   TimeExecute (s)      :  6155                       
	   TimeSlotBusy (s)     :  6156                       

	Job terminated of its own accord at 2025-12-16T16:58:37Z with exit-code 0.
...
