000 (10610888.299.000) 12/16 07:14:44 Job submitted from host: <188.185.71.83:9618?addrs=188.185.71.83-9618+[2001-1458-d00-7--100-34d]-9618&alias=bigbird18.cern.ch&noUDP&sock=schedd_5052_d48c>
...
040 (10610888.299.000) 12/16 09:15:18 Started transferring input files
	Transferring to host: <188.185.212.83:9618?addrs=188.185.212.83-9618+[2001-1458-303-18--100-4f]-9618&alias=b9p25p7437.cern.ch&noUDP&sock=slot1_7_5518_ae19_90734>
...
040 (10610888.299.000) 12/16 09:15:18 Finished transferring input files
...
001 (10610888.299.000) 12/16 09:15:18 Job executing on host: <188.185.212.83:9618?addrs=188.185.212.83-9618+[2001-1458-303-18--100-4f]-9618&alias=b9p25p7437.cern.ch&noUDP&sock=startd_4557_4d2b>
	SlotName: slot1_7@b9p25p7437.cern.ch
	CondorScratchDir = "/pool/condor/dir_2296409"
	Cpus = 4
	Disk = 11124
	GPUs = 0
	Memory = 12000
...
006 (10610888.299.000) 12/16 09:15:32 Image size of job updated: 37988
	38  -  MemoryUsage of job (MB)
	37988  -  ResidentSetSize of job (KB)
...
006 (10610888.299.000) 12/16 09:20:32 Image size of job updated: 38408
	38  -  MemoryUsage of job (MB)
	37988  -  ResidentSetSize of job (KB)
...
006 (10610888.299.000) 12/16 10:00:36 Image size of job updated: 45944
	45  -  MemoryUsage of job (MB)
	45944  -  ResidentSetSize of job (KB)
...
040 (10610888.299.000) 12/16 10:41:01 Started transferring output files
...
040 (10610888.299.000) 12/16 10:41:01 Finished transferring output files
...
005 (10610888.299.000) 12/16 10:41:01 Job terminated.
	(1) Normal termination (return value 0)
		Usr 0 01:24:43, Sys 0 00:00:06  -  Run Remote Usage
		Usr 0 00:00:00, Sys 0 00:00:00  -  Run Local Usage
		Usr 0 01:24:43, Sys 0 00:00:06  -  Total Remote Usage
		Usr 0 00:00:00, Sys 0 00:00:00  -  Total Local Usage
	0  -  Run Bytes Sent By Job
	7584148  -  Run Bytes Received By Job
	0  -  Total Bytes Sent By Job
	7584148  -  Total Bytes Received By Job
	Partitionable Resources :    Usage  Request Allocated 
	   Cpus                 :     0.99        4         4 
	   Disk (KB)            : 32861        7500     11124 
	   GPUs                 :                           0 
	   Memory (MB)          :    45       12000     12000 
	   TimeExecute (s)      :  5142                       
	   TimeSlotBusy (s)     :  5143                       

	Job terminated of its own accord at 2025-12-16T09:41:00Z with exit-code 0.
...
