000 (10613549.749.000) 12/16 14:40:45 Job submitted from host: <188.185.71.83:9618?addrs=188.185.71.83-9618+[2001-1458-d00-7--100-34d]-9618&alias=bigbird18.cern.ch&noUDP&sock=schedd_5052_d48c>
...
040 (10613549.749.000) 12/16 15:31:45 Started transferring input files
	Transferring to host: <188.185.212.65:9618?addrs=188.185.212.65-9618+[2001-1458-303-18--100-3d]-9618&alias=b9p25p5165.cern.ch&noUDP&sock=slot1_11_4430_15ed_92335>
...
040 (10613549.749.000) 12/16 15:31:45 Finished transferring input files
...
001 (10613549.749.000) 12/16 15:31:45 Job executing on host: <188.185.212.65:9618?addrs=188.185.212.65-9618+[2001-1458-303-18--100-3d]-9618&alias=b9p25p5165.cern.ch&noUDP&sock=startd_3783_66dd>
	SlotName: slot1_11@b9p25p5165.cern.ch
	CondorScratchDir = "/pool/condor/dir_2099974"
	Cpus = 4
	Disk = 10633
	GPUs = 0
	Memory = 12000
...
006 (10613549.749.000) 12/16 15:31:59 Image size of job updated: 33888
	34  -  MemoryUsage of job (MB)
	33888  -  ResidentSetSize of job (KB)
...
006 (10613549.749.000) 12/16 15:37:00 Image size of job updated: 34308
	34  -  MemoryUsage of job (MB)
	33888  -  ResidentSetSize of job (KB)
...
006 (10613549.749.000) 12/16 16:49:48 Image size of job updated: 120776
	34  -  MemoryUsage of job (MB)
	33888  -  ResidentSetSize of job (KB)
...
040 (10613549.749.000) 12/16 16:49:49 Started transferring output files
...
040 (10613549.749.000) 12/16 16:49:49 Finished transferring output files
...
005 (10613549.749.000) 12/16 16:49:49 Job terminated.
	(1) Normal termination (return value 0)
		Usr 0 01:17:10, Sys 0 00:00:06  -  Run Remote Usage
		Usr 0 00:00:00, Sys 0 00:00:00  -  Run Local Usage
		Usr 0 01:17:10, Sys 0 00:00:06  -  Total Remote Usage
		Usr 0 00:00:00, Sys 0 00:00:00  -  Total Local Usage
	0  -  Run Bytes Sent By Job
	7584148  -  Run Bytes Received By Job
	0  -  Total Bytes Sent By Job
	7584148  -  Total Bytes Received By Job
	Partitionable Resources :    Usage  Request Allocated 
	   Cpus                 :     0.99        4         4 
	   Disk (KB)            : 33355        7500     10633 
	   GPUs                 :                           0 
	   Memory (MB)          :    34       12000     12000 
	   TimeExecute (s)      :  4683                       
	   TimeSlotBusy (s)     :  4684                       

	Job terminated of its own accord at 2025-12-16T15:49:48Z with exit-code 0.
...
