000 (10610887.191.000) 12/16 07:14:31 Job submitted from host: <188.185.71.83:9618?addrs=188.185.71.83-9618+[2001-1458-d00-7--100-34d]-9618&alias=bigbird18.cern.ch&noUDP&sock=schedd_5052_d48c>
...
040 (10610887.191.000) 12/16 07:44:54 Started transferring input files
	Transferring to host: <188.185.194.126:9618?addrs=188.185.194.126-9618+[2001-1458-303-21--100-7a]-9618&alias=b9p20p8030.cern.ch&noUDP&sock=slot1_1_8851_1481_81269>
...
040 (10610887.191.000) 12/16 07:44:54 Finished transferring input files
...
001 (10610887.191.000) 12/16 07:44:54 Job executing on host: <188.185.194.126:9618?addrs=188.185.194.126-9618+[2001-1458-303-21--100-7a]-9618&alias=b9p20p8030.cern.ch&noUDP&sock=startd_7709_4faf>
	SlotName: slot1_1@b9p20p8030.cern.ch
	CondorScratchDir = "/pool/condor/dir_1485554"
	Cpus = 4
	Disk = 11041
	GPUs = 0
	Memory = 12000
...
006 (10610887.191.000) 12/16 07:45:09 Image size of job updated: 37408
	37  -  MemoryUsage of job (MB)
	37408  -  ResidentSetSize of job (KB)
...
006 (10610887.191.000) 12/16 07:50:10 Image size of job updated: 37860
	37  -  MemoryUsage of job (MB)
	37408  -  ResidentSetSize of job (KB)
...
006 (10610887.191.000) 12/16 10:52:05 Image size of job updated: 118316
	37  -  MemoryUsage of job (MB)
	37408  -  ResidentSetSize of job (KB)
...
040 (10610887.191.000) 12/16 10:52:06 Started transferring output files
...
040 (10610887.191.000) 12/16 10:52:07 Finished transferring output files
...
005 (10610887.191.000) 12/16 10:52:07 Job terminated.
	(1) Normal termination (return value 0)
		Usr 0 03:01:15, Sys 0 00:00:14  -  Run Remote Usage
		Usr 0 00:00:00, Sys 0 00:00:00  -  Run Local Usage
		Usr 0 03:01:15, Sys 0 00:00:14  -  Total Remote Usage
		Usr 0 00:00:00, Sys 0 00:00:00  -  Total Local Usage
	0  -  Run Bytes Sent By Job
	7584148  -  Run Bytes Received By Job
	0  -  Total Bytes Sent By Job
	7584148  -  Total Bytes Received By Job
	Partitionable Resources :    Usage  Request Allocated 
	   Cpus                 :     0.97        4         4 
	   Disk (KB)            : 33099        7500     11041 
	   GPUs                 :                           0 
	   Memory (MB)          :    37       12000     12000 
	   TimeExecute (s)      : 11231                       
	   TimeSlotBusy (s)     : 11234                       

	Job terminated of its own accord at 2025-12-16T09:52:05Z with exit-code 0.
...
