000 (10610888.437.000) 12/16 07:14:44 Job submitted from host: <188.185.71.83:9618?addrs=188.185.71.83-9618+[2001-1458-d00-7--100-34d]-9618&alias=bigbird18.cern.ch&noUDP&sock=schedd_5052_d48c>
...
040 (10610888.437.000) 12/16 09:24:39 Started transferring input files
	Transferring to host: <188.185.214.50:9618?addrs=188.185.214.50-9618+[2001-1458-303-1c--100-2e]-9618&alias=b9p29p6521.cern.ch&noUDP&sock=slot1_13_4099_ddc0_92599>
...
040 (10610888.437.000) 12/16 09:24:39 Finished transferring input files
...
001 (10610888.437.000) 12/16 09:24:39 Job executing on host: <188.185.214.50:9618?addrs=188.185.214.50-9618+[2001-1458-303-1c--100-2e]-9618&alias=b9p29p6521.cern.ch&noUDP&sock=startd_3476_d34a>
	SlotName: slot1_13@b9p29p6521.cern.ch
	CondorScratchDir = "/pool/condor/dir_1589065"
	Cpus = 4
	Disk = 11082
	GPUs = 0
	Memory = 12000
...
006 (10610888.437.000) 12/16 09:24:53 Image size of job updated: 34012
	34  -  MemoryUsage of job (MB)
	34012  -  ResidentSetSize of job (KB)
...
006 (10610888.437.000) 12/16 09:29:53 Image size of job updated: 34104
	34  -  MemoryUsage of job (MB)
	34012  -  ResidentSetSize of job (KB)
...
040 (10610888.437.000) 12/16 10:44:35 Started transferring output files
...
040 (10610888.437.000) 12/16 10:44:36 Finished transferring output files
...
005 (10610888.437.000) 12/16 10:44:40 Job terminated.
	(1) Normal termination (return value 0)
		Usr 0 01:18:56, Sys 0 00:00:10  -  Run Remote Usage
		Usr 0 00:00:00, Sys 0 00:00:00  -  Run Local Usage
		Usr 0 01:18:56, Sys 0 00:00:10  -  Total Remote Usage
		Usr 0 00:00:00, Sys 0 00:00:00  -  Total Local Usage
	0  -  Run Bytes Sent By Job
	7584148  -  Run Bytes Received By Job
	0  -  Total Bytes Sent By Job
	7584148  -  Total Bytes Received By Job
	Partitionable Resources :    Usage  Request Allocated 
	   Cpus                 :     0.99        4         4 
	   Disk (KB)            : 33167        7500     11082 
	   GPUs                 :                           0 
	   Memory (MB)          :    34       12000     12000 
	   TimeExecute (s)      :  4794                       
	   TimeSlotBusy (s)     :  4797                       

	Job terminated of its own accord at 2025-12-16T09:44:33Z with exit-code 0.
...
