000 (10610889.483.000) 12/16 07:15:00 Job submitted from host: <188.185.71.83:9618?addrs=188.185.71.83-9618+[2001-1458-d00-7--100-34d]-9618&alias=bigbird18.cern.ch&noUDP&sock=schedd_5052_d48c>
...
040 (10610889.483.000) 12/16 14:09:22 Started transferring input files
	Transferring to host: <188.185.210.194:9618?addrs=188.185.210.194-9618+[2001-1458-303-15--100-3e]-9618&alias=b9p22p1324.cern.ch&noUDP&sock=slot1_8_4875_a0df_112022>
...
040 (10610889.483.000) 12/16 14:09:22 Finished transferring input files
...
001 (10610889.483.000) 12/16 14:09:22 Job executing on host: <188.185.210.194:9618?addrs=188.185.210.194-9618+[2001-1458-303-15--100-3e]-9618&alias=b9p22p1324.cern.ch&noUDP&sock=startd_3981_369e>
	SlotName: slot1_8@b9p22p1324.cern.ch
	CondorScratchDir = "/pool/condor/dir_4105781"
	Cpus = 4
	Disk = 10895
	GPUs = 0
	Memory = 12000
...
006 (10610889.483.000) 12/16 14:09:36 Image size of job updated: 40076
	40  -  MemoryUsage of job (MB)
	40076  -  ResidentSetSize of job (KB)
...
006 (10610889.483.000) 12/16 14:14:37 Image size of job updated: 40496
	40  -  MemoryUsage of job (MB)
	40076  -  ResidentSetSize of job (KB)
...
006 (10610889.483.000) 12/16 15:44:46 Image size of job updated: 121020
	119  -  MemoryUsage of job (MB)
	121020  -  ResidentSetSize of job (KB)
...
040 (10610889.483.000) 12/16 15:44:46 Started transferring output files
...
040 (10610889.483.000) 12/16 15:44:47 Finished transferring output files
...
005 (10610889.483.000) 12/16 15:44:47 Job terminated.
	(1) Normal termination (return value 0)
		Usr 0 01:34:03, Sys 0 00:00:08  -  Run Remote Usage
		Usr 0 00:00:00, Sys 0 00:00:00  -  Run Local Usage
		Usr 0 01:34:03, Sys 0 00:00:08  -  Total Remote Usage
		Usr 0 00:00:00, Sys 0 00:00:00  -  Total Local Usage
	0  -  Run Bytes Sent By Job
	7584148  -  Run Bytes Received By Job
	0  -  Total Bytes Sent By Job
	7584148  -  Total Bytes Received By Job
	Partitionable Resources :    Usage  Request Allocated 
	   Cpus                 :     0.99        4         4 
	   Disk (KB)            : 33029        7500     10895 
	   GPUs                 :                           0 
	   Memory (MB)          :   119       12000     12000 
	   TimeExecute (s)      :  5724                       
	   TimeSlotBusy (s)     :  5726                       

	Job terminated of its own accord at 2025-12-16T14:44:46Z with exit-code 0.
...
