000 (10610889.081.000) 12/16 07:15:00 Job submitted from host: <188.185.71.83:9618?addrs=188.185.71.83-9618+[2001-1458-d00-7--100-34d]-9618&alias=bigbird18.cern.ch&noUDP&sock=schedd_5052_d48c>
...
040 (10610889.081.000) 12/16 10:36:44 Started transferring input files
	Transferring to host: <128.142.192.156:9618?addrs=128.142.192.156-9618+[2001-1458-301-56--100-18]-9618&alias=b9g18p6330.cern.ch&noUDP&sock=slot1_26_5049_3a26_5900>
...
040 (10610889.081.000) 12/16 10:36:44 Finished transferring input files
...
001 (10610889.081.000) 12/16 10:36:44 Job executing on host: <128.142.192.156:9618?addrs=128.142.192.156-9618+[2001-1458-301-56--100-18]-9618&alias=b9g18p6330.cern.ch&noUDP&sock=startd_4313_f00f>
	SlotName: slot1_26@b9g18p6330.cern.ch
	CondorScratchDir = "/pool/condor/dir_2514399"
	Cpus = 4
	Disk = 10933
	GPUs = 0
	Memory = 12000
...
006 (10610889.081.000) 12/16 10:36:58 Image size of job updated: 37448
	37  -  MemoryUsage of job (MB)
	37448  -  ResidentSetSize of job (KB)
...
006 (10610889.081.000) 12/16 10:41:59 Image size of job updated: 37868
	37  -  MemoryUsage of job (MB)
	37448  -  ResidentSetSize of job (KB)
...
040 (10610889.081.000) 12/16 12:52:24 Started transferring output files
...
040 (10610889.081.000) 12/16 12:52:25 Finished transferring output files
...
005 (10610889.081.000) 12/16 12:52:25 Job terminated.
	(1) Normal termination (return value 0)
		Usr 0 02:14:44, Sys 0 00:00:06  -  Run Remote Usage
		Usr 0 00:00:00, Sys 0 00:00:00  -  Run Local Usage
		Usr 0 02:14:44, Sys 0 00:00:06  -  Total Remote Usage
		Usr 0 00:00:00, Sys 0 00:00:00  -  Total Local Usage
	0  -  Run Bytes Sent By Job
	7584148  -  Run Bytes Received By Job
	0  -  Total Bytes Sent By Job
	7584148  -  Total Bytes Received By Job
	Partitionable Resources :    Usage  Request Allocated 
	   Cpus                 :     0.99        4         4 
	   Disk (KB)            : 32296        7500     10933 
	   GPUs                 :                           0 
	   Memory (MB)          :    37       12000     12000 
	   TimeExecute (s)      :  8139                       
	   TimeSlotBusy (s)     :  8141                       

	Job terminated of its own accord at 2025-12-16T11:52:23Z with exit-code 0.
...
