000 (10610888.258.000) 12/16 07:14:44 Job submitted from host: <188.185.71.83:9618?addrs=188.185.71.83-9618+[2001-1458-d00-7--100-34d]-9618&alias=bigbird18.cern.ch&noUDP&sock=schedd_5052_d48c>
...
040 (10610888.258.000) 12/16 09:12:00 Started transferring input files
	Transferring to host: <188.185.215.82:9618?addrs=188.185.215.82-9618+[2001-1458-303-1e--100-4e]-9618&alias=b9p31p7665.cern.ch&noUDP&sock=slot1_9_5369_b233_90823>
...
040 (10610888.258.000) 12/16 09:12:00 Finished transferring input files
...
001 (10610888.258.000) 12/16 09:12:00 Job executing on host: <188.185.215.82:9618?addrs=188.185.215.82-9618+[2001-1458-303-1e--100-4e]-9618&alias=b9p31p7665.cern.ch&noUDP&sock=startd_4401_4c65>
	SlotName: slot1_9@b9p31p7665.cern.ch
	CondorScratchDir = "/pool/condor/dir_115833"
	Cpus = 4
	Disk = 11149
	GPUs = 0
	Memory = 12000
...
006 (10610888.258.000) 12/16 09:12:14 Image size of job updated: 37508
	37  -  MemoryUsage of job (MB)
	37508  -  ResidentSetSize of job (KB)
...
006 (10610888.258.000) 12/16 09:17:15 Image size of job updated: 37928
	37  -  MemoryUsage of job (MB)
	37508  -  ResidentSetSize of job (KB)
...
040 (10610888.258.000) 12/16 10:29:50 Started transferring output files
...
040 (10610888.258.000) 12/16 10:29:51 Finished transferring output files
...
005 (10610888.258.000) 12/16 10:29:51 Job terminated.
	(1) Normal termination (return value 0)
		Usr 0 01:17:00, Sys 0 00:00:06  -  Run Remote Usage
		Usr 0 00:00:00, Sys 0 00:00:00  -  Run Local Usage
		Usr 0 01:17:00, Sys 0 00:00:06  -  Total Remote Usage
		Usr 0 00:00:00, Sys 0 00:00:00  -  Total Local Usage
	0  -  Run Bytes Sent By Job
	7584148  -  Run Bytes Received By Job
	0  -  Total Bytes Sent By Job
	7584148  -  Total Bytes Received By Job
	Partitionable Resources :    Usage  Request Allocated 
	   Cpus                 :     0.99        4         4 
	   Disk (KB)            : 33370        7500     11149 
	   GPUs                 :                           0 
	   Memory (MB)          :    37       12000     12000 
	   TimeExecute (s)      :  4670                       
	   TimeSlotBusy (s)     :  4671                       

	Job terminated of its own accord at 2025-12-16T09:29:50Z with exit-code 0.
...
