000 (10610887.628.000) 12/16 07:14:31 Job submitted from host: <188.185.71.83:9618?addrs=188.185.71.83-9618+[2001-1458-d00-7--100-34d]-9618&alias=bigbird18.cern.ch&noUDP&sock=schedd_5052_d48c>
...
040 (10610887.628.000) 12/16 07:54:46 Started transferring input files
	Transferring to host: <188.185.193.17:9618?addrs=188.185.193.17-9618+[2001-1458-303-20--100-d]-9618&alias=b9p19p8874.cern.ch&noUDP&sock=slot1_1_6528_5103_81468>
...
040 (10610887.628.000) 12/16 07:54:46 Finished transferring input files
...
001 (10610887.628.000) 12/16 07:54:46 Job executing on host: <188.185.193.17:9618?addrs=188.185.193.17-9618+[2001-1458-303-20--100-d]-9618&alias=b9p19p8874.cern.ch&noUDP&sock=startd_5397_78b9>
	SlotName: slot1_1@b9p19p8874.cern.ch
	CondorScratchDir = "/pool/condor/dir_885181"
	Cpus = 4
	Disk = 11045
	GPUs = 0
	Memory = 12000
...
006 (10610887.628.000) 12/16 07:55:00 Image size of job updated: 37520
	37  -  MemoryUsage of job (MB)
	37520  -  ResidentSetSize of job (KB)
...
006 (10610887.628.000) 12/16 08:00:01 Image size of job updated: 37940
	37  -  MemoryUsage of job (MB)
	37520  -  ResidentSetSize of job (KB)
...
006 (10610887.628.000) 12/16 10:44:19 Image size of job updated: 118464
	37  -  MemoryUsage of job (MB)
	37520  -  ResidentSetSize of job (KB)
...
040 (10610887.628.000) 12/16 10:44:20 Started transferring output files
...
040 (10610887.628.000) 12/16 10:44:21 Finished transferring output files
...
005 (10610887.628.000) 12/16 10:44:21 Job terminated.
	(1) Normal termination (return value 0)
		Usr 0 02:47:28, Sys 0 00:00:08  -  Run Remote Usage
		Usr 0 00:00:00, Sys 0 00:00:00  -  Run Local Usage
		Usr 0 02:47:28, Sys 0 00:00:08  -  Total Remote Usage
		Usr 0 00:00:00, Sys 0 00:00:00  -  Total Local Usage
	0  -  Run Bytes Sent By Job
	7584148  -  Run Bytes Received By Job
	0  -  Total Bytes Sent By Job
	7584148  -  Total Bytes Received By Job
	Partitionable Resources :    Usage  Request Allocated 
	   Cpus                 :     0.99        4         4 
	   Disk (KB)            : 34164        7500     11045 
	   GPUs                 :                           0 
	   Memory (MB)          :    37       12000     12000 
	   TimeExecute (s)      : 10173                       
	   TimeSlotBusy (s)     : 10176                       

	Job terminated of its own accord at 2025-12-16T09:44:19Z with exit-code 0.
...
