000 (10610889.851.000) 12/16 07:15:01 Job submitted from host: <188.185.71.83:9618?addrs=188.185.71.83-9618+[2001-1458-d00-7--100-34d]-9618&alias=bigbird18.cern.ch&noUDP&sock=schedd_5052_d48c>
...
040 (10610889.851.000) 12/16 14:26:32 Started transferring input files
	Transferring to host: <188.185.215.74:9618?addrs=188.185.215.74-9618+[2001-1458-303-1e--100-46]-9618&alias=b9p31p1177.cern.ch&noUDP&sock=slot1_3_4588_6934_95136>
...
040 (10610889.851.000) 12/16 14:26:32 Finished transferring input files
...
001 (10610889.851.000) 12/16 14:26:32 Job executing on host: <188.185.215.74:9618?addrs=188.185.215.74-9618+[2001-1458-303-1e--100-46]-9618&alias=b9p31p1177.cern.ch&noUDP&sock=startd_3877_e0c4>
	SlotName: slot1_3@b9p31p1177.cern.ch
	CondorScratchDir = "/pool/condor/dir_2260852"
	Cpus = 4
	Disk = 10893
	GPUs = 0
	Memory = 12000
...
006 (10610889.851.000) 12/16 14:26:46 Image size of job updated: 37496
	37  -  MemoryUsage of job (MB)
	37496  -  ResidentSetSize of job (KB)
...
006 (10610889.851.000) 12/16 14:31:47 Image size of job updated: 37920
	37  -  MemoryUsage of job (MB)
	37496  -  ResidentSetSize of job (KB)
...
040 (10610889.851.000) 12/16 15:43:19 Started transferring output files
...
040 (10610889.851.000) 12/16 15:43:19 Finished transferring output files
...
005 (10610889.851.000) 12/16 15:43:19 Job terminated.
	(1) Normal termination (return value 0)
		Usr 0 01:15:55, Sys 0 00:00:07  -  Run Remote Usage
		Usr 0 00:00:00, Sys 0 00:00:00  -  Run Local Usage
		Usr 0 01:15:55, Sys 0 00:00:07  -  Total Remote Usage
		Usr 0 00:00:00, Sys 0 00:00:00  -  Total Local Usage
	0  -  Run Bytes Sent By Job
	7584148  -  Run Bytes Received By Job
	0  -  Total Bytes Sent By Job
	7584148  -  Total Bytes Received By Job
	Partitionable Resources :    Usage  Request Allocated 
	   Cpus                 :     0.99        4         4 
	   Disk (KB)            : 32820        7500     10893 
	   GPUs                 :                           0 
	   Memory (MB)          :    37       12000     12000 
	   TimeExecute (s)      :  4606                       
	   TimeSlotBusy (s)     :  4607                       

	Job terminated of its own accord at 2025-12-16T14:43:18Z with exit-code 0.
...
