000 (10610888.607.000) 12/16 07:14:44 Job submitted from host: <188.185.71.83:9618?addrs=188.185.71.83-9618+[2001-1458-d00-7--100-34d]-9618&alias=bigbird18.cern.ch&noUDP&sock=schedd_5052_d48c>
...
040 (10610888.607.000) 12/16 09:31:21 Started transferring input files
	Transferring to host: <188.185.215.58:9618?addrs=188.185.215.58-9618+[2001-1458-303-1e--100-36]-9618&alias=b9p31p2887.cern.ch&noUDP&sock=slot1_8_4328_37a9_96094>
...
040 (10610888.607.000) 12/16 09:31:21 Finished transferring input files
...
001 (10610888.607.000) 12/16 09:31:21 Job executing on host: <188.185.215.58:9618?addrs=188.185.215.58-9618+[2001-1458-303-1e--100-36]-9618&alias=b9p31p2887.cern.ch&noUDP&sock=startd_3679_1104>
	SlotName: slot1_8@b9p31p2887.cern.ch
	CondorScratchDir = "/pool/condor/dir_1263572"
	Cpus = 4
	Disk = 11187
	GPUs = 0
	Memory = 12000
...
006 (10610888.607.000) 12/16 09:31:35 Image size of job updated: 26740
	27  -  MemoryUsage of job (MB)
	26740  -  ResidentSetSize of job (KB)
...
006 (10610888.607.000) 12/16 09:36:35 Image size of job updated: 27160
	27  -  MemoryUsage of job (MB)
	26740  -  ResidentSetSize of job (KB)
...
040 (10610888.607.000) 12/16 11:05:31 Started transferring output files
...
040 (10610888.607.000) 12/16 11:05:32 Finished transferring output files
...
005 (10610888.607.000) 12/16 11:05:32 Job terminated.
	(1) Normal termination (return value 0)
		Usr 0 01:32:25, Sys 0 00:00:16  -  Run Remote Usage
		Usr 0 00:00:00, Sys 0 00:00:00  -  Run Local Usage
		Usr 0 01:32:25, Sys 0 00:00:16  -  Total Remote Usage
		Usr 0 00:00:00, Sys 0 00:00:00  -  Total Local Usage
	0  -  Run Bytes Sent By Job
	7584148  -  Run Bytes Received By Job
	0  -  Total Bytes Sent By Job
	7584148  -  Total Bytes Received By Job
	Partitionable Resources :    Usage  Request Allocated 
	   Cpus                 :     0.99        4         4 
	   Disk (KB)            : 33231        7500     11187 
	   GPUs                 :                           0 
	   Memory (MB)          :    27       12000     12000 
	   TimeExecute (s)      :  5650                       
	   TimeSlotBusy (s)     :  5651                       

	Job terminated of its own accord at 2025-12-16T10:05:30Z with exit-code 0.
...
