000 (10610887.526.000) 12/16 07:14:31 Job submitted from host: <188.185.71.83:9618?addrs=188.185.71.83-9618+[2001-1458-d00-7--100-34d]-9618&alias=bigbird18.cern.ch&noUDP&sock=schedd_5052_d48c>
...
040 (10610887.526.000) 12/16 07:50:42 Started transferring input files
	Transferring to host: <188.185.207.41:9618?addrs=188.185.207.41-9618+[2001-1458-303-d--100-26]-9618&alias=b9p07p5776.cern.ch&noUDP&sock=slot1_7_8504_9653_75492>
...
040 (10610887.526.000) 12/16 07:50:42 Finished transferring input files
...
001 (10610887.526.000) 12/16 07:50:42 Job executing on host: <188.185.207.41:9618?addrs=188.185.207.41-9618+[2001-1458-303-d--100-26]-9618&alias=b9p07p5776.cern.ch&noUDP&sock=startd_7043_7d9c>
	SlotName: slot1_7@b9p07p5776.cern.ch
	CondorScratchDir = "/pool/condor/dir_536010"
	Cpus = 4
	Disk = 10782
	GPUs = 0
	Memory = 12000
...
006 (10610887.526.000) 12/16 07:50:56 Image size of job updated: 41672
	41  -  MemoryUsage of job (MB)
	41672  -  ResidentSetSize of job (KB)
...
006 (10610887.526.000) 12/16 07:55:56 Image size of job updated: 42080
	41  -  MemoryUsage of job (MB)
	41672  -  ResidentSetSize of job (KB)
...
006 (10610887.526.000) 12/16 09:24:18 Image size of job updated: 122688
	41  -  MemoryUsage of job (MB)
	41672  -  ResidentSetSize of job (KB)
...
040 (10610887.526.000) 12/16 09:24:19 Started transferring output files
...
040 (10610887.526.000) 12/16 09:24:19 Finished transferring output files
...
005 (10610887.526.000) 12/16 09:24:20 Job terminated.
	(1) Normal termination (return value 0)
		Usr 0 01:32:09, Sys 0 00:00:09  -  Run Remote Usage
		Usr 0 00:00:00, Sys 0 00:00:00  -  Run Local Usage
		Usr 0 01:32:09, Sys 0 00:00:09  -  Total Remote Usage
		Usr 0 00:00:00, Sys 0 00:00:00  -  Total Local Usage
	0  -  Run Bytes Sent By Job
	7584148  -  Run Bytes Received By Job
	0  -  Total Bytes Sent By Job
	7584148  -  Total Bytes Received By Job
	Partitionable Resources :    Usage  Request Allocated 
	   Cpus                 :     0.99        4         4 
	   Disk (KB)            : 33360        7500     10782 
	   GPUs                 :                           0 
	   Memory (MB)          :    41       12000     12000 
	   TimeExecute (s)      :  5616                       
	   TimeSlotBusy (s)     :  5618                       

	Job terminated of its own accord at 2025-12-16T08:24:18Z with exit-code 0.
...
