000 (10610887.697.000) 12/16 07:14:31 Job submitted from host: <188.185.71.83:9618?addrs=188.185.71.83-9618+[2001-1458-d00-7--100-34d]-9618&alias=bigbird18.cern.ch&noUDP&sock=schedd_5052_d48c>
...
040 (10610887.697.000) 12/16 07:55:12 Started transferring input files
	Transferring to host: <188.185.211.161:9618?addrs=188.185.211.161-9618+[2001-1458-303-17--100-1d]-9618&alias=b9p24p8130.cern.ch&noUDP&sock=slot1_15_4220_1f25_92716>
...
040 (10610887.697.000) 12/16 07:55:12 Finished transferring input files
...
001 (10610887.697.000) 12/16 07:55:12 Job executing on host: <188.185.211.161:9618?addrs=188.185.211.161-9618+[2001-1458-303-17--100-1d]-9618&alias=b9p24p8130.cern.ch&noUDP&sock=startd_3511_d51b>
	SlotName: slot1_15@b9p24p8130.cern.ch
	CondorScratchDir = "/pool/condor/dir_1840332"
	Cpus = 4
	Disk = 10979
	GPUs = 0
	Memory = 12000
...
006 (10610887.697.000) 12/16 07:55:26 Image size of job updated: 27044
	27  -  MemoryUsage of job (MB)
	27044  -  ResidentSetSize of job (KB)
...
006 (10610887.697.000) 12/16 08:00:27 Image size of job updated: 27468
	27  -  MemoryUsage of job (MB)
	27044  -  ResidentSetSize of job (KB)
...
006 (10610887.697.000) 12/16 09:31:39 Image size of job updated: 117092
	27  -  MemoryUsage of job (MB)
	27044  -  ResidentSetSize of job (KB)
...
040 (10610887.697.000) 12/16 09:31:39 Started transferring output files
...
040 (10610887.697.000) 12/16 09:31:40 Finished transferring output files
...
005 (10610887.697.000) 12/16 09:31:40 Job terminated.
	(1) Normal termination (return value 0)
		Usr 0 01:35:11, Sys 0 00:00:09  -  Run Remote Usage
		Usr 0 00:00:00, Sys 0 00:00:00  -  Run Local Usage
		Usr 0 01:35:11, Sys 0 00:00:09  -  Total Remote Usage
		Usr 0 00:00:00, Sys 0 00:00:00  -  Total Local Usage
	0  -  Run Bytes Sent By Job
	7584148  -  Run Bytes Received By Job
	0  -  Total Bytes Sent By Job
	7584148  -  Total Bytes Received By Job
	Partitionable Resources :    Usage  Request Allocated 
	   Cpus                 :     0.99        4         4 
	   Disk (KB)            : 32888        7500     10979 
	   GPUs                 :                           0 
	   Memory (MB)          :    27       12000     12000 
	   TimeExecute (s)      :  5787                       
	   TimeSlotBusy (s)     :  5789                       

	Job terminated of its own accord at 2025-12-16T08:31:39Z with exit-code 0.
...
