000 (10613550.804.000) 12/16 14:41:00 Job submitted from host: <188.185.71.83:9618?addrs=188.185.71.83-9618+[2001-1458-d00-7--100-34d]-9618&alias=bigbird18.cern.ch&noUDP&sock=schedd_5052_d48c>
...
040 (10613550.804.000) 12/16 16:50:43 Started transferring input files
	Transferring to host: <188.185.211.226:9618?addrs=188.185.211.226-9618+[2001-1458-303-17--100-5e]-9618&alias=b9p24p9899.cern.ch&noUDP&sock=slot1_4_5039_2e66_89882>
...
040 (10613550.804.000) 12/16 16:50:43 Finished transferring input files
...
001 (10613550.804.000) 12/16 16:50:43 Job executing on host: <188.185.211.226:9618?addrs=188.185.211.226-9618+[2001-1458-303-17--100-5e]-9618&alias=b9p24p9899.cern.ch&noUDP&sock=startd_4130_6a3a>
	SlotName: slot1_4@b9p24p9899.cern.ch
	CondorScratchDir = "/pool/condor/dir_2003153"
	Cpus = 4
	Disk = 11018
	GPUs = 0
	Memory = 12000
...
006 (10613550.804.000) 12/16 16:50:57 Image size of job updated: 40080
	40  -  MemoryUsage of job (MB)
	40080  -  ResidentSetSize of job (KB)
...
006 (10613550.804.000) 12/16 16:55:58 Image size of job updated: 40500
	40  -  MemoryUsage of job (MB)
	40080  -  ResidentSetSize of job (KB)
...
040 (10613550.804.000) 12/16 18:19:09 Started transferring output files
...
040 (10613550.804.000) 12/16 18:19:09 Finished transferring output files
...
005 (10613550.804.000) 12/16 18:19:10 Job terminated.
	(1) Normal termination (return value 0)
		Usr 0 01:26:16, Sys 0 00:00:31  -  Run Remote Usage
		Usr 0 00:00:00, Sys 0 00:00:00  -  Run Local Usage
		Usr 0 01:26:16, Sys 0 00:00:31  -  Total Remote Usage
		Usr 0 00:00:00, Sys 0 00:00:00  -  Total Local Usage
	0  -  Run Bytes Sent By Job
	7584148  -  Run Bytes Received By Job
	0  -  Total Bytes Sent By Job
	7584148  -  Total Bytes Received By Job
	Partitionable Resources :    Usage  Request Allocated 
	   Cpus                 :     0.98        4         4 
	   Disk (KB)            : 33068        7500     11018 
	   GPUs                 :                           0 
	   Memory (MB)          :    40       12000     12000 
	   TimeExecute (s)      :  5305                       
	   TimeSlotBusy (s)     :  5306                       

	Job terminated of its own accord at 2025-12-16T17:19:08Z with exit-code 0.
...
