000 (10610888.431.000) 12/16 07:14:44 Job submitted from host: <188.185.71.83:9618?addrs=188.185.71.83-9618+[2001-1458-d00-7--100-34d]-9618&alias=bigbird18.cern.ch&noUDP&sock=schedd_5052_d48c>
...
040 (10610888.431.000) 12/16 09:24:22 Started transferring input files
	Transferring to host: <188.185.209.12:9618?addrs=188.185.209.12-9618+[2001-1458-303-11--100-9]-9618&alias=b9p11p3922.cern.ch&noUDP&sock=slot1_18_2116563_db4e_67102>
...
040 (10610888.431.000) 12/16 09:24:22 Finished transferring input files
...
001 (10610888.431.000) 12/16 09:24:23 Job executing on host: <188.185.209.12:9618?addrs=188.185.209.12-9618+[2001-1458-303-11--100-9]-9618&alias=b9p11p3922.cern.ch&noUDP&sock=startd_7254_3817>
	SlotName: slot1_18@b9p11p3922.cern.ch
	CondorScratchDir = "/pool/condor/dir_642758"
	Cpus = 4
	Disk = 11000
	GPUs = 0
	Memory = 12000
...
006 (10610888.431.000) 12/16 09:24:36 Image size of job updated: 39664
	39  -  MemoryUsage of job (MB)
	39664  -  ResidentSetSize of job (KB)
...
006 (10610888.431.000) 12/16 09:29:37 Image size of job updated: 40064
	39  -  MemoryUsage of job (MB)
	39664  -  ResidentSetSize of job (KB)
...
006 (10610888.431.000) 12/16 10:52:49 Image size of job updated: 120648
	39  -  MemoryUsage of job (MB)
	39664  -  ResidentSetSize of job (KB)
...
040 (10610888.431.000) 12/16 10:52:50 Started transferring output files
...
040 (10610888.431.000) 12/16 10:52:50 Finished transferring output files
...
005 (10610888.431.000) 12/16 10:52:50 Job terminated.
	(1) Normal termination (return value 0)
		Usr 0 01:27:21, Sys 0 00:00:07  -  Run Remote Usage
		Usr 0 00:00:00, Sys 0 00:00:00  -  Run Local Usage
		Usr 0 01:27:21, Sys 0 00:00:07  -  Total Remote Usage
		Usr 0 00:00:00, Sys 0 00:00:00  -  Total Local Usage
	0  -  Run Bytes Sent By Job
	7584148  -  Run Bytes Received By Job
	0  -  Total Bytes Sent By Job
	7584148  -  Total Bytes Received By Job
	Partitionable Resources :    Usage  Request Allocated 
	   Cpus                 :     0.99        4         4 
	   Disk (KB)            : 32754        7500     11000 
	   GPUs                 :                           0 
	   Memory (MB)          :    39       12000     12000 
	   TimeExecute (s)      :  5306                       
	   TimeSlotBusy (s)     :  5308                       

	Job terminated of its own accord at 2025-12-16T09:52:49Z with exit-code 0.
...
