000 (10610887.113.000) 12/16 07:14:31 Job submitted from host: <188.185.71.83:9618?addrs=188.185.71.83-9618+[2001-1458-d00-7--100-34d]-9618&alias=bigbird18.cern.ch&noUDP&sock=schedd_5052_d48c>
...
040 (10610887.113.000) 12/16 07:44:27 Started transferring input files
	Transferring to host: <188.185.211.72:9618?addrs=188.185.211.72-9618+[2001-1458-303-16--100-44]-9618&alias=b9p23p2386.cern.ch&noUDP&sock=slot1_11_5355_d4f3_94007>
...
040 (10610887.113.000) 12/16 07:44:27 Finished transferring input files
...
001 (10610887.113.000) 12/16 07:44:27 Job executing on host: <188.185.211.72:9618?addrs=188.185.211.72-9618+[2001-1458-303-16--100-44]-9618&alias=b9p23p2386.cern.ch&noUDP&sock=startd_4367_fa2c>
	SlotName: slot1_11@b9p23p2386.cern.ch
	CondorScratchDir = "/pool/condor/dir_2346787"
	Cpus = 4
	Disk = 11065
	GPUs = 0
	Memory = 12000
...
006 (10610887.113.000) 12/16 07:44:41 Image size of job updated: 37508
	37  -  MemoryUsage of job (MB)
	37508  -  ResidentSetSize of job (KB)
...
006 (10610887.113.000) 12/16 07:49:42 Image size of job updated: 37928
	37  -  MemoryUsage of job (MB)
	37508  -  ResidentSetSize of job (KB)
...
040 (10610887.113.000) 12/16 09:32:08 Started transferring output files
...
040 (10610887.113.000) 12/16 09:32:09 Finished transferring output files
...
005 (10610887.113.000) 12/16 09:32:09 Job terminated.
	(1) Normal termination (return value 0)
		Usr 0 01:44:48, Sys 0 00:00:14  -  Run Remote Usage
		Usr 0 00:00:00, Sys 0 00:00:00  -  Run Local Usage
		Usr 0 01:44:48, Sys 0 00:00:14  -  Total Remote Usage
		Usr 0 00:00:00, Sys 0 00:00:00  -  Total Local Usage
	0  -  Run Bytes Sent By Job
	7584148  -  Run Bytes Received By Job
	0  -  Total Bytes Sent By Job
	7584148  -  Total Bytes Received By Job
	Partitionable Resources :    Usage  Request Allocated 
	   Cpus                 :     0.99        4         4 
	   Disk (KB)            : 32272        7500     11065 
	   GPUs                 :                           0 
	   Memory (MB)          :    37       12000     12000 
	   TimeExecute (s)      :  6461                       
	   TimeSlotBusy (s)     :  6463                       

	Job terminated of its own accord at 2025-12-16T08:32:08Z with exit-code 0.
...
