000 (10610887.227.000) 12/16 07:14:31 Job submitted from host: <188.185.71.83:9618?addrs=188.185.71.83-9618+[2001-1458-d00-7--100-34d]-9618&alias=bigbird18.cern.ch&noUDP&sock=schedd_5052_d48c>
...
040 (10610887.227.000) 12/16 07:45:04 Started transferring input files
	Transferring to host: <188.185.211.77:9618?addrs=188.185.211.77-9618+[2001-1458-303-16--100-49]-9618&alias=b9p23p1235.cern.ch&noUDP&sock=slot1_5_6376_37fc_94333>
...
040 (10610887.227.000) 12/16 07:45:04 Finished transferring input files
...
001 (10610887.227.000) 12/16 07:45:04 Job executing on host: <188.185.211.77:9618?addrs=188.185.211.77-9618+[2001-1458-303-16--100-49]-9618&alias=b9p23p1235.cern.ch&noUDP&sock=startd_5459_ff98>
	SlotName: slot1_5@b9p23p1235.cern.ch
	CondorScratchDir = "/pool/condor/dir_3000546"
	Cpus = 4
	Disk = 10947
	GPUs = 0
	Memory = 12000
...
006 (10610887.227.000) 12/16 07:45:18 Image size of job updated: 39564
	39  -  MemoryUsage of job (MB)
	39564  -  ResidentSetSize of job (KB)
...
006 (10610887.227.000) 12/16 07:50:19 Image size of job updated: 39984
	39  -  MemoryUsage of job (MB)
	39564  -  ResidentSetSize of job (KB)
...
040 (10610887.227.000) 12/16 09:22:03 Started transferring output files
...
040 (10610887.227.000) 12/16 09:22:04 Finished transferring output files
...
005 (10610887.227.000) 12/16 09:22:04 Job terminated.
	(1) Normal termination (return value 0)
		Usr 0 01:35:36, Sys 0 00:00:09  -  Run Remote Usage
		Usr 0 00:00:00, Sys 0 00:00:00  -  Run Local Usage
		Usr 0 01:35:36, Sys 0 00:00:09  -  Total Remote Usage
		Usr 0 00:00:00, Sys 0 00:00:00  -  Total Local Usage
	0  -  Run Bytes Sent By Job
	7584148  -  Run Bytes Received By Job
	0  -  Total Bytes Sent By Job
	7584148  -  Total Bytes Received By Job
	Partitionable Resources :    Usage  Request Allocated 
	   Cpus                 :     0.99        4         4 
	   Disk (KB)            : 32179        7500     10947 
	   GPUs                 :                           0 
	   Memory (MB)          :    39       12000     12000 
	   TimeExecute (s)      :  5819                       
	   TimeSlotBusy (s)     :  5820                       

	Job terminated of its own accord at 2025-12-16T08:22:03Z with exit-code 0.
...
