000 (10610889.928.000) 12/16 07:15:01 Job submitted from host: <188.185.71.83:9618?addrs=188.185.71.83-9618+[2001-1458-d00-7--100-34d]-9618&alias=bigbird18.cern.ch&noUDP&sock=schedd_5052_d48c>
...
040 (10610889.928.000) 12/16 14:26:58 Started transferring input files
	Transferring to host: <188.185.213.140:9618?addrs=188.185.213.140-9618+[2001-1458-303-1b--100-8]-9618&alias=b9p28p4880.cern.ch&noUDP&sock=slot1_1_9065_dcca_109535>
...
040 (10610889.928.000) 12/16 14:26:58 Finished transferring input files
...
001 (10610889.928.000) 12/16 14:26:58 Job executing on host: <188.185.213.140:9618?addrs=188.185.213.140-9618+[2001-1458-303-1b--100-8]-9618&alias=b9p28p4880.cern.ch&noUDP&sock=startd_7780_02e8>
	SlotName: slot1_1@b9p28p4880.cern.ch
	CondorScratchDir = "/pool/condor/dir_1500005"
	Cpus = 4
	Disk = 10993
	GPUs = 0
	Memory = 12000
...
006 (10610889.928.000) 12/16 14:27:12 Image size of job updated: 40088
	40  -  MemoryUsage of job (MB)
	40088  -  ResidentSetSize of job (KB)
...
006 (10610889.928.000) 12/16 14:32:13 Image size of job updated: 40508
	40  -  MemoryUsage of job (MB)
	40088  -  ResidentSetSize of job (KB)
...
006 (10610889.928.000) 12/16 15:42:28 Image size of job updated: 121032
	40  -  MemoryUsage of job (MB)
	40088  -  ResidentSetSize of job (KB)
...
040 (10610889.928.000) 12/16 15:42:29 Started transferring output files
...
040 (10610889.928.000) 12/16 15:42:29 Finished transferring output files
...
005 (10610889.928.000) 12/16 15:42:29 Job terminated.
	(1) Normal termination (return value 0)
		Usr 0 01:14:49, Sys 0 00:00:03  -  Run Remote Usage
		Usr 0 00:00:00, Sys 0 00:00:00  -  Run Local Usage
		Usr 0 01:14:49, Sys 0 00:00:03  -  Total Remote Usage
		Usr 0 00:00:00, Sys 0 00:00:00  -  Total Local Usage
	0  -  Run Bytes Sent By Job
	7584148  -  Run Bytes Received By Job
	0  -  Total Bytes Sent By Job
	7584148  -  Total Bytes Received By Job
	Partitionable Resources :    Usage  Request Allocated 
	   Cpus                 :     0.99        4         4 
	   Disk (KB)            : 33676        7500     10993 
	   GPUs                 :                           0 
	   Memory (MB)          :    40       12000     12000 
	   TimeExecute (s)      :  4530                       
	   TimeSlotBusy (s)     :  4531                       

	Job terminated of its own accord at 2025-12-16T14:42:28Z with exit-code 0.
...
