000 (10610887.346.000) 12/16 07:14:31 Job submitted from host: <188.185.71.83:9618?addrs=188.185.71.83-9618+[2001-1458-d00-7--100-34d]-9618&alias=bigbird18.cern.ch&noUDP&sock=schedd_5052_d48c>
...
040 (10610887.346.000) 12/16 07:49:43 Started transferring input files
	Transferring to host: <128.142.192.162:9618?addrs=128.142.192.162-9618&alias=b9g18p5943.cern.ch&noUDP&sock=slot1_21_3418_0a44_91723>
...
040 (10610887.346.000) 12/16 07:49:43 Finished transferring input files
...
001 (10610887.346.000) 12/16 07:49:43 Job executing on host: <128.142.192.162:9618?addrs=128.142.192.162-9618&alias=b9g18p5943.cern.ch&noUDP&sock=startd_2873_37ae>
	SlotName: slot1_21@b9g18p5943.cern.ch
	CondorScratchDir = "/pool/condor/dir_1013689"
	Cpus = 4
	Disk = 10940
	GPUs = 0
	Memory = 12000
...
006 (10610887.346.000) 12/16 07:49:57 Image size of job updated: 37424
	37  -  MemoryUsage of job (MB)
	37424  -  ResidentSetSize of job (KB)
...
006 (10610887.346.000) 12/16 07:54:58 Image size of job updated: 37844
	37  -  MemoryUsage of job (MB)
	37424  -  ResidentSetSize of job (KB)
...
040 (10610887.346.000) 12/16 09:47:35 Started transferring output files
...
040 (10610887.346.000) 12/16 09:47:36 Finished transferring output files
...
005 (10610887.346.000) 12/16 09:47:36 Job terminated.
	(1) Normal termination (return value 0)
		Usr 0 01:56:16, Sys 0 00:00:11  -  Run Remote Usage
		Usr 0 00:00:00, Sys 0 00:00:00  -  Run Local Usage
		Usr 0 01:56:16, Sys 0 00:00:11  -  Total Remote Usage
		Usr 0 00:00:00, Sys 0 00:00:00  -  Total Local Usage
	0  -  Run Bytes Sent By Job
	7584148  -  Run Bytes Received By Job
	0  -  Total Bytes Sent By Job
	7584148  -  Total Bytes Received By Job
	Partitionable Resources :    Usage  Request Allocated 
	   Cpus                 :     0.99        4         4 
	   Disk (KB)            : 31925        7500     10940 
	   GPUs                 :                           0 
	   Memory (MB)          :    37       12000     12000 
	   TimeExecute (s)      :  7071                       
	   TimeSlotBusy (s)     :  7074                       

	Job terminated of its own accord at 2025-12-16T08:47:34Z with exit-code 0.
...
