000 (10610889.560.000) 12/16 07:15:01 Job submitted from host: <188.185.71.83:9618?addrs=188.185.71.83-9618+[2001-1458-d00-7--100-34d]-9618&alias=bigbird18.cern.ch&noUDP&sock=schedd_5052_d48c>
...
040 (10610889.560.000) 12/16 14:13:52 Started transferring input files
	Transferring to host: <188.185.193.188:9618?addrs=188.185.193.188-9618+[2001-1458-303-20--100-b8]-9618&alias=b9p19p2034.cern.ch&noUDP&sock=slot1_2_11646_6913_82598>
...
040 (10610889.560.000) 12/16 14:13:52 Finished transferring input files
...
001 (10610889.560.000) 12/16 14:13:52 Job executing on host: <188.185.193.188:9618?addrs=188.185.193.188-9618+[2001-1458-303-20--100-b8]-9618&alias=b9p19p2034.cern.ch&noUDP&sock=startd_11601_e648>
	SlotName: slot1_2@b9p19p2034.cern.ch
	CondorScratchDir = "/pool/condor/dir_1518817"
	Cpus = 4
	Disk = 11040
	GPUs = 0
	Memory = 12000
...
006 (10610889.560.000) 12/16 14:14:06 Image size of job updated: 40572
	40  -  MemoryUsage of job (MB)
	40572  -  ResidentSetSize of job (KB)
...
006 (10610889.560.000) 12/16 14:19:07 Image size of job updated: 40664
	40  -  MemoryUsage of job (MB)
	40572  -  ResidentSetSize of job (KB)
...
006 (10610889.560.000) 12/16 16:02:45 Image size of job updated: 121244
	40  -  MemoryUsage of job (MB)
	40572  -  ResidentSetSize of job (KB)
...
040 (10610889.560.000) 12/16 16:02:46 Started transferring output files
...
040 (10610889.560.000) 12/16 16:02:46 Finished transferring output files
...
005 (10610889.560.000) 12/16 16:02:46 Job terminated.
	(1) Normal termination (return value 0)
		Usr 0 01:47:59, Sys 0 00:00:06  -  Run Remote Usage
		Usr 0 00:00:00, Sys 0 00:00:00  -  Run Local Usage
		Usr 0 01:47:59, Sys 0 00:00:06  -  Total Remote Usage
		Usr 0 00:00:00, Sys 0 00:00:00  -  Total Local Usage
	0  -  Run Bytes Sent By Job
	7584148  -  Run Bytes Received By Job
	0  -  Total Bytes Sent By Job
	7584148  -  Total Bytes Received By Job
	Partitionable Resources :    Usage  Request Allocated 
	   Cpus                 :     1.00        4         4 
	   Disk (KB)            : 32245        7500     11040 
	   GPUs                 :                           0 
	   Memory (MB)          :    40       12000     12000 
	   TimeExecute (s)      :  6533                       
	   TimeSlotBusy (s)     :  6535                       

	Job terminated of its own accord at 2025-12-16T15:02:45Z with exit-code 0.
...
