000 (10613550.630.000) 12/16 14:41:00 Job submitted from host: <188.185.71.83:9618?addrs=188.185.71.83-9618+[2001-1458-d00-7--100-34d]-9618&alias=bigbird18.cern.ch&noUDP&sock=schedd_5052_d48c>
...
040 (10613550.630.000) 12/16 16:44:59 Started transferring input files
	Transferring to host: <128.142.161.111:9618?addrs=128.142.161.111-9618+[2001-1458-301-b8--100-2d]-9618&alias=b9g03p6039.cern.ch&noUDP&sock=slot1_4_8279_0dea_90393>
...
040 (10613550.630.000) 12/16 16:44:59 Finished transferring input files
...
001 (10613550.630.000) 12/16 16:44:59 Job executing on host: <128.142.161.111:9618?addrs=128.142.161.111-9618+[2001-1458-301-b8--100-2d]-9618&alias=b9g03p6039.cern.ch&noUDP&sock=startd_7307_929c>
	SlotName: slot1_4@b9g03p6039.cern.ch
	CondorScratchDir = "/pool/condor/dir_3073736"
	Cpus = 4
	Disk = 11090
	GPUs = 0
	Memory = 12000
...
006 (10613550.630.000) 12/16 16:45:13 Image size of job updated: 36924
	37  -  MemoryUsage of job (MB)
	36924  -  ResidentSetSize of job (KB)
...
006 (10613550.630.000) 12/16 16:50:13 Image size of job updated: 37016
	37  -  MemoryUsage of job (MB)
	36924  -  ResidentSetSize of job (KB)
...
040 (10613550.630.000) 12/16 19:18:41 Started transferring output files
...
040 (10613550.630.000) 12/16 19:18:42 Finished transferring output files
...
005 (10613550.630.000) 12/16 19:18:42 Job terminated.
	(1) Normal termination (return value 0)
		Usr 0 02:32:13, Sys 0 00:00:06  -  Run Remote Usage
		Usr 0 00:00:00, Sys 0 00:00:00  -  Run Local Usage
		Usr 0 02:32:13, Sys 0 00:00:06  -  Total Remote Usage
		Usr 0 00:00:00, Sys 0 00:00:00  -  Total Local Usage
	0  -  Run Bytes Sent By Job
	7584148  -  Run Bytes Received By Job
	0  -  Total Bytes Sent By Job
	7584148  -  Total Bytes Received By Job
	Partitionable Resources :    Usage  Request Allocated 
	   Cpus                 :     0.99        4         4 
	   Disk (KB)            : 32251        7500     11090 
	   GPUs                 :                           0 
	   Memory (MB)          :    37       12000     12000 
	   TimeExecute (s)      :  9221                       
	   TimeSlotBusy (s)     :  9223                       

	Job terminated of its own accord at 2025-12-16T18:18:40Z with exit-code 0.
...
