000 (10613549.786.000) 12/16 14:40:45 Job submitted from host: <188.185.71.83:9618?addrs=188.185.71.83-9618+[2001-1458-d00-7--100-34d]-9618&alias=bigbird18.cern.ch&noUDP&sock=schedd_5052_d48c>
...
040 (10613549.786.000) 12/16 15:34:06 Started transferring input files
	Transferring to host: <128.142.132.89:9618?addrs=128.142.132.89-9618+[2001-1458-301-5a--100-4d]-9618&alias=b9g12p2718.cern.ch&noUDP&sock=slot1_3_2792_f76b_86736>
...
040 (10613549.786.000) 12/16 15:34:06 Finished transferring input files
...
001 (10613549.786.000) 12/16 15:34:06 Job executing on host: <128.142.132.89:9618?addrs=128.142.132.89-9618+[2001-1458-301-5a--100-4d]-9618&alias=b9g12p2718.cern.ch&noUDP&sock=startd_2438_d7fc>
	SlotName: slot1_3@b9g12p2718.cern.ch
	CondorScratchDir = "/pool/condor/dir_2228567"
	Cpus = 4
	Disk = 9894
	GPUs = 0
	Memory = 12000
...
006 (10613549.786.000) 12/16 15:34:20 Image size of job updated: 41424
	41  -  MemoryUsage of job (MB)
	41424  -  ResidentSetSize of job (KB)
...
006 (10613549.786.000) 12/16 15:39:21 Image size of job updated: 41780
	41  -  MemoryUsage of job (MB)
	41424  -  ResidentSetSize of job (KB)
...
006 (10613549.786.000) 12/16 17:24:30 Image size of job updated: 47168
	47  -  MemoryUsage of job (MB)
	47168  -  ResidentSetSize of job (KB)
...
006 (10613549.786.000) 12/16 17:50:32 Image size of job updated: 128948
	47  -  MemoryUsage of job (MB)
	47168  -  ResidentSetSize of job (KB)
...
040 (10613549.786.000) 12/16 17:50:33 Started transferring output files
...
040 (10613549.786.000) 12/16 17:50:33 Finished transferring output files
...
005 (10613549.786.000) 12/16 17:50:33 Job terminated.
	(1) Normal termination (return value 0)
		Usr 0 02:14:56, Sys 0 00:00:07  -  Run Remote Usage
		Usr 0 00:00:00, Sys 0 00:00:00  -  Run Local Usage
		Usr 0 02:14:56, Sys 0 00:00:07  -  Total Remote Usage
		Usr 0 00:00:00, Sys 0 00:00:00  -  Total Local Usage
	0  -  Run Bytes Sent By Job
	7584148  -  Run Bytes Received By Job
	0  -  Total Bytes Sent By Job
	7584148  -  Total Bytes Received By Job
	Partitionable Resources :    Usage  Request Allocated 
	   Cpus                 :     0.99        4         4 
	   Disk (KB)            : 33715        7500      9894 
	   GPUs                 :                           0 
	   Memory (MB)          :    47       12000     12000 
	   TimeExecute (s)      :  8186                       
	   TimeSlotBusy (s)     :  8188                       

	Job terminated of its own accord at 2025-12-16T16:50:32Z with exit-code 0.
...
