000 (10610887.324.000) 12/16 07:14:31 Job submitted from host: <188.185.71.83:9618?addrs=188.185.71.83-9618+[2001-1458-d00-7--100-34d]-9618&alias=bigbird18.cern.ch&noUDP&sock=schedd_5052_d48c>
...
040 (10610887.324.000) 12/16 07:49:35 Started transferring input files
	Transferring to host: <188.185.215.102:9618?addrs=188.185.215.102-9618+[2001-1458-303-1e--100-62]-9618&alias=b9p31p8607.cern.ch&noUDP&sock=slot1_9_4916_8441_93821>
...
040 (10610887.324.000) 12/16 07:49:35 Finished transferring input files
...
001 (10610887.324.000) 12/16 07:49:35 Job executing on host: <188.185.215.102:9618?addrs=188.185.215.102-9618+[2001-1458-303-1e--100-62]-9618&alias=b9p31p8607.cern.ch&noUDP&sock=startd_3982_e636>
	SlotName: slot1_9@b9p31p8607.cern.ch
	CondorScratchDir = "/pool/condor/dir_3299627"
	Cpus = 4
	Disk = 11084
	GPUs = 0
	Memory = 12000
...
006 (10610887.324.000) 12/16 07:49:49 Image size of job updated: 37540
	37  -  MemoryUsage of job (MB)
	37540  -  ResidentSetSize of job (KB)
...
006 (10610887.324.000) 12/16 07:54:50 Image size of job updated: 37964
	37  -  MemoryUsage of job (MB)
	37540  -  ResidentSetSize of job (KB)
...
040 (10610887.324.000) 12/16 09:14:45 Started transferring output files
...
040 (10610887.324.000) 12/16 09:14:46 Finished transferring output files
...
005 (10610887.324.000) 12/16 09:14:46 Job terminated.
	(1) Normal termination (return value 0)
		Usr 0 01:24:11, Sys 0 00:00:05  -  Run Remote Usage
		Usr 0 00:00:00, Sys 0 00:00:00  -  Run Local Usage
		Usr 0 01:24:11, Sys 0 00:00:05  -  Total Remote Usage
		Usr 0 00:00:00, Sys 0 00:00:00  -  Total Local Usage
	0  -  Run Bytes Sent By Job
	7584148  -  Run Bytes Received By Job
	0  -  Total Bytes Sent By Job
	7584148  -  Total Bytes Received By Job
	Partitionable Resources :    Usage  Request Allocated 
	   Cpus                 :     0.99        4         4 
	   Disk (KB)            : 32728        7500     11084 
	   GPUs                 :                           0 
	   Memory (MB)          :    37       12000     12000 
	   TimeExecute (s)      :  5110                       
	   TimeSlotBusy (s)     :  5112                       

	Job terminated of its own accord at 2025-12-16T08:14:45Z with exit-code 0.
...
