000 (10613550.931.000) 12/16 14:41:00 Job submitted from host: <188.185.71.83:9618?addrs=188.185.71.83-9618+[2001-1458-d00-7--100-34d]-9618&alias=bigbird18.cern.ch&noUDP&sock=schedd_5052_d48c>
...
040 (10613550.931.000) 12/16 16:54:42 Started transferring input files
	Transferring to host: <188.185.196.80:9618?addrs=188.185.196.80-9618+[2001-1458-303-23--100-4c]-9618&alias=b9p16p2593.cern.ch&noUDP&sock=slot1_10_3293840_0130_10715>
...
040 (10613550.931.000) 12/16 16:54:42 Finished transferring input files
...
001 (10613550.931.000) 12/16 16:54:42 Job executing on host: <188.185.196.80:9618?addrs=188.185.196.80-9618+[2001-1458-303-23--100-4c]-9618&alias=b9p16p2593.cern.ch&noUDP&sock=startd_5223_1f3e>
	SlotName: slot1_10@b9p16p2593.cern.ch
	CondorScratchDir = "/pool/condor/dir_1235091"
	Cpus = 4
	Disk = 11061
	GPUs = 0
	Memory = 12000
...
006 (10613550.931.000) 12/16 16:54:56 Image size of job updated: 42620
	42  -  MemoryUsage of job (MB)
	42620  -  ResidentSetSize of job (KB)
...
006 (10613550.931.000) 12/16 16:59:57 Image size of job updated: 42712
	42  -  MemoryUsage of job (MB)
	42620  -  ResidentSetSize of job (KB)
...
040 (10613550.931.000) 12/16 19:38:44 Started transferring output files
...
040 (10613550.931.000) 12/16 19:38:44 Finished transferring output files
...
005 (10613550.931.000) 12/16 19:38:44 Job terminated.
	(1) Normal termination (return value 0)
		Usr 0 02:42:11, Sys 0 00:00:08  -  Run Remote Usage
		Usr 0 00:00:00, Sys 0 00:00:00  -  Run Local Usage
		Usr 0 02:42:11, Sys 0 00:00:08  -  Total Remote Usage
		Usr 0 00:00:00, Sys 0 00:00:00  -  Total Local Usage
	0  -  Run Bytes Sent By Job
	7584148  -  Run Bytes Received By Job
	0  -  Total Bytes Sent By Job
	7584148  -  Total Bytes Received By Job
	Partitionable Resources :    Usage  Request Allocated 
	   Cpus                 :     0.99        4         4 
	   Disk (KB)            : 32957        7500     11061 
	   GPUs                 :                           0 
	   Memory (MB)          :    42       12000     12000 
	   TimeExecute (s)      :  9841                       
	   TimeSlotBusy (s)     :  9842                       

	Job terminated of its own accord at 2025-12-16T18:38:43Z with exit-code 0.
...
