000 (10610887.384.000) 12/16 07:14:31 Job submitted from host: <188.185.71.83:9618?addrs=188.185.71.83-9618+[2001-1458-d00-7--100-34d]-9618&alias=bigbird18.cern.ch&noUDP&sock=schedd_5052_d48c>
...
040 (10610887.384.000) 12/16 07:49:53 Started transferring input files
	Transferring to host: <188.185.210.84:9618?addrs=188.185.210.84-9618+[2001-1458-303-1--100-50]-9618&alias=b9p21p5907.cern.ch&noUDP&sock=slot1_22_5619_d7fe_116108>
...
040 (10610887.384.000) 12/16 07:49:53 Finished transferring input files
...
001 (10610887.384.000) 12/16 07:49:53 Job executing on host: <188.185.210.84:9618?addrs=188.185.210.84-9618+[2001-1458-303-1--100-50]-9618&alias=b9p21p5907.cern.ch&noUDP&sock=startd_4688_2813>
	SlotName: slot1_22@b9p21p5907.cern.ch
	CondorScratchDir = "/pool/condor/dir_2741474"
	Cpus = 4
	Disk = 10905
	GPUs = 0
	Memory = 12000
...
006 (10610887.384.000) 12/16 07:50:07 Image size of job updated: 37504
	37  -  MemoryUsage of job (MB)
	37504  -  ResidentSetSize of job (KB)
...
006 (10610887.384.000) 12/16 07:55:08 Image size of job updated: 37928
	37  -  MemoryUsage of job (MB)
	37504  -  ResidentSetSize of job (KB)
...
006 (10610887.384.000) 12/16 09:23:04 Image size of job updated: 81956
	37  -  MemoryUsage of job (MB)
	37504  -  ResidentSetSize of job (KB)
...
040 (10610887.384.000) 12/16 09:23:05 Started transferring output files
...
040 (10610887.384.000) 12/16 09:23:05 Finished transferring output files
...
005 (10610887.384.000) 12/16 09:23:06 Job terminated.
	(1) Normal termination (return value 0)
		Usr 0 01:31:52, Sys 0 00:00:09  -  Run Remote Usage
		Usr 0 00:00:00, Sys 0 00:00:00  -  Run Local Usage
		Usr 0 01:31:52, Sys 0 00:00:09  -  Total Remote Usage
		Usr 0 00:00:00, Sys 0 00:00:00  -  Total Local Usage
	0  -  Run Bytes Sent By Job
	7584148  -  Run Bytes Received By Job
	0  -  Total Bytes Sent By Job
	7584148  -  Total Bytes Received By Job
	Partitionable Resources :    Usage  Request Allocated 
	   Cpus                 :     0.99        4         4 
	   Disk (KB)            : 32904        7500     10905 
	   GPUs                 :                           0 
	   Memory (MB)          :    37       12000     12000 
	   TimeExecute (s)      :  5591                       
	   TimeSlotBusy (s)     :  5592                       

	Job terminated of its own accord at 2025-12-16T08:23:04Z with exit-code 0.
...
