000 (10610888.247.000) 12/16 07:14:44 Job submitted from host: <188.185.71.83:9618?addrs=188.185.71.83-9618+[2001-1458-d00-7--100-34d]-9618&alias=bigbird18.cern.ch&noUDP&sock=schedd_5052_d48c>
...
040 (10610888.247.000) 12/16 09:10:34 Started transferring input files
	Transferring to host: <188.185.213.150:9618?addrs=188.185.213.150-9618+[2001-1458-303-1b--100-12]-9618&alias=b9p28p4011.cern.ch&noUDP&sock=slot1_25_3114_d838_108040>
...
001 (10610888.247.000) 12/16 09:10:35 Job executing on host: <188.185.213.150:9618?addrs=188.185.213.150-9618+[2001-1458-303-1b--100-12]-9618&alias=b9p28p4011.cern.ch&noUDP&sock=startd_2638_06ed>
	SlotName: slot1_25@b9p28p4011.cern.ch
	CondorScratchDir = "/pool/condor/dir_3318034"
	Cpus = 4
	Disk = 11149
	GPUs = 0
	Memory = 12000
...
040 (10610888.247.000) 12/16 09:10:35 Finished transferring input files
...
006 (10610888.247.000) 12/16 09:10:48 Image size of job updated: 37988
	38  -  MemoryUsage of job (MB)
	37988  -  ResidentSetSize of job (KB)
...
006 (10610888.247.000) 12/16 09:15:48 Image size of job updated: 38080
	38  -  MemoryUsage of job (MB)
	37988  -  ResidentSetSize of job (KB)
...
040 (10610888.247.000) 12/16 10:28:14 Started transferring output files
...
040 (10610888.247.000) 12/16 10:28:14 Finished transferring output files
...
005 (10610888.247.000) 12/16 10:28:15 Job terminated.
	(1) Normal termination (return value 0)
		Usr 0 01:16:54, Sys 0 00:00:06  -  Run Remote Usage
		Usr 0 00:00:00, Sys 0 00:00:00  -  Run Local Usage
		Usr 0 01:16:54, Sys 0 00:00:06  -  Total Remote Usage
		Usr 0 00:00:00, Sys 0 00:00:00  -  Total Local Usage
	0  -  Run Bytes Sent By Job
	7584148  -  Run Bytes Received By Job
	0  -  Total Bytes Sent By Job
	7584148  -  Total Bytes Received By Job
	Partitionable Resources :    Usage  Request Allocated 
	   Cpus                 :     0.99        4         4 
	   Disk (KB)            : 32882        7500     11149 
	   GPUs                 :                           0 
	   Memory (MB)          :    38       12000     12000 
	   TimeExecute (s)      :  4659                       
	   TimeSlotBusy (s)     :  4660                       

	Job terminated of its own accord at 2025-12-16T09:28:14Z with exit-code 0.
...
