000 (10610889.143.000) 12/16 07:15:00 Job submitted from host: <188.185.71.83:9618?addrs=188.185.71.83-9618+[2001-1458-d00-7--100-34d]-9618&alias=bigbird18.cern.ch&noUDP&sock=schedd_5052_d48c>
...
040 (10610889.143.000) 12/16 13:25:24 Started transferring input files
	Transferring to host: <188.185.194.11:9618?addrs=188.185.194.11-9618+[2001-1458-303-21--100-7]-9618&alias=b9p20p9066.cern.ch&noUDP&sock=slot1_8_5660_bb5f_80090>
...
040 (10610889.143.000) 12/16 13:25:25 Finished transferring input files
...
001 (10610889.143.000) 12/16 13:25:25 Job executing on host: <188.185.194.11:9618?addrs=188.185.194.11-9618+[2001-1458-303-21--100-7]-9618&alias=b9p20p9066.cern.ch&noUDP&sock=startd_4382_4418>
	SlotName: slot1_8@b9p20p9066.cern.ch
	CondorScratchDir = "/pool/condor/dir_3189700"
	Cpus = 4
	Disk = 38768
	GPUs = 0
	Memory = 12000
...
006 (10610889.143.000) 12/16 13:25:38 Image size of job updated: 40064
	40  -  MemoryUsage of job (MB)
	40064  -  ResidentSetSize of job (KB)
...
006 (10610889.143.000) 12/16 13:30:38 Image size of job updated: 40484
	40  -  MemoryUsage of job (MB)
	40064  -  ResidentSetSize of job (KB)
...
006 (10610889.143.000) 12/16 15:23:35 Image size of job updated: 121020
	40  -  MemoryUsage of job (MB)
	40064  -  ResidentSetSize of job (KB)
...
040 (10610889.143.000) 12/16 15:23:36 Started transferring output files
...
040 (10610889.143.000) 12/16 15:23:36 Finished transferring output files
...
005 (10610889.143.000) 12/16 15:23:36 Job terminated.
	(1) Normal termination (return value 0)
		Usr 0 01:57:12, Sys 0 00:00:07  -  Run Remote Usage
		Usr 0 00:00:00, Sys 0 00:00:00  -  Run Local Usage
		Usr 0 01:57:12, Sys 0 00:00:07  -  Total Remote Usage
		Usr 0 00:00:00, Sys 0 00:00:00  -  Total Local Usage
	0  -  Run Bytes Sent By Job
	7584148  -  Run Bytes Received By Job
	0  -  Total Bytes Sent By Job
	7584148  -  Total Bytes Received By Job
	Partitionable Resources :    Usage  Request Allocated 
	   Cpus                 :     0.99        4         4 
	   Disk (KB)            : 32884        7500     38768 
	   GPUs                 :                           0 
	   Memory (MB)          :    40       12000     12000 
	   TimeExecute (s)      :  7090                       
	   TimeSlotBusy (s)     :  7092                       

	Job terminated of its own accord at 2025-12-16T14:23:35Z with exit-code 0.
...
