000 (10613549.830.000) 12/16 14:40:45 Job submitted from host: <188.185.71.83:9618?addrs=188.185.71.83-9618+[2001-1458-d00-7--100-34d]-9618&alias=bigbird18.cern.ch&noUDP&sock=schedd_5052_d48c>
...
040 (10613549.830.000) 12/16 15:34:20 Started transferring input files
	Transferring to host: <188.185.211.158:9618?addrs=188.185.211.158-9618+[2001-1458-303-17--100-1a]-9618&alias=b9p24p7991.cern.ch&noUDP&sock=slot1_2_9229_6a50_92028>
...
040 (10613549.830.000) 12/16 15:34:20 Finished transferring input files
...
001 (10613549.830.000) 12/16 15:34:20 Job executing on host: <188.185.211.158:9618?addrs=188.185.211.158-9618+[2001-1458-303-17--100-1a]-9618&alias=b9p24p7991.cern.ch&noUDP&sock=startd_8426_1d16>
	SlotName: slot1_2@b9p24p7991.cern.ch
	CondorScratchDir = "/pool/condor/dir_3016902"
	Cpus = 4
	Disk = 11091
	GPUs = 0
	Memory = 12000
...
006 (10613549.830.000) 12/16 15:34:34 Image size of job updated: 37516
	37  -  MemoryUsage of job (MB)
	37516  -  ResidentSetSize of job (KB)
...
006 (10613549.830.000) 12/16 15:39:35 Image size of job updated: 37936
	37  -  MemoryUsage of job (MB)
	37516  -  ResidentSetSize of job (KB)
...
040 (10613549.830.000) 12/16 16:56:14 Started transferring output files
...
040 (10613549.830.000) 12/16 16:56:14 Finished transferring output files
...
005 (10613549.830.000) 12/16 16:56:14 Job terminated.
	(1) Normal termination (return value 0)
		Usr 0 01:20:44, Sys 0 00:00:08  -  Run Remote Usage
		Usr 0 00:00:00, Sys 0 00:00:00  -  Run Local Usage
		Usr 0 01:20:44, Sys 0 00:00:08  -  Total Remote Usage
		Usr 0 00:00:00, Sys 0 00:00:00  -  Total Local Usage
	0  -  Run Bytes Sent By Job
	7584148  -  Run Bytes Received By Job
	0  -  Total Bytes Sent By Job
	7584148  -  Total Bytes Received By Job
	Partitionable Resources :    Usage  Request Allocated 
	   Cpus                 :     0.99        4         4 
	   Disk (KB)            : 32906        7500     11091 
	   GPUs                 :                           0 
	   Memory (MB)          :    37       12000     12000 
	   TimeExecute (s)      :  4913                       
	   TimeSlotBusy (s)     :  4915                       

	Job terminated of its own accord at 2025-12-16T15:56:13Z with exit-code 0.
...
