000 (10610887.190.000) 12/16 07:14:31 Job submitted from host: <188.185.71.83:9618?addrs=188.185.71.83-9618+[2001-1458-d00-7--100-34d]-9618&alias=bigbird18.cern.ch&noUDP&sock=schedd_5052_d48c>
...
040 (10610887.190.000) 12/16 07:44:52 Started transferring input files
	Transferring to host: <188.185.212.69:9618?addrs=188.185.212.69-9618+[2001-1458-303-18--100-41]-9618&alias=b9p25p7966.cern.ch&noUDP&sock=slot1_1_5747_0803_92050>
...
040 (10610887.190.000) 12/16 07:44:52 Finished transferring input files
...
001 (10610887.190.000) 12/16 07:44:52 Job executing on host: <188.185.212.69:9618?addrs=188.185.212.69-9618+[2001-1458-303-18--100-41]-9618&alias=b9p25p7966.cern.ch&noUDP&sock=startd_5066_6edf>
	SlotName: slot1_1@b9p25p7966.cern.ch
	CondorScratchDir = "/pool/condor/dir_3565937"
	Cpus = 4
	Disk = 10908
	GPUs = 0
	Memory = 12000
...
006 (10610887.190.000) 12/16 07:45:06 Image size of job updated: 37484
	37  -  MemoryUsage of job (MB)
	37484  -  ResidentSetSize of job (KB)
...
006 (10610887.190.000) 12/16 07:50:07 Image size of job updated: 37904
	37  -  MemoryUsage of job (MB)
	37484  -  ResidentSetSize of job (KB)
...
006 (10610887.190.000) 12/16 09:23:03 Image size of job updated: 118428
	37  -  MemoryUsage of job (MB)
	37484  -  ResidentSetSize of job (KB)
...
040 (10610887.190.000) 12/16 09:23:04 Started transferring output files
...
040 (10610887.190.000) 12/16 09:23:04 Finished transferring output files
...
005 (10610887.190.000) 12/16 09:23:05 Job terminated.
	(1) Normal termination (return value 0)
		Usr 0 01:36:59, Sys 0 00:00:09  -  Run Remote Usage
		Usr 0 00:00:00, Sys 0 00:00:00  -  Run Local Usage
		Usr 0 01:36:59, Sys 0 00:00:09  -  Total Remote Usage
		Usr 0 00:00:00, Sys 0 00:00:00  -  Total Local Usage
	0  -  Run Bytes Sent By Job
	7584148  -  Run Bytes Received By Job
	0  -  Total Bytes Sent By Job
	7584148  -  Total Bytes Received By Job
	Partitionable Resources :    Usage  Request Allocated 
	   Cpus                 :     0.99        4         4 
	   Disk (KB)            : 33548        7500     10908 
	   GPUs                 :                           0 
	   Memory (MB)          :    37       12000     12000 
	   TimeExecute (s)      :  5891                       
	   TimeSlotBusy (s)     :  5893                       

	Job terminated of its own accord at 2025-12-16T08:23:03Z with exit-code 0.
...
