000 (10610888.767.000) 12/16 07:14:44 Job submitted from host: <188.185.71.83:9618?addrs=188.185.71.83-9618+[2001-1458-d00-7--100-34d]-9618&alias=bigbird18.cern.ch&noUDP&sock=schedd_5052_d48c>
...
040 (10610888.767.000) 12/16 09:40:45 Started transferring input files
	Transferring to host: <188.185.210.36:9618?addrs=188.185.210.36-9618+[2001-1458-303-1--100-20]-9618&alias=b9p21p5630.cern.ch&noUDP&sock=slot1_3_5700_ea61_96438>
...
040 (10610888.767.000) 12/16 09:40:45 Finished transferring input files
...
001 (10610888.767.000) 12/16 09:40:45 Job executing on host: <188.185.210.36:9618?addrs=188.185.210.36-9618+[2001-1458-303-1--100-20]-9618&alias=b9p21p5630.cern.ch&noUDP&sock=startd_4733_05d6>
	SlotName: slot1_3@b9p21p5630.cern.ch
	CondorScratchDir = "/pool/condor/dir_640932"
	Cpus = 4
	Disk = 11057
	GPUs = 0
	Memory = 12000
...
006 (10610888.767.000) 12/16 09:40:59 Image size of job updated: 37988
	38  -  MemoryUsage of job (MB)
	37988  -  ResidentSetSize of job (KB)
...
006 (10610888.767.000) 12/16 09:46:00 Image size of job updated: 38080
	38  -  MemoryUsage of job (MB)
	37988  -  ResidentSetSize of job (KB)
...
040 (10610888.767.000) 12/16 11:19:45 Started transferring output files
...
040 (10610888.767.000) 12/16 11:19:46 Finished transferring output files
...
005 (10610888.767.000) 12/16 11:19:46 Job terminated.
	(1) Normal termination (return value 0)
		Usr 0 01:37:48, Sys 0 00:00:09  -  Run Remote Usage
		Usr 0 00:00:00, Sys 0 00:00:00  -  Run Local Usage
		Usr 0 01:37:48, Sys 0 00:00:09  -  Total Remote Usage
		Usr 0 00:00:00, Sys 0 00:00:00  -  Total Local Usage
	0  -  Run Bytes Sent By Job
	7584148  -  Run Bytes Received By Job
	0  -  Total Bytes Sent By Job
	7584148  -  Total Bytes Received By Job
	Partitionable Resources :    Usage  Request Allocated 
	   Cpus                 :     0.99        4         4 
	   Disk (KB)            : 32534        7500     11057 
	   GPUs                 :                           0 
	   Memory (MB)          :    38       12000     12000 
	   TimeExecute (s)      :  5940                       
	   TimeSlotBusy (s)     :  5941                       

	Job terminated of its own accord at 2025-12-16T10:19:45Z with exit-code 0.
...
