000 (10610889.985.000) 12/16 07:15:01 Job submitted from host: <188.185.71.83:9618?addrs=188.185.71.83-9618+[2001-1458-d00-7--100-34d]-9618&alias=bigbird18.cern.ch&noUDP&sock=schedd_5052_d48c>
...
040 (10610889.985.000) 12/16 14:27:17 Started transferring input files
	Transferring to host: <188.185.193.21:9618?addrs=188.185.193.21-9618+[2001-1458-303-20--100-11]-9618&alias=b9p19p0571.cern.ch&noUDP&sock=slot1_6_7176_e41d_81294>
...
040 (10610889.985.000) 12/16 14:27:17 Finished transferring input files
...
001 (10610889.985.000) 12/16 14:27:17 Job executing on host: <188.185.193.21:9618?addrs=188.185.193.21-9618+[2001-1458-303-20--100-11]-9618&alias=b9p19p0571.cern.ch&noUDP&sock=startd_5999_64bc>
	SlotName: slot1_6@b9p19p0571.cern.ch
	CondorScratchDir = "/pool/condor/dir_610373"
	Cpus = 4
	Disk = 10972
	GPUs = 0
	Memory = 12000
...
006 (10610889.985.000) 12/16 14:27:31 Image size of job updated: 36560
	36  -  MemoryUsage of job (MB)
	36560  -  ResidentSetSize of job (KB)
...
006 (10610889.985.000) 12/16 14:32:32 Image size of job updated: 36652
	36  -  MemoryUsage of job (MB)
	36560  -  ResidentSetSize of job (KB)
...
006 (10610889.985.000) 12/16 16:31:28 Image size of job updated: 117316
	36  -  MemoryUsage of job (MB)
	36560  -  ResidentSetSize of job (KB)
...
040 (10610889.985.000) 12/16 16:31:28 Started transferring output files
...
040 (10610889.985.000) 12/16 16:31:29 Finished transferring output files
...
005 (10610889.985.000) 12/16 16:31:29 Job terminated.
	(1) Normal termination (return value 0)
		Usr 0 02:03:02, Sys 0 00:00:08  -  Run Remote Usage
		Usr 0 00:00:00, Sys 0 00:00:00  -  Run Local Usage
		Usr 0 02:03:02, Sys 0 00:00:08  -  Total Remote Usage
		Usr 0 00:00:00, Sys 0 00:00:00  -  Total Local Usage
	0  -  Run Bytes Sent By Job
	7584148  -  Run Bytes Received By Job
	0  -  Total Bytes Sent By Job
	7584148  -  Total Bytes Received By Job
	Partitionable Resources :    Usage  Request Allocated 
	   Cpus                 :     0.99        4         4 
	   Disk (KB)            : 33145        7500     10972 
	   GPUs                 :                           0 
	   Memory (MB)          :    36       12000     12000 
	   TimeExecute (s)      :  7451                       
	   TimeSlotBusy (s)     :  7452                       

	Job terminated of its own accord at 2025-12-16T15:31:28Z with exit-code 0.
...
