000 (10613549.598.000) 12/16 14:40:45 Job submitted from host: <188.185.71.83:9618?addrs=188.185.71.83-9618+[2001-1458-d00-7--100-34d]-9618&alias=bigbird18.cern.ch&noUDP&sock=schedd_5052_d48c>
...
040 (10613549.598.000) 12/16 15:30:54 Started transferring input files
	Transferring to host: <188.185.211.8:9618?addrs=188.185.211.8-9618+[2001-1458-303-16--100-4]-9618&alias=b9p23p4337.cern.ch&noUDP&sock=slot1_8_9725_e465_92814>
...
040 (10613549.598.000) 12/16 15:30:54 Finished transferring input files
...
001 (10613549.598.000) 12/16 15:30:54 Job executing on host: <188.185.211.8:9618?addrs=188.185.211.8-9618+[2001-1458-303-16--100-4]-9618&alias=b9p23p4337.cern.ch&noUDP&sock=startd_8753_688f>
	SlotName: slot1_8@b9p23p4337.cern.ch
	CondorScratchDir = "/pool/condor/dir_2988905"
	Cpus = 4
	Disk = 11019
	GPUs = 0
	Memory = 12000
...
006 (10613549.598.000) 12/16 15:31:08 Image size of job updated: 39524
	39  -  MemoryUsage of job (MB)
	39524  -  ResidentSetSize of job (KB)
...
006 (10613549.598.000) 12/16 15:36:09 Image size of job updated: 39944
	39  -  MemoryUsage of job (MB)
	39524  -  ResidentSetSize of job (KB)
...
006 (10613549.598.000) 12/16 16:54:42 Image size of job updated: 120472
	39  -  MemoryUsage of job (MB)
	39524  -  ResidentSetSize of job (KB)
...
040 (10613549.598.000) 12/16 16:54:42 Started transferring output files
...
040 (10613549.598.000) 12/16 16:54:42 Finished transferring output files
...
005 (10613549.598.000) 12/16 16:54:42 Job terminated.
	(1) Normal termination (return value 0)
		Usr 0 01:22:39, Sys 0 00:00:07  -  Run Remote Usage
		Usr 0 00:00:00, Sys 0 00:00:00  -  Run Local Usage
		Usr 0 01:22:39, Sys 0 00:00:07  -  Total Remote Usage
		Usr 0 00:00:00, Sys 0 00:00:00  -  Total Local Usage
	0  -  Run Bytes Sent By Job
	7584148  -  Run Bytes Received By Job
	0  -  Total Bytes Sent By Job
	7584148  -  Total Bytes Received By Job
	Partitionable Resources :    Usage  Request Allocated 
	   Cpus                 :     0.99        4         4 
	   Disk (KB)            : 33079        7500     11019 
	   GPUs                 :                           0 
	   Memory (MB)          :    39       12000     12000 
	   TimeExecute (s)      :  5028                       
	   TimeSlotBusy (s)     :  5028                       

	Job terminated of its own accord at 2025-12-16T15:54:42Z with exit-code 0.
...
