000 (10613550.918.000) 12/16 14:41:00 Job submitted from host: <188.185.71.83:9618?addrs=188.185.71.83-9618+[2001-1458-d00-7--100-34d]-9618&alias=bigbird18.cern.ch&noUDP&sock=schedd_5052_d48c>
...
040 (10613550.918.000) 12/16 16:54:11 Started transferring input files
	Transferring to host: <188.185.210.143:9618?addrs=188.185.210.143-9618+[2001-1458-303-15--100-b]-9618&alias=b9p22p5953.cern.ch&noUDP&sock=slot1_11_7814_6b77_90549>
...
001 (10613550.918.000) 12/16 16:54:11 Job executing on host: <188.185.210.143:9618?addrs=188.185.210.143-9618+[2001-1458-303-15--100-b]-9618&alias=b9p22p5953.cern.ch&noUDP&sock=startd_7166_dbc2>
	SlotName: slot1_11@b9p22p5953.cern.ch
	CondorScratchDir = "/pool/condor/dir_4133337"
	Cpus = 4
	Disk = 10783
	GPUs = 0
	Memory = 12000
...
040 (10613550.918.000) 12/16 16:54:11 Finished transferring input files
...
006 (10613550.918.000) 12/16 16:54:24 Image size of job updated: 37492
	37  -  MemoryUsage of job (MB)
	37492  -  ResidentSetSize of job (KB)
...
006 (10613550.918.000) 12/16 16:59:24 Image size of job updated: 37912
	37  -  MemoryUsage of job (MB)
	37492  -  ResidentSetSize of job (KB)
...
040 (10613550.918.000) 12/16 18:10:43 Started transferring output files
...
040 (10613550.918.000) 12/16 18:10:44 Finished transferring output files
...
005 (10613550.918.000) 12/16 18:10:44 Job terminated.
	(1) Normal termination (return value 0)
		Usr 0 01:15:36, Sys 0 00:00:09  -  Run Remote Usage
		Usr 0 00:00:00, Sys 0 00:00:00  -  Run Local Usage
		Usr 0 01:15:36, Sys 0 00:00:09  -  Total Remote Usage
		Usr 0 00:00:00, Sys 0 00:00:00  -  Total Local Usage
	0  -  Run Bytes Sent By Job
	7584148  -  Run Bytes Received By Job
	0  -  Total Bytes Sent By Job
	7584148  -  Total Bytes Received By Job
	Partitionable Resources :    Usage  Request Allocated 
	   Cpus                 :     0.99        4         4 
	   Disk (KB)            : 32838        7500     10783 
	   GPUs                 :                           0 
	   Memory (MB)          :    37       12000     12000 
	   TimeExecute (s)      :  4592                       
	   TimeSlotBusy (s)     :  4594                       

	Job terminated of its own accord at 2025-12-16T17:10:43Z with exit-code 0.
...
