000 (10610889.768.000) 12/16 07:15:01 Job submitted from host: <188.185.71.83:9618?addrs=188.185.71.83-9618+[2001-1458-d00-7--100-34d]-9618&alias=bigbird18.cern.ch&noUDP&sock=schedd_5052_d48c>
...
040 (10610889.768.000) 12/16 14:26:05 Started transferring input files
	Transferring to host: <188.185.211.51:9618?addrs=188.185.211.51-9618+[2001-1458-303-16--100-2f]-9618&alias=b9p23p7440.cern.ch&noUDP&sock=slot1_7_7284_fca1_94465>
...
040 (10610889.768.000) 12/16 14:26:05 Finished transferring input files
...
001 (10610889.768.000) 12/16 14:26:05 Job executing on host: <188.185.211.51:9618?addrs=188.185.211.51-9618+[2001-1458-303-16--100-2f]-9618&alias=b9p23p7440.cern.ch&noUDP&sock=startd_6477_4301>
	SlotName: slot1_7@b9p23p7440.cern.ch
	CondorScratchDir = "/pool/condor/dir_3013563"
	Cpus = 4
	Disk = 11050
	GPUs = 0
	Memory = 12000
...
006 (10610889.768.000) 12/16 14:26:19 Image size of job updated: 37488
	37  -  MemoryUsage of job (MB)
	37488  -  ResidentSetSize of job (KB)
...
006 (10610889.768.000) 12/16 14:31:20 Image size of job updated: 37908
	37  -  MemoryUsage of job (MB)
	37488  -  ResidentSetSize of job (KB)
...
006 (10610889.768.000) 12/16 15:44:05 Image size of job updated: 118476
	37  -  MemoryUsage of job (MB)
	37488  -  ResidentSetSize of job (KB)
...
040 (10610889.768.000) 12/16 15:44:06 Started transferring output files
...
040 (10610889.768.000) 12/16 15:44:06 Finished transferring output files
...
005 (10610889.768.000) 12/16 15:44:06 Job terminated.
	(1) Normal termination (return value 0)
		Usr 0 01:16:53, Sys 0 00:00:10  -  Run Remote Usage
		Usr 0 00:00:00, Sys 0 00:00:00  -  Run Local Usage
		Usr 0 01:16:53, Sys 0 00:00:10  -  Total Remote Usage
		Usr 0 00:00:00, Sys 0 00:00:00  -  Total Local Usage
	0  -  Run Bytes Sent By Job
	7584148  -  Run Bytes Received By Job
	0  -  Total Bytes Sent By Job
	7584148  -  Total Bytes Received By Job
	Partitionable Resources :    Usage  Request Allocated 
	   Cpus                 :     0.99        4         4 
	   Disk (KB)            : 33291        7500     11050 
	   GPUs                 :                           0 
	   Memory (MB)          :    37       12000     12000 
	   TimeExecute (s)      :  4680                       
	   TimeSlotBusy (s)     :  4682                       

	Job terminated of its own accord at 2025-12-16T14:44:05Z with exit-code 0.
...
