000 (10610887.815.000) 12/16 07:14:32 Job submitted from host: <188.185.71.83:9618?addrs=188.185.71.83-9618+[2001-1458-d00-7--100-34d]-9618&alias=bigbird18.cern.ch&noUDP&sock=schedd_5052_d48c>
...
040 (10610887.815.000) 12/16 07:55:48 Started transferring input files
	Transferring to host: <188.185.206.207:9618?addrs=188.185.206.207-9618+[2001-1458-303-c--100-4c]-9618&alias=b9p06p6342.cern.ch&noUDP&sock=slot1_15_4320_94a9_86389>
...
040 (10610887.815.000) 12/16 07:55:48 Finished transferring input files
...
001 (10610887.815.000) 12/16 07:55:48 Job executing on host: <188.185.206.207:9618?addrs=188.185.206.207-9618+[2001-1458-303-c--100-4c]-9618&alias=b9p06p6342.cern.ch&noUDP&sock=startd_3898_4841>
	SlotName: slot1_15@b9p06p6342.cern.ch
	CondorScratchDir = "/pool/condor/dir_3745373"
	Cpus = 4
	Disk = 10925
	GPUs = 0
	Memory = 12000
...
006 (10610887.815.000) 12/16 07:56:02 Image size of job updated: 41712
	41  -  MemoryUsage of job (MB)
	41712  -  ResidentSetSize of job (KB)
...
006 (10610887.815.000) 12/16 08:01:03 Image size of job updated: 42092
	41  -  MemoryUsage of job (MB)
	41712  -  ResidentSetSize of job (KB)
...
006 (10610887.815.000) 12/16 09:29:43 Image size of job updated: 122740
	41  -  MemoryUsage of job (MB)
	41712  -  ResidentSetSize of job (KB)
...
040 (10610887.815.000) 12/16 09:29:44 Started transferring output files
...
040 (10610887.815.000) 12/16 09:29:44 Finished transferring output files
...
005 (10610887.815.000) 12/16 09:29:44 Job terminated.
	(1) Normal termination (return value 0)
		Usr 0 01:32:37, Sys 0 00:00:08  -  Run Remote Usage
		Usr 0 00:00:00, Sys 0 00:00:00  -  Run Local Usage
		Usr 0 01:32:37, Sys 0 00:00:08  -  Total Remote Usage
		Usr 0 00:00:00, Sys 0 00:00:00  -  Total Local Usage
	0  -  Run Bytes Sent By Job
	7584148  -  Run Bytes Received By Job
	0  -  Total Bytes Sent By Job
	7584148  -  Total Bytes Received By Job
	Partitionable Resources :    Usage  Request Allocated 
	   Cpus                 :     0.99        4         4 
	   Disk (KB)            : 32842        7500     10925 
	   GPUs                 :                           0 
	   Memory (MB)          :    41       12000     12000 
	   TimeExecute (s)      :  5635                       
	   TimeSlotBusy (s)     :  5636                       

	Job terminated of its own accord at 2025-12-16T08:29:43Z with exit-code 0.
...
