000 (10610889.643.000) 12/16 07:15:01 Job submitted from host: <188.185.71.83:9618?addrs=188.185.71.83-9618+[2001-1458-d00-7--100-34d]-9618&alias=bigbird18.cern.ch&noUDP&sock=schedd_5052_d48c>
...
040 (10610889.643.000) 12/16 14:14:20 Started transferring input files
	Transferring to host: <188.185.213.223:9618?addrs=188.185.213.223-9618+[2001-1458-303-1b--100-5b]-9618&alias=b9p28p1071.cern.ch&noUDP&sock=slot1_11_3096_2977_108465>
...
040 (10610889.643.000) 12/16 14:14:20 Finished transferring input files
...
001 (10610889.643.000) 12/16 14:14:20 Job executing on host: <188.185.213.223:9618?addrs=188.185.213.223-9618+[2001-1458-303-1b--100-5b]-9618&alias=b9p28p1071.cern.ch&noUDP&sock=startd_2642_c54e>
	SlotName: slot1_11@b9p28p1071.cern.ch
	CondorScratchDir = "/pool/condor/dir_1802758"
	Cpus = 4
	Disk = 10989
	GPUs = 0
	Memory = 12000
...
006 (10610889.643.000) 12/16 14:14:34 Image size of job updated: 37504
	37  -  MemoryUsage of job (MB)
	37504  -  ResidentSetSize of job (KB)
...
006 (10610889.643.000) 12/16 14:19:35 Image size of job updated: 37924
	37  -  MemoryUsage of job (MB)
	37504  -  ResidentSetSize of job (KB)
...
006 (10610889.643.000) 12/16 15:29:02 Image size of job updated: 128092
	37  -  MemoryUsage of job (MB)
	37504  -  ResidentSetSize of job (KB)
...
040 (10610889.643.000) 12/16 15:29:02 Started transferring output files
...
040 (10610889.643.000) 12/16 15:29:02 Finished transferring output files
...
005 (10610889.643.000) 12/16 15:29:02 Job terminated.
	(1) Normal termination (return value 0)
		Usr 0 01:14:03, Sys 0 00:00:03  -  Run Remote Usage
		Usr 0 00:00:00, Sys 0 00:00:00  -  Run Local Usage
		Usr 0 01:14:03, Sys 0 00:00:03  -  Total Remote Usage
		Usr 0 00:00:00, Sys 0 00:00:00  -  Total Local Usage
	0  -  Run Bytes Sent By Job
	7584148  -  Run Bytes Received By Job
	0  -  Total Bytes Sent By Job
	7584148  -  Total Bytes Received By Job
	Partitionable Resources :    Usage  Request Allocated 
	   Cpus                 :     0.99        4         4 
	   Disk (KB)            : 33551        7500     10989 
	   GPUs                 :                           0 
	   Memory (MB)          :    37       12000     12000 
	   TimeExecute (s)      :  4482                       
	   TimeSlotBusy (s)     :  4483                       

	Job terminated of its own accord at 2025-12-16T14:29:02Z with exit-code 0.
...
