000 (10610889.377.000) 12/16 07:15:00 Job submitted from host: <188.185.71.83:9618?addrs=188.185.71.83-9618+[2001-1458-d00-7--100-34d]-9618&alias=bigbird18.cern.ch&noUDP&sock=schedd_5052_d48c>
...
040 (10610889.377.000) 12/16 13:38:27 Started transferring input files
	Transferring to host: <188.185.212.21:9618?addrs=188.185.212.21-9618+[2001-1458-303-18--100-11]-9618&alias=b9p25p8865.cern.ch&noUDP&sock=slot1_19_5252_424f_94882>
...
040 (10610889.377.000) 12/16 13:38:27 Finished transferring input files
...
001 (10610889.377.000) 12/16 13:38:27 Job executing on host: <188.185.212.21:9618?addrs=188.185.212.21-9618+[2001-1458-303-18--100-11]-9618&alias=b9p25p8865.cern.ch&noUDP&sock=startd_4221_d558>
	SlotName: slot1_19@b9p25p8865.cern.ch
	CondorScratchDir = "/pool/condor/dir_2163667"
	Cpus = 4
	Disk = 10999
	GPUs = 0
	Memory = 12000
...
006 (10610889.377.000) 12/16 13:38:41 Image size of job updated: 39544
	39  -  MemoryUsage of job (MB)
	39544  -  ResidentSetSize of job (KB)
...
006 (10610889.377.000) 12/16 13:43:42 Image size of job updated: 39964
	39  -  MemoryUsage of job (MB)
	39544  -  ResidentSetSize of job (KB)
...
040 (10610889.377.000) 12/16 15:06:12 Started transferring output files
...
040 (10610889.377.000) 12/16 15:06:12 Finished transferring output files
...
005 (10610889.377.000) 12/16 15:06:12 Job terminated.
	(1) Normal termination (return value 0)
		Usr 0 01:26:46, Sys 0 00:00:08  -  Run Remote Usage
		Usr 0 00:00:00, Sys 0 00:00:00  -  Run Local Usage
		Usr 0 01:26:46, Sys 0 00:00:08  -  Total Remote Usage
		Usr 0 00:00:00, Sys 0 00:00:00  -  Total Local Usage
	0  -  Run Bytes Sent By Job
	7584148  -  Run Bytes Received By Job
	0  -  Total Bytes Sent By Job
	7584148  -  Total Bytes Received By Job
	Partitionable Resources :    Usage  Request Allocated 
	   Cpus                 :     0.99        4         4 
	   Disk (KB)            : 33159        7500     10999 
	   GPUs                 :                           0 
	   Memory (MB)          :    39       12000     12000 
	   TimeExecute (s)      :  5264                       
	   TimeSlotBusy (s)     :  5265                       

	Job terminated of its own accord at 2025-12-16T14:06:11Z with exit-code 0.
...
