000 (10610888.313.000) 12/16 07:14:44 Job submitted from host: <188.185.71.83:9618?addrs=188.185.71.83-9618+[2001-1458-d00-7--100-34d]-9618&alias=bigbird18.cern.ch&noUDP&sock=schedd_5052_d48c>
...
040 (10610888.313.000) 12/16 09:16:16 Started transferring input files
	Transferring to host: <188.185.207.64:9618?addrs=188.185.207.64-9618+[2001-1458-303-d--100-3d]-9618&alias=b9p07p8484.cern.ch&noUDP&sock=slot1_18_4553_c012_78186>
...
040 (10610888.313.000) 12/16 09:16:16 Finished transferring input files
...
001 (10610888.313.000) 12/16 09:16:16 Job executing on host: <188.185.207.64:9618?addrs=188.185.207.64-9618+[2001-1458-303-d--100-3d]-9618&alias=b9p07p8484.cern.ch&noUDP&sock=startd_3780_5814>
	SlotName: slot1_18@b9p07p8484.cern.ch
	CondorScratchDir = "/pool/condor/dir_2533984"
	Cpus = 4
	Disk = 10884
	GPUs = 0
	Memory = 12000
...
006 (10610888.313.000) 12/16 09:16:30 Image size of job updated: 39688
	39  -  MemoryUsage of job (MB)
	39688  -  ResidentSetSize of job (KB)
...
006 (10610888.313.000) 12/16 09:21:31 Image size of job updated: 40068
	39  -  MemoryUsage of job (MB)
	39688  -  ResidentSetSize of job (KB)
...
006 (10610888.313.000) 12/16 10:38:49 Image size of job updated: 120716
	39  -  MemoryUsage of job (MB)
	39688  -  ResidentSetSize of job (KB)
...
040 (10610888.313.000) 12/16 10:38:49 Started transferring output files
...
040 (10610888.313.000) 12/16 10:38:50 Finished transferring output files
...
005 (10610888.313.000) 12/16 10:38:50 Job terminated.
	(1) Normal termination (return value 0)
		Usr 0 01:21:32, Sys 0 00:00:06  -  Run Remote Usage
		Usr 0 00:00:00, Sys 0 00:00:00  -  Run Local Usage
		Usr 0 01:21:32, Sys 0 00:00:06  -  Total Remote Usage
		Usr 0 00:00:00, Sys 0 00:00:00  -  Total Local Usage
	0  -  Run Bytes Sent By Job
	7584148  -  Run Bytes Received By Job
	0  -  Total Bytes Sent By Job
	7584148  -  Total Bytes Received By Job
	Partitionable Resources :    Usage  Request Allocated 
	   Cpus                 :     0.99        4         4 
	   Disk (KB)            : 32647        7500     10884 
	   GPUs                 :                           0 
	   Memory (MB)          :    39       12000     12000 
	   TimeExecute (s)      :  4953                       
	   TimeSlotBusy (s)     :  4954                       

	Job terminated of its own accord at 2025-12-16T09:38:49Z with exit-code 0.
...
