000 (10610889.520.000) 12/16 07:15:00 Job submitted from host: <188.185.71.83:9618?addrs=188.185.71.83-9618+[2001-1458-d00-7--100-34d]-9618&alias=bigbird18.cern.ch&noUDP&sock=schedd_5052_d48c>
...
040 (10610889.520.000) 12/16 14:09:34 Started transferring input files
	Transferring to host: <188.185.214.10:9618?addrs=188.185.214.10-9618+[2001-1458-303-1c--100-6]-9618&alias=b9p29p1341.cern.ch&noUDP&sock=slot1_21_5054_c007_111094>
...
040 (10610889.520.000) 12/16 14:09:34 Finished transferring input files
...
001 (10610889.520.000) 12/16 14:09:34 Job executing on host: <188.185.214.10:9618?addrs=188.185.214.10-9618+[2001-1458-303-1c--100-6]-9618&alias=b9p29p1341.cern.ch&noUDP&sock=startd_4065_d492>
	SlotName: slot1_21@b9p29p1341.cern.ch
	CondorScratchDir = "/pool/condor/dir_3594011"
	Cpus = 4
	Disk = 10949
	GPUs = 0
	Memory = 12000
...
006 (10610889.520.000) 12/16 14:09:48 Image size of job updated: 37472
	37  -  MemoryUsage of job (MB)
	37472  -  ResidentSetSize of job (KB)
...
006 (10610889.520.000) 12/16 14:14:49 Image size of job updated: 37892
	37  -  MemoryUsage of job (MB)
	37472  -  ResidentSetSize of job (KB)
...
006 (10610889.520.000) 12/16 14:49:51 Image size of job updated: 44432
	44  -  MemoryUsage of job (MB)
	44432  -  ResidentSetSize of job (KB)
...
040 (10610889.520.000) 12/16 15:25:10 Started transferring output files
...
040 (10610889.520.000) 12/16 15:25:10 Finished transferring output files
...
005 (10610889.520.000) 12/16 15:25:10 Job terminated.
	(1) Normal termination (return value 0)
		Usr 0 01:14:46, Sys 0 00:00:06  -  Run Remote Usage
		Usr 0 00:00:00, Sys 0 00:00:00  -  Run Local Usage
		Usr 0 01:14:46, Sys 0 00:00:06  -  Total Remote Usage
		Usr 0 00:00:00, Sys 0 00:00:00  -  Total Local Usage
	0  -  Run Bytes Sent By Job
	7584148  -  Run Bytes Received By Job
	0  -  Total Bytes Sent By Job
	7584148  -  Total Bytes Received By Job
	Partitionable Resources :    Usage  Request Allocated 
	   Cpus                 :     0.99        4         4 
	   Disk (KB)            : 32425        7500     10949 
	   GPUs                 :                           0 
	   Memory (MB)          :    44       12000     12000 
	   TimeExecute (s)      :  4535                       
	   TimeSlotBusy (s)     :  4537                       

	Job terminated of its own accord at 2025-12-16T14:25:09Z with exit-code 0.
...
