000 (10613550.746.000) 12/16 14:41:00 Job submitted from host: <188.185.71.83:9618?addrs=188.185.71.83-9618+[2001-1458-d00-7--100-34d]-9618&alias=bigbird18.cern.ch&noUDP&sock=schedd_5052_d48c>
...
040 (10613550.746.000) 12/16 16:49:21 Started transferring input files
	Transferring to host: <188.185.214.208:9618?addrs=188.185.214.208-9618+[2001-1458-303-1d--100-4c]-9618&alias=b9p30p1409.cern.ch&noUDP&sock=slot1_16_3091_a397_92195>
...
040 (10613550.746.000) 12/16 16:49:21 Finished transferring input files
...
001 (10613550.746.000) 12/16 16:49:21 Job executing on host: <188.185.214.208:9618?addrs=188.185.214.208-9618+[2001-1458-303-1d--100-4c]-9618&alias=b9p30p1409.cern.ch&noUDP&sock=startd_2648_e2df>
	SlotName: slot1_16@b9p30p1409.cern.ch
	CondorScratchDir = "/pool/condor/dir_3378422"
	Cpus = 4
	Disk = 11053
	GPUs = 0
	Memory = 12000
...
006 (10613550.746.000) 12/16 16:49:34 Image size of job updated: 37488
	37  -  MemoryUsage of job (MB)
	37488  -  ResidentSetSize of job (KB)
...
006 (10613550.746.000) 12/16 16:54:34 Image size of job updated: 37908
	37  -  MemoryUsage of job (MB)
	37488  -  ResidentSetSize of job (KB)
...
006 (10613550.746.000) 12/16 18:14:50 Image size of job updated: 55456
	37  -  MemoryUsage of job (MB)
	37488  -  ResidentSetSize of job (KB)
...
040 (10613550.746.000) 12/16 18:14:50 Started transferring output files
...
040 (10613550.746.000) 12/16 18:14:51 Finished transferring output files
...
005 (10613550.746.000) 12/16 18:14:51 Job terminated.
	(1) Normal termination (return value 0)
		Usr 0 01:24:31, Sys 0 00:00:06  -  Run Remote Usage
		Usr 0 00:00:00, Sys 0 00:00:00  -  Run Local Usage
		Usr 0 01:24:31, Sys 0 00:00:06  -  Total Remote Usage
		Usr 0 00:00:00, Sys 0 00:00:00  -  Total Local Usage
	0  -  Run Bytes Sent By Job
	7584148  -  Run Bytes Received By Job
	0  -  Total Bytes Sent By Job
	7584148  -  Total Bytes Received By Job
	Partitionable Resources :    Usage  Request Allocated 
	   Cpus                 :     0.99        4         4 
	   Disk (KB)            : 33129        7500     11053 
	   GPUs                 :                           0 
	   Memory (MB)          :    37       12000     12000 
	   TimeExecute (s)      :  5129                       
	   TimeSlotBusy (s)     :  5131                       

	Job terminated of its own accord at 2025-12-16T17:14:50Z with exit-code 0.
...
