000 (10610889.132.000) 12/16 07:15:00 Job submitted from host: <188.185.71.83:9618?addrs=188.185.71.83-9618+[2001-1458-d00-7--100-34d]-9618&alias=bigbird18.cern.ch&noUDP&sock=schedd_5052_d48c>
...
040 (10610889.132.000) 12/16 11:14:01 Started transferring input files
	Transferring to host: <188.185.193.94:9618?addrs=188.185.193.94-9618+[2001-1458-303-20--100-5a]-9618&alias=b9p19p0022.cern.ch&noUDP&sock=slot1_9_4995_2de4_85266>
...
040 (10610889.132.000) 12/16 11:14:01 Finished transferring input files
...
001 (10610889.132.000) 12/16 11:14:01 Job executing on host: <188.185.193.94:9618?addrs=188.185.193.94-9618+[2001-1458-303-20--100-5a]-9618&alias=b9p19p0022.cern.ch&noUDP&sock=startd_4051_3a3f>
	SlotName: slot1_9@b9p19p0022.cern.ch
	CondorScratchDir = "/pool/condor/dir_1738039"
	Cpus = 4
	Disk = 10985
	GPUs = 0
	Memory = 12000
...
006 (10610889.132.000) 12/16 11:14:16 Image size of job updated: 38004
	38  -  MemoryUsage of job (MB)
	38004  -  ResidentSetSize of job (KB)
...
006 (10610889.132.000) 12/16 11:19:16 Image size of job updated: 38424
	38  -  MemoryUsage of job (MB)
	38004  -  ResidentSetSize of job (KB)
...
040 (10610889.132.000) 12/16 14:08:46 Started transferring output files
...
040 (10610889.132.000) 12/16 14:08:46 Finished transferring output files
...
005 (10610889.132.000) 12/16 14:08:46 Job terminated.
	(1) Normal termination (return value 0)
		Usr 0 02:49:57, Sys 0 00:00:18  -  Run Remote Usage
		Usr 0 00:00:00, Sys 0 00:00:00  -  Run Local Usage
		Usr 0 02:49:57, Sys 0 00:00:18  -  Total Remote Usage
		Usr 0 00:00:00, Sys 0 00:00:00  -  Total Local Usage
	0  -  Run Bytes Sent By Job
	7584148  -  Run Bytes Received By Job
	0  -  Total Bytes Sent By Job
	7584148  -  Total Bytes Received By Job
	Partitionable Resources :    Usage  Request Allocated 
	   Cpus                 :     0.97        4         4 
	   Disk (KB)            : 32176        7500     10985 
	   GPUs                 :                           0 
	   Memory (MB)          :    38       12000     12000 
	   TimeExecute (s)      : 10484                       
	   TimeSlotBusy (s)     : 10485                       

	Job terminated of its own accord at 2025-12-16T13:08:45Z with exit-code 0.
...
