000 (10610889.257.000) 12/16 07:15:00 Job submitted from host: <188.185.71.83:9618?addrs=188.185.71.83-9618+[2001-1458-d00-7--100-34d]-9618&alias=bigbird18.cern.ch&noUDP&sock=schedd_5052_d48c>
...
040 (10610889.257.000) 12/16 13:31:36 Started transferring input files
	Transferring to host: <188.185.211.14:9618?addrs=188.185.211.14-9618+[2001-1458-303-16--100-a]-9618&alias=b9p23p3852.cern.ch&noUDP&sock=slot1_13_5772_a564_92984>
...
040 (10610889.257.000) 12/16 13:31:36 Finished transferring input files
...
001 (10610889.257.000) 12/16 13:31:36 Job executing on host: <188.185.211.14:9618?addrs=188.185.211.14-9618+[2001-1458-303-16--100-a]-9618&alias=b9p23p3852.cern.ch&noUDP&sock=startd_5012_64c2>
	SlotName: slot1_13@b9p23p3852.cern.ch
	CondorScratchDir = "/pool/condor/dir_3924622"
	Cpus = 4
	Disk = 10965
	GPUs = 0
	Memory = 12000
...
006 (10610889.257.000) 12/16 13:31:49 Image size of job updated: 37968
	38  -  MemoryUsage of job (MB)
	37968  -  ResidentSetSize of job (KB)
...
006 (10610889.257.000) 12/16 13:36:49 Image size of job updated: 38060
	38  -  MemoryUsage of job (MB)
	37968  -  ResidentSetSize of job (KB)
...
006 (10610889.257.000) 12/16 14:48:18 Image size of job updated: 118644
	38  -  MemoryUsage of job (MB)
	37968  -  ResidentSetSize of job (KB)
...
040 (10610889.257.000) 12/16 14:48:18 Started transferring output files
...
040 (10610889.257.000) 12/16 14:48:19 Finished transferring output files
...
005 (10610889.257.000) 12/16 14:48:19 Job terminated.
	(1) Normal termination (return value 0)
		Usr 0 01:15:46, Sys 0 00:00:06  -  Run Remote Usage
		Usr 0 00:00:00, Sys 0 00:00:00  -  Run Local Usage
		Usr 0 01:15:46, Sys 0 00:00:06  -  Total Remote Usage
		Usr 0 00:00:00, Sys 0 00:00:00  -  Total Local Usage
	0  -  Run Bytes Sent By Job
	7584148  -  Run Bytes Received By Job
	0  -  Total Bytes Sent By Job
	7584148  -  Total Bytes Received By Job
	Partitionable Resources :    Usage  Request Allocated 
	   Cpus                 :     0.99        4         4 
	   Disk (KB)            : 33743        7500     10965 
	   GPUs                 :                           0 
	   Memory (MB)          :    38       12000     12000 
	   TimeExecute (s)      :  4602                       
	   TimeSlotBusy (s)     :  4604                       

	Job terminated of its own accord at 2025-12-16T13:48:18Z with exit-code 0.
...
