000 (10613550.417.000) 12/16 14:40:59 Job submitted from host: <188.185.71.83:9618?addrs=188.185.71.83-9618+[2001-1458-d00-7--100-34d]-9618&alias=bigbird18.cern.ch&noUDP&sock=schedd_5052_d48c>
...
040 (10613550.417.000) 12/16 16:02:45 Started transferring input files
	Transferring to host: <188.185.207.156:9618?addrs=188.185.207.156-9618+[2001-1458-303-e--100-19]-9618&alias=b9p08p8118.cern.ch&noUDP&sock=slot1_1_932294_3651_49620>
...
040 (10613550.417.000) 12/16 16:02:45 Finished transferring input files
...
001 (10613550.417.000) 12/16 16:02:45 Job executing on host: <188.185.207.156:9618?addrs=188.185.207.156-9618+[2001-1458-303-e--100-19]-9618&alias=b9p08p8118.cern.ch&noUDP&sock=startd_3594_c377>
	SlotName: slot1_1@b9p08p8118.cern.ch
	CondorScratchDir = "/pool/condor/dir_2167425"
	Cpus = 4
	Disk = 10834
	GPUs = 0
	Memory = 12000
...
006 (10613550.417.000) 12/16 16:02:58 Image size of job updated: 43724
	43  -  MemoryUsage of job (MB)
	43724  -  ResidentSetSize of job (KB)
...
006 (10613550.417.000) 12/16 16:07:59 Image size of job updated: 44104
	43  -  MemoryUsage of job (MB)
	43724  -  ResidentSetSize of job (KB)
...
040 (10613550.417.000) 12/16 17:41:00 Started transferring output files
...
040 (10613550.417.000) 12/16 17:41:01 Finished transferring output files
...
005 (10613550.417.000) 12/16 17:41:01 Job terminated.
	(1) Normal termination (return value 0)
		Usr 0 01:35:32, Sys 0 00:00:12  -  Run Remote Usage
		Usr 0 00:00:00, Sys 0 00:00:00  -  Run Local Usage
		Usr 0 01:35:32, Sys 0 00:00:12  -  Total Remote Usage
		Usr 0 00:00:00, Sys 0 00:00:00  -  Total Local Usage
	0  -  Run Bytes Sent By Job
	7584148  -  Run Bytes Received By Job
	0  -  Total Bytes Sent By Job
	7584148  -  Total Bytes Received By Job
	Partitionable Resources :    Usage  Request Allocated 
	   Cpus                 :     0.99        4         4 
	   Disk (KB)            : 32921        7500     10834 
	   GPUs                 :                           0 
	   Memory (MB)          :    43       12000     12000 
	   TimeExecute (s)      :  5895                       
	   TimeSlotBusy (s)     :  5897                       

	Job terminated of its own accord at 2025-12-16T16:41:00Z with exit-code 0.
...
