000 (10610888.265.000) 12/16 07:14:44 Job submitted from host: <188.185.71.83:9618?addrs=188.185.71.83-9618+[2001-1458-d00-7--100-34d]-9618&alias=bigbird18.cern.ch&noUDP&sock=schedd_5052_d48c>
...
040 (10610888.265.000) 12/16 09:12:29 Started transferring input files
	Transferring to host: <188.185.211.170:9618?addrs=188.185.211.170-9618+[2001-1458-303-17--100-26]-9618&alias=b9p24p7911.cern.ch&noUDP&sock=slot1_14_8352_7d4d_87718>
...
040 (10610888.265.000) 12/16 09:12:29 Finished transferring input files
...
001 (10610888.265.000) 12/16 09:12:29 Job executing on host: <188.185.211.170:9618?addrs=188.185.211.170-9618+[2001-1458-303-17--100-26]-9618&alias=b9p24p7911.cern.ch&noUDP&sock=startd_7190_5208>
	SlotName: slot1_14@b9p24p7911.cern.ch
	CondorScratchDir = "/pool/condor/dir_2914666"
	Cpus = 4
	Disk = 11244
	GPUs = 0
	Memory = 12000
...
006 (10610888.265.000) 12/16 09:12:43 Image size of job updated: 37500
	37  -  MemoryUsage of job (MB)
	37500  -  ResidentSetSize of job (KB)
...
006 (10610888.265.000) 12/16 09:17:44 Image size of job updated: 37920
	37  -  MemoryUsage of job (MB)
	37500  -  ResidentSetSize of job (KB)
...
006 (10610888.265.000) 12/16 10:30:51 Image size of job updated: 71592
	37  -  MemoryUsage of job (MB)
	37500  -  ResidentSetSize of job (KB)
...
040 (10610888.265.000) 12/16 10:30:52 Started transferring output files
...
040 (10610888.265.000) 12/16 10:30:52 Finished transferring output files
...
005 (10610888.265.000) 12/16 10:30:52 Job terminated.
	(1) Normal termination (return value 0)
		Usr 0 01:17:29, Sys 0 00:00:08  -  Run Remote Usage
		Usr 0 00:00:00, Sys 0 00:00:00  -  Run Local Usage
		Usr 0 01:17:29, Sys 0 00:00:08  -  Total Remote Usage
		Usr 0 00:00:00, Sys 0 00:00:00  -  Total Local Usage
	0  -  Run Bytes Sent By Job
	7584148  -  Run Bytes Received By Job
	0  -  Total Bytes Sent By Job
	7584148  -  Total Bytes Received By Job
	Partitionable Resources :    Usage  Request Allocated 
	   Cpus                 :     0.99        4         4 
	   Disk (KB)            : 32818        7500     11244 
	   GPUs                 :                           0 
	   Memory (MB)          :    37       12000     12000 
	   TimeExecute (s)      :  4702                       
	   TimeSlotBusy (s)     :  4703                       

	Job terminated of its own accord at 2025-12-16T09:30:51Z with exit-code 0.
...
