000 (10610888.335.000) 12/16 07:14:44 Job submitted from host: <188.185.71.83:9618?addrs=188.185.71.83-9618+[2001-1458-d00-7--100-34d]-9618&alias=bigbird18.cern.ch&noUDP&sock=schedd_5052_d48c>
...
040 (10610888.335.000) 12/16 09:17:43 Started transferring input files
	Transferring to host: <188.185.214.179:9618?addrs=188.185.214.179-9618+[2001-1458-303-1d--100-2f]-9618&alias=b9p30p2749.cern.ch&noUDP&sock=slot1_15_5078_a908_89917>
...
040 (10610888.335.000) 12/16 09:17:43 Finished transferring input files
...
001 (10610888.335.000) 12/16 09:17:43 Job executing on host: <188.185.214.179:9618?addrs=188.185.214.179-9618+[2001-1458-303-1d--100-2f]-9618&alias=b9p30p2749.cern.ch&noUDP&sock=startd_4140_462d>
	SlotName: slot1_15@b9p30p2749.cern.ch
	CondorScratchDir = "/pool/condor/dir_3956975"
	Cpus = 4
	Disk = 11154
	GPUs = 0
	Memory = 12000
...
006 (10610888.335.000) 12/16 09:17:57 Image size of job updated: 42148
	42  -  MemoryUsage of job (MB)
	42148  -  ResidentSetSize of job (KB)
...
006 (10610888.335.000) 12/16 09:22:58 Image size of job updated: 42568
	42  -  MemoryUsage of job (MB)
	42148  -  ResidentSetSize of job (KB)
...
040 (10610888.335.000) 12/16 10:35:00 Started transferring output files
...
040 (10610888.335.000) 12/16 10:35:00 Finished transferring output files
...
005 (10610888.335.000) 12/16 10:35:01 Job terminated.
	(1) Normal termination (return value 0)
		Usr 0 01:16:24, Sys 0 00:00:06  -  Run Remote Usage
		Usr 0 00:00:00, Sys 0 00:00:00  -  Run Local Usage
		Usr 0 01:16:24, Sys 0 00:00:06  -  Total Remote Usage
		Usr 0 00:00:00, Sys 0 00:00:00  -  Total Local Usage
	0  -  Run Bytes Sent By Job
	7584148  -  Run Bytes Received By Job
	0  -  Total Bytes Sent By Job
	7584148  -  Total Bytes Received By Job
	Partitionable Resources :    Usage  Request Allocated 
	   Cpus                 :     0.99        4         4 
	   Disk (KB)            : 33271        7500     11154 
	   GPUs                 :                           0 
	   Memory (MB)          :    42       12000     12000 
	   TimeExecute (s)      :  4637                       
	   TimeSlotBusy (s)     :  4637                       

	Job terminated of its own accord at 2025-12-16T09:35:00Z with exit-code 0.
...
