000 (10610889.350.000) 12/16 07:15:00 Job submitted from host: <188.185.71.83:9618?addrs=188.185.71.83-9618+[2001-1458-d00-7--100-34d]-9618&alias=bigbird18.cern.ch&noUDP&sock=schedd_5052_d48c>
...
040 (10610889.350.000) 12/16 13:38:15 Started transferring input files
	Transferring to host: <188.185.207.12:9618?addrs=188.185.207.12-9618+[2001-1458-303-d--100-9]-9618&alias=b9p07p0675.cern.ch&noUDP&sock=slot1_6_4462_a1ef_77568>
...
040 (10610889.350.000) 12/16 13:38:15 Finished transferring input files
...
001 (10610889.350.000) 12/16 13:38:15 Job executing on host: <188.185.207.12:9618?addrs=188.185.207.12-9618+[2001-1458-303-d--100-9]-9618&alias=b9p07p0675.cern.ch&noUDP&sock=startd_3761_4fc8>
	SlotName: slot1_6@b9p07p0675.cern.ch
	CondorScratchDir = "/pool/condor/dir_2981068"
	Cpus = 4
	Disk = 10708
	GPUs = 0
	Memory = 12000
...
006 (10610889.350.000) 12/16 13:38:29 Image size of job updated: 42104
	42  -  MemoryUsage of job (MB)
	42104  -  ResidentSetSize of job (KB)
...
006 (10610889.350.000) 12/16 13:43:29 Image size of job updated: 42484
	42  -  MemoryUsage of job (MB)
	42104  -  ResidentSetSize of job (KB)
...
006 (10610889.350.000) 12/16 15:13:19 Image size of job updated: 123128
	42  -  MemoryUsage of job (MB)
	42104  -  ResidentSetSize of job (KB)
...
040 (10610889.350.000) 12/16 15:13:20 Started transferring output files
...
040 (10610889.350.000) 12/16 15:13:21 Finished transferring output files
...
005 (10610889.350.000) 12/16 15:13:21 Job terminated.
	(1) Normal termination (return value 0)
		Usr 0 01:33:43, Sys 0 00:00:08  -  Run Remote Usage
		Usr 0 00:00:00, Sys 0 00:00:00  -  Run Local Usage
		Usr 0 01:33:43, Sys 0 00:00:08  -  Total Remote Usage
		Usr 0 00:00:00, Sys 0 00:00:00  -  Total Local Usage
	0  -  Run Bytes Sent By Job
	7584148  -  Run Bytes Received By Job
	0  -  Total Bytes Sent By Job
	7584148  -  Total Bytes Received By Job
	Partitionable Resources :    Usage  Request Allocated 
	   Cpus                 :     0.99        4         4 
	   Disk (KB)            : 33267        7500     10708 
	   GPUs                 :                           0 
	   Memory (MB)          :    42       12000     12000 
	   TimeExecute (s)      :  5704                       
	   TimeSlotBusy (s)     :  5706                       

	Job terminated of its own accord at 2025-12-16T14:13:19Z with exit-code 0.
...
