000 (10613550.561.000) 12/16 14:40:59 Job submitted from host: <188.185.71.83:9618?addrs=188.185.71.83-9618+[2001-1458-d00-7--100-34d]-9618&alias=bigbird18.cern.ch&noUDP&sock=schedd_5052_d48c>
...
040 (10613550.561.000) 12/16 16:33:47 Started transferring input files
	Transferring to host: <188.185.192.62:9618?addrs=188.185.192.62-9618+[2001-1458-303-1f--100-3a]-9618&alias=b9p13p5310.cern.ch&noUDP&sock=slot1_22_11615_9171_87939>
...
040 (10613550.561.000) 12/16 16:33:49 Finished transferring input files
...
001 (10613550.561.000) 12/16 16:33:49 Job executing on host: <188.185.192.62:9618?addrs=188.185.192.62-9618+[2001-1458-303-1f--100-3a]-9618&alias=b9p13p5310.cern.ch&noUDP&sock=startd_10026_949e>
	SlotName: slot1_22@b9p13p5310.cern.ch
	CondorScratchDir = "/pool/condor/dir_3476964"
	Cpus = 4
	Disk = 10940
	GPUs = 0
	Memory = 12000
...
006 (10613550.561.000) 12/16 16:34:03 Image size of job updated: 32140
	32  -  MemoryUsage of job (MB)
	32140  -  ResidentSetSize of job (KB)
...
006 (10613550.561.000) 12/16 16:39:04 Image size of job updated: 32232
	32  -  MemoryUsage of job (MB)
	32140  -  ResidentSetSize of job (KB)
...
040 (10613550.561.000) 12/16 18:40:35 Started transferring output files
...
040 (10613550.561.000) 12/16 18:40:35 Finished transferring output files
...
005 (10613550.561.000) 12/16 18:40:35 Job terminated.
	(1) Normal termination (return value 0)
		Usr 0 02:05:20, Sys 0 00:00:06  -  Run Remote Usage
		Usr 0 00:00:00, Sys 0 00:00:00  -  Run Local Usage
		Usr 0 02:05:20, Sys 0 00:00:06  -  Total Remote Usage
		Usr 0 00:00:00, Sys 0 00:00:00  -  Total Local Usage
	0  -  Run Bytes Sent By Job
	7584148  -  Run Bytes Received By Job
	0  -  Total Bytes Sent By Job
	7584148  -  Total Bytes Received By Job
	Partitionable Resources :    Usage  Request Allocated 
	   Cpus                 :     1.00        4         4 
	   Disk (KB)            : 32728        7500     10940 
	   GPUs                 :                           0 
	   Memory (MB)          :    32       12000     12000 
	   TimeExecute (s)      :  7605                       
	   TimeSlotBusy (s)     :  7608                       

	Job terminated of its own accord at 2025-12-16T17:40:34Z with exit-code 0.
...
