000 (10610889.922.000) 12/16 07:15:01 Job submitted from host: <188.185.71.83:9618?addrs=188.185.71.83-9618+[2001-1458-d00-7--100-34d]-9618&alias=bigbird18.cern.ch&noUDP&sock=schedd_5052_d48c>
...
040 (10610889.922.000) 12/16 14:26:57 Started transferring input files
	Transferring to host: <188.185.208.145:9618?addrs=188.185.208.145-9618+[2001-1458-303-10--100-e]-9618&alias=b9p10p1680.cern.ch&noUDP&sock=slot1_7_3860_7816_87217>
...
040 (10610889.922.000) 12/16 14:26:57 Finished transferring input files
...
001 (10610889.922.000) 12/16 14:26:57 Job executing on host: <188.185.208.145:9618?addrs=188.185.208.145-9618+[2001-1458-303-10--100-e]-9618&alias=b9p10p1680.cern.ch&noUDP&sock=startd_3440_21e1>
	SlotName: slot1_7@b9p10p1680.cern.ch
	CondorScratchDir = "/pool/condor/dir_19206"
	Cpus = 4
	Disk = 10760
	GPUs = 0
	Memory = 12000
...
006 (10610889.922.000) 12/16 14:27:11 Image size of job updated: 39676
	39  -  MemoryUsage of job (MB)
	39676  -  ResidentSetSize of job (KB)
...
006 (10610889.922.000) 12/16 14:32:12 Image size of job updated: 40080
	39  -  MemoryUsage of job (MB)
	39676  -  ResidentSetSize of job (KB)
...
006 (10610889.922.000) 12/16 15:48:19 Image size of job updated: 120684
	39  -  MemoryUsage of job (MB)
	39676  -  ResidentSetSize of job (KB)
...
040 (10610889.922.000) 12/16 15:48:20 Started transferring output files
...
040 (10610889.922.000) 12/16 15:48:20 Finished transferring output files
...
005 (10610889.922.000) 12/16 15:48:20 Job terminated.
	(1) Normal termination (return value 0)
		Usr 0 01:20:17, Sys 0 00:00:07  -  Run Remote Usage
		Usr 0 00:00:00, Sys 0 00:00:00  -  Run Local Usage
		Usr 0 01:20:17, Sys 0 00:00:07  -  Total Remote Usage
		Usr 0 00:00:00, Sys 0 00:00:00  -  Total Local Usage
	0  -  Run Bytes Sent By Job
	7584148  -  Run Bytes Received By Job
	0  -  Total Bytes Sent By Job
	7584148  -  Total Bytes Received By Job
	Partitionable Resources :    Usage  Request Allocated 
	   Cpus                 :     0.99        4         4 
	   Disk (KB)            : 32215        7500     10760 
	   GPUs                 :                           0 
	   Memory (MB)          :    39       12000     12000 
	   TimeExecute (s)      :  4882                       
	   TimeSlotBusy (s)     :  4884                       

	Job terminated of its own accord at 2025-12-16T14:48:19Z with exit-code 0.
...
