000 (10610888.556.000) 12/16 07:14:44 Job submitted from host: <188.185.71.83:9618?addrs=188.185.71.83-9618+[2001-1458-d00-7--100-34d]-9618&alias=bigbird18.cern.ch&noUDP&sock=schedd_5052_d48c>
...
040 (10610888.556.000) 12/16 09:29:33 Started transferring input files
	Transferring to host: <188.185.210.78:9618?addrs=188.185.210.78-9618+[2001-1458-303-1--100-4a]-9618&alias=b9p21p8482.cern.ch&noUDP&sock=slot1_8_3719_1f30_93547>
...
040 (10610888.556.000) 12/16 09:29:33 Finished transferring input files
...
001 (10610888.556.000) 12/16 09:29:33 Job executing on host: <188.185.210.78:9618?addrs=188.185.210.78-9618+[2001-1458-303-1--100-4a]-9618&alias=b9p21p8482.cern.ch&noUDP&sock=startd_3023_1ae3>
	SlotName: slot1_8@b9p21p8482.cern.ch
	CondorScratchDir = "/pool/condor/dir_2506617"
	Cpus = 4
	Disk = 10904
	GPUs = 0
	Memory = 12000
...
006 (10610888.556.000) 12/16 09:29:48 Image size of job updated: 37524
	37  -  MemoryUsage of job (MB)
	37524  -  ResidentSetSize of job (KB)
...
006 (10610888.556.000) 12/16 09:34:49 Image size of job updated: 37944
	37  -  MemoryUsage of job (MB)
	37524  -  ResidentSetSize of job (KB)
...
040 (10610888.556.000) 12/16 11:02:21 Started transferring output files
...
040 (10610888.556.000) 12/16 11:02:22 Finished transferring output files
...
005 (10610888.556.000) 12/16 11:02:22 Job terminated.
	(1) Normal termination (return value 0)
		Usr 0 01:31:05, Sys 0 00:00:14  -  Run Remote Usage
		Usr 0 00:00:00, Sys 0 00:00:00  -  Run Local Usage
		Usr 0 01:31:05, Sys 0 00:00:14  -  Total Remote Usage
		Usr 0 00:00:00, Sys 0 00:00:00  -  Total Local Usage
	0  -  Run Bytes Sent By Job
	7584148  -  Run Bytes Received By Job
	0  -  Total Bytes Sent By Job
	7584148  -  Total Bytes Received By Job
	Partitionable Resources :    Usage  Request Allocated 
	   Cpus                 :     0.99        4         4 
	   Disk (KB)            : 33157        7500     10904 
	   GPUs                 :                           0 
	   Memory (MB)          :    37       12000     12000 
	   TimeExecute (s)      :  5568                       
	   TimeSlotBusy (s)     :  5569                       

	Job terminated of its own accord at 2025-12-16T10:02:21Z with exit-code 0.
...
