000 (10610887.129.000) 12/16 07:14:31 Job submitted from host: <188.185.71.83:9618?addrs=188.185.71.83-9618+[2001-1458-d00-7--100-34d]-9618&alias=bigbird18.cern.ch&noUDP&sock=schedd_5052_d48c>
...
040 (10610887.129.000) 12/16 07:44:32 Started transferring input files
	Transferring to host: <188.185.192.164:9618?addrs=188.185.192.164-9618+[2001-1458-303-1f--100-a0]-9618&alias=b9p13p4336.cern.ch&noUDP&sock=slot1_13_5982_9c2c_89655>
...
040 (10610887.129.000) 12/16 07:44:32 Finished transferring input files
...
001 (10610887.129.000) 12/16 07:44:32 Job executing on host: <188.185.192.164:9618?addrs=188.185.192.164-9618+[2001-1458-303-1f--100-a0]-9618&alias=b9p13p4336.cern.ch&noUDP&sock=startd_4480_7c60>
	SlotName: slot1_13@b9p13p4336.cern.ch
	CondorScratchDir = "/pool/condor/dir_3024861"
	Cpus = 4
	Disk = 11082
	GPUs = 0
	Memory = 12000
...
006 (10610887.129.000) 12/16 07:44:46 Image size of job updated: 37480
	37  -  MemoryUsage of job (MB)
	37480  -  ResidentSetSize of job (KB)
...
006 (10610887.129.000) 12/16 10:16:36 Image size of job updated: 118432
	37  -  MemoryUsage of job (MB)
	37480  -  ResidentSetSize of job (KB)
...
040 (10610887.129.000) 12/16 10:16:37 Started transferring output files
...
040 (10610887.129.000) 12/16 10:16:37 Finished transferring output files
...
005 (10610887.129.000) 12/16 10:16:37 Job terminated.
	(1) Normal termination (return value 0)
		Usr 0 02:29:09, Sys 0 00:00:10  -  Run Remote Usage
		Usr 0 00:00:00, Sys 0 00:00:00  -  Run Local Usage
		Usr 0 02:29:09, Sys 0 00:00:10  -  Total Remote Usage
		Usr 0 00:00:00, Sys 0 00:00:00  -  Total Local Usage
	0  -  Run Bytes Sent By Job
	7584148  -  Run Bytes Received By Job
	0  -  Total Bytes Sent By Job
	7584148  -  Total Bytes Received By Job
	Partitionable Resources :    Usage  Request Allocated 
	   Cpus                 :     0.99        4         4 
	   Disk (KB)            : 32261        7500     11082 
	   GPUs                 :                           0 
	   Memory (MB)          :    37       12000     12000 
	   TimeExecute (s)      :  9124                       
	   TimeSlotBusy (s)     :  9126                       

	Job terminated of its own accord at 2025-12-16T09:16:36Z with exit-code 0.
...
