000 (10613550.970.000) 12/16 14:41:00 Job submitted from host: <188.185.71.83:9618?addrs=188.185.71.83-9618+[2001-1458-d00-7--100-34d]-9618&alias=bigbird18.cern.ch&noUDP&sock=schedd_5052_d48c>
...
040 (10613550.970.000) 12/16 16:56:25 Started transferring input files
	Transferring to host: <188.185.192.96:9618?addrs=188.185.192.96-9618+[2001-1458-303-1f--100-5c]-9618&alias=b9p13p7489.cern.ch&noUDP&sock=slot1_5_7955_c45d_86812>
...
040 (10613550.970.000) 12/16 16:56:25 Finished transferring input files
...
001 (10613550.970.000) 12/16 16:56:25 Job executing on host: <188.185.192.96:9618?addrs=188.185.192.96-9618+[2001-1458-303-1f--100-5c]-9618&alias=b9p13p7489.cern.ch&noUDP&sock=startd_6874_921a>
	SlotName: slot1_5@b9p13p7489.cern.ch
	CondorScratchDir = "/pool/condor/dir_3243754"
	Cpus = 4
	Disk = 10676
	GPUs = 0
	Memory = 12000
...
006 (10613550.970.000) 12/16 16:56:38 Image size of job updated: 40116
	40  -  MemoryUsage of job (MB)
	40116  -  ResidentSetSize of job (KB)
...
006 (10613550.970.000) 12/16 17:01:38 Image size of job updated: 40204
	40  -  MemoryUsage of job (MB)
	40116  -  ResidentSetSize of job (KB)
...
006 (10613550.970.000) 12/16 19:41:49 Image size of job updated: 120792
	40  -  MemoryUsage of job (MB)
	40116  -  ResidentSetSize of job (KB)
...
040 (10613550.970.000) 12/16 19:41:50 Started transferring output files
...
040 (10613550.970.000) 12/16 19:41:50 Finished transferring output files
...
005 (10613550.970.000) 12/16 19:41:50 Job terminated.
	(1) Normal termination (return value 0)
		Usr 0 02:43:53, Sys 0 00:00:07  -  Run Remote Usage
		Usr 0 00:00:00, Sys 0 00:00:00  -  Run Local Usage
		Usr 0 02:43:53, Sys 0 00:00:07  -  Total Remote Usage
		Usr 0 00:00:00, Sys 0 00:00:00  -  Total Local Usage
	0  -  Run Bytes Sent By Job
	7584148  -  Run Bytes Received By Job
	0  -  Total Bytes Sent By Job
	7584148  -  Total Bytes Received By Job
	Partitionable Resources :    Usage  Request Allocated 
	   Cpus                 :     0.99        4         4 
	   Disk (KB)            : 33185        7500     10676 
	   GPUs                 :                           0 
	   Memory (MB)          :    40       12000     12000 
	   TimeExecute (s)      :  9924                       
	   TimeSlotBusy (s)     :  9926                       

	Job terminated of its own accord at 2025-12-16T18:41:49Z with exit-code 0.
...
