000 (10610887.911.000) 12/16 07:14:32 Job submitted from host: <188.185.71.83:9618?addrs=188.185.71.83-9618+[2001-1458-d00-7--100-34d]-9618&alias=bigbird18.cern.ch&noUDP&sock=schedd_5052_d48c>
...
040 (10610887.911.000) 12/16 07:59:58 Started transferring input files
	Transferring to host: <188.185.215.98:9618?addrs=188.185.215.98-9618+[2001-1458-303-1e--100-5e]-9618&alias=b9p31p6093.cern.ch&noUDP&sock=slot1_1_8481_61b2_89576>
...
040 (10610887.911.000) 12/16 07:59:58 Finished transferring input files
...
001 (10610887.911.000) 12/16 07:59:58 Job executing on host: <188.185.215.98:9618?addrs=188.185.215.98-9618+[2001-1458-303-1e--100-5e]-9618&alias=b9p31p6093.cern.ch&noUDP&sock=startd_7426_3262>
	SlotName: slot1_1@b9p31p6093.cern.ch
	CondorScratchDir = "/pool/condor/dir_358081"
	Cpus = 4
	Disk = 10873
	GPUs = 0
	Memory = 12000
...
006 (10610887.911.000) 12/16 08:00:12 Image size of job updated: 37488
	37  -  MemoryUsage of job (MB)
	37488  -  ResidentSetSize of job (KB)
...
006 (10610887.911.000) 12/16 09:19:46 Image size of job updated: 118440
	37  -  MemoryUsage of job (MB)
	37488  -  ResidentSetSize of job (KB)
...
040 (10610887.911.000) 12/16 09:19:46 Started transferring output files
...
040 (10610887.911.000) 12/16 09:19:47 Finished transferring output files
...
005 (10610887.911.000) 12/16 09:19:47 Job terminated.
	(1) Normal termination (return value 0)
		Usr 0 01:18:40, Sys 0 00:00:11  -  Run Remote Usage
		Usr 0 00:00:00, Sys 0 00:00:00  -  Run Local Usage
		Usr 0 01:18:40, Sys 0 00:00:11  -  Total Remote Usage
		Usr 0 00:00:00, Sys 0 00:00:00  -  Total Local Usage
	0  -  Run Bytes Sent By Job
	7584148  -  Run Bytes Received By Job
	0  -  Total Bytes Sent By Job
	7584148  -  Total Bytes Received By Job
	Partitionable Resources :    Usage  Request Allocated 
	   Cpus                 :     0.99        4         4 
	   Disk (KB)            : 32717        7500     10873 
	   GPUs                 :                           0 
	   Memory (MB)          :    37       12000     12000 
	   TimeExecute (s)      :  4788                       
	   TimeSlotBusy (s)     :  4790                       

	Job terminated of its own accord at 2025-12-16T08:19:46Z with exit-code 0.
...
