000 (10610888.563.000) 12/16 07:14:44 Job submitted from host: <188.185.71.83:9618?addrs=188.185.71.83-9618+[2001-1458-d00-7--100-34d]-9618&alias=bigbird18.cern.ch&noUDP&sock=schedd_5052_d48c>
...
040 (10610888.563.000) 12/16 09:29:45 Started transferring input files
	Transferring to host: <188.185.214.80:9618?addrs=188.185.214.80-9618+[2001-1458-303-1c--100-4c]-9618&alias=b9p29p1053.cern.ch&noUDP&sock=slot1_6_6232_c1f7_90918>
...
040 (10610888.563.000) 12/16 09:29:45 Finished transferring input files
...
001 (10610888.563.000) 12/16 09:29:46 Job executing on host: <188.185.214.80:9618?addrs=188.185.214.80-9618+[2001-1458-303-1c--100-4c]-9618&alias=b9p29p1053.cern.ch&noUDP&sock=startd_5530_b2d1>
	SlotName: slot1_6@b9p29p1053.cern.ch
	CondorScratchDir = "/pool/condor/dir_2091690"
	Cpus = 4
	Disk = 11122
	GPUs = 0
	Memory = 12000
...
006 (10610888.563.000) 12/16 09:29:59 Image size of job updated: 38760
	38  -  MemoryUsage of job (MB)
	38760  -  ResidentSetSize of job (KB)
...
006 (10610888.563.000) 12/16 09:34:59 Image size of job updated: 38852
	38  -  MemoryUsage of job (MB)
	38760  -  ResidentSetSize of job (KB)
...
040 (10610888.563.000) 12/16 11:11:47 Started transferring output files
...
040 (10610888.563.000) 12/16 11:11:48 Finished transferring output files
...
005 (10610888.563.000) 12/16 11:11:48 Job terminated.
	(1) Normal termination (return value 0)
		Usr 0 01:40:13, Sys 0 00:00:15  -  Run Remote Usage
		Usr 0 00:00:00, Sys 0 00:00:00  -  Run Local Usage
		Usr 0 01:40:13, Sys 0 00:00:15  -  Total Remote Usage
		Usr 0 00:00:00, Sys 0 00:00:00  -  Total Local Usage
	0  -  Run Bytes Sent By Job
	7584148  -  Run Bytes Received By Job
	0  -  Total Bytes Sent By Job
	7584148  -  Total Bytes Received By Job
	Partitionable Resources :    Usage  Request Allocated 
	   Cpus                 :     0.99        4         4 
	   Disk (KB)            : 33188        7500     11122 
	   GPUs                 :                           0 
	   Memory (MB)          :    38       12000     12000 
	   TimeExecute (s)      :  6121                       
	   TimeSlotBusy (s)     :  6123                       

	Job terminated of its own accord at 2025-12-16T10:11:47Z with exit-code 0.
...
