000 (10613549.302.000) 12/16 14:40:44 Job submitted from host: <188.185.71.83:9618?addrs=188.185.71.83-9618+[2001-1458-d00-7--100-34d]-9618&alias=bigbird18.cern.ch&noUDP&sock=schedd_5052_d48c>
...
040 (10613549.302.000) 12/16 15:29:16 Started transferring input files
	Transferring to host: <188.185.192.65:9618?addrs=188.185.192.65-9618+[2001-1458-303-1f--100-3d]-9618&alias=b9p13p5106.cern.ch&noUDP&sock=slot1_13_8693_c13b_86690>
...
040 (10613549.302.000) 12/16 15:29:16 Finished transferring input files
...
001 (10613549.302.000) 12/16 15:29:16 Job executing on host: <188.185.192.65:9618?addrs=188.185.192.65-9618+[2001-1458-303-1f--100-3d]-9618&alias=b9p13p5106.cern.ch&noUDP&sock=startd_7213_18b5>
	SlotName: slot1_13@b9p13p5106.cern.ch
	CondorScratchDir = "/pool/condor/dir_550551"
	Cpus = 4
	Disk = 11139
	GPUs = 0
	Memory = 12000
...
006 (10613549.302.000) 12/16 15:29:30 Image size of job updated: 40076
	40  -  MemoryUsage of job (MB)
	40076  -  ResidentSetSize of job (KB)
...
006 (10613549.302.000) 12/16 15:34:31 Image size of job updated: 40496
	40  -  MemoryUsage of job (MB)
	40076  -  ResidentSetSize of job (KB)
...
006 (10613549.302.000) 12/16 17:47:35 Image size of job updated: 121024
	40  -  MemoryUsage of job (MB)
	40076  -  ResidentSetSize of job (KB)
...
040 (10613549.302.000) 12/16 17:47:36 Started transferring output files
...
040 (10613549.302.000) 12/16 17:47:36 Finished transferring output files
...
005 (10613549.302.000) 12/16 17:47:36 Job terminated.
	(1) Normal termination (return value 0)
		Usr 0 02:16:21, Sys 0 00:00:16  -  Run Remote Usage
		Usr 0 00:00:00, Sys 0 00:00:00  -  Run Local Usage
		Usr 0 02:16:21, Sys 0 00:00:16  -  Total Remote Usage
		Usr 0 00:00:00, Sys 0 00:00:00  -  Total Local Usage
	0  -  Run Bytes Sent By Job
	7584148  -  Run Bytes Received By Job
	0  -  Total Bytes Sent By Job
	7584148  -  Total Bytes Received By Job
	Partitionable Resources :    Usage  Request Allocated 
	   Cpus                 :     0.99        4         4 
	   Disk (KB)            : 33118        7500     11139 
	   GPUs                 :                           0 
	   Memory (MB)          :    40       12000     12000 
	   TimeExecute (s)      :  8299                       
	   TimeSlotBusy (s)     :  8301                       

	Job terminated of its own accord at 2025-12-16T16:47:35Z with exit-code 0.
...
