000 (10610889.818.000) 12/16 07:15:01 Job submitted from host: <188.185.71.83:9618?addrs=188.185.71.83-9618+[2001-1458-d00-7--100-34d]-9618&alias=bigbird18.cern.ch&noUDP&sock=schedd_5052_d48c>
...
040 (10610889.818.000) 12/16 14:26:21 Started transferring input files
	Transferring to host: <188.185.194.98:9618?addrs=188.185.194.98-9618+[2001-1458-303-21--100-5e]-9618&alias=b9p20p1491.cern.ch&noUDP&sock=slot1_1_7848_6038_82124>
...
040 (10610889.818.000) 12/16 14:26:21 Finished transferring input files
...
001 (10610889.818.000) 12/16 14:26:21 Job executing on host: <188.185.194.98:9618?addrs=188.185.194.98-9618+[2001-1458-303-21--100-5e]-9618&alias=b9p20p1491.cern.ch&noUDP&sock=startd_6526_df25>
	SlotName: slot1_1@b9p20p1491.cern.ch
	CondorScratchDir = "/pool/condor/dir_3258897"
	Cpus = 4
	Disk = 10998
	GPUs = 0
	Memory = 12000
...
006 (10610889.818.000) 12/16 14:26:35 Image size of job updated: 42104
	42  -  MemoryUsage of job (MB)
	42104  -  ResidentSetSize of job (KB)
...
006 (10610889.818.000) 12/16 14:31:36 Image size of job updated: 42524
	42  -  MemoryUsage of job (MB)
	42104  -  ResidentSetSize of job (KB)
...
040 (10610889.818.000) 12/16 16:28:10 Started transferring output files
...
040 (10610889.818.000) 12/16 16:28:11 Finished transferring output files
...
005 (10610889.818.000) 12/16 16:28:11 Job terminated.
	(1) Normal termination (return value 0)
		Usr 0 01:59:59, Sys 0 00:00:10  -  Run Remote Usage
		Usr 0 00:00:00, Sys 0 00:00:00  -  Run Local Usage
		Usr 0 01:59:59, Sys 0 00:00:10  -  Total Remote Usage
		Usr 0 00:00:00, Sys 0 00:00:00  -  Total Local Usage
	0  -  Run Bytes Sent By Job
	7584148  -  Run Bytes Received By Job
	0  -  Total Bytes Sent By Job
	7584148  -  Total Bytes Received By Job
	Partitionable Resources :    Usage  Request Allocated 
	   Cpus                 :     0.99        4         4 
	   Disk (KB)            : 32507        7500     10998 
	   GPUs                 :                           0 
	   Memory (MB)          :    42       12000     12000 
	   TimeExecute (s)      :  7309                       
	   TimeSlotBusy (s)     :  7310                       

	Job terminated of its own accord at 2025-12-16T15:28:10Z with exit-code 0.
...
