000 (10610889.736.000) 12/16 07:15:01 Job submitted from host: <188.185.71.83:9618?addrs=188.185.71.83-9618+[2001-1458-d00-7--100-34d]-9618&alias=bigbird18.cern.ch&noUDP&sock=schedd_5052_d48c>
...
040 (10610889.736.000) 12/16 14:25:55 Started transferring input files
	Transferring to host: <188.185.211.148:9618?addrs=188.185.211.148-9618+[2001-1458-303-17--100-10]-9618&alias=b9p24p1922.cern.ch&noUDP&sock=slot1_2_7778_0df5_92556>
...
040 (10610889.736.000) 12/16 14:25:55 Finished transferring input files
...
001 (10610889.736.000) 12/16 14:25:55 Job executing on host: <188.185.211.148:9618?addrs=188.185.211.148-9618+[2001-1458-303-17--100-10]-9618&alias=b9p24p1922.cern.ch&noUDP&sock=startd_7025_24e7>
	SlotName: slot1_2@b9p24p1922.cern.ch
	CondorScratchDir = "/pool/condor/dir_2581569"
	Cpus = 4
	Disk = 10909
	GPUs = 0
	Memory = 12000
...
006 (10610889.736.000) 12/16 14:26:09 Image size of job updated: 40040
	40  -  MemoryUsage of job (MB)
	40040  -  ResidentSetSize of job (KB)
...
006 (10610889.736.000) 12/16 14:31:10 Image size of job updated: 40460
	40  -  MemoryUsage of job (MB)
	40040  -  ResidentSetSize of job (KB)
...
006 (10610889.736.000) 12/16 15:51:42 Image size of job updated: 120996
	40  -  MemoryUsage of job (MB)
	40040  -  ResidentSetSize of job (KB)
...
040 (10610889.736.000) 12/16 15:51:43 Started transferring output files
...
040 (10610889.736.000) 12/16 15:51:43 Finished transferring output files
...
005 (10610889.736.000) 12/16 15:51:43 Job terminated.
	(1) Normal termination (return value 0)
		Usr 0 01:24:17, Sys 0 00:00:08  -  Run Remote Usage
		Usr 0 00:00:00, Sys 0 00:00:00  -  Run Local Usage
		Usr 0 01:24:17, Sys 0 00:00:08  -  Total Remote Usage
		Usr 0 00:00:00, Sys 0 00:00:00  -  Total Local Usage
	0  -  Run Bytes Sent By Job
	7584148  -  Run Bytes Received By Job
	0  -  Total Bytes Sent By Job
	7584148  -  Total Bytes Received By Job
	Partitionable Resources :    Usage  Request Allocated 
	   Cpus                 :     0.99        4         4 
	   Disk (KB)            : 32927        7500     10909 
	   GPUs                 :                           0 
	   Memory (MB)          :    40       12000     12000 
	   TimeExecute (s)      :  5147                       
	   TimeSlotBusy (s)     :  5149                       

	Job terminated of its own accord at 2025-12-16T14:51:42Z with exit-code 0.
...
