000 (10610888.804.000) 12/16 07:14:45 Job submitted from host: <188.185.71.83:9618?addrs=188.185.71.83-9618+[2001-1458-d00-7--100-34d]-9618&alias=bigbird18.cern.ch&noUDP&sock=schedd_5052_d48c>
...
040 (10610888.804.000) 12/16 09:43:07 Started transferring input files
	Transferring to host: <188.185.205.152:9618?addrs=188.185.205.152-9618+[2001-1458-303-a--100-15]-9618&alias=b9p04p4970.cern.ch&noUDP&sock=slot1_18_4039_973d_79424>
...
040 (10610888.804.000) 12/16 09:43:07 Finished transferring input files
...
001 (10610888.804.000) 12/16 09:43:07 Job executing on host: <188.185.205.152:9618?addrs=188.185.205.152-9618+[2001-1458-303-a--100-15]-9618&alias=b9p04p4970.cern.ch&noUDP&sock=startd_3569_9d99>
	SlotName: slot1_18@b9p04p4970.cern.ch
	CondorScratchDir = "/pool/condor/dir_1518629"
	Cpus = 4
	Disk = 10829
	GPUs = 0
	Memory = 12000
...
006 (10610888.804.000) 12/16 09:43:21 Image size of job updated: 40172
	40  -  MemoryUsage of job (MB)
	40172  -  ResidentSetSize of job (KB)
...
006 (10610888.804.000) 12/16 09:48:22 Image size of job updated: 40576
	40  -  MemoryUsage of job (MB)
	40172  -  ResidentSetSize of job (KB)
...
006 (10610888.804.000) 12/16 11:26:32 Image size of job updated: 121180
	40  -  MemoryUsage of job (MB)
	40172  -  ResidentSetSize of job (KB)
...
040 (10610888.804.000) 12/16 11:26:32 Started transferring output files
...
040 (10610888.804.000) 12/16 11:26:33 Finished transferring output files
...
005 (10610888.804.000) 12/16 11:26:33 Job terminated.
	(1) Normal termination (return value 0)
		Usr 0 01:40:57, Sys 0 00:00:17  -  Run Remote Usage
		Usr 0 00:00:00, Sys 0 00:00:00  -  Run Local Usage
		Usr 0 01:40:57, Sys 0 00:00:17  -  Total Remote Usage
		Usr 0 00:00:00, Sys 0 00:00:00  -  Total Local Usage
	0  -  Run Bytes Sent By Job
	7584148  -  Run Bytes Received By Job
	0  -  Total Bytes Sent By Job
	7584148  -  Total Bytes Received By Job
	Partitionable Resources :    Usage  Request Allocated 
	   Cpus                 :     0.98        4         4 
	   Disk (KB)            : 33255        7500     10829 
	   GPUs                 :                           0 
	   Memory (MB)          :    40       12000     12000 
	   TimeExecute (s)      :  6205                       
	   TimeSlotBusy (s)     :  6206                       

	Job terminated of its own accord at 2025-12-16T10:26:32Z with exit-code 0.
...
