000 (10613549.415.000) 12/16 14:40:44 Job submitted from host: <188.185.71.83:9618?addrs=188.185.71.83-9618+[2001-1458-d00-7--100-34d]-9618&alias=bigbird18.cern.ch&noUDP&sock=schedd_5052_d48c>
...
040 (10613549.415.000) 12/16 15:29:52 Started transferring input files
	Transferring to host: <188.185.213.90:9618?addrs=188.185.213.90-9618+[2001-1458-303-1a--100-56]-9618&alias=b9p27p8202.cern.ch&noUDP&sock=slot1_16_5158_070b_93097>
...
040 (10613549.415.000) 12/16 15:29:52 Finished transferring input files
...
001 (10613549.415.000) 12/16 15:29:52 Job executing on host: <188.185.213.90:9618?addrs=188.185.213.90-9618+[2001-1458-303-1a--100-56]-9618&alias=b9p27p8202.cern.ch&noUDP&sock=startd_4187_8320>
	SlotName: slot1_16@b9p27p8202.cern.ch
	CondorScratchDir = "/pool/condor/dir_1080037"
	Cpus = 4
	Disk = 11024
	GPUs = 0
	Memory = 12000
...
006 (10613549.415.000) 12/16 15:30:05 Image size of job updated: 40544
	40  -  MemoryUsage of job (MB)
	40544  -  ResidentSetSize of job (KB)
...
006 (10613549.415.000) 12/16 15:35:05 Image size of job updated: 40636
	40  -  MemoryUsage of job (MB)
	40544  -  ResidentSetSize of job (KB)
...
040 (10613549.415.000) 12/16 16:46:07 Started transferring output files
...
040 (10613549.415.000) 12/16 16:46:07 Finished transferring output files
...
005 (10613549.415.000) 12/16 16:46:07 Job terminated.
	(1) Normal termination (return value 0)
		Usr 0 01:15:24, Sys 0 00:00:06  -  Run Remote Usage
		Usr 0 00:00:00, Sys 0 00:00:00  -  Run Local Usage
		Usr 0 01:15:24, Sys 0 00:00:06  -  Total Remote Usage
		Usr 0 00:00:00, Sys 0 00:00:00  -  Total Local Usage
	0  -  Run Bytes Sent By Job
	7584148  -  Run Bytes Received By Job
	0  -  Total Bytes Sent By Job
	7584148  -  Total Bytes Received By Job
	Partitionable Resources :    Usage  Request Allocated 
	   Cpus                 :     0.99        4         4 
	   Disk (KB)            : 33533        7500     11024 
	   GPUs                 :                           0 
	   Memory (MB)          :    40       12000     12000 
	   TimeExecute (s)      :  4574                       
	   TimeSlotBusy (s)     :  4575                       

	Job terminated of its own accord at 2025-12-16T15:46:06Z with exit-code 0.
...
