000 (10610887.349.000) 12/16 07:14:31 Job submitted from host: <188.185.71.83:9618?addrs=188.185.71.83-9618+[2001-1458-d00-7--100-34d]-9618&alias=bigbird18.cern.ch&noUDP&sock=schedd_5052_d48c>
...
040 (10610887.349.000) 12/16 07:49:44 Started transferring input files
	Transferring to host: <188.185.206.168:9618?addrs=188.185.206.168-9618+[2001-1458-303-c--100-25]-9618&alias=b9p06p3387.cern.ch&noUDP&sock=slot1_26_5780_4864_80777>
...
040 (10610887.349.000) 12/16 07:49:44 Finished transferring input files
...
001 (10610887.349.000) 12/16 07:49:44 Job executing on host: <188.185.206.168:9618?addrs=188.185.206.168-9618+[2001-1458-303-c--100-25]-9618&alias=b9p06p3387.cern.ch&noUDP&sock=startd_4859_72c5>
	SlotName: slot1_26@b9p06p3387.cern.ch
	CondorScratchDir = "/pool/condor/dir_2335202"
	Cpus = 4
	Disk = 10869
	GPUs = 0
	Memory = 12000
...
006 (10610887.349.000) 12/16 07:49:58 Image size of job updated: 41684
	41  -  MemoryUsage of job (MB)
	41684  -  ResidentSetSize of job (KB)
...
006 (10610887.349.000) 12/16 07:54:59 Image size of job updated: 42064
	41  -  MemoryUsage of job (MB)
	41684  -  ResidentSetSize of job (KB)
...
006 (10610887.349.000) 12/16 09:12:12 Image size of job updated: 122712
	41  -  MemoryUsage of job (MB)
	41684  -  ResidentSetSize of job (KB)
...
040 (10610887.349.000) 12/16 09:12:13 Started transferring output files
...
040 (10610887.349.000) 12/16 09:12:13 Finished transferring output files
...
005 (10610887.349.000) 12/16 09:12:13 Job terminated.
	(1) Normal termination (return value 0)
		Usr 0 01:20:47, Sys 0 00:00:10  -  Run Remote Usage
		Usr 0 00:00:00, Sys 0 00:00:00  -  Run Local Usage
		Usr 0 01:20:47, Sys 0 00:00:10  -  Total Remote Usage
		Usr 0 00:00:00, Sys 0 00:00:00  -  Total Local Usage
	0  -  Run Bytes Sent By Job
	7584148  -  Run Bytes Received By Job
	0  -  Total Bytes Sent By Job
	7584148  -  Total Bytes Received By Job
	Partitionable Resources :    Usage  Request Allocated 
	   Cpus                 :     0.99        4         4 
	   Disk (KB)            : 33132        7500     10869 
	   GPUs                 :                           0 
	   Memory (MB)          :    41       12000     12000 
	   TimeExecute (s)      :  4948                       
	   TimeSlotBusy (s)     :  4950                       

	Job terminated of its own accord at 2025-12-16T08:12:12Z with exit-code 0.
...
