000 (10610888.773.000) 12/16 07:14:44 Job submitted from host: <188.185.71.83:9618?addrs=188.185.71.83-9618+[2001-1458-d00-7--100-34d]-9618&alias=bigbird18.cern.ch&noUDP&sock=schedd_5052_d48c>
...
040 (10610888.773.000) 12/16 09:41:04 Started transferring input files
	Transferring to host: <188.185.208.143:9618?addrs=188.185.208.143-9618+[2001-1458-303-10--100-c]-9618&alias=b9p10p4620.cern.ch&noUDP&sock=slot1_2_4394_b86c_79116>
...
040 (10610888.773.000) 12/16 09:41:04 Finished transferring input files
...
001 (10610888.773.000) 12/16 09:41:04 Job executing on host: <188.185.208.143:9618?addrs=188.185.208.143-9618+[2001-1458-303-10--100-c]-9618&alias=b9p10p4620.cern.ch&noUDP&sock=startd_3694_5aef>
	SlotName: slot1_2@b9p10p4620.cern.ch
	CondorScratchDir = "/pool/condor/dir_3377155"
	Cpus = 4
	Disk = 10964
	GPUs = 0
	Memory = 12000
...
006 (10610888.773.000) 12/16 09:41:18 Image size of job updated: 41684
	41  -  MemoryUsage of job (MB)
	41684  -  ResidentSetSize of job (KB)
...
006 (10610888.773.000) 12/16 09:46:18 Image size of job updated: 42052
	41  -  MemoryUsage of job (MB)
	41684  -  ResidentSetSize of job (KB)
...
006 (10610888.773.000) 12/16 11:14:28 Image size of job updated: 122688
	41  -  MemoryUsage of job (MB)
	41684  -  ResidentSetSize of job (KB)
...
040 (10610888.773.000) 12/16 11:14:29 Started transferring output files
...
040 (10610888.773.000) 12/16 11:14:29 Finished transferring output files
...
005 (10610888.773.000) 12/16 11:14:29 Job terminated.
	(1) Normal termination (return value 0)
		Usr 0 01:32:07, Sys 0 00:00:09  -  Run Remote Usage
		Usr 0 00:00:00, Sys 0 00:00:00  -  Run Local Usage
		Usr 0 01:32:07, Sys 0 00:00:09  -  Total Remote Usage
		Usr 0 00:00:00, Sys 0 00:00:00  -  Total Local Usage
	0  -  Run Bytes Sent By Job
	7584148  -  Run Bytes Received By Job
	0  -  Total Bytes Sent By Job
	7584148  -  Total Bytes Received By Job
	Partitionable Resources :    Usage  Request Allocated 
	   Cpus                 :     0.99        4         4 
	   Disk (KB)            : 33581        7500     10964 
	   GPUs                 :                           0 
	   Memory (MB)          :    41       12000     12000 
	   TimeExecute (s)      :  5604                       
	   TimeSlotBusy (s)     :  5605                       

	Job terminated of its own accord at 2025-12-16T10:14:28Z with exit-code 0.
...
