000 (10610888.288.000) 12/16 07:14:44 Job submitted from host: <188.185.71.83:9618?addrs=188.185.71.83-9618+[2001-1458-d00-7--100-34d]-9618&alias=bigbird18.cern.ch&noUDP&sock=schedd_5052_d48c>
...
040 (10610888.288.000) 12/16 09:14:45 Started transferring input files
	Transferring to host: <188.185.208.135:9618?addrs=188.185.208.135-9618+[2001-1458-303-10--100-4]-9618&alias=b9p10p6130.cern.ch&noUDP&sock=slot1_22_3972_621b_84788>
...
040 (10610888.288.000) 12/16 09:14:45 Finished transferring input files
...
001 (10610888.288.000) 12/16 09:14:45 Job executing on host: <188.185.208.135:9618?addrs=188.185.208.135-9618+[2001-1458-303-10--100-4]-9618&alias=b9p10p6130.cern.ch&noUDP&sock=startd_3527_ce9e>
	SlotName: slot1_22@b9p10p6130.cern.ch
	CondorScratchDir = "/pool/condor/dir_1296888"
	Cpus = 4
	Disk = 10929
	GPUs = 0
	Memory = 12000
...
006 (10610888.288.000) 12/16 09:14:59 Image size of job updated: 39676
	39  -  MemoryUsage of job (MB)
	39676  -  ResidentSetSize of job (KB)
...
006 (10610888.288.000) 12/16 09:20:00 Image size of job updated: 40056
	39  -  MemoryUsage of job (MB)
	39676  -  ResidentSetSize of job (KB)
...
006 (10610888.288.000) 12/16 10:44:25 Image size of job updated: 120704
	39  -  MemoryUsage of job (MB)
	39676  -  ResidentSetSize of job (KB)
...
040 (10610888.288.000) 12/16 10:44:25 Started transferring output files
...
040 (10610888.288.000) 12/16 10:44:26 Finished transferring output files
...
005 (10610888.288.000) 12/16 10:44:26 Job terminated.
	(1) Normal termination (return value 0)
		Usr 0 01:19:40, Sys 0 00:00:06  -  Run Remote Usage
		Usr 0 00:00:00, Sys 0 00:00:00  -  Run Local Usage
		Usr 0 01:19:40, Sys 0 00:00:06  -  Total Remote Usage
		Usr 0 00:00:00, Sys 0 00:00:00  -  Total Local Usage
	0  -  Run Bytes Sent By Job
	7584148  -  Run Bytes Received By Job
	0  -  Total Bytes Sent By Job
	7584148  -  Total Bytes Received By Job
	Partitionable Resources :    Usage  Request Allocated 
	   Cpus                 :     0.24        4         4 
	   Disk (KB)            : 33135        7500     10929 
	   GPUs                 :                           0 
	   Memory (MB)          :    39       12000     12000 
	   TimeExecute (s)      :  5380                       
	   TimeSlotBusy (s)     :  5381                       

	Job terminated of its own accord at 2025-12-16T09:44:25Z with exit-code 0.
...
