000 (10610888.618.000) 12/16 07:14:44 Job submitted from host: <188.185.71.83:9618?addrs=188.185.71.83-9618+[2001-1458-d00-7--100-34d]-9618&alias=bigbird18.cern.ch&noUDP&sock=schedd_5052_d48c>
...
040 (10610888.618.000) 12/16 09:31:44 Started transferring input files
	Transferring to host: <188.185.213.232:9618?addrs=188.185.213.232-9618+[2001-1458-303-1b--100-64]-9618&alias=b9p28p5347.cern.ch&noUDP&sock=slot1_7_4647_fb56_96832>
...
040 (10610888.618.000) 12/16 09:31:44 Finished transferring input files
...
001 (10610888.618.000) 12/16 09:31:44 Job executing on host: <188.185.213.232:9618?addrs=188.185.213.232-9618+[2001-1458-303-1b--100-64]-9618&alias=b9p28p5347.cern.ch&noUDP&sock=startd_3904_65d3>
	SlotName: slot1_7@b9p28p5347.cern.ch
	CondorScratchDir = "/pool/condor/dir_2720921"
	Cpus = 4
	Disk = 11041
	GPUs = 0
	Memory = 12000
...
006 (10610888.618.000) 12/16 09:31:57 Image size of job updated: 38040
	38  -  MemoryUsage of job (MB)
	38040  -  ResidentSetSize of job (KB)
...
006 (10610888.618.000) 12/16 09:36:57 Image size of job updated: 38132
	38  -  MemoryUsage of job (MB)
	38040  -  ResidentSetSize of job (KB)
...
040 (10610888.618.000) 12/16 11:01:34 Started transferring output files
...
040 (10610888.618.000) 12/16 11:01:34 Finished transferring output files
...
005 (10610888.618.000) 12/16 11:01:34 Job terminated.
	(1) Normal termination (return value 0)
		Usr 0 01:28:35, Sys 0 00:00:08  -  Run Remote Usage
		Usr 0 00:00:00, Sys 0 00:00:00  -  Run Local Usage
		Usr 0 01:28:35, Sys 0 00:00:08  -  Total Remote Usage
		Usr 0 00:00:00, Sys 0 00:00:00  -  Total Local Usage
	0  -  Run Bytes Sent By Job
	7584148  -  Run Bytes Received By Job
	0  -  Total Bytes Sent By Job
	7584148  -  Total Bytes Received By Job
	Partitionable Resources :    Usage  Request Allocated 
	   Cpus                 :     0.99        4         4 
	   Disk (KB)            : 32072        7500     11041 
	   GPUs                 :                           0 
	   Memory (MB)          :    38       12000     12000 
	   TimeExecute (s)      :  5389                       
	   TimeSlotBusy (s)     :  5391                       

	Job terminated of its own accord at 2025-12-16T10:01:33Z with exit-code 0.
...
