000 (10613550.016.000) 12/16 14:40:58 Job submitted from host: <188.185.71.83:9618?addrs=188.185.71.83-9618+[2001-1458-d00-7--100-34d]-9618&alias=bigbird18.cern.ch&noUDP&sock=schedd_5052_d48c>
...
040 (10613550.016.000) 12/16 15:35:22 Started transferring input files
	Transferring to host: <188.185.195.168:9618?addrs=188.185.195.168-9618+[2001-1458-303-22--100-a4]-9618&alias=b9p17p5224.cern.ch&noUDP&sock=slot1_9_8648_0c59_85463>
...
040 (10613550.016.000) 12/16 15:35:22 Finished transferring input files
...
001 (10613550.016.000) 12/16 15:35:22 Job executing on host: <188.185.195.168:9618?addrs=188.185.195.168-9618+[2001-1458-303-22--100-a4]-9618&alias=b9p17p5224.cern.ch&noUDP&sock=startd_7714_bda8>
	SlotName: slot1_9@b9p17p5224.cern.ch
	CondorScratchDir = "/pool/condor/dir_3295271"
	Cpus = 4
	Disk = 11123
	GPUs = 0
	Memory = 12000
...
006 (10613550.016.000) 12/16 15:35:36 Image size of job updated: 37988
	38  -  MemoryUsage of job (MB)
	37988  -  ResidentSetSize of job (KB)
...
006 (10613550.016.000) 12/16 15:40:37 Image size of job updated: 38080
	38  -  MemoryUsage of job (MB)
	37988  -  ResidentSetSize of job (KB)
...
006 (10613550.016.000) 12/16 17:19:04 Image size of job updated: 118604
	38  -  MemoryUsage of job (MB)
	37988  -  ResidentSetSize of job (KB)
...
040 (10613550.016.000) 12/16 17:19:04 Started transferring output files
...
040 (10613550.016.000) 12/16 17:19:05 Finished transferring output files
...
005 (10613550.016.000) 12/16 17:19:05 Job terminated.
	(1) Normal termination (return value 0)
		Usr 0 01:42:47, Sys 0 00:00:05  -  Run Remote Usage
		Usr 0 00:00:00, Sys 0 00:00:00  -  Run Local Usage
		Usr 0 01:42:47, Sys 0 00:00:05  -  Total Remote Usage
		Usr 0 00:00:00, Sys 0 00:00:00  -  Total Local Usage
	0  -  Run Bytes Sent By Job
	7584148  -  Run Bytes Received By Job
	0  -  Total Bytes Sent By Job
	7584148  -  Total Bytes Received By Job
	Partitionable Resources :    Usage  Request Allocated 
	   Cpus                 :     1.00        4         4 
	   Disk (KB)            : 33335        7500     11123 
	   GPUs                 :                           0 
	   Memory (MB)          :    38       12000     12000 
	   TimeExecute (s)      :  6222                       
	   TimeSlotBusy (s)     :  6223                       

	Job terminated of its own accord at 2025-12-16T16:19:04Z with exit-code 0.
...
