000 (10610887.654.000) 12/16 07:14:31 Job submitted from host: <188.185.71.83:9618?addrs=188.185.71.83-9618+[2001-1458-d00-7--100-34d]-9618&alias=bigbird18.cern.ch&noUDP&sock=schedd_5052_d48c>
...
040 (10610887.654.000) 12/16 07:54:54 Started transferring input files
	Transferring to host: <188.185.207.23:9618?addrs=188.185.207.23-9618+[2001-1458-303-d--100-14]-9618&alias=b9p07p4705.cern.ch&noUDP&sock=slot1_1_391989_761d_10695>
...
040 (10610887.654.000) 12/16 07:54:54 Finished transferring input files
...
001 (10610887.654.000) 12/16 07:54:54 Job executing on host: <188.185.207.23:9618?addrs=188.185.207.23-9618+[2001-1458-303-d--100-14]-9618&alias=b9p07p4705.cern.ch&noUDP&sock=startd_390285_a03f>
	SlotName: slot1_1@b9p07p4705.cern.ch
	CondorScratchDir = "/pool/condor/dir_2853396"
	Cpus = 4
	Disk = 10925
	GPUs = 0
	Memory = 12000
...
006 (10610887.654.000) 12/16 07:55:08 Image size of job updated: 39592
	39  -  MemoryUsage of job (MB)
	39592  -  ResidentSetSize of job (KB)
...
006 (10610887.654.000) 12/16 08:00:08 Image size of job updated: 40016
	39  -  MemoryUsage of job (MB)
	39592  -  ResidentSetSize of job (KB)
...
040 (10610887.654.000) 12/16 09:43:37 Started transferring output files
...
040 (10610887.654.000) 12/16 09:43:37 Finished transferring output files
...
005 (10610887.654.000) 12/16 09:43:37 Job terminated.
	(1) Normal termination (return value 0)
		Usr 0 01:46:51, Sys 0 00:00:13  -  Run Remote Usage
		Usr 0 00:00:00, Sys 0 00:00:00  -  Run Local Usage
		Usr 0 01:46:51, Sys 0 00:00:13  -  Total Remote Usage
		Usr 0 00:00:00, Sys 0 00:00:00  -  Total Local Usage
	0  -  Run Bytes Sent By Job
	7584148  -  Run Bytes Received By Job
	0  -  Total Bytes Sent By Job
	7584148  -  Total Bytes Received By Job
	Partitionable Resources :    Usage  Request Allocated 
	   Cpus                 :     0.99        4         4 
	   Disk (KB)            : 33073        7500     10925 
	   GPUs                 :                           0 
	   Memory (MB)          :    39       12000     12000 
	   TimeExecute (s)      :  6522                       
	   TimeSlotBusy (s)     :  6523                       

	Job terminated of its own accord at 2025-12-16T08:43:36Z with exit-code 0.
...
