000 (10610889.055.000) 12/16 07:15:00 Job submitted from host: <188.185.71.83:9618?addrs=188.185.71.83-9618+[2001-1458-d00-7--100-34d]-9618&alias=bigbird18.cern.ch&noUDP&sock=schedd_5052_d48c>
...
040 (10610889.055.000) 12/16 10:30:18 Started transferring input files
	Transferring to host: <188.185.192.132:9618?addrs=188.185.192.132-9618+[2001-1458-303-1f--100-80]-9618&alias=b9p13p3408.cern.ch&noUDP&sock=slot1_30_3536_2e89_87400>
...
040 (10610889.055.000) 12/16 10:30:18 Finished transferring input files
...
001 (10610889.055.000) 12/16 10:30:18 Job executing on host: <188.185.192.132:9618?addrs=188.185.192.132-9618+[2001-1458-303-1f--100-80]-9618&alias=b9p13p3408.cern.ch&noUDP&sock=startd_2563_9552>
	SlotName: slot1_30@b9p13p3408.cern.ch
	CondorScratchDir = "/pool/condor/dir_423263"
	Cpus = 4
	Disk = 10946
	GPUs = 0
	Memory = 12000
...
006 (10610889.055.000) 12/16 10:30:32 Image size of job updated: 24776
	25  -  MemoryUsage of job (MB)
	24776  -  ResidentSetSize of job (KB)
...
006 (10610889.055.000) 12/16 10:35:33 Image size of job updated: 25196
	25  -  MemoryUsage of job (MB)
	24776  -  ResidentSetSize of job (KB)
...
006 (10610889.055.000) 12/16 13:16:25 Image size of job updated: 116612
	25  -  MemoryUsage of job (MB)
	24776  -  ResidentSetSize of job (KB)
...
040 (10610889.055.000) 12/16 13:16:26 Started transferring output files
...
040 (10610889.055.000) 12/16 13:16:27 Finished transferring output files
...
005 (10610889.055.000) 12/16 13:16:27 Job terminated.
	(1) Normal termination (return value 0)
		Usr 0 02:43:23, Sys 0 00:00:17  -  Run Remote Usage
		Usr 0 00:00:00, Sys 0 00:00:00  -  Run Local Usage
		Usr 0 02:43:23, Sys 0 00:00:17  -  Total Remote Usage
		Usr 0 00:00:00, Sys 0 00:00:00  -  Total Local Usage
	0  -  Run Bytes Sent By Job
	7584148  -  Run Bytes Received By Job
	0  -  Total Bytes Sent By Job
	7584148  -  Total Bytes Received By Job
	Partitionable Resources :    Usage  Request Allocated 
	   Cpus                 :     0.99        4         4 
	   Disk (KB)            : 33416        7500     10946 
	   GPUs                 :                           0 
	   Memory (MB)          :    25       12000     12000 
	   TimeExecute (s)      :  9967                       
	   TimeSlotBusy (s)     :  9969                       

	Job terminated of its own accord at 2025-12-16T12:16:25Z with exit-code 0.
...
