000 (10610887.331.000) 12/16 07:14:31 Job submitted from host: <188.185.71.83:9618?addrs=188.185.71.83-9618+[2001-1458-d00-7--100-34d]-9618&alias=bigbird18.cern.ch&noUDP&sock=schedd_5052_d48c>
...
040 (10610887.331.000) 12/16 07:49:38 Started transferring input files
	Transferring to host: <188.185.210.78:9618?addrs=188.185.210.78-9618+[2001-1458-303-1--100-4a]-9618&alias=b9p21p8482.cern.ch&noUDP&sock=slot1_8_3719_1f30_93464>
...
040 (10610887.331.000) 12/16 07:49:38 Finished transferring input files
...
001 (10610887.331.000) 12/16 07:49:38 Job executing on host: <188.185.210.78:9618?addrs=188.185.210.78-9618+[2001-1458-303-1--100-4a]-9618&alias=b9p21p8482.cern.ch&noUDP&sock=startd_3023_1ae3>
	SlotName: slot1_8@b9p21p8482.cern.ch
	CondorScratchDir = "/pool/condor/dir_2335793"
	Cpus = 4
	Disk = 10842
	GPUs = 0
	Memory = 12000
...
006 (10610887.331.000) 12/16 07:49:52 Image size of job updated: 40092
	40  -  MemoryUsage of job (MB)
	40092  -  ResidentSetSize of job (KB)
...
006 (10610887.331.000) 12/16 07:54:53 Image size of job updated: 40512
	40  -  MemoryUsage of job (MB)
	40092  -  ResidentSetSize of job (KB)
...
006 (10610887.331.000) 12/16 09:29:31 Image size of job updated: 121036
	40  -  MemoryUsage of job (MB)
	40092  -  ResidentSetSize of job (KB)
...
040 (10610887.331.000) 12/16 09:29:32 Started transferring output files
...
040 (10610887.331.000) 12/16 09:29:33 Finished transferring output files
...
005 (10610887.331.000) 12/16 09:29:33 Job terminated.
	(1) Normal termination (return value 0)
		Usr 0 01:37:20, Sys 0 00:00:22  -  Run Remote Usage
		Usr 0 00:00:00, Sys 0 00:00:00  -  Run Local Usage
		Usr 0 01:37:20, Sys 0 00:00:22  -  Total Remote Usage
		Usr 0 00:00:00, Sys 0 00:00:00  -  Total Local Usage
	0  -  Run Bytes Sent By Job
	7584148  -  Run Bytes Received By Job
	0  -  Total Bytes Sent By Job
	7584148  -  Total Bytes Received By Job
	Partitionable Resources :    Usage  Request Allocated 
	   Cpus                 :     0.99        4         4 
	   Disk (KB)            : 32827        7500     10842 
	   GPUs                 :                           0 
	   Memory (MB)          :    40       12000     12000 
	   TimeExecute (s)      :  5993                       
	   TimeSlotBusy (s)     :  5996                       

	Job terminated of its own accord at 2025-12-16T08:29:31Z with exit-code 0.
...
