000 (10613550.724.000) 12/16 14:41:00 Job submitted from host: <188.185.71.83:9618?addrs=188.185.71.83-9618+[2001-1458-d00-7--100-34d]-9618&alias=bigbird18.cern.ch&noUDP&sock=schedd_5052_d48c>
...
040 (10613550.724.000) 12/16 16:48:42 Started transferring input files
	Transferring to host: <188.185.214.65:9618?addrs=188.185.214.65-9618+[2001-1458-303-1c--100-3d]-9618&alias=b9p29p0733.cern.ch&noUDP&sock=slot1_1_5117_23a9_110900>
...
040 (10613550.724.000) 12/16 16:48:42 Finished transferring input files
...
001 (10613550.724.000) 12/16 16:48:42 Job executing on host: <188.185.214.65:9618?addrs=188.185.214.65-9618+[2001-1458-303-1c--100-3d]-9618&alias=b9p29p0733.cern.ch&noUDP&sock=startd_4180_b5f6>
	SlotName: slot1_1@b9p29p0733.cern.ch
	CondorScratchDir = "/pool/condor/dir_1582608"
	Cpus = 4
	Disk = 10882
	GPUs = 0
	Memory = 12000
...
006 (10613550.724.000) 12/16 16:48:56 Image size of job updated: 38040
	38  -  MemoryUsage of job (MB)
	38040  -  ResidentSetSize of job (KB)
...
006 (10613550.724.000) 12/16 16:53:57 Image size of job updated: 38460
	38  -  MemoryUsage of job (MB)
	38040  -  ResidentSetSize of job (KB)
...
040 (10613550.724.000) 12/16 18:02:32 Started transferring output files
...
040 (10613550.724.000) 12/16 18:02:32 Finished transferring output files
...
005 (10613550.724.000) 12/16 18:02:33 Job terminated.
	(1) Normal termination (return value 0)
		Usr 0 01:12:48, Sys 0 00:00:10  -  Run Remote Usage
		Usr 0 00:00:00, Sys 0 00:00:00  -  Run Local Usage
		Usr 0 01:12:48, Sys 0 00:00:10  -  Total Remote Usage
		Usr 0 00:00:00, Sys 0 00:00:00  -  Total Local Usage
	0  -  Run Bytes Sent By Job
	7584148  -  Run Bytes Received By Job
	0  -  Total Bytes Sent By Job
	7584148  -  Total Bytes Received By Job
	Partitionable Resources :    Usage  Request Allocated 
	   Cpus                 :     0.99        4         4 
	   Disk (KB)            : 32926        7500     10882 
	   GPUs                 :                           0 
	   Memory (MB)          :    38       12000     12000 
	   TimeExecute (s)      :  4430                       
	   TimeSlotBusy (s)     :  4430                       

	Job terminated of its own accord at 2025-12-16T17:02:32Z with exit-code 0.
...
