000 (10613549.689.000) 12/16 14:40:45 Job submitted from host: <188.185.71.83:9618?addrs=188.185.71.83-9618+[2001-1458-d00-7--100-34d]-9618&alias=bigbird18.cern.ch&noUDP&sock=schedd_5052_d48c>
...
040 (10613549.689.000) 12/16 15:31:24 Started transferring input files
	Transferring to host: <188.185.211.231:9618?addrs=188.185.211.231-9618+[2001-1458-303-17--100-63]-9618&alias=b9p24p1762.cern.ch&noUDP&sock=slot1_5_5932_616a_87389>
...
040 (10613549.689.000) 12/16 15:31:24 Finished transferring input files
...
001 (10613549.689.000) 12/16 15:31:24 Job executing on host: <188.185.211.231:9618?addrs=188.185.211.231-9618+[2001-1458-303-17--100-63]-9618&alias=b9p24p1762.cern.ch&noUDP&sock=startd_5232_4b98>
	SlotName: slot1_5@b9p24p1762.cern.ch
	CondorScratchDir = "/pool/condor/dir_3798461"
	Cpus = 4
	Disk = 11103
	GPUs = 0
	Memory = 12000
...
006 (10613549.689.000) 12/16 15:31:38 Image size of job updated: 38040
	38  -  MemoryUsage of job (MB)
	38040  -  ResidentSetSize of job (KB)
...
006 (10613549.689.000) 12/16 15:36:39 Image size of job updated: 38460
	38  -  MemoryUsage of job (MB)
	38040  -  ResidentSetSize of job (KB)
...
006 (10613549.689.000) 12/16 16:55:37 Image size of job updated: 118992
	38  -  MemoryUsage of job (MB)
	38040  -  ResidentSetSize of job (KB)
...
040 (10613549.689.000) 12/16 16:55:37 Started transferring output files
...
040 (10613549.689.000) 12/16 16:55:38 Finished transferring output files
...
005 (10613549.689.000) 12/16 16:55:38 Job terminated.
	(1) Normal termination (return value 0)
		Usr 0 01:23:09, Sys 0 00:00:08  -  Run Remote Usage
		Usr 0 00:00:00, Sys 0 00:00:00  -  Run Local Usage
		Usr 0 01:23:09, Sys 0 00:00:08  -  Total Remote Usage
		Usr 0 00:00:00, Sys 0 00:00:00  -  Total Local Usage
	0  -  Run Bytes Sent By Job
	7584148  -  Run Bytes Received By Job
	0  -  Total Bytes Sent By Job
	7584148  -  Total Bytes Received By Job
	Partitionable Resources :    Usage  Request Allocated 
	   Cpus                 :     0.99        4         4 
	   Disk (KB)            : 33184        7500     11103 
	   GPUs                 :                           0 
	   Memory (MB)          :    38       12000     12000 
	   TimeExecute (s)      :  5053                       
	   TimeSlotBusy (s)     :  5054                       

	Job terminated of its own accord at 2025-12-16T15:55:37Z with exit-code 0.
...
