000 (10613549.647.000) 12/16 14:40:45 Job submitted from host: <188.185.71.83:9618?addrs=188.185.71.83-9618+[2001-1458-d00-7--100-34d]-9618&alias=bigbird18.cern.ch&noUDP&sock=schedd_5052_d48c>
...
040 (10613549.647.000) 12/16 15:31:11 Started transferring input files
	Transferring to host: <188.185.212.233:9618?addrs=188.185.212.233-9618+[2001-1458-303-19--100-65]-9618&alias=b9p26p7289.cern.ch&noUDP&sock=slot1_18_10388_0920_88275>
...
040 (10613549.647.000) 12/16 15:31:11 Finished transferring input files
...
001 (10613549.647.000) 12/16 15:31:11 Job executing on host: <188.185.212.233:9618?addrs=188.185.212.233-9618+[2001-1458-303-19--100-65]-9618&alias=b9p26p7289.cern.ch&noUDP&sock=startd_10028_f3cf>
	SlotName: slot1_18@b9p26p7289.cern.ch
	CondorScratchDir = "/pool/condor/dir_2609583"
	Cpus = 4
	Disk = 11013
	GPUs = 0
	Memory = 12000
...
006 (10613549.647.000) 12/16 15:31:25 Image size of job updated: 37492
	37  -  MemoryUsage of job (MB)
	37492  -  ResidentSetSize of job (KB)
...
006 (10613549.647.000) 12/16 15:36:25 Image size of job updated: 37912
	37  -  MemoryUsage of job (MB)
	37492  -  ResidentSetSize of job (KB)
...
006 (10613549.647.000) 12/16 16:54:57 Image size of job updated: 118440
	37  -  MemoryUsage of job (MB)
	37492  -  ResidentSetSize of job (KB)
...
040 (10613549.647.000) 12/16 16:54:58 Started transferring output files
...
040 (10613549.647.000) 12/16 16:54:59 Finished transferring output files
...
005 (10613549.647.000) 12/16 16:54:59 Job terminated.
	(1) Normal termination (return value 0)
		Usr 0 01:22:40, Sys 0 00:00:07  -  Run Remote Usage
		Usr 0 00:00:00, Sys 0 00:00:00  -  Run Local Usage
		Usr 0 01:22:40, Sys 0 00:00:07  -  Total Remote Usage
		Usr 0 00:00:00, Sys 0 00:00:00  -  Total Local Usage
	0  -  Run Bytes Sent By Job
	7584148  -  Run Bytes Received By Job
	0  -  Total Bytes Sent By Job
	7584148  -  Total Bytes Received By Job
	Partitionable Resources :    Usage  Request Allocated 
	   Cpus                 :     0.98        4         4 
	   Disk (KB)            : 33274        7500     11013 
	   GPUs                 :                           0 
	   Memory (MB)          :    37       12000     12000 
	   TimeExecute (s)      :  5026                       
	   TimeSlotBusy (s)     :  5029                       

	Job terminated of its own accord at 2025-12-16T15:54:57Z with exit-code 0.
...
