000 (10610887.626.000) 12/16 07:14:31 Job submitted from host: <188.185.71.83:9618?addrs=188.185.71.83-9618+[2001-1458-d00-7--100-34d]-9618&alias=bigbird18.cern.ch&noUDP&sock=schedd_5052_d48c>
...
040 (10610887.626.000) 12/16 07:54:46 Started transferring input files
	Transferring to host: <188.185.212.42:9618?addrs=188.185.212.42-9618+[2001-1458-303-18--100-26]-9618&alias=b9p25p1322.cern.ch&noUDP&sock=slot1_8_4163671_a1fb_12015>
...
040 (10610887.626.000) 12/16 07:54:46 Finished transferring input files
...
001 (10610887.626.000) 12/16 07:54:46 Job executing on host: <188.185.212.42:9618?addrs=188.185.212.42-9618+[2001-1458-303-18--100-26]-9618&alias=b9p25p1322.cern.ch&noUDP&sock=startd_4163584_e3f2>
	SlotName: slot1_8@b9p25p1322.cern.ch
	CondorScratchDir = "/pool/condor/dir_3096659"
	Cpus = 4
	Disk = 10996
	GPUs = 0
	Memory = 12000
...
006 (10610887.626.000) 12/16 07:55:00 Image size of job updated: 37512
	37  -  MemoryUsage of job (MB)
	37512  -  ResidentSetSize of job (KB)
...
006 (10610887.626.000) 12/16 08:00:01 Image size of job updated: 37936
	37  -  MemoryUsage of job (MB)
	37512  -  ResidentSetSize of job (KB)
...
040 (10610887.626.000) 12/16 09:31:03 Started transferring output files
...
040 (10610887.626.000) 12/16 09:31:04 Finished transferring output files
...
005 (10610887.626.000) 12/16 09:31:04 Job terminated.
	(1) Normal termination (return value 0)
		Usr 0 01:35:05, Sys 0 00:00:09  -  Run Remote Usage
		Usr 0 00:00:00, Sys 0 00:00:00  -  Run Local Usage
		Usr 0 01:35:05, Sys 0 00:00:09  -  Total Remote Usage
		Usr 0 00:00:00, Sys 0 00:00:00  -  Total Local Usage
	0  -  Run Bytes Sent By Job
	7584148  -  Run Bytes Received By Job
	0  -  Total Bytes Sent By Job
	7584148  -  Total Bytes Received By Job
	Partitionable Resources :    Usage  Request Allocated 
	   Cpus                 :     0.99        4         4 
	   Disk (KB)            : 32922        7500     10996 
	   GPUs                 :                           0 
	   Memory (MB)          :    37       12000     12000 
	   TimeExecute (s)      :  5776                       
	   TimeSlotBusy (s)     :  5779                       

	Job terminated of its own accord at 2025-12-16T08:31:02Z with exit-code 0.
...
