000 (10610887.088.000) 12/16 07:14:31 Job submitted from host: <188.185.71.83:9618?addrs=188.185.71.83-9618+[2001-1458-d00-7--100-34d]-9618&alias=bigbird18.cern.ch&noUDP&sock=schedd_5052_d48c>
...
040 (10610887.088.000) 12/16 07:20:47 Started transferring input files
	Transferring to host: <188.185.215.158:9618?addrs=188.185.215.158-9618+[2001-1458-303-26--100-1a]-9618&alias=b9p18p8340.cern.ch&noUDP&sock=slot1_15_9250_3631_35>
...
040 (10610887.088.000) 12/16 07:20:47 Finished transferring input files
...
001 (10610887.088.000) 12/16 07:20:47 Job executing on host: <188.185.215.158:9618?addrs=188.185.215.158-9618+[2001-1458-303-26--100-1a]-9618&alias=b9p18p8340.cern.ch&noUDP&sock=startd_7961_298d>
	SlotName: slot1_15@b9p18p8340.cern.ch
	CondorScratchDir = "/pool/condor/dir_19826"
	Cpus = 4
	Disk = 11088
	GPUs = 0
	Memory = 12000
...
006 (10610887.088.000) 12/16 07:21:01 Image size of job updated: 38000
	38  -  MemoryUsage of job (MB)
	38000  -  ResidentSetSize of job (KB)
...
006 (10610887.088.000) 12/16 07:26:02 Image size of job updated: 38420
	38  -  MemoryUsage of job (MB)
	38000  -  ResidentSetSize of job (KB)
...
006 (10610887.088.000) 12/16 08:50:34 Image size of job updated: 47644
	38  -  MemoryUsage of job (MB)
	38000  -  ResidentSetSize of job (KB)
...
040 (10610887.088.000) 12/16 08:50:35 Started transferring output files
...
040 (10610887.088.000) 12/16 08:50:35 Finished transferring output files
...
005 (10610887.088.000) 12/16 08:50:35 Job terminated.
	(1) Normal termination (return value 0)
		Usr 0 01:29:24, Sys 0 00:00:01  -  Run Remote Usage
		Usr 0 00:00:00, Sys 0 00:00:00  -  Run Local Usage
		Usr 0 01:29:24, Sys 0 00:00:01  -  Total Remote Usage
		Usr 0 00:00:00, Sys 0 00:00:00  -  Total Local Usage
	0  -  Run Bytes Sent By Job
	7584148  -  Run Bytes Received By Job
	0  -  Total Bytes Sent By Job
	7584148  -  Total Bytes Received By Job
	Partitionable Resources :    Usage  Request Allocated 
	   Cpus                 :     1.00        4         4 
	   Disk (KB)            : 32780        7500     11088 
	   GPUs                 :                           0 
	   Memory (MB)          :    38       12000     12000 
	   TimeExecute (s)      :  5387                       
	   TimeSlotBusy (s)     :  5388                       

	Job terminated of its own accord at 2025-12-16T07:50:34Z with exit-code 0.
...
