000 (10613550.473.000) 12/16 14:40:59 Job submitted from host: <188.185.71.83:9618?addrs=188.185.71.83-9618+[2001-1458-d00-7--100-34d]-9618&alias=bigbird18.cern.ch&noUDP&sock=schedd_5052_d48c>
...
040 (10613550.473.000) 12/16 16:10:47 Started transferring input files
	Transferring to host: <188.185.195.121:9618?addrs=188.185.195.121-9618+[2001-1458-303-22--100-75]-9618&alias=b9p17p9704.cern.ch&noUDP&sock=slot1_17_5909_2cc9_85214>
...
040 (10613550.473.000) 12/16 16:10:47 Finished transferring input files
...
001 (10613550.473.000) 12/16 16:10:47 Job executing on host: <188.185.195.121:9618?addrs=188.185.195.121-9618+[2001-1458-303-22--100-75]-9618&alias=b9p17p9704.cern.ch&noUDP&sock=startd_4501_e3dd>
	SlotName: slot1_17@b9p17p9704.cern.ch
	CondorScratchDir = "/pool/condor/dir_4114436"
	Cpus = 4
	Disk = 11079
	GPUs = 0
	Memory = 12000
...
006 (10613550.473.000) 12/16 16:11:01 Image size of job updated: 24784
	25  -  MemoryUsage of job (MB)
	24784  -  ResidentSetSize of job (KB)
...
006 (10613550.473.000) 12/16 16:16:02 Image size of job updated: 25204
	25  -  MemoryUsage of job (MB)
	24784  -  ResidentSetSize of job (KB)
...
040 (10613550.473.000) 12/16 18:42:15 Started transferring output files
...
040 (10613550.473.000) 12/16 18:42:16 Finished transferring output files
...
005 (10613550.473.000) 12/16 18:42:16 Job terminated.
	(1) Normal termination (return value 0)
		Usr 0 02:28:41, Sys 0 00:00:10  -  Run Remote Usage
		Usr 0 00:00:00, Sys 0 00:00:00  -  Run Local Usage
		Usr 0 02:28:41, Sys 0 00:00:10  -  Total Remote Usage
		Usr 0 00:00:00, Sys 0 00:00:00  -  Total Local Usage
	0  -  Run Bytes Sent By Job
	7584148  -  Run Bytes Received By Job
	0  -  Total Bytes Sent By Job
	7584148  -  Total Bytes Received By Job
	Partitionable Resources :    Usage  Request Allocated 
	   Cpus                 :     0.95        4         4 
	   Disk (KB)            : 33188        7500     11079 
	   GPUs                 :                           0 
	   Memory (MB)          :    25       12000     12000 
	   TimeExecute (s)      :  9087                       
	   TimeSlotBusy (s)     :  9089                       

	Job terminated of its own accord at 2025-12-16T17:42:14Z with exit-code 0.
...
