000 (10610888.234.000) 12/16 07:14:44 Job submitted from host: <188.185.71.83:9618?addrs=188.185.71.83-9618+[2001-1458-d00-7--100-34d]-9618&alias=bigbird18.cern.ch&noUDP&sock=schedd_5052_d48c>
...
040 (10610888.234.000) 12/16 09:08:59 Started transferring input files
	Transferring to host: <188.185.210.24:9618?addrs=188.185.210.24-9618+[2001-1458-303-1--100-14]-9618&alias=b9p21p2243.cern.ch&noUDP&sock=slot1_12_4360_c3aa_115931>
...
040 (10610888.234.000) 12/16 09:08:59 Finished transferring input files
...
001 (10610888.234.000) 12/16 09:08:59 Job executing on host: <188.185.210.24:9618?addrs=188.185.210.24-9618+[2001-1458-303-1--100-14]-9618&alias=b9p21p2243.cern.ch&noUDP&sock=startd_3719_80cd>
	SlotName: slot1_12@b9p21p2243.cern.ch
	CondorScratchDir = "/pool/condor/dir_2702301"
	Cpus = 4
	Disk = 11207
	GPUs = 0
	Memory = 12000
...
006 (10610888.234.000) 12/16 09:09:12 Image size of job updated: 37476
	37  -  MemoryUsage of job (MB)
	37476  -  ResidentSetSize of job (KB)
...
006 (10610888.234.000) 12/16 09:14:12 Image size of job updated: 37896
	37  -  MemoryUsage of job (MB)
	37476  -  ResidentSetSize of job (KB)
...
040 (10610888.234.000) 12/16 10:27:39 Started transferring output files
...
040 (10610888.234.000) 12/16 10:27:39 Finished transferring output files
...
005 (10610888.234.000) 12/16 10:27:39 Job terminated.
	(1) Normal termination (return value 0)
		Usr 0 01:17:48, Sys 0 00:00:06  -  Run Remote Usage
		Usr 0 00:00:00, Sys 0 00:00:00  -  Run Local Usage
		Usr 0 01:17:48, Sys 0 00:00:06  -  Total Remote Usage
		Usr 0 00:00:00, Sys 0 00:00:00  -  Total Local Usage
	0  -  Run Bytes Sent By Job
	7584148  -  Run Bytes Received By Job
	0  -  Total Bytes Sent By Job
	7584148  -  Total Bytes Received By Job
	Partitionable Resources :    Usage  Request Allocated 
	   Cpus                 :     0.99        4         4 
	   Disk (KB)            : 33300        7500     11207 
	   GPUs                 :                           0 
	   Memory (MB)          :    37       12000     12000 
	   TimeExecute (s)      :  4720                       
	   TimeSlotBusy (s)     :  4721                       

	Job terminated of its own accord at 2025-12-16T09:27:39Z with exit-code 0.
...
