000 (10613549.200.000) 12/16 14:40:44 Job submitted from host: <188.185.71.83:9618?addrs=188.185.71.83-9618+[2001-1458-d00-7--100-34d]-9618&alias=bigbird18.cern.ch&noUDP&sock=schedd_5052_d48c>
...
040 (10613549.200.000) 12/16 15:24:14 Started transferring input files
	Transferring to host: <188.185.212.41:9618?addrs=188.185.212.41-9618+[2001-1458-303-18--100-25]-9618&alias=b9p25p9135.cern.ch&noUDP&sock=slot1_21_355889_bee1_13136>
...
040 (10613549.200.000) 12/16 15:24:14 Finished transferring input files
...
001 (10613549.200.000) 12/16 15:24:14 Job executing on host: <188.185.212.41:9618?addrs=188.185.212.41-9618+[2001-1458-303-18--100-25]-9618&alias=b9p25p9135.cern.ch&noUDP&sock=startd_355847_05bb>
	SlotName: slot1_21@b9p25p9135.cern.ch
	CondorScratchDir = "/pool/condor/dir_3557297"
	Cpus = 4
	Disk = 10947
	GPUs = 0
	Memory = 12000
...
006 (10613549.200.000) 12/16 15:24:28 Image size of job updated: 37540
	37  -  MemoryUsage of job (MB)
	37540  -  ResidentSetSize of job (KB)
...
006 (10613549.200.000) 12/16 15:29:29 Image size of job updated: 37960
	37  -  MemoryUsage of job (MB)
	37540  -  ResidentSetSize of job (KB)
...
040 (10613549.200.000) 12/16 16:40:27 Started transferring output files
...
040 (10613549.200.000) 12/16 16:40:27 Finished transferring output files
...
005 (10613549.200.000) 12/16 16:40:27 Job terminated.
	(1) Normal termination (return value 0)
		Usr 0 01:15:26, Sys 0 00:00:07  -  Run Remote Usage
		Usr 0 00:00:00, Sys 0 00:00:00  -  Run Local Usage
		Usr 0 01:15:26, Sys 0 00:00:07  -  Total Remote Usage
		Usr 0 00:00:00, Sys 0 00:00:00  -  Total Local Usage
	0  -  Run Bytes Sent By Job
	7584148  -  Run Bytes Received By Job
	0  -  Total Bytes Sent By Job
	7584148  -  Total Bytes Received By Job
	Partitionable Resources :    Usage  Request Allocated 
	   Cpus                 :     0.99        4         4 
	   Disk (KB)            : 33196        7500     10947 
	   GPUs                 :                           0 
	   Memory (MB)          :    37       12000     12000 
	   TimeExecute (s)      :  4572                       
	   TimeSlotBusy (s)     :  4573                       

	Job terminated of its own accord at 2025-12-16T15:40:26Z with exit-code 0.
...
