000 (10610889.599.000) 12/16 07:15:01 Job submitted from host: <188.185.71.83:9618?addrs=188.185.71.83-9618+[2001-1458-d00-7--100-34d]-9618&alias=bigbird18.cern.ch&noUDP&sock=schedd_5052_d48c>
...
040 (10610889.599.000) 12/16 14:14:04 Started transferring input files
	Transferring to host: <188.185.214.86:9618?addrs=188.185.214.86-9618+[2001-1458-303-1c--100-52]-9618&alias=b9p29p2890.cern.ch&noUDP&sock=slot1_2_4378_726b_95713>
...
040 (10610889.599.000) 12/16 14:14:04 Finished transferring input files
...
001 (10610889.599.000) 12/16 14:14:04 Job executing on host: <188.185.214.86:9618?addrs=188.185.214.86-9618+[2001-1458-303-1c--100-52]-9618&alias=b9p29p2890.cern.ch&noUDP&sock=startd_3749_14a5>
	SlotName: slot1_2@b9p29p2890.cern.ch
	CondorScratchDir = "/pool/condor/dir_2793257"
	Cpus = 4
	Disk = 10999
	GPUs = 0
	Memory = 12000
...
006 (10610889.599.000) 12/16 14:14:18 Image size of job updated: 36020
	36  -  MemoryUsage of job (MB)
	36020  -  ResidentSetSize of job (KB)
...
006 (10610889.599.000) 12/16 14:19:19 Image size of job updated: 36112
	36  -  MemoryUsage of job (MB)
	36020  -  ResidentSetSize of job (KB)
...
006 (10610889.599.000) 12/16 15:42:11 Image size of job updated: 116784
	36  -  MemoryUsage of job (MB)
	36020  -  ResidentSetSize of job (KB)
...
040 (10610889.599.000) 12/16 15:42:12 Started transferring output files
...
040 (10610889.599.000) 12/16 15:42:12 Finished transferring output files
...
005 (10610889.599.000) 12/16 15:42:12 Job terminated.
	(1) Normal termination (return value 0)
		Usr 0 01:26:55, Sys 0 00:00:09  -  Run Remote Usage
		Usr 0 00:00:00, Sys 0 00:00:00  -  Run Local Usage
		Usr 0 01:26:55, Sys 0 00:00:09  -  Total Remote Usage
		Usr 0 00:00:00, Sys 0 00:00:00  -  Total Local Usage
	0  -  Run Bytes Sent By Job
	7584148  -  Run Bytes Received By Job
	0  -  Total Bytes Sent By Job
	7584148  -  Total Bytes Received By Job
	Partitionable Resources :    Usage  Request Allocated 
	   Cpus                 :     0.99        4         4 
	   Disk (KB)            : 32607        7500     10999 
	   GPUs                 :                           0 
	   Memory (MB)          :    36       12000     12000 
	   TimeExecute (s)      :  5287                       
	   TimeSlotBusy (s)     :  5289                       

	Job terminated of its own accord at 2025-12-16T14:42:11Z with exit-code 0.
...
