000 (10613550.198.000) 12/16 14:40:59 Job submitted from host: <188.185.71.83:9618?addrs=188.185.71.83-9618+[2001-1458-d00-7--100-34d]-9618&alias=bigbird18.cern.ch&noUDP&sock=schedd_5052_d48c>
...
040 (10613550.198.000) 12/16 15:44:36 Started transferring input files
	Transferring to host: <188.185.196.90:9618?addrs=188.185.196.90-9618+[2001-1458-303-23--100-56]-9618&alias=b9p16p8401.cern.ch&noUDP&sock=slot1_7_7415_49c7_86703>
...
040 (10613550.198.000) 12/16 15:44:36 Finished transferring input files
...
001 (10613550.198.000) 12/16 15:44:36 Job executing on host: <188.185.196.90:9618?addrs=188.185.196.90-9618+[2001-1458-303-23--100-56]-9618&alias=b9p16p8401.cern.ch&noUDP&sock=startd_6660_c8d6>
	SlotName: slot1_7@b9p16p8401.cern.ch
	CondorScratchDir = "/pool/condor/dir_4105082"
	Cpus = 4
	Disk = 11122
	GPUs = 0
	Memory = 12000
...
006 (10613550.198.000) 12/16 15:44:50 Image size of job updated: 40072
	40  -  MemoryUsage of job (MB)
	40072  -  ResidentSetSize of job (KB)
...
006 (10613550.198.000) 12/16 15:49:51 Image size of job updated: 40496
	40  -  MemoryUsage of job (MB)
	40072  -  ResidentSetSize of job (KB)
...
006 (10613550.198.000) 12/16 17:58:00 Image size of job updated: 120964
	40  -  MemoryUsage of job (MB)
	40072  -  ResidentSetSize of job (KB)
...
040 (10613550.198.000) 12/16 17:58:00 Started transferring output files
...
040 (10613550.198.000) 12/16 17:58:01 Finished transferring output files
...
005 (10613550.198.000) 12/16 17:58:01 Job terminated.
	(1) Normal termination (return value 0)
		Usr 0 02:10:07, Sys 0 00:00:06  -  Run Remote Usage
		Usr 0 00:00:00, Sys 0 00:00:00  -  Run Local Usage
		Usr 0 02:10:07, Sys 0 00:00:06  -  Total Remote Usage
		Usr 0 00:00:00, Sys 0 00:00:00  -  Total Local Usage
	0  -  Run Bytes Sent By Job
	7584148  -  Run Bytes Received By Job
	0  -  Total Bytes Sent By Job
	7584148  -  Total Bytes Received By Job
	Partitionable Resources :    Usage  Request Allocated 
	   Cpus                 :     0.99        4         4 
	   Disk (KB)            : 33121        7500     11122 
	   GPUs                 :                           0 
	   Memory (MB)          :    40       12000     12000 
	   TimeExecute (s)      :  8004                       
	   TimeSlotBusy (s)     :  8005                       

	Job terminated of its own accord at 2025-12-16T16:58:00Z with exit-code 0.
...
