000 (10613550.160.000) 12/16 14:40:59 Job submitted from host: <188.185.71.83:9618?addrs=188.185.71.83-9618+[2001-1458-d00-7--100-34d]-9618&alias=bigbird18.cern.ch&noUDP&sock=schedd_5052_d48c>
...
040 (10613550.160.000) 12/16 15:42:04 Started transferring input files
	Transferring to host: <188.185.210.24:9618?addrs=188.185.210.24-9618+[2001-1458-303-1--100-14]-9618&alias=b9p21p2243.cern.ch&noUDP&sock=slot1_4_4360_c3aa_116314>
...
040 (10613550.160.000) 12/16 15:42:05 Finished transferring input files
...
001 (10613550.160.000) 12/16 15:42:05 Job executing on host: <188.185.210.24:9618?addrs=188.185.210.24-9618+[2001-1458-303-1--100-14]-9618&alias=b9p21p2243.cern.ch&noUDP&sock=startd_3719_80cd>
	SlotName: slot1_4@b9p21p2243.cern.ch
	CondorScratchDir = "/pool/condor/dir_3770404"
	Cpus = 4
	Disk = 10997
	GPUs = 0
	Memory = 12000
...
006 (10613550.160.000) 12/16 15:42:18 Image size of job updated: 42056
	42  -  MemoryUsage of job (MB)
	42056  -  ResidentSetSize of job (KB)
...
006 (10613550.160.000) 12/16 15:47:18 Image size of job updated: 42476
	42  -  MemoryUsage of job (MB)
	42056  -  ResidentSetSize of job (KB)
...
006 (10613550.160.000) 12/16 16:32:23 Image size of job updated: 47764
	47  -  MemoryUsage of job (MB)
	47764  -  ResidentSetSize of job (KB)
...
040 (10613550.160.000) 12/16 16:57:04 Started transferring output files
...
040 (10613550.160.000) 12/16 16:57:04 Finished transferring output files
...
005 (10613550.160.000) 12/16 16:57:04 Job terminated.
	(1) Normal termination (return value 0)
		Usr 0 01:14:18, Sys 0 00:00:05  -  Run Remote Usage
		Usr 0 00:00:00, Sys 0 00:00:00  -  Run Local Usage
		Usr 0 01:14:18, Sys 0 00:00:05  -  Total Remote Usage
		Usr 0 00:00:00, Sys 0 00:00:00  -  Total Local Usage
	0  -  Run Bytes Sent By Job
	7584148  -  Run Bytes Received By Job
	0  -  Total Bytes Sent By Job
	7584148  -  Total Bytes Received By Job
	Partitionable Resources :    Usage  Request Allocated 
	   Cpus                 :     0.99        4         4 
	   Disk (KB)            : 32449        7500     10997 
	   GPUs                 :                           0 
	   Memory (MB)          :    47       12000     12000 
	   TimeExecute (s)      :  4499                       
	   TimeSlotBusy (s)     :  4500                       

	Job terminated of its own accord at 2025-12-16T15:57:04Z with exit-code 0.
...
