000 (10610888.884.000) 12/16 07:14:45 Job submitted from host: <188.185.71.83:9618?addrs=188.185.71.83-9618+[2001-1458-d00-7--100-34d]-9618&alias=bigbird18.cern.ch&noUDP&sock=schedd_5052_d48c>
...
040 (10610888.884.000) 12/16 09:50:09 Started transferring input files
	Transferring to host: <128.142.161.117:9618?addrs=128.142.161.117-9618+[2001-1458-301-b8--100-33]-9618&alias=b9g03p0247.cern.ch&noUDP&sock=slot1_18_3124427_3867_105261>
...
040 (10610888.884.000) 12/16 09:50:09 Finished transferring input files
...
001 (10610888.884.000) 12/16 09:50:09 Job executing on host: <128.142.161.117:9618?addrs=128.142.161.117-9618+[2001-1458-301-b8--100-33]-9618&alias=b9g03p0247.cern.ch&noUDP&sock=startd_6294_bd2c>
	SlotName: slot1_18@b9g03p0247.cern.ch
	CondorScratchDir = "/pool/condor/dir_2578612"
	Cpus = 4
	Disk = 11451
	GPUs = 0
	Memory = 12000
...
006 (10610888.884.000) 12/16 09:50:24 Image size of job updated: 39076
	39  -  MemoryUsage of job (MB)
	39076  -  ResidentSetSize of job (KB)
...
006 (10610888.884.000) 12/16 09:55:24 Image size of job updated: 39308
	39  -  MemoryUsage of job (MB)
	39076  -  ResidentSetSize of job (KB)
...
040 (10610888.884.000) 12/16 11:30:46 Started transferring output files
...
040 (10610888.884.000) 12/16 11:30:46 Finished transferring output files
...
005 (10610888.884.000) 12/16 11:30:46 Job terminated.
	(1) Normal termination (return value 0)
		Usr 0 01:39:26, Sys 0 00:00:08  -  Run Remote Usage
		Usr 0 00:00:00, Sys 0 00:00:00  -  Run Local Usage
		Usr 0 01:39:26, Sys 0 00:00:08  -  Total Remote Usage
		Usr 0 00:00:00, Sys 0 00:00:00  -  Total Local Usage
	0  -  Run Bytes Sent By Job
	7584148  -  Run Bytes Received By Job
	0  -  Total Bytes Sent By Job
	7584148  -  Total Bytes Received By Job
	Partitionable Resources :    Usage  Request Allocated 
	   Cpus                 :     0.98        4         4 
	   Disk (KB)            : 32386        7500     11451 
	   GPUs                 :                           0 
	   Memory (MB)          :    39       12000     12000 
	   TimeExecute (s)      :  6036                       
	   TimeSlotBusy (s)     :  6037                       

	Job terminated of its own accord at 2025-12-16T10:30:45Z with exit-code 0.
...
