000 (10610888.904.000) 12/16 07:14:45 Job submitted from host: <188.185.71.83:9618?addrs=188.185.71.83-9618+[2001-1458-d00-7--100-34d]-9618&alias=bigbird18.cern.ch&noUDP&sock=schedd_5052_d48c>
...
040 (10610888.904.000) 12/16 09:53:07 Started transferring input files
	Transferring to host: <188.185.214.212:9618?addrs=188.185.214.212-9618+[2001-1458-303-1d--100-50]-9618&alias=b9p30p4816.cern.ch&noUDP&sock=slot1_20_5038_7a06_90487>
...
040 (10610888.904.000) 12/16 09:53:07 Finished transferring input files
...
001 (10610888.904.000) 12/16 09:53:07 Job executing on host: <188.185.214.212:9618?addrs=188.185.214.212-9618+[2001-1458-303-1d--100-50]-9618&alias=b9p30p4816.cern.ch&noUDP&sock=startd_4082_7dae>
	SlotName: slot1_20@b9p30p4816.cern.ch
	CondorScratchDir = "/pool/condor/dir_1533018"
	Cpus = 4
	Disk = 10958
	GPUs = 0
	Memory = 12000
...
006 (10610888.904.000) 12/16 09:53:21 Image size of job updated: 40076
	40  -  MemoryUsage of job (MB)
	40076  -  ResidentSetSize of job (KB)
...
006 (10610888.904.000) 12/16 09:58:22 Image size of job updated: 40496
	40  -  MemoryUsage of job (MB)
	40076  -  ResidentSetSize of job (KB)
...
040 (10610888.904.000) 12/16 11:24:08 Started transferring output files
...
040 (10610888.904.000) 12/16 11:24:08 Finished transferring output files
...
005 (10610888.904.000) 12/16 11:24:08 Job terminated.
	(1) Normal termination (return value 0)
		Usr 0 01:29:47, Sys 0 00:00:09  -  Run Remote Usage
		Usr 0 00:00:00, Sys 0 00:00:00  -  Run Local Usage
		Usr 0 01:29:47, Sys 0 00:00:09  -  Total Remote Usage
		Usr 0 00:00:00, Sys 0 00:00:00  -  Total Local Usage
	0  -  Run Bytes Sent By Job
	7584148  -  Run Bytes Received By Job
	0  -  Total Bytes Sent By Job
	7584148  -  Total Bytes Received By Job
	Partitionable Resources :    Usage  Request Allocated 
	   Cpus                 :     0.99        4         4 
	   Disk (KB)            : 32533        7500     10958 
	   GPUs                 :                           0 
	   Memory (MB)          :    40       12000     12000 
	   TimeExecute (s)      :  5461                       
	   TimeSlotBusy (s)     :  5461                       

	Job terminated of its own accord at 2025-12-16T10:24:08Z with exit-code 0.
...
