000 (10610889.612.000) 12/16 07:15:01 Job submitted from host: <188.185.71.83:9618?addrs=188.185.71.83-9618+[2001-1458-d00-7--100-34d]-9618&alias=bigbird18.cern.ch&noUDP&sock=schedd_5052_d48c>
...
040 (10610889.612.000) 12/16 14:14:07 Started transferring input files
	Transferring to host: <188.185.195.70:9618?addrs=188.185.195.70-9618+[2001-1458-303-22--100-42]-9618&alias=b9p17p2904.cern.ch&noUDP&sock=slot1_4_3302_4ebf_86655>
...
040 (10610889.612.000) 12/16 14:14:07 Finished transferring input files
...
001 (10610889.612.000) 12/16 14:14:07 Job executing on host: <188.185.195.70:9618?addrs=188.185.195.70-9618+[2001-1458-303-22--100-42]-9618&alias=b9p17p2904.cern.ch&noUDP&sock=startd_2553_b960>
	SlotName: slot1_4@b9p17p2904.cern.ch
	CondorScratchDir = "/pool/condor/dir_1965670"
	Cpus = 4
	Disk = 11144
	GPUs = 0
	Memory = 12000
...
006 (10610889.612.000) 12/16 14:14:21 Image size of job updated: 37472
	37  -  MemoryUsage of job (MB)
	37472  -  ResidentSetSize of job (KB)
...
040 (10610889.612.000) 12/16 16:43:39 Started transferring output files
...
040 (10610889.612.000) 12/16 16:43:40 Finished transferring output files
...
005 (10610889.612.000) 12/16 16:43:40 Job terminated.
	(1) Normal termination (return value 0)
		Usr 0 02:27:58, Sys 0 00:00:07  -  Run Remote Usage
		Usr 0 00:00:00, Sys 0 00:00:00  -  Run Local Usage
		Usr 0 02:27:58, Sys 0 00:00:07  -  Total Remote Usage
		Usr 0 00:00:00, Sys 0 00:00:00  -  Total Local Usage
	0  -  Run Bytes Sent By Job
	7584148  -  Run Bytes Received By Job
	0  -  Total Bytes Sent By Job
	7584148  -  Total Bytes Received By Job
	Partitionable Resources :    Usage  Request Allocated 
	   Cpus                 :     0.99        4         4 
	   Disk (KB)            : 32713        7500     11144 
	   GPUs                 :                           0 
	   Memory (MB)          :    37       12000     12000 
	   TimeExecute (s)      :  8972                       
	   TimeSlotBusy (s)     :  8973                       

	Job terminated of its own accord at 2025-12-16T15:43:39Z with exit-code 0.
...
