000 (10610887.752.000) 12/16 07:14:31 Job submitted from host: <188.185.71.83:9618?addrs=188.185.71.83-9618+[2001-1458-d00-7--100-34d]-9618&alias=bigbird18.cern.ch&noUDP&sock=schedd_5052_d48c>
...
040 (10610887.752.000) 12/16 07:55:27 Started transferring input files
	Transferring to host: <188.185.204.243:9618?addrs=188.185.204.243-9618+[2001-1458-303-8--100-70]-9618&alias=b9p02p9109.cern.ch&noUDP&sock=slot1_19_3608711_1bd4_70005>
...
040 (10610887.752.000) 12/16 07:55:27 Finished transferring input files
...
001 (10610887.752.000) 12/16 07:55:27 Job executing on host: <188.185.204.243:9618?addrs=188.185.204.243-9618+[2001-1458-303-8--100-70]-9618&alias=b9p02p9109.cern.ch&noUDP&sock=startd_3336_cc08>
	SlotName: slot1_19@b9p02p9109.cern.ch
	CondorScratchDir = "/pool/condor/dir_1946032"
	Cpus = 4
	Disk = 11037
	GPUs = 0
	Memory = 12000
...
006 (10610887.752.000) 12/16 07:55:41 Image size of job updated: 39608
	39  -  MemoryUsage of job (MB)
	39608  -  ResidentSetSize of job (KB)
...
006 (10610887.752.000) 12/16 08:00:42 Image size of job updated: 39988
	39  -  MemoryUsage of job (MB)
	39608  -  ResidentSetSize of job (KB)
...
006 (10610887.752.000) 12/16 09:31:09 Image size of job updated: 120636
	39  -  MemoryUsage of job (MB)
	39608  -  ResidentSetSize of job (KB)
...
040 (10610887.752.000) 12/16 09:31:10 Started transferring output files
...
040 (10610887.752.000) 12/16 09:31:10 Finished transferring output files
...
005 (10610887.752.000) 12/16 09:31:10 Job terminated.
	(1) Normal termination (return value 0)
		Usr 0 01:34:08, Sys 0 00:00:10  -  Run Remote Usage
		Usr 0 00:00:00, Sys 0 00:00:00  -  Run Local Usage
		Usr 0 01:34:08, Sys 0 00:00:10  -  Total Remote Usage
		Usr 0 00:00:00, Sys 0 00:00:00  -  Total Local Usage
	0  -  Run Bytes Sent By Job
	7584148  -  Run Bytes Received By Job
	0  -  Total Bytes Sent By Job
	7584148  -  Total Bytes Received By Job
	Partitionable Resources :    Usage  Request Allocated 
	   Cpus                 :     0.98        4         4 
	   Disk (KB)            : 32384        7500     11037 
	   GPUs                 :                           0 
	   Memory (MB)          :    39       12000     12000 
	   TimeExecute (s)      :  5742                       
	   TimeSlotBusy (s)     :  5743                       

	Job terminated of its own accord at 2025-12-16T08:31:09Z with exit-code 0.
...
