000 (10610888.738.000) 12/16 07:14:44 Job submitted from host: <188.185.71.83:9618?addrs=188.185.71.83-9618+[2001-1458-d00-7--100-34d]-9618&alias=bigbird18.cern.ch&noUDP&sock=schedd_5052_d48c>
...
040 (10610888.738.000) 12/16 09:38:27 Started transferring input files
	Transferring to host: <188.185.212.50:9618?addrs=188.185.212.50-9618+[2001-1458-303-18--100-2e]-9618&alias=b9p25p8560.cern.ch&noUDP&sock=slot1_4_6194_fbb5_95973>
...
040 (10610888.738.000) 12/16 09:38:27 Finished transferring input files
...
001 (10610888.738.000) 12/16 09:38:27 Job executing on host: <188.185.212.50:9618?addrs=188.185.212.50-9618+[2001-1458-303-18--100-2e]-9618&alias=b9p25p8560.cern.ch&noUDP&sock=startd_5319_f855>
	SlotName: slot1_4@b9p25p8560.cern.ch
	CondorScratchDir = "/pool/condor/dir_1096090"
	Cpus = 4
	Disk = 11195
	GPUs = 0
	Memory = 12000
...
006 (10610888.738.000) 12/16 09:38:41 Image size of job updated: 37524
	37  -  MemoryUsage of job (MB)
	37524  -  ResidentSetSize of job (KB)
...
006 (10610888.738.000) 12/16 09:43:42 Image size of job updated: 37948
	37  -  MemoryUsage of job (MB)
	37524  -  ResidentSetSize of job (KB)
...
006 (10610888.738.000) 12/16 11:11:55 Image size of job updated: 118476
	37  -  MemoryUsage of job (MB)
	37524  -  ResidentSetSize of job (KB)
...
040 (10610888.738.000) 12/16 11:11:56 Started transferring output files
...
040 (10610888.738.000) 12/16 11:11:56 Finished transferring output files
...
005 (10610888.738.000) 12/16 11:11:56 Job terminated.
	(1) Normal termination (return value 0)
		Usr 0 01:32:09, Sys 0 00:00:11  -  Run Remote Usage
		Usr 0 00:00:00, Sys 0 00:00:00  -  Run Local Usage
		Usr 0 01:32:09, Sys 0 00:00:11  -  Total Remote Usage
		Usr 0 00:00:00, Sys 0 00:00:00  -  Total Local Usage
	0  -  Run Bytes Sent By Job
	7584148  -  Run Bytes Received By Job
	0  -  Total Bytes Sent By Job
	7584148  -  Total Bytes Received By Job
	Partitionable Resources :    Usage  Request Allocated 
	   Cpus                 :     0.99        4         4 
	   Disk (KB)            : 33460        7500     11195 
	   GPUs                 :                           0 
	   Memory (MB)          :    37       12000     12000 
	   TimeExecute (s)      :  5608                       
	   TimeSlotBusy (s)     :  5609                       

	Job terminated of its own accord at 2025-12-16T10:11:55Z with exit-code 0.
...
