000 (10610889.196.000) 12/16 07:15:00 Job submitted from host: <188.185.71.83:9618?addrs=188.185.71.83-9618+[2001-1458-d00-7--100-34d]-9618&alias=bigbird18.cern.ch&noUDP&sock=schedd_5052_d48c>
...
040 (10610889.196.000) 12/16 13:31:16 Started transferring input files
	Transferring to host: <188.185.211.232:9618?addrs=188.185.211.232-9618+[2001-1458-303-17--100-64]-9618&alias=b9p24p9314.cern.ch&noUDP&sock=slot1_5_4673_4d17_93001>
...
040 (10610889.196.000) 12/16 13:31:16 Finished transferring input files
...
001 (10610889.196.000) 12/16 13:31:16 Job executing on host: <188.185.211.232:9618?addrs=188.185.211.232-9618+[2001-1458-303-17--100-64]-9618&alias=b9p24p9314.cern.ch&noUDP&sock=startd_3915_f15d>
	SlotName: slot1_5@b9p24p9314.cern.ch
	CondorScratchDir = "/pool/condor/dir_2303628"
	Cpus = 4
	Disk = 11049
	GPUs = 0
	Memory = 12000
...
006 (10610889.196.000) 12/16 13:31:30 Image size of job updated: 40060
	40  -  MemoryUsage of job (MB)
	40060  -  ResidentSetSize of job (KB)
...
006 (10610889.196.000) 12/16 13:36:31 Image size of job updated: 40480
	40  -  MemoryUsage of job (MB)
	40060  -  ResidentSetSize of job (KB)
...
006 (10610889.196.000) 12/16 14:45:23 Image size of job updated: 121004
	40  -  MemoryUsage of job (MB)
	40060  -  ResidentSetSize of job (KB)
...
040 (10610889.196.000) 12/16 14:45:24 Started transferring output files
...
040 (10610889.196.000) 12/16 14:45:24 Finished transferring output files
...
005 (10610889.196.000) 12/16 14:45:24 Job terminated.
	(1) Normal termination (return value 0)
		Usr 0 01:13:21, Sys 0 00:00:06  -  Run Remote Usage
		Usr 0 00:00:00, Sys 0 00:00:00  -  Run Local Usage
		Usr 0 01:13:21, Sys 0 00:00:06  -  Total Remote Usage
		Usr 0 00:00:00, Sys 0 00:00:00  -  Total Local Usage
	0  -  Run Bytes Sent By Job
	7584148  -  Run Bytes Received By Job
	0  -  Total Bytes Sent By Job
	7584148  -  Total Bytes Received By Job
	Partitionable Resources :    Usage  Request Allocated 
	   Cpus                 :     0.99        4         4 
	   Disk (KB)            : 32664        7500     11049 
	   GPUs                 :                           0 
	   Memory (MB)          :    40       12000     12000 
	   TimeExecute (s)      :  4447                       
	   TimeSlotBusy (s)     :  4449                       

	Job terminated of its own accord at 2025-12-16T13:45:23Z with exit-code 0.
...
