000 (10610888.629.000) 12/16 07:14:44 Job submitted from host: <188.185.71.83:9618?addrs=188.185.71.83-9618+[2001-1458-d00-7--100-34d]-9618&alias=bigbird18.cern.ch&noUDP&sock=schedd_5052_d48c>
...
040 (10610888.629.000) 12/16 09:32:10 Started transferring input files
	Transferring to host: <188.185.211.72:9618?addrs=188.185.211.72-9618+[2001-1458-303-16--100-44]-9618&alias=b9p23p2386.cern.ch&noUDP&sock=slot1_11_5355_d4f3_94104>
...
040 (10610888.629.000) 12/16 09:32:10 Finished transferring input files
...
001 (10610888.629.000) 12/16 09:32:10 Job executing on host: <188.185.211.72:9618?addrs=188.185.211.72-9618+[2001-1458-303-16--100-44]-9618&alias=b9p23p2386.cern.ch&noUDP&sock=startd_4367_fa2c>
	SlotName: slot1_11@b9p23p2386.cern.ch
	CondorScratchDir = "/pool/condor/dir_2498416"
	Cpus = 4
	Disk = 11140
	GPUs = 0
	Memory = 12000
...
006 (10610888.629.000) 12/16 09:32:24 Image size of job updated: 40080
	40  -  MemoryUsage of job (MB)
	40080  -  ResidentSetSize of job (KB)
...
006 (10610888.629.000) 12/16 09:37:25 Image size of job updated: 40500
	40  -  MemoryUsage of job (MB)
	40080  -  ResidentSetSize of job (KB)
...
006 (10610888.629.000) 12/16 11:10:50 Image size of job updated: 121036
	40  -  MemoryUsage of job (MB)
	40080  -  ResidentSetSize of job (KB)
...
040 (10610888.629.000) 12/16 11:10:50 Started transferring output files
...
040 (10610888.629.000) 12/16 11:10:51 Finished transferring output files
...
005 (10610888.629.000) 12/16 11:10:51 Job terminated.
	(1) Normal termination (return value 0)
		Usr 0 01:37:19, Sys 0 00:00:11  -  Run Remote Usage
		Usr 0 00:00:00, Sys 0 00:00:00  -  Run Local Usage
		Usr 0 01:37:19, Sys 0 00:00:11  -  Total Remote Usage
		Usr 0 00:00:00, Sys 0 00:00:00  -  Total Local Usage
	0  -  Run Bytes Sent By Job
	7584148  -  Run Bytes Received By Job
	0  -  Total Bytes Sent By Job
	7584148  -  Total Bytes Received By Job
	Partitionable Resources :    Usage  Request Allocated 
	   Cpus                 :     0.99        4         4 
	   Disk (KB)            : 32921        7500     11140 
	   GPUs                 :                           0 
	   Memory (MB)          :    40       12000     12000 
	   TimeExecute (s)      :  5920                       
	   TimeSlotBusy (s)     :  5921                       

	Job terminated of its own accord at 2025-12-16T10:10:50Z with exit-code 0.
...
