000 (10610889.693.000) 12/16 07:15:01 Job submitted from host: <188.185.71.83:9618?addrs=188.185.71.83-9618+[2001-1458-d00-7--100-34d]-9618&alias=bigbird18.cern.ch&noUDP&sock=schedd_5052_d48c>
...
040 (10610889.693.000) 12/16 14:25:40 Started transferring input files
	Transferring to host: <188.185.193.31:9618?addrs=188.185.193.31-9618+[2001-1458-303-20--100-1b]-9618&alias=b9p19p5740.cern.ch&noUDP&sock=slot1_1_7844_8eb8_85326>
...
040 (10610889.693.000) 12/16 14:25:40 Finished transferring input files
...
001 (10610889.693.000) 12/16 14:25:40 Job executing on host: <188.185.193.31:9618?addrs=188.185.193.31-9618+[2001-1458-303-20--100-1b]-9618&alias=b9p19p5740.cern.ch&noUDP&sock=startd_6480_51ca>
	SlotName: slot1_1@b9p19p5740.cern.ch
	CondorScratchDir = "/pool/condor/dir_998432"
	Cpus = 4
	Disk = 10978
	GPUs = 0
	Memory = 12000
...
006 (10610889.693.000) 12/16 14:25:54 Image size of job updated: 42092
	42  -  MemoryUsage of job (MB)
	42092  -  ResidentSetSize of job (KB)
...
006 (10610889.693.000) 12/16 14:30:55 Image size of job updated: 42512
	42  -  MemoryUsage of job (MB)
	42092  -  ResidentSetSize of job (KB)
...
040 (10610889.693.000) 12/16 17:13:56 Started transferring output files
...
040 (10610889.693.000) 12/16 17:13:56 Finished transferring output files
...
005 (10610889.693.000) 12/16 17:13:56 Job terminated.
	(1) Normal termination (return value 0)
		Usr 0 02:45:35, Sys 0 00:00:12  -  Run Remote Usage
		Usr 0 00:00:00, Sys 0 00:00:00  -  Run Local Usage
		Usr 0 02:45:35, Sys 0 00:00:12  -  Total Remote Usage
		Usr 0 00:00:00, Sys 0 00:00:00  -  Total Local Usage
	0  -  Run Bytes Sent By Job
	7584148  -  Run Bytes Received By Job
	0  -  Total Bytes Sent By Job
	7584148  -  Total Bytes Received By Job
	Partitionable Resources :    Usage  Request Allocated 
	   Cpus                 :     0.99        4         4 
	   Disk (KB)            : 32302        7500     10978 
	   GPUs                 :                           0 
	   Memory (MB)          :    42       12000     12000 
	   TimeExecute (s)      : 10095                       
	   TimeSlotBusy (s)     : 10097                       

	Job terminated of its own accord at 2025-12-16T16:13:55Z with exit-code 0.
...
