000 (10610887.485.000) 12/16 07:14:31 Job submitted from host: <188.185.71.83:9618?addrs=188.185.71.83-9618+[2001-1458-d00-7--100-34d]-9618&alias=bigbird18.cern.ch&noUDP&sock=schedd_5052_d48c>
...
040 (10610887.485.000) 12/16 07:50:29 Started transferring input files
	Transferring to host: <188.185.194.140:9618?addrs=188.185.194.140-9618+[2001-1458-303-21--100-88]-9618&alias=b9p20p8682.cern.ch&noUDP&sock=slot1_24_9492_b8fb_84699>
...
040 (10610887.485.000) 12/16 07:50:29 Finished transferring input files
...
001 (10610887.485.000) 12/16 07:50:29 Job executing on host: <188.185.194.140:9618?addrs=188.185.194.140-9618+[2001-1458-303-21--100-88]-9618&alias=b9p20p8682.cern.ch&noUDP&sock=startd_8036_9b27>
	SlotName: slot1_24@b9p20p8682.cern.ch
	CondorScratchDir = "/pool/condor/dir_4122911"
	Cpus = 4
	Disk = 11071
	GPUs = 0
	Memory = 12000
...
006 (10610887.485.000) 12/16 07:50:42 Image size of job updated: 37516
	37  -  MemoryUsage of job (MB)
	37516  -  ResidentSetSize of job (KB)
...
006 (10610887.485.000) 12/16 07:55:42 Image size of job updated: 37936
	37  -  MemoryUsage of job (MB)
	37516  -  ResidentSetSize of job (KB)
...
006 (10610887.485.000) 12/16 09:49:45 Image size of job updated: 118476
	37  -  MemoryUsage of job (MB)
	37516  -  ResidentSetSize of job (KB)
...
040 (10610887.485.000) 12/16 09:49:46 Started transferring output files
...
040 (10610887.485.000) 12/16 09:49:47 Finished transferring output files
...
005 (10610887.485.000) 12/16 09:49:47 Job terminated.
	(1) Normal termination (return value 0)
		Usr 0 01:58:07, Sys 0 00:00:08  -  Run Remote Usage
		Usr 0 00:00:00, Sys 0 00:00:00  -  Run Local Usage
		Usr 0 01:58:07, Sys 0 00:00:08  -  Total Remote Usage
		Usr 0 00:00:00, Sys 0 00:00:00  -  Total Local Usage
	0  -  Run Bytes Sent By Job
	7584148  -  Run Bytes Received By Job
	0  -  Total Bytes Sent By Job
	7584148  -  Total Bytes Received By Job
	Partitionable Resources :    Usage  Request Allocated 
	   Cpus                 :     1.00        4         4 
	   Disk (KB)            : 33276        7500     11071 
	   GPUs                 :                           0 
	   Memory (MB)          :    37       12000     12000 
	   TimeExecute (s)      :  7156                       
	   TimeSlotBusy (s)     :  7158                       

	Job terminated of its own accord at 2025-12-16T08:49:45Z with exit-code 0.
...
