000 (10610887.154.000) 12/16 07:14:31 Job submitted from host: <188.185.71.83:9618?addrs=188.185.71.83-9618+[2001-1458-d00-7--100-34d]-9618&alias=bigbird18.cern.ch&noUDP&sock=schedd_5052_d48c>
...
040 (10610887.154.000) 12/16 07:44:40 Started transferring input files
	Transferring to host: <188.185.212.33:9618?addrs=188.185.212.33-9618+[2001-1458-303-18--100-1d]-9618&alias=b9p25p7824.cern.ch&noUDP&sock=slot1_7_5707_d901_87289>
...
040 (10610887.154.000) 12/16 07:44:40 Finished transferring input files
...
001 (10610887.154.000) 12/16 07:44:40 Job executing on host: <188.185.212.33:9618?addrs=188.185.212.33-9618+[2001-1458-303-18--100-1d]-9618&alias=b9p25p7824.cern.ch&noUDP&sock=startd_4802_59df>
	SlotName: slot1_7@b9p25p7824.cern.ch
	CondorScratchDir = "/pool/condor/dir_2152164"
	Cpus = 4
	Disk = 10875
	GPUs = 0
	Memory = 12000
...
006 (10610887.154.000) 12/16 07:44:55 Image size of job updated: 42096
	42  -  MemoryUsage of job (MB)
	42096  -  ResidentSetSize of job (KB)
...
006 (10610887.154.000) 12/16 07:49:55 Image size of job updated: 42536
	42  -  MemoryUsage of job (MB)
	42096  -  ResidentSetSize of job (KB)
...
040 (10610887.154.000) 12/16 09:42:44 Started transferring output files
...
040 (10610887.154.000) 12/16 09:42:45 Finished transferring output files
...
005 (10610887.154.000) 12/16 09:42:45 Job terminated.
	(1) Normal termination (return value 0)
		Usr 0 01:53:56, Sys 0 00:00:12  -  Run Remote Usage
		Usr 0 00:00:00, Sys 0 00:00:00  -  Run Local Usage
		Usr 0 01:53:56, Sys 0 00:00:12  -  Total Remote Usage
		Usr 0 00:00:00, Sys 0 00:00:00  -  Total Local Usage
	0  -  Run Bytes Sent By Job
	7584148  -  Run Bytes Received By Job
	0  -  Total Bytes Sent By Job
	7584148  -  Total Bytes Received By Job
	Partitionable Resources :    Usage  Request Allocated 
	   Cpus                 :     0.97        4         4 
	   Disk (KB)            : 32889        7500     10875 
	   GPUs                 :                           0 
	   Memory (MB)          :    42       12000     12000 
	   TimeExecute (s)      :  7083                       
	   TimeSlotBusy (s)     :  7086                       

	Job terminated of its own accord at 2025-12-16T08:42:43Z with exit-code 0.
...
