000 (10610887.480.000) 12/16 07:14:31 Job submitted from host: <188.185.71.83:9618?addrs=188.185.71.83-9618+[2001-1458-d00-7--100-34d]-9618&alias=bigbird18.cern.ch&noUDP&sock=schedd_5052_d48c>
...
040 (10610887.480.000) 12/16 07:50:20 Started transferring input files
	Transferring to host: <188.185.210.143:9618?addrs=188.185.210.143-9618+[2001-1458-303-15--100-b]-9618&alias=b9p22p5953.cern.ch&noUDP&sock=slot1_11_7814_6b77_89958>
...
040 (10610887.480.000) 12/16 07:50:20 Finished transferring input files
...
001 (10610887.480.000) 12/16 07:50:20 Job executing on host: <188.185.210.143:9618?addrs=188.185.210.143-9618+[2001-1458-303-15--100-b]-9618&alias=b9p22p5953.cern.ch&noUDP&sock=startd_7166_dbc2>
	SlotName: slot1_11@b9p22p5953.cern.ch
	CondorScratchDir = "/pool/condor/dir_3227409"
	Cpus = 4
	Disk = 10992
	GPUs = 0
	Memory = 12000
...
006 (10610887.480.000) 12/16 07:50:34 Image size of job updated: 37500
	37  -  MemoryUsage of job (MB)
	37500  -  ResidentSetSize of job (KB)
...
006 (10610887.480.000) 12/16 07:55:35 Image size of job updated: 37920
	37  -  MemoryUsage of job (MB)
	37500  -  ResidentSetSize of job (KB)
...
040 (10610887.480.000) 12/16 09:19:44 Started transferring output files
...
040 (10610887.480.000) 12/16 09:19:45 Finished transferring output files
...
005 (10610887.480.000) 12/16 09:19:45 Job terminated.
	(1) Normal termination (return value 0)
		Usr 0 01:28:18, Sys 0 00:00:05  -  Run Remote Usage
		Usr 0 00:00:00, Sys 0 00:00:00  -  Run Local Usage
		Usr 0 01:28:18, Sys 0 00:00:05  -  Total Remote Usage
		Usr 0 00:00:00, Sys 0 00:00:00  -  Total Local Usage
	0  -  Run Bytes Sent By Job
	7584148  -  Run Bytes Received By Job
	0  -  Total Bytes Sent By Job
	7584148  -  Total Bytes Received By Job
	Partitionable Resources :    Usage  Request Allocated 
	   Cpus                 :     0.99        4         4 
	   Disk (KB)            : 32652        7500     10992 
	   GPUs                 :                           0 
	   Memory (MB)          :    37       12000     12000 
	   TimeExecute (s)      :  5364                       
	   TimeSlotBusy (s)     :  5366                       

	Job terminated of its own accord at 2025-12-16T08:19:44Z with exit-code 0.
...
