000 (10610888.910.000) 12/16 07:14:45 Job submitted from host: <188.185.71.83:9618?addrs=188.185.71.83-9618+[2001-1458-d00-7--100-34d]-9618&alias=bigbird18.cern.ch&noUDP&sock=schedd_5052_d48c>
...
040 (10610888.910.000) 12/16 09:54:56 Started transferring input files
	Transferring to host: <128.142.192.210:9618?addrs=128.142.192.210-9618+[2001-1458-301-56--100-4e]-9618&alias=b9g18p0299.cern.ch&noUDP&sock=slot1_10_6554_a2c4_109148>
...
040 (10610888.910.000) 12/16 09:54:56 Finished transferring input files
...
001 (10610888.910.000) 12/16 09:54:56 Job executing on host: <128.142.192.210:9618?addrs=128.142.192.210-9618+[2001-1458-301-56--100-4e]-9618&alias=b9g18p0299.cern.ch&noUDP&sock=startd_5482_c645>
	SlotName: slot1_10@b9g18p0299.cern.ch
	CondorScratchDir = "/pool/condor/dir_823354"
	Cpus = 4
	Disk = 11194
	GPUs = 0
	Memory = 12000
...
006 (10610888.910.000) 12/16 09:55:10 Image size of job updated: 39400
	39  -  MemoryUsage of job (MB)
	39400  -  ResidentSetSize of job (KB)
...
006 (10610888.910.000) 12/16 10:00:11 Image size of job updated: 39488
	39  -  MemoryUsage of job (MB)
	39400  -  ResidentSetSize of job (KB)
...
006 (10610888.910.000) 12/16 11:48:58 Image size of job updated: 120064
	39  -  MemoryUsage of job (MB)
	39400  -  ResidentSetSize of job (KB)
...
040 (10610888.910.000) 12/16 11:48:59 Started transferring output files
...
040 (10610888.910.000) 12/16 11:48:59 Finished transferring output files
...
005 (10610888.910.000) 12/16 11:48:59 Job terminated.
	(1) Normal termination (return value 0)
		Usr 0 01:52:57, Sys 0 00:00:06  -  Run Remote Usage
		Usr 0 00:00:00, Sys 0 00:00:00  -  Run Local Usage
		Usr 0 01:52:57, Sys 0 00:00:06  -  Total Remote Usage
		Usr 0 00:00:00, Sys 0 00:00:00  -  Total Local Usage
	0  -  Run Bytes Sent By Job
	7584148  -  Run Bytes Received By Job
	0  -  Total Bytes Sent By Job
	7584148  -  Total Bytes Received By Job
	Partitionable Resources :    Usage  Request Allocated 
	   Cpus                 :     0.99        4         4 
	   Disk (KB)            : 33708        7500     11194 
	   GPUs                 :                           0 
	   Memory (MB)          :    39       12000     12000 
	   TimeExecute (s)      :  6842                       
	   TimeSlotBusy (s)     :  6843                       

	Job terminated of its own accord at 2025-12-16T10:48:58Z with exit-code 0.
...
