000 (10610887.026.000) 12/16 07:14:31 Job submitted from host: <188.185.71.83:9618?addrs=188.185.71.83-9618+[2001-1458-d00-7--100-34d]-9618&alias=bigbird18.cern.ch&noUDP&sock=schedd_5052_d48c>
...
040 (10610887.026.000) 12/16 07:20:24 Started transferring input files
	Transferring to host: <188.185.209.35:9618?addrs=188.185.209.35-9618+[2001-1458-303-11--100-20]-9618&alias=b9p11p8066.cern.ch&noUDP&sock=slot1_10_4350_b7ea_79995>
...
040 (10610887.026.000) 12/16 07:20:24 Finished transferring input files
...
001 (10610887.026.000) 12/16 07:20:24 Job executing on host: <188.185.209.35:9618?addrs=188.185.209.35-9618+[2001-1458-303-11--100-20]-9618&alias=b9p11p8066.cern.ch&noUDP&sock=startd_3660_08b7>
	SlotName: slot1_10@b9p11p8066.cern.ch
	CondorScratchDir = "/pool/condor/dir_2772410"
	Cpus = 4
	Disk = 10737
	GPUs = 0
	Memory = 12000
...
006 (10610887.026.000) 12/16 07:20:38 Image size of job updated: 43692
	43  -  MemoryUsage of job (MB)
	43692  -  ResidentSetSize of job (KB)
...
006 (10610887.026.000) 12/16 07:25:39 Image size of job updated: 44072
	43  -  MemoryUsage of job (MB)
	43692  -  ResidentSetSize of job (KB)
...
006 (10610887.026.000) 12/16 08:30:43 Image size of job updated: 124728
	43  -  MemoryUsage of job (MB)
	43692  -  ResidentSetSize of job (KB)
...
040 (10610887.026.000) 12/16 08:30:44 Started transferring output files
...
040 (10610887.026.000) 12/16 08:30:44 Finished transferring output files
...
005 (10610887.026.000) 12/16 08:30:44 Job terminated.
	(1) Normal termination (return value 0)
		Usr 0 01:09:22, Sys 0 00:00:07  -  Run Remote Usage
		Usr 0 00:00:00, Sys 0 00:00:00  -  Run Local Usage
		Usr 0 01:09:22, Sys 0 00:00:07  -  Total Remote Usage
		Usr 0 00:00:00, Sys 0 00:00:00  -  Total Local Usage
	0  -  Run Bytes Sent By Job
	7584148  -  Run Bytes Received By Job
	0  -  Total Bytes Sent By Job
	7584148  -  Total Bytes Received By Job
	Partitionable Resources :    Usage  Request Allocated 
	   Cpus                 :     0.99        4         4 
	   Disk (KB)            : 33188        7500     10737 
	   GPUs                 :                           0 
	   Memory (MB)          :    43       12000     12000 
	   TimeExecute (s)      :  4219                       
	   TimeSlotBusy (s)     :  4220                       

	Job terminated of its own accord at 2025-12-16T07:30:43Z with exit-code 0.
...
