000 (10610889.776.000) 12/16 07:15:01 Job submitted from host: <188.185.71.83:9618?addrs=188.185.71.83-9618+[2001-1458-d00-7--100-34d]-9618&alias=bigbird18.cern.ch&noUDP&sock=schedd_5052_d48c>
...
040 (10610889.776.000) 12/16 14:26:08 Started transferring input files
	Transferring to host: <188.185.192.94:9618?addrs=188.185.192.94-9618+[2001-1458-303-1f--100-5a]-9618&alias=b9p13p0998.cern.ch&noUDP&sock=slot1_5_4040_4b9d_88855>
...
040 (10610889.776.000) 12/16 14:26:08 Finished transferring input files
...
001 (10610889.776.000) 12/16 14:26:08 Job executing on host: <188.185.192.94:9618?addrs=188.185.192.94-9618+[2001-1458-303-1f--100-5a]-9618&alias=b9p13p0998.cern.ch&noUDP&sock=startd_3002_b366>
	SlotName: slot1_5@b9p13p0998.cern.ch
	CondorScratchDir = "/pool/condor/dir_578575"
	Cpus = 4
	Disk = 11105
	GPUs = 0
	Memory = 12000
...
006 (10610889.776.000) 12/16 14:26:21 Image size of job updated: 36212
	36  -  MemoryUsage of job (MB)
	36212  -  ResidentSetSize of job (KB)
...
006 (10610889.776.000) 12/16 14:31:22 Image size of job updated: 36632
	36  -  MemoryUsage of job (MB)
	36212  -  ResidentSetSize of job (KB)
...
006 (10610889.776.000) 12/16 16:52:20 Image size of job updated: 117168
	36  -  MemoryUsage of job (MB)
	36212  -  ResidentSetSize of job (KB)
...
040 (10610889.776.000) 12/16 16:52:21 Started transferring output files
...
040 (10610889.776.000) 12/16 16:52:21 Finished transferring output files
...
005 (10610889.776.000) 12/16 16:52:21 Job terminated.
	(1) Normal termination (return value 0)
		Usr 0 02:24:35, Sys 0 00:00:13  -  Run Remote Usage
		Usr 0 00:00:00, Sys 0 00:00:00  -  Run Local Usage
		Usr 0 02:24:35, Sys 0 00:00:13  -  Total Remote Usage
		Usr 0 00:00:00, Sys 0 00:00:00  -  Total Local Usage
	0  -  Run Bytes Sent By Job
	7584148  -  Run Bytes Received By Job
	0  -  Total Bytes Sent By Job
	7584148  -  Total Bytes Received By Job
	Partitionable Resources :    Usage  Request Allocated 
	   Cpus                 :     0.99        4         4 
	   Disk (KB)            : 33496        7500     11105 
	   GPUs                 :                           0 
	   Memory (MB)          :    36       12000     12000 
	   TimeExecute (s)      :  8772                       
	   TimeSlotBusy (s)     :  8774                       

	Job terminated of its own accord at 2025-12-16T15:52:20Z with exit-code 0.
...
