000 (10610888.679.000) 12/16 07:14:44 Job submitted from host: <188.185.71.83:9618?addrs=188.185.71.83-9618+[2001-1458-d00-7--100-34d]-9618&alias=bigbird18.cern.ch&noUDP&sock=schedd_5052_d48c>
...
040 (10610888.679.000) 12/16 09:34:51 Started transferring input files
	Transferring to host: <188.185.206.208:9618?addrs=188.185.206.208-9618+[2001-1458-303-c--100-4d]-9618&alias=b9p06p8579.cern.ch&noUDP&sock=slot1_16_5039_2e66_79732>
...
040 (10610888.679.000) 12/16 09:34:51 Finished transferring input files
...
001 (10610888.679.000) 12/16 09:34:51 Job executing on host: <188.185.206.208:9618?addrs=188.185.206.208-9618+[2001-1458-303-c--100-4d]-9618&alias=b9p06p8579.cern.ch&noUDP&sock=startd_4302_6484>
	SlotName: slot1_16@b9p06p8579.cern.ch
	CondorScratchDir = "/pool/condor/dir_1090246"
	Cpus = 4
	Disk = 10898
	GPUs = 0
	Memory = 12000
...
006 (10610888.679.000) 12/16 09:35:05 Image size of job updated: 39652
	39  -  MemoryUsage of job (MB)
	39652  -  ResidentSetSize of job (KB)
...
006 (10610888.679.000) 12/16 09:40:06 Image size of job updated: 40056
	39  -  MemoryUsage of job (MB)
	39652  -  ResidentSetSize of job (KB)
...
006 (10610888.679.000) 12/16 11:08:50 Image size of job updated: 120656
	39  -  MemoryUsage of job (MB)
	39652  -  ResidentSetSize of job (KB)
...
040 (10610888.679.000) 12/16 11:08:51 Started transferring output files
...
040 (10610888.679.000) 12/16 11:08:52 Finished transferring output files
...
005 (10610888.679.000) 12/16 11:08:52 Job terminated.
	(1) Normal termination (return value 0)
		Usr 0 01:32:39, Sys 0 00:00:07  -  Run Remote Usage
		Usr 0 00:00:00, Sys 0 00:00:00  -  Run Local Usage
		Usr 0 01:32:39, Sys 0 00:00:07  -  Total Remote Usage
		Usr 0 00:00:00, Sys 0 00:00:00  -  Total Local Usage
	0  -  Run Bytes Sent By Job
	7584148  -  Run Bytes Received By Job
	0  -  Total Bytes Sent By Job
	7584148  -  Total Bytes Received By Job
	Partitionable Resources :    Usage  Request Allocated 
	   Cpus                 :     0.99        4         4 
	   Disk (KB)            : 33272        7500     10898 
	   GPUs                 :                           0 
	   Memory (MB)          :    39       12000     12000 
	   TimeExecute (s)      :  5639                       
	   TimeSlotBusy (s)     :  5641                       

	Job terminated of its own accord at 2025-12-16T10:08:50Z with exit-code 0.
...
