000 (10610887.423.000) 12/16 07:14:31 Job submitted from host: <188.185.71.83:9618?addrs=188.185.71.83-9618+[2001-1458-d00-7--100-34d]-9618&alias=bigbird18.cern.ch&noUDP&sock=schedd_5052_d48c>
...
040 (10610887.423.000) 12/16 07:50:05 Started transferring input files
	Transferring to host: <188.185.214.154:9618?addrs=188.185.214.154-9618+[2001-1458-303-1d--100-16]-9618&alias=b9p30p0838.cern.ch&noUDP&sock=slot1_4_5781_fcc4_95225>
...
040 (10610887.423.000) 12/16 07:50:05 Finished transferring input files
...
001 (10610887.423.000) 12/16 07:50:05 Job executing on host: <188.185.214.154:9618?addrs=188.185.214.154-9618+[2001-1458-303-1d--100-16]-9618&alias=b9p30p0838.cern.ch&noUDP&sock=startd_5146_4e73>
	SlotName: slot1_4@b9p30p0838.cern.ch
	CondorScratchDir = "/pool/condor/dir_1688930"
	Cpus = 4
	Disk = 11058
	GPUs = 0
	Memory = 12000
...
006 (10610887.423.000) 12/16 07:50:20 Image size of job updated: 38032
	38  -  MemoryUsage of job (MB)
	38032  -  ResidentSetSize of job (KB)
...
006 (10610887.423.000) 12/16 07:55:21 Image size of job updated: 38124
	38  -  MemoryUsage of job (MB)
	38032  -  ResidentSetSize of job (KB)
...
006 (10610887.423.000) 12/16 09:51:59 Image size of job updated: 118708
	38  -  MemoryUsage of job (MB)
	38032  -  ResidentSetSize of job (KB)
...
040 (10610887.423.000) 12/16 09:52:00 Started transferring output files
...
040 (10610887.423.000) 12/16 09:52:01 Finished transferring output files
...
005 (10610887.423.000) 12/16 09:52:01 Job terminated.
	(1) Normal termination (return value 0)
		Usr 0 01:57:57, Sys 0 00:00:13  -  Run Remote Usage
		Usr 0 00:00:00, Sys 0 00:00:00  -  Run Local Usage
		Usr 0 01:57:57, Sys 0 00:00:13  -  Total Remote Usage
		Usr 0 00:00:00, Sys 0 00:00:00  -  Total Local Usage
	0  -  Run Bytes Sent By Job
	7584148  -  Run Bytes Received By Job
	0  -  Total Bytes Sent By Job
	7584148  -  Total Bytes Received By Job
	Partitionable Resources :    Usage  Request Allocated 
	   Cpus                 :     0.96        4         4 
	   Disk (KB)            : 32981        7500     11058 
	   GPUs                 :                           0 
	   Memory (MB)          :    38       12000     12000 
	   TimeExecute (s)      :  7314                       
	   TimeSlotBusy (s)     :  7317                       

	Job terminated of its own accord at 2025-12-16T08:51:59Z with exit-code 0.
...
