000 (10610887.587.000) 12/16 07:14:31 Job submitted from host: <188.185.71.83:9618?addrs=188.185.71.83-9618+[2001-1458-d00-7--100-34d]-9618&alias=bigbird18.cern.ch&noUDP&sock=schedd_5052_d48c>
...
040 (10610887.587.000) 12/16 07:54:32 Started transferring input files
	Transferring to host: <188.185.192.50:9618?addrs=188.185.192.50-9618+[2001-1458-303-1f--100-2e]-9618&alias=b9p13p1639.cern.ch&noUDP&sock=slot1_13_1305593_20bd_83858>
...
040 (10610887.587.000) 12/16 07:54:32 Finished transferring input files
...
001 (10610887.587.000) 12/16 07:54:32 Job executing on host: <188.185.192.50:9618?addrs=188.185.192.50-9618+[2001-1458-303-1f--100-2e]-9618&alias=b9p13p1639.cern.ch&noUDP&sock=startd_5597_a7a9>
	SlotName: slot1_13@b9p13p1639.cern.ch
	CondorScratchDir = "/pool/condor/dir_1545058"
	Cpus = 4
	Disk = 10928
	GPUs = 0
	Memory = 12000
...
006 (10610887.587.000) 12/16 07:54:46 Image size of job updated: 1640
	2  -  MemoryUsage of job (MB)
	1640  -  ResidentSetSize of job (KB)
...
006 (10610887.587.000) 12/16 07:59:48 Image size of job updated: 38416
	37  -  MemoryUsage of job (MB)
	37540  -  ResidentSetSize of job (KB)
...
040 (10610887.587.000) 12/16 10:12:11 Started transferring output files
...
040 (10610887.587.000) 12/16 10:12:12 Finished transferring output files
...
005 (10610887.587.000) 12/16 10:12:12 Job terminated.
	(1) Normal termination (return value 0)
		Usr 0 02:15:57, Sys 0 00:00:07  -  Run Remote Usage
		Usr 0 00:00:00, Sys 0 00:00:00  -  Run Local Usage
		Usr 0 02:15:57, Sys 0 00:00:07  -  Total Remote Usage
		Usr 0 00:00:00, Sys 0 00:00:00  -  Total Local Usage
	0  -  Run Bytes Sent By Job
	7584148  -  Run Bytes Received By Job
	0  -  Total Bytes Sent By Job
	7584148  -  Total Bytes Received By Job
	Partitionable Resources :    Usage  Request Allocated 
	   Cpus                 :     0.99        4         4 
	   Disk (KB)            : 32437        7500     10928 
	   GPUs                 :                           0 
	   Memory (MB)          :    37       12000     12000 
	   TimeExecute (s)      :  8259                       
	   TimeSlotBusy (s)     :  8260                       

	Job terminated of its own accord at 2025-12-16T09:12:11Z with exit-code 0.
...
