000 (10613550.933.000) 12/16 14:41:00 Job submitted from host: <188.185.71.83:9618?addrs=188.185.71.83-9618+[2001-1458-d00-7--100-34d]-9618&alias=bigbird18.cern.ch&noUDP&sock=schedd_5052_d48c>
...
040 (10613550.933.000) 12/16 16:54:47 Started transferring input files
	Transferring to host: <188.185.210.155:9618?addrs=188.185.210.155-9618+[2001-1458-303-15--100-17]-9618&alias=b9p22p2852.cern.ch&noUDP&sock=slot1_7_7130_7adb_94374>
...
040 (10613550.933.000) 12/16 16:54:47 Finished transferring input files
...
001 (10613550.933.000) 12/16 16:54:47 Job executing on host: <188.185.210.155:9618?addrs=188.185.210.155-9618+[2001-1458-303-15--100-17]-9618&alias=b9p22p2852.cern.ch&noUDP&sock=startd_6502_68df>
	SlotName: slot1_7@b9p22p2852.cern.ch
	CondorScratchDir = "/pool/condor/dir_1725868"
	Cpus = 4
	Disk = 11013
	GPUs = 0
	Memory = 12000
...
006 (10613550.933.000) 12/16 16:55:01 Image size of job updated: 37532
	37  -  MemoryUsage of job (MB)
	37532  -  ResidentSetSize of job (KB)
...
006 (10613550.933.000) 12/16 17:00:02 Image size of job updated: 37956
	37  -  MemoryUsage of job (MB)
	37532  -  ResidentSetSize of job (KB)
...
040 (10613550.933.000) 12/16 18:13:41 Started transferring output files
...
040 (10613550.933.000) 12/16 18:13:41 Finished transferring output files
...
005 (10613550.933.000) 12/16 18:13:41 Job terminated.
	(1) Normal termination (return value 0)
		Usr 0 01:18:00, Sys 0 00:00:07  -  Run Remote Usage
		Usr 0 00:00:00, Sys 0 00:00:00  -  Run Local Usage
		Usr 0 01:18:00, Sys 0 00:00:07  -  Total Remote Usage
		Usr 0 00:00:00, Sys 0 00:00:00  -  Total Local Usage
	0  -  Run Bytes Sent By Job
	7584148  -  Run Bytes Received By Job
	0  -  Total Bytes Sent By Job
	7584148  -  Total Bytes Received By Job
	Partitionable Resources :    Usage  Request Allocated 
	   Cpus                 :     0.99        4         4 
	   Disk (KB)            : 33187        7500     11013 
	   GPUs                 :                           0 
	   Memory (MB)          :    37       12000     12000 
	   TimeExecute (s)      :  4734                       
	   TimeSlotBusy (s)     :  4734                       

	Job terminated of its own accord at 2025-12-16T17:13:41Z with exit-code 0.
...
