000 (10610889.131.000) 12/16 07:15:00 Job submitted from host: <188.185.71.83:9618?addrs=188.185.71.83-9618+[2001-1458-d00-7--100-34d]-9618&alias=bigbird18.cern.ch&noUDP&sock=schedd_5052_d48c>
...
040 (10610889.131.000) 12/16 11:07:40 Started transferring input files
	Transferring to host: <188.185.192.176:9618?addrs=188.185.192.176-9618+[2001-1458-303-1f--100-ac]-9618&alias=b9p13p0499.cern.ch&noUDP&sock=slot1_5_6313_d45a_88755>
...
040 (10610889.131.000) 12/16 11:07:40 Finished transferring input files
...
001 (10610889.131.000) 12/16 11:07:40 Job executing on host: <188.185.192.176:9618?addrs=188.185.192.176-9618+[2001-1458-303-1f--100-ac]-9618&alias=b9p13p0499.cern.ch&noUDP&sock=startd_4613_b678>
	SlotName: slot1_5@b9p13p0499.cern.ch
	CondorScratchDir = "/pool/condor/dir_3097256"
	Cpus = 4
	Disk = 11029
	GPUs = 0
	Memory = 12000
...
006 (10610889.131.000) 12/16 11:07:54 Image size of job updated: 24768
	25  -  MemoryUsage of job (MB)
	24768  -  ResidentSetSize of job (KB)
...
006 (10610889.131.000) 12/16 11:12:55 Image size of job updated: 25188
	25  -  MemoryUsage of job (MB)
	24768  -  ResidentSetSize of job (KB)
...
006 (10610889.131.000) 12/16 13:47:23 Image size of job updated: 116584
	25  -  MemoryUsage of job (MB)
	24768  -  ResidentSetSize of job (KB)
...
040 (10610889.131.000) 12/16 13:47:24 Started transferring output files
...
040 (10610889.131.000) 12/16 13:47:24 Finished transferring output files
...
005 (10610889.131.000) 12/16 13:47:24 Job terminated.
	(1) Normal termination (return value 0)
		Usr 0 02:38:17, Sys 0 00:00:09  -  Run Remote Usage
		Usr 0 00:00:00, Sys 0 00:00:00  -  Run Local Usage
		Usr 0 02:38:17, Sys 0 00:00:09  -  Total Remote Usage
		Usr 0 00:00:00, Sys 0 00:00:00  -  Total Local Usage
	0  -  Run Bytes Sent By Job
	7584148  -  Run Bytes Received By Job
	0  -  Total Bytes Sent By Job
	7584148  -  Total Bytes Received By Job
	Partitionable Resources :    Usage  Request Allocated 
	   Cpus                 :     0.99        4         4 
	   Disk (KB)            : 33125        7500     11029 
	   GPUs                 :                           0 
	   Memory (MB)          :    25       12000     12000 
	   TimeExecute (s)      :  9583                       
	   TimeSlotBusy (s)     :  9585                       

	Job terminated of its own accord at 2025-12-16T12:47:23Z with exit-code 0.
...
