000 (10610889.255.000) 12/16 07:15:00 Job submitted from host: <188.185.71.83:9618?addrs=188.185.71.83-9618+[2001-1458-d00-7--100-34d]-9618&alias=bigbird18.cern.ch&noUDP&sock=schedd_5052_d48c>
...
040 (10610889.255.000) 12/16 13:31:35 Started transferring input files
	Transferring to host: <188.185.196.183:9618?addrs=188.185.196.183-9618+[2001-1458-303-23--100-b3]-9618&alias=b9p16p7145.cern.ch&noUDP&sock=slot1_14_5724_d362_86531>
...
040 (10610889.255.000) 12/16 13:31:35 Finished transferring input files
...
001 (10610889.255.000) 12/16 13:31:35 Job executing on host: <188.185.196.183:9618?addrs=188.185.196.183-9618+[2001-1458-303-23--100-b3]-9618&alias=b9p16p7145.cern.ch&noUDP&sock=startd_4527_b953>
	SlotName: slot1_14@b9p16p7145.cern.ch
	CondorScratchDir = "/pool/condor/dir_2291312"
	Cpus = 4
	Disk = 11030
	GPUs = 0
	Memory = 12000
...
006 (10610889.255.000) 12/16 13:31:49 Image size of job updated: 38016
	38  -  MemoryUsage of job (MB)
	38016  -  ResidentSetSize of job (KB)
...
006 (10610889.255.000) 12/16 13:36:50 Image size of job updated: 38436
	38  -  MemoryUsage of job (MB)
	38016  -  ResidentSetSize of job (KB)
...
006 (10610889.255.000) 12/16 16:00:56 Image size of job updated: 118960
	38  -  MemoryUsage of job (MB)
	38016  -  ResidentSetSize of job (KB)
...
040 (10610889.255.000) 12/16 16:00:57 Started transferring output files
...
040 (10610889.255.000) 12/16 16:00:58 Finished transferring output files
...
005 (10610889.255.000) 12/16 16:00:58 Job terminated.
	(1) Normal termination (return value 0)
		Usr 0 02:27:44, Sys 0 00:00:11  -  Run Remote Usage
		Usr 0 00:00:00, Sys 0 00:00:00  -  Run Local Usage
		Usr 0 02:27:44, Sys 0 00:00:11  -  Total Remote Usage
		Usr 0 00:00:00, Sys 0 00:00:00  -  Total Local Usage
	0  -  Run Bytes Sent By Job
	7584148  -  Run Bytes Received By Job
	0  -  Total Bytes Sent By Job
	7584148  -  Total Bytes Received By Job
	Partitionable Resources :    Usage  Request Allocated 
	   Cpus                 :     0.99        4         4 
	   Disk (KB)            : 32833        7500     11030 
	   GPUs                 :                           0 
	   Memory (MB)          :    38       12000     12000 
	   TimeExecute (s)      :  8961                       
	   TimeSlotBusy (s)     :  8964                       

	Job terminated of its own accord at 2025-12-16T15:00:56Z with exit-code 0.
...
