000 (10610888.202.000) 12/16 07:14:44 Job submitted from host: <188.185.71.83:9618?addrs=188.185.71.83-9618+[2001-1458-d00-7--100-34d]-9618&alias=bigbird18.cern.ch&noUDP&sock=schedd_5052_d48c>
...
040 (10610888.202.000) 12/16 09:05:13 Started transferring input files
	Transferring to host: <188.185.214.84:9618?addrs=188.185.214.84-9618+[2001-1458-303-1c--100-50]-9618&alias=b9p29p0222.cern.ch&noUDP&sock=slot1_19_4144_92a2_108485>
...
040 (10610888.202.000) 12/16 09:05:13 Finished transferring input files
...
001 (10610888.202.000) 12/16 09:05:13 Job executing on host: <188.185.214.84:9618?addrs=188.185.214.84-9618+[2001-1458-303-1c--100-50]-9618&alias=b9p29p0222.cern.ch&noUDP&sock=startd_3504_07f1>
	SlotName: slot1_19@b9p29p0222.cern.ch
	CondorScratchDir = "/pool/condor/dir_3930902"
	Cpus = 4
	Disk = 11066
	GPUs = 0
	Memory = 12000
...
006 (10610888.202.000) 12/16 09:05:27 Image size of job updated: 39588
	39  -  MemoryUsage of job (MB)
	39588  -  ResidentSetSize of job (KB)
...
006 (10610888.202.000) 12/16 09:10:27 Image size of job updated: 40008
	39  -  MemoryUsage of job (MB)
	39588  -  ResidentSetSize of job (KB)
...
040 (10610888.202.000) 12/16 10:17:53 Started transferring output files
...
040 (10610888.202.000) 12/16 10:17:54 Finished transferring output files
...
005 (10610888.202.000) 12/16 10:17:54 Job terminated.
	(1) Normal termination (return value 0)
		Usr 0 01:11:54, Sys 0 00:00:06  -  Run Remote Usage
		Usr 0 00:00:00, Sys 0 00:00:00  -  Run Local Usage
		Usr 0 01:11:54, Sys 0 00:00:06  -  Total Remote Usage
		Usr 0 00:00:00, Sys 0 00:00:00  -  Total Local Usage
	0  -  Run Bytes Sent By Job
	7584148  -  Run Bytes Received By Job
	0  -  Total Bytes Sent By Job
	7584148  -  Total Bytes Received By Job
	Partitionable Resources :    Usage  Request Allocated 
	   Cpus                 :     0.99        4         4 
	   Disk (KB)            : 32572        7500     11066 
	   GPUs                 :                           0 
	   Memory (MB)          :    39       12000     12000 
	   TimeExecute (s)      :  4360                       
	   TimeSlotBusy (s)     :  4361                       

	Job terminated of its own accord at 2025-12-16T09:17:53Z with exit-code 0.
...
