000 (10613550.110.000) 12/16 14:40:59 Job submitted from host: <188.185.71.83:9618?addrs=188.185.71.83-9618+[2001-1458-d00-7--100-34d]-9618&alias=bigbird18.cern.ch&noUDP&sock=schedd_5052_d48c>
...
040 (10613550.110.000) 12/16 15:36:58 Started transferring input files
	Transferring to host: <188.185.207.140:9618?addrs=188.185.207.140-9618+[2001-1458-303-e--100-9]-9618&alias=b9p08p7307.cern.ch&noUDP&sock=slot1_12_10187_69b7_81344>
...
040 (10613550.110.000) 12/16 15:36:58 Finished transferring input files
...
001 (10613550.110.000) 12/16 15:36:58 Job executing on host: <188.185.207.140:9618?addrs=188.185.207.140-9618+[2001-1458-303-e--100-9]-9618&alias=b9p08p7307.cern.ch&noUDP&sock=startd_8867_9a5a>
	SlotName: slot1_12@b9p08p7307.cern.ch
	CondorScratchDir = "/pool/condor/dir_1528170"
	Cpus = 4
	Disk = 10672
	GPUs = 0
	Memory = 12000
...
006 (10613550.110.000) 12/16 15:37:12 Image size of job updated: 43808
	43  -  MemoryUsage of job (MB)
	43808  -  ResidentSetSize of job (KB)
...
006 (10613550.110.000) 12/16 15:42:12 Image size of job updated: 44192
	43  -  MemoryUsage of job (MB)
	43808  -  ResidentSetSize of job (KB)
...
006 (10613550.110.000) 12/16 16:55:35 Image size of job updated: 124844
	43  -  MemoryUsage of job (MB)
	43808  -  ResidentSetSize of job (KB)
...
040 (10613550.110.000) 12/16 16:55:35 Started transferring output files
...
040 (10613550.110.000) 12/16 16:55:36 Finished transferring output files
...
005 (10613550.110.000) 12/16 16:55:36 Job terminated.
	(1) Normal termination (return value 0)
		Usr 0 01:17:31, Sys 0 00:00:06  -  Run Remote Usage
		Usr 0 00:00:00, Sys 0 00:00:00  -  Run Local Usage
		Usr 0 01:17:31, Sys 0 00:00:06  -  Total Remote Usage
		Usr 0 00:00:00, Sys 0 00:00:00  -  Total Local Usage
	0  -  Run Bytes Sent By Job
	7584148  -  Run Bytes Received By Job
	0  -  Total Bytes Sent By Job
	7584148  -  Total Bytes Received By Job
	Partitionable Resources :    Usage  Request Allocated 
	   Cpus                 :     0.99        4         4 
	   Disk (KB)            : 32765        7500     10672 
	   GPUs                 :                           0 
	   Memory (MB)          :    43       12000     12000 
	   TimeExecute (s)      :  4717                       
	   TimeSlotBusy (s)     :  4718                       

	Job terminated of its own accord at 2025-12-16T15:55:35Z with exit-code 0.
...
