000 (10610887.700.000) 12/16 07:14:31 Job submitted from host: <188.185.71.83:9618?addrs=188.185.71.83-9618+[2001-1458-d00-7--100-34d]-9618&alias=bigbird18.cern.ch&noUDP&sock=schedd_5052_d48c>
...
040 (10610887.700.000) 12/16 07:55:12 Started transferring input files
	Transferring to host: <188.185.194.122:9618?addrs=188.185.194.122-9618+[2001-1458-303-21--100-76]-9618&alias=b9p20p1245.cern.ch&noUDP&sock=slot1_26_7525_cb0b_83768>
...
040 (10610887.700.000) 12/16 07:55:12 Finished transferring input files
...
001 (10610887.700.000) 12/16 07:55:12 Job executing on host: <188.185.194.122:9618?addrs=188.185.194.122-9618+[2001-1458-303-21--100-76]-9618&alias=b9p20p1245.cern.ch&noUDP&sock=startd_6340_4a87>
	SlotName: slot1_26@b9p20p1245.cern.ch
	CondorScratchDir = "/pool/condor/dir_4022853"
	Cpus = 4
	Disk = 10919
	GPUs = 0
	Memory = 12000
...
006 (10610887.700.000) 12/16 07:55:26 Image size of job updated: 35468
	35  -  MemoryUsage of job (MB)
	35468  -  ResidentSetSize of job (KB)
...
006 (10610887.700.000) 12/16 08:00:27 Image size of job updated: 35888
	35  -  MemoryUsage of job (MB)
	35468  -  ResidentSetSize of job (KB)
...
006 (10610887.700.000) 12/16 10:21:01 Image size of job updated: 118460
	35  -  MemoryUsage of job (MB)
	35468  -  ResidentSetSize of job (KB)
...
040 (10610887.700.000) 12/16 10:21:08 Started transferring output files
...
040 (10610887.700.000) 12/16 10:21:17 Finished transferring output files
...
005 (10610887.700.000) 12/16 10:21:17 Job terminated.
	(1) Normal termination (return value 0)
		Usr 0 02:23:39, Sys 0 00:00:08  -  Run Remote Usage
		Usr 0 00:00:00, Sys 0 00:00:00  -  Run Local Usage
		Usr 0 02:23:39, Sys 0 00:00:08  -  Total Remote Usage
		Usr 0 00:00:00, Sys 0 00:00:00  -  Total Local Usage
	0  -  Run Bytes Sent By Job
	7584148  -  Run Bytes Received By Job
	0  -  Total Bytes Sent By Job
	7584148  -  Total Bytes Received By Job
	Partitionable Resources :    Usage  Request Allocated 
	   Cpus                 :     0.99        4         4 
	   Disk (KB)            : 32874        7500     10919 
	   GPUs                 :                           0 
	   Memory (MB)          :    35       12000     12000 
	   TimeExecute (s)      :  8749                       
	   TimeSlotBusy (s)     :  8765                       

	Job terminated of its own accord at 2025-12-16T09:21:01Z with exit-code 0.
...
