000 (10610889.699.000) 12/16 07:15:01 Job submitted from host: <188.185.71.83:9618?addrs=188.185.71.83-9618+[2001-1458-d00-7--100-34d]-9618&alias=bigbird18.cern.ch&noUDP&sock=schedd_5052_d48c>
...
040 (10610889.699.000) 12/16 14:25:41 Started transferring input files
	Transferring to host: <188.185.207.174:9618?addrs=188.185.207.174-9618+[2001-1458-303-e--100-2b]-9618&alias=b9p08p4180.cern.ch&noUDP&sock=slot1_10_2063111_1651_8774>
...
040 (10610889.699.000) 12/16 14:25:41 Finished transferring input files
...
001 (10610889.699.000) 12/16 14:25:41 Job executing on host: <188.185.207.174:9618?addrs=188.185.207.174-9618+[2001-1458-303-e--100-2b]-9618&alias=b9p08p4180.cern.ch&noUDP&sock=startd_2061254_5fed>
	SlotName: slot1_10@b9p08p4180.cern.ch
	CondorScratchDir = "/pool/condor/dir_2177552"
	Cpus = 4
	Disk = 10862
	GPUs = 0
	Memory = 12000
...
006 (10610889.699.000) 12/16 14:25:55 Image size of job updated: 37696
	37  -  MemoryUsage of job (MB)
	37696  -  ResidentSetSize of job (KB)
...
006 (10610889.699.000) 12/16 14:30:56 Image size of job updated: 38108
	37  -  MemoryUsage of job (MB)
	37696  -  ResidentSetSize of job (KB)
...
006 (10610889.699.000) 12/16 16:13:23 Image size of job updated: 49440
	37  -  MemoryUsage of job (MB)
	37696  -  ResidentSetSize of job (KB)
...
040 (10610889.699.000) 12/16 16:13:23 Started transferring output files
...
040 (10610889.699.000) 12/16 16:13:23 Finished transferring output files
...
005 (10610889.699.000) 12/16 16:13:24 Job terminated.
	(1) Normal termination (return value 0)
		Usr 0 01:45:34, Sys 0 00:00:18  -  Run Remote Usage
		Usr 0 00:00:00, Sys 0 00:00:00  -  Run Local Usage
		Usr 0 01:45:34, Sys 0 00:00:18  -  Total Remote Usage
		Usr 0 00:00:00, Sys 0 00:00:00  -  Total Local Usage
	0  -  Run Bytes Sent By Job
	7584148  -  Run Bytes Received By Job
	0  -  Total Bytes Sent By Job
	7584148  -  Total Bytes Received By Job
	Partitionable Resources :    Usage  Request Allocated 
	   Cpus                 :     0.99        4         4 
	   Disk (KB)            : 33327        7500     10862 
	   GPUs                 :                           0 
	   Memory (MB)          :    37       12000     12000 
	   TimeExecute (s)      :  6462                       
	   TimeSlotBusy (s)     :  6462                       

	Job terminated of its own accord at 2025-12-16T15:13:23Z with exit-code 0.
...
