000 (10613549.967.000) 12/16 14:40:45 Job submitted from host: <188.185.71.83:9618?addrs=188.185.71.83-9618+[2001-1458-d00-7--100-34d]-9618&alias=bigbird18.cern.ch&noUDP&sock=schedd_5052_d48c>
...
040 (10613549.967.000) 12/16 15:35:05 Started transferring input files
	Transferring to host: <188.185.207.38:9618?addrs=188.185.207.38-9618+[2001-1458-303-d--100-23]-9618&alias=b9p07p9496.cern.ch&noUDP&sock=slot1_10_706385_e28e_17924>
...
040 (10613549.967.000) 12/16 15:35:05 Finished transferring input files
...
001 (10613549.967.000) 12/16 15:35:05 Job executing on host: <188.185.207.38:9618?addrs=188.185.207.38-9618+[2001-1458-303-d--100-23]-9618&alias=b9p07p9496.cern.ch&noUDP&sock=startd_5476_a8b4>
	SlotName: slot1_10@b9p07p9496.cern.ch
	CondorScratchDir = "/pool/condor/dir_2531290"
	Cpus = 4
	Disk = 10987
	GPUs = 0
	Memory = 12000
...
006 (10613549.967.000) 12/16 15:35:19 Image size of job updated: 37696
	37  -  MemoryUsage of job (MB)
	37696  -  ResidentSetSize of job (KB)
...
006 (10613549.967.000) 12/16 15:40:20 Image size of job updated: 38076
	37  -  MemoryUsage of job (MB)
	37696  -  ResidentSetSize of job (KB)
...
006 (10613549.967.000) 12/16 17:12:31 Image size of job updated: 118716
	37  -  MemoryUsage of job (MB)
	37696  -  ResidentSetSize of job (KB)
...
040 (10613549.967.000) 12/16 17:12:32 Started transferring output files
...
040 (10613549.967.000) 12/16 17:12:32 Finished transferring output files
...
005 (10613549.967.000) 12/16 17:12:32 Job terminated.
	(1) Normal termination (return value 0)
		Usr 0 01:35:59, Sys 0 00:00:09  -  Run Remote Usage
		Usr 0 00:00:00, Sys 0 00:00:00  -  Run Local Usage
		Usr 0 01:35:59, Sys 0 00:00:09  -  Total Remote Usage
		Usr 0 00:00:00, Sys 0 00:00:00  -  Total Local Usage
	0  -  Run Bytes Sent By Job
	7584148  -  Run Bytes Received By Job
	0  -  Total Bytes Sent By Job
	7584148  -  Total Bytes Received By Job
	Partitionable Resources :    Usage  Request Allocated 
	   Cpus                 :     0.99        4         4 
	   Disk (KB)            : 33369        7500     10987 
	   GPUs                 :                           0 
	   Memory (MB)          :    37       12000     12000 
	   TimeExecute (s)      :  5846                       
	   TimeSlotBusy (s)     :  5847                       

	Job terminated of its own accord at 2025-12-16T16:12:31Z with exit-code 0.
...
