000 (10613550.987.000) 12/16 14:41:00 Job submitted from host: <188.185.71.83:9618?addrs=188.185.71.83-9618+[2001-1458-d00-7--100-34d]-9618&alias=bigbird18.cern.ch&noUDP&sock=schedd_5052_d48c>
...
040 (10613550.987.000) 12/16 16:57:15 Started transferring input files
	Transferring to host: <188.185.210.214:9618?addrs=188.185.210.214-9618+[2001-1458-303-15--100-52]-9618&alias=b9p22p2908.cern.ch&noUDP&sock=slot1_14_5592_d1dc_93583>
...
040 (10613550.987.000) 12/16 16:57:15 Finished transferring input files
...
001 (10613550.987.000) 12/16 16:57:15 Job executing on host: <188.185.210.214:9618?addrs=188.185.210.214-9618+[2001-1458-303-15--100-52]-9618&alias=b9p22p2908.cern.ch&noUDP&sock=startd_4797_ebe6>
	SlotName: slot1_14@b9p22p2908.cern.ch
	CondorScratchDir = "/pool/condor/dir_3044979"
	Cpus = 4
	Disk = 10969
	GPUs = 0
	Memory = 12000
...
006 (10613550.987.000) 12/16 16:57:29 Image size of job updated: 38012
	38  -  MemoryUsage of job (MB)
	38012  -  ResidentSetSize of job (KB)
...
006 (10613550.987.000) 12/16 18:20:50 Image size of job updated: 118684
	38  -  MemoryUsage of job (MB)
	38012  -  ResidentSetSize of job (KB)
...
040 (10613550.987.000) 12/16 18:20:51 Started transferring output files
...
040 (10613550.987.000) 12/16 18:20:51 Finished transferring output files
...
005 (10613550.987.000) 12/16 18:20:51 Job terminated.
	(1) Normal termination (return value 0)
		Usr 0 01:22:26, Sys 0 00:00:12  -  Run Remote Usage
		Usr 0 00:00:00, Sys 0 00:00:00  -  Run Local Usage
		Usr 0 01:22:26, Sys 0 00:00:12  -  Total Remote Usage
		Usr 0 00:00:00, Sys 0 00:00:00  -  Total Local Usage
	0  -  Run Bytes Sent By Job
	7584148  -  Run Bytes Received By Job
	0  -  Total Bytes Sent By Job
	7584148  -  Total Bytes Received By Job
	Partitionable Resources :    Usage  Request Allocated 
	   Cpus                 :     0.99        4         4 
	   Disk (KB)            : 33433        7500     10969 
	   GPUs                 :                           0 
	   Memory (MB)          :    38       12000     12000 
	   TimeExecute (s)      :  5015                       
	   TimeSlotBusy (s)     :  5016                       

	Job terminated of its own accord at 2025-12-16T17:20:50Z with exit-code 0.
...
