000 (10613549.983.000) 12/16 14:40:45 Job submitted from host: <188.185.71.83:9618?addrs=188.185.71.83-9618+[2001-1458-d00-7--100-34d]-9618&alias=bigbird18.cern.ch&noUDP&sock=schedd_5052_d48c>
...
040 (10613549.983.000) 12/16 15:35:10 Started transferring input files
	Transferring to host: <188.185.212.164:9618?addrs=188.185.212.164-9618+[2001-1458-303-19--100-20]-9618&alias=b9p26p6759.cern.ch&noUDP&sock=slot1_5_4763_b6db_92880>
...
040 (10613549.983.000) 12/16 15:35:10 Finished transferring input files
...
001 (10613549.983.000) 12/16 15:35:10 Job executing on host: <188.185.212.164:9618?addrs=188.185.212.164-9618+[2001-1458-303-19--100-20]-9618&alias=b9p26p6759.cern.ch&noUDP&sock=startd_3973_b9dc>
	SlotName: slot1_5@b9p26p6759.cern.ch
	CondorScratchDir = "/pool/condor/dir_1660483"
	Cpus = 4
	Disk = 10972
	GPUs = 0
	Memory = 12000
...
006 (10613549.983.000) 12/16 15:35:24 Image size of job updated: 40072
	40  -  MemoryUsage of job (MB)
	40072  -  ResidentSetSize of job (KB)
...
006 (10613549.983.000) 12/16 15:40:25 Image size of job updated: 40492
	40  -  MemoryUsage of job (MB)
	40072  -  ResidentSetSize of job (KB)
...
040 (10613549.983.000) 12/16 16:54:40 Started transferring output files
...
040 (10613549.983.000) 12/16 16:54:40 Finished transferring output files
...
005 (10613549.983.000) 12/16 16:54:40 Job terminated.
	(1) Normal termination (return value 0)
		Usr 0 01:18:23, Sys 0 00:00:09  -  Run Remote Usage
		Usr 0 00:00:00, Sys 0 00:00:00  -  Run Local Usage
		Usr 0 01:18:23, Sys 0 00:00:09  -  Total Remote Usage
		Usr 0 00:00:00, Sys 0 00:00:00  -  Total Local Usage
	0  -  Run Bytes Sent By Job
	7584148  -  Run Bytes Received By Job
	0  -  Total Bytes Sent By Job
	7584148  -  Total Bytes Received By Job
	Partitionable Resources :    Usage  Request Allocated 
	   Cpus                 :     0.99        4         4 
	   Disk (KB)            : 32409        7500     10972 
	   GPUs                 :                           0 
	   Memory (MB)          :    40       12000     12000 
	   TimeExecute (s)      :  4769                       
	   TimeSlotBusy (s)     :  4770                       

	Job terminated of its own accord at 2025-12-16T15:54:39Z with exit-code 0.
...
