000 (10613550.286.000) 12/16 14:40:59 Job submitted from host: <188.185.71.83:9618?addrs=188.185.71.83-9618+[2001-1458-d00-7--100-34d]-9618&alias=bigbird18.cern.ch&noUDP&sock=schedd_5052_d48c>
...
040 (10613550.286.000) 12/16 15:50:39 Started transferring input files
	Transferring to host: <188.185.205.142:9618?addrs=188.185.205.142-9618+[2001-1458-303-a--100-b]-9618&alias=b9p04p9108.cern.ch&noUDP&sock=slot1_3_4330_a069_79797>
...
001 (10613550.286.000) 12/16 15:50:40 Job executing on host: <188.185.205.142:9618?addrs=188.185.205.142-9618+[2001-1458-303-a--100-b]-9618&alias=b9p04p9108.cern.ch&noUDP&sock=startd_3861_e740>
	SlotName: slot1_3@b9p04p9108.cern.ch
	CondorScratchDir = "/pool/condor/dir_3343449"
	Cpus = 4
	Disk = 10979
	GPUs = 0
	Memory = 12000
...
040 (10613550.286.000) 12/16 15:50:40 Finished transferring input files
...
006 (10613550.286.000) 12/16 15:50:53 Image size of job updated: 42204
	42  -  MemoryUsage of job (MB)
	42204  -  ResidentSetSize of job (KB)
...
006 (10613550.286.000) 12/16 15:55:53 Image size of job updated: 42580
	42  -  MemoryUsage of job (MB)
	42204  -  ResidentSetSize of job (KB)
...
006 (10613550.286.000) 12/16 17:17:53 Image size of job updated: 123224
	42  -  MemoryUsage of job (MB)
	42204  -  ResidentSetSize of job (KB)
...
040 (10613550.286.000) 12/16 17:17:54 Started transferring output files
...
040 (10613550.286.000) 12/16 17:17:55 Finished transferring output files
...
005 (10613550.286.000) 12/16 17:17:55 Job terminated.
	(1) Normal termination (return value 0)
		Usr 0 01:25:55, Sys 0 00:00:06  -  Run Remote Usage
		Usr 0 00:00:00, Sys 0 00:00:00  -  Run Local Usage
		Usr 0 01:25:55, Sys 0 00:00:06  -  Total Remote Usage
		Usr 0 00:00:00, Sys 0 00:00:00  -  Total Local Usage
	0  -  Run Bytes Sent By Job
	7584148  -  Run Bytes Received By Job
	0  -  Total Bytes Sent By Job
	7584148  -  Total Bytes Received By Job
	Partitionable Resources :    Usage  Request Allocated 
	   Cpus                 :     0.99        4         4 
	   Disk (KB)            : 33067        7500     10979 
	   GPUs                 :                           0 
	   Memory (MB)          :    42       12000     12000 
	   TimeExecute (s)      :  5233                       
	   TimeSlotBusy (s)     :  5236                       

	Job terminated of its own accord at 2025-12-16T16:17:53Z with exit-code 0.
...
