000 (10610888.922.000) 12/16 07:14:45 Job submitted from host: <188.185.71.83:9618?addrs=188.185.71.83-9618+[2001-1458-d00-7--100-34d]-9618&alias=bigbird18.cern.ch&noUDP&sock=schedd_5052_d48c>
...
040 (10610888.922.000) 12/16 09:56:21 Started transferring input files
	Transferring to host: <128.142.161.74:9618?addrs=128.142.161.74-9618+[2001-1458-301-b8--100-8]-9618&alias=b9g03p5829.cern.ch&noUDP&sock=slot1_6_1222910_797a_98620>
...
040 (10610888.922.000) 12/16 09:56:21 Finished transferring input files
...
001 (10610888.922.000) 12/16 09:56:21 Job executing on host: <128.142.161.74:9618?addrs=128.142.161.74-9618+[2001-1458-301-b8--100-8]-9618&alias=b9g03p5829.cern.ch&noUDP&sock=startd_3698_1950>
	SlotName: slot1_6@b9g03p5829.cern.ch
	CondorScratchDir = "/pool/condor/dir_3910722"
	Cpus = 4
	Disk = 11256
	GPUs = 0
	Memory = 12000
...
006 (10610888.922.000) 12/16 09:56:34 Image size of job updated: 24716
	25  -  MemoryUsage of job (MB)
	24716  -  ResidentSetSize of job (KB)
...
006 (10610888.922.000) 12/16 10:01:34 Image size of job updated: 25136
	25  -  MemoryUsage of job (MB)
	24716  -  ResidentSetSize of job (KB)
...
006 (10610888.922.000) 12/16 11:26:42 Image size of job updated: 34436
	34  -  MemoryUsage of job (MB)
	34436  -  ResidentSetSize of job (KB)
...
006 (10610888.922.000) 12/16 11:31:43 Image size of job updated: 36476
	36  -  MemoryUsage of job (MB)
	36476  -  ResidentSetSize of job (KB)
...
006 (10610888.922.000) 12/16 11:35:17 Image size of job updated: 43448
	36  -  MemoryUsage of job (MB)
	36476  -  ResidentSetSize of job (KB)
...
040 (10610888.922.000) 12/16 11:35:18 Started transferring output files
...
040 (10610888.922.000) 12/16 11:35:18 Finished transferring output files
...
005 (10610888.922.000) 12/16 11:35:18 Job terminated.
	(1) Normal termination (return value 0)
		Usr 0 01:37:51, Sys 0 00:00:06  -  Run Remote Usage
		Usr 0 00:00:00, Sys 0 00:00:00  -  Run Local Usage
		Usr 0 01:37:51, Sys 0 00:00:06  -  Total Remote Usage
		Usr 0 00:00:00, Sys 0 00:00:00  -  Total Local Usage
	0  -  Run Bytes Sent By Job
	7584148  -  Run Bytes Received By Job
	0  -  Total Bytes Sent By Job
	7584148  -  Total Bytes Received By Job
	Partitionable Resources :    Usage  Request Allocated 
	   Cpus                 :     0.98        4         4 
	   Disk (KB)            : 32930        7500     11256 
	   GPUs                 :                           0 
	   Memory (MB)          :    36       12000     12000 
	   TimeExecute (s)      :  5936                       
	   TimeSlotBusy (s)     :  5938                       

	Job terminated of its own accord at 2025-12-16T10:35:17Z with exit-code 0.
...
