000 (10610889.185.000) 12/16 07:15:00 Job submitted from host: <188.185.71.83:9618?addrs=188.185.71.83-9618+[2001-1458-d00-7--100-34d]-9618&alias=bigbird18.cern.ch&noUDP&sock=schedd_5052_d48c>
...
040 (10610889.185.000) 12/16 13:32:08 Started transferring input files
	Transferring to host: <188.185.214.60:9618?addrs=188.185.214.60-9618+[2001-1458-303-1c--100-38]-9618&alias=b9p29p6166.cern.ch&noUDP&sock=slot1_2_5771_f104_111999>
...
040 (10610889.185.000) 12/16 13:32:08 Finished transferring input files
...
001 (10610889.185.000) 12/16 13:32:08 Job executing on host: <188.185.214.60:9618?addrs=188.185.214.60-9618+[2001-1458-303-1c--100-38]-9618&alias=b9p29p6166.cern.ch&noUDP&sock=startd_4933_34c7>
	SlotName: slot1_2@b9p29p6166.cern.ch
	CondorScratchDir = "/pool/condor/dir_1116132"
	Cpus = 4
	Disk = 11070
	GPUs = 0
	Memory = 12000
...
006 (10610889.185.000) 12/16 13:32:21 Image size of job updated: 37996
	38  -  MemoryUsage of job (MB)
	37996  -  ResidentSetSize of job (KB)
...
006 (10610889.185.000) 12/16 13:37:21 Image size of job updated: 38416
	38  -  MemoryUsage of job (MB)
	37996  -  ResidentSetSize of job (KB)
...
006 (10610889.185.000) 12/16 13:57:24 Image size of job updated: 44992
	44  -  MemoryUsage of job (MB)
	44992  -  ResidentSetSize of job (KB)
...
006 (10610889.185.000) 12/16 14:12:26 Image size of job updated: 45164
	45  -  MemoryUsage of job (MB)
	45164  -  ResidentSetSize of job (KB)
...
040 (10610889.185.000) 12/16 14:48:16 Started transferring output files
...
040 (10610889.185.000) 12/16 14:48:17 Finished transferring output files
...
005 (10610889.185.000) 12/16 14:48:17 Job terminated.
	(1) Normal termination (return value 0)
		Usr 0 01:15:24, Sys 0 00:00:05  -  Run Remote Usage
		Usr 0 00:00:00, Sys 0 00:00:00  -  Run Local Usage
		Usr 0 01:15:24, Sys 0 00:00:05  -  Total Remote Usage
		Usr 0 00:00:00, Sys 0 00:00:00  -  Total Local Usage
	0  -  Run Bytes Sent By Job
	7584148  -  Run Bytes Received By Job
	0  -  Total Bytes Sent By Job
	7584148  -  Total Bytes Received By Job
	Partitionable Resources :    Usage  Request Allocated 
	   Cpus                 :     0.99        4         4 
	   Disk (KB)            : 32621        7500     11070 
	   GPUs                 :                           0 
	   Memory (MB)          :    45       12000     12000 
	   TimeExecute (s)      :  4568                       
	   TimeSlotBusy (s)     :  4570                       

	Job terminated of its own accord at 2025-12-16T13:48:16Z with exit-code 0.
...
