000 (10613550.141.000) 12/16 14:40:59 Job submitted from host: <188.185.71.83:9618?addrs=188.185.71.83-9618+[2001-1458-d00-7--100-34d]-9618&alias=bigbird18.cern.ch&noUDP&sock=schedd_5052_d48c>
...
040 (10613550.141.000) 12/16 15:40:43 Started transferring input files
	Transferring to host: <188.185.214.84:9618?addrs=188.185.214.84-9618+[2001-1458-303-1c--100-50]-9618&alias=b9p29p0222.cern.ch&noUDP&sock=slot1_5_4144_92a2_108885>
...
040 (10613550.141.000) 12/16 15:40:43 Finished transferring input files
...
001 (10613550.141.000) 12/16 15:40:43 Job executing on host: <188.185.214.84:9618?addrs=188.185.214.84-9618+[2001-1458-303-1c--100-50]-9618&alias=b9p29p0222.cern.ch&noUDP&sock=startd_3504_07f1>
	SlotName: slot1_5@b9p29p0222.cern.ch
	CondorScratchDir = "/pool/condor/dir_118543"
	Cpus = 4
	Disk = 11025
	GPUs = 0
	Memory = 12000
...
006 (10613550.141.000) 12/16 15:40:57 Image size of job updated: 37468
	37  -  MemoryUsage of job (MB)
	37468  -  ResidentSetSize of job (KB)
...
006 (10613550.141.000) 12/16 15:45:58 Image size of job updated: 37888
	37  -  MemoryUsage of job (MB)
	37468  -  ResidentSetSize of job (KB)
...
006 (10613550.141.000) 12/16 16:46:06 Image size of job updated: 44472
	44  -  MemoryUsage of job (MB)
	44472  -  ResidentSetSize of job (KB)
...
006 (10613550.141.000) 12/16 16:55:25 Image size of job updated: 126248
	44  -  MemoryUsage of job (MB)
	44472  -  ResidentSetSize of job (KB)
...
040 (10613550.141.000) 12/16 16:55:25 Started transferring output files
...
040 (10613550.141.000) 12/16 16:55:25 Finished transferring output files
...
005 (10613550.141.000) 12/16 16:55:25 Job terminated.
	(1) Normal termination (return value 0)
		Usr 0 01:13:58, Sys 0 00:00:05  -  Run Remote Usage
		Usr 0 00:00:00, Sys 0 00:00:00  -  Run Local Usage
		Usr 0 01:13:58, Sys 0 00:00:05  -  Total Remote Usage
		Usr 0 00:00:00, Sys 0 00:00:00  -  Total Local Usage
	0  -  Run Bytes Sent By Job
	7584148  -  Run Bytes Received By Job
	0  -  Total Bytes Sent By Job
	7584148  -  Total Bytes Received By Job
	Partitionable Resources :    Usage  Request Allocated 
	   Cpus                 :     0.99        4         4 
	   Disk (KB)            : 32211        7500     11025 
	   GPUs                 :                           0 
	   Memory (MB)          :    44       12000     12000 
	   TimeExecute (s)      :  4482                       
	   TimeSlotBusy (s)     :  4482                       

	Job terminated of its own accord at 2025-12-16T15:55:25Z with exit-code 0.
...
