000 (10613549.308.000) 12/16 14:40:44 Job submitted from host: <188.185.71.83:9618?addrs=188.185.71.83-9618+[2001-1458-d00-7--100-34d]-9618&alias=bigbird18.cern.ch&noUDP&sock=schedd_5052_d48c>
...
040 (10613549.308.000) 12/16 15:29:18 Started transferring input files
	Transferring to host: <188.185.195.80:9618?addrs=188.185.195.80-9618+[2001-1458-303-22--100-4c]-9618&alias=b9p17p6061.cern.ch&noUDP&sock=slot1_12_3212_e4fc_83243>
...
040 (10613549.308.000) 12/16 15:29:18 Finished transferring input files
...
001 (10613549.308.000) 12/16 15:29:18 Job executing on host: <188.185.195.80:9618?addrs=188.185.195.80-9618+[2001-1458-303-22--100-4c]-9618&alias=b9p17p6061.cern.ch&noUDP&sock=startd_2526_3451>
	SlotName: slot1_12@b9p17p6061.cern.ch
	CondorScratchDir = "/pool/condor/dir_4154401"
	Cpus = 4
	Disk = 10988
	GPUs = 0
	Memory = 12000
...
006 (10613549.308.000) 12/16 15:29:32 Image size of job updated: 37472
	37  -  MemoryUsage of job (MB)
	37472  -  ResidentSetSize of job (KB)
...
006 (10613549.308.000) 12/16 15:34:33 Image size of job updated: 37892
	37  -  MemoryUsage of job (MB)
	37472  -  ResidentSetSize of job (KB)
...
006 (10613549.308.000) 12/16 17:52:47 Image size of job updated: 118424
	37  -  MemoryUsage of job (MB)
	37472  -  ResidentSetSize of job (KB)
...
040 (10613549.308.000) 12/16 17:52:48 Started transferring output files
...
040 (10613549.308.000) 12/16 17:52:48 Finished transferring output files
...
005 (10613549.308.000) 12/16 17:52:48 Job terminated.
	(1) Normal termination (return value 0)
		Usr 0 02:22:13, Sys 0 00:00:09  -  Run Remote Usage
		Usr 0 00:00:00, Sys 0 00:00:00  -  Run Local Usage
		Usr 0 02:22:13, Sys 0 00:00:09  -  Total Remote Usage
		Usr 0 00:00:00, Sys 0 00:00:00  -  Total Local Usage
	0  -  Run Bytes Sent By Job
	7584148  -  Run Bytes Received By Job
	0  -  Total Bytes Sent By Job
	7584148  -  Total Bytes Received By Job
	Partitionable Resources :    Usage  Request Allocated 
	   Cpus                 :     0.99        4         4 
	   Disk (KB)            : 33201        7500     10988 
	   GPUs                 :                           0 
	   Memory (MB)          :    37       12000     12000 
	   TimeExecute (s)      :  8609                       
	   TimeSlotBusy (s)     :  8611                       

	Job terminated of its own accord at 2025-12-16T16:52:47Z with exit-code 0.
...
