000 (10613549.306.000) 12/16 14:40:44 Job submitted from host: <188.185.71.83:9618?addrs=188.185.71.83-9618+[2001-1458-d00-7--100-34d]-9618&alias=bigbird18.cern.ch&noUDP&sock=schedd_5052_d48c>
...
040 (10613549.306.000) 12/16 15:29:17 Started transferring input files
	Transferring to host: <188.185.212.194:9618?addrs=188.185.212.194-9618+[2001-1458-303-19--100-3e]-9618&alias=b9p26p9258.cern.ch&noUDP&sock=slot1_4_1699358_3129_10427>
...
040 (10613549.306.000) 12/16 15:29:17 Finished transferring input files
...
001 (10613549.306.000) 12/16 15:29:17 Job executing on host: <188.185.212.194:9618?addrs=188.185.212.194-9618+[2001-1458-303-19--100-3e]-9618&alias=b9p26p9258.cern.ch&noUDP&sock=startd_8269_6cb8>
	SlotName: slot1_4@b9p26p9258.cern.ch
	CondorScratchDir = "/pool/condor/dir_3414036"
	Cpus = 4
	Disk = 10953
	GPUs = 0
	Memory = 12000
...
006 (10613549.306.000) 12/16 15:29:31 Image size of job updated: 37508
	37  -  MemoryUsage of job (MB)
	37508  -  ResidentSetSize of job (KB)
...
006 (10613549.306.000) 12/16 15:34:32 Image size of job updated: 37928
	37  -  MemoryUsage of job (MB)
	37508  -  ResidentSetSize of job (KB)
...
040 (10613549.306.000) 12/16 16:54:23 Started transferring output files
...
040 (10613549.306.000) 12/16 16:54:23 Finished transferring output files
...
005 (10613549.306.000) 12/16 16:54:23 Job terminated.
	(1) Normal termination (return value 0)
		Usr 0 01:23:45, Sys 0 00:00:12  -  Run Remote Usage
		Usr 0 00:00:00, Sys 0 00:00:00  -  Run Local Usage
		Usr 0 01:23:45, Sys 0 00:00:12  -  Total Remote Usage
		Usr 0 00:00:00, Sys 0 00:00:00  -  Total Local Usage
	0  -  Run Bytes Sent By Job
	7584148  -  Run Bytes Received By Job
	0  -  Total Bytes Sent By Job
	7584148  -  Total Bytes Received By Job
	Partitionable Resources :    Usage  Request Allocated 
	   Cpus                 :     0.99        4         4 
	   Disk (KB)            : 33413        7500     10953 
	   GPUs                 :                           0 
	   Memory (MB)          :    37       12000     12000 
	   TimeExecute (s)      :  5106                       
	   TimeSlotBusy (s)     :  5107                       

	Job terminated of its own accord at 2025-12-16T15:54:23Z with exit-code 0.
...
