000 (10613549.190.000) 12/16 14:40:44 Job submitted from host: <188.185.71.83:9618?addrs=188.185.71.83-9618+[2001-1458-d00-7--100-34d]-9618&alias=bigbird18.cern.ch&noUDP&sock=schedd_5052_d48c>
...
040 (10613549.190.000) 12/16 15:20:59 Started transferring input files
	Transferring to host: <188.185.215.104:9618?addrs=188.185.215.104-9618+[2001-1458-303-1e--100-64]-9618&alias=b9p31p5492.cern.ch&noUDP&sock=slot1_8_3087_d217_95865>
...
040 (10613549.190.000) 12/16 15:20:59 Finished transferring input files
...
001 (10613549.190.000) 12/16 15:20:59 Job executing on host: <188.185.215.104:9618?addrs=188.185.215.104-9618+[2001-1458-303-1e--100-64]-9618&alias=b9p31p5492.cern.ch&noUDP&sock=startd_2613_e10f>
	SlotName: slot1_8@b9p31p5492.cern.ch
	CondorScratchDir = "/pool/condor/dir_950655"
	Cpus = 4
	Disk = 10973
	GPUs = 0
	Memory = 12000
...
006 (10613549.190.000) 12/16 15:21:13 Image size of job updated: 35188
	35  -  MemoryUsage of job (MB)
	35188  -  ResidentSetSize of job (KB)
...
006 (10613549.190.000) 12/16 15:26:14 Image size of job updated: 35280
	35  -  MemoryUsage of job (MB)
	35188  -  ResidentSetSize of job (KB)
...
006 (10613549.190.000) 12/16 16:55:02 Image size of job updated: 119932
	35  -  MemoryUsage of job (MB)
	35188  -  ResidentSetSize of job (KB)
...
040 (10613549.190.000) 12/16 16:55:03 Started transferring output files
...
040 (10613549.190.000) 12/16 16:55:03 Finished transferring output files
...
005 (10613549.190.000) 12/16 16:55:03 Job terminated.
	(1) Normal termination (return value 0)
		Usr 0 01:32:23, Sys 0 00:00:15  -  Run Remote Usage
		Usr 0 00:00:00, Sys 0 00:00:00  -  Run Local Usage
		Usr 0 01:32:23, Sys 0 00:00:15  -  Total Remote Usage
		Usr 0 00:00:00, Sys 0 00:00:00  -  Total Local Usage
	0  -  Run Bytes Sent By Job
	7584148  -  Run Bytes Received By Job
	0  -  Total Bytes Sent By Job
	7584148  -  Total Bytes Received By Job
	Partitionable Resources :    Usage  Request Allocated 
	   Cpus                 :     0.99        4         4 
	   Disk (KB)            : 32886        7500     10973 
	   GPUs                 :                           0 
	   Memory (MB)          :    35       12000     12000 
	   TimeExecute (s)      :  5643                       
	   TimeSlotBusy (s)     :  5644                       

	Job terminated of its own accord at 2025-12-16T15:55:02Z with exit-code 0.
...
