000 (10613550.889.000) 12/16 14:41:00 Job submitted from host: <188.185.71.83:9618?addrs=188.185.71.83-9618+[2001-1458-d00-7--100-34d]-9618&alias=bigbird18.cern.ch&noUDP&sock=schedd_5052_d48c>
...
040 (10613550.889.000) 12/16 16:53:07 Started transferring input files
	Transferring to host: <128.142.192.189:9618?addrs=128.142.192.189-9618+[2001-1458-301-56--100-39]-9618&alias=b9g18p5594.cern.ch&noUDP&sock=slot1_19_3205_f65b_93022>
...
040 (10613550.889.000) 12/16 16:53:07 Finished transferring input files
...
001 (10613550.889.000) 12/16 16:53:07 Job executing on host: <128.142.192.189:9618?addrs=128.142.192.189-9618+[2001-1458-301-56--100-39]-9618&alias=b9g18p5594.cern.ch&noUDP&sock=startd_2702_ecfc>
	SlotName: slot1_19@b9g18p5594.cern.ch
	CondorScratchDir = "/pool/condor/dir_1897699"
	Cpus = 4
	Disk = 10876
	GPUs = 0
	Memory = 12000
...
006 (10613550.889.000) 12/16 16:53:21 Image size of job updated: 37708
	37  -  MemoryUsage of job (MB)
	37708  -  ResidentSetSize of job (KB)
...
006 (10613550.889.000) 12/16 16:58:22 Image size of job updated: 37800
	37  -  MemoryUsage of job (MB)
	37708  -  ResidentSetSize of job (KB)
...
006 (10613550.889.000) 12/16 19:08:13 Image size of job updated: 118392
	37  -  MemoryUsage of job (MB)
	37708  -  ResidentSetSize of job (KB)
...
040 (10613550.889.000) 12/16 19:08:14 Started transferring output files
...
040 (10613550.889.000) 12/16 19:08:15 Finished transferring output files
...
005 (10613550.889.000) 12/16 19:08:15 Job terminated.
	(1) Normal termination (return value 0)
		Usr 0 02:12:37, Sys 0 00:00:22  -  Run Remote Usage
		Usr 0 00:00:00, Sys 0 00:00:00  -  Run Local Usage
		Usr 0 02:12:37, Sys 0 00:00:22  -  Total Remote Usage
		Usr 0 00:00:00, Sys 0 00:00:00  -  Total Local Usage
	0  -  Run Bytes Sent By Job
	7584148  -  Run Bytes Received By Job
	0  -  Total Bytes Sent By Job
	7584148  -  Total Bytes Received By Job
	Partitionable Resources :    Usage  Request Allocated 
	   Cpus                 :     1.00        4         4 
	   Disk (KB)            : 33352        7500     10876 
	   GPUs                 :                           0 
	   Memory (MB)          :    37       12000     12000 
	   TimeExecute (s)      :  8106                       
	   TimeSlotBusy (s)     :  8108                       

	Job terminated of its own accord at 2025-12-16T18:08:13Z with exit-code 0.
...
