000 (10613550.544.000) 12/16 14:40:59 Job submitted from host: <188.185.71.83:9618?addrs=188.185.71.83-9618+[2001-1458-d00-7--100-34d]-9618&alias=bigbird18.cern.ch&noUDP&sock=schedd_5052_d48c>
...
040 (10613550.544.000) 12/16 16:27:37 Started transferring input files
	Transferring to host: <128.142.132.164:9618?addrs=128.142.132.164-9618+[2001-1458-301-5a--100-98]-9618&alias=b9g12p4179.cern.ch&noUDP&sock=slot1_2_1454264_4bfa_11554>
...
040 (10613550.544.000) 12/16 16:27:37 Finished transferring input files
...
001 (10613550.544.000) 12/16 16:27:37 Job executing on host: <128.142.132.164:9618?addrs=128.142.132.164-9618+[2001-1458-301-5a--100-98]-9618&alias=b9g12p4179.cern.ch&noUDP&sock=startd_1453968_b0cb>
	SlotName: slot1_2@b9g12p4179.cern.ch
	CondorScratchDir = "/pool/condor/dir_1348820"
	Cpus = 4
	Disk = 9870
	GPUs = 0
	Memory = 12000
...
006 (10613550.544.000) 12/16 16:27:50 Image size of job updated: 39384
	39  -  MemoryUsage of job (MB)
	39384  -  ResidentSetSize of job (KB)
...
006 (10613550.544.000) 12/16 16:32:50 Image size of job updated: 39740
	39  -  MemoryUsage of job (MB)
	39384  -  ResidentSetSize of job (KB)
...
006 (10613550.544.000) 12/16 18:30:24 Image size of job updated: 119820
	39  -  MemoryUsage of job (MB)
	39384  -  ResidentSetSize of job (KB)
...
040 (10613550.544.000) 12/16 18:30:25 Started transferring output files
...
040 (10613550.544.000) 12/16 18:30:25 Finished transferring output files
...
005 (10613550.544.000) 12/16 18:30:25 Job terminated.
	(1) Normal termination (return value 0)
		Usr 0 02:01:31, Sys 0 00:00:13  -  Run Remote Usage
		Usr 0 00:00:00, Sys 0 00:00:00  -  Run Local Usage
		Usr 0 02:01:31, Sys 0 00:00:13  -  Total Remote Usage
		Usr 0 00:00:00, Sys 0 00:00:00  -  Total Local Usage
	0  -  Run Bytes Sent By Job
	7584148  -  Run Bytes Received By Job
	0  -  Total Bytes Sent By Job
	7584148  -  Total Bytes Received By Job
	Partitionable Resources :    Usage  Request Allocated 
	   Cpus                 :     0.99        4         4 
	   Disk (KB)            : 32682        7500      9870 
	   GPUs                 :                           0 
	   Memory (MB)          :    39       12000     12000 
	   TimeExecute (s)      :  7367                       
	   TimeSlotBusy (s)     :  7369                       

	Job terminated of its own accord at 2025-12-16T17:30:24Z with exit-code 0.
...
