000 (10613549.493.000) 12/16 14:40:45 Job submitted from host: <188.185.71.83:9618?addrs=188.185.71.83-9618+[2001-1458-d00-7--100-34d]-9618&alias=bigbird18.cern.ch&noUDP&sock=schedd_5052_d48c>
...
040 (10613549.493.000) 12/16 15:30:18 Started transferring input files
	Transferring to host: <188.185.205.199:9618?addrs=188.185.205.199-9618+[2001-1458-303-a--100-44]-9618&alias=b9p04p8089.cern.ch&noUDP&sock=slot1_7_10764_f62f_78441>
...
040 (10613549.493.000) 12/16 15:30:18 Finished transferring input files
...
001 (10613549.493.000) 12/16 15:30:19 Job executing on host: <188.185.205.199:9618?addrs=188.185.205.199-9618+[2001-1458-303-a--100-44]-9618&alias=b9p04p8089.cern.ch&noUDP&sock=startd_9502_28fe>
	SlotName: slot1_7@b9p04p8089.cern.ch
	CondorScratchDir = "/pool/condor/dir_1300577"
	Cpus = 4
	Disk = 10755
	GPUs = 0
	Memory = 12000
...
006 (10613549.493.000) 12/16 15:30:33 Image size of job updated: 43704
	43  -  MemoryUsage of job (MB)
	43704  -  ResidentSetSize of job (KB)
...
006 (10613549.493.000) 12/16 15:35:34 Image size of job updated: 44084
	43  -  MemoryUsage of job (MB)
	43704  -  ResidentSetSize of job (KB)
...
006 (10613549.493.000) 12/16 16:59:23 Image size of job updated: 124724
	43  -  MemoryUsage of job (MB)
	43704  -  ResidentSetSize of job (KB)
...
040 (10613549.493.000) 12/16 16:59:24 Started transferring output files
...
040 (10613549.493.000) 12/16 16:59:24 Finished transferring output files
...
005 (10613549.493.000) 12/16 16:59:24 Job terminated.
	(1) Normal termination (return value 0)
		Usr 0 01:27:00, Sys 0 00:00:12  -  Run Remote Usage
		Usr 0 00:00:00, Sys 0 00:00:00  -  Run Local Usage
		Usr 0 01:27:00, Sys 0 00:00:12  -  Total Remote Usage
		Usr 0 00:00:00, Sys 0 00:00:00  -  Total Local Usage
	0  -  Run Bytes Sent By Job
	7584148  -  Run Bytes Received By Job
	0  -  Total Bytes Sent By Job
	7584148  -  Total Bytes Received By Job
	Partitionable Resources :    Usage  Request Allocated 
	   Cpus                 :     0.99        4         4 
	   Disk (KB)            : 33054        7500     10755 
	   GPUs                 :                           0 
	   Memory (MB)          :    43       12000     12000 
	   TimeExecute (s)      :  5344                       
	   TimeSlotBusy (s)     :  5346                       

	Job terminated of its own accord at 2025-12-16T15:59:23Z with exit-code 0.
...
