000 (10610887.302.000) 12/16 07:14:31 Job submitted from host: <188.185.71.83:9618?addrs=188.185.71.83-9618+[2001-1458-d00-7--100-34d]-9618&alias=bigbird18.cern.ch&noUDP&sock=schedd_5052_d48c>
...
040 (10610887.302.000) 12/16 07:49:28 Started transferring input files
	Transferring to host: <188.185.195.177:9618?addrs=188.185.195.177-9618+[2001-1458-303-22--100-ad]-9618&alias=b9p17p5043.cern.ch&noUDP&sock=slot1_1_5118_d809_84601>
...
040 (10610887.302.000) 12/16 07:49:28 Finished transferring input files
...
001 (10610887.302.000) 12/16 07:49:28 Job executing on host: <188.185.195.177:9618?addrs=188.185.195.177-9618+[2001-1458-303-22--100-ad]-9618&alias=b9p17p5043.cern.ch&noUDP&sock=startd_4017_e806>
	SlotName: slot1_1@b9p17p5043.cern.ch
	CondorScratchDir = "/pool/condor/dir_1953108"
	Cpus = 4
	Disk = 10984
	GPUs = 0
	Memory = 12000
...
006 (10610887.302.000) 12/16 07:49:42 Image size of job updated: 24736
	25  -  MemoryUsage of job (MB)
	24736  -  ResidentSetSize of job (KB)
...
006 (10610887.302.000) 12/16 07:54:44 Image size of job updated: 25156
	25  -  MemoryUsage of job (MB)
	24736  -  ResidentSetSize of job (KB)
...
040 (10610887.302.000) 12/16 10:37:35 Started transferring output files
...
040 (10610887.302.000) 12/16 10:37:35 Finished transferring output files
...
005 (10610887.302.000) 12/16 10:37:35 Job terminated.
	(1) Normal termination (return value 0)
		Usr 0 02:46:15, Sys 0 00:00:11  -  Run Remote Usage
		Usr 0 00:00:00, Sys 0 00:00:00  -  Run Local Usage
		Usr 0 02:46:15, Sys 0 00:00:11  -  Total Remote Usage
		Usr 0 00:00:00, Sys 0 00:00:00  -  Total Local Usage
	0  -  Run Bytes Sent By Job
	7584148  -  Run Bytes Received By Job
	0  -  Total Bytes Sent By Job
	7584148  -  Total Bytes Received By Job
	Partitionable Resources :    Usage  Request Allocated 
	   Cpus                 :     0.99        4         4 
	   Disk (KB)            : 33085        7500     10984 
	   GPUs                 :                           0 
	   Memory (MB)          :    25       12000     12000 
	   TimeExecute (s)      : 10086                       
	   TimeSlotBusy (s)     : 10088                       

	Job terminated of its own accord at 2025-12-16T09:37:34Z with exit-code 0.
...
