000 (10613549.714.000) 12/16 14:40:45 Job submitted from host: <188.185.71.83:9618?addrs=188.185.71.83-9618+[2001-1458-d00-7--100-34d]-9618&alias=bigbird18.cern.ch&noUDP&sock=schedd_5052_d48c>
...
040 (10613549.714.000) 12/16 15:31:32 Started transferring input files
	Transferring to host: <188.185.195.111:9618?addrs=188.185.195.111-9618+[2001-1458-303-22--100-6b]-9618&alias=b9p17p0693.cern.ch&noUDP&sock=slot1_11_5778_dfa4_85603>
...
040 (10613549.714.000) 12/16 15:31:32 Finished transferring input files
...
001 (10613549.714.000) 12/16 15:31:32 Job executing on host: <188.185.195.111:9618?addrs=188.185.195.111-9618+[2001-1458-303-22--100-6b]-9618&alias=b9p17p0693.cern.ch&noUDP&sock=startd_4542_033f>
	SlotName: slot1_11@b9p17p0693.cern.ch
	CondorScratchDir = "/pool/condor/dir_1028554"
	Cpus = 4
	Disk = 11053
	GPUs = 0
	Memory = 12000
...
006 (10613549.714.000) 12/16 15:31:46 Image size of job updated: 42124
	42  -  MemoryUsage of job (MB)
	42124  -  ResidentSetSize of job (KB)
...
006 (10613549.714.000) 12/16 15:36:47 Image size of job updated: 42540
	42  -  MemoryUsage of job (MB)
	42124  -  ResidentSetSize of job (KB)
...
040 (10613549.714.000) 12/16 17:32:06 Started transferring output files
...
040 (10613549.714.000) 12/16 17:32:06 Finished transferring output files
...
005 (10613549.714.000) 12/16 17:32:06 Job terminated.
	(1) Normal termination (return value 0)
		Usr 0 01:59:23, Sys 0 00:00:05  -  Run Remote Usage
		Usr 0 00:00:00, Sys 0 00:00:00  -  Run Local Usage
		Usr 0 01:59:23, Sys 0 00:00:05  -  Total Remote Usage
		Usr 0 00:00:00, Sys 0 00:00:00  -  Total Local Usage
	0  -  Run Bytes Sent By Job
	7584148  -  Run Bytes Received By Job
	0  -  Total Bytes Sent By Job
	7584148  -  Total Bytes Received By Job
	Partitionable Resources :    Usage  Request Allocated 
	   Cpus                 :     0.99        4         4 
	   Disk (KB)            : 32384        7500     11053 
	   GPUs                 :                           0 
	   Memory (MB)          :    42       12000     12000 
	   TimeExecute (s)      :  7233                       
	   TimeSlotBusy (s)     :  7234                       

	Job terminated of its own accord at 2025-12-16T16:32:05Z with exit-code 0.
...
