000 (10610887.284.000) 12/16 07:14:31 Job submitted from host: <188.185.71.83:9618?addrs=188.185.71.83-9618+[2001-1458-d00-7--100-34d]-9618&alias=bigbird18.cern.ch&noUDP&sock=schedd_5052_d48c>
...
040 (10610887.284.000) 12/16 07:49:22 Started transferring input files
	Transferring to host: <188.185.192.62:9618?addrs=188.185.192.62-9618+[2001-1458-303-1f--100-3a]-9618&alias=b9p13p5310.cern.ch&noUDP&sock=slot1_22_11615_9171_87545>
...
040 (10610887.284.000) 12/16 07:49:22 Finished transferring input files
...
001 (10610887.284.000) 12/16 07:49:22 Job executing on host: <188.185.192.62:9618?addrs=188.185.192.62-9618+[2001-1458-303-1f--100-3a]-9618&alias=b9p13p5310.cern.ch&noUDP&sock=startd_10026_949e>
	SlotName: slot1_22@b9p13p5310.cern.ch
	CondorScratchDir = "/pool/condor/dir_1922907"
	Cpus = 4
	Disk = 11017
	GPUs = 0
	Memory = 12000
...
006 (10610887.284.000) 12/16 07:49:36 Image size of job updated: 37512
	37  -  MemoryUsage of job (MB)
	37512  -  ResidentSetSize of job (KB)
...
006 (10610887.284.000) 12/16 07:54:37 Image size of job updated: 37932
	37  -  MemoryUsage of job (MB)
	37512  -  ResidentSetSize of job (KB)
...
040 (10610887.284.000) 12/16 10:31:06 Started transferring output files
...
040 (10610887.284.000) 12/16 10:31:06 Finished transferring output files
...
005 (10610887.284.000) 12/16 10:31:06 Job terminated.
	(1) Normal termination (return value 0)
		Usr 0 02:39:22, Sys 0 00:00:10  -  Run Remote Usage
		Usr 0 00:00:00, Sys 0 00:00:00  -  Run Local Usage
		Usr 0 02:39:22, Sys 0 00:00:10  -  Total Remote Usage
		Usr 0 00:00:00, Sys 0 00:00:00  -  Total Local Usage
	0  -  Run Bytes Sent By Job
	7584148  -  Run Bytes Received By Job
	0  -  Total Bytes Sent By Job
	7584148  -  Total Bytes Received By Job
	Partitionable Resources :    Usage  Request Allocated 
	   Cpus                 :     0.99        4         4 
	   Disk (KB)            : 33091        7500     11017 
	   GPUs                 :                           0 
	   Memory (MB)          :    37       12000     12000 
	   TimeExecute (s)      :  9703                       
	   TimeSlotBusy (s)     :  9705                       

	Job terminated of its own accord at 2025-12-16T09:31:05Z with exit-code 0.
...
