000 (10613550.280.000) 12/16 14:40:59 Job submitted from host: <188.185.71.83:9618?addrs=188.185.71.83-9618+[2001-1458-d00-7--100-34d]-9618&alias=bigbird18.cern.ch&noUDP&sock=schedd_5052_d48c>
...
040 (10613550.280.000) 12/16 15:50:16 Started transferring input files
	Transferring to host: <188.185.214.159:9618?addrs=188.185.214.159-9618+[2001-1458-303-1d--100-1b]-9618&alias=b9p30p1838.cern.ch&noUDP&sock=slot1_10_2452645_0771_11622>
...
040 (10613550.280.000) 12/16 15:50:16 Finished transferring input files
...
001 (10613550.280.000) 12/16 15:50:16 Job executing on host: <188.185.214.159:9618?addrs=188.185.214.159-9618+[2001-1458-303-1d--100-1b]-9618&alias=b9p30p1838.cern.ch&noUDP&sock=startd_2452592_b14f>
	SlotName: slot1_10@b9p30p1838.cern.ch
	CondorScratchDir = "/pool/condor/dir_1105210"
	Cpus = 4
	Disk = 11015
	GPUs = 0
	Memory = 12000
...
006 (10613550.280.000) 12/16 15:50:30 Image size of job updated: 37492
	37  -  MemoryUsage of job (MB)
	37492  -  ResidentSetSize of job (KB)
...
006 (10613550.280.000) 12/16 15:55:30 Image size of job updated: 37912
	37  -  MemoryUsage of job (MB)
	37492  -  ResidentSetSize of job (KB)
...
006 (10613550.280.000) 12/16 17:08:38 Image size of job updated: 118444
	37  -  MemoryUsage of job (MB)
	37492  -  ResidentSetSize of job (KB)
...
040 (10613550.280.000) 12/16 17:08:39 Started transferring output files
...
040 (10613550.280.000) 12/16 17:08:39 Finished transferring output files
...
005 (10613550.280.000) 12/16 17:08:39 Job terminated.
	(1) Normal termination (return value 0)
		Usr 0 01:17:24, Sys 0 00:00:07  -  Run Remote Usage
		Usr 0 00:00:00, Sys 0 00:00:00  -  Run Local Usage
		Usr 0 01:17:24, Sys 0 00:00:07  -  Total Remote Usage
		Usr 0 00:00:00, Sys 0 00:00:00  -  Total Local Usage
	0  -  Run Bytes Sent By Job
	7584148  -  Run Bytes Received By Job
	0  -  Total Bytes Sent By Job
	7584148  -  Total Bytes Received By Job
	Partitionable Resources :    Usage  Request Allocated 
	   Cpus                 :     0.99        4         4 
	   Disk (KB)            : 33337        7500     11015 
	   GPUs                 :                           0 
	   Memory (MB)          :    37       12000     12000 
	   TimeExecute (s)      :  4702                       
	   TimeSlotBusy (s)     :  4703                       

	Job terminated of its own accord at 2025-12-16T16:08:38Z with exit-code 0.
...
