000 (10610887.517.000) 12/16 07:14:31 Job submitted from host: <188.185.71.83:9618?addrs=188.185.71.83-9618+[2001-1458-d00-7--100-34d]-9618&alias=bigbird18.cern.ch&noUDP&sock=schedd_5052_d48c>
...
040 (10610887.517.000) 12/16 07:50:39 Started transferring input files
	Transferring to host: <188.185.214.18:9618?addrs=188.185.214.18-9618+[2001-1458-303-1c--100-e]-9618&alias=b9p29p4113.cern.ch&noUDP&sock=slot1_8_1188321_651c_13581>
...
040 (10610887.517.000) 12/16 07:50:39 Finished transferring input files
...
001 (10610887.517.000) 12/16 07:50:39 Job executing on host: <188.185.214.18:9618?addrs=188.185.214.18-9618+[2001-1458-303-1c--100-e]-9618&alias=b9p29p4113.cern.ch&noUDP&sock=startd_7200_2dfa>
	SlotName: slot1_8@b9p29p4113.cern.ch
	CondorScratchDir = "/pool/condor/dir_3482663"
	Cpus = 4
	Disk = 10922
	GPUs = 0
	Memory = 12000
...
006 (10610887.517.000) 12/16 07:50:53 Image size of job updated: 37500
	37  -  MemoryUsage of job (MB)
	37500  -  ResidentSetSize of job (KB)
...
006 (10610887.517.000) 12/16 07:55:54 Image size of job updated: 37920
	37  -  MemoryUsage of job (MB)
	37500  -  ResidentSetSize of job (KB)
...
006 (10610887.517.000) 12/16 09:27:25 Image size of job updated: 118452
	37  -  MemoryUsage of job (MB)
	37500  -  ResidentSetSize of job (KB)
...
040 (10610887.517.000) 12/16 09:27:25 Started transferring output files
...
040 (10610887.517.000) 12/16 09:27:26 Finished transferring output files
...
005 (10610887.517.000) 12/16 09:27:26 Job terminated.
	(1) Normal termination (return value 0)
		Usr 0 01:34:59, Sys 0 00:00:16  -  Run Remote Usage
		Usr 0 00:00:00, Sys 0 00:00:00  -  Run Local Usage
		Usr 0 01:34:59, Sys 0 00:00:16  -  Total Remote Usage
		Usr 0 00:00:00, Sys 0 00:00:00  -  Total Local Usage
	0  -  Run Bytes Sent By Job
	7584148  -  Run Bytes Received By Job
	0  -  Total Bytes Sent By Job
	7584148  -  Total Bytes Received By Job
	Partitionable Resources :    Usage  Request Allocated 
	   Cpus                 :     0.98        4         4 
	   Disk (KB)            : 33877        7500     10922 
	   GPUs                 :                           0 
	   Memory (MB)          :    37       12000     12000 
	   TimeExecute (s)      :  5806                       
	   TimeSlotBusy (s)     :  5807                       

	Job terminated of its own accord at 2025-12-16T08:27:25Z with exit-code 0.
...
