000 (10613549.557.000) 12/16 14:40:45 Job submitted from host: <188.185.71.83:9618?addrs=188.185.71.83-9618+[2001-1458-d00-7--100-34d]-9618&alias=bigbird18.cern.ch&noUDP&sock=schedd_5052_d48c>
...
040 (10613549.557.000) 12/16 15:30:40 Started transferring input files
	Transferring to host: <188.185.208.136:9618?addrs=188.185.208.136-9618+[2001-1458-303-10--100-5]-9618&alias=b9p10p5730.cern.ch&noUDP&sock=slot1_13_11251_18e3_82838>
...
040 (10613549.557.000) 12/16 15:30:40 Finished transferring input files
...
001 (10613549.557.000) 12/16 15:30:40 Job executing on host: <188.185.208.136:9618?addrs=188.185.208.136-9618+[2001-1458-303-10--100-5]-9618&alias=b9p10p5730.cern.ch&noUDP&sock=startd_10843_f97f>
	SlotName: slot1_13@b9p10p5730.cern.ch
	CondorScratchDir = "/pool/condor/dir_575014"
	Cpus = 4
	Disk = 10916
	GPUs = 0
	Memory = 12000
...
006 (10613549.557.000) 12/16 15:30:54 Image size of job updated: 45076
	45  -  MemoryUsage of job (MB)
	45076  -  ResidentSetSize of job (KB)
...
006 (10613549.557.000) 12/16 15:35:55 Image size of job updated: 45108
	45  -  MemoryUsage of job (MB)
	45076  -  ResidentSetSize of job (KB)
...
006 (10613549.557.000) 12/16 17:05:27 Image size of job updated: 125596
	45  -  MemoryUsage of job (MB)
	45076  -  ResidentSetSize of job (KB)
...
040 (10613549.557.000) 12/16 17:05:28 Started transferring output files
...
040 (10613549.557.000) 12/16 17:05:28 Finished transferring output files
...
005 (10613549.557.000) 12/16 17:05:28 Job terminated.
	(1) Normal termination (return value 0)
		Usr 0 01:33:20, Sys 0 00:00:09  -  Run Remote Usage
		Usr 0 00:00:00, Sys 0 00:00:00  -  Run Local Usage
		Usr 0 01:33:20, Sys 0 00:00:09  -  Total Remote Usage
		Usr 0 00:00:00, Sys 0 00:00:00  -  Total Local Usage
	0  -  Run Bytes Sent By Job
	7584148  -  Run Bytes Received By Job
	0  -  Total Bytes Sent By Job
	7584148  -  Total Bytes Received By Job
	Partitionable Resources :    Usage  Request Allocated 
	   Cpus                 :     0.99        4         4 
	   Disk (KB)            : 32800        7500     10916 
	   GPUs                 :                           0 
	   Memory (MB)          :    45       12000     12000 
	   TimeExecute (s)      :  5687                       
	   TimeSlotBusy (s)     :  5688                       

	Job terminated of its own accord at 2025-12-16T16:05:27Z with exit-code 0.
...
