000 (10610887.052.000) 12/16 07:14:31 Job submitted from host: <188.185.71.83:9618?addrs=188.185.71.83-9618+[2001-1458-d00-7--100-34d]-9618&alias=bigbird18.cern.ch&noUDP&sock=schedd_5052_d48c>
...
040 (10610887.052.000) 12/16 07:20:35 Started transferring input files
	Transferring to host: <188.185.209.229:9618?addrs=188.185.209.229-9618+[2001-1458-303-12--100-62]-9618&alias=b9p12p8471.cern.ch&noUDP&sock=slot1_21_10714_bb6d_76100>
...
040 (10610887.052.000) 12/16 07:20:35 Finished transferring input files
...
001 (10610887.052.000) 12/16 07:20:35 Job executing on host: <188.185.209.229:9618?addrs=188.185.209.229-9618+[2001-1458-303-12--100-62]-9618&alias=b9p12p8471.cern.ch&noUDP&sock=startd_9495_5bd4>
	SlotName: slot1_21@b9p12p8471.cern.ch
	CondorScratchDir = "/pool/condor/dir_4107813"
	Cpus = 4
	Disk = 10896
	GPUs = 0
	Memory = 12000
...
006 (10610887.052.000) 12/16 07:20:49 Image size of job updated: 42100
	42  -  MemoryUsage of job (MB)
	42100  -  ResidentSetSize of job (KB)
...
006 (10610887.052.000) 12/16 07:25:50 Image size of job updated: 42504
	42  -  MemoryUsage of job (MB)
	42100  -  ResidentSetSize of job (KB)
...
040 (10610887.052.000) 12/16 08:50:17 Started transferring output files
...
040 (10610887.052.000) 12/16 08:50:17 Finished transferring output files
...
005 (10610887.052.000) 12/16 08:50:17 Job terminated.
	(1) Normal termination (return value 0)
		Usr 0 01:28:10, Sys 0 00:00:06  -  Run Remote Usage
		Usr 0 00:00:00, Sys 0 00:00:00  -  Run Local Usage
		Usr 0 01:28:10, Sys 0 00:00:06  -  Total Remote Usage
		Usr 0 00:00:00, Sys 0 00:00:00  -  Total Local Usage
	0  -  Run Bytes Sent By Job
	7584148  -  Run Bytes Received By Job
	0  -  Total Bytes Sent By Job
	7584148  -  Total Bytes Received By Job
	Partitionable Resources :    Usage  Request Allocated 
	   Cpus                 :     0.99        4         4 
	   Disk (KB)            : 32163        7500     10896 
	   GPUs                 :                           0 
	   Memory (MB)          :    42       12000     12000 
	   TimeExecute (s)      :  5381                       
	   TimeSlotBusy (s)     :  5382                       

	Job terminated of its own accord at 2025-12-16T07:50:16Z with exit-code 0.
...
