000 (10610888.953.000) 12/16 07:14:45 Job submitted from host: <188.185.71.83:9618?addrs=188.185.71.83-9618+[2001-1458-d00-7--100-34d]-9618&alias=bigbird18.cern.ch&noUDP&sock=schedd_5052_d48c>
...
040 (10610888.953.000) 12/16 10:04:44 Started transferring input files
	Transferring to host: <128.142.161.85:9618?addrs=128.142.161.85-9618+[2001-1458-301-b8--100-13]-9618&alias=b9g03p2079.cern.ch&noUDP&sock=slot1_16_4109_e980_103395>
...
040 (10610888.953.000) 12/16 10:04:44 Finished transferring input files
...
001 (10610888.953.000) 12/16 10:04:44 Job executing on host: <128.142.161.85:9618?addrs=128.142.161.85-9618+[2001-1458-301-b8--100-13]-9618&alias=b9g03p2079.cern.ch&noUDP&sock=startd_3251_7e7b>
	SlotName: slot1_16@b9g03p2079.cern.ch
	CondorScratchDir = "/pool/condor/dir_3229219"
	Cpus = 4
	Disk = 11142
	GPUs = 0
	Memory = 12000
...
006 (10610888.953.000) 12/16 10:04:58 Image size of job updated: 38004
	38  -  MemoryUsage of job (MB)
	38004  -  ResidentSetSize of job (KB)
...
006 (10610888.953.000) 12/16 10:09:59 Image size of job updated: 38424
	38  -  MemoryUsage of job (MB)
	38004  -  ResidentSetSize of job (KB)
...
006 (10610888.953.000) 12/16 10:45:01 Image size of job updated: 43552
	43  -  MemoryUsage of job (MB)
	43552  -  ResidentSetSize of job (KB)
...
006 (10610888.953.000) 12/16 10:55:02 Image size of job updated: 43724
	43  -  MemoryUsage of job (MB)
	43724  -  ResidentSetSize of job (KB)
...
006 (10610888.953.000) 12/16 11:37:23 Image size of job updated: 125500
	43  -  MemoryUsage of job (MB)
	43724  -  ResidentSetSize of job (KB)
...
040 (10610888.953.000) 12/16 11:37:24 Started transferring output files
...
040 (10610888.953.000) 12/16 11:37:24 Finished transferring output files
...
005 (10610888.953.000) 12/16 11:37:24 Job terminated.
	(1) Normal termination (return value 0)
		Usr 0 01:32:04, Sys 0 00:00:04  -  Run Remote Usage
		Usr 0 00:00:00, Sys 0 00:00:00  -  Run Local Usage
		Usr 0 01:32:04, Sys 0 00:00:04  -  Total Remote Usage
		Usr 0 00:00:00, Sys 0 00:00:00  -  Total Local Usage
	0  -  Run Bytes Sent By Job
	7584148  -  Run Bytes Received By Job
	0  -  Total Bytes Sent By Job
	7584148  -  Total Bytes Received By Job
	Partitionable Resources :    Usage  Request Allocated 
	   Cpus                 :     0.99        4         4 
	   Disk (KB)            : 33168        7500     11142 
	   GPUs                 :                           0 
	   Memory (MB)          :    43       12000     12000 
	   TimeExecute (s)      :  5559                       
	   TimeSlotBusy (s)     :  5560                       

	Job terminated of its own accord at 2025-12-16T10:37:23Z with exit-code 0.
...
