000 (10610889.877.000) 12/16 07:15:01 Job submitted from host: <188.185.71.83:9618?addrs=188.185.71.83-9618+[2001-1458-d00-7--100-34d]-9618&alias=bigbird18.cern.ch&noUDP&sock=schedd_5052_d48c>
...
040 (10610889.877.000) 12/16 14:26:42 Started transferring input files
	Transferring to host: <188.185.213.24:9618?addrs=188.185.213.24-9618+[2001-1458-303-1a--100-14]-9618&alias=b9p27p6197.cern.ch&noUDP&sock=slot1_4_5349_9ab3_95064>
...
040 (10610889.877.000) 12/16 14:26:42 Finished transferring input files
...
001 (10610889.877.000) 12/16 14:26:42 Job executing on host: <188.185.213.24:9618?addrs=188.185.213.24-9618+[2001-1458-303-1a--100-14]-9618&alias=b9p27p6197.cern.ch&noUDP&sock=startd_4323_cc01>
	SlotName: slot1_4@b9p27p6197.cern.ch
	CondorScratchDir = "/pool/condor/dir_2259367"
	Cpus = 4
	Disk = 10956
	GPUs = 0
	Memory = 12000
...
006 (10610889.877.000) 12/16 14:26:56 Image size of job updated: 37492
	37  -  MemoryUsage of job (MB)
	37492  -  ResidentSetSize of job (KB)
...
006 (10610889.877.000) 12/16 14:31:57 Image size of job updated: 37912
	37  -  MemoryUsage of job (MB)
	37492  -  ResidentSetSize of job (KB)
...
006 (10610889.877.000) 12/16 15:47:52 Image size of job updated: 118440
	37  -  MemoryUsage of job (MB)
	37492  -  ResidentSetSize of job (KB)
...
040 (10610889.877.000) 12/16 15:47:52 Started transferring output files
...
040 (10610889.877.000) 12/16 15:47:53 Finished transferring output files
...
005 (10610889.877.000) 12/16 15:47:53 Job terminated.
	(1) Normal termination (return value 0)
		Usr 0 01:20:03, Sys 0 00:00:10  -  Run Remote Usage
		Usr 0 00:00:00, Sys 0 00:00:00  -  Run Local Usage
		Usr 0 01:20:03, Sys 0 00:00:10  -  Total Remote Usage
		Usr 0 00:00:00, Sys 0 00:00:00  -  Total Local Usage
	0  -  Run Bytes Sent By Job
	7584148  -  Run Bytes Received By Job
	0  -  Total Bytes Sent By Job
	7584148  -  Total Bytes Received By Job
	Partitionable Resources :    Usage  Request Allocated 
	   Cpus                 :     0.99        4         4 
	   Disk (KB)            : 33853        7500     10956 
	   GPUs                 :                           0 
	   Memory (MB)          :    37       12000     12000 
	   TimeExecute (s)      :  4870                       
	   TimeSlotBusy (s)     :  4872                       

	Job terminated of its own accord at 2025-12-16T14:47:52Z with exit-code 0.
...
