000 (10610888.336.000) 12/16 07:14:44 Job submitted from host: <188.185.71.83:9618?addrs=188.185.71.83-9618+[2001-1458-d00-7--100-34d]-9618&alias=bigbird18.cern.ch&noUDP&sock=schedd_5052_d48c>
...
040 (10610888.336.000) 12/16 09:17:47 Started transferring input files
	Transferring to host: <188.185.213.196:9618?addrs=188.185.213.196-9618+[2001-1458-303-1b--100-40]-9618&alias=b9p28p7375.cern.ch&noUDP&sock=slot1_25_8341_bd2c_108562>
...
040 (10610888.336.000) 12/16 09:17:47 Finished transferring input files
...
001 (10610888.336.000) 12/16 09:17:47 Job executing on host: <188.185.213.196:9618?addrs=188.185.213.196-9618+[2001-1458-303-1b--100-40]-9618&alias=b9p28p7375.cern.ch&noUDP&sock=startd_7229_1239>
	SlotName: slot1_25@b9p28p7375.cern.ch
	CondorScratchDir = "/pool/condor/dir_2821259"
	Cpus = 4
	Disk = 11165
	GPUs = 0
	Memory = 12000
...
006 (10610888.336.000) 12/16 09:18:01 Image size of job updated: 38008
	38  -  MemoryUsage of job (MB)
	38008  -  ResidentSetSize of job (KB)
...
006 (10610888.336.000) 12/16 09:23:02 Image size of job updated: 38100
	38  -  MemoryUsage of job (MB)
	38008  -  ResidentSetSize of job (KB)
...
040 (10610888.336.000) 12/16 10:34:47 Started transferring output files
...
040 (10610888.336.000) 12/16 10:34:47 Finished transferring output files
...
005 (10610888.336.000) 12/16 10:34:47 Job terminated.
	(1) Normal termination (return value 0)
		Usr 0 01:16:14, Sys 0 00:00:05  -  Run Remote Usage
		Usr 0 00:00:00, Sys 0 00:00:00  -  Run Local Usage
		Usr 0 01:16:14, Sys 0 00:00:05  -  Total Remote Usage
		Usr 0 00:00:00, Sys 0 00:00:00  -  Total Local Usage
	0  -  Run Bytes Sent By Job
	7584148  -  Run Bytes Received By Job
	0  -  Total Bytes Sent By Job
	7584148  -  Total Bytes Received By Job
	Partitionable Resources :    Usage  Request Allocated 
	   Cpus                 :     0.99        4         4 
	   Disk (KB)            : 33839        7500     11165 
	   GPUs                 :                           0 
	   Memory (MB)          :    38       12000     12000 
	   TimeExecute (s)      :  4619                       
	   TimeSlotBusy (s)     :  4620                       

	Job terminated of its own accord at 2025-12-16T09:34:46Z with exit-code 0.
...
