000 (10610888.456.000) 12/16 07:14:44 Job submitted from host: <188.185.71.83:9618?addrs=188.185.71.83-9618+[2001-1458-d00-7--100-34d]-9618&alias=bigbird18.cern.ch&noUDP&sock=schedd_5052_d48c>
...
040 (10610888.456.000) 12/16 09:25:39 Started transferring input files
	Transferring to host: <188.185.206.147:9618?addrs=188.185.206.147-9618+[2001-1458-303-c--100-10]-9618&alias=b9p06p5677.cern.ch&noUDP&sock=slot1_14_4070_6edf_87604>
...
040 (10610888.456.000) 12/16 09:25:39 Finished transferring input files
...
001 (10610888.456.000) 12/16 09:25:39 Job executing on host: <188.185.206.147:9618?addrs=188.185.206.147-9618+[2001-1458-303-c--100-10]-9618&alias=b9p06p5677.cern.ch&noUDP&sock=startd_3612_1c2b>
	SlotName: slot1_14@b9p06p5677.cern.ch
	CondorScratchDir = "/pool/condor/dir_2191517"
	Cpus = 4
	Disk = 10852
	GPUs = 0
	Memory = 12000
...
006 (10610888.456.000) 12/16 09:25:53 Image size of job updated: 37688
	37  -  MemoryUsage of job (MB)
	37688  -  ResidentSetSize of job (KB)
...
006 (10610888.456.000) 12/16 09:30:54 Image size of job updated: 38056
	37  -  MemoryUsage of job (MB)
	37688  -  ResidentSetSize of job (KB)
...
006 (10610888.456.000) 12/16 11:06:50 Image size of job updated: 118700
	37  -  MemoryUsage of job (MB)
	37688  -  ResidentSetSize of job (KB)
...
040 (10610888.456.000) 12/16 11:06:50 Started transferring output files
...
040 (10610888.456.000) 12/16 11:06:51 Finished transferring output files
...
005 (10610888.456.000) 12/16 11:06:51 Job terminated.
	(1) Normal termination (return value 0)
		Usr 0 01:39:40, Sys 0 00:00:08  -  Run Remote Usage
		Usr 0 00:00:00, Sys 0 00:00:00  -  Run Local Usage
		Usr 0 01:39:40, Sys 0 00:00:08  -  Total Remote Usage
		Usr 0 00:00:00, Sys 0 00:00:00  -  Total Local Usage
	0  -  Run Bytes Sent By Job
	7584148  -  Run Bytes Received By Job
	0  -  Total Bytes Sent By Job
	7584148  -  Total Bytes Received By Job
	Partitionable Resources :    Usage  Request Allocated 
	   Cpus                 :     0.99        4         4 
	   Disk (KB)            : 33192        7500     10852 
	   GPUs                 :                           0 
	   Memory (MB)          :    37       12000     12000 
	   TimeExecute (s)      :  6071                       
	   TimeSlotBusy (s)     :  6072                       

	Job terminated of its own accord at 2025-12-16T10:06:50Z with exit-code 0.
...
