000 (10610889.649.000) 12/16 07:15:01 Job submitted from host: <188.185.71.83:9618?addrs=188.185.71.83-9618+[2001-1458-d00-7--100-34d]-9618&alias=bigbird18.cern.ch&noUDP&sock=schedd_5052_d48c>
...
040 (10610889.649.000) 12/16 14:14:21 Started transferring input files
	Transferring to host: <188.185.210.104:9618?addrs=188.185.210.104-9618+[2001-1458-303-1--100-64]-9618&alias=b9p21p5559.cern.ch&noUDP&sock=slot1_11_5494_c518_116149>
...
040 (10610889.649.000) 12/16 14:14:21 Finished transferring input files
...
001 (10610889.649.000) 12/16 14:14:21 Job executing on host: <188.185.210.104:9618?addrs=188.185.210.104-9618+[2001-1458-303-1--100-64]-9618&alias=b9p21p5559.cern.ch&noUDP&sock=startd_4610_a7b0>
	SlotName: slot1_11@b9p21p5559.cern.ch
	CondorScratchDir = "/pool/condor/dir_812033"
	Cpus = 4
	Disk = 10953
	GPUs = 0
	Memory = 12000
...
006 (10610889.649.000) 12/16 14:14:35 Image size of job updated: 40072
	40  -  MemoryUsage of job (MB)
	40072  -  ResidentSetSize of job (KB)
...
006 (10610889.649.000) 12/16 14:19:36 Image size of job updated: 40492
	40  -  MemoryUsage of job (MB)
	40072  -  ResidentSetSize of job (KB)
...
006 (10610889.649.000) 12/16 15:31:18 Image size of job updated: 121016
	40  -  MemoryUsage of job (MB)
	40072  -  ResidentSetSize of job (KB)
...
040 (10610889.649.000) 12/16 15:31:18 Started transferring output files
...
040 (10610889.649.000) 12/16 15:31:18 Finished transferring output files
...
005 (10610889.649.000) 12/16 15:31:18 Job terminated.
	(1) Normal termination (return value 0)
		Usr 0 01:16:09, Sys 0 00:00:06  -  Run Remote Usage
		Usr 0 00:00:00, Sys 0 00:00:00  -  Run Local Usage
		Usr 0 01:16:09, Sys 0 00:00:06  -  Total Remote Usage
		Usr 0 00:00:00, Sys 0 00:00:00  -  Total Local Usage
	0  -  Run Bytes Sent By Job
	7584148  -  Run Bytes Received By Job
	0  -  Total Bytes Sent By Job
	7584148  -  Total Bytes Received By Job
	Partitionable Resources :    Usage  Request Allocated 
	   Cpus                 :     0.99        4         4 
	   Disk (KB)            : 32391        7500     10953 
	   GPUs                 :                           0 
	   Memory (MB)          :    40       12000     12000 
	   TimeExecute (s)      :  4617                       
	   TimeSlotBusy (s)     :  4617                       

	Job terminated of its own accord at 2025-12-16T14:31:18Z with exit-code 0.
...
