000 (10613550.851.000) 12/16 14:41:00 Job submitted from host: <188.185.71.83:9618?addrs=188.185.71.83-9618+[2001-1458-d00-7--100-34d]-9618&alias=bigbird18.cern.ch&noUDP&sock=schedd_5052_d48c>
...
040 (10613550.851.000) 12/16 16:51:47 Started transferring input files
	Transferring to host: <188.185.211.138:9618?addrs=188.185.211.138-9618+[2001-1458-303-17--100-6]-9618&alias=b9p24p4307.cern.ch&noUDP&sock=slot1_11_1313099_c8ae_12840>
...
040 (10613550.851.000) 12/16 16:51:47 Finished transferring input files
...
001 (10613550.851.000) 12/16 16:51:47 Job executing on host: <188.185.211.138:9618?addrs=188.185.211.138-9618+[2001-1458-303-17--100-6]-9618&alias=b9p24p4307.cern.ch&noUDP&sock=startd_1313061_3570>
	SlotName: slot1_11@b9p24p4307.cern.ch
	CondorScratchDir = "/pool/condor/dir_2545230"
	Cpus = 4
	Disk = 11086
	GPUs = 0
	Memory = 12000
...
006 (10613550.851.000) 12/16 16:52:01 Image size of job updated: 40068
	40  -  MemoryUsage of job (MB)
	40068  -  ResidentSetSize of job (KB)
...
006 (10613550.851.000) 12/16 16:57:01 Image size of job updated: 40488
	40  -  MemoryUsage of job (MB)
	40068  -  ResidentSetSize of job (KB)
...
040 (10613550.851.000) 12/16 18:15:27 Started transferring output files
...
040 (10613550.851.000) 12/16 18:15:27 Finished transferring output files
...
005 (10613550.851.000) 12/16 18:15:27 Job terminated.
	(1) Normal termination (return value 0)
		Usr 0 01:22:39, Sys 0 00:00:09  -  Run Remote Usage
		Usr 0 00:00:00, Sys 0 00:00:00  -  Run Local Usage
		Usr 0 01:22:39, Sys 0 00:00:09  -  Total Remote Usage
		Usr 0 00:00:00, Sys 0 00:00:00  -  Total Local Usage
	0  -  Run Bytes Sent By Job
	7584148  -  Run Bytes Received By Job
	0  -  Total Bytes Sent By Job
	7584148  -  Total Bytes Received By Job
	Partitionable Resources :    Usage  Request Allocated 
	   Cpus                 :     0.99        4         4 
	   Disk (KB)            : 33187        7500     11086 
	   GPUs                 :                           0 
	   Memory (MB)          :    40       12000     12000 
	   TimeExecute (s)      :  5019                       
	   TimeSlotBusy (s)     :  5020                       

	Job terminated of its own accord at 2025-12-16T17:15:26Z with exit-code 0.
...
