000 (10613549.740.000) 12/16 14:40:45 Job submitted from host: <188.185.71.83:9618?addrs=188.185.71.83-9618+[2001-1458-d00-7--100-34d]-9618&alias=bigbird18.cern.ch&noUDP&sock=schedd_5052_d48c>
...
040 (10613549.740.000) 12/16 15:31:42 Started transferring input files
	Transferring to host: <188.185.214.60:9618?addrs=188.185.214.60-9618+[2001-1458-303-1c--100-38]-9618&alias=b9p29p6166.cern.ch&noUDP&sock=slot1_4_5771_f104_112129>
...
040 (10613549.740.000) 12/16 15:31:42 Finished transferring input files
...
001 (10613549.740.000) 12/16 15:31:42 Job executing on host: <188.185.214.60:9618?addrs=188.185.214.60-9618+[2001-1458-303-1c--100-38]-9618&alias=b9p29p6166.cern.ch&noUDP&sock=startd_4933_34c7>
	SlotName: slot1_4@b9p29p6166.cern.ch
	CondorScratchDir = "/pool/condor/dir_1450917"
	Cpus = 4
	Disk = 10953
	GPUs = 0
	Memory = 12000
...
006 (10613549.740.000) 12/16 15:31:56 Image size of job updated: 37468
	37  -  MemoryUsage of job (MB)
	37468  -  ResidentSetSize of job (KB)
...
006 (10613549.740.000) 12/16 15:36:57 Image size of job updated: 37888
	37  -  MemoryUsage of job (MB)
	37468  -  ResidentSetSize of job (KB)
...
006 (10613549.740.000) 12/16 16:48:39 Image size of job updated: 118420
	37  -  MemoryUsage of job (MB)
	37468  -  ResidentSetSize of job (KB)
...
040 (10613549.740.000) 12/16 16:48:40 Started transferring output files
...
040 (10613549.740.000) 12/16 16:48:40 Finished transferring output files
...
005 (10613549.740.000) 12/16 16:48:40 Job terminated.
	(1) Normal termination (return value 0)
		Usr 0 01:16:02, Sys 0 00:00:05  -  Run Remote Usage
		Usr 0 00:00:00, Sys 0 00:00:00  -  Run Local Usage
		Usr 0 01:16:02, Sys 0 00:00:05  -  Total Remote Usage
		Usr 0 00:00:00, Sys 0 00:00:00  -  Total Local Usage
	0  -  Run Bytes Sent By Job
	7584148  -  Run Bytes Received By Job
	0  -  Total Bytes Sent By Job
	7584148  -  Total Bytes Received By Job
	Partitionable Resources :    Usage  Request Allocated 
	   Cpus                 :     0.99        4         4 
	   Disk (KB)            : 34039        7500     10953 
	   GPUs                 :                           0 
	   Memory (MB)          :    37       12000     12000 
	   TimeExecute (s)      :  4617                       
	   TimeSlotBusy (s)     :  4618                       

	Job terminated of its own accord at 2025-12-16T15:48:39Z with exit-code 0.
...
