000 (10613550.605.000) 12/16 14:40:59 Job submitted from host: <188.185.71.83:9618?addrs=188.185.71.83-9618+[2001-1458-d00-7--100-34d]-9618&alias=bigbird18.cern.ch&noUDP&sock=schedd_5052_d48c>
...
040 (10613550.605.000) 12/16 16:43:37 Started transferring input files
	Transferring to host: <188.185.213.226:9618?addrs=188.185.213.226-9618+[2001-1458-303-1b--100-5e]-9618&alias=b9p28p8143.cern.ch&noUDP&sock=slot1_19_5559_917b_111432>
...
040 (10613550.605.000) 12/16 16:43:37 Finished transferring input files
...
001 (10613550.605.000) 12/16 16:43:37 Job executing on host: <188.185.213.226:9618?addrs=188.185.213.226-9618+[2001-1458-303-1b--100-5e]-9618&alias=b9p28p8143.cern.ch&noUDP&sock=startd_4630_5f95>
	SlotName: slot1_19@b9p28p8143.cern.ch
	CondorScratchDir = "/pool/condor/dir_2082324"
	Cpus = 4
	Disk = 11104
	GPUs = 0
	Memory = 12000
...
006 (10613550.605.000) 12/16 16:43:50 Image size of job updated: 40580
	40  -  MemoryUsage of job (MB)
	40580  -  ResidentSetSize of job (KB)
...
006 (10613550.605.000) 12/16 16:48:50 Image size of job updated: 40672
	40  -  MemoryUsage of job (MB)
	40580  -  ResidentSetSize of job (KB)
...
006 (10613550.605.000) 12/16 17:28:53 Image size of job updated: 49012
	48  -  MemoryUsage of job (MB)
	49012  -  ResidentSetSize of job (KB)
...
006 (10613550.605.000) 12/16 17:39:15 Image size of job updated: 130792
	48  -  MemoryUsage of job (MB)
	49012  -  ResidentSetSize of job (KB)
...
040 (10613550.605.000) 12/16 17:39:16 Started transferring output files
...
040 (10613550.605.000) 12/16 17:39:16 Finished transferring output files
...
005 (10613550.605.000) 12/16 17:39:16 Job terminated.
	(1) Normal termination (return value 0)
		Usr 0 00:55:04, Sys 0 00:00:05  -  Run Remote Usage
		Usr 0 00:00:00, Sys 0 00:00:00  -  Run Local Usage
		Usr 0 00:55:04, Sys 0 00:00:05  -  Total Remote Usage
		Usr 0 00:00:00, Sys 0 00:00:00  -  Total Local Usage
	0  -  Run Bytes Sent By Job
	7584148  -  Run Bytes Received By Job
	0  -  Total Bytes Sent By Job
	7584148  -  Total Bytes Received By Job
	Partitionable Resources :    Usage  Request Allocated 
	   Cpus                 :     0.99        4         4 
	   Disk (KB)            : 33063        7500     11104 
	   GPUs                 :                           0 
	   Memory (MB)          :    48       12000     12000 
	   TimeExecute (s)      :  3338                       
	   TimeSlotBusy (s)     :  3340                       

	Job terminated of its own accord at 2025-12-16T16:39:15Z with exit-code 0.
...
