000 (10613550.381.000) 12/16 14:40:59 Job submitted from host: <188.185.71.83:9618?addrs=188.185.71.83-9618+[2001-1458-d00-7--100-34d]-9618&alias=bigbird18.cern.ch&noUDP&sock=schedd_5052_d48c>
...
040 (10613550.381.000) 12/16 16:00:04 Started transferring input files
	Transferring to host: <188.185.194.109:9618?addrs=188.185.194.109-9618+[2001-1458-303-21--100-69]-9618&alias=b9p20p6161.cern.ch&noUDP&sock=slot1_10_1311316_7fc5_11597>
...
040 (10613550.381.000) 12/16 16:00:04 Finished transferring input files
...
001 (10613550.381.000) 12/16 16:00:04 Job executing on host: <188.185.194.109:9618?addrs=188.185.194.109-9618+[2001-1458-303-21--100-69]-9618&alias=b9p20p6161.cern.ch&noUDP&sock=startd_1309911_921c>
	SlotName: slot1_10@b9p20p6161.cern.ch
	CondorScratchDir = "/pool/condor/dir_1942499"
	Cpus = 4
	Disk = 11106
	GPUs = 0
	Memory = 12000
...
006 (10613550.381.000) 12/16 16:00:18 Image size of job updated: 39576
	39  -  MemoryUsage of job (MB)
	39576  -  ResidentSetSize of job (KB)
...
006 (10613550.381.000) 12/16 16:05:18 Image size of job updated: 39996
	39  -  MemoryUsage of job (MB)
	39576  -  ResidentSetSize of job (KB)
...
040 (10613550.381.000) 12/16 18:31:40 Started transferring output files
...
040 (10613550.381.000) 12/16 18:31:41 Finished transferring output files
...
005 (10613550.381.000) 12/16 18:31:41 Job terminated.
	(1) Normal termination (return value 0)
		Usr 0 02:29:58, Sys 0 00:00:11  -  Run Remote Usage
		Usr 0 00:00:00, Sys 0 00:00:00  -  Run Local Usage
		Usr 0 02:29:58, Sys 0 00:00:11  -  Total Remote Usage
		Usr 0 00:00:00, Sys 0 00:00:00  -  Total Local Usage
	0  -  Run Bytes Sent By Job
	7584148  -  Run Bytes Received By Job
	0  -  Total Bytes Sent By Job
	7584148  -  Total Bytes Received By Job
	Partitionable Resources :    Usage  Request Allocated 
	   Cpus                 :     0.99        4         4 
	   Disk (KB)            : 33723        7500     11106 
	   GPUs                 :                           0 
	   Memory (MB)          :    39       12000     12000 
	   TimeExecute (s)      :  9095                       
	   TimeSlotBusy (s)     :  9097                       

	Job terminated of its own accord at 2025-12-16T17:31:39Z with exit-code 0.
...
