000 (10610887.292.000) 12/16 07:14:31 Job submitted from host: <188.185.71.83:9618?addrs=188.185.71.83-9618+[2001-1458-d00-7--100-34d]-9618&alias=bigbird18.cern.ch&noUDP&sock=schedd_5052_d48c>
...
040 (10610887.292.000) 12/16 07:49:25 Started transferring input files
	Transferring to host: <188.185.193.73:9618?addrs=188.185.193.73-9618+[2001-1458-303-20--100-45]-9618&alias=b9p19p2233.cern.ch&noUDP&sock=slot1_11_4136440_ee08_28772>
...
040 (10610887.292.000) 12/16 07:49:25 Finished transferring input files
...
001 (10610887.292.000) 12/16 07:49:25 Job executing on host: <188.185.193.73:9618?addrs=188.185.193.73-9618+[2001-1458-303-20--100-45]-9618&alias=b9p19p2233.cern.ch&noUDP&sock=startd_4193_a0b2>
	SlotName: slot1_11@b9p19p2233.cern.ch
	CondorScratchDir = "/pool/condor/dir_959035"
	Cpus = 4
	Disk = 10967
	GPUs = 0
	Memory = 12000
...
006 (10610887.292.000) 12/16 07:49:39 Image size of job updated: 36600
	36  -  MemoryUsage of job (MB)
	36600  -  ResidentSetSize of job (KB)
...
006 (10610887.292.000) 12/16 07:54:40 Image size of job updated: 37020
	36  -  MemoryUsage of job (MB)
	36600  -  ResidentSetSize of job (KB)
...
040 (10610887.292.000) 12/16 10:25:25 Started transferring output files
...
040 (10610887.292.000) 12/16 10:25:26 Finished transferring output files
...
005 (10610887.292.000) 12/16 10:25:26 Job terminated.
	(1) Normal termination (return value 0)
		Usr 0 02:34:12, Sys 0 00:00:11  -  Run Remote Usage
		Usr 0 00:00:00, Sys 0 00:00:00  -  Run Local Usage
		Usr 0 02:34:12, Sys 0 00:00:11  -  Total Remote Usage
		Usr 0 00:00:00, Sys 0 00:00:00  -  Total Local Usage
	0  -  Run Bytes Sent By Job
	7584148  -  Run Bytes Received By Job
	0  -  Total Bytes Sent By Job
	7584148  -  Total Bytes Received By Job
	Partitionable Resources :    Usage  Request Allocated 
	   Cpus                 :     0.99        4         4 
	   Disk (KB)            : 33924        7500     10967 
	   GPUs                 :                           0 
	   Memory (MB)          :    36       12000     12000 
	   TimeExecute (s)      :  9359                       
	   TimeSlotBusy (s)     :  9362                       

	Job terminated of its own accord at 2025-12-16T09:25:24Z with exit-code 0.
...
