000 (10610888.993.000) 12/16 07:14:45 Job submitted from host: <188.185.71.83:9618?addrs=188.185.71.83-9618+[2001-1458-d00-7--100-34d]-9618&alias=bigbird18.cern.ch&noUDP&sock=schedd_5052_d48c>
...
040 (10610888.993.000) 12/16 10:15:22 Started transferring input files
	Transferring to host: <188.185.193.9:9618?addrs=188.185.193.9-9618+[2001-1458-303-20--100-5]-9618&alias=b9p19p4166.cern.ch&noUDP&sock=slot1_6_5272_59cf_84352>
...
040 (10610888.993.000) 12/16 10:15:22 Finished transferring input files
...
001 (10610888.993.000) 12/16 10:15:22 Job executing on host: <188.185.193.9:9618?addrs=188.185.193.9-9618+[2001-1458-303-20--100-5]-9618&alias=b9p19p4166.cern.ch&noUDP&sock=startd_4114_70b6>
	SlotName: slot1_6@b9p19p4166.cern.ch
	CondorScratchDir = "/pool/condor/dir_4127345"
	Cpus = 4
	Disk = 10889
	GPUs = 0
	Memory = 12000
...
006 (10610888.993.000) 12/16 10:15:36 Image size of job updated: 38020
	38  -  MemoryUsage of job (MB)
	38020  -  ResidentSetSize of job (KB)
...
006 (10610888.993.000) 12/16 10:20:36 Image size of job updated: 38440
	38  -  MemoryUsage of job (MB)
	38020  -  ResidentSetSize of job (KB)
...
006 (10610888.993.000) 12/16 13:04:20 Image size of job updated: 118964
	38  -  MemoryUsage of job (MB)
	38020  -  ResidentSetSize of job (KB)
...
040 (10610888.993.000) 12/16 13:04:20 Started transferring output files
...
040 (10610888.993.000) 12/16 13:04:21 Finished transferring output files
...
005 (10610888.993.000) 12/16 13:04:21 Job terminated.
	(1) Normal termination (return value 0)
		Usr 0 02:46:49, Sys 0 00:00:14  -  Run Remote Usage
		Usr 0 00:00:00, Sys 0 00:00:00  -  Run Local Usage
		Usr 0 02:46:49, Sys 0 00:00:14  -  Total Remote Usage
		Usr 0 00:00:00, Sys 0 00:00:00  -  Total Local Usage
	0  -  Run Bytes Sent By Job
	7584148  -  Run Bytes Received By Job
	0  -  Total Bytes Sent By Job
	7584148  -  Total Bytes Received By Job
	Partitionable Resources :    Usage  Request Allocated 
	   Cpus                 :     0.99        4         4 
	   Disk (KB)            : 32481        7500     10889 
	   GPUs                 :                           0 
	   Memory (MB)          :    38       12000     12000 
	   TimeExecute (s)      : 10138                       
	   TimeSlotBusy (s)     : 10139                       

	Job terminated of its own accord at 2025-12-16T12:04:20Z with exit-code 0.
...
