000 (10610888.462.000) 12/16 07:14:44 Job submitted from host: <188.185.71.83:9618?addrs=188.185.71.83-9618+[2001-1458-d00-7--100-34d]-9618&alias=bigbird18.cern.ch&noUDP&sock=schedd_5052_d48c>
...
040 (10610888.462.000) 12/16 09:25:43 Started transferring input files
	Transferring to host: <188.185.211.163:9618?addrs=188.185.211.163-9618+[2001-1458-303-17--100-1f]-9618&alias=b9p24p4770.cern.ch&noUDP&sock=slot1_17_1129531_8585_12994>
...
040 (10610888.462.000) 12/16 09:25:43 Finished transferring input files
...
001 (10610888.462.000) 12/16 09:25:43 Job executing on host: <188.185.211.163:9618?addrs=188.185.211.163-9618+[2001-1458-303-17--100-1f]-9618&alias=b9p24p4770.cern.ch&noUDP&sock=startd_1129465_9fa4>
	SlotName: slot1_17@b9p24p4770.cern.ch
	CondorScratchDir = "/pool/condor/dir_1454453"
	Cpus = 4
	Disk = 11008
	GPUs = 0
	Memory = 12000
...
006 (10610888.462.000) 12/16 09:25:57 Image size of job updated: 37492
	37  -  MemoryUsage of job (MB)
	37492  -  ResidentSetSize of job (KB)
...
006 (10610888.462.000) 12/16 09:30:58 Image size of job updated: 37912
	37  -  MemoryUsage of job (MB)
	37492  -  ResidentSetSize of job (KB)
...
040 (10610888.462.000) 12/16 10:56:30 Started transferring output files
...
040 (10610888.462.000) 12/16 10:56:31 Finished transferring output files
...
005 (10610888.462.000) 12/16 10:56:31 Job terminated.
	(1) Normal termination (return value 0)
		Usr 0 01:29:28, Sys 0 00:00:11  -  Run Remote Usage
		Usr 0 00:00:00, Sys 0 00:00:00  -  Run Local Usage
		Usr 0 01:29:28, Sys 0 00:00:11  -  Total Remote Usage
		Usr 0 00:00:00, Sys 0 00:00:00  -  Total Local Usage
	0  -  Run Bytes Sent By Job
	7584148  -  Run Bytes Received By Job
	0  -  Total Bytes Sent By Job
	7584148  -  Total Bytes Received By Job
	Partitionable Resources :    Usage  Request Allocated 
	   Cpus                 :     0.99        4         4 
	   Disk (KB)            : 32724        7500     11008 
	   GPUs                 :                           0 
	   Memory (MB)          :    37       12000     12000 
	   TimeExecute (s)      :  5447                       
	   TimeSlotBusy (s)     :  5448                       

	Job terminated of its own accord at 2025-12-16T09:56:30Z with exit-code 0.
...
