000 (10610887.509.000) 12/16 07:14:31 Job submitted from host: <188.185.71.83:9618?addrs=188.185.71.83-9618+[2001-1458-d00-7--100-34d]-9618&alias=bigbird18.cern.ch&noUDP&sock=schedd_5052_d48c>
...
040 (10610887.509.000) 12/16 07:50:36 Started transferring input files
	Transferring to host: <188.185.207.197:9618?addrs=188.185.207.197-9618+[2001-1458-303-e--100-42]-9618&alias=b9p08p9966.cern.ch&noUDP&sock=slot1_7_4816_0ebd_44169>
...
040 (10610887.509.000) 12/16 07:50:36 Finished transferring input files
...
001 (10610887.509.000) 12/16 07:50:36 Job executing on host: <188.185.207.197:9618?addrs=188.185.207.197-9618+[2001-1458-303-e--100-42]-9618&alias=b9p08p9966.cern.ch&noUDP&sock=startd_4103_e52c>
	SlotName: slot1_7@b9p08p9966.cern.ch
	CondorScratchDir = "/pool/condor/dir_2720573"
	Cpus = 4
	Disk = 10901
	GPUs = 0
	Memory = 12000
...
006 (10610887.509.000) 12/16 07:50:50 Image size of job updated: 42108
	42  -  MemoryUsage of job (MB)
	42108  -  ResidentSetSize of job (KB)
...
006 (10610887.509.000) 12/16 07:55:51 Image size of job updated: 42520
	42  -  MemoryUsage of job (MB)
	42108  -  ResidentSetSize of job (KB)
...
006 (10610887.509.000) 12/16 09:24:11 Image size of job updated: 123128
	42  -  MemoryUsage of job (MB)
	42108  -  ResidentSetSize of job (KB)
...
040 (10610887.509.000) 12/16 09:24:12 Started transferring output files
...
040 (10610887.509.000) 12/16 09:24:12 Finished transferring output files
...
005 (10610887.509.000) 12/16 09:24:12 Job terminated.
	(1) Normal termination (return value 0)
		Usr 0 01:32:20, Sys 0 00:00:07  -  Run Remote Usage
		Usr 0 00:00:00, Sys 0 00:00:00  -  Run Local Usage
		Usr 0 01:32:20, Sys 0 00:00:07  -  Total Remote Usage
		Usr 0 00:00:00, Sys 0 00:00:00  -  Total Local Usage
	0  -  Run Bytes Sent By Job
	7584148  -  Run Bytes Received By Job
	0  -  Total Bytes Sent By Job
	7584148  -  Total Bytes Received By Job
	Partitionable Resources :    Usage  Request Allocated 
	   Cpus                 :     0.99        4         4 
	   Disk (KB)            : 33741        7500     10901 
	   GPUs                 :                           0 
	   Memory (MB)          :    42       12000     12000 
	   TimeExecute (s)      :  5615                       
	   TimeSlotBusy (s)     :  5616                       

	Job terminated of its own accord at 2025-12-16T08:24:11Z with exit-code 0.
...
