000 (10610889.490.000) 12/16 07:15:00 Job submitted from host: <188.185.71.83:9618?addrs=188.185.71.83-9618+[2001-1458-d00-7--100-34d]-9618&alias=bigbird18.cern.ch&noUDP&sock=schedd_5052_d48c>
...
040 (10610889.490.000) 12/16 14:09:24 Started transferring input files
	Transferring to host: <188.185.213.147:9618?addrs=188.185.213.147-9618+[2001-1458-303-1b--100-f]-9618&alias=b9p28p8410.cern.ch&noUDP&sock=slot1_4_5911_9589_110072>
...
040 (10610889.490.000) 12/16 14:09:24 Finished transferring input files
...
001 (10610889.490.000) 12/16 14:09:24 Job executing on host: <188.185.213.147:9618?addrs=188.185.213.147-9618+[2001-1458-303-1b--100-f]-9618&alias=b9p28p8410.cern.ch&noUDP&sock=startd_5018_8254>
	SlotName: slot1_4@b9p28p8410.cern.ch
	CondorScratchDir = "/pool/condor/dir_3258589"
	Cpus = 4
	Disk = 10968
	GPUs = 0
	Memory = 12000
...
006 (10610889.490.000) 12/16 14:09:38 Image size of job updated: 26596
	26  -  MemoryUsage of job (MB)
	26596  -  ResidentSetSize of job (KB)
...
006 (10610889.490.000) 12/16 14:14:39 Image size of job updated: 27048
	26  -  MemoryUsage of job (MB)
	26596  -  ResidentSetSize of job (KB)
...
040 (10610889.490.000) 12/16 15:37:26 Started transferring output files
...
040 (10610889.490.000) 12/16 15:37:26 Finished transferring output files
...
005 (10610889.490.000) 12/16 15:37:26 Job terminated.
	(1) Normal termination (return value 0)
		Usr 0 01:26:46, Sys 0 00:00:10  -  Run Remote Usage
		Usr 0 00:00:00, Sys 0 00:00:00  -  Run Local Usage
		Usr 0 01:26:46, Sys 0 00:00:10  -  Total Remote Usage
		Usr 0 00:00:00, Sys 0 00:00:00  -  Total Local Usage
	0  -  Run Bytes Sent By Job
	7584148  -  Run Bytes Received By Job
	0  -  Total Bytes Sent By Job
	7584148  -  Total Bytes Received By Job
	Partitionable Resources :    Usage  Request Allocated 
	   Cpus                 :     0.99        4         4 
	   Disk (KB)            : 33720        7500     10968 
	   GPUs                 :                           0 
	   Memory (MB)          :    26       12000     12000 
	   TimeExecute (s)      :  5281                       
	   TimeSlotBusy (s)     :  5283                       

	Job terminated of its own accord at 2025-12-16T14:37:25Z with exit-code 0.
...
