000 (10610888.853.000) 12/16 07:14:45 Job submitted from host: <188.185.71.83:9618?addrs=188.185.71.83-9618+[2001-1458-d00-7--100-34d]-9618&alias=bigbird18.cern.ch&noUDP&sock=schedd_5052_d48c>
...
040 (10610888.853.000) 12/16 09:46:48 Started transferring input files
	Transferring to host: <188.185.213.28:9618?addrs=188.185.213.28-9618+[2001-1458-303-1a--100-18]-9618&alias=b9p27p1310.cern.ch&noUDP&sock=slot1_44_7177_987d_93905>
...
040 (10610888.853.000) 12/16 09:46:48 Finished transferring input files
...
001 (10610888.853.000) 12/16 09:46:48 Job executing on host: <188.185.213.28:9618?addrs=188.185.213.28-9618+[2001-1458-303-1a--100-18]-9618&alias=b9p27p1310.cern.ch&noUDP&sock=startd_6637_0228>
	SlotName: slot1_44@b9p27p1310.cern.ch
	CondorScratchDir = "/pool/condor/dir_2399242"
	Cpus = 4
	Disk = 11050
	GPUs = 0
	Memory = 12000
...
006 (10610888.853.000) 12/16 09:47:02 Image size of job updated: 37516
	37  -  MemoryUsage of job (MB)
	37516  -  ResidentSetSize of job (KB)
...
006 (10610888.853.000) 12/16 09:52:02 Image size of job updated: 37936
	37  -  MemoryUsage of job (MB)
	37516  -  ResidentSetSize of job (KB)
...
040 (10610888.853.000) 12/16 11:33:04 Started transferring output files
...
040 (10610888.853.000) 12/16 11:33:04 Finished transferring output files
...
005 (10610888.853.000) 12/16 11:33:04 Job terminated.
	(1) Normal termination (return value 0)
		Usr 0 01:43:20, Sys 0 00:00:16  -  Run Remote Usage
		Usr 0 00:00:00, Sys 0 00:00:00  -  Run Local Usage
		Usr 0 01:43:20, Sys 0 00:00:16  -  Total Remote Usage
		Usr 0 00:00:00, Sys 0 00:00:00  -  Total Local Usage
	0  -  Run Bytes Sent By Job
	7584148  -  Run Bytes Received By Job
	0  -  Total Bytes Sent By Job
	7584148  -  Total Bytes Received By Job
	Partitionable Resources :    Usage  Request Allocated 
	   Cpus                 :     0.99        4         4 
	   Disk (KB)            : 32630        7500     11050 
	   GPUs                 :                           0 
	   Memory (MB)          :    37       12000     12000 
	   TimeExecute (s)      :  6375                       
	   TimeSlotBusy (s)     :  6376                       

	Job terminated of its own accord at 2025-12-16T10:33:03Z with exit-code 0.
...
