000 (10610889.414.000) 12/16 07:15:00 Job submitted from host: <188.185.71.83:9618?addrs=188.185.71.83-9618+[2001-1458-d00-7--100-34d]-9618&alias=bigbird18.cern.ch&noUDP&sock=schedd_5052_d48c>
...
040 (10610889.414.000) 12/16 14:09:00 Started transferring input files
	Transferring to host: <188.185.212.34:9618?addrs=188.185.212.34-9618+[2001-1458-303-18--100-1e]-9618&alias=b9p25p9299.cern.ch&noUDP&sock=slot1_19_10452_2122_92903>
...
040 (10610889.414.000) 12/16 14:09:00 Finished transferring input files
...
001 (10610889.414.000) 12/16 14:09:00 Job executing on host: <188.185.212.34:9618?addrs=188.185.212.34-9618+[2001-1458-303-18--100-1e]-9618&alias=b9p25p9299.cern.ch&noUDP&sock=startd_10131_9a10>
	SlotName: slot1_19@b9p25p9299.cern.ch
	CondorScratchDir = "/pool/condor/dir_1358619"
	Cpus = 4
	Disk = 10983
	GPUs = 0
	Memory = 12000
...
006 (10610889.414.000) 12/16 14:09:14 Image size of job updated: 37512
	37  -  MemoryUsage of job (MB)
	37512  -  ResidentSetSize of job (KB)
...
006 (10610889.414.000) 12/16 14:14:15 Image size of job updated: 37932
	37  -  MemoryUsage of job (MB)
	37512  -  ResidentSetSize of job (KB)
...
040 (10610889.414.000) 12/16 15:34:42 Started transferring output files
...
040 (10610889.414.000) 12/16 15:34:42 Finished transferring output files
...
005 (10610889.414.000) 12/16 15:34:42 Job terminated.
	(1) Normal termination (return value 0)
		Usr 0 01:24:42, Sys 0 00:00:09  -  Run Remote Usage
		Usr 0 00:00:00, Sys 0 00:00:00  -  Run Local Usage
		Usr 0 01:24:42, Sys 0 00:00:09  -  Total Remote Usage
		Usr 0 00:00:00, Sys 0 00:00:00  -  Total Local Usage
	0  -  Run Bytes Sent By Job
	7584148  -  Run Bytes Received By Job
	0  -  Total Bytes Sent By Job
	7584148  -  Total Bytes Received By Job
	Partitionable Resources :    Usage  Request Allocated 
	   Cpus                 :     0.99        4         4 
	   Disk (KB)            : 32839        7500     10983 
	   GPUs                 :                           0 
	   Memory (MB)          :    37       12000     12000 
	   TimeExecute (s)      :  5141                       
	   TimeSlotBusy (s)     :  5143                       

	Job terminated of its own accord at 2025-12-16T14:34:41Z with exit-code 0.
...
