000 (10610887.919.000) 12/16 07:14:32 Job submitted from host: <188.185.71.83:9618?addrs=188.185.71.83-9618+[2001-1458-d00-7--100-34d]-9618&alias=bigbird18.cern.ch&noUDP&sock=schedd_5052_d48c>
...
040 (10610887.919.000) 12/16 08:00:00 Started transferring input files
	Transferring to host: <188.185.206.188:9618?addrs=188.185.206.188-9618+[2001-1458-303-c--100-39]-9618&alias=b9p06p8127.cern.ch&noUDP&sock=slot1_15_468327_7cfd_9662>
...
040 (10610887.919.000) 12/16 08:00:00 Finished transferring input files
...
001 (10610887.919.000) 12/16 08:00:00 Job executing on host: <188.185.206.188:9618?addrs=188.185.206.188-9618+[2001-1458-303-c--100-39]-9618&alias=b9p06p8127.cern.ch&noUDP&sock=startd_467896_5109>
	SlotName: slot1_15@b9p06p8127.cern.ch
	CondorScratchDir = "/pool/condor/dir_2750568"
	Cpus = 4
	Disk = 10878
	GPUs = 0
	Memory = 12000
...
006 (10610887.919.000) 12/16 08:00:14 Image size of job updated: 37716
	37  -  MemoryUsage of job (MB)
	37716  -  ResidentSetSize of job (KB)
...
006 (10610887.919.000) 12/16 08:05:14 Image size of job updated: 38096
	37  -  MemoryUsage of job (MB)
	37716  -  ResidentSetSize of job (KB)
...
040 (10610887.919.000) 12/16 09:32:53 Started transferring output files
...
040 (10610887.919.000) 12/16 09:32:53 Finished transferring output files
...
005 (10610887.919.000) 12/16 09:32:53 Job terminated.
	(1) Normal termination (return value 0)
		Usr 0 01:31:35, Sys 0 00:00:09  -  Run Remote Usage
		Usr 0 00:00:00, Sys 0 00:00:00  -  Run Local Usage
		Usr 0 01:31:35, Sys 0 00:00:09  -  Total Remote Usage
		Usr 0 00:00:00, Sys 0 00:00:00  -  Total Local Usage
	0  -  Run Bytes Sent By Job
	7584148  -  Run Bytes Received By Job
	0  -  Total Bytes Sent By Job
	7584148  -  Total Bytes Received By Job
	Partitionable Resources :    Usage  Request Allocated 
	   Cpus                 :     0.99        4         4 
	   Disk (KB)            : 34098        7500     10878 
	   GPUs                 :                           0 
	   Memory (MB)          :    37       12000     12000 
	   TimeExecute (s)      :  5572                       
	   TimeSlotBusy (s)     :  5573                       

	Job terminated of its own accord at 2025-12-16T08:32:52Z with exit-code 0.
...
