000 (10610887.236.000) 12/16 07:14:31 Job submitted from host: <188.185.71.83:9618?addrs=188.185.71.83-9618+[2001-1458-d00-7--100-34d]-9618&alias=bigbird18.cern.ch&noUDP&sock=schedd_5052_d48c>
...
040 (10610887.236.000) 12/16 07:45:04 Started transferring input files
	Transferring to host: <188.185.207.193:9618?addrs=188.185.207.193-9618+[2001-1458-303-e--100-3e]-9618&alias=b9p08p1687.cern.ch&noUDP&sock=slot1_15_4568_51b3_78933>
...
040 (10610887.236.000) 12/16 07:45:04 Finished transferring input files
...
001 (10610887.236.000) 12/16 07:45:04 Job executing on host: <188.185.207.193:9618?addrs=188.185.207.193-9618+[2001-1458-303-e--100-3e]-9618&alias=b9p08p1687.cern.ch&noUDP&sock=startd_3810_ebec>
	SlotName: slot1_15@b9p08p1687.cern.ch
	CondorScratchDir = "/pool/condor/dir_3572286"
	Cpus = 4
	Disk = 10930
	GPUs = 0
	Memory = 12000
...
006 (10610887.236.000) 12/16 07:45:19 Image size of job updated: 39212
	39  -  MemoryUsage of job (MB)
	39212  -  ResidentSetSize of job (KB)
...
006 (10610887.236.000) 12/16 07:50:20 Image size of job updated: 39624
	39  -  MemoryUsage of job (MB)
	39212  -  ResidentSetSize of job (KB)
...
006 (10610887.236.000) 12/16 09:22:53 Image size of job updated: 120648
	39  -  MemoryUsage of job (MB)
	39212  -  ResidentSetSize of job (KB)
...
040 (10610887.236.000) 12/16 09:22:54 Started transferring output files
...
040 (10610887.236.000) 12/16 09:22:54 Finished transferring output files
...
005 (10610887.236.000) 12/16 09:22:55 Job terminated.
	(1) Normal termination (return value 0)
		Usr 0 01:35:20, Sys 0 00:00:15  -  Run Remote Usage
		Usr 0 00:00:00, Sys 0 00:00:00  -  Run Local Usage
		Usr 0 01:35:20, Sys 0 00:00:15  -  Total Remote Usage
		Usr 0 00:00:00, Sys 0 00:00:00  -  Total Local Usage
	0  -  Run Bytes Sent By Job
	7584148  -  Run Bytes Received By Job
	0  -  Total Bytes Sent By Job
	7584148  -  Total Bytes Received By Job
	Partitionable Resources :    Usage  Request Allocated 
	   Cpus                 :     0.99        4         4 
	   Disk (KB)            : 33355        7500     10930 
	   GPUs                 :                           0 
	   Memory (MB)          :    39       12000     12000 
	   TimeExecute (s)      :  5869                       
	   TimeSlotBusy (s)     :  5870                       

	Job terminated of its own accord at 2025-12-16T08:22:53Z with exit-code 0.
...
