000 (10613549.480.000) 12/16 14:40:45 Job submitted from host: <188.185.71.83:9618?addrs=188.185.71.83-9618+[2001-1458-d00-7--100-34d]-9618&alias=bigbird18.cern.ch&noUDP&sock=schedd_5052_d48c>
...
040 (10613549.480.000) 12/16 15:30:14 Started transferring input files
	Transferring to host: <188.185.211.148:9618?addrs=188.185.211.148-9618+[2001-1458-303-17--100-10]-9618&alias=b9p24p1922.cern.ch&noUDP&sock=slot1_7_7778_0df5_92612>
...
040 (10613549.480.000) 12/16 15:30:14 Finished transferring input files
...
001 (10613549.480.000) 12/16 15:30:14 Job executing on host: <188.185.211.148:9618?addrs=188.185.211.148-9618+[2001-1458-303-17--100-10]-9618&alias=b9p24p1922.cern.ch&noUDP&sock=startd_7025_24e7>
	SlotName: slot1_7@b9p24p1922.cern.ch
	CondorScratchDir = "/pool/condor/dir_2671060"
	Cpus = 4
	Disk = 10944
	GPUs = 0
	Memory = 12000
...
006 (10613549.480.000) 12/16 15:30:28 Image size of job updated: 37500
	37  -  MemoryUsage of job (MB)
	37500  -  ResidentSetSize of job (KB)
...
006 (10613549.480.000) 12/16 15:35:29 Image size of job updated: 37920
	37  -  MemoryUsage of job (MB)
	37500  -  ResidentSetSize of job (KB)
...
006 (10613549.480.000) 12/16 16:55:56 Image size of job updated: 39524
	37  -  MemoryUsage of job (MB)
	37500  -  ResidentSetSize of job (KB)
...
040 (10613549.480.000) 12/16 16:55:57 Started transferring output files
...
040 (10613549.480.000) 12/16 16:55:57 Finished transferring output files
...
005 (10613549.480.000) 12/16 16:55:57 Job terminated.
	(1) Normal termination (return value 0)
		Usr 0 01:24:23, Sys 0 00:00:10  -  Run Remote Usage
		Usr 0 00:00:00, Sys 0 00:00:00  -  Run Local Usage
		Usr 0 01:24:23, Sys 0 00:00:10  -  Total Remote Usage
		Usr 0 00:00:00, Sys 0 00:00:00  -  Total Local Usage
	0  -  Run Bytes Sent By Job
	7584148  -  Run Bytes Received By Job
	0  -  Total Bytes Sent By Job
	7584148  -  Total Bytes Received By Job
	Partitionable Resources :    Usage  Request Allocated 
	   Cpus                 :     0.99        4         4 
	   Disk (KB)            : 33332        7500     10944 
	   GPUs                 :                           0 
	   Memory (MB)          :    37       12000     12000 
	   TimeExecute (s)      :  5142                       
	   TimeSlotBusy (s)     :  5143                       

	Job terminated of its own accord at 2025-12-16T15:55:56Z with exit-code 0.
...
