000 (10613550.643.000) 12/16 14:41:00 Job submitted from host: <188.185.71.83:9618?addrs=188.185.71.83-9618+[2001-1458-d00-7--100-34d]-9618&alias=bigbird18.cern.ch&noUDP&sock=schedd_5052_d48c>
...
040 (10613550.643.000) 12/16 16:45:38 Started transferring input files
	Transferring to host: <188.185.213.226:9618?addrs=188.185.213.226-9618+[2001-1458-303-1b--100-5e]-9618&alias=b9p28p8143.cern.ch&noUDP&sock=slot1_22_5559_917b_111438>
...
040 (10613550.643.000) 12/16 16:45:38 Finished transferring input files
...
001 (10613550.643.000) 12/16 16:45:38 Job executing on host: <188.185.213.226:9618?addrs=188.185.213.226-9618+[2001-1458-303-1b--100-5e]-9618&alias=b9p28p8143.cern.ch&noUDP&sock=startd_4630_5f95>
	SlotName: slot1_22@b9p28p8143.cern.ch
	CondorScratchDir = "/pool/condor/dir_2086581"
	Cpus = 4
	Disk = 11103
	GPUs = 0
	Memory = 12000
...
006 (10613550.643.000) 12/16 16:45:52 Image size of job updated: 40084
	40  -  MemoryUsage of job (MB)
	40084  -  ResidentSetSize of job (KB)
...
006 (10613550.643.000) 12/16 16:50:52 Image size of job updated: 40504
	40  -  MemoryUsage of job (MB)
	40084  -  ResidentSetSize of job (KB)
...
006 (10613550.643.000) 12/16 18:00:52 Image size of job updated: 44208
	40  -  MemoryUsage of job (MB)
	40084  -  ResidentSetSize of job (KB)
...
040 (10613550.643.000) 12/16 18:00:52 Started transferring output files
...
040 (10613550.643.000) 12/16 18:00:53 Finished transferring output files
...
005 (10613550.643.000) 12/16 18:00:53 Job terminated.
	(1) Normal termination (return value 0)
		Usr 0 01:14:30, Sys 0 00:00:04  -  Run Remote Usage
		Usr 0 00:00:00, Sys 0 00:00:00  -  Run Local Usage
		Usr 0 01:14:30, Sys 0 00:00:04  -  Total Remote Usage
		Usr 0 00:00:00, Sys 0 00:00:00  -  Total Local Usage
	0  -  Run Bytes Sent By Job
	7584148  -  Run Bytes Received By Job
	0  -  Total Bytes Sent By Job
	7584148  -  Total Bytes Received By Job
	Partitionable Resources :    Usage  Request Allocated 
	   Cpus                 :     0.99        4         4 
	   Disk (KB)            : 32315        7500     11103 
	   GPUs                 :                           0 
	   Memory (MB)          :    40       12000     12000 
	   TimeExecute (s)      :  4514                       
	   TimeSlotBusy (s)     :  4515                       

	Job terminated of its own accord at 2025-12-16T17:00:52Z with exit-code 0.
...
