000 (10610888.226.000) 12/16 07:14:44 Job submitted from host: <188.185.71.83:9618?addrs=188.185.71.83-9618+[2001-1458-d00-7--100-34d]-9618&alias=bigbird18.cern.ch&noUDP&sock=schedd_5052_d48c>
...
040 (10610888.226.000) 12/16 09:08:22 Started transferring input files
	Transferring to host: <188.185.213.211:9618?addrs=188.185.213.211-9618+[2001-1458-303-1b--100-4f]-9618&alias=b9p28p7857.cern.ch&noUDP&sock=slot1_6_5267_d3ef_93569>
...
040 (10610888.226.000) 12/16 09:08:22 Finished transferring input files
...
001 (10610888.226.000) 12/16 09:08:22 Job executing on host: <188.185.213.211:9618?addrs=188.185.213.211-9618+[2001-1458-303-1b--100-4f]-9618&alias=b9p28p7857.cern.ch&noUDP&sock=startd_4303_141d>
	SlotName: slot1_6@b9p28p7857.cern.ch
	CondorScratchDir = "/pool/condor/dir_619568"
	Cpus = 4
	Disk = 10946
	GPUs = 0
	Memory = 12000
...
006 (10610888.226.000) 12/16 09:08:36 Image size of job updated: 37520
	37  -  MemoryUsage of job (MB)
	37520  -  ResidentSetSize of job (KB)
...
006 (10610888.226.000) 12/16 09:13:37 Image size of job updated: 37944
	37  -  MemoryUsage of job (MB)
	37520  -  ResidentSetSize of job (KB)
...
006 (10610888.226.000) 12/16 10:45:12 Image size of job updated: 118480
	37  -  MemoryUsage of job (MB)
	37520  -  ResidentSetSize of job (KB)
...
040 (10610888.226.000) 12/16 10:45:12 Started transferring output files
...
040 (10610888.226.000) 12/16 10:45:13 Finished transferring output files
...
005 (10610888.226.000) 12/16 10:45:13 Job terminated.
	(1) Normal termination (return value 0)
		Usr 0 01:35:31, Sys 0 00:00:11  -  Run Remote Usage
		Usr 0 00:00:00, Sys 0 00:00:00  -  Run Local Usage
		Usr 0 01:35:31, Sys 0 00:00:11  -  Total Remote Usage
		Usr 0 00:00:00, Sys 0 00:00:00  -  Total Local Usage
	0  -  Run Bytes Sent By Job
	7584148  -  Run Bytes Received By Job
	0  -  Total Bytes Sent By Job
	7584148  -  Total Bytes Received By Job
	Partitionable Resources :    Usage  Request Allocated 
	   Cpus                 :     0.99        4         4 
	   Disk (KB)            : 32823        7500     10946 
	   GPUs                 :                           0 
	   Memory (MB)          :    37       12000     12000 
	   TimeExecute (s)      :  5810                       
	   TimeSlotBusy (s)     :  5812                       

	Job terminated of its own accord at 2025-12-16T09:45:12Z with exit-code 0.
...
