000 (10610889.071.000) 12/16 07:15:00 Job submitted from host: <188.185.71.83:9618?addrs=188.185.71.83-9618+[2001-1458-d00-7--100-34d]-9618&alias=bigbird18.cern.ch&noUDP&sock=schedd_5052_d48c>
...
040 (10610889.071.000) 12/16 10:34:49 Started transferring input files
	Transferring to host: <188.185.194.60:9618?addrs=188.185.194.60-9618+[2001-1458-303-21--100-38]-9618&alias=b9p20p2494.cern.ch&noUDP&sock=slot1_1_7468_a1a9_87993>
...
040 (10610889.071.000) 12/16 10:34:49 Finished transferring input files
...
001 (10610889.071.000) 12/16 10:34:49 Job executing on host: <188.185.194.60:9618?addrs=188.185.194.60-9618+[2001-1458-303-21--100-38]-9618&alias=b9p20p2494.cern.ch&noUDP&sock=startd_6225_6923>
	SlotName: slot1_1@b9p20p2494.cern.ch
	CondorScratchDir = "/pool/condor/dir_1588917"
	Cpus = 4
	Disk = 11293
	GPUs = 0
	Memory = 12000
...
006 (10610889.071.000) 12/16 10:35:02 Image size of job updated: 36108
	36  -  MemoryUsage of job (MB)
	36108  -  ResidentSetSize of job (KB)
...
006 (10610889.071.000) 12/16 13:16:59 Image size of job updated: 117168
	36  -  MemoryUsage of job (MB)
	36108  -  ResidentSetSize of job (KB)
...
040 (10610889.071.000) 12/16 13:17:00 Started transferring output files
...
040 (10610889.071.000) 12/16 13:17:00 Finished transferring output files
...
005 (10610889.071.000) 12/16 13:17:00 Job terminated.
	(1) Normal termination (return value 0)
		Usr 0 02:40:31, Sys 0 00:00:07  -  Run Remote Usage
		Usr 0 00:00:00, Sys 0 00:00:00  -  Run Local Usage
		Usr 0 02:40:31, Sys 0 00:00:07  -  Total Remote Usage
		Usr 0 00:00:00, Sys 0 00:00:00  -  Total Local Usage
	0  -  Run Bytes Sent By Job
	7584148  -  Run Bytes Received By Job
	0  -  Total Bytes Sent By Job
	7584148  -  Total Bytes Received By Job
	Partitionable Resources :    Usage  Request Allocated 
	   Cpus                 :     0.99        4         4 
	   Disk (KB)            : 32883        7500     11293 
	   GPUs                 :                           0 
	   Memory (MB)          :    36       12000     12000 
	   TimeExecute (s)      :  9730                       
	   TimeSlotBusy (s)     :  9732                       

	Job terminated of its own accord at 2025-12-16T12:16:59Z with exit-code 0.
...
