000 (10613550.367.000) 12/16 14:40:59 Job submitted from host: <188.185.71.83:9618?addrs=188.185.71.83-9618+[2001-1458-d00-7--100-34d]-9618&alias=bigbird18.cern.ch&noUDP&sock=schedd_5052_d48c>
...
040 (10613550.367.000) 12/16 15:58:24 Started transferring input files
	Transferring to host: <188.185.208.85:9618?addrs=188.185.208.85-9618+[2001-1458-303-f--100-52]-9618&alias=b9p09p1103.cern.ch&noUDP&sock=slot1_2_10958_a6f7_80632>
...
040 (10613550.367.000) 12/16 15:58:24 Finished transferring input files
...
001 (10613550.367.000) 12/16 15:58:24 Job executing on host: <188.185.208.85:9618?addrs=188.185.208.85-9618+[2001-1458-303-f--100-52]-9618&alias=b9p09p1103.cern.ch&noUDP&sock=startd_10542_837d>
	SlotName: slot1_2@b9p09p1103.cern.ch
	CondorScratchDir = "/pool/condor/dir_3999623"
	Cpus = 4
	Disk = 10972
	GPUs = 0
	Memory = 12000
...
006 (10613550.367.000) 12/16 15:58:38 Image size of job updated: 40920
	40  -  MemoryUsage of job (MB)
	40920  -  ResidentSetSize of job (KB)
...
006 (10613550.367.000) 12/16 16:03:39 Image size of job updated: 40952
	40  -  MemoryUsage of job (MB)
	40920  -  ResidentSetSize of job (KB)
...
006 (10613550.367.000) 12/16 17:55:44 Image size of job updated: 121484
	40  -  MemoryUsage of job (MB)
	40920  -  ResidentSetSize of job (KB)
...
040 (10613550.367.000) 12/16 17:55:45 Started transferring output files
...
040 (10613550.367.000) 12/16 17:55:45 Finished transferring output files
...
005 (10613550.367.000) 12/16 17:55:45 Job terminated.
	(1) Normal termination (return value 0)
		Usr 0 01:39:27, Sys 0 00:00:09  -  Run Remote Usage
		Usr 0 00:00:00, Sys 0 00:00:00  -  Run Local Usage
		Usr 0 01:39:27, Sys 0 00:00:09  -  Total Remote Usage
		Usr 0 00:00:00, Sys 0 00:00:00  -  Total Local Usage
	0  -  Run Bytes Sent By Job
	7584148  -  Run Bytes Received By Job
	0  -  Total Bytes Sent By Job
	7584148  -  Total Bytes Received By Job
	Partitionable Resources :    Usage  Request Allocated 
	   Cpus                 :     0.90        4         4 
	   Disk (KB)            : 32768        7500     10972 
	   GPUs                 :                           0 
	   Memory (MB)          :    40       12000     12000 
	   TimeExecute (s)      :  7040                       
	   TimeSlotBusy (s)     :  7041                       

	Job terminated of its own accord at 2025-12-16T16:55:44Z with exit-code 0.
...
