000 (10610887.731.000) 12/16 07:14:31 Job submitted from host: <188.185.71.83:9618?addrs=188.185.71.83-9618+[2001-1458-d00-7--100-34d]-9618&alias=bigbird18.cern.ch&noUDP&sock=schedd_5052_d48c>
...
040 (10610887.731.000) 12/16 07:55:22 Started transferring input files
	Transferring to host: <188.185.205.164:9618?addrs=188.185.205.164-9618+[2001-1458-303-a--100-21]-9618&alias=b9p04p3531.cern.ch&noUDP&sock=slot1_26_4083_97bf_81843>
...
040 (10610887.731.000) 12/16 07:55:22 Finished transferring input files
...
001 (10610887.731.000) 12/16 07:55:22 Job executing on host: <188.185.205.164:9618?addrs=188.185.205.164-9618+[2001-1458-303-a--100-21]-9618&alias=b9p04p3531.cern.ch&noUDP&sock=startd_3622_f81e>
	SlotName: slot1_26@b9p04p3531.cern.ch
	CondorScratchDir = "/pool/condor/dir_2624520"
	Cpus = 4
	Disk = 10720
	GPUs = 0
	Memory = 12000
...
006 (10610887.731.000) 12/16 07:55:36 Image size of job updated: 39348
	39  -  MemoryUsage of job (MB)
	39348  -  ResidentSetSize of job (KB)
...
006 (10610887.731.000) 12/16 08:00:36 Image size of job updated: 39756
	39  -  MemoryUsage of job (MB)
	39348  -  ResidentSetSize of job (KB)
...
040 (10610887.731.000) 12/16 09:36:45 Started transferring output files
...
040 (10610887.731.000) 12/16 09:36:46 Finished transferring output files
...
005 (10610887.731.000) 12/16 09:36:46 Job terminated.
	(1) Normal termination (return value 0)
		Usr 0 01:39:08, Sys 0 00:00:11  -  Run Remote Usage
		Usr 0 00:00:00, Sys 0 00:00:00  -  Run Local Usage
		Usr 0 01:39:08, Sys 0 00:00:11  -  Total Remote Usage
		Usr 0 00:00:00, Sys 0 00:00:00  -  Total Local Usage
	0  -  Run Bytes Sent By Job
	7584148  -  Run Bytes Received By Job
	0  -  Total Bytes Sent By Job
	7584148  -  Total Bytes Received By Job
	Partitionable Resources :    Usage  Request Allocated 
	   Cpus                 :     0.97        4         4 
	   Disk (KB)            : 32190        7500     10720 
	   GPUs                 :                           0 
	   Memory (MB)          :    39       12000     12000 
	   TimeExecute (s)      :  6083                       
	   TimeSlotBusy (s)     :  6085                       

	Job terminated of its own accord at 2025-12-16T08:36:45Z with exit-code 0.
...
