000 (10610889.206.000) 12/16 07:15:00 Job submitted from host: <188.185.71.83:9618?addrs=188.185.71.83-9618+[2001-1458-d00-7--100-34d]-9618&alias=bigbird18.cern.ch&noUDP&sock=schedd_5052_d48c>
...
040 (10610889.206.000) 12/16 13:31:20 Started transferring input files
	Transferring to host: <188.185.213.62:9618?addrs=188.185.213.62-9618+[2001-1458-303-1a--100-3a]-9618&alias=b9p27p8631.cern.ch&noUDP&sock=slot1_19_5676_0160_93056>
...
040 (10610889.206.000) 12/16 13:31:20 Finished transferring input files
...
001 (10610889.206.000) 12/16 13:31:20 Job executing on host: <188.185.213.62:9618?addrs=188.185.213.62-9618+[2001-1458-303-1a--100-3a]-9618&alias=b9p27p8631.cern.ch&noUDP&sock=startd_4897_835e>
	SlotName: slot1_19@b9p27p8631.cern.ch
	CondorScratchDir = "/pool/condor/dir_1470268"
	Cpus = 4
	Disk = 10881
	GPUs = 0
	Memory = 12000
...
006 (10610889.206.000) 12/16 13:31:34 Image size of job updated: 26544
	26  -  MemoryUsage of job (MB)
	26544  -  ResidentSetSize of job (KB)
...
006 (10610889.206.000) 12/16 13:36:35 Image size of job updated: 26964
	26  -  MemoryUsage of job (MB)
	26544  -  ResidentSetSize of job (KB)
...
006 (10610889.206.000) 12/16 15:13:01 Image size of job updated: 118376
	26  -  MemoryUsage of job (MB)
	26544  -  ResidentSetSize of job (KB)
...
040 (10610889.206.000) 12/16 15:13:02 Started transferring output files
...
040 (10610889.206.000) 12/16 15:13:02 Finished transferring output files
...
005 (10610889.206.000) 12/16 15:13:02 Job terminated.
	(1) Normal termination (return value 0)
		Usr 0 01:40:15, Sys 0 00:00:12  -  Run Remote Usage
		Usr 0 00:00:00, Sys 0 00:00:00  -  Run Local Usage
		Usr 0 01:40:15, Sys 0 00:00:12  -  Total Remote Usage
		Usr 0 00:00:00, Sys 0 00:00:00  -  Total Local Usage
	0  -  Run Bytes Sent By Job
	7584148  -  Run Bytes Received By Job
	0  -  Total Bytes Sent By Job
	7584148  -  Total Bytes Received By Job
	Partitionable Resources :    Usage  Request Allocated 
	   Cpus                 :     0.99        4         4 
	   Disk (KB)            : 32954        7500     10881 
	   GPUs                 :                           0 
	   Memory (MB)          :    26       12000     12000 
	   TimeExecute (s)      :  6101                       
	   TimeSlotBusy (s)     :  6103                       

	Job terminated of its own accord at 2025-12-16T14:13:01Z with exit-code 0.
...
