000 (10613549.872.000) 12/16 14:40:45 Job submitted from host: <188.185.71.83:9618?addrs=188.185.71.83-9618+[2001-1458-d00-7--100-34d]-9618&alias=bigbird18.cern.ch&noUDP&sock=schedd_5052_d48c>
...
040 (10613549.872.000) 12/16 15:34:37 Started transferring input files
	Transferring to host: <188.185.213.171:9618?addrs=188.185.213.171-9618+[2001-1458-303-1b--100-27]-9618&alias=b9p28p8423.cern.ch&noUDP&sock=slot1_2_8912_0f63_93469>
...
040 (10613549.872.000) 12/16 15:34:37 Finished transferring input files
...
001 (10613549.872.000) 12/16 15:34:37 Job executing on host: <188.185.213.171:9618?addrs=188.185.213.171-9618+[2001-1458-303-1b--100-27]-9618&alias=b9p28p8423.cern.ch&noUDP&sock=startd_7563_2adb>
	SlotName: slot1_2@b9p28p8423.cern.ch
	CondorScratchDir = "/pool/condor/dir_867808"
	Cpus = 4
	Disk = 11092
	GPUs = 0
	Memory = 12000
...
006 (10613549.872.000) 12/16 15:34:50 Image size of job updated: 38016
	38  -  MemoryUsage of job (MB)
	38016  -  ResidentSetSize of job (KB)
...
006 (10613549.872.000) 12/16 15:39:51 Image size of job updated: 38436
	38  -  MemoryUsage of job (MB)
	38016  -  ResidentSetSize of job (KB)
...
006 (10613549.872.000) 12/16 16:51:07 Image size of job updated: 118956
	38  -  MemoryUsage of job (MB)
	38016  -  ResidentSetSize of job (KB)
...
040 (10613549.872.000) 12/16 16:51:08 Started transferring output files
...
040 (10613549.872.000) 12/16 16:51:08 Finished transferring output files
...
005 (10613549.872.000) 12/16 16:51:08 Job terminated.
	(1) Normal termination (return value 0)
		Usr 0 01:15:43, Sys 0 00:00:05  -  Run Remote Usage
		Usr 0 00:00:00, Sys 0 00:00:00  -  Run Local Usage
		Usr 0 01:15:43, Sys 0 00:00:05  -  Total Remote Usage
		Usr 0 00:00:00, Sys 0 00:00:00  -  Total Local Usage
	0  -  Run Bytes Sent By Job
	7584148  -  Run Bytes Received By Job
	0  -  Total Bytes Sent By Job
	7584148  -  Total Bytes Received By Job
	Partitionable Resources :    Usage  Request Allocated 
	   Cpus                 :     0.99        4         4 
	   Disk (KB)            : 32487        7500     11092 
	   GPUs                 :                           0 
	   Memory (MB)          :    38       12000     12000 
	   TimeExecute (s)      :  4590                       
	   TimeSlotBusy (s)     :  4592                       

	Job terminated of its own accord at 2025-12-16T15:51:07Z with exit-code 0.
...
