000 (10613549.006.000) 12/16 14:40:44 Job submitted from host: <188.185.71.83:9618?addrs=188.185.71.83-9618+[2001-1458-d00-7--100-34d]-9618&alias=bigbird18.cern.ch&noUDP&sock=schedd_5052_d48c>
...
040 (10613549.006.000) 12/16 14:43:49 Started transferring input files
	Transferring to host: <188.185.209.75:9618?addrs=188.185.209.75-9618+[2001-1458-303-11--100-48]-9618&alias=b9p11p9087.cern.ch&noUDP&sock=slot1_12_4929_ad22_84192>
...
040 (10613549.006.000) 12/16 14:43:49 Finished transferring input files
...
001 (10613549.006.000) 12/16 14:43:49 Job executing on host: <188.185.209.75:9618?addrs=188.185.209.75-9618+[2001-1458-303-11--100-48]-9618&alias=b9p11p9087.cern.ch&noUDP&sock=startd_4177_a72e>
	SlotName: slot1_12@b9p11p9087.cern.ch
	CondorScratchDir = "/pool/condor/dir_3714340"
	Cpus = 4
	Disk = 10788
	GPUs = 0
	Memory = 12000
...
006 (10613549.006.000) 12/16 14:44:03 Image size of job updated: 26924
	27  -  MemoryUsage of job (MB)
	26924  -  ResidentSetSize of job (KB)
...
006 (10613549.006.000) 12/16 14:49:04 Image size of job updated: 27304
	27  -  MemoryUsage of job (MB)
	26924  -  ResidentSetSize of job (KB)
...
006 (10613549.006.000) 12/16 16:10:57 Image size of job updated: 37268
	27  -  MemoryUsage of job (MB)
	26924  -  ResidentSetSize of job (KB)
...
040 (10613549.006.000) 12/16 16:10:57 Started transferring output files
...
040 (10613549.006.000) 12/16 16:10:57 Finished transferring output files
...
005 (10613549.006.000) 12/16 16:10:57 Job terminated.
	(1) Normal termination (return value 0)
		Usr 0 01:25:26, Sys 0 00:00:08  -  Run Remote Usage
		Usr 0 00:00:00, Sys 0 00:00:00  -  Run Local Usage
		Usr 0 01:25:26, Sys 0 00:00:08  -  Total Remote Usage
		Usr 0 00:00:00, Sys 0 00:00:00  -  Total Local Usage
	0  -  Run Bytes Sent By Job
	7584148  -  Run Bytes Received By Job
	0  -  Total Bytes Sent By Job
	7584148  -  Total Bytes Received By Job
	Partitionable Resources :    Usage  Request Allocated 
	   Cpus                 :     0.99        4         4 
	   Disk (KB)            : 33287        7500     10788 
	   GPUs                 :                           0 
	   Memory (MB)          :    27       12000     12000 
	   TimeExecute (s)      :  5228                       
	   TimeSlotBusy (s)     :  5229                       

	Job terminated of its own accord at 2025-12-16T15:10:57Z with exit-code 0.
...
