000 (10610887.421.000) 12/16 07:14:31 Job submitted from host: <188.185.71.83:9618?addrs=188.185.71.83-9618+[2001-1458-d00-7--100-34d]-9618&alias=bigbird18.cern.ch&noUDP&sock=schedd_5052_d48c>
...
040 (10610887.421.000) 12/16 07:50:03 Started transferring input files
	Transferring to host: <188.185.214.30:9618?addrs=188.185.214.30-9618+[2001-1458-303-1c--100-1a]-9618&alias=b9p29p7541.cern.ch&noUDP&sock=slot1_9_5850_9aa7_91919>
...
040 (10610887.421.000) 12/16 07:50:03 Finished transferring input files
...
001 (10610887.421.000) 12/16 07:50:03 Job executing on host: <188.185.214.30:9618?addrs=188.185.214.30-9618+[2001-1458-303-1c--100-1a]-9618&alias=b9p29p7541.cern.ch&noUDP&sock=startd_5106_dea9>
	SlotName: slot1_9@b9p29p7541.cern.ch
	CondorScratchDir = "/pool/condor/dir_232528"
	Cpus = 4
	Disk = 10996
	GPUs = 0
	Memory = 12000
...
006 (10610887.421.000) 12/16 07:50:17 Image size of job updated: 40104
	40  -  MemoryUsage of job (MB)
	40104  -  ResidentSetSize of job (KB)
...
006 (10610887.421.000) 12/16 07:55:18 Image size of job updated: 40524
	40  -  MemoryUsage of job (MB)
	40104  -  ResidentSetSize of job (KB)
...
040 (10610887.421.000) 12/16 09:25:42 Started transferring output files
...
040 (10610887.421.000) 12/16 09:25:43 Finished transferring output files
...
005 (10610887.421.000) 12/16 09:25:43 Job terminated.
	(1) Normal termination (return value 0)
		Usr 0 01:33:50, Sys 0 00:00:12  -  Run Remote Usage
		Usr 0 00:00:00, Sys 0 00:00:00  -  Run Local Usage
		Usr 0 01:33:50, Sys 0 00:00:12  -  Total Remote Usage
		Usr 0 00:00:00, Sys 0 00:00:00  -  Total Local Usage
	0  -  Run Bytes Sent By Job
	7584148  -  Run Bytes Received By Job
	0  -  Total Bytes Sent By Job
	7584148  -  Total Bytes Received By Job
	Partitionable Resources :    Usage  Request Allocated 
	   Cpus                 :     0.97        4         4 
	   Disk (KB)            : 32618        7500     10996 
	   GPUs                 :                           0 
	   Memory (MB)          :    40       12000     12000 
	   TimeExecute (s)      :  5739                       
	   TimeSlotBusy (s)     :  5740                       

	Job terminated of its own accord at 2025-12-16T08:25:42Z with exit-code 0.
...
