000 (10613550.344.000) 12/16 14:40:59 Job submitted from host: <188.185.71.83:9618?addrs=188.185.71.83-9618+[2001-1458-d00-7--100-34d]-9618&alias=bigbird18.cern.ch&noUDP&sock=schedd_5052_d48c>
...
040 (10613550.344.000) 12/16 15:56:25 Started transferring input files
	Transferring to host: <188.185.211.156:9618?addrs=188.185.211.156-9618+[2001-1458-303-17--100-18]-9618&alias=b9p24p9989.cern.ch&noUDP&sock=slot1_12_6595_8625_88087>
...
001 (10613550.344.000) 12/16 15:56:25 Job executing on host: <188.185.211.156:9618?addrs=188.185.211.156-9618+[2001-1458-303-17--100-18]-9618&alias=b9p24p9989.cern.ch&noUDP&sock=startd_5833_8803>
	SlotName: slot1_12@b9p24p9989.cern.ch
	CondorScratchDir = "/pool/condor/dir_2432932"
	Cpus = 4
	Disk = 10709
	GPUs = 0
	Memory = 12000
...
040 (10613550.344.000) 12/16 15:56:25 Finished transferring input files
...
006 (10613550.344.000) 12/16 15:56:39 Image size of job updated: 37524
	37  -  MemoryUsage of job (MB)
	37524  -  ResidentSetSize of job (KB)
...
006 (10613550.344.000) 12/16 16:01:40 Image size of job updated: 37944
	37  -  MemoryUsage of job (MB)
	37524  -  ResidentSetSize of job (KB)
...
040 (10613550.344.000) 12/16 17:22:29 Started transferring output files
...
040 (10613550.344.000) 12/16 17:22:29 Finished transferring output files
...
005 (10613550.344.000) 12/16 17:22:29 Job terminated.
	(1) Normal termination (return value 0)
		Usr 0 01:25:03, Sys 0 00:00:06  -  Run Remote Usage
		Usr 0 00:00:00, Sys 0 00:00:00  -  Run Local Usage
		Usr 0 01:25:03, Sys 0 00:00:06  -  Total Remote Usage
		Usr 0 00:00:00, Sys 0 00:00:00  -  Total Local Usage
	0  -  Run Bytes Sent By Job
	7584148  -  Run Bytes Received By Job
	0  -  Total Bytes Sent By Job
	7584148  -  Total Bytes Received By Job
	Partitionable Resources :    Usage  Request Allocated 
	   Cpus                 :     0.99        4         4 
	   Disk (KB)            : 32920        7500     10709 
	   GPUs                 :                           0 
	   Memory (MB)          :    37       12000     12000 
	   TimeExecute (s)      :  5163                       
	   TimeSlotBusy (s)     :  5164                       

	Job terminated of its own accord at 2025-12-16T16:22:28Z with exit-code 0.
...
