000 (10610889.199.000) 12/16 07:15:00 Job submitted from host: <188.185.71.83:9618?addrs=188.185.71.83-9618+[2001-1458-d00-7--100-34d]-9618&alias=bigbird18.cern.ch&noUDP&sock=schedd_5052_d48c>
...
040 (10610889.199.000) 12/16 13:31:17 Started transferring input files
	Transferring to host: <188.185.212.31:9618?addrs=188.185.212.31-9618+[2001-1458-303-18--100-1b]-9618&alias=b9p25p2573.cern.ch&noUDP&sock=slot1_4_4901_f2a0_89901>
...
040 (10610889.199.000) 12/16 13:31:17 Finished transferring input files
...
001 (10610889.199.000) 12/16 13:31:17 Job executing on host: <188.185.212.31:9618?addrs=188.185.212.31-9618+[2001-1458-303-18--100-1b]-9618&alias=b9p25p2573.cern.ch&noUDP&sock=startd_3989_b360>
	SlotName: slot1_4@b9p25p2573.cern.ch
	CondorScratchDir = "/pool/condor/dir_1857842"
	Cpus = 4
	Disk = 10921
	GPUs = 0
	Memory = 12000
...
006 (10610889.199.000) 12/16 13:31:31 Image size of job updated: 37508
	37  -  MemoryUsage of job (MB)
	37508  -  ResidentSetSize of job (KB)
...
006 (10610889.199.000) 12/16 13:36:32 Image size of job updated: 37928
	37  -  MemoryUsage of job (MB)
	37508  -  ResidentSetSize of job (KB)
...
006 (10610889.199.000) 12/16 15:04:35 Image size of job updated: 118444
	37  -  MemoryUsage of job (MB)
	37508  -  ResidentSetSize of job (KB)
...
040 (10610889.199.000) 12/16 15:04:35 Started transferring output files
...
040 (10610889.199.000) 12/16 15:04:36 Finished transferring output files
...
005 (10610889.199.000) 12/16 15:04:36 Job terminated.
	(1) Normal termination (return value 0)
		Usr 0 01:32:02, Sys 0 00:00:11  -  Run Remote Usage
		Usr 0 00:00:00, Sys 0 00:00:00  -  Run Local Usage
		Usr 0 01:32:02, Sys 0 00:00:11  -  Total Remote Usage
		Usr 0 00:00:00, Sys 0 00:00:00  -  Total Local Usage
	0  -  Run Bytes Sent By Job
	7584148  -  Run Bytes Received By Job
	0  -  Total Bytes Sent By Job
	7584148  -  Total Bytes Received By Job
	Partitionable Resources :    Usage  Request Allocated 
	   Cpus                 :     0.99        4         4 
	   Disk (KB)            : 33073        7500     10921 
	   GPUs                 :                           0 
	   Memory (MB)          :    37       12000     12000 
	   TimeExecute (s)      :  5598                       
	   TimeSlotBusy (s)     :  5600                       

	Job terminated of its own accord at 2025-12-16T14:04:35Z with exit-code 0.
...
