000 (10610889.744.000) 12/16 07:15:01 Job submitted from host: <188.185.71.83:9618?addrs=188.185.71.83-9618+[2001-1458-d00-7--100-34d]-9618&alias=bigbird18.cern.ch&noUDP&sock=schedd_5052_d48c>
...
040 (10610889.744.000) 12/16 14:25:56 Started transferring input files
	Transferring to host: <188.185.211.174:9618?addrs=188.185.211.174-9618+[2001-1458-303-17--100-2a]-9618&alias=b9p24p8227.cern.ch&noUDP&sock=slot1_8_5662_241f_89176>
...
040 (10610889.744.000) 12/16 14:25:56 Finished transferring input files
...
001 (10610889.744.000) 12/16 14:25:56 Job executing on host: <188.185.211.174:9618?addrs=188.185.211.174-9618+[2001-1458-303-17--100-2a]-9618&alias=b9p24p8227.cern.ch&noUDP&sock=startd_4646_5919>
	SlotName: slot1_8@b9p24p8227.cern.ch
	CondorScratchDir = "/pool/condor/dir_108310"
	Cpus = 4
	Disk = 10990
	GPUs = 0
	Memory = 12000
...
006 (10610889.744.000) 12/16 14:26:10 Image size of job updated: 42596
	42  -  MemoryUsage of job (MB)
	42596  -  ResidentSetSize of job (KB)
...
006 (10610889.744.000) 12/16 14:31:11 Image size of job updated: 42688
	42  -  MemoryUsage of job (MB)
	42596  -  ResidentSetSize of job (KB)
...
006 (10610889.744.000) 12/16 16:00:58 Image size of job updated: 123272
	42  -  MemoryUsage of job (MB)
	42596  -  ResidentSetSize of job (KB)
...
040 (10610889.744.000) 12/16 16:00:58 Started transferring output files
...
040 (10610889.744.000) 12/16 16:00:59 Finished transferring output files
...
005 (10610889.744.000) 12/16 16:00:59 Job terminated.
	(1) Normal termination (return value 0)
		Usr 0 01:34:02, Sys 0 00:00:06  -  Run Remote Usage
		Usr 0 00:00:00, Sys 0 00:00:00  -  Run Local Usage
		Usr 0 01:34:02, Sys 0 00:00:06  -  Total Remote Usage
		Usr 0 00:00:00, Sys 0 00:00:00  -  Total Local Usage
	0  -  Run Bytes Sent By Job
	7584148  -  Run Bytes Received By Job
	0  -  Total Bytes Sent By Job
	7584148  -  Total Bytes Received By Job
	Partitionable Resources :    Usage  Request Allocated 
	   Cpus                 :     0.99        4         4 
	   Disk (KB)            : 33289        7500     10990 
	   GPUs                 :                           0 
	   Memory (MB)          :    42       12000     12000 
	   TimeExecute (s)      :  5702                       
	   TimeSlotBusy (s)     :  5703                       

	Job terminated of its own accord at 2025-12-16T15:00:58Z with exit-code 0.
...
