000 (10610889.710.000) 12/16 07:15:01 Job submitted from host: <188.185.71.83:9618?addrs=188.185.71.83-9618+[2001-1458-d00-7--100-34d]-9618&alias=bigbird18.cern.ch&noUDP&sock=schedd_5052_d48c>
...
040 (10610889.710.000) 12/16 14:25:46 Started transferring input files
	Transferring to host: <128.142.132.103:9618?addrs=128.142.132.103-9618+[2001-1458-301-5a--100-5b]-9618&alias=b9g12p0948.cern.ch&noUDP&sock=slot1_16_3343595_e737_27447>
...
040 (10610889.710.000) 12/16 14:25:46 Finished transferring input files
...
001 (10610889.710.000) 12/16 14:25:46 Job executing on host: <128.142.132.103:9618?addrs=128.142.132.103-9618+[2001-1458-301-5a--100-5b]-9618&alias=b9g12p0948.cern.ch&noUDP&sock=startd_2441_e6c4>
	SlotName: slot1_16@b9g12p0948.cern.ch
	CondorScratchDir = "/pool/condor/dir_456540"
	Cpus = 4
	Disk = 9814
	GPUs = 0
	Memory = 12000
...
006 (10610889.710.000) 12/16 14:26:00 Image size of job updated: 26136
	26  -  MemoryUsage of job (MB)
	26136  -  ResidentSetSize of job (KB)
...
006 (10610889.710.000) 12/16 14:31:01 Image size of job updated: 26556
	26  -  MemoryUsage of job (MB)
	26136  -  ResidentSetSize of job (KB)
...
006 (10610889.710.000) 12/16 17:04:32 Image size of job updated: 28944
	26  -  MemoryUsage of job (MB)
	26136  -  ResidentSetSize of job (KB)
...
040 (10610889.710.000) 12/16 17:04:33 Started transferring output files
...
040 (10610889.710.000) 12/16 17:04:33 Finished transferring output files
...
005 (10610889.710.000) 12/16 17:04:33 Job terminated.
	(1) Normal termination (return value 0)
		Usr 0 02:36:56, Sys 0 00:00:13  -  Run Remote Usage
		Usr 0 00:00:00, Sys 0 00:00:00  -  Run Local Usage
		Usr 0 02:36:56, Sys 0 00:00:13  -  Total Remote Usage
		Usr 0 00:00:00, Sys 0 00:00:00  -  Total Local Usage
	0  -  Run Bytes Sent By Job
	7584148  -  Run Bytes Received By Job
	0  -  Total Bytes Sent By Job
	7584148  -  Total Bytes Received By Job
	Partitionable Resources :    Usage  Request Allocated 
	   Cpus                 :     0.99        4         4 
	   Disk (KB)            : 33201        7500      9814 
	   GPUs                 :                           0 
	   Memory (MB)          :    26       12000     12000 
	   TimeExecute (s)      :  9526                       
	   TimeSlotBusy (s)     :  9528                       

	Job terminated of its own accord at 2025-12-16T16:04:32Z with exit-code 0.
...
