000 (10610888.753.000) 12/16 07:14:44 Job submitted from host: <188.185.71.83:9618?addrs=188.185.71.83-9618+[2001-1458-d00-7--100-34d]-9618&alias=bigbird18.cern.ch&noUDP&sock=schedd_5052_d48c>
...
040 (10610888.753.000) 12/16 09:39:44 Started transferring input files
	Transferring to host: <188.185.204.161:9618?addrs=188.185.204.161-9618+[2001-1458-303-8--100-95]-9618&alias=b9p02p1823.cern.ch&noUDP&sock=slot1_18_7353_9a84_78300>
...
040 (10610888.753.000) 12/16 09:39:44 Finished transferring input files
...
001 (10610888.753.000) 12/16 09:39:44 Job executing on host: <188.185.204.161:9618?addrs=188.185.204.161-9618+[2001-1458-303-8--100-95]-9618&alias=b9p02p1823.cern.ch&noUDP&sock=startd_6397_636d>
	SlotName: slot1_18@b9p02p1823.cern.ch
	CondorScratchDir = "/pool/condor/dir_3485858"
	Cpus = 4
	Disk = 10954
	GPUs = 0
	Memory = 12000
...
006 (10610888.753.000) 12/16 09:39:58 Image size of job updated: 42232
	42  -  MemoryUsage of job (MB)
	42232  -  ResidentSetSize of job (KB)
...
006 (10610888.753.000) 12/16 09:44:59 Image size of job updated: 42640
	42  -  MemoryUsage of job (MB)
	42232  -  ResidentSetSize of job (KB)
...
006 (10610888.753.000) 12/16 11:31:49 Image size of job updated: 123244
	42  -  MemoryUsage of job (MB)
	42232  -  ResidentSetSize of job (KB)
...
040 (10610888.753.000) 12/16 11:31:50 Started transferring output files
...
040 (10610888.753.000) 12/16 11:31:50 Finished transferring output files
...
005 (10610888.753.000) 12/16 11:31:50 Job terminated.
	(1) Normal termination (return value 0)
		Usr 0 01:49:25, Sys 0 00:00:18  -  Run Remote Usage
		Usr 0 00:00:00, Sys 0 00:00:00  -  Run Local Usage
		Usr 0 01:49:25, Sys 0 00:00:18  -  Total Remote Usage
		Usr 0 00:00:00, Sys 0 00:00:00  -  Total Local Usage
	0  -  Run Bytes Sent By Job
	7584148  -  Run Bytes Received By Job
	0  -  Total Bytes Sent By Job
	7584148  -  Total Bytes Received By Job
	Partitionable Resources :    Usage  Request Allocated 
	   Cpus                 :     0.98        4         4 
	   Disk (KB)            : 32821        7500     10954 
	   GPUs                 :                           0 
	   Memory (MB)          :    42       12000     12000 
	   TimeExecute (s)      :  6725                       
	   TimeSlotBusy (s)     :  6726                       

	Job terminated of its own accord at 2025-12-16T10:31:49Z with exit-code 0.
...
