000 (10610888.068.000) 12/16 07:14:44 Job submitted from host: <188.185.71.83:9618?addrs=188.185.71.83-9618+[2001-1458-d00-7--100-34d]-9618&alias=bigbird18.cern.ch&noUDP&sock=schedd_5052_d48c>
...
040 (10610888.068.000) 12/16 08:01:22 Started transferring input files
	Transferring to host: <188.185.208.15:9618?addrs=188.185.208.15-9618+[2001-1458-303-f--100-c]-9618&alias=b9p09p9130.cern.ch&noUDP&sock=slot1_9_7192_2a1e_78215>
...
040 (10610888.068.000) 12/16 08:01:22 Finished transferring input files
...
001 (10610888.068.000) 12/16 08:01:22 Job executing on host: <188.185.208.15:9618?addrs=188.185.208.15-9618+[2001-1458-303-f--100-c]-9618&alias=b9p09p9130.cern.ch&noUDP&sock=startd_6350_267a>
	SlotName: slot1_9@b9p09p9130.cern.ch
	CondorScratchDir = "/pool/condor/dir_873535"
	Cpus = 4
	Disk = 10792
	GPUs = 0
	Memory = 12000
...
006 (10610888.068.000) 12/16 08:01:36 Image size of job updated: 40176
	40  -  MemoryUsage of job (MB)
	40176  -  ResidentSetSize of job (KB)
...
006 (10610888.068.000) 12/16 08:06:37 Image size of job updated: 40580
	40  -  MemoryUsage of job (MB)
	40176  -  ResidentSetSize of job (KB)
...
006 (10610888.068.000) 12/16 09:29:16 Image size of job updated: 121188
	40  -  MemoryUsage of job (MB)
	40176  -  ResidentSetSize of job (KB)
...
040 (10610888.068.000) 12/16 09:29:16 Started transferring output files
...
040 (10610888.068.000) 12/16 09:29:17 Finished transferring output files
...
005 (10610888.068.000) 12/16 09:29:17 Job terminated.
	(1) Normal termination (return value 0)
		Usr 0 01:26:35, Sys 0 00:00:08  -  Run Remote Usage
		Usr 0 00:00:00, Sys 0 00:00:00  -  Run Local Usage
		Usr 0 01:26:35, Sys 0 00:00:08  -  Total Remote Usage
		Usr 0 00:00:00, Sys 0 00:00:00  -  Total Local Usage
	0  -  Run Bytes Sent By Job
	7584148  -  Run Bytes Received By Job
	0  -  Total Bytes Sent By Job
	7584148  -  Total Bytes Received By Job
	Partitionable Resources :    Usage  Request Allocated 
	   Cpus                 :     0.99        4         4 
	   Disk (KB)            : 33139        7500     10792 
	   GPUs                 :                           0 
	   Memory (MB)          :    40       12000     12000 
	   TimeExecute (s)      :  5274                       
	   TimeSlotBusy (s)     :  5276                       

	Job terminated of its own accord at 2025-12-16T08:29:16Z with exit-code 0.
...
