000 (10610888.965.000) 12/16 07:14:45 Job submitted from host: <188.185.71.83:9618?addrs=188.185.71.83-9618+[2001-1458-d00-7--100-34d]-9618&alias=bigbird18.cern.ch&noUDP&sock=schedd_5052_d48c>
...
040 (10610888.965.000) 12/16 10:12:32 Started transferring input files
	Transferring to host: <128.142.192.195:9618?addrs=128.142.192.195-9618+[2001-1458-301-56--100-3f]-9618&alias=b9g18p1888.cern.ch&noUDP&sock=slot1_7_3185_dedb_108496>
...
040 (10610888.965.000) 12/16 10:12:32 Finished transferring input files
...
001 (10610888.965.000) 12/16 10:12:32 Job executing on host: <128.142.192.195:9618?addrs=128.142.192.195-9618+[2001-1458-301-56--100-3f]-9618&alias=b9g18p1888.cern.ch&noUDP&sock=startd_2701_3d64>
	SlotName: slot1_7@b9g18p1888.cern.ch
	CondorScratchDir = "/pool/condor/dir_1710769"
	Cpus = 4
	Disk = 11031
	GPUs = 0
	Memory = 12000
...
006 (10610888.965.000) 12/16 10:12:46 Image size of job updated: 41684
	41  -  MemoryUsage of job (MB)
	41684  -  ResidentSetSize of job (KB)
...
006 (10610888.965.000) 12/16 10:17:47 Image size of job updated: 41776
	41  -  MemoryUsage of job (MB)
	41684  -  ResidentSetSize of job (KB)
...
040 (10610888.965.000) 12/16 11:50:04 Started transferring output files
...
040 (10610888.965.000) 12/16 11:50:04 Finished transferring output files
...
005 (10610888.965.000) 12/16 11:50:04 Job terminated.
	(1) Normal termination (return value 0)
		Usr 0 01:36:37, Sys 0 00:00:06  -  Run Remote Usage
		Usr 0 00:00:00, Sys 0 00:00:00  -  Run Local Usage
		Usr 0 01:36:37, Sys 0 00:00:06  -  Total Remote Usage
		Usr 0 00:00:00, Sys 0 00:00:00  -  Total Local Usage
	0  -  Run Bytes Sent By Job
	7584148  -  Run Bytes Received By Job
	0  -  Total Bytes Sent By Job
	7584148  -  Total Bytes Received By Job
	Partitionable Resources :    Usage  Request Allocated 
	   Cpus                 :     0.99        4         4 
	   Disk (KB)            : 32619        7500     11031 
	   GPUs                 :                           0 
	   Memory (MB)          :    41       12000     12000 
	   TimeExecute (s)      :  5851                       
	   TimeSlotBusy (s)     :  5852                       

	Job terminated of its own accord at 2025-12-16T10:50:03Z with exit-code 0.
...
