000 (10613550.586.000) 12/16 14:40:59 Job submitted from host: <188.185.71.83:9618?addrs=188.185.71.83-9618+[2001-1458-d00-7--100-34d]-9618&alias=bigbird18.cern.ch&noUDP&sock=schedd_5052_d48c>
...
040 (10613550.586.000) 12/16 16:40:43 Started transferring input files
	Transferring to host: <188.185.213.209:9618?addrs=188.185.213.209-9618+[2001-1458-303-1b--100-4d]-9618&alias=b9p28p2360.cern.ch&noUDP&sock=slot1_13_9130_a92c_112662>
...
001 (10613550.586.000) 12/16 16:40:43 Job executing on host: <188.185.213.209:9618?addrs=188.185.213.209-9618+[2001-1458-303-1b--100-4d]-9618&alias=b9p28p2360.cern.ch&noUDP&sock=startd_8433_ea40>
	SlotName: slot1_13@b9p28p2360.cern.ch
	CondorScratchDir = "/pool/condor/dir_2929577"
	Cpus = 4
	Disk = 10920
	GPUs = 0
	Memory = 12000
...
040 (10613550.586.000) 12/16 16:40:43 Finished transferring input files
...
006 (10613550.586.000) 12/16 16:40:57 Image size of job updated: 37988
	38  -  MemoryUsage of job (MB)
	37988  -  ResidentSetSize of job (KB)
...
006 (10613550.586.000) 12/16 16:45:57 Image size of job updated: 38080
	38  -  MemoryUsage of job (MB)
	37988  -  ResidentSetSize of job (KB)
...
006 (10613550.586.000) 12/16 17:58:39 Image size of job updated: 118604
	38  -  MemoryUsage of job (MB)
	37988  -  ResidentSetSize of job (KB)
...
040 (10613550.586.000) 12/16 17:58:39 Started transferring output files
...
040 (10613550.586.000) 12/16 17:58:40 Finished transferring output files
...
005 (10613550.586.000) 12/16 17:58:40 Job terminated.
	(1) Normal termination (return value 0)
		Usr 0 01:17:09, Sys 0 00:00:04  -  Run Remote Usage
		Usr 0 00:00:00, Sys 0 00:00:00  -  Run Local Usage
		Usr 0 01:17:09, Sys 0 00:00:04  -  Total Remote Usage
		Usr 0 00:00:00, Sys 0 00:00:00  -  Total Local Usage
	0  -  Run Bytes Sent By Job
	7584148  -  Run Bytes Received By Job
	0  -  Total Bytes Sent By Job
	7584148  -  Total Bytes Received By Job
	Partitionable Resources :    Usage  Request Allocated 
	   Cpus                 :     0.99        4         4 
	   Disk (KB)            : 33472        7500     10920 
	   GPUs                 :                           0 
	   Memory (MB)          :    38       12000     12000 
	   TimeExecute (s)      :  4676                       
	   TimeSlotBusy (s)     :  4677                       

	Job terminated of its own accord at 2025-12-16T16:58:39Z with exit-code 0.
...
