000 (10613549.727.000) 12/16 14:40:45 Job submitted from host: <188.185.71.83:9618?addrs=188.185.71.83-9618+[2001-1458-d00-7--100-34d]-9618&alias=bigbird18.cern.ch&noUDP&sock=schedd_5052_d48c>
...
040 (10613549.727.000) 12/16 15:31:37 Started transferring input files
	Transferring to host: <188.185.213.166:9618?addrs=188.185.213.166-9618+[2001-1458-303-1b--100-22]-9618&alias=b9p28p3001.cern.ch&noUDP&sock=slot1_10_7694_de72_109247>
...
040 (10613549.727.000) 12/16 15:31:37 Finished transferring input files
...
001 (10613549.727.000) 12/16 15:31:37 Job executing on host: <188.185.213.166:9618?addrs=188.185.213.166-9618+[2001-1458-303-1b--100-22]-9618&alias=b9p28p3001.cern.ch&noUDP&sock=startd_7065_94b1>
	SlotName: slot1_10@b9p28p3001.cern.ch
	CondorScratchDir = "/pool/condor/dir_1711525"
	Cpus = 4
	Disk = 11081
	GPUs = 0
	Memory = 12000
...
006 (10613549.727.000) 12/16 15:31:51 Image size of job updated: 40084
	40  -  MemoryUsage of job (MB)
	40084  -  ResidentSetSize of job (KB)
...
006 (10613549.727.000) 12/16 15:36:52 Image size of job updated: 40504
	40  -  MemoryUsage of job (MB)
	40084  -  ResidentSetSize of job (KB)
...
006 (10613549.727.000) 12/16 16:44:59 Image size of job updated: 121028
	40  -  MemoryUsage of job (MB)
	40084  -  ResidentSetSize of job (KB)
...
040 (10613549.727.000) 12/16 16:44:59 Started transferring output files
...
040 (10613549.727.000) 12/16 16:45:00 Finished transferring output files
...
005 (10613549.727.000) 12/16 16:45:00 Job terminated.
	(1) Normal termination (return value 0)
		Usr 0 01:12:44, Sys 0 00:00:03  -  Run Remote Usage
		Usr 0 00:00:00, Sys 0 00:00:00  -  Run Local Usage
		Usr 0 01:12:44, Sys 0 00:00:03  -  Total Remote Usage
		Usr 0 00:00:00, Sys 0 00:00:00  -  Total Local Usage
	0  -  Run Bytes Sent By Job
	7584148  -  Run Bytes Received By Job
	0  -  Total Bytes Sent By Job
	7584148  -  Total Bytes Received By Job
	Partitionable Resources :    Usage  Request Allocated 
	   Cpus                 :     0.99        4         4 
	   Disk (KB)            : 33011        7500     11081 
	   GPUs                 :                           0 
	   Memory (MB)          :    40       12000     12000 
	   TimeExecute (s)      :  4402                       
	   TimeSlotBusy (s)     :  4403                       

	Job terminated of its own accord at 2025-12-16T15:44:59Z with exit-code 0.
...
