000 (10610889.041.000) 12/16 07:15:00 Job submitted from host: <188.185.71.83:9618?addrs=188.185.71.83-9618+[2001-1458-d00-7--100-34d]-9618&alias=bigbird18.cern.ch&noUDP&sock=schedd_5052_d48c>
...
040 (10610889.041.000) 12/16 10:27:59 Started transferring input files
	Transferring to host: <188.185.192.14:9618?addrs=188.185.192.14-9618+[2001-1458-303-1f--100-a]-9618&alias=b9p13p3501.cern.ch&noUDP&sock=slot1_22_6385_8f5d_88474>
...
040 (10610889.041.000) 12/16 10:27:59 Finished transferring input files
...
001 (10610889.041.000) 12/16 10:27:59 Job executing on host: <188.185.192.14:9618?addrs=188.185.192.14-9618+[2001-1458-303-1f--100-a]-9618&alias=b9p13p3501.cern.ch&noUDP&sock=startd_4589_4033>
	SlotName: slot1_22@b9p13p3501.cern.ch
	CondorScratchDir = "/pool/condor/dir_3206126"
	Cpus = 4
	Disk = 11244
	GPUs = 0
	Memory = 12000
...
006 (10610889.041.000) 12/16 10:28:13 Image size of job updated: 41548
	41  -  MemoryUsage of job (MB)
	41548  -  ResidentSetSize of job (KB)
...
006 (10610889.041.000) 12/16 10:33:14 Image size of job updated: 41968
	41  -  MemoryUsage of job (MB)
	41548  -  ResidentSetSize of job (KB)
...
006 (10610889.041.000) 12/16 12:41:52 Image size of job updated: 122492
	41  -  MemoryUsage of job (MB)
	41548  -  ResidentSetSize of job (KB)
...
040 (10610889.041.000) 12/16 12:41:52 Started transferring output files
...
040 (10610889.041.000) 12/16 12:41:53 Finished transferring output files
...
005 (10610889.041.000) 12/16 12:41:53 Job terminated.
	(1) Normal termination (return value 0)
		Usr 0 02:12:43, Sys 0 00:00:08  -  Run Remote Usage
		Usr 0 00:00:00, Sys 0 00:00:00  -  Run Local Usage
		Usr 0 02:12:43, Sys 0 00:00:08  -  Total Remote Usage
		Usr 0 00:00:00, Sys 0 00:00:00  -  Total Local Usage
	0  -  Run Bytes Sent By Job
	7584148  -  Run Bytes Received By Job
	0  -  Total Bytes Sent By Job
	7584148  -  Total Bytes Received By Job
	Partitionable Resources :    Usage  Request Allocated 
	   Cpus                 :     0.99        4         4 
	   Disk (KB)            : 32998        7500     11244 
	   GPUs                 :                           0 
	   Memory (MB)          :    41       12000     12000 
	   TimeExecute (s)      :  8033                       
	   TimeSlotBusy (s)     :  8034                       

	Job terminated of its own accord at 2025-12-16T11:41:52Z with exit-code 0.
...
