000 (10613549.247.000) 12/16 14:40:44 Job submitted from host: <188.185.71.83:9618?addrs=188.185.71.83-9618+[2001-1458-d00-7--100-34d]-9618&alias=bigbird18.cern.ch&noUDP&sock=schedd_5052_d48c>
...
040 (10613549.247.000) 12/16 15:28:58 Started transferring input files
	Transferring to host: <188.185.213.209:9618?addrs=188.185.213.209-9618+[2001-1458-303-1b--100-4d]-9618&alias=b9p28p2360.cern.ch&noUDP&sock=slot1_13_9130_a92c_112607>
...
040 (10613549.247.000) 12/16 15:28:58 Finished transferring input files
...
001 (10613549.247.000) 12/16 15:28:58 Job executing on host: <188.185.213.209:9618?addrs=188.185.213.209-9618+[2001-1458-303-1b--100-4d]-9618&alias=b9p28p2360.cern.ch&noUDP&sock=startd_8433_ea40>
	SlotName: slot1_13@b9p28p2360.cern.ch
	CondorScratchDir = "/pool/condor/dir_2869201"
	Cpus = 4
	Disk = 10993
	GPUs = 0
	Memory = 12000
...
006 (10613549.247.000) 12/16 15:29:12 Image size of job updated: 38000
	38  -  MemoryUsage of job (MB)
	38000  -  ResidentSetSize of job (KB)
...
006 (10613549.247.000) 12/16 15:34:13 Image size of job updated: 38420
	38  -  MemoryUsage of job (MB)
	38000  -  ResidentSetSize of job (KB)
...
040 (10613549.247.000) 12/16 16:40:41 Started transferring output files
...
040 (10613549.247.000) 12/16 16:40:41 Finished transferring output files
...
005 (10613549.247.000) 12/16 16:40:42 Job terminated.
	(1) Normal termination (return value 0)
		Usr 0 01:10:54, Sys 0 00:00:07  -  Run Remote Usage
		Usr 0 00:00:00, Sys 0 00:00:00  -  Run Local Usage
		Usr 0 01:10:54, Sys 0 00:00:07  -  Total Remote Usage
		Usr 0 00:00:00, Sys 0 00:00:00  -  Total Local Usage
	0  -  Run Bytes Sent By Job
	7584148  -  Run Bytes Received By Job
	0  -  Total Bytes Sent By Job
	7584148  -  Total Bytes Received By Job
	Partitionable Resources :    Usage  Request Allocated 
	   Cpus                 :     0.99        4         4 
	   Disk (KB)            : 32015        7500     10993 
	   GPUs                 :                           0 
	   Memory (MB)          :    38       12000     12000 
	   TimeExecute (s)      :  4303                       
	   TimeSlotBusy (s)     :  4304                       

	Job terminated of its own accord at 2025-12-16T15:40:41Z with exit-code 0.
...
