000 (10613550.015.000) 12/16 14:40:58 Job submitted from host: <188.185.71.83:9618?addrs=188.185.71.83-9618+[2001-1458-d00-7--100-34d]-9618&alias=bigbird18.cern.ch&noUDP&sock=schedd_5052_d48c>
...
040 (10613550.015.000) 12/16 15:35:21 Started transferring input files
	Transferring to host: <188.185.211.99:9618?addrs=188.185.211.99-9618+[2001-1458-303-16--100-5f]-9618&alias=b9p23p6264.cern.ch&noUDP&sock=slot1_12_10050_e252_93261>
...
040 (10613550.015.000) 12/16 15:35:21 Finished transferring input files
...
001 (10613550.015.000) 12/16 15:35:21 Job executing on host: <188.185.211.99:9618?addrs=188.185.211.99-9618+[2001-1458-303-16--100-5f]-9618&alias=b9p23p6264.cern.ch&noUDP&sock=startd_9322_b1f2>
	SlotName: slot1_12@b9p23p6264.cern.ch
	CondorScratchDir = "/pool/condor/dir_2965928"
	Cpus = 4
	Disk = 11079
	GPUs = 0
	Memory = 12000
...
006 (10613550.015.000) 12/16 15:35:35 Image size of job updated: 37472
	37  -  MemoryUsage of job (MB)
	37472  -  ResidentSetSize of job (KB)
...
006 (10613550.015.000) 12/16 15:40:36 Image size of job updated: 37892
	37  -  MemoryUsage of job (MB)
	37472  -  ResidentSetSize of job (KB)
...
006 (10613550.015.000) 12/16 16:55:13 Image size of job updated: 118420
	37  -  MemoryUsage of job (MB)
	37472  -  ResidentSetSize of job (KB)
...
040 (10613550.015.000) 12/16 16:55:13 Started transferring output files
...
040 (10613550.015.000) 12/16 16:55:14 Finished transferring output files
...
005 (10613550.015.000) 12/16 16:55:14 Job terminated.
	(1) Normal termination (return value 0)
		Usr 0 01:18:51, Sys 0 00:00:09  -  Run Remote Usage
		Usr 0 00:00:00, Sys 0 00:00:00  -  Run Local Usage
		Usr 0 01:18:51, Sys 0 00:00:09  -  Total Remote Usage
		Usr 0 00:00:00, Sys 0 00:00:00  -  Total Local Usage
	0  -  Run Bytes Sent By Job
	7584148  -  Run Bytes Received By Job
	0  -  Total Bytes Sent By Job
	7584148  -  Total Bytes Received By Job
	Partitionable Resources :    Usage  Request Allocated 
	   Cpus                 :     0.99        4         4 
	   Disk (KB)            : 32676        7500     11079 
	   GPUs                 :                           0 
	   Memory (MB)          :    37       12000     12000 
	   TimeExecute (s)      :  4792                       
	   TimeSlotBusy (s)     :  4793                       

	Job terminated of its own accord at 2025-12-16T15:55:13Z with exit-code 0.
...
