000 (10610887.859.000) 12/16 07:14:32 Job submitted from host: <188.185.71.83:9618?addrs=188.185.71.83-9618+[2001-1458-d00-7--100-34d]-9618&alias=bigbird18.cern.ch&noUDP&sock=schedd_5052_d48c>
...
040 (10610887.859.000) 12/16 07:59:43 Started transferring input files
	Transferring to host: <188.185.213.139:9618?addrs=188.185.213.139-9618+[2001-1458-303-1b--100-7]-9618&alias=b9p28p3597.cern.ch&noUDP&sock=slot1_1_5615_067d_111015>
...
040 (10610887.859.000) 12/16 07:59:43 Finished transferring input files
...
001 (10610887.859.000) 12/16 07:59:43 Job executing on host: <188.185.213.139:9618?addrs=188.185.213.139-9618+[2001-1458-303-1b--100-7]-9618&alias=b9p28p3597.cern.ch&noUDP&sock=startd_4564_1a54>
	SlotName: slot1_1@b9p28p3597.cern.ch
	CondorScratchDir = "/pool/condor/dir_2996122"
	Cpus = 4
	Disk = 10935
	GPUs = 0
	Memory = 12000
...
006 (10610887.859.000) 12/16 07:59:57 Image size of job updated: 38020
	38  -  MemoryUsage of job (MB)
	38020  -  ResidentSetSize of job (KB)
...
006 (10610887.859.000) 12/16 08:04:58 Image size of job updated: 38116
	38  -  MemoryUsage of job (MB)
	38020  -  ResidentSetSize of job (KB)
...
006 (10610887.859.000) 12/16 09:42:37 Image size of job updated: 118636
	38  -  MemoryUsage of job (MB)
	38020  -  ResidentSetSize of job (KB)
...
040 (10610887.859.000) 12/16 09:42:38 Started transferring output files
...
040 (10610887.859.000) 12/16 09:42:38 Finished transferring output files
...
005 (10610887.859.000) 12/16 09:42:38 Job terminated.
	(1) Normal termination (return value 0)
		Usr 0 01:40:53, Sys 0 00:00:15  -  Run Remote Usage
		Usr 0 00:00:00, Sys 0 00:00:00  -  Run Local Usage
		Usr 0 01:40:53, Sys 0 00:00:15  -  Total Remote Usage
		Usr 0 00:00:00, Sys 0 00:00:00  -  Total Local Usage
	0  -  Run Bytes Sent By Job
	7584148  -  Run Bytes Received By Job
	0  -  Total Bytes Sent By Job
	7584148  -  Total Bytes Received By Job
	Partitionable Resources :    Usage  Request Allocated 
	   Cpus                 :     0.99        4         4 
	   Disk (KB)            : 33024        7500     10935 
	   GPUs                 :                           0 
	   Memory (MB)          :    38       12000     12000 
	   TimeExecute (s)      :  6174                       
	   TimeSlotBusy (s)     :  6176                       

	Job terminated of its own accord at 2025-12-16T08:42:37Z with exit-code 0.
...
