000 (10613550.907.000) 12/16 14:41:00 Job submitted from host: <188.185.71.83:9618?addrs=188.185.71.83-9618+[2001-1458-d00-7--100-34d]-9618&alias=bigbird18.cern.ch&noUDP&sock=schedd_5052_d48c>
...
040 (10613550.907.000) 12/16 16:53:45 Started transferring input files
	Transferring to host: <188.185.212.159:9618?addrs=188.185.212.159-9618+[2001-1458-303-19--100-1b]-9618&alias=b9p26p7607.cern.ch&noUDP&sock=slot1_3_6992_3f15_94214>
...
040 (10613550.907.000) 12/16 16:53:45 Finished transferring input files
...
001 (10613550.907.000) 12/16 16:53:45 Job executing on host: <188.185.212.159:9618?addrs=188.185.212.159-9618+[2001-1458-303-19--100-1b]-9618&alias=b9p26p7607.cern.ch&noUDP&sock=startd_6098_4c9c>
	SlotName: slot1_3@b9p26p7607.cern.ch
	CondorScratchDir = "/pool/condor/dir_829110"
	Cpus = 4
	Disk = 10749
	GPUs = 0
	Memory = 12000
...
006 (10613550.907.000) 12/16 16:53:59 Image size of job updated: 37520
	37  -  MemoryUsage of job (MB)
	37520  -  ResidentSetSize of job (KB)
...
006 (10613550.907.000) 12/16 16:59:00 Image size of job updated: 37940
	37  -  MemoryUsage of job (MB)
	37520  -  ResidentSetSize of job (KB)
...
006 (10613550.907.000) 12/16 18:13:57 Image size of job updated: 118468
	37  -  MemoryUsage of job (MB)
	37520  -  ResidentSetSize of job (KB)
...
040 (10613550.907.000) 12/16 18:13:57 Started transferring output files
...
040 (10613550.907.000) 12/16 18:13:58 Finished transferring output files
...
005 (10613550.907.000) 12/16 18:13:58 Job terminated.
	(1) Normal termination (return value 0)
		Usr 0 01:19:15, Sys 0 00:00:06  -  Run Remote Usage
		Usr 0 00:00:00, Sys 0 00:00:00  -  Run Local Usage
		Usr 0 01:19:15, Sys 0 00:00:06  -  Total Remote Usage
		Usr 0 00:00:00, Sys 0 00:00:00  -  Total Local Usage
	0  -  Run Bytes Sent By Job
	7584148  -  Run Bytes Received By Job
	0  -  Total Bytes Sent By Job
	7584148  -  Total Bytes Received By Job
	Partitionable Resources :    Usage  Request Allocated 
	   Cpus                 :     0.99        4         4 
	   Disk (KB)            : 33542        7500     10749 
	   GPUs                 :                           0 
	   Memory (MB)          :    37       12000     12000 
	   TimeExecute (s)      :  4812                       
	   TimeSlotBusy (s)     :  4813                       

	Job terminated of its own accord at 2025-12-16T17:13:57Z with exit-code 0.
...
