000 (10610887.668.000) 12/16 07:14:31 Job submitted from host: <188.185.71.83:9618?addrs=188.185.71.83-9618+[2001-1458-d00-7--100-34d]-9618&alias=bigbird18.cern.ch&noUDP&sock=schedd_5052_d48c>
...
040 (10610887.668.000) 12/16 07:54:59 Started transferring input files
	Transferring to host: <188.185.210.173:9618?addrs=188.185.210.173-9618+[2001-1458-303-15--100-29]-9618&alias=b9p22p6887.cern.ch&noUDP&sock=slot1_4_6060_9170_116314>
...
040 (10610887.668.000) 12/16 07:54:59 Finished transferring input files
...
001 (10610887.668.000) 12/16 07:54:59 Job executing on host: <188.185.210.173:9618?addrs=188.185.210.173-9618+[2001-1458-303-15--100-29]-9618&alias=b9p22p6887.cern.ch&noUDP&sock=startd_5249_f4b4>
	SlotName: slot1_4@b9p22p6887.cern.ch
	CondorScratchDir = "/pool/condor/dir_3326376"
	Cpus = 4
	Disk = 11017
	GPUs = 0
	Memory = 12000
...
006 (10610887.668.000) 12/16 07:55:12 Image size of job updated: 37500
	37  -  MemoryUsage of job (MB)
	37500  -  ResidentSetSize of job (KB)
...
006 (10610887.668.000) 12/16 08:00:12 Image size of job updated: 37920
	37  -  MemoryUsage of job (MB)
	37500  -  ResidentSetSize of job (KB)
...
006 (10610887.668.000) 12/16 09:17:30 Image size of job updated: 118460
	37  -  MemoryUsage of job (MB)
	37500  -  ResidentSetSize of job (KB)
...
040 (10610887.668.000) 12/16 09:17:30 Started transferring output files
...
040 (10610887.668.000) 12/16 09:17:30 Finished transferring output files
...
005 (10610887.668.000) 12/16 09:17:30 Job terminated.
	(1) Normal termination (return value 0)
		Usr 0 01:21:35, Sys 0 00:00:08  -  Run Remote Usage
		Usr 0 00:00:00, Sys 0 00:00:00  -  Run Local Usage
		Usr 0 01:21:35, Sys 0 00:00:08  -  Total Remote Usage
		Usr 0 00:00:00, Sys 0 00:00:00  -  Total Local Usage
	0  -  Run Bytes Sent By Job
	7584148  -  Run Bytes Received By Job
	0  -  Total Bytes Sent By Job
	7584148  -  Total Bytes Received By Job
	Partitionable Resources :    Usage  Request Allocated 
	   Cpus                 :     0.99        4         4 
	   Disk (KB)            : 33830        7500     11017 
	   GPUs                 :                           0 
	   Memory (MB)          :    37       12000     12000 
	   TimeExecute (s)      :  4951                       
	   TimeSlotBusy (s)     :  4951                       

	Job terminated of its own accord at 2025-12-16T08:17:30Z with exit-code 0.
...
