000 (10613550.337.000) 12/16 14:40:59 Job submitted from host: <188.185.71.83:9618?addrs=188.185.71.83-9618+[2001-1458-d00-7--100-34d]-9618&alias=bigbird18.cern.ch&noUDP&sock=schedd_5052_d48c>
...
040 (10613550.337.000) 12/16 15:55:50 Started transferring input files
	Transferring to host: <188.185.207.31:9618?addrs=188.185.207.31-9618+[2001-1458-303-d--100-1c]-9618&alias=b9p07p5284.cern.ch&noUDP&sock=slot1_4_5535_a87a_85611>
...
040 (10613550.337.000) 12/16 15:55:50 Finished transferring input files
...
001 (10613550.337.000) 12/16 15:55:50 Job executing on host: <188.185.207.31:9618?addrs=188.185.207.31-9618+[2001-1458-303-d--100-1c]-9618&alias=b9p07p5284.cern.ch&noUDP&sock=startd_4621_333a>
	SlotName: slot1_4@b9p07p5284.cern.ch
	CondorScratchDir = "/pool/condor/dir_2566332"
	Cpus = 4
	Disk = 11029
	GPUs = 0
	Memory = 12000
...
006 (10613550.337.000) 12/16 15:56:04 Image size of job updated: 39572
	39  -  MemoryUsage of job (MB)
	39572  -  ResidentSetSize of job (KB)
...
006 (10613550.337.000) 12/16 16:01:04 Image size of job updated: 40020
	39  -  MemoryUsage of job (MB)
	39572  -  ResidentSetSize of job (KB)
...
006 (10613550.337.000) 12/16 17:26:12 Image size of job updated: 120596
	118  -  MemoryUsage of job (MB)
	120596  -  ResidentSetSize of job (KB)
...
040 (10613550.337.000) 12/16 17:26:15 Started transferring output files
...
040 (10613550.337.000) 12/16 17:26:15 Finished transferring output files
...
005 (10613550.337.000) 12/16 17:26:15 Job terminated.
	(1) Normal termination (return value 0)
		Usr 0 01:28:41, Sys 0 00:00:12  -  Run Remote Usage
		Usr 0 00:00:00, Sys 0 00:00:00  -  Run Local Usage
		Usr 0 01:28:41, Sys 0 00:00:12  -  Total Remote Usage
		Usr 0 00:00:00, Sys 0 00:00:00  -  Total Local Usage
	0  -  Run Bytes Sent By Job
	7584148  -  Run Bytes Received By Job
	0  -  Total Bytes Sent By Job
	7584148  -  Total Bytes Received By Job
	Partitionable Resources :    Usage  Request Allocated 
	   Cpus                 :     0.99        4         4 
	   Disk (KB)            : 33456        7500     11029 
	   GPUs                 :                           0 
	   Memory (MB)          :   118       12000     12000 
	   TimeExecute (s)      :  5424                       
	   TimeSlotBusy (s)     :  5425                       

	Job terminated of its own accord at 2025-12-16T16:26:14Z with exit-code 0.
...
