000 (10613550.241.000) 12/16 14:40:59 Job submitted from host: <188.185.71.83:9618?addrs=188.185.71.83-9618+[2001-1458-d00-7--100-34d]-9618&alias=bigbird18.cern.ch&noUDP&sock=schedd_5052_d48c>
...
040 (10613550.241.000) 12/16 15:47:31 Started transferring input files
	Transferring to host: <188.185.214.200:9618?addrs=188.185.214.200-9618+[2001-1458-303-1d--100-44]-9618&alias=b9p30p1702.cern.ch&noUDP&sock=slot1_10_3956_1c1a_29761>
...
040 (10613550.241.000) 12/16 15:47:31 Finished transferring input files
...
001 (10613550.241.000) 12/16 15:47:31 Job executing on host: <188.185.214.200:9618?addrs=188.185.214.200-9618+[2001-1458-303-1d--100-44]-9618&alias=b9p30p1702.cern.ch&noUDP&sock=startd_3278_0389>
	SlotName: slot1_10@b9p30p1702.cern.ch
	CondorScratchDir = "/pool/condor/dir_50205"
	Cpus = 4
	Disk = 10895
	GPUs = 0
	Memory = 12000
...
006 (10613550.241.000) 12/16 15:47:45 Image size of job updated: 37496
	37  -  MemoryUsage of job (MB)
	37496  -  ResidentSetSize of job (KB)
...
006 (10613550.241.000) 12/16 15:52:46 Image size of job updated: 37916
	37  -  MemoryUsage of job (MB)
	37496  -  ResidentSetSize of job (KB)
...
040 (10613550.241.000) 12/16 17:23:21 Started transferring output files
...
040 (10613550.241.000) 12/16 17:23:21 Finished transferring output files
...
005 (10613550.241.000) 12/16 17:23:21 Job terminated.
	(1) Normal termination (return value 0)
		Usr 0 01:34:36, Sys 0 00:00:07  -  Run Remote Usage
		Usr 0 00:00:00, Sys 0 00:00:00  -  Run Local Usage
		Usr 0 01:34:36, Sys 0 00:00:07  -  Total Remote Usage
		Usr 0 00:00:00, Sys 0 00:00:00  -  Total Local Usage
	0  -  Run Bytes Sent By Job
	7584148  -  Run Bytes Received By Job
	0  -  Total Bytes Sent By Job
	7584148  -  Total Bytes Received By Job
	Partitionable Resources :    Usage  Request Allocated 
	   Cpus                 :     0.99        4         4 
	   Disk (KB)            : 32523        7500     10895 
	   GPUs                 :                           0 
	   Memory (MB)          :    37       12000     12000 
	   TimeExecute (s)      :  5749                       
	   TimeSlotBusy (s)     :  5750                       

	Job terminated of its own accord at 2025-12-16T16:23:20Z with exit-code 0.
...
