000 (10610887.930.000) 12/16 07:14:32 Job submitted from host: <188.185.71.83:9618?addrs=188.185.71.83-9618+[2001-1458-d00-7--100-34d]-9618&alias=bigbird18.cern.ch&noUDP&sock=schedd_5052_d48c>
...
040 (10610887.930.000) 12/16 08:00:04 Started transferring input files
	Transferring to host: <188.185.213.92:9618?addrs=188.185.213.92-9618+[2001-1458-303-1a--100-58]-9618&alias=b9p27p9497.cern.ch&noUDP&sock=slot1_16_3542_68c9_88121>
...
040 (10610887.930.000) 12/16 08:00:04 Finished transferring input files
...
001 (10610887.930.000) 12/16 08:00:04 Job executing on host: <188.185.213.92:9618?addrs=188.185.213.92-9618+[2001-1458-303-1a--100-58]-9618&alias=b9p27p9497.cern.ch&noUDP&sock=startd_2980_9c50>
	SlotName: slot1_16@b9p27p9497.cern.ch
	CondorScratchDir = "/pool/condor/dir_3577465"
	Cpus = 4
	Disk = 10946
	GPUs = 0
	Memory = 12000
...
006 (10610887.930.000) 12/16 08:00:18 Image size of job updated: 38004
	38  -  MemoryUsage of job (MB)
	38004  -  ResidentSetSize of job (KB)
...
006 (10610887.930.000) 12/16 09:38:37 Image size of job updated: 118952
	38  -  MemoryUsage of job (MB)
	38004  -  ResidentSetSize of job (KB)
...
040 (10610887.930.000) 12/16 09:38:38 Started transferring output files
...
040 (10610887.930.000) 12/16 09:38:38 Finished transferring output files
...
005 (10610887.930.000) 12/16 09:38:38 Job terminated.
	(1) Normal termination (return value 0)
		Usr 0 01:36:04, Sys 0 00:00:12  -  Run Remote Usage
		Usr 0 00:00:00, Sys 0 00:00:00  -  Run Local Usage
		Usr 0 01:36:04, Sys 0 00:00:12  -  Total Remote Usage
		Usr 0 00:00:00, Sys 0 00:00:00  -  Total Local Usage
	0  -  Run Bytes Sent By Job
	7584148  -  Run Bytes Received By Job
	0  -  Total Bytes Sent By Job
	7584148  -  Total Bytes Received By Job
	Partitionable Resources :    Usage  Request Allocated 
	   Cpus                 :     0.99        4         4 
	   Disk (KB)            : 33464        7500     10946 
	   GPUs                 :                           0 
	   Memory (MB)          :    38       12000     12000 
	   TimeExecute (s)      :  5913                       
	   TimeSlotBusy (s)     :  5915                       

	Job terminated of its own accord at 2025-12-16T08:38:37Z with exit-code 0.
...
