000 (10613549.535.000) 12/16 14:40:45 Job submitted from host: <188.185.71.83:9618?addrs=188.185.71.83-9618+[2001-1458-d00-7--100-34d]-9618&alias=bigbird18.cern.ch&noUDP&sock=schedd_5052_d48c>
...
040 (10613549.535.000) 12/16 15:30:32 Started transferring input files
	Transferring to host: <188.185.212.87:9618?addrs=188.185.212.87-9618+[2001-1458-303-18--100-53]-9618&alias=b9p25p4065.cern.ch&noUDP&sock=slot1_27_7777_5995_93232>
...
040 (10613549.535.000) 12/16 15:30:32 Finished transferring input files
...
001 (10613549.535.000) 12/16 15:30:33 Job executing on host: <188.185.212.87:9618?addrs=188.185.212.87-9618+[2001-1458-303-18--100-53]-9618&alias=b9p25p4065.cern.ch&noUDP&sock=startd_7048_eb95>
	SlotName: slot1_27@b9p25p4065.cern.ch
	CondorScratchDir = "/pool/condor/dir_1997532"
	Cpus = 4
	Disk = 10862
	GPUs = 0
	Memory = 12000
...
006 (10613549.535.000) 12/16 15:30:46 Image size of job updated: 42120
	42  -  MemoryUsage of job (MB)
	42120  -  ResidentSetSize of job (KB)
...
006 (10613549.535.000) 12/16 15:35:46 Image size of job updated: 42544
	42  -  MemoryUsage of job (MB)
	42120  -  ResidentSetSize of job (KB)
...
040 (10613549.535.000) 12/16 16:51:19 Started transferring output files
...
040 (10613549.535.000) 12/16 16:51:19 Finished transferring output files
...
005 (10613549.535.000) 12/16 16:51:19 Job terminated.
	(1) Normal termination (return value 0)
		Usr 0 01:19:44, Sys 0 00:00:10  -  Run Remote Usage
		Usr 0 00:00:00, Sys 0 00:00:00  -  Run Local Usage
		Usr 0 01:19:44, Sys 0 00:00:10  -  Total Remote Usage
		Usr 0 00:00:00, Sys 0 00:00:00  -  Total Local Usage
	0  -  Run Bytes Sent By Job
	7584148  -  Run Bytes Received By Job
	0  -  Total Bytes Sent By Job
	7584148  -  Total Bytes Received By Job
	Partitionable Resources :    Usage  Request Allocated 
	   Cpus                 :     0.99        4         4 
	   Disk (KB)            : 32532        7500     10862 
	   GPUs                 :                           0 
	   Memory (MB)          :    42       12000     12000 
	   TimeExecute (s)      :  4845                       
	   TimeSlotBusy (s)     :  4847                       

	Job terminated of its own accord at 2025-12-16T15:51:18Z with exit-code 0.
...
