000 (10610887.265.000) 12/16 07:14:31 Job submitted from host: <188.185.71.83:9618?addrs=188.185.71.83-9618+[2001-1458-d00-7--100-34d]-9618&alias=bigbird18.cern.ch&noUDP&sock=schedd_5052_d48c>
...
040 (10610887.265.000) 12/16 07:45:16 Started transferring input files
	Transferring to host: <188.185.207.62:9618?addrs=188.185.207.62-9618+[2001-1458-303-d--100-3b]-9618&alias=b9p07p7998.cern.ch&noUDP&sock=slot1_9_4525_0591_77849>
...
040 (10610887.265.000) 12/16 07:45:16 Finished transferring input files
...
001 (10610887.265.000) 12/16 07:45:16 Job executing on host: <188.185.207.62:9618?addrs=188.185.207.62-9618+[2001-1458-303-d--100-3b]-9618&alias=b9p07p7998.cern.ch&noUDP&sock=startd_3748_650d>
	SlotName: slot1_9@b9p07p7998.cern.ch
	CondorScratchDir = "/pool/condor/dir_813608"
	Cpus = 4
	Disk = 10906
	GPUs = 0
	Memory = 12000
...
006 (10610887.265.000) 12/16 07:45:30 Image size of job updated: 43732
	43  -  MemoryUsage of job (MB)
	43732  -  ResidentSetSize of job (KB)
...
006 (10610887.265.000) 12/16 07:50:31 Image size of job updated: 44136
	43  -  MemoryUsage of job (MB)
	43732  -  ResidentSetSize of job (KB)
...
006 (10610887.265.000) 12/16 09:30:26 Image size of job updated: 124744
	43  -  MemoryUsage of job (MB)
	43732  -  ResidentSetSize of job (KB)
...
040 (10610887.265.000) 12/16 09:30:27 Started transferring output files
...
040 (10610887.265.000) 12/16 09:30:27 Finished transferring output files
...
005 (10610887.265.000) 12/16 09:30:27 Job terminated.
	(1) Normal termination (return value 0)
		Usr 0 01:43:40, Sys 0 00:00:09  -  Run Remote Usage
		Usr 0 00:00:00, Sys 0 00:00:00  -  Run Local Usage
		Usr 0 01:43:40, Sys 0 00:00:09  -  Total Remote Usage
		Usr 0 00:00:00, Sys 0 00:00:00  -  Total Local Usage
	0  -  Run Bytes Sent By Job
	7584148  -  Run Bytes Received By Job
	0  -  Total Bytes Sent By Job
	7584148  -  Total Bytes Received By Job
	Partitionable Resources :    Usage  Request Allocated 
	   Cpus                 :     0.99        4         4 
	   Disk (KB)            : 33335        7500     10906 
	   GPUs                 :                           0 
	   Memory (MB)          :    43       12000     12000 
	   TimeExecute (s)      :  6310                       
	   TimeSlotBusy (s)     :  6311                       

	Job terminated of its own accord at 2025-12-16T08:30:26Z with exit-code 0.
...
