000 (10610887.868.000) 12/16 07:14:32 Job submitted from host: <188.185.71.83:9618?addrs=188.185.71.83-9618+[2001-1458-d00-7--100-34d]-9618&alias=bigbird18.cern.ch&noUDP&sock=schedd_5052_d48c>
...
040 (10610887.868.000) 12/16 07:59:45 Started transferring input files
	Transferring to host: <188.185.194.103:9618?addrs=188.185.194.103-9618+[2001-1458-303-21--100-63]-9618&alias=b9p20p0998.cern.ch&noUDP&sock=slot1_2_5903_f289_85085>
...
040 (10610887.868.000) 12/16 07:59:45 Finished transferring input files
...
001 (10610887.868.000) 12/16 07:59:45 Job executing on host: <188.185.194.103:9618?addrs=188.185.194.103-9618+[2001-1458-303-21--100-63]-9618&alias=b9p20p0998.cern.ch&noUDP&sock=startd_4693_960c>
	SlotName: slot1_2@b9p20p0998.cern.ch
	CondorScratchDir = "/pool/condor/dir_2468717"
	Cpus = 4
	Disk = 11021
	GPUs = 0
	Memory = 12000
...
006 (10610887.868.000) 12/16 07:59:59 Image size of job updated: 38016
	38  -  MemoryUsage of job (MB)
	38016  -  ResidentSetSize of job (KB)
...
006 (10610887.868.000) 12/16 08:05:00 Image size of job updated: 38108
	38  -  MemoryUsage of job (MB)
	38016  -  ResidentSetSize of job (KB)
...
040 (10610887.868.000) 12/16 10:32:15 Started transferring output files
...
040 (10610887.868.000) 12/16 10:32:15 Finished transferring output files
...
005 (10610887.868.000) 12/16 10:32:15 Job terminated.
	(1) Normal termination (return value 0)
		Usr 0 02:31:04, Sys 0 00:00:07  -  Run Remote Usage
		Usr 0 00:00:00, Sys 0 00:00:00  -  Run Local Usage
		Usr 0 02:31:04, Sys 0 00:00:07  -  Total Remote Usage
		Usr 0 00:00:00, Sys 0 00:00:00  -  Total Local Usage
	0  -  Run Bytes Sent By Job
	7584148  -  Run Bytes Received By Job
	0  -  Total Bytes Sent By Job
	7584148  -  Total Bytes Received By Job
	Partitionable Resources :    Usage  Request Allocated 
	   Cpus                 :     0.99        4         4 
	   Disk (KB)            : 32906        7500     11021 
	   GPUs                 :                           0 
	   Memory (MB)          :    38       12000     12000 
	   TimeExecute (s)      :  9149                       
	   TimeSlotBusy (s)     :  9151                       

	Job terminated of its own accord at 2025-12-16T09:32:14Z with exit-code 0.
...
