000 (10610887.653.000) 12/16 07:14:31 Job submitted from host: <188.185.71.83:9618?addrs=188.185.71.83-9618+[2001-1458-d00-7--100-34d]-9618&alias=bigbird18.cern.ch&noUDP&sock=schedd_5052_d48c>
...
040 (10610887.653.000) 12/16 07:54:55 Started transferring input files
	Transferring to host: <188.185.213.36:9618?addrs=188.185.213.36-9618+[2001-1458-303-1a--100-20]-9618&alias=b9p27p6169.cern.ch&noUDP&sock=slot1_19_7054_ee58_90139>
...
040 (10610887.653.000) 12/16 07:54:55 Finished transferring input files
...
001 (10610887.653.000) 12/16 07:54:55 Job executing on host: <188.185.213.36:9618?addrs=188.185.213.36-9618+[2001-1458-303-1a--100-20]-9618&alias=b9p27p6169.cern.ch&noUDP&sock=startd_6253_9dca>
	SlotName: slot1_19@b9p27p6169.cern.ch
	CondorScratchDir = "/pool/condor/dir_2556645"
	Cpus = 4
	Disk = 10933
	GPUs = 0
	Memory = 12000
...
006 (10610887.653.000) 12/16 07:55:09 Image size of job updated: 41636
	41  -  MemoryUsage of job (MB)
	41636  -  ResidentSetSize of job (KB)
...
006 (10610887.653.000) 12/16 08:00:10 Image size of job updated: 42056
	41  -  MemoryUsage of job (MB)
	41636  -  ResidentSetSize of job (KB)
...
040 (10610887.653.000) 12/16 09:30:33 Started transferring output files
...
040 (10610887.653.000) 12/16 09:30:33 Finished transferring output files
...
005 (10610887.653.000) 12/16 09:30:33 Job terminated.
	(1) Normal termination (return value 0)
		Usr 0 01:34:15, Sys 0 00:00:10  -  Run Remote Usage
		Usr 0 00:00:00, Sys 0 00:00:00  -  Run Local Usage
		Usr 0 01:34:15, Sys 0 00:00:10  -  Total Remote Usage
		Usr 0 00:00:00, Sys 0 00:00:00  -  Total Local Usage
	0  -  Run Bytes Sent By Job
	7584148  -  Run Bytes Received By Job
	0  -  Total Bytes Sent By Job
	7584148  -  Total Bytes Received By Job
	Partitionable Resources :    Usage  Request Allocated 
	   Cpus                 :     0.99        4         4 
	   Disk (KB)            : 32569        7500     10933 
	   GPUs                 :                           0 
	   Memory (MB)          :    41       12000     12000 
	   TimeExecute (s)      :  5737                       
	   TimeSlotBusy (s)     :  5739                       

	Job terminated of its own accord at 2025-12-16T08:30:32Z with exit-code 0.
...
