000 (10613549.288.000) 12/16 14:40:44 Job submitted from host: <188.185.71.83:9618?addrs=188.185.71.83-9618+[2001-1458-d00-7--100-34d]-9618&alias=bigbird18.cern.ch&noUDP&sock=schedd_5052_d48c>
...
040 (10613549.288.000) 12/16 15:29:10 Started transferring input files
	Transferring to host: <188.185.210.139:9618?addrs=188.185.210.139-9618+[2001-1458-303-15--100-7]-9618&alias=b9p22p0180.cern.ch&noUDP&sock=slot1_10_4602_4674_91389>
...
040 (10613549.288.000) 12/16 15:29:10 Finished transferring input files
...
001 (10613549.288.000) 12/16 15:29:10 Job executing on host: <188.185.210.139:9618?addrs=188.185.210.139-9618+[2001-1458-303-15--100-7]-9618&alias=b9p22p0180.cern.ch&noUDP&sock=startd_3877_e0c4>
	SlotName: slot1_10@b9p22p0180.cern.ch
	CondorScratchDir = "/pool/condor/dir_1491374"
	Cpus = 4
	Disk = 10840
	GPUs = 0
	Memory = 12000
...
006 (10613549.288.000) 12/16 15:29:24 Image size of job updated: 35588
	35  -  MemoryUsage of job (MB)
	35588  -  ResidentSetSize of job (KB)
...
006 (10613549.288.000) 12/16 15:34:25 Image size of job updated: 36008
	35  -  MemoryUsage of job (MB)
	35588  -  ResidentSetSize of job (KB)
...
040 (10613549.288.000) 12/16 16:48:56 Started transferring output files
...
040 (10613549.288.000) 12/16 16:48:56 Finished transferring output files
...
005 (10613549.288.000) 12/16 16:48:56 Job terminated.
	(1) Normal termination (return value 0)
		Usr 0 01:18:46, Sys 0 00:00:08  -  Run Remote Usage
		Usr 0 00:00:00, Sys 0 00:00:00  -  Run Local Usage
		Usr 0 01:18:46, Sys 0 00:00:08  -  Total Remote Usage
		Usr 0 00:00:00, Sys 0 00:00:00  -  Total Local Usage
	0  -  Run Bytes Sent By Job
	7584148  -  Run Bytes Received By Job
	0  -  Total Bytes Sent By Job
	7584148  -  Total Bytes Received By Job
	Partitionable Resources :    Usage  Request Allocated 
	   Cpus                 :     0.99        4         4 
	   Disk (KB)            : 33488        7500     10840 
	   GPUs                 :                           0 
	   Memory (MB)          :    35       12000     12000 
	   TimeExecute (s)      :  4785                       
	   TimeSlotBusy (s)     :  4786                       

	Job terminated of its own accord at 2025-12-16T15:48:55Z with exit-code 0.
...
