000 (10613550.994.000) 12/16 14:41:00 Job submitted from host: <188.185.71.83:9618?addrs=188.185.71.83-9618+[2001-1458-d00-7--100-34d]-9618&alias=bigbird18.cern.ch&noUDP&sock=schedd_5052_d48c>
...
040 (10613550.994.000) 12/16 16:57:41 Started transferring input files
	Transferring to host: <188.185.194.108:9618?addrs=188.185.194.108-9618+[2001-1458-303-21--100-68]-9618&alias=b9p20p9212.cern.ch&noUDP&sock=slot1_6_7040_1117_81159>
...
040 (10613550.994.000) 12/16 16:57:41 Finished transferring input files
...
001 (10613550.994.000) 12/16 16:57:41 Job executing on host: <188.185.194.108:9618?addrs=188.185.194.108-9618+[2001-1458-303-21--100-68]-9618&alias=b9p20p9212.cern.ch&noUDP&sock=startd_5761_2532>
	SlotName: slot1_6@b9p20p9212.cern.ch
	CondorScratchDir = "/pool/condor/dir_3803236"
	Cpus = 4
	Disk = 11064
	GPUs = 0
	Memory = 12000
...
006 (10613550.994.000) 12/16 16:57:54 Image size of job updated: 38764
	38  -  MemoryUsage of job (MB)
	38764  -  ResidentSetSize of job (KB)
...
006 (10613550.994.000) 12/16 17:02:54 Image size of job updated: 39180
	38  -  MemoryUsage of job (MB)
	38764  -  ResidentSetSize of job (KB)
...
006 (10613550.994.000) 12/16 19:26:53 Image size of job updated: 119788
	38  -  MemoryUsage of job (MB)
	38764  -  ResidentSetSize of job (KB)
...
040 (10613550.994.000) 12/16 19:26:54 Started transferring output files
...
040 (10613550.994.000) 12/16 19:26:54 Finished transferring output files
...
005 (10613550.994.000) 12/16 19:26:54 Job terminated.
	(1) Normal termination (return value 0)
		Usr 0 02:27:55, Sys 0 00:00:07  -  Run Remote Usage
		Usr 0 00:00:00, Sys 0 00:00:00  -  Run Local Usage
		Usr 0 02:27:55, Sys 0 00:00:07  -  Total Remote Usage
		Usr 0 00:00:00, Sys 0 00:00:00  -  Total Local Usage
	0  -  Run Bytes Sent By Job
	7584148  -  Run Bytes Received By Job
	0  -  Total Bytes Sent By Job
	7584148  -  Total Bytes Received By Job
	Partitionable Resources :    Usage  Request Allocated 
	   Cpus                 :     0.99        4         4 
	   Disk (KB)            : 33526        7500     11064 
	   GPUs                 :                           0 
	   Memory (MB)          :    38       12000     12000 
	   TimeExecute (s)      :  8952                       
	   TimeSlotBusy (s)     :  8954                       

	Job terminated of its own accord at 2025-12-16T18:26:53Z with exit-code 0.
...
