000 (10610887.727.000) 12/16 07:14:31 Job submitted from host: <188.185.71.83:9618?addrs=188.185.71.83-9618+[2001-1458-d00-7--100-34d]-9618&alias=bigbird18.cern.ch&noUDP&sock=schedd_5052_d48c>
...
040 (10610887.727.000) 12/16 07:55:21 Started transferring input files
	Transferring to host: <188.185.212.100:9618?addrs=188.185.212.100-9618+[2001-1458-303-18--100-60]-9618&alias=b9p25p0836.cern.ch&noUDP&sock=slot1_17_4348_4f2a_94570>
...
040 (10610887.727.000) 12/16 07:55:21 Finished transferring input files
...
001 (10610887.727.000) 12/16 07:55:21 Job executing on host: <188.185.212.100:9618?addrs=188.185.212.100-9618+[2001-1458-303-18--100-60]-9618&alias=b9p25p0836.cern.ch&noUDP&sock=startd_3711_040c>
	SlotName: slot1_17@b9p25p0836.cern.ch
	CondorScratchDir = "/pool/condor/dir_3578648"
	Cpus = 4
	Disk = 11071
	GPUs = 0
	Memory = 12000
...
006 (10610887.727.000) 12/16 07:55:35 Image size of job updated: 37504
	37  -  MemoryUsage of job (MB)
	37504  -  ResidentSetSize of job (KB)
...
006 (10610887.727.000) 12/16 08:00:36 Image size of job updated: 37924
	37  -  MemoryUsage of job (MB)
	37504  -  ResidentSetSize of job (KB)
...
040 (10610887.727.000) 12/16 09:13:18 Started transferring output files
...
040 (10610887.727.000) 12/16 09:13:19 Finished transferring output files
...
005 (10610887.727.000) 12/16 09:13:19 Job terminated.
	(1) Normal termination (return value 0)
		Usr 0 01:17:04, Sys 0 00:00:06  -  Run Remote Usage
		Usr 0 00:00:00, Sys 0 00:00:00  -  Run Local Usage
		Usr 0 01:17:04, Sys 0 00:00:06  -  Total Remote Usage
		Usr 0 00:00:00, Sys 0 00:00:00  -  Total Local Usage
	0  -  Run Bytes Sent By Job
	7584148  -  Run Bytes Received By Job
	0  -  Total Bytes Sent By Job
	7584148  -  Total Bytes Received By Job
	Partitionable Resources :    Usage  Request Allocated 
	   Cpus                 :     0.99        4         4 
	   Disk (KB)            : 32465        7500     11071 
	   GPUs                 :                           0 
	   Memory (MB)          :    37       12000     12000 
	   TimeExecute (s)      :  4677                       
	   TimeSlotBusy (s)     :  4679                       

	Job terminated of its own accord at 2025-12-16T08:13:18Z with exit-code 0.
...
