000 (10610889.616.000) 12/16 07:15:01 Job submitted from host: <188.185.71.83:9618?addrs=188.185.71.83-9618+[2001-1458-d00-7--100-34d]-9618&alias=bigbird18.cern.ch&noUDP&sock=schedd_5052_d48c>
...
040 (10610889.616.000) 12/16 14:14:09 Started transferring input files
	Transferring to host: <188.185.205.212:9618?addrs=188.185.205.212-9618+[2001-1458-303-a--100-51]-9618&alias=b9p04p1299.cern.ch&noUDP&sock=slot1_18_3659790_e291_9011>
...
040 (10610889.616.000) 12/16 14:14:09 Finished transferring input files
...
001 (10610889.616.000) 12/16 14:14:09 Job executing on host: <188.185.205.212:9618?addrs=188.185.205.212-9618+[2001-1458-303-a--100-51]-9618&alias=b9p04p1299.cern.ch&noUDP&sock=startd_3659648_b5c3>
	SlotName: slot1_18@b9p04p1299.cern.ch
	CondorScratchDir = "/pool/condor/dir_1926572"
	Cpus = 4
	Disk = 10768
	GPUs = 0
	Memory = 12000
...
006 (10610889.616.000) 12/16 14:14:23 Image size of job updated: 40196
	40  -  MemoryUsage of job (MB)
	40196  -  ResidentSetSize of job (KB)
...
006 (10610889.616.000) 12/16 14:19:23 Image size of job updated: 40576
	40  -  MemoryUsage of job (MB)
	40196  -  ResidentSetSize of job (KB)
...
040 (10610889.616.000) 12/16 16:00:21 Started transferring output files
...
040 (10610889.616.000) 12/16 16:00:22 Finished transferring output files
...
005 (10610889.616.000) 12/16 16:00:22 Job terminated.
	(1) Normal termination (return value 0)
		Usr 0 01:44:14, Sys 0 00:00:14  -  Run Remote Usage
		Usr 0 00:00:00, Sys 0 00:00:00  -  Run Local Usage
		Usr 0 01:44:14, Sys 0 00:00:14  -  Total Remote Usage
		Usr 0 00:00:00, Sys 0 00:00:00  -  Total Local Usage
	0  -  Run Bytes Sent By Job
	7584148  -  Run Bytes Received By Job
	0  -  Total Bytes Sent By Job
	7584148  -  Total Bytes Received By Job
	Partitionable Resources :    Usage  Request Allocated 
	   Cpus                 :     0.97        4         4 
	   Disk (KB)            : 33364        7500     10768 
	   GPUs                 :                           0 
	   Memory (MB)          :    40       12000     12000 
	   TimeExecute (s)      :  6372                       
	   TimeSlotBusy (s)     :  6374                       

	Job terminated of its own accord at 2025-12-16T15:00:21Z with exit-code 0.
...
