000 (10613550.399.000) 12/16 14:40:59 Job submitted from host: <188.185.71.83:9618?addrs=188.185.71.83-9618+[2001-1458-d00-7--100-34d]-9618&alias=bigbird18.cern.ch&noUDP&sock=schedd_5052_d48c>
...
040 (10613550.399.000) 12/16 16:01:46 Started transferring input files
	Transferring to host: <188.185.207.67:9618?addrs=188.185.207.67-9618+[2001-1458-303-d--100-40]-9618&alias=b9p07p9028.cern.ch&noUDP&sock=slot1_15_8446_b891_86518>
...
040 (10613550.399.000) 12/16 16:01:46 Finished transferring input files
...
001 (10613550.399.000) 12/16 16:01:46 Job executing on host: <188.185.207.67:9618?addrs=188.185.207.67-9618+[2001-1458-303-d--100-40]-9618&alias=b9p07p9028.cern.ch&noUDP&sock=startd_7097_87b9>
	SlotName: slot1_15@b9p07p9028.cern.ch
	CondorScratchDir = "/pool/condor/dir_2228429"
	Cpus = 4
	Disk = 10644
	GPUs = 0
	Memory = 12000
...
006 (10613550.399.000) 12/16 16:02:00 Image size of job updated: 26244
	26  -  MemoryUsage of job (MB)
	26244  -  ResidentSetSize of job (KB)
...
006 (10613550.399.000) 12/16 16:07:00 Image size of job updated: 26660
	26  -  MemoryUsage of job (MB)
	26244  -  ResidentSetSize of job (KB)
...
006 (10613550.399.000) 12/16 17:50:30 Image size of job updated: 118112
	26  -  MemoryUsage of job (MB)
	26244  -  ResidentSetSize of job (KB)
...
040 (10613550.399.000) 12/16 17:50:31 Started transferring output files
...
040 (10613550.399.000) 12/16 17:50:31 Finished transferring output files
...
005 (10613550.399.000) 12/16 17:50:31 Job terminated.
	(1) Normal termination (return value 0)
		Usr 0 01:45:29, Sys 0 00:00:23  -  Run Remote Usage
		Usr 0 00:00:00, Sys 0 00:00:00  -  Run Local Usage
		Usr 0 01:45:29, Sys 0 00:00:23  -  Total Remote Usage
		Usr 0 00:00:00, Sys 0 00:00:00  -  Total Local Usage
	0  -  Run Bytes Sent By Job
	7584148  -  Run Bytes Received By Job
	0  -  Total Bytes Sent By Job
	7584148  -  Total Bytes Received By Job
	Partitionable Resources :    Usage  Request Allocated 
	   Cpus                 :     0.97        4         4 
	   Disk (KB)            : 32378        7500     10644 
	   GPUs                 :                           0 
	   Memory (MB)          :    26       12000     12000 
	   TimeExecute (s)      :  6524                       
	   TimeSlotBusy (s)     :  6525                       

	Job terminated of its own accord at 2025-12-16T16:50:30Z with exit-code 0.
...
