000 (10610887.130.000) 12/16 07:14:31 Job submitted from host: <188.185.71.83:9618?addrs=188.185.71.83-9618+[2001-1458-d00-7--100-34d]-9618&alias=bigbird18.cern.ch&noUDP&sock=schedd_5052_d48c>
...
040 (10610887.130.000) 12/16 07:44:32 Started transferring input files
	Transferring to host: <188.185.209.12:9618?addrs=188.185.209.12-9618+[2001-1458-303-11--100-9]-9618&alias=b9p11p3922.cern.ch&noUDP&sock=slot1_6_2116563_db4e_67027>
...
040 (10610887.130.000) 12/16 07:44:32 Finished transferring input files
...
001 (10610887.130.000) 12/16 07:44:32 Job executing on host: <188.185.209.12:9618?addrs=188.185.209.12-9618+[2001-1458-303-11--100-9]-9618&alias=b9p11p3922.cern.ch&noUDP&sock=startd_7254_3817>
	SlotName: slot1_6@b9p11p3922.cern.ch
	CondorScratchDir = "/pool/condor/dir_406268"
	Cpus = 4
	Disk = 10874
	GPUs = 0
	Memory = 12000
...
006 (10610887.130.000) 12/16 07:44:46 Image size of job updated: 39628
	39  -  MemoryUsage of job (MB)
	39628  -  ResidentSetSize of job (KB)
...
006 (10610887.130.000) 12/16 07:49:46 Image size of job updated: 40008
	39  -  MemoryUsage of job (MB)
	39628  -  ResidentSetSize of job (KB)
...
006 (10610887.130.000) 12/16 09:13:15 Image size of job updated: 120652
	39  -  MemoryUsage of job (MB)
	39628  -  ResidentSetSize of job (KB)
...
040 (10610887.130.000) 12/16 09:13:16 Started transferring output files
...
040 (10610887.130.000) 12/16 09:13:16 Finished transferring output files
...
005 (10610887.130.000) 12/16 09:13:16 Job terminated.
	(1) Normal termination (return value 0)
		Usr 0 01:27:33, Sys 0 00:00:07  -  Run Remote Usage
		Usr 0 00:00:00, Sys 0 00:00:00  -  Run Local Usage
		Usr 0 01:27:33, Sys 0 00:00:07  -  Total Remote Usage
		Usr 0 00:00:00, Sys 0 00:00:00  -  Total Local Usage
	0  -  Run Bytes Sent By Job
	7584148  -  Run Bytes Received By Job
	0  -  Total Bytes Sent By Job
	7584148  -  Total Bytes Received By Job
	Partitionable Resources :    Usage  Request Allocated 
	   Cpus                 :     0.99        4         4 
	   Disk (KB)            : 33327        7500     10874 
	   GPUs                 :                           0 
	   Memory (MB)          :    39       12000     12000 
	   TimeExecute (s)      :  5323                       
	   TimeSlotBusy (s)     :  5325                       

	Job terminated of its own accord at 2025-12-16T08:13:15Z with exit-code 0.
...
