000 (10610889.993.000) 12/16 07:15:01 Job submitted from host: <188.185.71.83:9618?addrs=188.185.71.83-9618+[2001-1458-d00-7--100-34d]-9618&alias=bigbird18.cern.ch&noUDP&sock=schedd_5052_d48c>
...
040 (10610889.993.000) 12/16 14:27:20 Started transferring input files
	Transferring to host: <188.185.215.161:9618?addrs=188.185.215.161-9618+[2001-1458-303-26--100-1d]-9618&alias=b9p18p1715.cern.ch&noUDP&sock=slot1_9_6376_37fc_83195>
...
040 (10610889.993.000) 12/16 14:27:20 Finished transferring input files
...
001 (10610889.993.000) 12/16 14:27:20 Job executing on host: <188.185.215.161:9618?addrs=188.185.215.161-9618+[2001-1458-303-26--100-1d]-9618&alias=b9p18p1715.cern.ch&noUDP&sock=startd_5119_c964>
	SlotName: slot1_9@b9p18p1715.cern.ch
	CondorScratchDir = "/pool/condor/dir_1037623"
	Cpus = 4
	Disk = 11118
	GPUs = 0
	Memory = 12000
...
006 (10610889.993.000) 12/16 14:27:34 Image size of job updated: 39392
	39  -  MemoryUsage of job (MB)
	39392  -  ResidentSetSize of job (KB)
...
006 (10610889.993.000) 12/16 14:32:35 Image size of job updated: 39420
	39  -  MemoryUsage of job (MB)
	39392  -  ResidentSetSize of job (KB)
...
006 (10610889.993.000) 12/16 17:02:35 Image size of job updated: 119752
	39  -  MemoryUsage of job (MB)
	39392  -  ResidentSetSize of job (KB)
...
040 (10610889.993.000) 12/16 17:02:36 Started transferring output files
...
040 (10610889.993.000) 12/16 17:02:36 Finished transferring output files
...
005 (10610889.993.000) 12/16 17:02:36 Job terminated.
	(1) Normal termination (return value 0)
		Usr 0 02:34:00, Sys 0 00:00:07  -  Run Remote Usage
		Usr 0 00:00:00, Sys 0 00:00:00  -  Run Local Usage
		Usr 0 02:34:00, Sys 0 00:00:07  -  Total Remote Usage
		Usr 0 00:00:00, Sys 0 00:00:00  -  Total Local Usage
	0  -  Run Bytes Sent By Job
	7584148  -  Run Bytes Received By Job
	0  -  Total Bytes Sent By Job
	7584148  -  Total Bytes Received By Job
	Partitionable Resources :    Usage  Request Allocated 
	   Cpus                 :     0.99        4         4 
	   Disk (KB)            : 32945        7500     11118 
	   GPUs                 :                           0 
	   Memory (MB)          :    39       12000     12000 
	   TimeExecute (s)      :  9315                       
	   TimeSlotBusy (s)     :  9316                       

	Job terminated of its own accord at 2025-12-16T16:02:35Z with exit-code 0.
...
