000 (10610887.004.000) 12/16 07:14:30 Job submitted from host: <188.185.71.83:9618?addrs=188.185.71.83-9618+[2001-1458-d00-7--100-34d]-9618&alias=bigbird18.cern.ch&noUDP&sock=schedd_5052_d48c>
...
040 (10610887.004.000) 12/16 07:20:20 Started transferring input files
	Transferring to host: <188.185.214.86:9618?addrs=188.185.214.86-9618+[2001-1458-303-1c--100-52]-9618&alias=b9p29p2890.cern.ch&noUDP&sock=slot1_12_4378_726b_95417>
...
040 (10610887.004.000) 12/16 07:20:20 Finished transferring input files
...
001 (10610887.004.000) 12/16 07:20:20 Job executing on host: <188.185.214.86:9618?addrs=188.185.214.86-9618+[2001-1458-303-1c--100-52]-9618&alias=b9p29p2890.cern.ch&noUDP&sock=startd_3749_14a5>
	SlotName: slot1_12@b9p29p2890.cern.ch
	CondorScratchDir = "/pool/condor/dir_2457164"
	Cpus = 4
	Disk = 10948
	GPUs = 0
	Memory = 12000
...
006 (10610887.004.000) 12/16 07:20:34 Image size of job updated: 37508
	37  -  MemoryUsage of job (MB)
	37508  -  ResidentSetSize of job (KB)
...
006 (10610887.004.000) 12/16 07:25:35 Image size of job updated: 37928
	37  -  MemoryUsage of job (MB)
	37508  -  ResidentSetSize of job (KB)
...
006 (10610887.004.000) 12/16 09:03:04 Image size of job updated: 118460
	37  -  MemoryUsage of job (MB)
	37508  -  ResidentSetSize of job (KB)
...
040 (10610887.004.000) 12/16 09:03:05 Started transferring output files
...
040 (10610887.004.000) 12/16 09:03:05 Finished transferring output files
...
005 (10610887.004.000) 12/16 09:03:05 Job terminated.
	(1) Normal termination (return value 0)
		Usr 0 01:41:07, Sys 0 00:00:11  -  Run Remote Usage
		Usr 0 00:00:00, Sys 0 00:00:00  -  Run Local Usage
		Usr 0 01:41:07, Sys 0 00:00:11  -  Total Remote Usage
		Usr 0 00:00:00, Sys 0 00:00:00  -  Total Local Usage
	0  -  Run Bytes Sent By Job
	7584148  -  Run Bytes Received By Job
	0  -  Total Bytes Sent By Job
	7584148  -  Total Bytes Received By Job
	Partitionable Resources :    Usage  Request Allocated 
	   Cpus                 :     0.99        4         4 
	   Disk (KB)            : 33337        7500     10948 
	   GPUs                 :                           0 
	   Memory (MB)          :    37       12000     12000 
	   TimeExecute (s)      :  6164                       
	   TimeSlotBusy (s)     :  6166                       

	Job terminated of its own accord at 2025-12-16T08:03:04Z with exit-code 0.
...
