000 (10610887.658.000) 12/16 07:14:31 Job submitted from host: <188.185.71.83:9618?addrs=188.185.71.83-9618+[2001-1458-d00-7--100-34d]-9618&alias=bigbird18.cern.ch&noUDP&sock=schedd_5052_d48c>
...
040 (10610887.658.000) 12/16 07:54:55 Started transferring input files
	Transferring to host: <188.185.209.174:9618?addrs=188.185.209.174-9618+[2001-1458-303-12--100-2b]-9618&alias=b9p12p6137.cern.ch&noUDP&sock=slot1_35_3741_9f71_76212>
...
040 (10610887.658.000) 12/16 07:54:55 Finished transferring input files
...
001 (10610887.658.000) 12/16 07:54:55 Job executing on host: <188.185.209.174:9618?addrs=188.185.209.174-9618+[2001-1458-303-12--100-2b]-9618&alias=b9p12p6137.cern.ch&noUDP&sock=startd_3295_aca6>
	SlotName: slot1_35@b9p12p6137.cern.ch
	CondorScratchDir = "/pool/condor/dir_332535"
	Cpus = 4
	Disk = 10891
	GPUs = 0
	Memory = 12000
...
006 (10610887.658.000) 12/16 07:55:09 Image size of job updated: 39696
	39  -  MemoryUsage of job (MB)
	39696  -  ResidentSetSize of job (KB)
...
006 (10610887.658.000) 12/16 08:00:10 Image size of job updated: 40100
	39  -  MemoryUsage of job (MB)
	39696  -  ResidentSetSize of job (KB)
...
006 (10610887.658.000) 12/16 09:15:30 Image size of job updated: 120700
	39  -  MemoryUsage of job (MB)
	39696  -  ResidentSetSize of job (KB)
...
040 (10610887.658.000) 12/16 09:15:31 Started transferring output files
...
040 (10610887.658.000) 12/16 09:15:31 Finished transferring output files
...
005 (10610887.658.000) 12/16 09:15:31 Job terminated.
	(1) Normal termination (return value 0)
		Usr 0 01:19:15, Sys 0 00:00:06  -  Run Remote Usage
		Usr 0 00:00:00, Sys 0 00:00:00  -  Run Local Usage
		Usr 0 01:19:15, Sys 0 00:00:06  -  Total Remote Usage
		Usr 0 00:00:00, Sys 0 00:00:00  -  Total Local Usage
	0  -  Run Bytes Sent By Job
	7584148  -  Run Bytes Received By Job
	0  -  Total Bytes Sent By Job
	7584148  -  Total Bytes Received By Job
	Partitionable Resources :    Usage  Request Allocated 
	   Cpus                 :     0.99        4         4 
	   Disk (KB)            : 33206        7500     10891 
	   GPUs                 :                           0 
	   Memory (MB)          :    39       12000     12000 
	   TimeExecute (s)      :  4835                       
	   TimeSlotBusy (s)     :  4836                       

	Job terminated of its own accord at 2025-12-16T08:15:30Z with exit-code 0.
...
