000 (10613550.245.000) 12/16 14:40:59 Job submitted from host: <188.185.71.83:9618?addrs=188.185.71.83-9618+[2001-1458-d00-7--100-34d]-9618&alias=bigbird18.cern.ch&noUDP&sock=schedd_5052_d48c>
...
040 (10613550.245.000) 12/16 15:47:39 Started transferring input files
	Transferring to host: <128.142.196.43:9618?addrs=128.142.196.43-9618+[2001-1458-301-3c--100-29]-9618&alias=b9g32p1430.cern.ch&noUDP&sock=slot1_2_6109_17d1_97677>
...
040 (10613550.245.000) 12/16 15:47:39 Finished transferring input files
...
001 (10613550.245.000) 12/16 15:47:39 Job executing on host: <128.142.196.43:9618?addrs=128.142.196.43-9618+[2001-1458-301-3c--100-29]-9618&alias=b9g32p1430.cern.ch&noUDP&sock=startd_5080_0933>
	SlotName: slot1_2@b9g32p1430.cern.ch
	CondorScratchDir = "/pool/condor/dir_3434620"
	Cpus = 4
	Disk = 10998
	GPUs = 0
	Memory = 12000
...
006 (10613550.245.000) 12/16 15:47:53 Image size of job updated: 38000
	38  -  MemoryUsage of job (MB)
	38000  -  ResidentSetSize of job (KB)
...
006 (10613550.245.000) 12/16 15:52:54 Image size of job updated: 38092
	38  -  MemoryUsage of job (MB)
	38000  -  ResidentSetSize of job (KB)
...
006 (10613550.245.000) 12/16 17:09:01 Image size of job updated: 118620
	38  -  MemoryUsage of job (MB)
	38000  -  ResidentSetSize of job (KB)
...
040 (10613550.245.000) 12/16 17:09:01 Started transferring output files
...
040 (10613550.245.000) 12/16 17:09:02 Finished transferring output files
...
005 (10613550.245.000) 12/16 17:09:02 Job terminated.
	(1) Normal termination (return value 0)
		Usr 0 01:19:11, Sys 0 00:00:08  -  Run Remote Usage
		Usr 0 00:00:00, Sys 0 00:00:00  -  Run Local Usage
		Usr 0 01:19:11, Sys 0 00:00:08  -  Total Remote Usage
		Usr 0 00:00:00, Sys 0 00:00:00  -  Total Local Usage
	0  -  Run Bytes Sent By Job
	7584148  -  Run Bytes Received By Job
	0  -  Total Bytes Sent By Job
	7584148  -  Total Bytes Received By Job
	Partitionable Resources :    Usage  Request Allocated 
	   Cpus                 :     0.99        4         4 
	   Disk (KB)            : 33021        7500     10998 
	   GPUs                 :                           0 
	   Memory (MB)          :    38       12000     12000 
	   TimeExecute (s)      :  4882                       
	   TimeSlotBusy (s)     :  4883                       

	Job terminated of its own accord at 2025-12-16T16:09:01Z with exit-code 0.
...
