000 (10610888.810.000) 12/16 07:14:45 Job submitted from host: <188.185.71.83:9618?addrs=188.185.71.83-9618+[2001-1458-d00-7--100-34d]-9618&alias=bigbird18.cern.ch&noUDP&sock=schedd_5052_d48c>
...
040 (10610888.810.000) 12/16 09:43:24 Started transferring input files
	Transferring to host: <188.185.214.145:9618?addrs=188.185.214.145-9618+[2001-1458-303-1d--100-d]-9618&alias=b9p30p1671.cern.ch&noUDP&sock=slot1_45_7296_7122_94238>
...
040 (10610888.810.000) 12/16 09:43:24 Finished transferring input files
...
001 (10610888.810.000) 12/16 09:43:24 Job executing on host: <188.185.214.145:9618?addrs=188.185.214.145-9618+[2001-1458-303-1d--100-d]-9618&alias=b9p30p1671.cern.ch&noUDP&sock=startd_6631_e497>
	SlotName: slot1_45@b9p30p1671.cern.ch
	CondorScratchDir = "/pool/condor/dir_20124"
	Cpus = 4
	Disk = 10938
	GPUs = 0
	Memory = 12000
...
006 (10610888.810.000) 12/16 09:43:38 Image size of job updated: 40044
	40  -  MemoryUsage of job (MB)
	40044  -  ResidentSetSize of job (KB)
...
006 (10610888.810.000) 12/16 09:48:39 Image size of job updated: 40464
	40  -  MemoryUsage of job (MB)
	40044  -  ResidentSetSize of job (KB)
...
006 (10610888.810.000) 12/16 11:16:07 Image size of job updated: 120996
	40  -  MemoryUsage of job (MB)
	40044  -  ResidentSetSize of job (KB)
...
040 (10610888.810.000) 12/16 11:16:07 Started transferring output files
...
040 (10610888.810.000) 12/16 11:16:08 Finished transferring output files
...
005 (10610888.810.000) 12/16 11:16:08 Job terminated.
	(1) Normal termination (return value 0)
		Usr 0 01:31:26, Sys 0 00:00:08  -  Run Remote Usage
		Usr 0 00:00:00, Sys 0 00:00:00  -  Run Local Usage
		Usr 0 01:31:26, Sys 0 00:00:08  -  Total Remote Usage
		Usr 0 00:00:00, Sys 0 00:00:00  -  Total Local Usage
	0  -  Run Bytes Sent By Job
	7584148  -  Run Bytes Received By Job
	0  -  Total Bytes Sent By Job
	7584148  -  Total Bytes Received By Job
	Partitionable Resources :    Usage  Request Allocated 
	   Cpus                 :     0.99        4         4 
	   Disk (KB)            : 33329        7500     10938 
	   GPUs                 :                           0 
	   Memory (MB)          :    40       12000     12000 
	   TimeExecute (s)      :  5563                       
	   TimeSlotBusy (s)     :  5564                       

	Job terminated of its own accord at 2025-12-16T10:16:07Z with exit-code 0.
...
