000 (10610887.575.000) 12/16 07:14:31 Job submitted from host: <188.185.71.83:9618?addrs=188.185.71.83-9618+[2001-1458-d00-7--100-34d]-9618&alias=bigbird18.cern.ch&noUDP&sock=schedd_5052_d48c>
...
040 (10610887.575.000) 12/16 07:50:58 Started transferring input files
	Transferring to host: <188.185.208.219:9618?addrs=188.185.208.219-9618+[2001-1458-303-10--100-58]-9618&alias=b9p10p7427.cern.ch&noUDP&sock=slot1_15_7540_5cac_76967>
...
040 (10610887.575.000) 12/16 07:50:58 Finished transferring input files
...
001 (10610887.575.000) 12/16 07:50:58 Job executing on host: <188.185.208.219:9618?addrs=188.185.208.219-9618+[2001-1458-303-10--100-58]-9618&alias=b9p10p7427.cern.ch&noUDP&sock=startd_6779_689b>
	SlotName: slot1_15@b9p10p7427.cern.ch
	CondorScratchDir = "/pool/condor/dir_974585"
	Cpus = 4
	Disk = 10905
	GPUs = 0
	Memory = 12000
...
006 (10610887.575.000) 12/16 07:51:12 Image size of job updated: 42152
	42  -  MemoryUsage of job (MB)
	42152  -  ResidentSetSize of job (KB)
...
006 (10610887.575.000) 12/16 07:56:13 Image size of job updated: 42540
	42  -  MemoryUsage of job (MB)
	42152  -  ResidentSetSize of job (KB)
...
006 (10610887.575.000) 12/16 09:18:35 Image size of job updated: 123192
	42  -  MemoryUsage of job (MB)
	42152  -  ResidentSetSize of job (KB)
...
040 (10610887.575.000) 12/16 09:18:36 Started transferring output files
...
040 (10610887.575.000) 12/16 09:18:36 Finished transferring output files
...
005 (10610887.575.000) 12/16 09:18:36 Job terminated.
	(1) Normal termination (return value 0)
		Usr 0 01:26:33, Sys 0 00:00:07  -  Run Remote Usage
		Usr 0 00:00:00, Sys 0 00:00:00  -  Run Local Usage
		Usr 0 01:26:33, Sys 0 00:00:07  -  Total Remote Usage
		Usr 0 00:00:00, Sys 0 00:00:00  -  Total Local Usage
	0  -  Run Bytes Sent By Job
	7584148  -  Run Bytes Received By Job
	0  -  Total Bytes Sent By Job
	7584148  -  Total Bytes Received By Job
	Partitionable Resources :    Usage  Request Allocated 
	   Cpus                 :     0.99        4         4 
	   Disk (KB)            : 33206        7500     10905 
	   GPUs                 :                           0 
	   Memory (MB)          :    42       12000     12000 
	   TimeExecute (s)      :  5257                       
	   TimeSlotBusy (s)     :  5258                       

	Job terminated of its own accord at 2025-12-16T08:18:35Z with exit-code 0.
...
