000 (10610888.153.000) 12/16 07:14:44 Job submitted from host: <188.185.71.83:9618?addrs=188.185.71.83-9618+[2001-1458-d00-7--100-34d]-9618&alias=bigbird18.cern.ch&noUDP&sock=schedd_5052_d48c>
...
040 (10610888.153.000) 12/16 08:55:16 Started transferring input files
	Transferring to host: <188.185.206.180:9618?addrs=188.185.206.180-9618+[2001-1458-303-c--100-31]-9618&alias=b9p06p5479.cern.ch&noUDP&sock=slot1_4_4016_629c_79408>
...
040 (10610888.153.000) 12/16 08:55:16 Finished transferring input files
...
001 (10610888.153.000) 12/16 08:55:16 Job executing on host: <188.185.206.180:9618?addrs=188.185.206.180-9618+[2001-1458-303-c--100-31]-9618&alias=b9p06p5479.cern.ch&noUDP&sock=startd_3557_6276>
	SlotName: slot1_4@b9p06p5479.cern.ch
	CondorScratchDir = "/pool/condor/dir_2597123"
	Cpus = 4
	Disk = 10939
	GPUs = 0
	Memory = 12000
...
006 (10610888.153.000) 12/16 08:55:30 Image size of job updated: 42104
	42  -  MemoryUsage of job (MB)
	42104  -  ResidentSetSize of job (KB)
...
006 (10610888.153.000) 12/16 09:00:31 Image size of job updated: 42512
	42  -  MemoryUsage of job (MB)
	42104  -  ResidentSetSize of job (KB)
...
006 (10610888.153.000) 12/16 10:29:47 Image size of job updated: 123124
	42  -  MemoryUsage of job (MB)
	42104  -  ResidentSetSize of job (KB)
...
040 (10610888.153.000) 12/16 10:29:48 Started transferring output files
...
040 (10610888.153.000) 12/16 10:29:48 Finished transferring output files
...
005 (10610888.153.000) 12/16 10:29:48 Job terminated.
	(1) Normal termination (return value 0)
		Usr 0 01:33:08, Sys 0 00:00:07  -  Run Remote Usage
		Usr 0 00:00:00, Sys 0 00:00:00  -  Run Local Usage
		Usr 0 01:33:08, Sys 0 00:00:07  -  Total Remote Usage
		Usr 0 00:00:00, Sys 0 00:00:00  -  Total Local Usage
	0  -  Run Bytes Sent By Job
	7584148  -  Run Bytes Received By Job
	0  -  Total Bytes Sent By Job
	7584148  -  Total Bytes Received By Job
	Partitionable Resources :    Usage  Request Allocated 
	   Cpus                 :     0.99        4         4 
	   Disk (KB)            : 33507        7500     10939 
	   GPUs                 :                           0 
	   Memory (MB)          :    42       12000     12000 
	   TimeExecute (s)      :  5671                       
	   TimeSlotBusy (s)     :  5672                       

	Job terminated of its own accord at 2025-12-16T09:29:47Z with exit-code 0.
...
