000 (10610889.854.000) 12/16 07:15:01 Job submitted from host: <188.185.71.83:9618?addrs=188.185.71.83-9618+[2001-1458-d00-7--100-34d]-9618&alias=bigbird18.cern.ch&noUDP&sock=schedd_5052_d48c>
...
040 (10610889.854.000) 12/16 14:26:33 Started transferring input files
	Transferring to host: <188.185.213.175:9618?addrs=188.185.213.175-9618+[2001-1458-303-1b--100-2b]-9618&alias=b9p28p0795.cern.ch&noUDP&sock=slot1_6_5100_2948_108616>
...
040 (10610889.854.000) 12/16 14:26:33 Finished transferring input files
...
001 (10610889.854.000) 12/16 14:26:33 Job executing on host: <188.185.213.175:9618?addrs=188.185.213.175-9618+[2001-1458-303-1b--100-2b]-9618&alias=b9p28p0795.cern.ch&noUDP&sock=startd_4149_7287>
	SlotName: slot1_6@b9p28p0795.cern.ch
	CondorScratchDir = "/pool/condor/dir_2360803"
	Cpus = 4
	Disk = 11025
	GPUs = 0
	Memory = 12000
...
006 (10610889.854.000) 12/16 14:26:47 Image size of job updated: 38004
	38  -  MemoryUsage of job (MB)
	38004  -  ResidentSetSize of job (KB)
...
006 (10610889.854.000) 12/16 14:31:48 Image size of job updated: 38424
	38  -  MemoryUsage of job (MB)
	38004  -  ResidentSetSize of job (KB)
...
040 (10610889.854.000) 12/16 15:48:54 Started transferring output files
...
040 (10610889.854.000) 12/16 15:48:54 Finished transferring output files
...
005 (10610889.854.000) 12/16 15:48:54 Job terminated.
	(1) Normal termination (return value 0)
		Usr 0 01:21:23, Sys 0 00:00:06  -  Run Remote Usage
		Usr 0 00:00:00, Sys 0 00:00:00  -  Run Local Usage
		Usr 0 01:21:23, Sys 0 00:00:06  -  Total Remote Usage
		Usr 0 00:00:00, Sys 0 00:00:00  -  Total Local Usage
	0  -  Run Bytes Sent By Job
	7584148  -  Run Bytes Received By Job
	0  -  Total Bytes Sent By Job
	7584148  -  Total Bytes Received By Job
	Partitionable Resources :    Usage  Request Allocated 
	   Cpus                 :     0.99        4         4 
	   Disk (KB)            : 33656        7500     11025 
	   GPUs                 :                           0 
	   Memory (MB)          :    38       12000     12000 
	   TimeExecute (s)      :  4940                       
	   TimeSlotBusy (s)     :  4941                       

	Job terminated of its own accord at 2025-12-16T14:48:53Z with exit-code 0.
...
