000 (10610888.800.000) 12/16 07:14:45 Job submitted from host: <188.185.71.83:9618?addrs=188.185.71.83-9618+[2001-1458-d00-7--100-34d]-9618&alias=bigbird18.cern.ch&noUDP&sock=schedd_5052_d48c>
...
040 (10610888.800.000) 12/16 09:43:04 Started transferring input files
	Transferring to host: <188.185.206.76:9618?addrs=188.185.206.76-9618+[2001-1458-303-b--100-49]-9618&alias=b9p05p9525.cern.ch&noUDP&sock=slot1_11_4854_d4fe_78920>
...
040 (10610888.800.000) 12/16 09:43:04 Finished transferring input files
...
001 (10610888.800.000) 12/16 09:43:04 Job executing on host: <188.185.206.76:9618?addrs=188.185.206.76-9618+[2001-1458-303-b--100-49]-9618&alias=b9p05p9525.cern.ch&noUDP&sock=startd_4091_aa09>
	SlotName: slot1_11@b9p05p9525.cern.ch
	CondorScratchDir = "/pool/condor/dir_1368064"
	Cpus = 4
	Disk = 11038
	GPUs = 0
	Memory = 12000
...
006 (10610888.800.000) 12/16 09:43:18 Image size of job updated: 40172
	40  -  MemoryUsage of job (MB)
	40172  -  ResidentSetSize of job (KB)
...
006 (10610888.800.000) 12/16 09:48:19 Image size of job updated: 40204
	40  -  MemoryUsage of job (MB)
	40172  -  ResidentSetSize of job (KB)
...
040 (10610888.800.000) 12/16 11:17:24 Started transferring output files
...
040 (10610888.800.000) 12/16 11:17:24 Finished transferring output files
...
005 (10610888.800.000) 12/16 11:17:24 Job terminated.
	(1) Normal termination (return value 0)
		Usr 0 01:32:36, Sys 0 00:00:09  -  Run Remote Usage
		Usr 0 00:00:00, Sys 0 00:00:00  -  Run Local Usage
		Usr 0 01:32:36, Sys 0 00:00:09  -  Total Remote Usage
		Usr 0 00:00:00, Sys 0 00:00:00  -  Total Local Usage
	0  -  Run Bytes Sent By Job
	7584148  -  Run Bytes Received By Job
	0  -  Total Bytes Sent By Job
	7584148  -  Total Bytes Received By Job
	Partitionable Resources :    Usage  Request Allocated 
	   Cpus                 :     0.99        4         4 
	   Disk (KB)            : 32240        7500     11038 
	   GPUs                 :                           0 
	   Memory (MB)          :    40       12000     12000 
	   TimeExecute (s)      :  5659                       
	   TimeSlotBusy (s)     :  5660                       

	Job terminated of its own accord at 2025-12-16T10:17:23Z with exit-code 0.
...
