000 (10610889.749.000) 12/16 07:15:01 Job submitted from host: <188.185.71.83:9618?addrs=188.185.71.83-9618+[2001-1458-d00-7--100-34d]-9618&alias=bigbird18.cern.ch&noUDP&sock=schedd_5052_d48c>
...
040 (10610889.749.000) 12/16 14:26:00 Started transferring input files
	Transferring to host: <188.185.215.176:9618?addrs=188.185.215.176-9618+[2001-1458-303-26--100-2c]-9618&alias=b9p18p7146.cern.ch&noUDP&sock=slot1_26_1384226_309a_13330>
...
040 (10610889.749.000) 12/16 14:26:00 Finished transferring input files
...
001 (10610889.749.000) 12/16 14:26:00 Job executing on host: <188.185.215.176:9618?addrs=188.185.215.176-9618+[2001-1458-303-26--100-2c]-9618&alias=b9p18p7146.cern.ch&noUDP&sock=startd_7282_6cbe>
	SlotName: slot1_26@b9p18p7146.cern.ch
	CondorScratchDir = "/pool/condor/dir_1406018"
	Cpus = 4
	Disk = 10930
	GPUs = 0
	Memory = 12000
...
006 (10610889.749.000) 12/16 14:26:14 Image size of job updated: 42136
	42  -  MemoryUsage of job (MB)
	42136  -  ResidentSetSize of job (KB)
...
006 (10610889.749.000) 12/16 14:31:15 Image size of job updated: 42228
	42  -  MemoryUsage of job (MB)
	42136  -  ResidentSetSize of job (KB)
...
040 (10610889.749.000) 12/16 15:47:06 Started transferring output files
...
040 (10610889.749.000) 12/16 15:47:06 Finished transferring output files
...
005 (10610889.749.000) 12/16 15:47:06 Job terminated.
	(1) Normal termination (return value 0)
		Usr 0 01:20:01, Sys 0 00:00:10  -  Run Remote Usage
		Usr 0 00:00:00, Sys 0 00:00:00  -  Run Local Usage
		Usr 0 01:20:01, Sys 0 00:00:10  -  Total Remote Usage
		Usr 0 00:00:00, Sys 0 00:00:00  -  Total Local Usage
	0  -  Run Bytes Sent By Job
	7584148  -  Run Bytes Received By Job
	0  -  Total Bytes Sent By Job
	7584148  -  Total Bytes Received By Job
	Partitionable Resources :    Usage  Request Allocated 
	   Cpus                 :     0.99        4         4 
	   Disk (KB)            : 32927        7500     10930 
	   GPUs                 :                           0 
	   Memory (MB)          :    42       12000     12000 
	   TimeExecute (s)      :  4865                       
	   TimeSlotBusy (s)     :  4868                       

	Job terminated of its own accord at 2025-12-16T14:47:05Z with exit-code 0.
...
