000 (10610887.107.000) 12/16 07:14:31 Job submitted from host: <188.185.71.83:9618?addrs=188.185.71.83-9618+[2001-1458-d00-7--100-34d]-9618&alias=bigbird18.cern.ch&noUDP&sock=schedd_5052_d48c>
...
040 (10610887.107.000) 12/16 07:44:25 Started transferring input files
	Transferring to host: <188.185.213.164:9618?addrs=188.185.213.164-9618+[2001-1458-303-1b--100-20]-9618&alias=b9p28p4074.cern.ch&noUDP&sock=slot1_11_4016_629c_91607>
...
040 (10610887.107.000) 12/16 07:44:25 Finished transferring input files
...
001 (10610887.107.000) 12/16 07:44:25 Job executing on host: <188.185.213.164:9618?addrs=188.185.213.164-9618+[2001-1458-303-1b--100-20]-9618&alias=b9p28p4074.cern.ch&noUDP&sock=startd_3378_9b02>
	SlotName: slot1_11@b9p28p4074.cern.ch
	CondorScratchDir = "/pool/condor/dir_2029067"
	Cpus = 4
	Disk = 11044
	GPUs = 0
	Memory = 12000
...
006 (10610887.107.000) 12/16 07:44:39 Image size of job updated: 38032
	38  -  MemoryUsage of job (MB)
	38032  -  ResidentSetSize of job (KB)
...
006 (10610887.107.000) 12/16 07:49:40 Image size of job updated: 38120
	38  -  MemoryUsage of job (MB)
	38032  -  ResidentSetSize of job (KB)
...
006 (10610887.107.000) 12/16 09:14:48 Image size of job updated: 118700
	116  -  MemoryUsage of job (MB)
	118700  -  ResidentSetSize of job (KB)
...
040 (10610887.107.000) 12/16 09:14:52 Started transferring output files
...
040 (10610887.107.000) 12/16 09:14:53 Finished transferring output files
...
005 (10610887.107.000) 12/16 09:14:53 Job terminated.
	(1) Normal termination (return value 0)
		Usr 0 01:29:23, Sys 0 00:00:09  -  Run Remote Usage
		Usr 0 00:00:00, Sys 0 00:00:00  -  Run Local Usage
		Usr 0 01:29:23, Sys 0 00:00:09  -  Total Remote Usage
		Usr 0 00:00:00, Sys 0 00:00:00  -  Total Local Usage
	0  -  Run Bytes Sent By Job
	7584148  -  Run Bytes Received By Job
	0  -  Total Bytes Sent By Job
	7584148  -  Total Bytes Received By Job
	Partitionable Resources :    Usage  Request Allocated 
	   Cpus                 :     0.98        4         4 
	   Disk (KB)            : 33222        7500     11044 
	   GPUs                 :                           0 
	   Memory (MB)          :   116       12000     12000 
	   TimeExecute (s)      :  5427                       
	   TimeSlotBusy (s)     :  5429                       

	Job terminated of its own accord at 2025-12-16T08:14:52Z with exit-code 0.
...
