000 (10610889.978.000) 12/16 07:15:01 Job submitted from host: <188.185.71.83:9618?addrs=188.185.71.83-9618+[2001-1458-d00-7--100-34d]-9618&alias=bigbird18.cern.ch&noUDP&sock=schedd_5052_d48c>
...
040 (10610889.978.000) 12/16 14:27:14 Started transferring input files
	Transferring to host: <188.185.213.12:9618?addrs=188.185.213.12-9618+[2001-1458-303-1a--100-8]-9618&alias=b9p27p7000.cern.ch&noUDP&sock=slot1_11_3957_d07a_92177>
...
040 (10610889.978.000) 12/16 14:27:14 Finished transferring input files
...
001 (10610889.978.000) 12/16 14:27:14 Job executing on host: <188.185.213.12:9618?addrs=188.185.213.12-9618+[2001-1458-303-1a--100-8]-9618&alias=b9p27p7000.cern.ch&noUDP&sock=startd_3308_9761>
	SlotName: slot1_11@b9p27p7000.cern.ch
	CondorScratchDir = "/pool/condor/dir_1835631"
	Cpus = 4
	Disk = 10875
	GPUs = 0
	Memory = 12000
...
006 (10610889.978.000) 12/16 14:27:28 Image size of job updated: 27256
	27  -  MemoryUsage of job (MB)
	27256  -  ResidentSetSize of job (KB)
...
006 (10610889.978.000) 12/16 14:32:29 Image size of job updated: 27348
	27  -  MemoryUsage of job (MB)
	27256  -  ResidentSetSize of job (KB)
...
006 (10610889.978.000) 12/16 15:52:35 Image size of job updated: 118732
	27  -  MemoryUsage of job (MB)
	27256  -  ResidentSetSize of job (KB)
...
040 (10610889.978.000) 12/16 15:52:36 Started transferring output files
...
040 (10610889.978.000) 12/16 15:52:36 Finished transferring output files
...
005 (10610889.978.000) 12/16 15:52:36 Job terminated.
	(1) Normal termination (return value 0)
		Usr 0 01:24:10, Sys 0 00:00:09  -  Run Remote Usage
		Usr 0 00:00:00, Sys 0 00:00:00  -  Run Local Usage
		Usr 0 01:24:10, Sys 0 00:00:09  -  Total Remote Usage
		Usr 0 00:00:00, Sys 0 00:00:00  -  Total Local Usage
	0  -  Run Bytes Sent By Job
	7584148  -  Run Bytes Received By Job
	0  -  Total Bytes Sent By Job
	7584148  -  Total Bytes Received By Job
	Partitionable Resources :    Usage  Request Allocated 
	   Cpus                 :     0.99        4         4 
	   Disk (KB)            : 32436        7500     10875 
	   GPUs                 :                           0 
	   Memory (MB)          :    27       12000     12000 
	   TimeExecute (s)      :  5121                       
	   TimeSlotBusy (s)     :  5122                       

	Job terminated of its own accord at 2025-12-16T14:52:35Z with exit-code 0.
...
