000 (10610889.728.000) 12/16 07:15:01 Job submitted from host: <188.185.71.83:9618?addrs=188.185.71.83-9618+[2001-1458-d00-7--100-34d]-9618&alias=bigbird18.cern.ch&noUDP&sock=schedd_5052_d48c>
...
040 (10610889.728.000) 12/16 14:25:52 Started transferring input files
	Transferring to host: <188.185.213.142:9618?addrs=188.185.213.142-9618+[2001-1458-303-1b--100-a]-9618&alias=b9p28p1864.cern.ch&noUDP&sock=slot1_7_4663_4157_112437>
...
040 (10610889.728.000) 12/16 14:25:52 Finished transferring input files
...
001 (10610889.728.000) 12/16 14:25:52 Job executing on host: <188.185.213.142:9618?addrs=188.185.213.142-9618+[2001-1458-303-1b--100-a]-9618&alias=b9p28p1864.cern.ch&noUDP&sock=startd_3914_41c5>
	SlotName: slot1_7@b9p28p1864.cern.ch
	CondorScratchDir = "/pool/condor/dir_567672"
	Cpus = 4
	Disk = 10937
	GPUs = 0
	Memory = 12000
...
006 (10610889.728.000) 12/16 14:26:06 Image size of job updated: 37492
	37  -  MemoryUsage of job (MB)
	37492  -  ResidentSetSize of job (KB)
...
006 (10610889.728.000) 12/16 14:31:07 Image size of job updated: 37912
	37  -  MemoryUsage of job (MB)
	37492  -  ResidentSetSize of job (KB)
...
006 (10610889.728.000) 12/16 15:36:14 Image size of job updated: 44764
	44  -  MemoryUsage of job (MB)
	44764  -  ResidentSetSize of job (KB)
...
006 (10610889.728.000) 12/16 15:41:03 Image size of job updated: 126544
	44  -  MemoryUsage of job (MB)
	44764  -  ResidentSetSize of job (KB)
...
040 (10610889.728.000) 12/16 15:41:03 Started transferring output files
...
040 (10610889.728.000) 12/16 15:41:04 Finished transferring output files
...
005 (10610889.728.000) 12/16 15:41:04 Job terminated.
	(1) Normal termination (return value 0)
		Usr 0 01:14:31, Sys 0 00:00:04  -  Run Remote Usage
		Usr 0 00:00:00, Sys 0 00:00:00  -  Run Local Usage
		Usr 0 01:14:31, Sys 0 00:00:04  -  Total Remote Usage
		Usr 0 00:00:00, Sys 0 00:00:00  -  Total Local Usage
	0  -  Run Bytes Sent By Job
	7584148  -  Run Bytes Received By Job
	0  -  Total Bytes Sent By Job
	7584148  -  Total Bytes Received By Job
	Partitionable Resources :    Usage  Request Allocated 
	   Cpus                 :     0.99        4         4 
	   Disk (KB)            : 33093        7500     10937 
	   GPUs                 :                           0 
	   Memory (MB)          :    44       12000     12000 
	   TimeExecute (s)      :  4511                       
	   TimeSlotBusy (s)     :  4513                       

	Job terminated of its own accord at 2025-12-16T14:41:03Z with exit-code 0.
...
