000 (10610887.850.000) 12/16 07:14:32 Job submitted from host: <188.185.71.83:9618?addrs=188.185.71.83-9618+[2001-1458-d00-7--100-34d]-9618&alias=bigbird18.cern.ch&noUDP&sock=schedd_5052_d48c>
...
040 (10610887.850.000) 12/16 07:59:40 Started transferring input files
	Transferring to host: <188.185.196.94:9618?addrs=188.185.196.94-9618+[2001-1458-303-23--100-5a]-9618&alias=b9p16p7302.cern.ch&noUDP&sock=slot1_5_8945_4fc5_79205>
...
040 (10610887.850.000) 12/16 07:59:40 Finished transferring input files
...
001 (10610887.850.000) 12/16 07:59:40 Job executing on host: <188.185.196.94:9618?addrs=188.185.196.94-9618+[2001-1458-303-23--100-5a]-9618&alias=b9p16p7302.cern.ch&noUDP&sock=startd_7817_63e9>
	SlotName: slot1_5@b9p16p7302.cern.ch
	CondorScratchDir = "/pool/condor/dir_430430"
	Cpus = 4
	Disk = 10961
	GPUs = 0
	Memory = 12000
...
006 (10610887.850.000) 12/16 07:59:54 Image size of job updated: 40064
	40  -  MemoryUsage of job (MB)
	40064  -  ResidentSetSize of job (KB)
...
006 (10610887.850.000) 12/16 08:04:55 Image size of job updated: 40484
	40  -  MemoryUsage of job (MB)
	40064  -  ResidentSetSize of job (KB)
...
040 (10610887.850.000) 12/16 09:35:02 Started transferring output files
...
040 (10610887.850.000) 12/16 09:35:02 Finished transferring output files
...
005 (10610887.850.000) 12/16 09:35:02 Job terminated.
	(1) Normal termination (return value 0)
		Usr 0 01:34:23, Sys 0 00:00:08  -  Run Remote Usage
		Usr 0 00:00:00, Sys 0 00:00:00  -  Run Local Usage
		Usr 0 01:34:23, Sys 0 00:00:08  -  Total Remote Usage
		Usr 0 00:00:00, Sys 0 00:00:00  -  Total Local Usage
	0  -  Run Bytes Sent By Job
	7584148  -  Run Bytes Received By Job
	0  -  Total Bytes Sent By Job
	7584148  -  Total Bytes Received By Job
	Partitionable Resources :    Usage  Request Allocated 
	   Cpus                 :     0.99        4         4 
	   Disk (KB)            : 33527        7500     10961 
	   GPUs                 :                           0 
	   Memory (MB)          :    40       12000     12000 
	   TimeExecute (s)      :  5721                       
	   TimeSlotBusy (s)     :  5723                       

	Job terminated of its own accord at 2025-12-16T08:35:01Z with exit-code 0.
...
