000 (10613549.115.000) 12/16 14:40:44 Job submitted from host: <188.185.71.83:9618?addrs=188.185.71.83-9618+[2001-1458-d00-7--100-34d]-9618&alias=bigbird18.cern.ch&noUDP&sock=schedd_5052_d48c>
...
040 (10613549.115.000) 12/16 15:05:01 Started transferring input files
	Transferring to host: <128.142.161.90:9618?addrs=128.142.161.90-9618+[2001-1458-301-b8--100-18]-9618&alias=b9g03p4505.cern.ch&noUDP&sock=slot1_15_3785899_1579_93550>
...
040 (10613549.115.000) 12/16 15:05:01 Finished transferring input files
...
001 (10613549.115.000) 12/16 15:05:01 Job executing on host: <128.142.161.90:9618?addrs=128.142.161.90-9618+[2001-1458-301-b8--100-18]-9618&alias=b9g03p4505.cern.ch&noUDP&sock=startd_2580_3e6e>
	SlotName: slot1_15@b9g03p4505.cern.ch
	CondorScratchDir = "/pool/condor/dir_3819824"
	Cpus = 4
	Disk = 11195
	GPUs = 0
	Memory = 12000
...
006 (10613549.115.000) 12/16 15:05:15 Image size of job updated: 40052
	40  -  MemoryUsage of job (MB)
	40052  -  ResidentSetSize of job (KB)
...
006 (10613549.115.000) 12/16 15:10:16 Image size of job updated: 40472
	40  -  MemoryUsage of job (MB)
	40052  -  ResidentSetSize of job (KB)
...
040 (10613549.115.000) 12/16 16:37:25 Started transferring output files
...
040 (10613549.115.000) 12/16 16:37:25 Finished transferring output files
...
005 (10613549.115.000) 12/16 16:37:25 Job terminated.
	(1) Normal termination (return value 0)
		Usr 0 01:31:47, Sys 0 00:00:04  -  Run Remote Usage
		Usr 0 00:00:00, Sys 0 00:00:00  -  Run Local Usage
		Usr 0 01:31:47, Sys 0 00:00:04  -  Total Remote Usage
		Usr 0 00:00:00, Sys 0 00:00:00  -  Total Local Usage
	0  -  Run Bytes Sent By Job
	7584148  -  Run Bytes Received By Job
	0  -  Total Bytes Sent By Job
	7584148  -  Total Bytes Received By Job
	Partitionable Resources :    Usage  Request Allocated 
	   Cpus                 :     1.00        4         4 
	   Disk (KB)            : 32366        7500     11195 
	   GPUs                 :                           0 
	   Memory (MB)          :    40       12000     12000 
	   TimeExecute (s)      :  5544                       
	   TimeSlotBusy (s)     :  5544                       

	Job terminated of its own accord at 2025-12-16T15:37:25Z with exit-code 0.
...
