000 (10610888.684.000) 12/16 07:14:44 Job submitted from host: <188.185.71.83:9618?addrs=188.185.71.83-9618+[2001-1458-d00-7--100-34d]-9618&alias=bigbird18.cern.ch&noUDP&sock=schedd_5052_d48c>
...
040 (10610888.684.000) 12/16 09:35:13 Started transferring input files
	Transferring to host: <188.185.210.210:9618?addrs=188.185.210.210-9618+[2001-1458-303-15--100-4e]-9618&alias=b9p22p2036.cern.ch&noUDP&sock=slot1_4_7350_7d64_92348>
...
001 (10610888.684.000) 12/16 09:35:14 Job executing on host: <188.185.210.210:9618?addrs=188.185.210.210-9618+[2001-1458-303-15--100-4e]-9618&alias=b9p22p2036.cern.ch&noUDP&sock=startd_6921_cf0e>
	SlotName: slot1_4@b9p22p2036.cern.ch
	CondorScratchDir = "/pool/condor/dir_109933"
	Cpus = 4
	Disk = 11090
	GPUs = 0
	Memory = 12000
...
040 (10610888.684.000) 12/16 09:35:14 Finished transferring input files
...
006 (10610888.684.000) 12/16 09:35:28 Image size of job updated: 40080
	40  -  MemoryUsage of job (MB)
	40080  -  ResidentSetSize of job (KB)
...
006 (10610888.684.000) 12/16 09:40:29 Image size of job updated: 40500
	40  -  MemoryUsage of job (MB)
	40080  -  ResidentSetSize of job (KB)
...
006 (10610888.684.000) 12/16 11:12:33 Image size of job updated: 121036
	40  -  MemoryUsage of job (MB)
	40080  -  ResidentSetSize of job (KB)
...
040 (10610888.684.000) 12/16 11:12:33 Started transferring output files
...
040 (10610888.684.000) 12/16 11:12:33 Finished transferring output files
...
005 (10610888.684.000) 12/16 11:12:33 Job terminated.
	(1) Normal termination (return value 0)
		Usr 0 01:35:59, Sys 0 00:00:09  -  Run Remote Usage
		Usr 0 00:00:00, Sys 0 00:00:00  -  Run Local Usage
		Usr 0 01:35:59, Sys 0 00:00:09  -  Total Remote Usage
		Usr 0 00:00:00, Sys 0 00:00:00  -  Total Local Usage
	0  -  Run Bytes Sent By Job
	7584148  -  Run Bytes Received By Job
	0  -  Total Bytes Sent By Job
	7584148  -  Total Bytes Received By Job
	Partitionable Resources :    Usage  Request Allocated 
	   Cpus                 :     0.99        4         4 
	   Disk (KB)            : 33873        7500     11090 
	   GPUs                 :                           0 
	   Memory (MB)          :    40       12000     12000 
	   TimeExecute (s)      :  5840                       
	   TimeSlotBusy (s)     :  5840                       

	Job terminated of its own accord at 2025-12-16T10:12:33Z with exit-code 0.
...
