000 (10613549.290.000) 12/16 14:40:44 Job submitted from host: <188.185.71.83:9618?addrs=188.185.71.83-9618+[2001-1458-d00-7--100-34d]-9618&alias=bigbird18.cern.ch&noUDP&sock=schedd_5052_d48c>
...
040 (10613549.290.000) 12/16 15:29:12 Started transferring input files
	Transferring to host: <188.185.215.193:9618?addrs=188.185.215.193-9618+[2001-1458-303-26--100-3d]-9618&alias=b9p18p8514.cern.ch&noUDP&sock=slot1_12_9889_71eb_95224>
...
040 (10613549.290.000) 12/16 15:29:12 Finished transferring input files
...
001 (10613549.290.000) 12/16 15:29:12 Job executing on host: <188.185.215.193:9618?addrs=188.185.215.193-9618+[2001-1458-303-26--100-3d]-9618&alias=b9p18p8514.cern.ch&noUDP&sock=startd_9167_60c4>
	SlotName: slot1_12@b9p18p8514.cern.ch
	CondorScratchDir = "/pool/condor/dir_3725284"
	Cpus = 4
	Disk = 11040
	GPUs = 0
	Memory = 12000
...
006 (10613549.290.000) 12/16 15:29:26 Image size of job updated: 40080
	40  -  MemoryUsage of job (MB)
	40080  -  ResidentSetSize of job (KB)
...
006 (10613549.290.000) 12/16 15:34:27 Image size of job updated: 40504
	40  -  MemoryUsage of job (MB)
	40080  -  ResidentSetSize of job (KB)
...
040 (10613549.290.000) 12/16 16:51:45 Started transferring output files
...
040 (10613549.290.000) 12/16 16:51:46 Finished transferring output files
...
005 (10613549.290.000) 12/16 16:51:46 Job terminated.
	(1) Normal termination (return value 0)
		Usr 0 01:21:26, Sys 0 00:00:09  -  Run Remote Usage
		Usr 0 00:00:00, Sys 0 00:00:00  -  Run Local Usage
		Usr 0 01:21:26, Sys 0 00:00:09  -  Total Remote Usage
		Usr 0 00:00:00, Sys 0 00:00:00  -  Total Local Usage
	0  -  Run Bytes Sent By Job
	7584148  -  Run Bytes Received By Job
	0  -  Total Bytes Sent By Job
	7584148  -  Total Bytes Received By Job
	Partitionable Resources :    Usage  Request Allocated 
	   Cpus                 :     0.99        4         4 
	   Disk (KB)            : 32482        7500     11040 
	   GPUs                 :                           0 
	   Memory (MB)          :    40       12000     12000 
	   TimeExecute (s)      :  4953                       
	   TimeSlotBusy (s)     :  4955                       

	Job terminated of its own accord at 2025-12-16T15:51:45Z with exit-code 0.
...
