000 (10613549.315.000) 12/16 14:40:44 Job submitted from host: <188.185.71.83:9618?addrs=188.185.71.83-9618+[2001-1458-d00-7--100-34d]-9618&alias=bigbird18.cern.ch&noUDP&sock=schedd_5052_d48c>
...
040 (10613549.315.000) 12/16 15:29:19 Started transferring input files
	Transferring to host: <128.142.192.211:9618?addrs=128.142.192.211-9618+[2001-1458-301-56--100-4f]-9618&alias=b9g18p7485.cern.ch&noUDP&sock=slot1_5_3385_c9e3_90064>
...
040 (10613549.315.000) 12/16 15:29:19 Finished transferring input files
...
001 (10613549.315.000) 12/16 15:29:19 Job executing on host: <128.142.192.211:9618?addrs=128.142.192.211-9618+[2001-1458-301-56--100-4f]-9618&alias=b9g18p7485.cern.ch&noUDP&sock=startd_2902_1bed>
	SlotName: slot1_5@b9g18p7485.cern.ch
	CondorScratchDir = "/pool/condor/dir_1519278"
	Cpus = 4
	Disk = 11052
	GPUs = 0
	Memory = 12000
...
006 (10613549.315.000) 12/16 15:29:32 Image size of job updated: 37428
	37  -  MemoryUsage of job (MB)
	37428  -  ResidentSetSize of job (KB)
...
006 (10613549.315.000) 12/16 15:34:32 Image size of job updated: 37848
	37  -  MemoryUsage of job (MB)
	37428  -  ResidentSetSize of job (KB)
...
006 (10613549.315.000) 12/16 17:17:32 Image size of job updated: 118304
	37  -  MemoryUsage of job (MB)
	37428  -  ResidentSetSize of job (KB)
...
040 (10613549.315.000) 12/16 17:17:32 Started transferring output files
...
040 (10613549.315.000) 12/16 17:17:33 Finished transferring output files
...
005 (10613549.315.000) 12/16 17:17:33 Job terminated.
	(1) Normal termination (return value 0)
		Usr 0 01:46:08, Sys 0 00:00:10  -  Run Remote Usage
		Usr 0 00:00:00, Sys 0 00:00:00  -  Run Local Usage
		Usr 0 01:46:08, Sys 0 00:00:10  -  Total Remote Usage
		Usr 0 00:00:00, Sys 0 00:00:00  -  Total Local Usage
	0  -  Run Bytes Sent By Job
	7584148  -  Run Bytes Received By Job
	0  -  Total Bytes Sent By Job
	7584148  -  Total Bytes Received By Job
	Partitionable Resources :    Usage  Request Allocated 
	   Cpus                 :     0.99        4         4 
	   Disk (KB)            : 32770        7500     11052 
	   GPUs                 :                           0 
	   Memory (MB)          :    37       12000     12000 
	   TimeExecute (s)      :  6493                       
	   TimeSlotBusy (s)     :  6494                       

	Job terminated of its own accord at 2025-12-16T16:17:32Z with exit-code 0.
...
