000 (10610889.882.000) 12/16 07:15:01 Job submitted from host: <188.185.71.83:9618?addrs=188.185.71.83-9618+[2001-1458-d00-7--100-34d]-9618&alias=bigbird18.cern.ch&noUDP&sock=schedd_5052_d48c>
...
040 (10610889.882.000) 12/16 14:26:43 Started transferring input files
	Transferring to host: <188.185.214.104:9618?addrs=188.185.214.104-9618+[2001-1458-303-1c--100-64]-9618&alias=b9p29p8825.cern.ch&noUDP&sock=slot1_12_1357926_75ed_14407>
...
040 (10610889.882.000) 12/16 14:26:43 Finished transferring input files
...
001 (10610889.882.000) 12/16 14:26:43 Job executing on host: <188.185.214.104:9618?addrs=188.185.214.104-9618+[2001-1458-303-1c--100-64]-9618&alias=b9p29p8825.cern.ch&noUDP&sock=startd_1357495_3ca4>
	SlotName: slot1_12@b9p29p8825.cern.ch
	CondorScratchDir = "/pool/condor/dir_2386419"
	Cpus = 4
	Disk = 11006
	GPUs = 0
	Memory = 12000
...
006 (10610889.882.000) 12/16 14:26:58 Image size of job updated: 38864
	38  -  MemoryUsage of job (MB)
	38864  -  ResidentSetSize of job (KB)
...
006 (10610889.882.000) 12/16 16:08:45 Image size of job updated: 119900
	38  -  MemoryUsage of job (MB)
	38864  -  ResidentSetSize of job (KB)
...
040 (10610889.882.000) 12/16 16:08:45 Started transferring output files
...
040 (10610889.882.000) 12/16 16:08:46 Finished transferring output files
...
005 (10610889.882.000) 12/16 16:08:46 Job terminated.
	(1) Normal termination (return value 0)
		Usr 0 01:39:15, Sys 0 00:00:23  -  Run Remote Usage
		Usr 0 00:00:00, Sys 0 00:00:00  -  Run Local Usage
		Usr 0 01:39:15, Sys 0 00:00:23  -  Total Remote Usage
		Usr 0 00:00:00, Sys 0 00:00:00  -  Total Local Usage
	0  -  Run Bytes Sent By Job
	7584148  -  Run Bytes Received By Job
	0  -  Total Bytes Sent By Job
	7584148  -  Total Bytes Received By Job
	Partitionable Resources :    Usage  Request Allocated 
	   Cpus                 :     0.98        4         4 
	   Disk (KB)            : 33652        7500     11006 
	   GPUs                 :                           0 
	   Memory (MB)          :    38       12000     12000 
	   TimeExecute (s)      :  6122                       
	   TimeSlotBusy (s)     :  6124                       

	Job terminated of its own accord at 2025-12-16T15:08:45Z with exit-code 0.
...
