000 (10613549.777.000) 12/16 14:40:45 Job submitted from host: <188.185.71.83:9618?addrs=188.185.71.83-9618+[2001-1458-d00-7--100-34d]-9618&alias=bigbird18.cern.ch&noUDP&sock=schedd_5052_d48c>
...
040 (10613549.777.000) 12/16 15:34:03 Started transferring input files
	Transferring to host: <188.185.213.143:9618?addrs=188.185.213.143-9618+[2001-1458-303-1b--100-b]-9618&alias=b9p28p9446.cern.ch&noUDP&sock=slot1_2_4186_2a63_93301>
...
040 (10613549.777.000) 12/16 15:34:03 Finished transferring input files
...
001 (10613549.777.000) 12/16 15:34:03 Job executing on host: <188.185.213.143:9618?addrs=188.185.213.143-9618+[2001-1458-303-1b--100-b]-9618&alias=b9p28p9446.cern.ch&noUDP&sock=startd_3572_ac61>
	SlotName: slot1_2@b9p28p9446.cern.ch
	CondorScratchDir = "/pool/condor/dir_3155200"
	Cpus = 4
	Disk = 11028
	GPUs = 0
	Memory = 12000
...
006 (10613549.777.000) 12/16 15:34:17 Image size of job updated: 37496
	37  -  MemoryUsage of job (MB)
	37496  -  ResidentSetSize of job (KB)
...
006 (10613549.777.000) 12/16 15:39:18 Image size of job updated: 37916
	37  -  MemoryUsage of job (MB)
	37496  -  ResidentSetSize of job (KB)
...
040 (10613549.777.000) 12/16 16:59:27 Started transferring output files
...
040 (10613549.777.000) 12/16 16:59:27 Finished transferring output files
...
005 (10613549.777.000) 12/16 16:59:27 Job terminated.
	(1) Normal termination (return value 0)
		Usr 0 01:24:29, Sys 0 00:00:06  -  Run Remote Usage
		Usr 0 00:00:00, Sys 0 00:00:00  -  Run Local Usage
		Usr 0 01:24:29, Sys 0 00:00:06  -  Total Remote Usage
		Usr 0 00:00:00, Sys 0 00:00:00  -  Total Local Usage
	0  -  Run Bytes Sent By Job
	7584148  -  Run Bytes Received By Job
	0  -  Total Bytes Sent By Job
	7584148  -  Total Bytes Received By Job
	Partitionable Resources :    Usage  Request Allocated 
	   Cpus                 :     0.99        4         4 
	   Disk (KB)            : 32047        7500     11028 
	   GPUs                 :                           0 
	   Memory (MB)          :    37       12000     12000 
	   TimeExecute (s)      :  5124                       
	   TimeSlotBusy (s)     :  5125                       

	Job terminated of its own accord at 2025-12-16T15:59:27Z with exit-code 0.
...
