000 (10610887.039.000) 12/16 07:14:31 Job submitted from host: <188.185.71.83:9618?addrs=188.185.71.83-9618+[2001-1458-d00-7--100-34d]-9618&alias=bigbird18.cern.ch&noUDP&sock=schedd_5052_d48c>
...
040 (10610887.039.000) 12/16 07:20:30 Started transferring input files
	Transferring to host: <188.185.207.40:9618?addrs=188.185.207.40-9618+[2001-1458-303-d--100-25]-9618&alias=b9p07p2176.cern.ch&noUDP&sock=slot1_17_10682_2f6b_84822>
...
040 (10610887.039.000) 12/16 07:20:30 Finished transferring input files
...
001 (10610887.039.000) 12/16 07:20:30 Job executing on host: <188.185.207.40:9618?addrs=188.185.207.40-9618+[2001-1458-303-d--100-25]-9618&alias=b9p07p2176.cern.ch&noUDP&sock=startd_10142_259b>
	SlotName: slot1_17@b9p07p2176.cern.ch
	CondorScratchDir = "/pool/condor/dir_3732253"
	Cpus = 4
	Disk = 10775
	GPUs = 0
	Memory = 12000
...
006 (10610887.039.000) 12/16 07:20:44 Image size of job updated: 39612
	39  -  MemoryUsage of job (MB)
	39612  -  ResidentSetSize of job (KB)
...
006 (10610887.039.000) 12/16 07:25:44 Image size of job updated: 39992
	39  -  MemoryUsage of job (MB)
	39612  -  ResidentSetSize of job (KB)
...
006 (10610887.039.000) 12/16 08:51:34 Image size of job updated: 120640
	39  -  MemoryUsage of job (MB)
	39612  -  ResidentSetSize of job (KB)
...
040 (10610887.039.000) 12/16 08:51:34 Started transferring output files
...
040 (10610887.039.000) 12/16 08:51:35 Finished transferring output files
...
005 (10610887.039.000) 12/16 08:51:35 Job terminated.
	(1) Normal termination (return value 0)
		Usr 0 01:29:33, Sys 0 00:00:10  -  Run Remote Usage
		Usr 0 00:00:00, Sys 0 00:00:00  -  Run Local Usage
		Usr 0 01:29:33, Sys 0 00:00:10  -  Total Remote Usage
		Usr 0 00:00:00, Sys 0 00:00:00  -  Total Local Usage
	0  -  Run Bytes Sent By Job
	7584148  -  Run Bytes Received By Job
	0  -  Total Bytes Sent By Job
	7584148  -  Total Bytes Received By Job
	Partitionable Resources :    Usage  Request Allocated 
	   Cpus                 :     0.98        4         4 
	   Disk (KB)            : 33091        7500     10775 
	   GPUs                 :                           0 
	   Memory (MB)          :    39       12000     12000 
	   TimeExecute (s)      :  5464                       
	   TimeSlotBusy (s)     :  5465                       

	Job terminated of its own accord at 2025-12-16T07:51:34Z with exit-code 0.
...
