000 (10613549.407.000) 12/16 14:40:44 Job submitted from host: <188.185.71.83:9618?addrs=188.185.71.83-9618+[2001-1458-d00-7--100-34d]-9618&alias=bigbird18.cern.ch&noUDP&sock=schedd_5052_d48c>
...
040 (10613549.407.000) 12/16 15:29:50 Started transferring input files
	Transferring to host: <188.185.214.100:9618?addrs=188.185.214.100-9618+[2001-1458-303-1c--100-60]-9618&alias=b9p29p3255.cern.ch&noUDP&sock=slot1_6_1569481_18a8_15027>
...
040 (10613549.407.000) 12/16 15:29:50 Finished transferring input files
...
001 (10613549.407.000) 12/16 15:29:50 Job executing on host: <188.185.214.100:9618?addrs=188.185.214.100-9618+[2001-1458-303-1c--100-60]-9618&alias=b9p29p3255.cern.ch&noUDP&sock=startd_1568930_0f7b>
	SlotName: slot1_6@b9p29p3255.cern.ch
	CondorScratchDir = "/pool/condor/dir_1225989"
	Cpus = 4
	Disk = 10989
	GPUs = 0
	Memory = 12000
...
006 (10613549.407.000) 12/16 15:30:03 Image size of job updated: 37496
	37  -  MemoryUsage of job (MB)
	37496  -  ResidentSetSize of job (KB)
...
006 (10613549.407.000) 12/16 15:35:03 Image size of job updated: 37916
	37  -  MemoryUsage of job (MB)
	37496  -  ResidentSetSize of job (KB)
...
006 (10613549.407.000) 12/16 16:00:05 Image size of job updated: 46256
	46  -  MemoryUsage of job (MB)
	46256  -  ResidentSetSize of job (KB)
...
006 (10613549.407.000) 12/16 16:10:06 Image size of job updated: 46428
	46  -  MemoryUsage of job (MB)
	46428  -  ResidentSetSize of job (KB)
...
040 (10613549.407.000) 12/16 16:43:39 Started transferring output files
...
040 (10613549.407.000) 12/16 16:43:39 Finished transferring output files
...
005 (10613549.407.000) 12/16 16:43:39 Job terminated.
	(1) Normal termination (return value 0)
		Usr 0 01:13:08, Sys 0 00:00:05  -  Run Remote Usage
		Usr 0 00:00:00, Sys 0 00:00:00  -  Run Local Usage
		Usr 0 01:13:08, Sys 0 00:00:05  -  Total Remote Usage
		Usr 0 00:00:00, Sys 0 00:00:00  -  Total Local Usage
	0  -  Run Bytes Sent By Job
	7584148  -  Run Bytes Received By Job
	0  -  Total Bytes Sent By Job
	7584148  -  Total Bytes Received By Job
	Partitionable Resources :    Usage  Request Allocated 
	   Cpus                 :     0.99        4         4 
	   Disk (KB)            : 32846        7500     10989 
	   GPUs                 :                           0 
	   Memory (MB)          :    46       12000     12000 
	   TimeExecute (s)      :  4428                       
	   TimeSlotBusy (s)     :  4429                       

	Job terminated of its own accord at 2025-12-16T15:43:38Z with exit-code 0.
...
