000 (10613550.967.000) 12/16 14:41:00 Job submitted from host: <188.185.71.83:9618?addrs=188.185.71.83-9618+[2001-1458-d00-7--100-34d]-9618&alias=bigbird18.cern.ch&noUDP&sock=schedd_5052_d48c>
...
040 (10613550.967.000) 12/16 16:56:23 Started transferring input files
	Transferring to host: <188.185.211.78:9618?addrs=188.185.211.78-9618+[2001-1458-303-16--100-4a]-9618&alias=b9p23p0131.cern.ch&noUDP&sock=slot1_18_9194_c12f_92532>
...
040 (10613550.967.000) 12/16 16:56:23 Finished transferring input files
...
001 (10613550.967.000) 12/16 16:56:23 Job executing on host: <188.185.211.78:9618?addrs=188.185.211.78-9618+[2001-1458-303-16--100-4a]-9618&alias=b9p23p0131.cern.ch&noUDP&sock=startd_8367_a500>
	SlotName: slot1_18@b9p23p0131.cern.ch
	CondorScratchDir = "/pool/condor/dir_1321420"
	Cpus = 4
	Disk = 10948
	GPUs = 0
	Memory = 12000
...
006 (10613550.967.000) 12/16 16:56:36 Image size of job updated: 37480
	37  -  MemoryUsage of job (MB)
	37480  -  ResidentSetSize of job (KB)
...
006 (10613550.967.000) 12/16 17:01:36 Image size of job updated: 37900
	37  -  MemoryUsage of job (MB)
	37480  -  ResidentSetSize of job (KB)
...
040 (10613550.967.000) 12/16 18:18:22 Started transferring output files
...
040 (10613550.967.000) 12/16 18:18:22 Finished transferring output files
...
005 (10613550.967.000) 12/16 18:18:22 Job terminated.
	(1) Normal termination (return value 0)
		Usr 0 01:21:03, Sys 0 00:00:05  -  Run Remote Usage
		Usr 0 00:00:00, Sys 0 00:00:00  -  Run Local Usage
		Usr 0 01:21:03, Sys 0 00:00:05  -  Total Remote Usage
		Usr 0 00:00:00, Sys 0 00:00:00  -  Total Local Usage
	0  -  Run Bytes Sent By Job
	7584148  -  Run Bytes Received By Job
	0  -  Total Bytes Sent By Job
	7584148  -  Total Bytes Received By Job
	Partitionable Resources :    Usage  Request Allocated 
	   Cpus                 :     0.99        4         4 
	   Disk (KB)            : 33158        7500     10948 
	   GPUs                 :                           0 
	   Memory (MB)          :    37       12000     12000 
	   TimeExecute (s)      :  4918                       
	   TimeSlotBusy (s)     :  4920                       

	Job terminated of its own accord at 2025-12-16T17:18:21Z with exit-code 0.
...
