000 (10613549.776.000) 12/16 14:40:45 Job submitted from host: <188.185.71.83:9618?addrs=188.185.71.83-9618+[2001-1458-d00-7--100-34d]-9618&alias=bigbird18.cern.ch&noUDP&sock=schedd_5052_d48c>
...
040 (10613549.776.000) 12/16 15:34:03 Started transferring input files
	Transferring to host: <188.185.209.150:9618?addrs=188.185.209.150-9618+[2001-1458-303-12--100-13]-9618&alias=b9p12p9730.cern.ch&noUDP&sock=slot1_2_4064_349e_81239>
...
040 (10613549.776.000) 12/16 15:34:03 Finished transferring input files
...
001 (10613549.776.000) 12/16 15:34:03 Job executing on host: <188.185.209.150:9618?addrs=188.185.209.150-9618+[2001-1458-303-12--100-13]-9618&alias=b9p12p9730.cern.ch&noUDP&sock=startd_3609_0d63>
	SlotName: slot1_2@b9p12p9730.cern.ch
	CondorScratchDir = "/pool/condor/dir_1697078"
	Cpus = 4
	Disk = 10886
	GPUs = 0
	Memory = 12000
...
006 (10613549.776.000) 12/16 15:34:17 Image size of job updated: 39236
	39  -  MemoryUsage of job (MB)
	39236  -  ResidentSetSize of job (KB)
...
006 (10613549.776.000) 12/16 15:39:17 Image size of job updated: 39648
	39  -  MemoryUsage of job (MB)
	39236  -  ResidentSetSize of job (KB)
...
040 (10613549.776.000) 12/16 17:03:40 Started transferring output files
...
040 (10613549.776.000) 12/16 17:03:40 Finished transferring output files
...
005 (10613549.776.000) 12/16 17:03:40 Job terminated.
	(1) Normal termination (return value 0)
		Usr 0 01:28:09, Sys 0 00:00:09  -  Run Remote Usage
		Usr 0 00:00:00, Sys 0 00:00:00  -  Run Local Usage
		Usr 0 01:28:09, Sys 0 00:00:09  -  Total Remote Usage
		Usr 0 00:00:00, Sys 0 00:00:00  -  Total Local Usage
	0  -  Run Bytes Sent By Job
	7584148  -  Run Bytes Received By Job
	0  -  Total Bytes Sent By Job
	7584148  -  Total Bytes Received By Job
	Partitionable Resources :    Usage  Request Allocated 
	   Cpus                 :     0.99        4         4 
	   Disk (KB)            : 31909        7500     10886 
	   GPUs                 :                           0 
	   Memory (MB)          :    39       12000     12000 
	   TimeExecute (s)      :  5376                       
	   TimeSlotBusy (s)     :  5378                       

	Job terminated of its own accord at 2025-12-16T16:03:39Z with exit-code 0.
...
