000 (10613550.366.000) 12/16 14:40:59 Job submitted from host: <188.185.71.83:9618?addrs=188.185.71.83-9618+[2001-1458-d00-7--100-34d]-9618&alias=bigbird18.cern.ch&noUDP&sock=schedd_5052_d48c>
...
040 (10613550.366.000) 12/16 15:58:19 Started transferring input files
	Transferring to host: <188.185.206.150:9618?addrs=188.185.206.150-9618+[2001-1458-303-c--100-13]-9618&alias=b9p06p0480.cern.ch&noUDP&sock=slot1_18_4040_4b9d_86221>
...
001 (10613550.366.000) 12/16 15:58:19 Job executing on host: <188.185.206.150:9618?addrs=188.185.206.150-9618+[2001-1458-303-c--100-13]-9618&alias=b9p06p0480.cern.ch&noUDP&sock=startd_3592_6446>
	SlotName: slot1_18@b9p06p0480.cern.ch
	CondorScratchDir = "/pool/condor/dir_992207"
	Cpus = 4
	Disk = 10944
	GPUs = 0
	Memory = 12000
...
040 (10613550.366.000) 12/16 15:58:19 Finished transferring input files
...
006 (10613550.366.000) 12/16 15:58:33 Image size of job updated: 40148
	40  -  MemoryUsage of job (MB)
	40148  -  ResidentSetSize of job (KB)
...
006 (10613550.366.000) 12/16 16:03:33 Image size of job updated: 40528
	40  -  MemoryUsage of job (MB)
	40148  -  ResidentSetSize of job (KB)
...
006 (10613550.366.000) 12/16 17:31:38 Image size of job updated: 121220
	40  -  MemoryUsage of job (MB)
	40148  -  ResidentSetSize of job (KB)
...
040 (10613550.366.000) 12/16 17:31:39 Started transferring output files
...
040 (10613550.366.000) 12/16 17:31:39 Finished transferring output files
...
005 (10613550.366.000) 12/16 17:31:39 Job terminated.
	(1) Normal termination (return value 0)
		Usr 0 01:31:21, Sys 0 00:00:14  -  Run Remote Usage
		Usr 0 00:00:00, Sys 0 00:00:00  -  Run Local Usage
		Usr 0 01:31:21, Sys 0 00:00:14  -  Total Remote Usage
		Usr 0 00:00:00, Sys 0 00:00:00  -  Total Local Usage
	0  -  Run Bytes Sent By Job
	7584148  -  Run Bytes Received By Job
	0  -  Total Bytes Sent By Job
	7584148  -  Total Bytes Received By Job
	Partitionable Resources :    Usage  Request Allocated 
	   Cpus                 :     0.99        4         4 
	   Disk (KB)            : 32836        7500     10944 
	   GPUs                 :                           0 
	   Memory (MB)          :    40       12000     12000 
	   TimeExecute (s)      :  5599                       
	   TimeSlotBusy (s)     :  5600                       

	Job terminated of its own accord at 2025-12-16T16:31:38Z with exit-code 0.
...
