000 (10613549.478.000) 12/16 14:40:45 Job submitted from host: <188.185.71.83:9618?addrs=188.185.71.83-9618+[2001-1458-d00-7--100-34d]-9618&alias=bigbird18.cern.ch&noUDP&sock=schedd_5052_d48c>
...
040 (10613549.478.000) 12/16 15:30:13 Started transferring input files
	Transferring to host: <188.185.210.221:9618?addrs=188.185.210.221-9618+[2001-1458-303-15--100-59]-9618&alias=b9p22p0818.cern.ch&noUDP&sock=slot1_19_7551_1ccc_115362>
...
040 (10613549.478.000) 12/16 15:30:13 Finished transferring input files
...
001 (10613549.478.000) 12/16 15:30:13 Job executing on host: <188.185.210.221:9618?addrs=188.185.210.221-9618+[2001-1458-303-15--100-59]-9618&alias=b9p22p0818.cern.ch&noUDP&sock=startd_6987_144e>
	SlotName: slot1_19@b9p22p0818.cern.ch
	CondorScratchDir = "/pool/condor/dir_2740507"
	Cpus = 4
	Disk = 11031
	GPUs = 0
	Memory = 12000
...
006 (10613549.478.000) 12/16 15:30:27 Image size of job updated: 37480
	37  -  MemoryUsage of job (MB)
	37480  -  ResidentSetSize of job (KB)
...
006 (10613549.478.000) 12/16 15:35:28 Image size of job updated: 37900
	37  -  MemoryUsage of job (MB)
	37480  -  ResidentSetSize of job (KB)
...
006 (10613549.478.000) 12/16 16:46:55 Image size of job updated: 118424
	37  -  MemoryUsage of job (MB)
	37480  -  ResidentSetSize of job (KB)
...
040 (10613549.478.000) 12/16 16:46:56 Started transferring output files
...
040 (10613549.478.000) 12/16 16:46:56 Finished transferring output files
...
005 (10613549.478.000) 12/16 16:46:56 Job terminated.
	(1) Normal termination (return value 0)
		Usr 0 01:15:49, Sys 0 00:00:08  -  Run Remote Usage
		Usr 0 00:00:00, Sys 0 00:00:00  -  Run Local Usage
		Usr 0 01:15:49, Sys 0 00:00:08  -  Total Remote Usage
		Usr 0 00:00:00, Sys 0 00:00:00  -  Total Local Usage
	0  -  Run Bytes Sent By Job
	7584148  -  Run Bytes Received By Job
	0  -  Total Bytes Sent By Job
	7584148  -  Total Bytes Received By Job
	Partitionable Resources :    Usage  Request Allocated 
	   Cpus                 :     0.99        4         4 
	   Disk (KB)            : 32466        7500     11031 
	   GPUs                 :                           0 
	   Memory (MB)          :    37       12000     12000 
	   TimeExecute (s)      :  4602                       
	   TimeSlotBusy (s)     :  4603                       

	Job terminated of its own accord at 2025-12-16T15:46:55Z with exit-code 0.
...
