000 (10613549.064.000) 12/16 14:40:44 Job submitted from host: <188.185.71.83:9618?addrs=188.185.71.83-9618+[2001-1458-d00-7--100-34d]-9618&alias=bigbird18.cern.ch&noUDP&sock=schedd_5052_d48c>
...
040 (10613549.064.000) 12/16 14:55:09 Started transferring input files
	Transferring to host: <128.142.33.201:9618?addrs=128.142.33.201-9618+[2001-1458-301-39--100-6]-9618&alias=b9g24p4713.cern.ch&noUDP&sock=slot1_11_4794_8e7c_96429>
...
040 (10613549.064.000) 12/16 14:55:09 Finished transferring input files
...
001 (10613549.064.000) 12/16 14:55:09 Job executing on host: <128.142.33.201:9618?addrs=128.142.33.201-9618+[2001-1458-301-39--100-6]-9618&alias=b9g24p4713.cern.ch&noUDP&sock=startd_4113_c11e>
	SlotName: slot1_11@b9g24p4713.cern.ch
	CondorScratchDir = "/pool/condor/dir_392504"
	Cpus = 4
	Disk = 11141
	GPUs = 0
	Memory = 12000
...
006 (10613549.064.000) 12/16 14:55:23 Image size of job updated: 40064
	40  -  MemoryUsage of job (MB)
	40064  -  ResidentSetSize of job (KB)
...
006 (10613549.064.000) 12/16 15:00:24 Image size of job updated: 40484
	40  -  MemoryUsage of job (MB)
	40064  -  ResidentSetSize of job (KB)
...
040 (10613549.064.000) 12/16 16:00:51 Started transferring output files
...
040 (10613549.064.000) 12/16 16:00:52 Finished transferring output files
...
005 (10613549.064.000) 12/16 16:00:52 Job terminated.
	(1) Normal termination (return value 0)
		Usr 0 01:04:45, Sys 0 00:00:07  -  Run Remote Usage
		Usr 0 00:00:00, Sys 0 00:00:00  -  Run Local Usage
		Usr 0 01:04:45, Sys 0 00:00:07  -  Total Remote Usage
		Usr 0 00:00:00, Sys 0 00:00:00  -  Total Local Usage
	0  -  Run Bytes Sent By Job
	7584148  -  Run Bytes Received By Job
	0  -  Total Bytes Sent By Job
	7584148  -  Total Bytes Received By Job
	Partitionable Resources :    Usage  Request Allocated 
	   Cpus                 :     0.99        4         4 
	   Disk (KB)            : 31968        7500     11141 
	   GPUs                 :                           0 
	   Memory (MB)          :    40       12000     12000 
	   TimeExecute (s)      :  3942                       
	   TimeSlotBusy (s)     :  3943                       

	Job terminated of its own accord at 2025-12-16T15:00:51Z with exit-code 0.
...
