000 (10610889.830.000) 12/16 07:15:01 Job submitted from host: <188.185.71.83:9618?addrs=188.185.71.83-9618+[2001-1458-d00-7--100-34d]-9618&alias=bigbird18.cern.ch&noUDP&sock=schedd_5052_d48c>
...
040 (10610889.830.000) 12/16 14:26:25 Started transferring input files
	Transferring to host: <188.185.211.102:9618?addrs=188.185.211.102-9618+[2001-1458-303-16--100-62]-9618&alias=b9p23p8574.cern.ch&noUDP&sock=slot1_24_191958_86b7_11425>
...
040 (10610889.830.000) 12/16 14:26:25 Finished transferring input files
...
001 (10610889.830.000) 12/16 14:26:25 Job executing on host: <188.185.211.102:9618?addrs=188.185.211.102-9618+[2001-1458-303-16--100-62]-9618&alias=b9p23p8574.cern.ch&noUDP&sock=startd_191471_c233>
	SlotName: slot1_24@b9p23p8574.cern.ch
	CondorScratchDir = "/pool/condor/dir_2595491"
	Cpus = 4
	Disk = 10933
	GPUs = 0
	Memory = 12000
...
006 (10610889.830.000) 12/16 14:26:41 Image size of job updated: 37528
	37  -  MemoryUsage of job (MB)
	37528  -  ResidentSetSize of job (KB)
...
006 (10610889.830.000) 12/16 14:31:42 Image size of job updated: 37948
	37  -  MemoryUsage of job (MB)
	37528  -  ResidentSetSize of job (KB)
...
006 (10610889.830.000) 12/16 16:17:10 Image size of job updated: 118480
	37  -  MemoryUsage of job (MB)
	37528  -  ResidentSetSize of job (KB)
...
040 (10610889.830.000) 12/16 16:17:11 Started transferring output files
...
040 (10610889.830.000) 12/16 16:17:11 Finished transferring output files
...
005 (10610889.830.000) 12/16 16:17:11 Job terminated.
	(1) Normal termination (return value 0)
		Usr 0 01:48:38, Sys 0 00:00:14  -  Run Remote Usage
		Usr 0 00:00:00, Sys 0 00:00:00  -  Run Local Usage
		Usr 0 01:48:38, Sys 0 00:00:14  -  Total Remote Usage
		Usr 0 00:00:00, Sys 0 00:00:00  -  Total Local Usage
	0  -  Run Bytes Sent By Job
	7584148  -  Run Bytes Received By Job
	0  -  Total Bytes Sent By Job
	7584148  -  Total Bytes Received By Job
	Partitionable Resources :    Usage  Request Allocated 
	   Cpus                 :     0.98        4         4 
	   Disk (KB)            : 32458        7500     10933 
	   GPUs                 :                           0 
	   Memory (MB)          :    37       12000     12000 
	   TimeExecute (s)      :  6645                       
	   TimeSlotBusy (s)     :  6646                       

	Job terminated of its own accord at 2025-12-16T15:17:10Z with exit-code 0.
...
